Detected host target triple: x86_64-pc-linux-gnu
Initializing LLVM targets...
Successfully initialized all LLVM targets
Discovering available targets from LLVM...
Discovered target: xtensa
Discovered target: m68k
Discovered target: xcore
Discovered target: x86-64
Discovered target: x86
Discovered target: wasm64
Discovered target: wasm32
Discovered target: ve
Discovered target: systemz
Discovered target: spirv
Discovered target: spirv64
Discovered target: spirv32
Discovered target: sparcel
Discovered target: sparcv9
Discovered target: sparc
Discovered target: riscv64
Discovered target: riscv32
Discovered target: ppc64le
Discovered target: ppc64
Discovered target: ppc32le
Discovered target: ppc32
Discovered target: nvptx64
Discovered target: nvptx
Discovered target: msp430
Discovered target: mips64el
Discovered target: mips64
Discovered target: mipsel
Discovered target: mips
Discovered target: loongarch64
Discovered target: loongarch32
Discovered target: lanai
Discovered target: hexagon
Discovered target: bpfeb
Discovered target: bpfel
Discovered target: bpf
Discovered target: avr
Discovered target: thumbeb
Discovered target: thumb
Discovered target: armeb
Discovered target: arm
'r600' is not a recognized processor for this target (ignoring processor)
'r600' is not a recognized processor for this target (ignoring processor)
Discovered target: amdgcn
'r600' is not a recognized processor for this target (ignoring processor)
'r600' is not a recognized processor for this target (ignoring processor)
Discovered target: r600
Discovered target: aarch64_32
Discovered target: aarch64_be
Discovered target: aarch64
Discovered target: arm64_32
Discovered target: arm64
Target registry initialized successfully with 47 targets
Supported targets: 47/47
DEBUG: Created ModuleSymbolManager
DEBUG: SemanticAnalyzer created SymbolTable at address: 0x7c65c27f00f0
DEBUG: Created Infinity global variable with linkage: 0
[0] Starting lexical analysis
[1] Starting syntax analysis
DEBUG: Parser::parse() called with 50 tokens for file: moduleA.ts
DEBUG: Parser::parseModule() called
DEBUG: Starting parseModule loop, isAtEnd(): 0
DEBUG: parseModule loop iteration, calling parseStatement()
DEBUG: parseStatement() called
DEBUG: parseStatement returned a statement
DEBUG: parseModule loop iteration, calling parseStatement()
DEBUG: parseStatement() called
DEBUG: Parser found export declaration
DEBUG: Parsing export function declaration
DEBUG: parseStatement() called
DEBUG: Current token in parseStatement: 32
DEBUG: Current token: return(return)
DEBUG: Current token type: 1
DEBUG: Current token type: 1
DEBUG: parseStatement returned a statement
DEBUG: parseModule loop iteration, calling parseStatement()
DEBUG: parseStatement() called
DEBUG: Parser found export declaration
DEBUG: Parsing export function declaration
DEBUG: parseStatement() called
DEBUG: Current token in parseStatement: 32
DEBUG: Current token: return(return)
DEBUG: Current token type: 1
DEBUG: Current token type: 1
DEBUG: parseStatement returned a statement
[2] Starting semantic analysis
DEBUG: *** ANALYZE METHOD CALLED *** for module
DEBUG: *** CALLING performSymbolResolution ***
DEBUG: *** performSymbolResolution CALLED ***
DEBUG: *** CALLING module.accept(*this) ***
DEBUG: Processing import declaration: ./moduleC
DEBUG: Resolved module ./moduleC to moduleC.ts
DEBUG: Created ModuleSymbolTable for module: current_file at path: current_file.ts
DEBUG: Created new ModuleSymbolTable for: current_file.ts
DEBUG: Added module dependency: moduleC.ts
DEBUG: SymbolTable::lookupSymbol searching for 'multiply' starting from scope 0x7cb5c27e0d00
DEBUG: Scope::lookupSymbol searching for 'multiply' in scope 0x7cb5c27e0d00 (type: 0)
DEBUG: Symbol 'multiply' not found in any scope
DEBUG: Not found in parent hierarchy, searching child scopes...
DEBUG: 'multiply' not found in any scope (parent or child)
DEBUG: Added imported symbol: multiply from moduleC.ts
DEBUG: *** EXPORT DECLARATION VISITED *** Processing export declaration: 
DEBUG: Processing default export
DEBUG: Default export is not null
DEBUG: Default export is a Declaration: add
DEBUG: SymbolTable::lookupSymbol searching for 'add' starting from scope 0x7cb5c27e0640
DEBUG: Scope::lookupSymbol searching for 'add' in scope 0x7cb5c27e0640 (type: 0)
DEBUG: Found symbol 'add' in scope 0x7cb5c27e0640
DEBUG: Found 'add' in parent hierarchy
DEBUG: SymbolTable::lookupSymbol searching for 'a' starting from scope 0x7cb5c27e0e80
DEBUG: Scope::lookupSymbol searching for 'a' in scope 0x7cb5c27e0e80 (type: 3)
DEBUG: Symbol not found in scope 0x7cb5c27e0e80, searching parent scope 0x7cb5c27e0dc0
DEBUG: Scope::lookupSymbol searching for 'a' in scope 0x7cb5c27e0dc0 (type: 2)
DEBUG: Found symbol 'a' in scope 0x7cb5c27e0dc0
DEBUG: Found 'a' in parent hierarchy
DEBUG: SymbolTable::lookupSymbol searching for 'b' starting from scope 0x7cb5c27e0e80
DEBUG: Scope::lookupSymbol searching for 'b' in scope 0x7cb5c27e0e80 (type: 3)
DEBUG: Symbol not found in scope 0x7cb5c27e0e80, searching parent scope 0x7cb5c27e0dc0
DEBUG: Scope::lookupSymbol searching for 'b' in scope 0x7cb5c27e0dc0 (type: 2)
DEBUG: Found symbol 'b' in scope 0x7cb5c27e0dc0
DEBUG: Found 'b' in parent hierarchy
DEBUG: Declaration processed successfully
DEBUG: SymbolTable::lookupSymbol searching for 'add' starting from scope 0x7cb5c27e0640
DEBUG: Scope::lookupSymbol searching for 'add' in scope 0x7cb5c27e0640 (type: 0)
DEBUG: Found symbol 'add' in scope 0x7cb5c27e0640
DEBUG: Found 'add' in parent hierarchy
DEBUG: SymbolTable::lookupSymbol searching for 'add' starting from scope 0x7cb5c27e0d00
DEBUG: Scope::lookupSymbol searching for 'add' in scope 0x7cb5c27e0d00 (type: 0)
DEBUG: Symbol 'add' not found in any scope
DEBUG: Not found in parent hierarchy, searching child scopes...
DEBUG: 'add' not found in any scope (parent or child)
DEBUG: Added exported symbol: add (local: add)
DEBUG: Added named export: add as 'add'
DEBUG: *** EXPORT DECLARATION VISITED *** Processing export declaration: 
DEBUG: Processing default export
DEBUG: Default export is not null
DEBUG: Default export is a Declaration: subtract
DEBUG: SymbolTable::lookupSymbol searching for 'subtract' starting from scope 0x7cb5c27e0640
DEBUG: Scope::lookupSymbol searching for 'subtract' in scope 0x7cb5c27e0640 (type: 0)
DEBUG: Found symbol 'subtract' in scope 0x7cb5c27e0640
DEBUG: Found 'subtract' in parent hierarchy
DEBUG: SymbolTable::lookupSymbol searching for 'a' starting from scope 0x7cb5c27e1000
DEBUG: Scope::lookupSymbol searching for 'a' in scope 0x7cb5c27e1000 (type: 3)
DEBUG: Symbol not found in scope 0x7cb5c27e1000, searching parent scope 0x7cb5c27e0f40
DEBUG: Scope::lookupSymbol searching for 'a' in scope 0x7cb5c27e0f40 (type: 2)
DEBUG: Found symbol 'a' in scope 0x7cb5c27e0f40
DEBUG: Found 'a' in parent hierarchy
DEBUG: SymbolTable::lookupSymbol searching for 'b' starting from scope 0x7cb5c27e1000
DEBUG: Scope::lookupSymbol searching for 'b' in scope 0x7cb5c27e1000 (type: 3)
DEBUG: Symbol not found in scope 0x7cb5c27e1000, searching parent scope 0x7cb5c27e0f40
DEBUG: Scope::lookupSymbol searching for 'b' in scope 0x7cb5c27e0f40 (type: 2)
DEBUG: Found symbol 'b' in scope 0x7cb5c27e0f40
DEBUG: Found 'b' in parent hierarchy
DEBUG: Declaration processed successfully
DEBUG: SymbolTable::lookupSymbol searching for 'subtract' starting from scope 0x7cb5c27e0640
DEBUG: Scope::lookupSymbol searching for 'subtract' in scope 0x7cb5c27e0640 (type: 0)
DEBUG: Found symbol 'subtract' in scope 0x7cb5c27e0640
DEBUG: Found 'subtract' in parent hierarchy
DEBUG: SymbolTable::lookupSymbol searching for 'subtract' starting from scope 0x7cb5c27e0d00
DEBUG: Scope::lookupSymbol searching for 'subtract' in scope 0x7cb5c27e0d00 (type: 0)
DEBUG: Symbol 'subtract' not found in any scope
DEBUG: Not found in parent hierarchy, searching child scopes...
DEBUG: 'subtract' not found in any scope (parent or child)
DEBUG: Added exported symbol: subtract (local: subtract)
DEBUG: Added named export: subtract as 'subtract'
DEBUG: *** module.accept(*this) COMPLETED ***
[3] Starting code generation
DEBUG: LLVMCodeGen received SymbolTable at address: 0x7c65c27f00f0
DEBUG: Module statement type: N3tsc17ImportDeclarationE
DEBUG: Adding statement to moduleStatements
DEBUG: Module statement type: N3tsc17ExportDeclarationE
DEBUG: Adding statement to moduleStatements
DEBUG: Module statement type: N3tsc17ExportDeclarationE
DEBUG: Adding statement to moduleStatements
DEBUG: Processing 0 class declarations
DEBUG: Processing 3 module-level statements in main function
DEBUG: Processing module-level statement in main function
DEBUG: Processing import declaration: ./moduleC
DEBUG: Processing module-level statement in main function
DEBUG: Processing export declaration: 
DEBUG: Processing module-level statement in main function
DEBUG: Processing export declaration: 
DEBUG: Processing 0 deferred global initializations
DEBUG: Processing 0 deferred constructor calls
DEBUG: Processing 0 deferred method calls
DEBUG: Checking terminator in main function
DEBUG: Current block: 0x7c65c27f09b0
DEBUG: Current block name: entry
DEBUG: Current block parent function: main
DEBUG: Current block has terminator: NO
DEBUG: Checking all basic blocks in main function
DEBUG: Block 0x7c65c27f09b0 has terminator: NO
DEBUG: Adding terminator to block 0x7c65c27f09b0
DEBUG: Added terminator to block 0x7c65c27f09b0
DEBUG: Starting LLVM IR verification...
DEBUG: Module has 1 functions
DEBUG: Verification result: FAILED
WARNING: LLVM IR verification failed, but continuing...
WARNING: This may be due to unused external function declarations
DEBUG: LLVM IR dumped to generated_ir.ll
moduleA.ts:7:25: warning: Unused subtract: function of type (a: number, b: number) => number
moduleA.ts:3:20: warning: Unused add: function of type (a: number, b: number) => number
warning: Unused NaN: variable of type number
warning: Unused Infinity: variable of type number
warning: Unused console: variable of type {}
LLVM IR written to: moduleA_simple.ll

Compilation summary: 5 warning(s)

=================================================================
==2322==ERROR: LeakSanitizer: detected memory leaks

Direct leak of 5248 byte(s) in 4 object(s) allocated from:
    #0 0x55ca915fa191 in operator new(unsigned long) (/workspace/build-asan/tsc+0x15d191) (BuildId: 73a10d7cc646a755f705b0ae57418e68578aec2f)
    #1 0x7ff5c7d15b6e  (/usr/lib/llvm-20/lib/libLLVM.so.20.1+0x3df9b6e) (BuildId: b856c61f98abf0989f157f153740fe0fadfbb760)
    #2 0x55ca91648523 in llvm::Target::createTargetMachine(llvm::StringRef, llvm::StringRef, llvm::StringRef, llvm::TargetOptions const&, std::optional<llvm::Reloc::Model>, std::optional<llvm::CodeModel::Model>, llvm::CodeGenOptLevel, bool) const /usr/lib/llvm-20/include/llvm/MC/TargetRegistry.h:462:12
    #3 0x55ca9163a09e in tsc::TargetRegistry::initializeAllTargets() /workspace/src/TargetRegistry.cpp:67:41
    #4 0x55ca9162bdcd in tsc::Compiler::initializeLLVM() /workspace/src/Compiler.cpp:349:14
    #5 0x55ca9162b8b7 in tsc::Compiler::Compiler(tsc::CompilerOptions const&) /workspace/src/Compiler.cpp:24:5
    #6 0x55ca915fd7b5 in main /workspace/src/main.cpp:191:18
    #7 0x7ff5c395a337  (/lib/x86_64-linux-gnu/libc.so.6+0x2a337) (BuildId: 467f544f15035abef911999cbc14489edd0555ab)
    #8 0x7ff5c395a3fa in __libc_start_main (/lib/x86_64-linux-gnu/libc.so.6+0x2a3fa) (BuildId: 467f544f15035abef911999cbc14489edd0555ab)
    #9 0x55ca91511b64 in _start (/workspace/build-asan/tsc+0x74b64) (BuildId: 73a10d7cc646a755f705b0ae57418e68578aec2f)

Direct leak of 5216 byte(s) in 4 object(s) allocated from:
    #0 0x55ca915fa191 in operator new(unsigned long) (/workspace/build-asan/tsc+0x15d191) (BuildId: 73a10d7cc646a755f705b0ae57418e68578aec2f)
    #1 0x7ff5c70efccf  (/usr/lib/llvm-20/lib/libLLVM.so.20.1+0x31d3ccf) (BuildId: b856c61f98abf0989f157f153740fe0fadfbb760)
    #2 0x55ca91648523 in llvm::Target::createTargetMachine(llvm::StringRef, llvm::StringRef, llvm::StringRef, llvm::TargetOptions const&, std::optional<llvm::Reloc::Model>, std::optional<llvm::CodeModel::Model>, llvm::CodeGenOptLevel, bool) const /usr/lib/llvm-20/include/llvm/MC/TargetRegistry.h:462:12
    #3 0x55ca9163a09e in tsc::TargetRegistry::initializeAllTargets() /workspace/src/TargetRegistry.cpp:67:41
    #4 0x55ca9162bdcd in tsc::Compiler::initializeLLVM() /workspace/src/Compiler.cpp:349:14
    #5 0x55ca9162b8b7 in tsc::Compiler::Compiler(tsc::CompilerOptions const&) /workspace/src/Compiler.cpp:24:5
    #6 0x55ca915fd7b5 in main /workspace/src/main.cpp:191:18
    #7 0x7ff5c395a337  (/lib/x86_64-linux-gnu/libc.so.6+0x2a337) (BuildId: 467f544f15035abef911999cbc14489edd0555ab)
    #8 0x7ff5c395a3fa in __libc_start_main (/lib/x86_64-linux-gnu/libc.so.6+0x2a3fa) (BuildId: 467f544f15035abef911999cbc14489edd0555ab)
    #9 0x55ca91511b64 in _start (/workspace/build-asan/tsc+0x74b64) (BuildId: 73a10d7cc646a755f705b0ae57418e68578aec2f)

Direct leak of 2624 byte(s) in 2 object(s) allocated from:
    #0 0x55ca915fa191 in operator new(unsigned long) (/workspace/build-asan/tsc+0x15d191) (BuildId: 73a10d7cc646a755f705b0ae57418e68578aec2f)
    #1 0x7ff5c779149f  (/usr/lib/llvm-20/lib/libLLVM.so.20.1+0x387549f) (BuildId: b856c61f98abf0989f157f153740fe0fadfbb760)
    #2 0x55ca91648523 in llvm::Target::createTargetMachine(llvm::StringRef, llvm::StringRef, llvm::StringRef, llvm::TargetOptions const&, std::optional<llvm::Reloc::Model>, std::optional<llvm::CodeModel::Model>, llvm::CodeGenOptLevel, bool) const /usr/lib/llvm-20/include/llvm/MC/TargetRegistry.h:462:12
    #3 0x55ca9163a09e in tsc::TargetRegistry::initializeAllTargets() /workspace/src/TargetRegistry.cpp:67:41
    #4 0x55ca9162bdcd in tsc::Compiler::initializeLLVM() /workspace/src/Compiler.cpp:349:14
    #5 0x55ca9162b8b7 in tsc::Compiler::Compiler(tsc::CompilerOptions const&) /workspace/src/Compiler.cpp:24:5
    #6 0x55ca915fd7b5 in main /workspace/src/main.cpp:191:18
    #7 0x7ff5c395a337  (/lib/x86_64-linux-gnu/libc.so.6+0x2a337) (BuildId: 467f544f15035abef911999cbc14489edd0555ab)
    #8 0x7ff5c395a3fa in __libc_start_main (/lib/x86_64-linux-gnu/libc.so.6+0x2a3fa) (BuildId: 467f544f15035abef911999cbc14489edd0555ab)
    #9 0x55ca91511b64 in _start (/workspace/build-asan/tsc+0x74b64) (BuildId: 73a10d7cc646a755f705b0ae57418e68578aec2f)

Direct leak of 2624 byte(s) in 2 object(s) allocated from:
    #0 0x55ca915fa191 in operator new(unsigned long) (/workspace/build-asan/tsc+0x15d191) (BuildId: 73a10d7cc646a755f705b0ae57418e68578aec2f)
    #1 0x7ff5c779155f  (/usr/lib/llvm-20/lib/libLLVM.so.20.1+0x387555f) (BuildId: b856c61f98abf0989f157f153740fe0fadfbb760)
    #2 0x55ca91648523 in llvm::Target::createTargetMachine(llvm::StringRef, llvm::StringRef, llvm::StringRef, llvm::TargetOptions const&, std::optional<llvm::Reloc::Model>, std::optional<llvm::CodeModel::Model>, llvm::CodeGenOptLevel, bool) const /usr/lib/llvm-20/include/llvm/MC/TargetRegistry.h:462:12
    #3 0x55ca9163a09e in tsc::TargetRegistry::initializeAllTargets() /workspace/src/TargetRegistry.cpp:67:41
    #4 0x55ca9162bdcd in tsc::Compiler::initializeLLVM() /workspace/src/Compiler.cpp:349:14
    #5 0x55ca9162b8b7 in tsc::Compiler::Compiler(tsc::CompilerOptions const&) /workspace/src/Compiler.cpp:24:5
    #6 0x55ca915fd7b5 in main /workspace/src/main.cpp:191:18
    #7 0x7ff5c395a337  (/lib/x86_64-linux-gnu/libc.so.6+0x2a337) (BuildId: 467f544f15035abef911999cbc14489edd0555ab)
    #8 0x7ff5c395a3fa in __libc_start_main (/lib/x86_64-linux-gnu/libc.so.6+0x2a3fa) (BuildId: 467f544f15035abef911999cbc14489edd0555ab)
    #9 0x55ca91511b64 in _start (/workspace/build-asan/tsc+0x74b64) (BuildId: 73a10d7cc646a755f705b0ae57418e68578aec2f)

Direct leak of 2608 byte(s) in 2 object(s) allocated from:
    #0 0x55ca915fa191 in operator new(unsigned long) (/workspace/build-asan/tsc+0x15d191) (BuildId: 73a10d7cc646a755f705b0ae57418e68578aec2f)
    #1 0x7ff5c837ddee  (/usr/lib/llvm-20/lib/libLLVM.so.20.1+0x4461dee) (BuildId: b856c61f98abf0989f157f153740fe0fadfbb760)
    #2 0x55ca91648523 in llvm::Target::createTargetMachine(llvm::StringRef, llvm::StringRef, llvm::StringRef, llvm::TargetOptions const&, std::optional<llvm::Reloc::Model>, std::optional<llvm::CodeModel::Model>, llvm::CodeGenOptLevel, bool) const /usr/lib/llvm-20/include/llvm/MC/TargetRegistry.h:462:12
    #3 0x55ca9163a09e in tsc::TargetRegistry::initializeAllTargets() /workspace/src/TargetRegistry.cpp:67:41
    #4 0x55ca9162bdcd in tsc::Compiler::initializeLLVM() /workspace/src/Compiler.cpp:349:14
    #5 0x55ca9162b8b7 in tsc::Compiler::Compiler(tsc::CompilerOptions const&) /workspace/src/Compiler.cpp:24:5
    #6 0x55ca915fd7b5 in main /workspace/src/main.cpp:191:18
    #7 0x7ff5c395a337  (/lib/x86_64-linux-gnu/libc.so.6+0x2a337) (BuildId: 467f544f15035abef911999cbc14489edd0555ab)
    #8 0x7ff5c395a3fa in __libc_start_main (/lib/x86_64-linux-gnu/libc.so.6+0x2a3fa) (BuildId: 467f544f15035abef911999cbc14489edd0555ab)
    #9 0x55ca91511b64 in _start (/workspace/build-asan/tsc+0x74b64) (BuildId: 73a10d7cc646a755f705b0ae57418e68578aec2f)

Direct leak of 2608 byte(s) in 2 object(s) allocated from:
    #0 0x55ca915fa191 in operator new(unsigned long) (/workspace/build-asan/tsc+0x15d191) (BuildId: 73a10d7cc646a755f705b0ae57418e68578aec2f)
    #1 0x7ff5c80d8ede  (/usr/lib/llvm-20/lib/libLLVM.so.20.1+0x41bcede) (BuildId: b856c61f98abf0989f157f153740fe0fadfbb760)
    #2 0x55ca91648523 in llvm::Target::createTargetMachine(llvm::StringRef, llvm::StringRef, llvm::StringRef, llvm::TargetOptions const&, std::optional<llvm::Reloc::Model>, std::optional<llvm::CodeModel::Model>, llvm::CodeGenOptLevel, bool) const /usr/lib/llvm-20/include/llvm/MC/TargetRegistry.h:462:12
    #3 0x55ca9163a09e in tsc::TargetRegistry::initializeAllTargets() /workspace/src/TargetRegistry.cpp:67:41
    #4 0x55ca9162bdcd in tsc::Compiler::initializeLLVM() /workspace/src/Compiler.cpp:349:14
    #5 0x55ca9162b8b7 in tsc::Compiler::Compiler(tsc::CompilerOptions const&) /workspace/src/Compiler.cpp:24:5
    #6 0x55ca915fd7b5 in main /workspace/src/main.cpp:191:18
    #7 0x7ff5c395a337  (/lib/x86_64-linux-gnu/libc.so.6+0x2a337) (BuildId: 467f544f15035abef911999cbc14489edd0555ab)
    #8 0x7ff5c395a3fa in __libc_start_main (/lib/x86_64-linux-gnu/libc.so.6+0x2a3fa) (BuildId: 467f544f15035abef911999cbc14489edd0555ab)
    #9 0x55ca91511b64 in _start (/workspace/build-asan/tsc+0x74b64) (BuildId: 73a10d7cc646a755f705b0ae57418e68578aec2f)

Direct leak of 2592 byte(s) in 2 object(s) allocated from:
    #0 0x55ca915fa191 in operator new(unsigned long) (/workspace/build-asan/tsc+0x15d191) (BuildId: 73a10d7cc646a755f705b0ae57418e68578aec2f)
    #1 0x7ff5c7aa766e  (/usr/lib/llvm-20/lib/libLLVM.so.20.1+0x3b8b66e) (BuildId: b856c61f98abf0989f157f153740fe0fadfbb760)
    #2 0x55ca91648523 in llvm::Target::createTargetMachine(llvm::StringRef, llvm::StringRef, llvm::StringRef, llvm::TargetOptions const&, std::optional<llvm::Reloc::Model>, std::optional<llvm::CodeModel::Model>, llvm::CodeGenOptLevel, bool) const /usr/lib/llvm-20/include/llvm/MC/TargetRegistry.h:462:12
    #3 0x55ca9163a09e in tsc::TargetRegistry::initializeAllTargets() /workspace/src/TargetRegistry.cpp:67:41
    #4 0x55ca9162bdcd in tsc::Compiler::initializeLLVM() /workspace/src/Compiler.cpp:349:14
    #5 0x55ca9162b8b7 in tsc::Compiler::Compiler(tsc::CompilerOptions const&) /workspace/src/Compiler.cpp:24:5
    #6 0x55ca915fd7b5 in main /workspace/src/main.cpp:191:18
    #7 0x7ff5c395a337  (/lib/x86_64-linux-gnu/libc.so.6+0x2a337) (BuildId: 467f544f15035abef911999cbc14489edd0555ab)
    #8 0x7ff5c395a3fa in __libc_start_main (/lib/x86_64-linux-gnu/libc.so.6+0x2a3fa) (BuildId: 467f544f15035abef911999cbc14489edd0555ab)
    #9 0x55ca91511b64 in _start (/workspace/build-asan/tsc+0x74b64) (BuildId: 73a10d7cc646a755f705b0ae57418e68578aec2f)

Direct leak of 2592 byte(s) in 2 object(s) allocated from:
    #0 0x55ca915fa191 in operator new(unsigned long) (/workspace/build-asan/tsc+0x15d191) (BuildId: 73a10d7cc646a755f705b0ae57418e68578aec2f)
    #1 0x7ff5c7e2954e  (/usr/lib/llvm-20/lib/libLLVM.so.20.1+0x3f0d54e) (BuildId: b856c61f98abf0989f157f153740fe0fadfbb760)
    #2 0x55ca91648523 in llvm::Target::createTargetMachine(llvm::StringRef, llvm::StringRef, llvm::StringRef, llvm::TargetOptions const&, std::optional<llvm::Reloc::Model>, std::optional<llvm::CodeModel::Model>, llvm::CodeGenOptLevel, bool) const /usr/lib/llvm-20/include/llvm/MC/TargetRegistry.h:462:12
    #3 0x55ca9163a09e in tsc::TargetRegistry::initializeAllTargets() /workspace/src/TargetRegistry.cpp:67:41
    #4 0x55ca9162bdcd in tsc::Compiler::initializeLLVM() /workspace/src/Compiler.cpp:349:14
    #5 0x55ca9162b8b7 in tsc::Compiler::Compiler(tsc::CompilerOptions const&) /workspace/src/Compiler.cpp:24:5
    #6 0x55ca915fd7b5 in main /workspace/src/main.cpp:191:18
    #7 0x7ff5c395a337  (/lib/x86_64-linux-gnu/libc.so.6+0x2a337) (BuildId: 467f544f15035abef911999cbc14489edd0555ab)
    #8 0x7ff5c395a3fa in __libc_start_main (/lib/x86_64-linux-gnu/libc.so.6+0x2a3fa) (BuildId: 467f544f15035abef911999cbc14489edd0555ab)
    #9 0x55ca91511b64 in _start (/workspace/build-asan/tsc+0x74b64) (BuildId: 73a10d7cc646a755f705b0ae57418e68578aec2f)

Direct leak of 1304 byte(s) in 1 object(s) allocated from:
    #0 0x55ca915fa191 in operator new(unsigned long) (/workspace/build-asan/tsc+0x15d191) (BuildId: 73a10d7cc646a755f705b0ae57418e68578aec2f)
    #1 0x7ff5c70efd8f  (/usr/lib/llvm-20/lib/libLLVM.so.20.1+0x31d3d8f) (BuildId: b856c61f98abf0989f157f153740fe0fadfbb760)
    #2 0x55ca91648523 in llvm::Target::createTargetMachine(llvm::StringRef, llvm::StringRef, llvm::StringRef, llvm::TargetOptions const&, std::optional<llvm::Reloc::Model>, std::optional<llvm::CodeModel::Model>, llvm::CodeGenOptLevel, bool) const /usr/lib/llvm-20/include/llvm/MC/TargetRegistry.h:462:12
    #3 0x55ca9163a09e in tsc::TargetRegistry::initializeAllTargets() /workspace/src/TargetRegistry.cpp:67:41
    #4 0x55ca9162bdcd in tsc::Compiler::initializeLLVM() /workspace/src/Compiler.cpp:349:14
    #5 0x55ca9162b8b7 in tsc::Compiler::Compiler(tsc::CompilerOptions const&) /workspace/src/Compiler.cpp:24:5
    #6 0x55ca915fd7b5 in main /workspace/src/main.cpp:191:18
    #7 0x7ff5c395a337  (/lib/x86_64-linux-gnu/libc.so.6+0x2a337) (BuildId: 467f544f15035abef911999cbc14489edd0555ab)
    #8 0x7ff5c395a3fa in __libc_start_main (/lib/x86_64-linux-gnu/libc.so.6+0x2a3fa) (BuildId: 467f544f15035abef911999cbc14489edd0555ab)
    #9 0x55ca91511b64 in _start (/workspace/build-asan/tsc+0x74b64) (BuildId: 73a10d7cc646a755f705b0ae57418e68578aec2f)

Direct leak of 1304 byte(s) in 1 object(s) allocated from:
    #0 0x55ca915fa191 in operator new(unsigned long) (/workspace/build-asan/tsc+0x15d191) (BuildId: 73a10d7cc646a755f705b0ae57418e68578aec2f)
    #1 0x7ff5c7ed57cf  (/usr/lib/llvm-20/lib/libLLVM.so.20.1+0x3fb97cf) (BuildId: b856c61f98abf0989f157f153740fe0fadfbb760)
    #2 0x55ca91648523 in llvm::Target::createTargetMachine(llvm::StringRef, llvm::StringRef, llvm::StringRef, llvm::TargetOptions const&, std::optional<llvm::Reloc::Model>, std::optional<llvm::CodeModel::Model>, llvm::CodeGenOptLevel, bool) const /usr/lib/llvm-20/include/llvm/MC/TargetRegistry.h:462:12
    #3 0x55ca9163a09e in tsc::TargetRegistry::initializeAllTargets() /workspace/src/TargetRegistry.cpp:67:41
    #4 0x55ca9162bdcd in tsc::Compiler::initializeLLVM() /workspace/src/Compiler.cpp:349:14
    #5 0x55ca9162b8b7 in tsc::Compiler::Compiler(tsc::CompilerOptions const&) /workspace/src/Compiler.cpp:24:5
    #6 0x55ca915fd7b5 in main /workspace/src/main.cpp:191:18
    #7 0x7ff5c395a337  (/lib/x86_64-linux-gnu/libc.so.6+0x2a337) (BuildId: 467f544f15035abef911999cbc14489edd0555ab)
    #8 0x7ff5c395a3fa in __libc_start_main (/lib/x86_64-linux-gnu/libc.so.6+0x2a3fa) (BuildId: 467f544f15035abef911999cbc14489edd0555ab)
    #9 0x55ca91511b64 in _start (/workspace/build-asan/tsc+0x74b64) (BuildId: 73a10d7cc646a755f705b0ae57418e68578aec2f)

Direct leak of 1304 byte(s) in 1 object(s) allocated from:
    #0 0x55ca915fa191 in operator new(unsigned long) (/workspace/build-asan/tsc+0x15d191) (BuildId: 73a10d7cc646a755f705b0ae57418e68578aec2f)
    #1 0x7ff5c7ed564f  (/usr/lib/llvm-20/lib/libLLVM.so.20.1+0x3fb964f) (BuildId: b856c61f98abf0989f157f153740fe0fadfbb760)
    #2 0x55ca91648523 in llvm::Target::createTargetMachine(llvm::StringRef, llvm::StringRef, llvm::StringRef, llvm::TargetOptions const&, std::optional<llvm::Reloc::Model>, std::optional<llvm::CodeModel::Model>, llvm::CodeGenOptLevel, bool) const /usr/lib/llvm-20/include/llvm/MC/TargetRegistry.h:462:12
    #3 0x55ca9163a09e in tsc::TargetRegistry::initializeAllTargets() /workspace/src/TargetRegistry.cpp:67:41
    #4 0x55ca9162bdcd in tsc::Compiler::initializeLLVM() /workspace/src/Compiler.cpp:349:14
    #5 0x55ca9162b8b7 in tsc::Compiler::Compiler(tsc::CompilerOptions const&) /workspace/src/Compiler.cpp:24:5
    #6 0x55ca915fd7b5 in main /workspace/src/main.cpp:191:18
    #7 0x7ff5c395a337  (/lib/x86_64-linux-gnu/libc.so.6+0x2a337) (BuildId: 467f544f15035abef911999cbc14489edd0555ab)
    #8 0x7ff5c395a3fa in __libc_start_main (/lib/x86_64-linux-gnu/libc.so.6+0x2a3fa) (BuildId: 467f544f15035abef911999cbc14489edd0555ab)
    #9 0x55ca91511b64 in _start (/workspace/build-asan/tsc+0x74b64) (BuildId: 73a10d7cc646a755f705b0ae57418e68578aec2f)

Direct leak of 1304 byte(s) in 1 object(s) allocated from:
    #0 0x55ca915fa191 in operator new(unsigned long) (/workspace/build-asan/tsc+0x15d191) (BuildId: 73a10d7cc646a755f705b0ae57418e68578aec2f)
    #1 0x7ff5c7ed570f  (/usr/lib/llvm-20/lib/libLLVM.so.20.1+0x3fb970f) (BuildId: b856c61f98abf0989f157f153740fe0fadfbb760)
    #2 0x55ca91648523 in llvm::Target::createTargetMachine(llvm::StringRef, llvm::StringRef, llvm::StringRef, llvm::TargetOptions const&, std::optional<llvm::Reloc::Model>, std::optional<llvm::CodeModel::Model>, llvm::CodeGenOptLevel, bool) const /usr/lib/llvm-20/include/llvm/MC/TargetRegistry.h:462:12
    #3 0x55ca9163a09e in tsc::TargetRegistry::initializeAllTargets() /workspace/src/TargetRegistry.cpp:67:41
    #4 0x55ca9162bdcd in tsc::Compiler::initializeLLVM() /workspace/src/Compiler.cpp:349:14
    #5 0x55ca9162b8b7 in tsc::Compiler::Compiler(tsc::CompilerOptions const&) /workspace/src/Compiler.cpp:24:5
    #6 0x55ca915fd7b5 in main /workspace/src/main.cpp:191:18
    #7 0x7ff5c395a337  (/lib/x86_64-linux-gnu/libc.so.6+0x2a337) (BuildId: 467f544f15035abef911999cbc14489edd0555ab)
    #8 0x7ff5c395a3fa in __libc_start_main (/lib/x86_64-linux-gnu/libc.so.6+0x2a3fa) (BuildId: 467f544f15035abef911999cbc14489edd0555ab)
    #9 0x55ca91511b64 in _start (/workspace/build-asan/tsc+0x74b64) (BuildId: 73a10d7cc646a755f705b0ae57418e68578aec2f)

Direct leak of 1296 byte(s) in 1 object(s) allocated from:
    #0 0x55ca915fa191 in operator new(unsigned long) (/workspace/build-asan/tsc+0x15d191) (BuildId: 73a10d7cc646a755f705b0ae57418e68578aec2f)
    #1 0x7ff5c734725f  (/usr/lib/llvm-20/lib/libLLVM.so.20.1+0x342b25f) (BuildId: b856c61f98abf0989f157f153740fe0fadfbb760)
    #2 0x55ca91648523 in llvm::Target::createTargetMachine(llvm::StringRef, llvm::StringRef, llvm::StringRef, llvm::TargetOptions const&, std::optional<llvm::Reloc::Model>, std::optional<llvm::CodeModel::Model>, llvm::CodeGenOptLevel, bool) const /usr/lib/llvm-20/include/llvm/MC/TargetRegistry.h:462:12
    #3 0x55ca9163a09e in tsc::TargetRegistry::initializeAllTargets() /workspace/src/TargetRegistry.cpp:67:41
    #4 0x55ca9162bdcd in tsc::Compiler::initializeLLVM() /workspace/src/Compiler.cpp:349:14
    #5 0x55ca9162b8b7 in tsc::Compiler::Compiler(tsc::CompilerOptions const&) /workspace/src/Compiler.cpp:24:5
    #6 0x55ca915fd7b5 in main /workspace/src/main.cpp:191:18
    #7 0x7ff5c395a337  (/lib/x86_64-linux-gnu/libc.so.6+0x2a337) (BuildId: 467f544f15035abef911999cbc14489edd0555ab)
    #8 0x7ff5c395a3fa in __libc_start_main (/lib/x86_64-linux-gnu/libc.so.6+0x2a3fa) (BuildId: 467f544f15035abef911999cbc14489edd0555ab)
    #9 0x55ca91511b64 in _start (/workspace/build-asan/tsc+0x74b64) (BuildId: 73a10d7cc646a755f705b0ae57418e68578aec2f)

Direct leak of 1296 byte(s) in 1 object(s) allocated from:
    #0 0x55ca915fa191 in operator new(unsigned long) (/workspace/build-asan/tsc+0x15d191) (BuildId: 73a10d7cc646a755f705b0ae57418e68578aec2f)
    #1 0x7ff5c8482a9e  (/usr/lib/llvm-20/lib/libLLVM.so.20.1+0x4566a9e) (BuildId: b856c61f98abf0989f157f153740fe0fadfbb760)
    #2 0x55ca91648523 in llvm::Target::createTargetMachine(llvm::StringRef, llvm::StringRef, llvm::StringRef, llvm::TargetOptions const&, std::optional<llvm::Reloc::Model>, std::optional<llvm::CodeModel::Model>, llvm::CodeGenOptLevel, bool) const /usr/lib/llvm-20/include/llvm/MC/TargetRegistry.h:462:12
    #3 0x55ca9163a09e in tsc::TargetRegistry::initializeAllTargets() /workspace/src/TargetRegistry.cpp:67:41
    #4 0x55ca9162bdcd in tsc::Compiler::initializeLLVM() /workspace/src/Compiler.cpp:349:14
    #5 0x55ca9162b8b7 in tsc::Compiler::Compiler(tsc::CompilerOptions const&) /workspace/src/Compiler.cpp:24:5
    #6 0x55ca915fd7b5 in main /workspace/src/main.cpp:191:18
    #7 0x7ff5c395a337  (/lib/x86_64-linux-gnu/libc.so.6+0x2a337) (BuildId: 467f544f15035abef911999cbc14489edd0555ab)
    #8 0x7ff5c395a3fa in __libc_start_main (/lib/x86_64-linux-gnu/libc.so.6+0x2a3fa) (BuildId: 467f544f15035abef911999cbc14489edd0555ab)
    #9 0x55ca91511b64 in _start (/workspace/build-asan/tsc+0x74b64) (BuildId: 73a10d7cc646a755f705b0ae57418e68578aec2f)

Direct leak of 1296 byte(s) in 1 object(s) allocated from:
    #0 0x55ca915fa191 in operator new(unsigned long) (/workspace/build-asan/tsc+0x15d191) (BuildId: 73a10d7cc646a755f705b0ae57418e68578aec2f)
    #1 0x7ff5c734719e  (/usr/lib/llvm-20/lib/libLLVM.so.20.1+0x342b19e) (BuildId: b856c61f98abf0989f157f153740fe0fadfbb760)
    #2 0x55ca91648523 in llvm::Target::createTargetMachine(llvm::StringRef, llvm::StringRef, llvm::StringRef, llvm::TargetOptions const&, std::optional<llvm::Reloc::Model>, std::optional<llvm::CodeModel::Model>, llvm::CodeGenOptLevel, bool) const /usr/lib/llvm-20/include/llvm/MC/TargetRegistry.h:462:12
    #3 0x55ca9163a09e in tsc::TargetRegistry::initializeAllTargets() /workspace/src/TargetRegistry.cpp:67:41
    #4 0x55ca9162bdcd in tsc::Compiler::initializeLLVM() /workspace/src/Compiler.cpp:349:14
    #5 0x55ca9162b8b7 in tsc::Compiler::Compiler(tsc::CompilerOptions const&) /workspace/src/Compiler.cpp:24:5
    #6 0x55ca915fd7b5 in main /workspace/src/main.cpp:191:18
    #7 0x7ff5c395a337  (/lib/x86_64-linux-gnu/libc.so.6+0x2a337) (BuildId: 467f544f15035abef911999cbc14489edd0555ab)
    #8 0x7ff5c395a3fa in __libc_start_main (/lib/x86_64-linux-gnu/libc.so.6+0x2a3fa) (BuildId: 467f544f15035abef911999cbc14489edd0555ab)
    #9 0x55ca91511b64 in _start (/workspace/build-asan/tsc+0x74b64) (BuildId: 73a10d7cc646a755f705b0ae57418e68578aec2f)

Direct leak of 1296 byte(s) in 1 object(s) allocated from:
    #0 0x55ca915fa191 in operator new(unsigned long) (/workspace/build-asan/tsc+0x15d191) (BuildId: 73a10d7cc646a755f705b0ae57418e68578aec2f)
    #1 0x7ff5c80089ae  (/usr/lib/llvm-20/lib/libLLVM.so.20.1+0x40ec9ae) (BuildId: b856c61f98abf0989f157f153740fe0fadfbb760)
    #2 0x55ca91648523 in llvm::Target::createTargetMachine(llvm::StringRef, llvm::StringRef, llvm::StringRef, llvm::TargetOptions const&, std::optional<llvm::Reloc::Model>, std::optional<llvm::CodeModel::Model>, llvm::CodeGenOptLevel, bool) const /usr/lib/llvm-20/include/llvm/MC/TargetRegistry.h:462:12
    #3 0x55ca9163a09e in tsc::TargetRegistry::initializeAllTargets() /workspace/src/TargetRegistry.cpp:67:41
    #4 0x55ca9162bdcd in tsc::Compiler::initializeLLVM() /workspace/src/Compiler.cpp:349:14
    #5 0x55ca9162b8b7 in tsc::Compiler::Compiler(tsc::CompilerOptions const&) /workspace/src/Compiler.cpp:24:5
    #6 0x55ca915fd7b5 in main /workspace/src/main.cpp:191:18
    #7 0x7ff5c395a337  (/lib/x86_64-linux-gnu/libc.so.6+0x2a337) (BuildId: 467f544f15035abef911999cbc14489edd0555ab)
    #8 0x7ff5c395a3fa in __libc_start_main (/lib/x86_64-linux-gnu/libc.so.6+0x2a3fa) (BuildId: 467f544f15035abef911999cbc14489edd0555ab)
    #9 0x55ca91511b64 in _start (/workspace/build-asan/tsc+0x74b64) (BuildId: 73a10d7cc646a755f705b0ae57418e68578aec2f)

Indirect leak of 1244328 byte(s) in 3 object(s) allocated from:
    #0 0x55ca915fa191 in operator new(unsigned long) (/workspace/build-asan/tsc+0x15d191) (BuildId: 73a10d7cc646a755f705b0ae57418e68578aec2f)
    #1 0x7ff5c7f8520e  (/usr/lib/llvm-20/lib/libLLVM.so.20.1+0x406920e) (BuildId: b856c61f98abf0989f157f153740fe0fadfbb760)
    #2 0x55ca91648523 in llvm::Target::createTargetMachine(llvm::StringRef, llvm::StringRef, llvm::StringRef, llvm::TargetOptions const&, std::optional<llvm::Reloc::Model>, std::optional<llvm::CodeModel::Model>, llvm::CodeGenOptLevel, bool) const /usr/lib/llvm-20/include/llvm/MC/TargetRegistry.h:462:12
    #3 0x55ca9163a09e in tsc::TargetRegistry::initializeAllTargets() /workspace/src/TargetRegistry.cpp:67:41
    #4 0x55ca9162bdcd in tsc::Compiler::initializeLLVM() /workspace/src/Compiler.cpp:349:14
    #5 0x55ca9162b8b7 in tsc::Compiler::Compiler(tsc::CompilerOptions const&) /workspace/src/Compiler.cpp:24:5
    #6 0x55ca915fd7b5 in main /workspace/src/main.cpp:191:18
    #7 0x7ff5c395a337  (/lib/x86_64-linux-gnu/libc.so.6+0x2a337) (BuildId: 467f544f15035abef911999cbc14489edd0555ab)
    #8 0x7ff5c395a3fa in __libc_start_main (/lib/x86_64-linux-gnu/libc.so.6+0x2a3fa) (BuildId: 467f544f15035abef911999cbc14489edd0555ab)
    #9 0x55ca91511b64 in _start (/workspace/build-asan/tsc+0x74b64) (BuildId: 73a10d7cc646a755f705b0ae57418e68578aec2f)

Indirect leak of 1243440 byte(s) in 3 object(s) allocated from:
    #0 0x55ca915fa191 in operator new(unsigned long) (/workspace/build-asan/tsc+0x15d191) (BuildId: 73a10d7cc646a755f705b0ae57418e68578aec2f)
    #1 0x7ff5c78a5f2e  (/usr/lib/llvm-20/lib/libLLVM.so.20.1+0x3989f2e) (BuildId: b856c61f98abf0989f157f153740fe0fadfbb760)
    #2 0x55ca91648523 in llvm::Target::createTargetMachine(llvm::StringRef, llvm::StringRef, llvm::StringRef, llvm::TargetOptions const&, std::optional<llvm::Reloc::Model>, std::optional<llvm::CodeModel::Model>, llvm::CodeGenOptLevel, bool) const /usr/lib/llvm-20/include/llvm/MC/TargetRegistry.h:462:12
    #3 0x55ca9163a09e in tsc::TargetRegistry::initializeAllTargets() /workspace/src/TargetRegistry.cpp:67:41
    #4 0x55ca9162bdcd in tsc::Compiler::initializeLLVM() /workspace/src/Compiler.cpp:349:14
    #5 0x55ca9162b8b7 in tsc::Compiler::Compiler(tsc::CompilerOptions const&) /workspace/src/Compiler.cpp:24:5
    #6 0x55ca915fd7b5 in main /workspace/src/main.cpp:191:18
    #7 0x7ff5c395a337  (/lib/x86_64-linux-gnu/libc.so.6+0x2a337) (BuildId: 467f544f15035abef911999cbc14489edd0555ab)
    #8 0x7ff5c395a3fa in __libc_start_main (/lib/x86_64-linux-gnu/libc.so.6+0x2a3fa) (BuildId: 467f544f15035abef911999cbc14489edd0555ab)
    #9 0x55ca91511b64 in _start (/workspace/build-asan/tsc+0x74b64) (BuildId: 73a10d7cc646a755f705b0ae57418e68578aec2f)

Indirect leak of 824880 byte(s) in 2 object(s) allocated from:
    #0 0x55ca915fa191 in operator new(unsigned long) (/workspace/build-asan/tsc+0x15d191) (BuildId: 73a10d7cc646a755f705b0ae57418e68578aec2f)
    #1 0x7ff5c7ad539d  (/usr/lib/llvm-20/lib/libLLVM.so.20.1+0x3bb939d) (BuildId: b856c61f98abf0989f157f153740fe0fadfbb760)
    #2 0x7ff5c7b5ff58  (/usr/lib/llvm-20/lib/libLLVM.so.20.1+0x3c43f58) (BuildId: b856c61f98abf0989f157f153740fe0fadfbb760)
    #3 0x7ff5c7b61a19  (/usr/lib/llvm-20/lib/libLLVM.so.20.1+0x3c45a19) (BuildId: b856c61f98abf0989f157f153740fe0fadfbb760)
    #4 0x7ff5c7b62a6c  (/usr/lib/llvm-20/lib/libLLVM.so.20.1+0x3c46a6c) (BuildId: b856c61f98abf0989f157f153740fe0fadfbb760)
    #5 0x55ca91648523 in llvm::Target::createTargetMachine(llvm::StringRef, llvm::StringRef, llvm::StringRef, llvm::TargetOptions const&, std::optional<llvm::Reloc::Model>, std::optional<llvm::CodeModel::Model>, llvm::CodeGenOptLevel, bool) const /usr/lib/llvm-20/include/llvm/MC/TargetRegistry.h:462:12
    #6 0x55ca9163a09e in tsc::TargetRegistry::initializeAllTargets() /workspace/src/TargetRegistry.cpp:67:41
    #7 0x55ca9162bdcd in tsc::Compiler::initializeLLVM() /workspace/src/Compiler.cpp:349:14
    #8 0x55ca9162b8b7 in tsc::Compiler::Compiler(tsc::CompilerOptions const&) /workspace/src/Compiler.cpp:24:5
    #9 0x55ca915fd7b5 in main /workspace/src/main.cpp:191:18
    #10 0x7ff5c395a337  (/lib/x86_64-linux-gnu/libc.so.6+0x2a337) (BuildId: 467f544f15035abef911999cbc14489edd0555ab)
    #11 0x7ff5c395a3fa in __libc_start_main (/lib/x86_64-linux-gnu/libc.so.6+0x2a3fa) (BuildId: 467f544f15035abef911999cbc14489edd0555ab)
    #12 0x55ca91511b64 in _start (/workspace/build-asan/tsc+0x74b64) (BuildId: 73a10d7cc646a755f705b0ae57418e68578aec2f)

Indirect leak of 824880 byte(s) in 2 object(s) allocated from:
    #0 0x55ca915fa191 in operator new(unsigned long) (/workspace/build-asan/tsc+0x15d191) (BuildId: 73a10d7cc646a755f705b0ae57418e68578aec2f)
    #1 0x7ff5c7b4e7cd  (/usr/lib/llvm-20/lib/libLLVM.so.20.1+0x3c327cd) (BuildId: b856c61f98abf0989f157f153740fe0fadfbb760)
    #2 0x7ff5c7b5ff58  (/usr/lib/llvm-20/lib/libLLVM.so.20.1+0x3c43f58) (BuildId: b856c61f98abf0989f157f153740fe0fadfbb760)
    #3 0x7ff5c7b6188a  (/usr/lib/llvm-20/lib/libLLVM.so.20.1+0x3c4588a) (BuildId: b856c61f98abf0989f157f153740fe0fadfbb760)
    #4 0x7ff5c7b62b2c  (/usr/lib/llvm-20/lib/libLLVM.so.20.1+0x3c46b2c) (BuildId: b856c61f98abf0989f157f153740fe0fadfbb760)
    #5 0x55ca91648523 in llvm::Target::createTargetMachine(llvm::StringRef, llvm::StringRef, llvm::StringRef, llvm::TargetOptions const&, std::optional<llvm::Reloc::Model>, std::optional<llvm::CodeModel::Model>, llvm::CodeGenOptLevel, bool) const /usr/lib/llvm-20/include/llvm/MC/TargetRegistry.h:462:12
    #6 0x55ca9163a09e in tsc::TargetRegistry::initializeAllTargets() /workspace/src/TargetRegistry.cpp:67:41
    #7 0x55ca9162bdcd in tsc::Compiler::initializeLLVM() /workspace/src/Compiler.cpp:349:14
    #8 0x55ca9162b8b7 in tsc::Compiler::Compiler(tsc::CompilerOptions const&) /workspace/src/Compiler.cpp:24:5
    #9 0x55ca915fd7b5 in main /workspace/src/main.cpp:191:18
    #10 0x7ff5c395a337  (/lib/x86_64-linux-gnu/libc.so.6+0x2a337) (BuildId: 467f544f15035abef911999cbc14489edd0555ab)
    #11 0x7ff5c395a3fa in __libc_start_main (/lib/x86_64-linux-gnu/libc.so.6+0x2a3fa) (BuildId: 467f544f15035abef911999cbc14489edd0555ab)
    #12 0x55ca91511b64 in _start (/workspace/build-asan/tsc+0x74b64) (BuildId: 73a10d7cc646a755f705b0ae57418e68578aec2f)

Indirect leak of 824880 byte(s) in 2 object(s) allocated from:
    #0 0x55ca915fa191 in operator new(unsigned long) (/workspace/build-asan/tsc+0x15d191) (BuildId: 73a10d7cc646a755f705b0ae57418e68578aec2f)
    #1 0x7ff5c7ad539d  (/usr/lib/llvm-20/lib/libLLVM.so.20.1+0x3bb939d) (BuildId: b856c61f98abf0989f157f153740fe0fadfbb760)
    #2 0x7ff5c7b5ff58  (/usr/lib/llvm-20/lib/libLLVM.so.20.1+0x3c43f58) (BuildId: b856c61f98abf0989f157f153740fe0fadfbb760)
    #3 0x7ff5c7b61a19  (/usr/lib/llvm-20/lib/libLLVM.so.20.1+0x3c45a19) (BuildId: b856c61f98abf0989f157f153740fe0fadfbb760)
    #4 0x7ff5c7b62b2c  (/usr/lib/llvm-20/lib/libLLVM.so.20.1+0x3c46b2c) (BuildId: b856c61f98abf0989f157f153740fe0fadfbb760)
    #5 0x55ca91648523 in llvm::Target::createTargetMachine(llvm::StringRef, llvm::StringRef, llvm::StringRef, llvm::TargetOptions const&, std::optional<llvm::Reloc::Model>, std::optional<llvm::CodeModel::Model>, llvm::CodeGenOptLevel, bool) const /usr/lib/llvm-20/include/llvm/MC/TargetRegistry.h:462:12
    #6 0x55ca9163a09e in tsc::TargetRegistry::initializeAllTargets() /workspace/src/TargetRegistry.cpp:67:41
    #7 0x55ca9162bdcd in tsc::Compiler::initializeLLVM() /workspace/src/Compiler.cpp:349:14
    #8 0x55ca9162b8b7 in tsc::Compiler::Compiler(tsc::CompilerOptions const&) /workspace/src/Compiler.cpp:24:5
    #9 0x55ca915fd7b5 in main /workspace/src/main.cpp:191:18
    #10 0x7ff5c395a337  (/lib/x86_64-linux-gnu/libc.so.6+0x2a337) (BuildId: 467f544f15035abef911999cbc14489edd0555ab)
    #11 0x7ff5c395a3fa in __libc_start_main (/lib/x86_64-linux-gnu/libc.so.6+0x2a3fa) (BuildId: 467f544f15035abef911999cbc14489edd0555ab)
    #12 0x55ca91511b64 in _start (/workspace/build-asan/tsc+0x74b64) (BuildId: 73a10d7cc646a755f705b0ae57418e68578aec2f)

Indirect leak of 824880 byte(s) in 2 object(s) allocated from:
    #0 0x55ca915fa191 in operator new(unsigned long) (/workspace/build-asan/tsc+0x15d191) (BuildId: 73a10d7cc646a755f705b0ae57418e68578aec2f)
    #1 0x7ff5c7b4e7cd  (/usr/lib/llvm-20/lib/libLLVM.so.20.1+0x3c327cd) (BuildId: b856c61f98abf0989f157f153740fe0fadfbb760)
    #2 0x7ff5c7b5ff58  (/usr/lib/llvm-20/lib/libLLVM.so.20.1+0x3c43f58) (BuildId: b856c61f98abf0989f157f153740fe0fadfbb760)
    #3 0x7ff5c7b6188a  (/usr/lib/llvm-20/lib/libLLVM.so.20.1+0x3c4588a) (BuildId: b856c61f98abf0989f157f153740fe0fadfbb760)
    #4 0x7ff5c7b62a6c  (/usr/lib/llvm-20/lib/libLLVM.so.20.1+0x3c46a6c) (BuildId: b856c61f98abf0989f157f153740fe0fadfbb760)
    #5 0x55ca91648523 in llvm::Target::createTargetMachine(llvm::StringRef, llvm::StringRef, llvm::StringRef, llvm::TargetOptions const&, std::optional<llvm::Reloc::Model>, std::optional<llvm::CodeModel::Model>, llvm::CodeGenOptLevel, bool) const /usr/lib/llvm-20/include/llvm/MC/TargetRegistry.h:462:12
    #6 0x55ca9163a09e in tsc::TargetRegistry::initializeAllTargets() /workspace/src/TargetRegistry.cpp:67:41
    #7 0x55ca9162bdcd in tsc::Compiler::initializeLLVM() /workspace/src/Compiler.cpp:349:14
    #8 0x55ca9162b8b7 in tsc::Compiler::Compiler(tsc::CompilerOptions const&) /workspace/src/Compiler.cpp:24:5
    #9 0x55ca915fd7b5 in main /workspace/src/main.cpp:191:18
    #10 0x7ff5c395a337  (/lib/x86_64-linux-gnu/libc.so.6+0x2a337) (BuildId: 467f544f15035abef911999cbc14489edd0555ab)
    #11 0x7ff5c395a3fa in __libc_start_main (/lib/x86_64-linux-gnu/libc.so.6+0x2a3fa) (BuildId: 467f544f15035abef911999cbc14489edd0555ab)
    #12 0x55ca91511b64 in _start (/workspace/build-asan/tsc+0x74b64) (BuildId: 73a10d7cc646a755f705b0ae57418e68578aec2f)

Indirect leak of 824880 byte(s) in 2 object(s) allocated from:
    #0 0x55ca915fa191 in operator new(unsigned long) (/workspace/build-asan/tsc+0x15d191) (BuildId: 73a10d7cc646a755f705b0ae57418e68578aec2f)
    #1 0x7ff5c7b4e7cd  (/usr/lib/llvm-20/lib/libLLVM.so.20.1+0x3c327cd) (BuildId: b856c61f98abf0989f157f153740fe0fadfbb760)
    #2 0x7ff5c7b5ff58  (/usr/lib/llvm-20/lib/libLLVM.so.20.1+0x3c43f58) (BuildId: b856c61f98abf0989f157f153740fe0fadfbb760)
    #3 0x7ff5c7b61710  (/usr/lib/llvm-20/lib/libLLVM.so.20.1+0x3c45710) (BuildId: b856c61f98abf0989f157f153740fe0fadfbb760)
    #4 0x7ff5c7b62a6c  (/usr/lib/llvm-20/lib/libLLVM.so.20.1+0x3c46a6c) (BuildId: b856c61f98abf0989f157f153740fe0fadfbb760)
    #5 0x55ca91648523 in llvm::Target::createTargetMachine(llvm::StringRef, llvm::StringRef, llvm::StringRef, llvm::TargetOptions const&, std::optional<llvm::Reloc::Model>, std::optional<llvm::CodeModel::Model>, llvm::CodeGenOptLevel, bool) const /usr/lib/llvm-20/include/llvm/MC/TargetRegistry.h:462:12
    #6 0x55ca9163a09e in tsc::TargetRegistry::initializeAllTargets() /workspace/src/TargetRegistry.cpp:67:41
    #7 0x55ca9162bdcd in tsc::Compiler::initializeLLVM() /workspace/src/Compiler.cpp:349:14
    #8 0x55ca9162b8b7 in tsc::Compiler::Compiler(tsc::CompilerOptions const&) /workspace/src/Compiler.cpp:24:5
    #9 0x55ca915fd7b5 in main /workspace/src/main.cpp:191:18
    #10 0x7ff5c395a337  (/lib/x86_64-linux-gnu/libc.so.6+0x2a337) (BuildId: 467f544f15035abef911999cbc14489edd0555ab)
    #11 0x7ff5c395a3fa in __libc_start_main (/lib/x86_64-linux-gnu/libc.so.6+0x2a3fa) (BuildId: 467f544f15035abef911999cbc14489edd0555ab)
    #12 0x55ca91511b64 in _start (/workspace/build-asan/tsc+0x74b64) (BuildId: 73a10d7cc646a755f705b0ae57418e68578aec2f)

Indirect leak of 824880 byte(s) in 2 object(s) allocated from:
    #0 0x55ca915fa191 in operator new(unsigned long) (/workspace/build-asan/tsc+0x15d191) (BuildId: 73a10d7cc646a755f705b0ae57418e68578aec2f)
    #1 0x7ff5c7b4e7cd  (/usr/lib/llvm-20/lib/libLLVM.so.20.1+0x3c327cd) (BuildId: b856c61f98abf0989f157f153740fe0fadfbb760)
    #2 0x7ff5c7b5ff58  (/usr/lib/llvm-20/lib/libLLVM.so.20.1+0x3c43f58) (BuildId: b856c61f98abf0989f157f153740fe0fadfbb760)
    #3 0x7ff5c7b61710  (/usr/lib/llvm-20/lib/libLLVM.so.20.1+0x3c45710) (BuildId: b856c61f98abf0989f157f153740fe0fadfbb760)
    #4 0x7ff5c7b62b2c  (/usr/lib/llvm-20/lib/libLLVM.so.20.1+0x3c46b2c) (BuildId: b856c61f98abf0989f157f153740fe0fadfbb760)
    #5 0x55ca91648523 in llvm::Target::createTargetMachine(llvm::StringRef, llvm::StringRef, llvm::StringRef, llvm::TargetOptions const&, std::optional<llvm::Reloc::Model>, std::optional<llvm::CodeModel::Model>, llvm::CodeGenOptLevel, bool) const /usr/lib/llvm-20/include/llvm/MC/TargetRegistry.h:462:12
    #6 0x55ca9163a09e in tsc::TargetRegistry::initializeAllTargets() /workspace/src/TargetRegistry.cpp:67:41
    #7 0x55ca9162bdcd in tsc::Compiler::initializeLLVM() /workspace/src/Compiler.cpp:349:14
    #8 0x55ca9162b8b7 in tsc::Compiler::Compiler(tsc::CompilerOptions const&) /workspace/src/Compiler.cpp:24:5
    #9 0x55ca915fd7b5 in main /workspace/src/main.cpp:191:18
    #10 0x7ff5c395a337  (/lib/x86_64-linux-gnu/libc.so.6+0x2a337) (BuildId: 467f544f15035abef911999cbc14489edd0555ab)
    #11 0x7ff5c395a3fa in __libc_start_main (/lib/x86_64-linux-gnu/libc.so.6+0x2a3fa) (BuildId: 467f544f15035abef911999cbc14489edd0555ab)
    #12 0x55ca91511b64 in _start (/workspace/build-asan/tsc+0x74b64) (BuildId: 73a10d7cc646a755f705b0ae57418e68578aec2f)

Indirect leak of 414784 byte(s) in 1 object(s) allocated from:
    #0 0x55ca915fa191 in operator new(unsigned long) (/workspace/build-asan/tsc+0x15d191) (BuildId: 73a10d7cc646a755f705b0ae57418e68578aec2f)
    #1 0x7ff5c7c07e2f  (/usr/lib/llvm-20/lib/libLLVM.so.20.1+0x3cebe2f) (BuildId: b856c61f98abf0989f157f153740fe0fadfbb760)
    #2 0x55ca91648523 in llvm::Target::createTargetMachine(llvm::StringRef, llvm::StringRef, llvm::StringRef, llvm::TargetOptions const&, std::optional<llvm::Reloc::Model>, std::optional<llvm::CodeModel::Model>, llvm::CodeGenOptLevel, bool) const /usr/lib/llvm-20/include/llvm/MC/TargetRegistry.h:462:12
    #3 0x55ca9163a09e in tsc::TargetRegistry::initializeAllTargets() /workspace/src/TargetRegistry.cpp:67:41
    #4 0x55ca9162bdcd in tsc::Compiler::initializeLLVM() /workspace/src/Compiler.cpp:349:14
    #5 0x55ca9162b8b7 in tsc::Compiler::Compiler(tsc::CompilerOptions const&) /workspace/src/Compiler.cpp:24:5
    #6 0x55ca915fd7b5 in main /workspace/src/main.cpp:191:18
    #7 0x7ff5c395a337  (/lib/x86_64-linux-gnu/libc.so.6+0x2a337) (BuildId: 467f544f15035abef911999cbc14489edd0555ab)
    #8 0x7ff5c395a3fa in __libc_start_main (/lib/x86_64-linux-gnu/libc.so.6+0x2a3fa) (BuildId: 467f544f15035abef911999cbc14489edd0555ab)
    #9 0x55ca91511b64 in _start (/workspace/build-asan/tsc+0x74b64) (BuildId: 73a10d7cc646a755f705b0ae57418e68578aec2f)

Indirect leak of 414784 byte(s) in 1 object(s) allocated from:
    #0 0x55ca915fa191 in operator new(unsigned long) (/workspace/build-asan/tsc+0x15d191) (BuildId: 73a10d7cc646a755f705b0ae57418e68578aec2f)
    #1 0x7ff5c7c07eef  (/usr/lib/llvm-20/lib/libLLVM.so.20.1+0x3cebeef) (BuildId: b856c61f98abf0989f157f153740fe0fadfbb760)
    #2 0x55ca91648523 in llvm::Target::createTargetMachine(llvm::StringRef, llvm::StringRef, llvm::StringRef, llvm::TargetOptions const&, std::optional<llvm::Reloc::Model>, std::optional<llvm::CodeModel::Model>, llvm::CodeGenOptLevel, bool) const /usr/lib/llvm-20/include/llvm/MC/TargetRegistry.h:462:12
    #3 0x55ca9163a09e in tsc::TargetRegistry::initializeAllTargets() /workspace/src/TargetRegistry.cpp:67:41
    #4 0x55ca9162bdcd in tsc::Compiler::initializeLLVM() /workspace/src/Compiler.cpp:349:14
    #5 0x55ca9162b8b7 in tsc::Compiler::Compiler(tsc::CompilerOptions const&) /workspace/src/Compiler.cpp:24:5
    #6 0x55ca915fd7b5 in main /workspace/src/main.cpp:191:18
    #7 0x7ff5c395a337  (/lib/x86_64-linux-gnu/libc.so.6+0x2a337) (BuildId: 467f544f15035abef911999cbc14489edd0555ab)
    #8 0x7ff5c395a3fa in __libc_start_main (/lib/x86_64-linux-gnu/libc.so.6+0x2a3fa) (BuildId: 467f544f15035abef911999cbc14489edd0555ab)
    #9 0x55ca91511b64 in _start (/workspace/build-asan/tsc+0x74b64) (BuildId: 73a10d7cc646a755f705b0ae57418e68578aec2f)

Indirect leak of 414768 byte(s) in 1 object(s) allocated from:
    #0 0x55ca915fa191 in operator new(unsigned long) (/workspace/build-asan/tsc+0x15d191) (BuildId: 73a10d7cc646a755f705b0ae57418e68578aec2f)
    #1 0x7ff5c8457a1e  (/usr/lib/llvm-20/lib/libLLVM.so.20.1+0x453ba1e) (BuildId: b856c61f98abf0989f157f153740fe0fadfbb760)
    #2 0x55ca91648523 in llvm::Target::createTargetMachine(llvm::StringRef, llvm::StringRef, llvm::StringRef, llvm::TargetOptions const&, std::optional<llvm::Reloc::Model>, std::optional<llvm::CodeModel::Model>, llvm::CodeGenOptLevel, bool) const /usr/lib/llvm-20/include/llvm/MC/TargetRegistry.h:462:12
    #3 0x55ca9163a09e in tsc::TargetRegistry::initializeAllTargets() /workspace/src/TargetRegistry.cpp:67:41
    #4 0x55ca9162bdcd in tsc::Compiler::initializeLLVM() /workspace/src/Compiler.cpp:349:14
    #5 0x55ca9162b8b7 in tsc::Compiler::Compiler(tsc::CompilerOptions const&) /workspace/src/Compiler.cpp:24:5
    #6 0x55ca915fd7b5 in main /workspace/src/main.cpp:191:18
    #7 0x7ff5c395a337  (/lib/x86_64-linux-gnu/libc.so.6+0x2a337) (BuildId: 467f544f15035abef911999cbc14489edd0555ab)
    #8 0x7ff5c395a3fa in __libc_start_main (/lib/x86_64-linux-gnu/libc.so.6+0x2a3fa) (BuildId: 467f544f15035abef911999cbc14489edd0555ab)
    #9 0x55ca91511b64 in _start (/workspace/build-asan/tsc+0x74b64) (BuildId: 73a10d7cc646a755f705b0ae57418e68578aec2f)

Indirect leak of 414728 byte(s) in 1 object(s) allocated from:
    #0 0x55ca915fa191 in operator new(unsigned long) (/workspace/build-asan/tsc+0x15d191) (BuildId: 73a10d7cc646a755f705b0ae57418e68578aec2f)
    #1 0x7ff5c79d07be  (/usr/lib/llvm-20/lib/libLLVM.so.20.1+0x3ab47be) (BuildId: b856c61f98abf0989f157f153740fe0fadfbb760)
    #2 0x55ca91648523 in llvm::Target::createTargetMachine(llvm::StringRef, llvm::StringRef, llvm::StringRef, llvm::TargetOptions const&, std::optional<llvm::Reloc::Model>, std::optional<llvm::CodeModel::Model>, llvm::CodeGenOptLevel, bool) const /usr/lib/llvm-20/include/llvm/MC/TargetRegistry.h:462:12
    #3 0x55ca9163a09e in tsc::TargetRegistry::initializeAllTargets() /workspace/src/TargetRegistry.cpp:67:41
    #4 0x55ca9162bdcd in tsc::Compiler::initializeLLVM() /workspace/src/Compiler.cpp:349:14
    #5 0x55ca9162b8b7 in tsc::Compiler::Compiler(tsc::CompilerOptions const&) /workspace/src/Compiler.cpp:24:5
    #6 0x55ca915fd7b5 in main /workspace/src/main.cpp:191:18
    #7 0x7ff5c395a337  (/lib/x86_64-linux-gnu/libc.so.6+0x2a337) (BuildId: 467f544f15035abef911999cbc14489edd0555ab)
    #8 0x7ff5c395a3fa in __libc_start_main (/lib/x86_64-linux-gnu/libc.so.6+0x2a3fa) (BuildId: 467f544f15035abef911999cbc14489edd0555ab)
    #9 0x55ca91511b64 in _start (/workspace/build-asan/tsc+0x74b64) (BuildId: 73a10d7cc646a755f705b0ae57418e68578aec2f)

Indirect leak of 414528 byte(s) in 1 object(s) allocated from:
    #0 0x55ca915fa191 in operator new(unsigned long) (/workspace/build-asan/tsc+0x15d191) (BuildId: 73a10d7cc646a755f705b0ae57418e68578aec2f)
    #1 0x7ff5c805ec7e  (/usr/lib/llvm-20/lib/libLLVM.so.20.1+0x4142c7e) (BuildId: b856c61f98abf0989f157f153740fe0fadfbb760)
    #2 0x55ca91648523 in llvm::Target::createTargetMachine(llvm::StringRef, llvm::StringRef, llvm::StringRef, llvm::TargetOptions const&, std::optional<llvm::Reloc::Model>, std::optional<llvm::CodeModel::Model>, llvm::CodeGenOptLevel, bool) const /usr/lib/llvm-20/include/llvm/MC/TargetRegistry.h:462:12
    #3 0x55ca9163a09e in tsc::TargetRegistry::initializeAllTargets() /workspace/src/TargetRegistry.cpp:67:41
    #4 0x55ca9162bdcd in tsc::Compiler::initializeLLVM() /workspace/src/Compiler.cpp:349:14
    #5 0x55ca9162b8b7 in tsc::Compiler::Compiler(tsc::CompilerOptions const&) /workspace/src/Compiler.cpp:24:5
    #6 0x55ca915fd7b5 in main /workspace/src/main.cpp:191:18
    #7 0x7ff5c395a337  (/lib/x86_64-linux-gnu/libc.so.6+0x2a337) (BuildId: 467f544f15035abef911999cbc14489edd0555ab)
    #8 0x7ff5c395a3fa in __libc_start_main (/lib/x86_64-linux-gnu/libc.so.6+0x2a3fa) (BuildId: 467f544f15035abef911999cbc14489edd0555ab)
    #9 0x55ca91511b64 in _start (/workspace/build-asan/tsc+0x74b64) (BuildId: 73a10d7cc646a755f705b0ae57418e68578aec2f)

Indirect leak of 414488 byte(s) in 1 object(s) allocated from:
    #0 0x55ca915fa191 in operator new(unsigned long) (/workspace/build-asan/tsc+0x15d191) (BuildId: 73a10d7cc646a755f705b0ae57418e68578aec2f)
    #1 0x7ff5c787928e  (/usr/lib/llvm-20/lib/libLLVM.so.20.1+0x395d28e) (BuildId: b856c61f98abf0989f157f153740fe0fadfbb760)
    #2 0x55ca91648523 in llvm::Target::createTargetMachine(llvm::StringRef, llvm::StringRef, llvm::StringRef, llvm::TargetOptions const&, std::optional<llvm::Reloc::Model>, std::optional<llvm::CodeModel::Model>, llvm::CodeGenOptLevel, bool) const /usr/lib/llvm-20/include/llvm/MC/TargetRegistry.h:462:12
    #3 0x55ca9163a09e in tsc::TargetRegistry::initializeAllTargets() /workspace/src/TargetRegistry.cpp:67:41
    #4 0x55ca9162bdcd in tsc::Compiler::initializeLLVM() /workspace/src/Compiler.cpp:349:14
    #5 0x55ca9162b8b7 in tsc::Compiler::Compiler(tsc::CompilerOptions const&) /workspace/src/Compiler.cpp:24:5
    #6 0x55ca915fd7b5 in main /workspace/src/main.cpp:191:18
    #7 0x7ff5c395a337  (/lib/x86_64-linux-gnu/libc.so.6+0x2a337) (BuildId: 467f544f15035abef911999cbc14489edd0555ab)
    #8 0x7ff5c395a3fa in __libc_start_main (/lib/x86_64-linux-gnu/libc.so.6+0x2a3fa) (BuildId: 467f544f15035abef911999cbc14489edd0555ab)
    #9 0x55ca91511b64 in _start (/workspace/build-asan/tsc+0x74b64) (BuildId: 73a10d7cc646a755f705b0ae57418e68578aec2f)

Indirect leak of 414456 byte(s) in 1 object(s) allocated from:
    #0 0x55ca915fa191 in operator new(unsigned long) (/workspace/build-asan/tsc+0x15d191) (BuildId: 73a10d7cc646a755f705b0ae57418e68578aec2f)
    #1 0x7ff5c7bc22ee  (/usr/lib/llvm-20/lib/libLLVM.so.20.1+0x3ca62ee) (BuildId: b856c61f98abf0989f157f153740fe0fadfbb760)
    #2 0x55ca91648523 in llvm::Target::createTargetMachine(llvm::StringRef, llvm::StringRef, llvm::StringRef, llvm::TargetOptions const&, std::optional<llvm::Reloc::Model>, std::optional<llvm::CodeModel::Model>, llvm::CodeGenOptLevel, bool) const /usr/lib/llvm-20/include/llvm/MC/TargetRegistry.h:462:12
    #3 0x55ca9163a09e in tsc::TargetRegistry::initializeAllTargets() /workspace/src/TargetRegistry.cpp:67:41
    #4 0x55ca9162bdcd in tsc::Compiler::initializeLLVM() /workspace/src/Compiler.cpp:349:14
    #5 0x55ca9162b8b7 in tsc::Compiler::Compiler(tsc::CompilerOptions const&) /workspace/src/Compiler.cpp:24:5
    #6 0x55ca915fd7b5 in main /workspace/src/main.cpp:191:18
    #7 0x7ff5c395a337  (/lib/x86_64-linux-gnu/libc.so.6+0x2a337) (BuildId: 467f544f15035abef911999cbc14489edd0555ab)
    #8 0x7ff5c395a3fa in __libc_start_main (/lib/x86_64-linux-gnu/libc.so.6+0x2a3fa) (BuildId: 467f544f15035abef911999cbc14489edd0555ab)
    #9 0x55ca91511b64 in _start (/workspace/build-asan/tsc+0x74b64) (BuildId: 73a10d7cc646a755f705b0ae57418e68578aec2f)

Indirect leak of 414440 byte(s) in 1 object(s) allocated from:
    #0 0x55ca915fa191 in operator new(unsigned long) (/workspace/build-asan/tsc+0x15d191) (BuildId: 73a10d7cc646a755f705b0ae57418e68578aec2f)
    #1 0x7ff5c7a5256e  (/usr/lib/llvm-20/lib/libLLVM.so.20.1+0x3b3656e) (BuildId: b856c61f98abf0989f157f153740fe0fadfbb760)
    #2 0x55ca91648523 in llvm::Target::createTargetMachine(llvm::StringRef, llvm::StringRef, llvm::StringRef, llvm::TargetOptions const&, std::optional<llvm::Reloc::Model>, std::optional<llvm::CodeModel::Model>, llvm::CodeGenOptLevel, bool) const /usr/lib/llvm-20/include/llvm/MC/TargetRegistry.h:462:12
    #3 0x55ca9163a09e in tsc::TargetRegistry::initializeAllTargets() /workspace/src/TargetRegistry.cpp:67:41
    #4 0x55ca9162bdcd in tsc::Compiler::initializeLLVM() /workspace/src/Compiler.cpp:349:14
    #5 0x55ca9162b8b7 in tsc::Compiler::Compiler(tsc::CompilerOptions const&) /workspace/src/Compiler.cpp:24:5
    #6 0x55ca915fd7b5 in main /workspace/src/main.cpp:191:18
    #7 0x7ff5c395a337  (/lib/x86_64-linux-gnu/libc.so.6+0x2a337) (BuildId: 467f544f15035abef911999cbc14489edd0555ab)
    #8 0x7ff5c395a3fa in __libc_start_main (/lib/x86_64-linux-gnu/libc.so.6+0x2a3fa) (BuildId: 467f544f15035abef911999cbc14489edd0555ab)
    #9 0x55ca91511b64 in _start (/workspace/build-asan/tsc+0x74b64) (BuildId: 73a10d7cc646a755f705b0ae57418e68578aec2f)

Indirect leak of 414440 byte(s) in 1 object(s) allocated from:
    #0 0x55ca915fa191 in operator new(unsigned long) (/workspace/build-asan/tsc+0x15d191) (BuildId: 73a10d7cc646a755f705b0ae57418e68578aec2f)
    #1 0x7ff5c841d07e  (/usr/lib/llvm-20/lib/libLLVM.so.20.1+0x450107e) (BuildId: b856c61f98abf0989f157f153740fe0fadfbb760)
    #2 0x55ca91648523 in llvm::Target::createTargetMachine(llvm::StringRef, llvm::StringRef, llvm::StringRef, llvm::TargetOptions const&, std::optional<llvm::Reloc::Model>, std::optional<llvm::CodeModel::Model>, llvm::CodeGenOptLevel, bool) const /usr/lib/llvm-20/include/llvm/MC/TargetRegistry.h:462:12
    #3 0x55ca9163a09e in tsc::TargetRegistry::initializeAllTargets() /workspace/src/TargetRegistry.cpp:67:41
    #4 0x55ca9162bdcd in tsc::Compiler::initializeLLVM() /workspace/src/Compiler.cpp:349:14
    #5 0x55ca9162b8b7 in tsc::Compiler::Compiler(tsc::CompilerOptions const&) /workspace/src/Compiler.cpp:24:5
    #6 0x55ca915fd7b5 in main /workspace/src/main.cpp:191:18
    #7 0x7ff5c395a337  (/lib/x86_64-linux-gnu/libc.so.6+0x2a337) (BuildId: 467f544f15035abef911999cbc14489edd0555ab)
    #8 0x7ff5c395a3fa in __libc_start_main (/lib/x86_64-linux-gnu/libc.so.6+0x2a3fa) (BuildId: 467f544f15035abef911999cbc14489edd0555ab)
    #9 0x55ca91511b64 in _start (/workspace/build-asan/tsc+0x74b64) (BuildId: 73a10d7cc646a755f705b0ae57418e68578aec2f)

Indirect leak of 376560 byte(s) in 3 object(s) allocated from:
    #0 0x55ca915fa191 in operator new(unsigned long) (/workspace/build-asan/tsc+0x15d191) (BuildId: 73a10d7cc646a755f705b0ae57418e68578aec2f)
    #1 0x7ff5c7f81aa3  (/usr/lib/llvm-20/lib/libLLVM.so.20.1+0x4065aa3) (BuildId: b856c61f98abf0989f157f153740fe0fadfbb760)
    #2 0x7ff5c7f83c8f  (/usr/lib/llvm-20/lib/libLLVM.so.20.1+0x4067c8f) (BuildId: b856c61f98abf0989f157f153740fe0fadfbb760)
    #3 0x7ff5c7f8526a  (/usr/lib/llvm-20/lib/libLLVM.so.20.1+0x406926a) (BuildId: b856c61f98abf0989f157f153740fe0fadfbb760)
    #4 0x55ca91648523 in llvm::Target::createTargetMachine(llvm::StringRef, llvm::StringRef, llvm::StringRef, llvm::TargetOptions const&, std::optional<llvm::Reloc::Model>, std::optional<llvm::CodeModel::Model>, llvm::CodeGenOptLevel, bool) const /usr/lib/llvm-20/include/llvm/MC/TargetRegistry.h:462:12
    #5 0x55ca9163a09e in tsc::TargetRegistry::initializeAllTargets() /workspace/src/TargetRegistry.cpp:67:41
    #6 0x55ca9162bdcd in tsc::Compiler::initializeLLVM() /workspace/src/Compiler.cpp:349:14
    #7 0x55ca9162b8b7 in tsc::Compiler::Compiler(tsc::CompilerOptions const&) /workspace/src/Compiler.cpp:24:5
    #8 0x55ca915fd7b5 in main /workspace/src/main.cpp:191:18
    #9 0x7ff5c395a337  (/lib/x86_64-linux-gnu/libc.so.6+0x2a337) (BuildId: 467f544f15035abef911999cbc14489edd0555ab)
    #10 0x7ff5c395a3fa in __libc_start_main (/lib/x86_64-linux-gnu/libc.so.6+0x2a3fa) (BuildId: 467f544f15035abef911999cbc14489edd0555ab)
    #11 0x55ca91511b64 in _start (/workspace/build-asan/tsc+0x74b64) (BuildId: 73a10d7cc646a755f705b0ae57418e68578aec2f)

Indirect leak of 376512 byte(s) in 3 object(s) allocated from:
    #0 0x55ca915fa191 in operator new(unsigned long) (/workspace/build-asan/tsc+0x15d191) (BuildId: 73a10d7cc646a755f705b0ae57418e68578aec2f)
    #1 0x7ff5c78a435f  (/usr/lib/llvm-20/lib/libLLVM.so.20.1+0x398835f) (BuildId: b856c61f98abf0989f157f153740fe0fadfbb760)
    #2 0x7ff5c78a49df  (/usr/lib/llvm-20/lib/libLLVM.so.20.1+0x39889df) (BuildId: b856c61f98abf0989f157f153740fe0fadfbb760)
    #3 0x7ff5c78a5f8a  (/usr/lib/llvm-20/lib/libLLVM.so.20.1+0x3989f8a) (BuildId: b856c61f98abf0989f157f153740fe0fadfbb760)
    #4 0x55ca91648523 in llvm::Target::createTargetMachine(llvm::StringRef, llvm::StringRef, llvm::StringRef, llvm::TargetOptions const&, std::optional<llvm::Reloc::Model>, std::optional<llvm::CodeModel::Model>, llvm::CodeGenOptLevel, bool) const /usr/lib/llvm-20/include/llvm/MC/TargetRegistry.h:462:12
    #5 0x55ca9163a09e in tsc::TargetRegistry::initializeAllTargets() /workspace/src/TargetRegistry.cpp:67:41
    #6 0x55ca9162bdcd in tsc::Compiler::initializeLLVM() /workspace/src/Compiler.cpp:349:14
    #7 0x55ca9162b8b7 in tsc::Compiler::Compiler(tsc::CompilerOptions const&) /workspace/src/Compiler.cpp:24:5
    #8 0x55ca915fd7b5 in main /workspace/src/main.cpp:191:18
    #9 0x7ff5c395a337  (/lib/x86_64-linux-gnu/libc.so.6+0x2a337) (BuildId: 467f544f15035abef911999cbc14489edd0555ab)
    #10 0x7ff5c395a3fa in __libc_start_main (/lib/x86_64-linux-gnu/libc.so.6+0x2a3fa) (BuildId: 467f544f15035abef911999cbc14489edd0555ab)
    #11 0x55ca91511b64 in _start (/workspace/build-asan/tsc+0x74b64) (BuildId: 73a10d7cc646a755f705b0ae57418e68578aec2f)

Indirect leak of 251008 byte(s) in 2 object(s) allocated from:
    #0 0x55ca915fa191 in operator new(unsigned long) (/workspace/build-asan/tsc+0x15d191) (BuildId: 73a10d7cc646a755f705b0ae57418e68578aec2f)
    #1 0x7ff5c7b6090c  (/usr/lib/llvm-20/lib/libLLVM.so.20.1+0x3c4490c) (BuildId: b856c61f98abf0989f157f153740fe0fadfbb760)
    #2 0x7ff5c7b6188a  (/usr/lib/llvm-20/lib/libLLVM.so.20.1+0x3c4588a) (BuildId: b856c61f98abf0989f157f153740fe0fadfbb760)
    #3 0x7ff5c7b62a6c  (/usr/lib/llvm-20/lib/libLLVM.so.20.1+0x3c46a6c) (BuildId: b856c61f98abf0989f157f153740fe0fadfbb760)
    #4 0x55ca91648523 in llvm::Target::createTargetMachine(llvm::StringRef, llvm::StringRef, llvm::StringRef, llvm::TargetOptions const&, std::optional<llvm::Reloc::Model>, std::optional<llvm::CodeModel::Model>, llvm::CodeGenOptLevel, bool) const /usr/lib/llvm-20/include/llvm/MC/TargetRegistry.h:462:12
    #5 0x55ca9163a09e in tsc::TargetRegistry::initializeAllTargets() /workspace/src/TargetRegistry.cpp:67:41
    #6 0x55ca9162bdcd in tsc::Compiler::initializeLLVM() /workspace/src/Compiler.cpp:349:14
    #7 0x55ca9162b8b7 in tsc::Compiler::Compiler(tsc::CompilerOptions const&) /workspace/src/Compiler.cpp:24:5
    #8 0x55ca915fd7b5 in main /workspace/src/main.cpp:191:18
    #9 0x7ff5c395a337  (/lib/x86_64-linux-gnu/libc.so.6+0x2a337) (BuildId: 467f544f15035abef911999cbc14489edd0555ab)
    #10 0x7ff5c395a3fa in __libc_start_main (/lib/x86_64-linux-gnu/libc.so.6+0x2a3fa) (BuildId: 467f544f15035abef911999cbc14489edd0555ab)
    #11 0x55ca91511b64 in _start (/workspace/build-asan/tsc+0x74b64) (BuildId: 73a10d7cc646a755f705b0ae57418e68578aec2f)

Indirect leak of 251008 byte(s) in 2 object(s) allocated from:
    #0 0x55ca915fa191 in operator new(unsigned long) (/workspace/build-asan/tsc+0x15d191) (BuildId: 73a10d7cc646a755f705b0ae57418e68578aec2f)
    #1 0x7ff5c7b6090c  (/usr/lib/llvm-20/lib/libLLVM.so.20.1+0x3c4490c) (BuildId: b856c61f98abf0989f157f153740fe0fadfbb760)
    #2 0x7ff5c7b61710  (/usr/lib/llvm-20/lib/libLLVM.so.20.1+0x3c45710) (BuildId: b856c61f98abf0989f157f153740fe0fadfbb760)
    #3 0x7ff5c7b62a6c  (/usr/lib/llvm-20/lib/libLLVM.so.20.1+0x3c46a6c) (BuildId: b856c61f98abf0989f157f153740fe0fadfbb760)
    #4 0x55ca91648523 in llvm::Target::createTargetMachine(llvm::StringRef, llvm::StringRef, llvm::StringRef, llvm::TargetOptions const&, std::optional<llvm::Reloc::Model>, std::optional<llvm::CodeModel::Model>, llvm::CodeGenOptLevel, bool) const /usr/lib/llvm-20/include/llvm/MC/TargetRegistry.h:462:12
    #5 0x55ca9163a09e in tsc::TargetRegistry::initializeAllTargets() /workspace/src/TargetRegistry.cpp:67:41
    #6 0x55ca9162bdcd in tsc::Compiler::initializeLLVM() /workspace/src/Compiler.cpp:349:14
    #7 0x55ca9162b8b7 in tsc::Compiler::Compiler(tsc::CompilerOptions const&) /workspace/src/Compiler.cpp:24:5
    #8 0x55ca915fd7b5 in main /workspace/src/main.cpp:191:18
    #9 0x7ff5c395a337  (/lib/x86_64-linux-gnu/libc.so.6+0x2a337) (BuildId: 467f544f15035abef911999cbc14489edd0555ab)
    #10 0x7ff5c395a3fa in __libc_start_main (/lib/x86_64-linux-gnu/libc.so.6+0x2a3fa) (BuildId: 467f544f15035abef911999cbc14489edd0555ab)
    #11 0x55ca91511b64 in _start (/workspace/build-asan/tsc+0x74b64) (BuildId: 73a10d7cc646a755f705b0ae57418e68578aec2f)

Indirect leak of 251008 byte(s) in 2 object(s) allocated from:
    #0 0x55ca915fa191 in operator new(unsigned long) (/workspace/build-asan/tsc+0x15d191) (BuildId: 73a10d7cc646a755f705b0ae57418e68578aec2f)
    #1 0x7ff5c7b6090c  (/usr/lib/llvm-20/lib/libLLVM.so.20.1+0x3c4490c) (BuildId: b856c61f98abf0989f157f153740fe0fadfbb760)
    #2 0x7ff5c7b61a19  (/usr/lib/llvm-20/lib/libLLVM.so.20.1+0x3c45a19) (BuildId: b856c61f98abf0989f157f153740fe0fadfbb760)
    #3 0x7ff5c7b62a6c  (/usr/lib/llvm-20/lib/libLLVM.so.20.1+0x3c46a6c) (BuildId: b856c61f98abf0989f157f153740fe0fadfbb760)
    #4 0x55ca91648523 in llvm::Target::createTargetMachine(llvm::StringRef, llvm::StringRef, llvm::StringRef, llvm::TargetOptions const&, std::optional<llvm::Reloc::Model>, std::optional<llvm::CodeModel::Model>, llvm::CodeGenOptLevel, bool) const /usr/lib/llvm-20/include/llvm/MC/TargetRegistry.h:462:12
    #5 0x55ca9163a09e in tsc::TargetRegistry::initializeAllTargets() /workspace/src/TargetRegistry.cpp:67:41
    #6 0x55ca9162bdcd in tsc::Compiler::initializeLLVM() /workspace/src/Compiler.cpp:349:14
    #7 0x55ca9162b8b7 in tsc::Compiler::Compiler(tsc::CompilerOptions const&) /workspace/src/Compiler.cpp:24:5
    #8 0x55ca915fd7b5 in main /workspace/src/main.cpp:191:18
    #9 0x7ff5c395a337  (/lib/x86_64-linux-gnu/libc.so.6+0x2a337) (BuildId: 467f544f15035abef911999cbc14489edd0555ab)
    #10 0x7ff5c395a3fa in __libc_start_main (/lib/x86_64-linux-gnu/libc.so.6+0x2a3fa) (BuildId: 467f544f15035abef911999cbc14489edd0555ab)
    #11 0x55ca91511b64 in _start (/workspace/build-asan/tsc+0x74b64) (BuildId: 73a10d7cc646a755f705b0ae57418e68578aec2f)

Indirect leak of 251008 byte(s) in 2 object(s) allocated from:
    #0 0x55ca915fa191 in operator new(unsigned long) (/workspace/build-asan/tsc+0x15d191) (BuildId: 73a10d7cc646a755f705b0ae57418e68578aec2f)
    #1 0x7ff5c7b6090c  (/usr/lib/llvm-20/lib/libLLVM.so.20.1+0x3c4490c) (BuildId: b856c61f98abf0989f157f153740fe0fadfbb760)
    #2 0x7ff5c7b6188a  (/usr/lib/llvm-20/lib/libLLVM.so.20.1+0x3c4588a) (BuildId: b856c61f98abf0989f157f153740fe0fadfbb760)
    #3 0x7ff5c7b62b2c  (/usr/lib/llvm-20/lib/libLLVM.so.20.1+0x3c46b2c) (BuildId: b856c61f98abf0989f157f153740fe0fadfbb760)
    #4 0x55ca91648523 in llvm::Target::createTargetMachine(llvm::StringRef, llvm::StringRef, llvm::StringRef, llvm::TargetOptions const&, std::optional<llvm::Reloc::Model>, std::optional<llvm::CodeModel::Model>, llvm::CodeGenOptLevel, bool) const /usr/lib/llvm-20/include/llvm/MC/TargetRegistry.h:462:12
    #5 0x55ca9163a09e in tsc::TargetRegistry::initializeAllTargets() /workspace/src/TargetRegistry.cpp:67:41
    #6 0x55ca9162bdcd in tsc::Compiler::initializeLLVM() /workspace/src/Compiler.cpp:349:14
    #7 0x55ca9162b8b7 in tsc::Compiler::Compiler(tsc::CompilerOptions const&) /workspace/src/Compiler.cpp:24:5
    #8 0x55ca915fd7b5 in main /workspace/src/main.cpp:191:18
    #9 0x7ff5c395a337  (/lib/x86_64-linux-gnu/libc.so.6+0x2a337) (BuildId: 467f544f15035abef911999cbc14489edd0555ab)
    #10 0x7ff5c395a3fa in __libc_start_main (/lib/x86_64-linux-gnu/libc.so.6+0x2a3fa) (BuildId: 467f544f15035abef911999cbc14489edd0555ab)
    #11 0x55ca91511b64 in _start (/workspace/build-asan/tsc+0x74b64) (BuildId: 73a10d7cc646a755f705b0ae57418e68578aec2f)

Indirect leak of 251008 byte(s) in 2 object(s) allocated from:
    #0 0x55ca915fa191 in operator new(unsigned long) (/workspace/build-asan/tsc+0x15d191) (BuildId: 73a10d7cc646a755f705b0ae57418e68578aec2f)
    #1 0x7ff5c7b6090c  (/usr/lib/llvm-20/lib/libLLVM.so.20.1+0x3c4490c) (BuildId: b856c61f98abf0989f157f153740fe0fadfbb760)
    #2 0x7ff5c7b61a19  (/usr/lib/llvm-20/lib/libLLVM.so.20.1+0x3c45a19) (BuildId: b856c61f98abf0989f157f153740fe0fadfbb760)
    #3 0x7ff5c7b62b2c  (/usr/lib/llvm-20/lib/libLLVM.so.20.1+0x3c46b2c) (BuildId: b856c61f98abf0989f157f153740fe0fadfbb760)
    #4 0x55ca91648523 in llvm::Target::createTargetMachine(llvm::StringRef, llvm::StringRef, llvm::StringRef, llvm::TargetOptions const&, std::optional<llvm::Reloc::Model>, std::optional<llvm::CodeModel::Model>, llvm::CodeGenOptLevel, bool) const /usr/lib/llvm-20/include/llvm/MC/TargetRegistry.h:462:12
    #5 0x55ca9163a09e in tsc::TargetRegistry::initializeAllTargets() /workspace/src/TargetRegistry.cpp:67:41
    #6 0x55ca9162bdcd in tsc::Compiler::initializeLLVM() /workspace/src/Compiler.cpp:349:14
    #7 0x55ca9162b8b7 in tsc::Compiler::Compiler(tsc::CompilerOptions const&) /workspace/src/Compiler.cpp:24:5
    #8 0x55ca915fd7b5 in main /workspace/src/main.cpp:191:18
    #9 0x7ff5c395a337  (/lib/x86_64-linux-gnu/libc.so.6+0x2a337) (BuildId: 467f544f15035abef911999cbc14489edd0555ab)
    #10 0x7ff5c395a3fa in __libc_start_main (/lib/x86_64-linux-gnu/libc.so.6+0x2a3fa) (BuildId: 467f544f15035abef911999cbc14489edd0555ab)
    #11 0x55ca91511b64 in _start (/workspace/build-asan/tsc+0x74b64) (BuildId: 73a10d7cc646a755f705b0ae57418e68578aec2f)

Indirect leak of 251008 byte(s) in 2 object(s) allocated from:
    #0 0x55ca915fa191 in operator new(unsigned long) (/workspace/build-asan/tsc+0x15d191) (BuildId: 73a10d7cc646a755f705b0ae57418e68578aec2f)
    #1 0x7ff5c7b6090c  (/usr/lib/llvm-20/lib/libLLVM.so.20.1+0x3c4490c) (BuildId: b856c61f98abf0989f157f153740fe0fadfbb760)
    #2 0x7ff5c7b61710  (/usr/lib/llvm-20/lib/libLLVM.so.20.1+0x3c45710) (BuildId: b856c61f98abf0989f157f153740fe0fadfbb760)
    #3 0x7ff5c7b62b2c  (/usr/lib/llvm-20/lib/libLLVM.so.20.1+0x3c46b2c) (BuildId: b856c61f98abf0989f157f153740fe0fadfbb760)
    #4 0x55ca91648523 in llvm::Target::createTargetMachine(llvm::StringRef, llvm::StringRef, llvm::StringRef, llvm::TargetOptions const&, std::optional<llvm::Reloc::Model>, std::optional<llvm::CodeModel::Model>, llvm::CodeGenOptLevel, bool) const /usr/lib/llvm-20/include/llvm/MC/TargetRegistry.h:462:12
    #5 0x55ca9163a09e in tsc::TargetRegistry::initializeAllTargets() /workspace/src/TargetRegistry.cpp:67:41
    #6 0x55ca9162bdcd in tsc::Compiler::initializeLLVM() /workspace/src/Compiler.cpp:349:14
    #7 0x55ca9162b8b7 in tsc::Compiler::Compiler(tsc::CompilerOptions const&) /workspace/src/Compiler.cpp:24:5
    #8 0x55ca915fd7b5 in main /workspace/src/main.cpp:191:18
    #9 0x7ff5c395a337  (/lib/x86_64-linux-gnu/libc.so.6+0x2a337) (BuildId: 467f544f15035abef911999cbc14489edd0555ab)
    #10 0x7ff5c395a3fa in __libc_start_main (/lib/x86_64-linux-gnu/libc.so.6+0x2a3fa) (BuildId: 467f544f15035abef911999cbc14489edd0555ab)
    #11 0x55ca91511b64 in _start (/workspace/build-asan/tsc+0x74b64) (BuildId: 73a10d7cc646a755f705b0ae57418e68578aec2f)

Indirect leak of 215400 byte(s) in 1 object(s) allocated from:
    #0 0x55ca915fa191 in operator new(unsigned long) (/workspace/build-asan/tsc+0x15d191) (BuildId: 73a10d7cc646a755f705b0ae57418e68578aec2f)
    #1 0x7ff5c70d7bd0 in std::vector<std::vector<unsigned short, std::allocator<unsigned short>>, std::allocator<std::vector<unsigned short, std::allocator<unsigned short>>>>::_M_default_append(unsigned long) (/usr/lib/llvm-20/lib/libLLVM.so.20.1+0x31bbbd0) (BuildId: b856c61f98abf0989f157f153740fe0fadfbb760)
    #2 0x7ff5c763c416  (/usr/lib/llvm-20/lib/libLLVM.so.20.1+0x3720416) (BuildId: b856c61f98abf0989f157f153740fe0fadfbb760)
    #3 0x7ff5c52d06be in llvm::CodeGenTargetMachineImpl::initAsmInfo() (/usr/lib/llvm-20/lib/libLLVM.so.20.1+0x13b46be) (BuildId: b856c61f98abf0989f157f153740fe0fadfbb760)
    #4 0x7ff5c733201a  (/usr/lib/llvm-20/lib/libLLVM.so.20.1+0x341601a) (BuildId: b856c61f98abf0989f157f153740fe0fadfbb760)
    #5 0x7ff5c73e5e9c  (/usr/lib/llvm-20/lib/libLLVM.so.20.1+0x34c9e9c) (BuildId: b856c61f98abf0989f157f153740fe0fadfbb760)
    #6 0x7ff5c73471fd  (/usr/lib/llvm-20/lib/libLLVM.so.20.1+0x342b1fd) (BuildId: b856c61f98abf0989f157f153740fe0fadfbb760)
    #7 0x55ca91648523 in llvm::Target::createTargetMachine(llvm::StringRef, llvm::StringRef, llvm::StringRef, llvm::TargetOptions const&, std::optional<llvm::Reloc::Model>, std::optional<llvm::CodeModel::Model>, llvm::CodeGenOptLevel, bool) const /usr/lib/llvm-20/include/llvm/MC/TargetRegistry.h:462:12
    #8 0x55ca9163a09e in tsc::TargetRegistry::initializeAllTargets() /workspace/src/TargetRegistry.cpp:67:41
    #9 0x55ca9162bdcd in tsc::Compiler::initializeLLVM() /workspace/src/Compiler.cpp:349:14
    #10 0x55ca9162b8b7 in tsc::Compiler::Compiler(tsc::CompilerOptions const&) /workspace/src/Compiler.cpp:24:5
    #11 0x55ca915fd7b5 in main /workspace/src/main.cpp:191:18
    #12 0x7ff5c395a337  (/lib/x86_64-linux-gnu/libc.so.6+0x2a337) (BuildId: 467f544f15035abef911999cbc14489edd0555ab)
    #13 0x7ff5c395a3fa in __libc_start_main (/lib/x86_64-linux-gnu/libc.so.6+0x2a3fa) (BuildId: 467f544f15035abef911999cbc14489edd0555ab)
    #14 0x55ca91511b64 in _start (/workspace/build-asan/tsc+0x74b64) (BuildId: 73a10d7cc646a755f705b0ae57418e68578aec2f)

Indirect leak of 215400 byte(s) in 1 object(s) allocated from:
    #0 0x55ca915fa191 in operator new(unsigned long) (/workspace/build-asan/tsc+0x15d191) (BuildId: 73a10d7cc646a755f705b0ae57418e68578aec2f)
    #1 0x7ff5c70d7bd0 in std::vector<std::vector<unsigned short, std::allocator<unsigned short>>, std::allocator<std::vector<unsigned short, std::allocator<unsigned short>>>>::_M_default_append(unsigned long) (/usr/lib/llvm-20/lib/libLLVM.so.20.1+0x31bbbd0) (BuildId: b856c61f98abf0989f157f153740fe0fadfbb760)
    #2 0x7ff5c763c416  (/usr/lib/llvm-20/lib/libLLVM.so.20.1+0x3720416) (BuildId: b856c61f98abf0989f157f153740fe0fadfbb760)
    #3 0x7ff5c52d06be in llvm::CodeGenTargetMachineImpl::initAsmInfo() (/usr/lib/llvm-20/lib/libLLVM.so.20.1+0x13b46be) (BuildId: b856c61f98abf0989f157f153740fe0fadfbb760)
    #4 0x7ff5c733201a  (/usr/lib/llvm-20/lib/libLLVM.so.20.1+0x341601a) (BuildId: b856c61f98abf0989f157f153740fe0fadfbb760)
    #5 0x7ff5c734729c  (/usr/lib/llvm-20/lib/libLLVM.so.20.1+0x342b29c) (BuildId: b856c61f98abf0989f157f153740fe0fadfbb760)
    #6 0x55ca91648523 in llvm::Target::createTargetMachine(llvm::StringRef, llvm::StringRef, llvm::StringRef, llvm::TargetOptions const&, std::optional<llvm::Reloc::Model>, std::optional<llvm::CodeModel::Model>, llvm::CodeGenOptLevel, bool) const /usr/lib/llvm-20/include/llvm/MC/TargetRegistry.h:462:12
    #7 0x55ca9163a09e in tsc::TargetRegistry::initializeAllTargets() /workspace/src/TargetRegistry.cpp:67:41
    #8 0x55ca9162bdcd in tsc::Compiler::initializeLLVM() /workspace/src/Compiler.cpp:349:14
    #9 0x55ca9162b8b7 in tsc::Compiler::Compiler(tsc::CompilerOptions const&) /workspace/src/Compiler.cpp:24:5
    #10 0x55ca915fd7b5 in main /workspace/src/main.cpp:191:18
    #11 0x7ff5c395a337  (/lib/x86_64-linux-gnu/libc.so.6+0x2a337) (BuildId: 467f544f15035abef911999cbc14489edd0555ab)
    #12 0x7ff5c395a3fa in __libc_start_main (/lib/x86_64-linux-gnu/libc.so.6+0x2a3fa) (BuildId: 467f544f15035abef911999cbc14489edd0555ab)
    #13 0x55ca91511b64 in _start (/workspace/build-asan/tsc+0x74b64) (BuildId: 73a10d7cc646a755f705b0ae57418e68578aec2f)

Indirect leak of 125504 byte(s) in 1 object(s) allocated from:
    #0 0x55ca915fa191 in operator new(unsigned long) (/workspace/build-asan/tsc+0x15d191) (BuildId: 73a10d7cc646a755f705b0ae57418e68578aec2f)
    #1 0x7ff5c84564d8  (/usr/lib/llvm-20/lib/libLLVM.so.20.1+0x453a4d8) (BuildId: b856c61f98abf0989f157f153740fe0fadfbb760)
    #2 0x7ff5c8457105  (/usr/lib/llvm-20/lib/libLLVM.so.20.1+0x453b105) (BuildId: b856c61f98abf0989f157f153740fe0fadfbb760)
    #3 0x7ff5c8457a7a  (/usr/lib/llvm-20/lib/libLLVM.so.20.1+0x453ba7a) (BuildId: b856c61f98abf0989f157f153740fe0fadfbb760)
    #4 0x55ca91648523 in llvm::Target::createTargetMachine(llvm::StringRef, llvm::StringRef, llvm::StringRef, llvm::TargetOptions const&, std::optional<llvm::Reloc::Model>, std::optional<llvm::CodeModel::Model>, llvm::CodeGenOptLevel, bool) const /usr/lib/llvm-20/include/llvm/MC/TargetRegistry.h:462:12
    #5 0x55ca9163a09e in tsc::TargetRegistry::initializeAllTargets() /workspace/src/TargetRegistry.cpp:67:41
    #6 0x55ca9162bdcd in tsc::Compiler::initializeLLVM() /workspace/src/Compiler.cpp:349:14
    #7 0x55ca9162b8b7 in tsc::Compiler::Compiler(tsc::CompilerOptions const&) /workspace/src/Compiler.cpp:24:5
    #8 0x55ca915fd7b5 in main /workspace/src/main.cpp:191:18
    #9 0x7ff5c395a337  (/lib/x86_64-linux-gnu/libc.so.6+0x2a337) (BuildId: 467f544f15035abef911999cbc14489edd0555ab)
    #10 0x7ff5c395a3fa in __libc_start_main (/lib/x86_64-linux-gnu/libc.so.6+0x2a3fa) (BuildId: 467f544f15035abef911999cbc14489edd0555ab)
    #11 0x55ca91511b64 in _start (/workspace/build-asan/tsc+0x74b64) (BuildId: 73a10d7cc646a755f705b0ae57418e68578aec2f)

Indirect leak of 85920 byte(s) in 4 object(s) allocated from:
    #0 0x55ca915fa191 in operator new(unsigned long) (/workspace/build-asan/tsc+0x15d191) (BuildId: 73a10d7cc646a755f705b0ae57418e68578aec2f)
    #1 0x7ff5c70d7bd0 in std::vector<std::vector<unsigned short, std::allocator<unsigned short>>, std::allocator<std::vector<unsigned short, std::allocator<unsigned short>>>>::_M_default_append(unsigned long) (/usr/lib/llvm-20/lib/libLLVM.so.20.1+0x31bbbd0) (BuildId: b856c61f98abf0989f157f153740fe0fadfbb760)
    #2 0x7ff5c719b306  (/usr/lib/llvm-20/lib/libLLVM.so.20.1+0x327f306) (BuildId: b856c61f98abf0989f157f153740fe0fadfbb760)
    #3 0x7ff5c52d06be in llvm::CodeGenTargetMachineImpl::initAsmInfo() (/usr/lib/llvm-20/lib/libLLVM.so.20.1+0x13b46be) (BuildId: b856c61f98abf0989f157f153740fe0fadfbb760)
    #4 0x7ff5c70ed3c9  (/usr/lib/llvm-20/lib/libLLVM.so.20.1+0x31d13c9) (BuildId: b856c61f98abf0989f157f153740fe0fadfbb760)
    #5 0x7ff5c70efd1c  (/usr/lib/llvm-20/lib/libLLVM.so.20.1+0x31d3d1c) (BuildId: b856c61f98abf0989f157f153740fe0fadfbb760)
    #6 0x55ca91648523 in llvm::Target::createTargetMachine(llvm::StringRef, llvm::StringRef, llvm::StringRef, llvm::TargetOptions const&, std::optional<llvm::Reloc::Model>, std::optional<llvm::CodeModel::Model>, llvm::CodeGenOptLevel, bool) const /usr/lib/llvm-20/include/llvm/MC/TargetRegistry.h:462:12
    #7 0x55ca9163a09e in tsc::TargetRegistry::initializeAllTargets() /workspace/src/TargetRegistry.cpp:67:41
    #8 0x55ca9162bdcd in tsc::Compiler::initializeLLVM() /workspace/src/Compiler.cpp:349:14
    #9 0x55ca9162b8b7 in tsc::Compiler::Compiler(tsc::CompilerOptions const&) /workspace/src/Compiler.cpp:24:5
    #10 0x55ca915fd7b5 in main /workspace/src/main.cpp:191:18
    #11 0x7ff5c395a337  (/lib/x86_64-linux-gnu/libc.so.6+0x2a337) (BuildId: 467f544f15035abef911999cbc14489edd0555ab)
    #12 0x7ff5c395a3fa in __libc_start_main (/lib/x86_64-linux-gnu/libc.so.6+0x2a3fa) (BuildId: 467f544f15035abef911999cbc14489edd0555ab)
    #13 0x55ca91511b64 in _start (/workspace/build-asan/tsc+0x74b64) (BuildId: 73a10d7cc646a755f705b0ae57418e68578aec2f)

Indirect leak of 58752 byte(s) in 4 object(s) allocated from:
    #0 0x55ca915fa191 in operator new(unsigned long) (/workspace/build-asan/tsc+0x15d191) (BuildId: 73a10d7cc646a755f705b0ae57418e68578aec2f)
    #1 0x7ff5c70d7bd0 in std::vector<std::vector<unsigned short, std::allocator<unsigned short>>, std::allocator<std::vector<unsigned short, std::allocator<unsigned short>>>>::_M_default_append(unsigned long) (/usr/lib/llvm-20/lib/libLLVM.so.20.1+0x31bbbd0) (BuildId: b856c61f98abf0989f157f153740fe0fadfbb760)
    #2 0x7ff5c7d4ca7e  (/usr/lib/llvm-20/lib/libLLVM.so.20.1+0x3e30a7e) (BuildId: b856c61f98abf0989f157f153740fe0fadfbb760)
    #3 0x7ff5c52d06be in llvm::CodeGenTargetMachineImpl::initAsmInfo() (/usr/lib/llvm-20/lib/libLLVM.so.20.1+0x13b46be) (BuildId: b856c61f98abf0989f157f153740fe0fadfbb760)
    #4 0x7ff5c7d135ac  (/usr/lib/llvm-20/lib/libLLVM.so.20.1+0x3df75ac) (BuildId: b856c61f98abf0989f157f153740fe0fadfbb760)
    #5 0x7ff5c7d15bcd  (/usr/lib/llvm-20/lib/libLLVM.so.20.1+0x3df9bcd) (BuildId: b856c61f98abf0989f157f153740fe0fadfbb760)
    #6 0x55ca91648523 in llvm::Target::createTargetMachine(llvm::StringRef, llvm::StringRef, llvm::StringRef, llvm::TargetOptions const&, std::optional<llvm::Reloc::Model>, std::optional<llvm::CodeModel::Model>, llvm::CodeGenOptLevel, bool) const /usr/lib/llvm-20/include/llvm/MC/TargetRegistry.h:462:12
    #7 0x55ca9163a09e in tsc::TargetRegistry::initializeAllTargets() /workspace/src/TargetRegistry.cpp:67:41
    #8 0x55ca9162bdcd in tsc::Compiler::initializeLLVM() /workspace/src/Compiler.cpp:349:14
    #9 0x55ca9162b8b7 in tsc::Compiler::Compiler(tsc::CompilerOptions const&) /workspace/src/Compiler.cpp:24:5
    #10 0x55ca915fd7b5 in main /workspace/src/main.cpp:191:18
    #11 0x7ff5c395a337  (/lib/x86_64-linux-gnu/libc.so.6+0x2a337) (BuildId: 467f544f15035abef911999cbc14489edd0555ab)
    #12 0x7ff5c395a3fa in __libc_start_main (/lib/x86_64-linux-gnu/libc.so.6+0x2a3fa) (BuildId: 467f544f15035abef911999cbc14489edd0555ab)
    #13 0x55ca91511b64 in _start (/workspace/build-asan/tsc+0x74b64) (BuildId: 73a10d7cc646a755f705b0ae57418e68578aec2f)

Indirect leak of 25152 byte(s) in 2 object(s) allocated from:
    #0 0x55ca915fa191 in operator new(unsigned long) (/workspace/build-asan/tsc+0x15d191) (BuildId: 73a10d7cc646a755f705b0ae57418e68578aec2f)
    #1 0x7ff5c70d7bd0 in std::vector<std::vector<unsigned short, std::allocator<unsigned short>>, std::allocator<std::vector<unsigned short, std::allocator<unsigned short>>>>::_M_default_append(unsigned long) (/usr/lib/llvm-20/lib/libLLVM.so.20.1+0x31bbbd0) (BuildId: b856c61f98abf0989f157f153740fe0fadfbb760)
    #2 0x7ff5c7eb1fb3  (/usr/lib/llvm-20/lib/libLLVM.so.20.1+0x3f95fb3) (BuildId: b856c61f98abf0989f157f153740fe0fadfbb760)
    #3 0x7ff5c52d06be in llvm::CodeGenTargetMachineImpl::initAsmInfo() (/usr/lib/llvm-20/lib/libLLVM.so.20.1+0x13b46be) (BuildId: b856c61f98abf0989f157f153740fe0fadfbb760)
    #4 0x7ff5c7e26a54  (/usr/lib/llvm-20/lib/libLLVM.so.20.1+0x3f0aa54) (BuildId: b856c61f98abf0989f157f153740fe0fadfbb760)
    #5 0x7ff5c7e295aa  (/usr/lib/llvm-20/lib/libLLVM.so.20.1+0x3f0d5aa) (BuildId: b856c61f98abf0989f157f153740fe0fadfbb760)
    #6 0x55ca91648523 in llvm::Target::createTargetMachine(llvm::StringRef, llvm::StringRef, llvm::StringRef, llvm::TargetOptions const&, std::optional<llvm::Reloc::Model>, std::optional<llvm::CodeModel::Model>, llvm::CodeGenOptLevel, bool) const /usr/lib/llvm-20/include/llvm/MC/TargetRegistry.h:462:12
    #7 0x55ca9163a09e in tsc::TargetRegistry::initializeAllTargets() /workspace/src/TargetRegistry.cpp:67:41
    #8 0x55ca9162bdcd in tsc::Compiler::initializeLLVM() /workspace/src/Compiler.cpp:349:14
    #9 0x55ca9162b8b7 in tsc::Compiler::Compiler(tsc::CompilerOptions const&) /workspace/src/Compiler.cpp:24:5
    #10 0x55ca915fd7b5 in main /workspace/src/main.cpp:191:18
    #11 0x7ff5c395a337  (/lib/x86_64-linux-gnu/libc.so.6+0x2a337) (BuildId: 467f544f15035abef911999cbc14489edd0555ab)
    #12 0x7ff5c395a3fa in __libc_start_main (/lib/x86_64-linux-gnu/libc.so.6+0x2a3fa) (BuildId: 467f544f15035abef911999cbc14489edd0555ab)
    #13 0x55ca91511b64 in _start (/workspace/build-asan/tsc+0x74b64) (BuildId: 73a10d7cc646a755f705b0ae57418e68578aec2f)

Indirect leak of 21480 byte(s) in 1 object(s) allocated from:
    #0 0x55ca915fa191 in operator new(unsigned long) (/workspace/build-asan/tsc+0x15d191) (BuildId: 73a10d7cc646a755f705b0ae57418e68578aec2f)
    #1 0x7ff5c70d7bd0 in std::vector<std::vector<unsigned short, std::allocator<unsigned short>>, std::allocator<std::vector<unsigned short, std::allocator<unsigned short>>>>::_M_default_append(unsigned long) (/usr/lib/llvm-20/lib/libLLVM.so.20.1+0x31bbbd0) (BuildId: b856c61f98abf0989f157f153740fe0fadfbb760)
    #2 0x7ff5c719b306  (/usr/lib/llvm-20/lib/libLLVM.so.20.1+0x327f306) (BuildId: b856c61f98abf0989f157f153740fe0fadfbb760)
    #3 0x7ff5c52d06be in llvm::CodeGenTargetMachineImpl::initAsmInfo() (/usr/lib/llvm-20/lib/libLLVM.so.20.1+0x13b46be) (BuildId: b856c61f98abf0989f157f153740fe0fadfbb760)
    #4 0x7ff5c70ed3c9  (/usr/lib/llvm-20/lib/libLLVM.so.20.1+0x31d13c9) (BuildId: b856c61f98abf0989f157f153740fe0fadfbb760)
    #5 0x7ff5c70efddc  (/usr/lib/llvm-20/lib/libLLVM.so.20.1+0x31d3ddc) (BuildId: b856c61f98abf0989f157f153740fe0fadfbb760)
    #6 0x55ca91648523 in llvm::Target::createTargetMachine(llvm::StringRef, llvm::StringRef, llvm::StringRef, llvm::TargetOptions const&, std::optional<llvm::Reloc::Model>, std::optional<llvm::CodeModel::Model>, llvm::CodeGenOptLevel, bool) const /usr/lib/llvm-20/include/llvm/MC/TargetRegistry.h:462:12
    #7 0x55ca9163a09e in tsc::TargetRegistry::initializeAllTargets() /workspace/src/TargetRegistry.cpp:67:41
    #8 0x55ca9162bdcd in tsc::Compiler::initializeLLVM() /workspace/src/Compiler.cpp:349:14
    #9 0x55ca9162b8b7 in tsc::Compiler::Compiler(tsc::CompilerOptions const&) /workspace/src/Compiler.cpp:24:5
    #10 0x55ca915fd7b5 in main /workspace/src/main.cpp:191:18
    #11 0x7ff5c395a337  (/lib/x86_64-linux-gnu/libc.so.6+0x2a337) (BuildId: 467f544f15035abef911999cbc14489edd0555ab)
    #12 0x7ff5c395a3fa in __libc_start_main (/lib/x86_64-linux-gnu/libc.so.6+0x2a3fa) (BuildId: 467f544f15035abef911999cbc14489edd0555ab)
    #13 0x55ca91511b64 in _start (/workspace/build-asan/tsc+0x74b64) (BuildId: 73a10d7cc646a755f705b0ae57418e68578aec2f)

Indirect leak of 21216 byte(s) in 2 object(s) allocated from:
    #0 0x55ca915fa191 in operator new(unsigned long) (/workspace/build-asan/tsc+0x15d191) (BuildId: 73a10d7cc646a755f705b0ae57418e68578aec2f)
    #1 0x7ff5c70d7bd0 in std::vector<std::vector<unsigned short, std::allocator<unsigned short>>, std::allocator<std::vector<unsigned short, std::allocator<unsigned short>>>>::_M_default_append(unsigned long) (/usr/lib/llvm-20/lib/libLLVM.so.20.1+0x31bbbd0) (BuildId: b856c61f98abf0989f157f153740fe0fadfbb760)
    #2 0x7ff5c7bad073  (/usr/lib/llvm-20/lib/libLLVM.so.20.1+0x3c91073) (BuildId: b856c61f98abf0989f157f153740fe0fadfbb760)
    #3 0x7ff5c52d06be in llvm::CodeGenTargetMachineImpl::initAsmInfo() (/usr/lib/llvm-20/lib/libLLVM.so.20.1+0x13b46be) (BuildId: b856c61f98abf0989f157f153740fe0fadfbb760)
    #4 0x7ff5c7b61a81  (/usr/lib/llvm-20/lib/libLLVM.so.20.1+0x3c45a81) (BuildId: b856c61f98abf0989f157f153740fe0fadfbb760)
    #5 0x7ff5c7b62a6c  (/usr/lib/llvm-20/lib/libLLVM.so.20.1+0x3c46a6c) (BuildId: b856c61f98abf0989f157f153740fe0fadfbb760)
    #6 0x55ca91648523 in llvm::Target::createTargetMachine(llvm::StringRef, llvm::StringRef, llvm::StringRef, llvm::TargetOptions const&, std::optional<llvm::Reloc::Model>, std::optional<llvm::CodeModel::Model>, llvm::CodeGenOptLevel, bool) const /usr/lib/llvm-20/include/llvm/MC/TargetRegistry.h:462:12
    #7 0x55ca9163a09e in tsc::TargetRegistry::initializeAllTargets() /workspace/src/TargetRegistry.cpp:67:41
    #8 0x55ca9162bdcd in tsc::Compiler::initializeLLVM() /workspace/src/Compiler.cpp:349:14
    #9 0x55ca9162b8b7 in tsc::Compiler::Compiler(tsc::CompilerOptions const&) /workspace/src/Compiler.cpp:24:5
    #10 0x55ca915fd7b5 in main /workspace/src/main.cpp:191:18
    #11 0x7ff5c395a337  (/lib/x86_64-linux-gnu/libc.so.6+0x2a337) (BuildId: 467f544f15035abef911999cbc14489edd0555ab)
    #12 0x7ff5c395a3fa in __libc_start_main (/lib/x86_64-linux-gnu/libc.so.6+0x2a3fa) (BuildId: 467f544f15035abef911999cbc14489edd0555ab)
    #13 0x55ca91511b64 in _start (/workspace/build-asan/tsc+0x74b64) (BuildId: 73a10d7cc646a755f705b0ae57418e68578aec2f)

Indirect leak of 21216 byte(s) in 2 object(s) allocated from:
    #0 0x55ca915fa191 in operator new(unsigned long) (/workspace/build-asan/tsc+0x15d191) (BuildId: 73a10d7cc646a755f705b0ae57418e68578aec2f)
    #1 0x7ff5c70d7bd0 in std::vector<std::vector<unsigned short, std::allocator<unsigned short>>, std::allocator<std::vector<unsigned short, std::allocator<unsigned short>>>>::_M_default_append(unsigned long) (/usr/lib/llvm-20/lib/libLLVM.so.20.1+0x31bbbd0) (BuildId: b856c61f98abf0989f157f153740fe0fadfbb760)
    #2 0x7ff5c7bad073  (/usr/lib/llvm-20/lib/libLLVM.so.20.1+0x3c91073) (BuildId: b856c61f98abf0989f157f153740fe0fadfbb760)
    #3 0x7ff5c52d06be in llvm::CodeGenTargetMachineImpl::initAsmInfo() (/usr/lib/llvm-20/lib/libLLVM.so.20.1+0x13b46be) (BuildId: b856c61f98abf0989f157f153740fe0fadfbb760)
    #4 0x7ff5c7b61a81  (/usr/lib/llvm-20/lib/libLLVM.so.20.1+0x3c45a81) (BuildId: b856c61f98abf0989f157f153740fe0fadfbb760)
    #5 0x7ff5c7b62b2c  (/usr/lib/llvm-20/lib/libLLVM.so.20.1+0x3c46b2c) (BuildId: b856c61f98abf0989f157f153740fe0fadfbb760)
    #6 0x55ca91648523 in llvm::Target::createTargetMachine(llvm::StringRef, llvm::StringRef, llvm::StringRef, llvm::TargetOptions const&, std::optional<llvm::Reloc::Model>, std::optional<llvm::CodeModel::Model>, llvm::CodeGenOptLevel, bool) const /usr/lib/llvm-20/include/llvm/MC/TargetRegistry.h:462:12
    #7 0x55ca9163a09e in tsc::TargetRegistry::initializeAllTargets() /workspace/src/TargetRegistry.cpp:67:41
    #8 0x55ca9162bdcd in tsc::Compiler::initializeLLVM() /workspace/src/Compiler.cpp:349:14
    #9 0x55ca9162b8b7 in tsc::Compiler::Compiler(tsc::CompilerOptions const&) /workspace/src/Compiler.cpp:24:5
    #10 0x55ca915fd7b5 in main /workspace/src/main.cpp:191:18
    #11 0x7ff5c395a337  (/lib/x86_64-linux-gnu/libc.so.6+0x2a337) (BuildId: 467f544f15035abef911999cbc14489edd0555ab)
    #12 0x7ff5c395a3fa in __libc_start_main (/lib/x86_64-linux-gnu/libc.so.6+0x2a3fa) (BuildId: 467f544f15035abef911999cbc14489edd0555ab)
    #13 0x55ca91511b64 in _start (/workspace/build-asan/tsc+0x74b64) (BuildId: 73a10d7cc646a755f705b0ae57418e68578aec2f)

Indirect leak of 21216 byte(s) in 2 object(s) allocated from:
    #0 0x55ca915fa191 in operator new(unsigned long) (/workspace/build-asan/tsc+0x15d191) (BuildId: 73a10d7cc646a755f705b0ae57418e68578aec2f)
    #1 0x7ff5c70d7bd0 in std::vector<std::vector<unsigned short, std::allocator<unsigned short>>, std::allocator<std::vector<unsigned short, std::allocator<unsigned short>>>>::_M_default_append(unsigned long) (/usr/lib/llvm-20/lib/libLLVM.so.20.1+0x31bbbd0) (BuildId: b856c61f98abf0989f157f153740fe0fadfbb760)
    #2 0x7ff5c7b3dfd4  (/usr/lib/llvm-20/lib/libLLVM.so.20.1+0x3c21fd4) (BuildId: b856c61f98abf0989f157f153740fe0fadfbb760)
    #3 0x7ff5c7b3e14c  (/usr/lib/llvm-20/lib/libLLVM.so.20.1+0x3c2214c) (BuildId: b856c61f98abf0989f157f153740fe0fadfbb760)
    #4 0x7ff5c7b5eab1  (/usr/lib/llvm-20/lib/libLLVM.so.20.1+0x3c42ab1) (BuildId: b856c61f98abf0989f157f153740fe0fadfbb760)
    #5 0x7ff5c7b475fd  (/usr/lib/llvm-20/lib/libLLVM.so.20.1+0x3c2b5fd) (BuildId: b856c61f98abf0989f157f153740fe0fadfbb760)
    #6 0x7ff5c7b5ff37  (/usr/lib/llvm-20/lib/libLLVM.so.20.1+0x3c43f37) (BuildId: b856c61f98abf0989f157f153740fe0fadfbb760)
    #7 0x7ff5c7b6188a  (/usr/lib/llvm-20/lib/libLLVM.so.20.1+0x3c4588a) (BuildId: b856c61f98abf0989f157f153740fe0fadfbb760)
    #8 0x7ff5c7b62a6c  (/usr/lib/llvm-20/lib/libLLVM.so.20.1+0x3c46a6c) (BuildId: b856c61f98abf0989f157f153740fe0fadfbb760)
    #9 0x55ca91648523 in llvm::Target::createTargetMachine(llvm::StringRef, llvm::StringRef, llvm::StringRef, llvm::TargetOptions const&, std::optional<llvm::Reloc::Model>, std::optional<llvm::CodeModel::Model>, llvm::CodeGenOptLevel, bool) const /usr/lib/llvm-20/include/llvm/MC/TargetRegistry.h:462:12
    #10 0x55ca9163a09e in tsc::TargetRegistry::initializeAllTargets() /workspace/src/TargetRegistry.cpp:67:41
    #11 0x55ca9162bdcd in tsc::Compiler::initializeLLVM() /workspace/src/Compiler.cpp:349:14
    #12 0x55ca9162b8b7 in tsc::Compiler::Compiler(tsc::CompilerOptions const&) /workspace/src/Compiler.cpp:24:5
    #13 0x55ca915fd7b5 in main /workspace/src/main.cpp:191:18
    #14 0x7ff5c395a337  (/lib/x86_64-linux-gnu/libc.so.6+0x2a337) (BuildId: 467f544f15035abef911999cbc14489edd0555ab)
    #15 0x7ff5c395a3fa in __libc_start_main (/lib/x86_64-linux-gnu/libc.so.6+0x2a3fa) (BuildId: 467f544f15035abef911999cbc14489edd0555ab)
    #16 0x55ca91511b64 in _start (/workspace/build-asan/tsc+0x74b64) (BuildId: 73a10d7cc646a755f705b0ae57418e68578aec2f)

Indirect leak of 21216 byte(s) in 2 object(s) allocated from:
    #0 0x55ca915fa191 in operator new(unsigned long) (/workspace/build-asan/tsc+0x15d191) (BuildId: 73a10d7cc646a755f705b0ae57418e68578aec2f)
    #1 0x7ff5c70d7bd0 in std::vector<std::vector<unsigned short, std::allocator<unsigned short>>, std::allocator<std::vector<unsigned short, std::allocator<unsigned short>>>>::_M_default_append(unsigned long) (/usr/lib/llvm-20/lib/libLLVM.so.20.1+0x31bbbd0) (BuildId: b856c61f98abf0989f157f153740fe0fadfbb760)
    #2 0x7ff5c7b3dfd4  (/usr/lib/llvm-20/lib/libLLVM.so.20.1+0x3c21fd4) (BuildId: b856c61f98abf0989f157f153740fe0fadfbb760)
    #3 0x7ff5c7b3e14c  (/usr/lib/llvm-20/lib/libLLVM.so.20.1+0x3c2214c) (BuildId: b856c61f98abf0989f157f153740fe0fadfbb760)
    #4 0x7ff5c7b5eab1  (/usr/lib/llvm-20/lib/libLLVM.so.20.1+0x3c42ab1) (BuildId: b856c61f98abf0989f157f153740fe0fadfbb760)
    #5 0x7ff5c7b475fd  (/usr/lib/llvm-20/lib/libLLVM.so.20.1+0x3c2b5fd) (BuildId: b856c61f98abf0989f157f153740fe0fadfbb760)
    #6 0x7ff5c7b5ff37  (/usr/lib/llvm-20/lib/libLLVM.so.20.1+0x3c43f37) (BuildId: b856c61f98abf0989f157f153740fe0fadfbb760)
    #7 0x7ff5c7b6188a  (/usr/lib/llvm-20/lib/libLLVM.so.20.1+0x3c4588a) (BuildId: b856c61f98abf0989f157f153740fe0fadfbb760)
    #8 0x7ff5c7b62b2c  (/usr/lib/llvm-20/lib/libLLVM.so.20.1+0x3c46b2c) (BuildId: b856c61f98abf0989f157f153740fe0fadfbb760)
    #9 0x55ca91648523 in llvm::Target::createTargetMachine(llvm::StringRef, llvm::StringRef, llvm::StringRef, llvm::TargetOptions const&, std::optional<llvm::Reloc::Model>, std::optional<llvm::CodeModel::Model>, llvm::CodeGenOptLevel, bool) const /usr/lib/llvm-20/include/llvm/MC/TargetRegistry.h:462:12
    #10 0x55ca9163a09e in tsc::TargetRegistry::initializeAllTargets() /workspace/src/TargetRegistry.cpp:67:41
    #11 0x55ca9162bdcd in tsc::Compiler::initializeLLVM() /workspace/src/Compiler.cpp:349:14
    #12 0x55ca9162b8b7 in tsc::Compiler::Compiler(tsc::CompilerOptions const&) /workspace/src/Compiler.cpp:24:5
    #13 0x55ca915fd7b5 in main /workspace/src/main.cpp:191:18
    #14 0x7ff5c395a337  (/lib/x86_64-linux-gnu/libc.so.6+0x2a337) (BuildId: 467f544f15035abef911999cbc14489edd0555ab)
    #15 0x7ff5c395a3fa in __libc_start_main (/lib/x86_64-linux-gnu/libc.so.6+0x2a3fa) (BuildId: 467f544f15035abef911999cbc14489edd0555ab)
    #16 0x55ca91511b64 in _start (/workspace/build-asan/tsc+0x74b64) (BuildId: 73a10d7cc646a755f705b0ae57418e68578aec2f)

Indirect leak of 21216 byte(s) in 2 object(s) allocated from:
    #0 0x55ca915fa191 in operator new(unsigned long) (/workspace/build-asan/tsc+0x15d191) (BuildId: 73a10d7cc646a755f705b0ae57418e68578aec2f)
    #1 0x7ff5c70d7bd0 in std::vector<std::vector<unsigned short, std::allocator<unsigned short>>, std::allocator<std::vector<unsigned short, std::allocator<unsigned short>>>>::_M_default_append(unsigned long) (/usr/lib/llvm-20/lib/libLLVM.so.20.1+0x31bbbd0) (BuildId: b856c61f98abf0989f157f153740fe0fadfbb760)
    #2 0x7ff5c7b3dfd4  (/usr/lib/llvm-20/lib/libLLVM.so.20.1+0x3c21fd4) (BuildId: b856c61f98abf0989f157f153740fe0fadfbb760)
    #3 0x7ff5c7b3e14c  (/usr/lib/llvm-20/lib/libLLVM.so.20.1+0x3c2214c) (BuildId: b856c61f98abf0989f157f153740fe0fadfbb760)
    #4 0x7ff5c7ad7ed1  (/usr/lib/llvm-20/lib/libLLVM.so.20.1+0x3bbbed1) (BuildId: b856c61f98abf0989f157f153740fe0fadfbb760)
    #5 0x7ff5c7ad063d  (/usr/lib/llvm-20/lib/libLLVM.so.20.1+0x3bb463d) (BuildId: b856c61f98abf0989f157f153740fe0fadfbb760)
    #6 0x7ff5c7b5ff37  (/usr/lib/llvm-20/lib/libLLVM.so.20.1+0x3c43f37) (BuildId: b856c61f98abf0989f157f153740fe0fadfbb760)
    #7 0x7ff5c7b61a19  (/usr/lib/llvm-20/lib/libLLVM.so.20.1+0x3c45a19) (BuildId: b856c61f98abf0989f157f153740fe0fadfbb760)
    #8 0x7ff5c7b62b2c  (/usr/lib/llvm-20/lib/libLLVM.so.20.1+0x3c46b2c) (BuildId: b856c61f98abf0989f157f153740fe0fadfbb760)
    #9 0x55ca91648523 in llvm::Target::createTargetMachine(llvm::StringRef, llvm::StringRef, llvm::StringRef, llvm::TargetOptions const&, std::optional<llvm::Reloc::Model>, std::optional<llvm::CodeModel::Model>, llvm::CodeGenOptLevel, bool) const /usr/lib/llvm-20/include/llvm/MC/TargetRegistry.h:462:12
    #10 0x55ca9163a09e in tsc::TargetRegistry::initializeAllTargets() /workspace/src/TargetRegistry.cpp:67:41
    #11 0x55ca9162bdcd in tsc::Compiler::initializeLLVM() /workspace/src/Compiler.cpp:349:14
    #12 0x55ca9162b8b7 in tsc::Compiler::Compiler(tsc::CompilerOptions const&) /workspace/src/Compiler.cpp:24:5
    #13 0x55ca915fd7b5 in main /workspace/src/main.cpp:191:18
    #14 0x7ff5c395a337  (/lib/x86_64-linux-gnu/libc.so.6+0x2a337) (BuildId: 467f544f15035abef911999cbc14489edd0555ab)
    #15 0x7ff5c395a3fa in __libc_start_main (/lib/x86_64-linux-gnu/libc.so.6+0x2a3fa) (BuildId: 467f544f15035abef911999cbc14489edd0555ab)
    #16 0x55ca91511b64 in _start (/workspace/build-asan/tsc+0x74b64) (BuildId: 73a10d7cc646a755f705b0ae57418e68578aec2f)

Indirect leak of 21216 byte(s) in 2 object(s) allocated from:
    #0 0x55ca915fa191 in operator new(unsigned long) (/workspace/build-asan/tsc+0x15d191) (BuildId: 73a10d7cc646a755f705b0ae57418e68578aec2f)
    #1 0x7ff5c70d7bd0 in std::vector<std::vector<unsigned short, std::allocator<unsigned short>>, std::allocator<std::vector<unsigned short, std::allocator<unsigned short>>>>::_M_default_append(unsigned long) (/usr/lib/llvm-20/lib/libLLVM.so.20.1+0x31bbbd0) (BuildId: b856c61f98abf0989f157f153740fe0fadfbb760)
    #2 0x7ff5c7b3dfd4  (/usr/lib/llvm-20/lib/libLLVM.so.20.1+0x3c21fd4) (BuildId: b856c61f98abf0989f157f153740fe0fadfbb760)
    #3 0x7ff5c7b3e14c  (/usr/lib/llvm-20/lib/libLLVM.so.20.1+0x3c2214c) (BuildId: b856c61f98abf0989f157f153740fe0fadfbb760)
    #4 0x7ff5c7b5eab1  (/usr/lib/llvm-20/lib/libLLVM.so.20.1+0x3c42ab1) (BuildId: b856c61f98abf0989f157f153740fe0fadfbb760)
    #5 0x7ff5c7b475fd  (/usr/lib/llvm-20/lib/libLLVM.so.20.1+0x3c2b5fd) (BuildId: b856c61f98abf0989f157f153740fe0fadfbb760)
    #6 0x7ff5c7b5ff37  (/usr/lib/llvm-20/lib/libLLVM.so.20.1+0x3c43f37) (BuildId: b856c61f98abf0989f157f153740fe0fadfbb760)
    #7 0x7ff5c7b61710  (/usr/lib/llvm-20/lib/libLLVM.so.20.1+0x3c45710) (BuildId: b856c61f98abf0989f157f153740fe0fadfbb760)
    #8 0x7ff5c7b62b2c  (/usr/lib/llvm-20/lib/libLLVM.so.20.1+0x3c46b2c) (BuildId: b856c61f98abf0989f157f153740fe0fadfbb760)
    #9 0x55ca91648523 in llvm::Target::createTargetMachine(llvm::StringRef, llvm::StringRef, llvm::StringRef, llvm::TargetOptions const&, std::optional<llvm::Reloc::Model>, std::optional<llvm::CodeModel::Model>, llvm::CodeGenOptLevel, bool) const /usr/lib/llvm-20/include/llvm/MC/TargetRegistry.h:462:12
    #10 0x55ca9163a09e in tsc::TargetRegistry::initializeAllTargets() /workspace/src/TargetRegistry.cpp:67:41
    #11 0x55ca9162bdcd in tsc::Compiler::initializeLLVM() /workspace/src/Compiler.cpp:349:14
    #12 0x55ca9162b8b7 in tsc::Compiler::Compiler(tsc::CompilerOptions const&) /workspace/src/Compiler.cpp:24:5
    #13 0x55ca915fd7b5 in main /workspace/src/main.cpp:191:18
    #14 0x7ff5c395a337  (/lib/x86_64-linux-gnu/libc.so.6+0x2a337) (BuildId: 467f544f15035abef911999cbc14489edd0555ab)
    #15 0x7ff5c395a3fa in __libc_start_main (/lib/x86_64-linux-gnu/libc.so.6+0x2a3fa) (BuildId: 467f544f15035abef911999cbc14489edd0555ab)
    #16 0x55ca91511b64 in _start (/workspace/build-asan/tsc+0x74b64) (BuildId: 73a10d7cc646a755f705b0ae57418e68578aec2f)

Indirect leak of 21216 byte(s) in 2 object(s) allocated from:
    #0 0x55ca915fa191 in operator new(unsigned long) (/workspace/build-asan/tsc+0x15d191) (BuildId: 73a10d7cc646a755f705b0ae57418e68578aec2f)
    #1 0x7ff5c70d7bd0 in std::vector<std::vector<unsigned short, std::allocator<unsigned short>>, std::allocator<std::vector<unsigned short, std::allocator<unsigned short>>>>::_M_default_append(unsigned long) (/usr/lib/llvm-20/lib/libLLVM.so.20.1+0x31bbbd0) (BuildId: b856c61f98abf0989f157f153740fe0fadfbb760)
    #2 0x7ff5c7b3dfd4  (/usr/lib/llvm-20/lib/libLLVM.so.20.1+0x3c21fd4) (BuildId: b856c61f98abf0989f157f153740fe0fadfbb760)
    #3 0x7ff5c7b3e14c  (/usr/lib/llvm-20/lib/libLLVM.so.20.1+0x3c2214c) (BuildId: b856c61f98abf0989f157f153740fe0fadfbb760)
    #4 0x7ff5c7b5eab1  (/usr/lib/llvm-20/lib/libLLVM.so.20.1+0x3c42ab1) (BuildId: b856c61f98abf0989f157f153740fe0fadfbb760)
    #5 0x7ff5c7b475fd  (/usr/lib/llvm-20/lib/libLLVM.so.20.1+0x3c2b5fd) (BuildId: b856c61f98abf0989f157f153740fe0fadfbb760)
    #6 0x7ff5c7b5ff37  (/usr/lib/llvm-20/lib/libLLVM.so.20.1+0x3c43f37) (BuildId: b856c61f98abf0989f157f153740fe0fadfbb760)
    #7 0x7ff5c7b61710  (/usr/lib/llvm-20/lib/libLLVM.so.20.1+0x3c45710) (BuildId: b856c61f98abf0989f157f153740fe0fadfbb760)
    #8 0x7ff5c7b62a6c  (/usr/lib/llvm-20/lib/libLLVM.so.20.1+0x3c46a6c) (BuildId: b856c61f98abf0989f157f153740fe0fadfbb760)
    #9 0x55ca91648523 in llvm::Target::createTargetMachine(llvm::StringRef, llvm::StringRef, llvm::StringRef, llvm::TargetOptions const&, std::optional<llvm::Reloc::Model>, std::optional<llvm::CodeModel::Model>, llvm::CodeGenOptLevel, bool) const /usr/lib/llvm-20/include/llvm/MC/TargetRegistry.h:462:12
    #10 0x55ca9163a09e in tsc::TargetRegistry::initializeAllTargets() /workspace/src/TargetRegistry.cpp:67:41
    #11 0x55ca9162bdcd in tsc::Compiler::initializeLLVM() /workspace/src/Compiler.cpp:349:14
    #12 0x55ca9162b8b7 in tsc::Compiler::Compiler(tsc::CompilerOptions const&) /workspace/src/Compiler.cpp:24:5
    #13 0x55ca915fd7b5 in main /workspace/src/main.cpp:191:18
    #14 0x7ff5c395a337  (/lib/x86_64-linux-gnu/libc.so.6+0x2a337) (BuildId: 467f544f15035abef911999cbc14489edd0555ab)
    #15 0x7ff5c395a3fa in __libc_start_main (/lib/x86_64-linux-gnu/libc.so.6+0x2a3fa) (BuildId: 467f544f15035abef911999cbc14489edd0555ab)
    #16 0x55ca91511b64 in _start (/workspace/build-asan/tsc+0x74b64) (BuildId: 73a10d7cc646a755f705b0ae57418e68578aec2f)

Indirect leak of 21216 byte(s) in 2 object(s) allocated from:
    #0 0x55ca915fa191 in operator new(unsigned long) (/workspace/build-asan/tsc+0x15d191) (BuildId: 73a10d7cc646a755f705b0ae57418e68578aec2f)
    #1 0x7ff5c70d7bd0 in std::vector<std::vector<unsigned short, std::allocator<unsigned short>>, std::allocator<std::vector<unsigned short, std::allocator<unsigned short>>>>::_M_default_append(unsigned long) (/usr/lib/llvm-20/lib/libLLVM.so.20.1+0x31bbbd0) (BuildId: b856c61f98abf0989f157f153740fe0fadfbb760)
    #2 0x7ff5c7b3dfd4  (/usr/lib/llvm-20/lib/libLLVM.so.20.1+0x3c21fd4) (BuildId: b856c61f98abf0989f157f153740fe0fadfbb760)
    #3 0x7ff5c7b3e14c  (/usr/lib/llvm-20/lib/libLLVM.so.20.1+0x3c2214c) (BuildId: b856c61f98abf0989f157f153740fe0fadfbb760)
    #4 0x7ff5c7ad7ed1  (/usr/lib/llvm-20/lib/libLLVM.so.20.1+0x3bbbed1) (BuildId: b856c61f98abf0989f157f153740fe0fadfbb760)
    #5 0x7ff5c7ad063d  (/usr/lib/llvm-20/lib/libLLVM.so.20.1+0x3bb463d) (BuildId: b856c61f98abf0989f157f153740fe0fadfbb760)
    #6 0x7ff5c7b5ff37  (/usr/lib/llvm-20/lib/libLLVM.so.20.1+0x3c43f37) (BuildId: b856c61f98abf0989f157f153740fe0fadfbb760)
    #7 0x7ff5c7b61a19  (/usr/lib/llvm-20/lib/libLLVM.so.20.1+0x3c45a19) (BuildId: b856c61f98abf0989f157f153740fe0fadfbb760)
    #8 0x7ff5c7b62a6c  (/usr/lib/llvm-20/lib/libLLVM.so.20.1+0x3c46a6c) (BuildId: b856c61f98abf0989f157f153740fe0fadfbb760)
    #9 0x55ca91648523 in llvm::Target::createTargetMachine(llvm::StringRef, llvm::StringRef, llvm::StringRef, llvm::TargetOptions const&, std::optional<llvm::Reloc::Model>, std::optional<llvm::CodeModel::Model>, llvm::CodeGenOptLevel, bool) const /usr/lib/llvm-20/include/llvm/MC/TargetRegistry.h:462:12
    #10 0x55ca9163a09e in tsc::TargetRegistry::initializeAllTargets() /workspace/src/TargetRegistry.cpp:67:41
    #11 0x55ca9162bdcd in tsc::Compiler::initializeLLVM() /workspace/src/Compiler.cpp:349:14
    #12 0x55ca9162b8b7 in tsc::Compiler::Compiler(tsc::CompilerOptions const&) /workspace/src/Compiler.cpp:24:5
    #13 0x55ca915fd7b5 in main /workspace/src/main.cpp:191:18
    #14 0x7ff5c395a337  (/lib/x86_64-linux-gnu/libc.so.6+0x2a337) (BuildId: 467f544f15035abef911999cbc14489edd0555ab)
    #15 0x7ff5c395a3fa in __libc_start_main (/lib/x86_64-linux-gnu/libc.so.6+0x2a3fa) (BuildId: 467f544f15035abef911999cbc14489edd0555ab)
    #16 0x55ca91511b64 in _start (/workspace/build-asan/tsc+0x74b64) (BuildId: 73a10d7cc646a755f705b0ae57418e68578aec2f)

Indirect leak of 18816 byte(s) in 2 object(s) allocated from:
    #0 0x55ca915fa191 in operator new(unsigned long) (/workspace/build-asan/tsc+0x15d191) (BuildId: 73a10d7cc646a755f705b0ae57418e68578aec2f)
    #1 0x7ff5c70d7bd0 in std::vector<std::vector<unsigned short, std::allocator<unsigned short>>, std::allocator<std::vector<unsigned short, std::allocator<unsigned short>>>>::_M_default_append(unsigned long) (/usr/lib/llvm-20/lib/libLLVM.so.20.1+0x31bbbd0) (BuildId: b856c61f98abf0989f157f153740fe0fadfbb760)
    #2 0x7ff5c83fc550  (/usr/lib/llvm-20/lib/libLLVM.so.20.1+0x44e0550) (BuildId: b856c61f98abf0989f157f153740fe0fadfbb760)
    #3 0x7ff5c52d06be in llvm::CodeGenTargetMachineImpl::initAsmInfo() (/usr/lib/llvm-20/lib/libLLVM.so.20.1+0x13b46be) (BuildId: b856c61f98abf0989f157f153740fe0fadfbb760)
    #4 0x7ff5c837bf6d  (/usr/lib/llvm-20/lib/libLLVM.so.20.1+0x445ff6d) (BuildId: b856c61f98abf0989f157f153740fe0fadfbb760)
    #5 0x7ff5c837de4d  (/usr/lib/llvm-20/lib/libLLVM.so.20.1+0x4461e4d) (BuildId: b856c61f98abf0989f157f153740fe0fadfbb760)
    #6 0x55ca91648523 in llvm::Target::createTargetMachine(llvm::StringRef, llvm::StringRef, llvm::StringRef, llvm::TargetOptions const&, std::optional<llvm::Reloc::Model>, std::optional<llvm::CodeModel::Model>, llvm::CodeGenOptLevel, bool) const /usr/lib/llvm-20/include/llvm/MC/TargetRegistry.h:462:12
    #7 0x55ca9163a09e in tsc::TargetRegistry::initializeAllTargets() /workspace/src/TargetRegistry.cpp:67:41
    #8 0x55ca9162bdcd in tsc::Compiler::initializeLLVM() /workspace/src/Compiler.cpp:349:14
    #9 0x55ca9162b8b7 in tsc::Compiler::Compiler(tsc::CompilerOptions const&) /workspace/src/Compiler.cpp:24:5
    #10 0x55ca915fd7b5 in main /workspace/src/main.cpp:191:18
    #11 0x7ff5c395a337  (/lib/x86_64-linux-gnu/libc.so.6+0x2a337) (BuildId: 467f544f15035abef911999cbc14489edd0555ab)
    #12 0x7ff5c395a3fa in __libc_start_main (/lib/x86_64-linux-gnu/libc.so.6+0x2a3fa) (BuildId: 467f544f15035abef911999cbc14489edd0555ab)
    #13 0x55ca91511b64 in _start (/workspace/build-asan/tsc+0x74b64) (BuildId: 73a10d7cc646a755f705b0ae57418e68578aec2f)

Indirect leak of 16384 byte(s) in 2 object(s) allocated from:
    #0 0x55ca915fa816 in operator new(unsigned long, std::align_val_t, std::nothrow_t const&) (/workspace/build-asan/tsc+0x15d816) (BuildId: 73a10d7cc646a755f705b0ae57418e68578aec2f)
    #1 0x7ff5c4ead983 in llvm::allocate_buffer(unsigned long, unsigned long) (/usr/lib/llvm-20/lib/libLLVM.so.20.1+0xf91983) (BuildId: b856c61f98abf0989f157f153740fe0fadfbb760)
    #2 0x7ff5c719ba2e  (/usr/lib/llvm-20/lib/libLLVM.so.20.1+0x327fa2e) (BuildId: b856c61f98abf0989f157f153740fe0fadfbb760)
    #3 0x7ff5c719b91f  (/usr/lib/llvm-20/lib/libLLVM.so.20.1+0x327f91f) (BuildId: b856c61f98abf0989f157f153740fe0fadfbb760)
    #4 0x7ff5c83fc5d7  (/usr/lib/llvm-20/lib/libLLVM.so.20.1+0x44e05d7) (BuildId: b856c61f98abf0989f157f153740fe0fadfbb760)
    #5 0x7ff5c52d06be in llvm::CodeGenTargetMachineImpl::initAsmInfo() (/usr/lib/llvm-20/lib/libLLVM.so.20.1+0x13b46be) (BuildId: b856c61f98abf0989f157f153740fe0fadfbb760)
    #6 0x7ff5c837bf6d  (/usr/lib/llvm-20/lib/libLLVM.so.20.1+0x445ff6d) (BuildId: b856c61f98abf0989f157f153740fe0fadfbb760)
    #7 0x7ff5c837de4d  (/usr/lib/llvm-20/lib/libLLVM.so.20.1+0x4461e4d) (BuildId: b856c61f98abf0989f157f153740fe0fadfbb760)
    #8 0x55ca91648523 in llvm::Target::createTargetMachine(llvm::StringRef, llvm::StringRef, llvm::StringRef, llvm::TargetOptions const&, std::optional<llvm::Reloc::Model>, std::optional<llvm::CodeModel::Model>, llvm::CodeGenOptLevel, bool) const /usr/lib/llvm-20/include/llvm/MC/TargetRegistry.h:462:12
    #9 0x55ca9163a09e in tsc::TargetRegistry::initializeAllTargets() /workspace/src/TargetRegistry.cpp:67:41
    #10 0x55ca9162bdcd in tsc::Compiler::initializeLLVM() /workspace/src/Compiler.cpp:349:14
    #11 0x55ca9162b8b7 in tsc::Compiler::Compiler(tsc::CompilerOptions const&) /workspace/src/Compiler.cpp:24:5
    #12 0x55ca915fd7b5 in main /workspace/src/main.cpp:191:18
    #13 0x7ff5c395a337  (/lib/x86_64-linux-gnu/libc.so.6+0x2a337) (BuildId: 467f544f15035abef911999cbc14489edd0555ab)
    #14 0x7ff5c395a3fa in __libc_start_main (/lib/x86_64-linux-gnu/libc.so.6+0x2a3fa) (BuildId: 467f544f15035abef911999cbc14489edd0555ab)
    #15 0x55ca91511b64 in _start (/workspace/build-asan/tsc+0x74b64) (BuildId: 73a10d7cc646a755f705b0ae57418e68578aec2f)

Indirect leak of 16384 byte(s) in 4 object(s) allocated from:
    #0 0x55ca915fa816 in operator new(unsigned long, std::align_val_t, std::nothrow_t const&) (/workspace/build-asan/tsc+0x15d816) (BuildId: 73a10d7cc646a755f705b0ae57418e68578aec2f)
    #1 0x7ff5c4ead983 in llvm::allocate_buffer(unsigned long, unsigned long) (/usr/lib/llvm-20/lib/libLLVM.so.20.1+0xf91983) (BuildId: b856c61f98abf0989f157f153740fe0fadfbb760)
    #2 0x7ff5c719ba2e  (/usr/lib/llvm-20/lib/libLLVM.so.20.1+0x327fa2e) (BuildId: b856c61f98abf0989f157f153740fe0fadfbb760)
    #3 0x7ff5c719b91f  (/usr/lib/llvm-20/lib/libLLVM.so.20.1+0x327f91f) (BuildId: b856c61f98abf0989f157f153740fe0fadfbb760)
    #4 0x7ff5c719b379  (/usr/lib/llvm-20/lib/libLLVM.so.20.1+0x327f379) (BuildId: b856c61f98abf0989f157f153740fe0fadfbb760)
    #5 0x7ff5c52d06be in llvm::CodeGenTargetMachineImpl::initAsmInfo() (/usr/lib/llvm-20/lib/libLLVM.so.20.1+0x13b46be) (BuildId: b856c61f98abf0989f157f153740fe0fadfbb760)
    #6 0x7ff5c70ed3c9  (/usr/lib/llvm-20/lib/libLLVM.so.20.1+0x31d13c9) (BuildId: b856c61f98abf0989f157f153740fe0fadfbb760)
    #7 0x7ff5c70efd1c  (/usr/lib/llvm-20/lib/libLLVM.so.20.1+0x31d3d1c) (BuildId: b856c61f98abf0989f157f153740fe0fadfbb760)
    #8 0x55ca91648523 in llvm::Target::createTargetMachine(llvm::StringRef, llvm::StringRef, llvm::StringRef, llvm::TargetOptions const&, std::optional<llvm::Reloc::Model>, std::optional<llvm::CodeModel::Model>, llvm::CodeGenOptLevel, bool) const /usr/lib/llvm-20/include/llvm/MC/TargetRegistry.h:462:12
    #9 0x55ca9163a09e in tsc::TargetRegistry::initializeAllTargets() /workspace/src/TargetRegistry.cpp:67:41
    #10 0x55ca9162bdcd in tsc::Compiler::initializeLLVM() /workspace/src/Compiler.cpp:349:14
    #11 0x55ca9162b8b7 in tsc::Compiler::Compiler(tsc::CompilerOptions const&) /workspace/src/Compiler.cpp:24:5
    #12 0x55ca915fd7b5 in main /workspace/src/main.cpp:191:18
    #13 0x7ff5c395a337  (/lib/x86_64-linux-gnu/libc.so.6+0x2a337) (BuildId: 467f544f15035abef911999cbc14489edd0555ab)
    #14 0x7ff5c395a3fa in __libc_start_main (/lib/x86_64-linux-gnu/libc.so.6+0x2a3fa) (BuildId: 467f544f15035abef911999cbc14489edd0555ab)
    #15 0x55ca91511b64 in _start (/workspace/build-asan/tsc+0x74b64) (BuildId: 73a10d7cc646a755f705b0ae57418e68578aec2f)

Indirect leak of 14208 byte(s) in 2 object(s) allocated from:
    #0 0x55ca915fa191 in operator new(unsigned long) (/workspace/build-asan/tsc+0x15d191) (BuildId: 73a10d7cc646a755f705b0ae57418e68578aec2f)
    #1 0x7ff5c70d7bd0 in std::vector<std::vector<unsigned short, std::allocator<unsigned short>>, std::allocator<std::vector<unsigned short, std::allocator<unsigned short>>>>::_M_default_append(unsigned long) (/usr/lib/llvm-20/lib/libLLVM.so.20.1+0x31bbbd0) (BuildId: b856c61f98abf0989f157f153740fe0fadfbb760)
    #2 0x7ff5c7853e26  (/usr/lib/llvm-20/lib/libLLVM.so.20.1+0x3937e26) (BuildId: b856c61f98abf0989f157f153740fe0fadfbb760)
    #3 0x7ff5c52d06be in llvm::CodeGenTargetMachineImpl::initAsmInfo() (/usr/lib/llvm-20/lib/libLLVM.so.20.1+0x13b46be) (BuildId: b856c61f98abf0989f157f153740fe0fadfbb760)
    #4 0x7ff5c778f4cf  (/usr/lib/llvm-20/lib/libLLVM.so.20.1+0x38734cf) (BuildId: b856c61f98abf0989f157f153740fe0fadfbb760)
    #5 0x7ff5c77914e4  (/usr/lib/llvm-20/lib/libLLVM.so.20.1+0x38754e4) (BuildId: b856c61f98abf0989f157f153740fe0fadfbb760)
    #6 0x55ca91648523 in llvm::Target::createTargetMachine(llvm::StringRef, llvm::StringRef, llvm::StringRef, llvm::TargetOptions const&, std::optional<llvm::Reloc::Model>, std::optional<llvm::CodeModel::Model>, llvm::CodeGenOptLevel, bool) const /usr/lib/llvm-20/include/llvm/MC/TargetRegistry.h:462:12
    #7 0x55ca9163a09e in tsc::TargetRegistry::initializeAllTargets() /workspace/src/TargetRegistry.cpp:67:41
    #8 0x55ca9162bdcd in tsc::Compiler::initializeLLVM() /workspace/src/Compiler.cpp:349:14
    #9 0x55ca9162b8b7 in tsc::Compiler::Compiler(tsc::CompilerOptions const&) /workspace/src/Compiler.cpp:24:5
    #10 0x55ca915fd7b5 in main /workspace/src/main.cpp:191:18
    #11 0x7ff5c395a337  (/lib/x86_64-linux-gnu/libc.so.6+0x2a337) (BuildId: 467f544f15035abef911999cbc14489edd0555ab)
    #12 0x7ff5c395a3fa in __libc_start_main (/lib/x86_64-linux-gnu/libc.so.6+0x2a3fa) (BuildId: 467f544f15035abef911999cbc14489edd0555ab)
    #13 0x55ca91511b64 in _start (/workspace/build-asan/tsc+0x74b64) (BuildId: 73a10d7cc646a755f705b0ae57418e68578aec2f)

Indirect leak of 14208 byte(s) in 2 object(s) allocated from:
    #0 0x55ca915fa191 in operator new(unsigned long) (/workspace/build-asan/tsc+0x15d191) (BuildId: 73a10d7cc646a755f705b0ae57418e68578aec2f)
    #1 0x7ff5c70d7bd0 in std::vector<std::vector<unsigned short, std::allocator<unsigned short>>, std::allocator<std::vector<unsigned short, std::allocator<unsigned short>>>>::_M_default_append(unsigned long) (/usr/lib/llvm-20/lib/libLLVM.so.20.1+0x31bbbd0) (BuildId: b856c61f98abf0989f157f153740fe0fadfbb760)
    #2 0x7ff5c7853e26  (/usr/lib/llvm-20/lib/libLLVM.so.20.1+0x3937e26) (BuildId: b856c61f98abf0989f157f153740fe0fadfbb760)
    #3 0x7ff5c52d06be in llvm::CodeGenTargetMachineImpl::initAsmInfo() (/usr/lib/llvm-20/lib/libLLVM.so.20.1+0x13b46be) (BuildId: b856c61f98abf0989f157f153740fe0fadfbb760)
    #4 0x7ff5c778f4cf  (/usr/lib/llvm-20/lib/libLLVM.so.20.1+0x38734cf) (BuildId: b856c61f98abf0989f157f153740fe0fadfbb760)
    #5 0x7ff5c77915a4  (/usr/lib/llvm-20/lib/libLLVM.so.20.1+0x38755a4) (BuildId: b856c61f98abf0989f157f153740fe0fadfbb760)
    #6 0x55ca91648523 in llvm::Target::createTargetMachine(llvm::StringRef, llvm::StringRef, llvm::StringRef, llvm::TargetOptions const&, std::optional<llvm::Reloc::Model>, std::optional<llvm::CodeModel::Model>, llvm::CodeGenOptLevel, bool) const /usr/lib/llvm-20/include/llvm/MC/TargetRegistry.h:462:12
    #7 0x55ca9163a09e in tsc::TargetRegistry::initializeAllTargets() /workspace/src/TargetRegistry.cpp:67:41
    #8 0x55ca9162bdcd in tsc::Compiler::initializeLLVM() /workspace/src/Compiler.cpp:349:14
    #9 0x55ca9162b8b7 in tsc::Compiler::Compiler(tsc::CompilerOptions const&) /workspace/src/Compiler.cpp:24:5
    #10 0x55ca915fd7b5 in main /workspace/src/main.cpp:191:18
    #11 0x7ff5c395a337  (/lib/x86_64-linux-gnu/libc.so.6+0x2a337) (BuildId: 467f544f15035abef911999cbc14489edd0555ab)
    #12 0x7ff5c395a3fa in __libc_start_main (/lib/x86_64-linux-gnu/libc.so.6+0x2a3fa) (BuildId: 467f544f15035abef911999cbc14489edd0555ab)
    #13 0x55ca91511b64 in _start (/workspace/build-asan/tsc+0x74b64) (BuildId: 73a10d7cc646a755f705b0ae57418e68578aec2f)

Indirect leak of 9552 byte(s) in 1 object(s) allocated from:
    #0 0x55ca915fa191 in operator new(unsigned long) (/workspace/build-asan/tsc+0x15d191) (BuildId: 73a10d7cc646a755f705b0ae57418e68578aec2f)
    #1 0x7ff5c70d7bd0 in std::vector<std::vector<unsigned short, std::allocator<unsigned short>>, std::allocator<std::vector<unsigned short, std::allocator<unsigned short>>>>::_M_default_append(unsigned long) (/usr/lib/llvm-20/lib/libLLVM.so.20.1+0x31bbbd0) (BuildId: b856c61f98abf0989f157f153740fe0fadfbb760)
    #2 0x7ff5c79b8774  (/usr/lib/llvm-20/lib/libLLVM.so.20.1+0x3a9c774) (BuildId: b856c61f98abf0989f157f153740fe0fadfbb760)
    #3 0x7ff5c79b88dc  (/usr/lib/llvm-20/lib/libLLVM.so.20.1+0x3a9c8dc) (BuildId: b856c61f98abf0989f157f153740fe0fadfbb760)
    #4 0x7ff5c79c9377  (/usr/lib/llvm-20/lib/libLLVM.so.20.1+0x3aad377) (BuildId: b856c61f98abf0989f157f153740fe0fadfbb760)
    #5 0x7ff5c79ce7f6  (/usr/lib/llvm-20/lib/libLLVM.so.20.1+0x3ab27f6) (BuildId: b856c61f98abf0989f157f153740fe0fadfbb760)
    #6 0x7ff5c79d081a  (/usr/lib/llvm-20/lib/libLLVM.so.20.1+0x3ab481a) (BuildId: b856c61f98abf0989f157f153740fe0fadfbb760)
    #7 0x55ca91648523 in llvm::Target::createTargetMachine(llvm::StringRef, llvm::StringRef, llvm::StringRef, llvm::TargetOptions const&, std::optional<llvm::Reloc::Model>, std::optional<llvm::CodeModel::Model>, llvm::CodeGenOptLevel, bool) const /usr/lib/llvm-20/include/llvm/MC/TargetRegistry.h:462:12
    #8 0x55ca9163a09e in tsc::TargetRegistry::initializeAllTargets() /workspace/src/TargetRegistry.cpp:67:41
    #9 0x55ca9162bdcd in tsc::Compiler::initializeLLVM() /workspace/src/Compiler.cpp:349:14
    #10 0x55ca9162b8b7 in tsc::Compiler::Compiler(tsc::CompilerOptions const&) /workspace/src/Compiler.cpp:24:5
    #11 0x55ca915fd7b5 in main /workspace/src/main.cpp:191:18
    #12 0x7ff5c395a337  (/lib/x86_64-linux-gnu/libc.so.6+0x2a337) (BuildId: 467f544f15035abef911999cbc14489edd0555ab)
    #13 0x7ff5c395a3fa in __libc_start_main (/lib/x86_64-linux-gnu/libc.so.6+0x2a3fa) (BuildId: 467f544f15035abef911999cbc14489edd0555ab)
    #14 0x55ca91511b64 in _start (/workspace/build-asan/tsc+0x74b64) (BuildId: 73a10d7cc646a755f705b0ae57418e68578aec2f)

Indirect leak of 9552 byte(s) in 1 object(s) allocated from:
    #0 0x55ca915fa191 in operator new(unsigned long) (/workspace/build-asan/tsc+0x15d191) (BuildId: 73a10d7cc646a755f705b0ae57418e68578aec2f)
    #1 0x7ff5c70d7bd0 in std::vector<std::vector<unsigned short, std::allocator<unsigned short>>, std::allocator<std::vector<unsigned short, std::allocator<unsigned short>>>>::_M_default_append(unsigned long) (/usr/lib/llvm-20/lib/libLLVM.so.20.1+0x31bbbd0) (BuildId: b856c61f98abf0989f157f153740fe0fadfbb760)
    #2 0x7ff5c7a3a6a3  (/usr/lib/llvm-20/lib/libLLVM.so.20.1+0x3b1e6a3) (BuildId: b856c61f98abf0989f157f153740fe0fadfbb760)
    #3 0x7ff5c52d06be in llvm::CodeGenTargetMachineImpl::initAsmInfo() (/usr/lib/llvm-20/lib/libLLVM.so.20.1+0x13b46be) (BuildId: b856c61f98abf0989f157f153740fe0fadfbb760)
    #4 0x7ff5c79ce866  (/usr/lib/llvm-20/lib/libLLVM.so.20.1+0x3ab2866) (BuildId: b856c61f98abf0989f157f153740fe0fadfbb760)
    #5 0x7ff5c79d081a  (/usr/lib/llvm-20/lib/libLLVM.so.20.1+0x3ab481a) (BuildId: b856c61f98abf0989f157f153740fe0fadfbb760)
    #6 0x55ca91648523 in llvm::Target::createTargetMachine(llvm::StringRef, llvm::StringRef, llvm::StringRef, llvm::TargetOptions const&, std::optional<llvm::Reloc::Model>, std::optional<llvm::CodeModel::Model>, llvm::CodeGenOptLevel, bool) const /usr/lib/llvm-20/include/llvm/MC/TargetRegistry.h:462:12
    #7 0x55ca9163a09e in tsc::TargetRegistry::initializeAllTargets() /workspace/src/TargetRegistry.cpp:67:41
    #8 0x55ca9162bdcd in tsc::Compiler::initializeLLVM() /workspace/src/Compiler.cpp:349:14
    #9 0x55ca9162b8b7 in tsc::Compiler::Compiler(tsc::CompilerOptions const&) /workspace/src/Compiler.cpp:24:5
    #10 0x55ca915fd7b5 in main /workspace/src/main.cpp:191:18
    #11 0x7ff5c395a337  (/lib/x86_64-linux-gnu/libc.so.6+0x2a337) (BuildId: 467f544f15035abef911999cbc14489edd0555ab)
    #12 0x7ff5c395a3fa in __libc_start_main (/lib/x86_64-linux-gnu/libc.so.6+0x2a3fa) (BuildId: 467f544f15035abef911999cbc14489edd0555ab)
    #13 0x55ca91511b64 in _start (/workspace/build-asan/tsc+0x74b64) (BuildId: 73a10d7cc646a755f705b0ae57418e68578aec2f)

Indirect leak of 8496 byte(s) in 2 object(s) allocated from:
    #0 0x55ca915fa191 in operator new(unsigned long) (/workspace/build-asan/tsc+0x15d191) (BuildId: 73a10d7cc646a755f705b0ae57418e68578aec2f)
    #1 0x7ff5c70d7bd0 in std::vector<std::vector<unsigned short, std::allocator<unsigned short>>, std::allocator<std::vector<unsigned short, std::allocator<unsigned short>>>>::_M_default_append(unsigned long) (/usr/lib/llvm-20/lib/libLLVM.so.20.1+0x31bbbd0) (BuildId: b856c61f98abf0989f157f153740fe0fadfbb760)
    #2 0x7ff5c7ac95e3  (/usr/lib/llvm-20/lib/libLLVM.so.20.1+0x3bad5e3) (BuildId: b856c61f98abf0989f157f153740fe0fadfbb760)
    #3 0x7ff5c52d06be in llvm::CodeGenTargetMachineImpl::initAsmInfo() (/usr/lib/llvm-20/lib/libLLVM.so.20.1+0x13b46be) (BuildId: b856c61f98abf0989f157f153740fe0fadfbb760)
    #4 0x7ff5c7aa6971  (/usr/lib/llvm-20/lib/libLLVM.so.20.1+0x3b8a971) (BuildId: b856c61f98abf0989f157f153740fe0fadfbb760)
    #5 0x7ff5c7aa76ca  (/usr/lib/llvm-20/lib/libLLVM.so.20.1+0x3b8b6ca) (BuildId: b856c61f98abf0989f157f153740fe0fadfbb760)
    #6 0x55ca91648523 in llvm::Target::createTargetMachine(llvm::StringRef, llvm::StringRef, llvm::StringRef, llvm::TargetOptions const&, std::optional<llvm::Reloc::Model>, std::optional<llvm::CodeModel::Model>, llvm::CodeGenOptLevel, bool) const /usr/lib/llvm-20/include/llvm/MC/TargetRegistry.h:462:12
    #7 0x55ca9163a09e in tsc::TargetRegistry::initializeAllTargets() /workspace/src/TargetRegistry.cpp:67:41
    #8 0x55ca9162bdcd in tsc::Compiler::initializeLLVM() /workspace/src/Compiler.cpp:349:14
    #9 0x55ca9162b8b7 in tsc::Compiler::Compiler(tsc::CompilerOptions const&) /workspace/src/Compiler.cpp:24:5
    #10 0x55ca915fd7b5 in main /workspace/src/main.cpp:191:18
    #11 0x7ff5c395a337  (/lib/x86_64-linux-gnu/libc.so.6+0x2a337) (BuildId: 467f544f15035abef911999cbc14489edd0555ab)
    #12 0x7ff5c395a3fa in __libc_start_main (/lib/x86_64-linux-gnu/libc.so.6+0x2a3fa) (BuildId: 467f544f15035abef911999cbc14489edd0555ab)
    #13 0x55ca91511b64 in _start (/workspace/build-asan/tsc+0x74b64) (BuildId: 73a10d7cc646a755f705b0ae57418e68578aec2f)

Indirect leak of 8192 byte(s) in 2 object(s) allocated from:
    #0 0x55ca915fa816 in operator new(unsigned long, std::align_val_t, std::nothrow_t const&) (/workspace/build-asan/tsc+0x15d816) (BuildId: 73a10d7cc646a755f705b0ae57418e68578aec2f)
    #1 0x7ff5c4ead983 in llvm::allocate_buffer(unsigned long, unsigned long) (/usr/lib/llvm-20/lib/libLLVM.so.20.1+0xf91983) (BuildId: b856c61f98abf0989f157f153740fe0fadfbb760)
    #2 0x7ff5c719ba2e  (/usr/lib/llvm-20/lib/libLLVM.so.20.1+0x327fa2e) (BuildId: b856c61f98abf0989f157f153740fe0fadfbb760)
    #3 0x7ff5c719b91f  (/usr/lib/llvm-20/lib/libLLVM.so.20.1+0x327f91f) (BuildId: b856c61f98abf0989f157f153740fe0fadfbb760)
    #4 0x7ff5c83fc618  (/usr/lib/llvm-20/lib/libLLVM.so.20.1+0x44e0618) (BuildId: b856c61f98abf0989f157f153740fe0fadfbb760)
    #5 0x7ff5c52d06be in llvm::CodeGenTargetMachineImpl::initAsmInfo() (/usr/lib/llvm-20/lib/libLLVM.so.20.1+0x13b46be) (BuildId: b856c61f98abf0989f157f153740fe0fadfbb760)
    #6 0x7ff5c837bf6d  (/usr/lib/llvm-20/lib/libLLVM.so.20.1+0x445ff6d) (BuildId: b856c61f98abf0989f157f153740fe0fadfbb760)
    #7 0x7ff5c837de4d  (/usr/lib/llvm-20/lib/libLLVM.so.20.1+0x4461e4d) (BuildId: b856c61f98abf0989f157f153740fe0fadfbb760)
    #8 0x55ca91648523 in llvm::Target::createTargetMachine(llvm::StringRef, llvm::StringRef, llvm::StringRef, llvm::TargetOptions const&, std::optional<llvm::Reloc::Model>, std::optional<llvm::CodeModel::Model>, llvm::CodeGenOptLevel, bool) const /usr/lib/llvm-20/include/llvm/MC/TargetRegistry.h:462:12
    #9 0x55ca9163a09e in tsc::TargetRegistry::initializeAllTargets() /workspace/src/TargetRegistry.cpp:67:41
    #10 0x55ca9162bdcd in tsc::Compiler::initializeLLVM() /workspace/src/Compiler.cpp:349:14
    #11 0x55ca9162b8b7 in tsc::Compiler::Compiler(tsc::CompilerOptions const&) /workspace/src/Compiler.cpp:24:5
    #12 0x55ca915fd7b5 in main /workspace/src/main.cpp:191:18
    #13 0x7ff5c395a337  (/lib/x86_64-linux-gnu/libc.so.6+0x2a337) (BuildId: 467f544f15035abef911999cbc14489edd0555ab)
    #14 0x7ff5c395a3fa in __libc_start_main (/lib/x86_64-linux-gnu/libc.so.6+0x2a3fa) (BuildId: 467f544f15035abef911999cbc14489edd0555ab)
    #15 0x55ca91511b64 in _start (/workspace/build-asan/tsc+0x74b64) (BuildId: 73a10d7cc646a755f705b0ae57418e68578aec2f)

Indirect leak of 8136 byte(s) in 1 object(s) allocated from:
    #0 0x55ca915fa191 in operator new(unsigned long) (/workspace/build-asan/tsc+0x15d191) (BuildId: 73a10d7cc646a755f705b0ae57418e68578aec2f)
    #1 0x7ff5c70d7bd0 in std::vector<std::vector<unsigned short, std::allocator<unsigned short>>, std::allocator<std::vector<unsigned short, std::allocator<unsigned short>>>>::_M_default_append(unsigned long) (/usr/lib/llvm-20/lib/libLLVM.so.20.1+0x31bbbd0) (BuildId: b856c61f98abf0989f157f153740fe0fadfbb760)
    #2 0x7ff5c805b014  (/usr/lib/llvm-20/lib/libLLVM.so.20.1+0x413f014) (BuildId: b856c61f98abf0989f157f153740fe0fadfbb760)
    #3 0x7ff5c805b18c  (/usr/lib/llvm-20/lib/libLLVM.so.20.1+0x413f18c) (BuildId: b856c61f98abf0989f157f153740fe0fadfbb760)
    #4 0x7ff5c805df1a  (/usr/lib/llvm-20/lib/libLLVM.so.20.1+0x4141f1a) (BuildId: b856c61f98abf0989f157f153740fe0fadfbb760)
    #5 0x7ff5c805e60e  (/usr/lib/llvm-20/lib/libLLVM.so.20.1+0x414260e) (BuildId: b856c61f98abf0989f157f153740fe0fadfbb760)
    #6 0x7ff5c805ecda  (/usr/lib/llvm-20/lib/libLLVM.so.20.1+0x4142cda) (BuildId: b856c61f98abf0989f157f153740fe0fadfbb760)
    #7 0x55ca91648523 in llvm::Target::createTargetMachine(llvm::StringRef, llvm::StringRef, llvm::StringRef, llvm::TargetOptions const&, std::optional<llvm::Reloc::Model>, std::optional<llvm::CodeModel::Model>, llvm::CodeGenOptLevel, bool) const /usr/lib/llvm-20/include/llvm/MC/TargetRegistry.h:462:12
    #8 0x55ca9163a09e in tsc::TargetRegistry::initializeAllTargets() /workspace/src/TargetRegistry.cpp:67:41
    #9 0x55ca9162bdcd in tsc::Compiler::initializeLLVM() /workspace/src/Compiler.cpp:349:14
    #10 0x55ca9162b8b7 in tsc::Compiler::Compiler(tsc::CompilerOptions const&) /workspace/src/Compiler.cpp:24:5
    #11 0x55ca915fd7b5 in main /workspace/src/main.cpp:191:18
    #12 0x7ff5c395a337  (/lib/x86_64-linux-gnu/libc.so.6+0x2a337) (BuildId: 467f544f15035abef911999cbc14489edd0555ab)
    #13 0x7ff5c395a3fa in __libc_start_main (/lib/x86_64-linux-gnu/libc.so.6+0x2a3fa) (BuildId: 467f544f15035abef911999cbc14489edd0555ab)
    #14 0x55ca91511b64 in _start (/workspace/build-asan/tsc+0x74b64) (BuildId: 73a10d7cc646a755f705b0ae57418e68578aec2f)

Indirect leak of 8136 byte(s) in 1 object(s) allocated from:
    #0 0x55ca915fa191 in operator new(unsigned long) (/workspace/build-asan/tsc+0x15d191) (BuildId: 73a10d7cc646a755f705b0ae57418e68578aec2f)
    #1 0x7ff5c70d7bd0 in std::vector<std::vector<unsigned short, std::allocator<unsigned short>>, std::allocator<std::vector<unsigned short, std::allocator<unsigned short>>>>::_M_default_append(unsigned long) (/usr/lib/llvm-20/lib/libLLVM.so.20.1+0x31bbbd0) (BuildId: b856c61f98abf0989f157f153740fe0fadfbb760)
    #2 0x7ff5c807f453  (/usr/lib/llvm-20/lib/libLLVM.so.20.1+0x4163453) (BuildId: b856c61f98abf0989f157f153740fe0fadfbb760)
    #3 0x7ff5c52d06be in llvm::CodeGenTargetMachineImpl::initAsmInfo() (/usr/lib/llvm-20/lib/libLLVM.so.20.1+0x13b46be) (BuildId: b856c61f98abf0989f157f153740fe0fadfbb760)
    #4 0x7ff5c805e664  (/usr/lib/llvm-20/lib/libLLVM.so.20.1+0x4142664) (BuildId: b856c61f98abf0989f157f153740fe0fadfbb760)
    #5 0x7ff5c805ecda  (/usr/lib/llvm-20/lib/libLLVM.so.20.1+0x4142cda) (BuildId: b856c61f98abf0989f157f153740fe0fadfbb760)
    #6 0x55ca91648523 in llvm::Target::createTargetMachine(llvm::StringRef, llvm::StringRef, llvm::StringRef, llvm::TargetOptions const&, std::optional<llvm::Reloc::Model>, std::optional<llvm::CodeModel::Model>, llvm::CodeGenOptLevel, bool) const /usr/lib/llvm-20/include/llvm/MC/TargetRegistry.h:462:12
    #7 0x55ca9163a09e in tsc::TargetRegistry::initializeAllTargets() /workspace/src/TargetRegistry.cpp:67:41
    #8 0x55ca9162bdcd in tsc::Compiler::initializeLLVM() /workspace/src/Compiler.cpp:349:14
    #9 0x55ca9162b8b7 in tsc::Compiler::Compiler(tsc::CompilerOptions const&) /workspace/src/Compiler.cpp:24:5
    #10 0x55ca915fd7b5 in main /workspace/src/main.cpp:191:18
    #11 0x7ff5c395a337  (/lib/x86_64-linux-gnu/libc.so.6+0x2a337) (BuildId: 467f544f15035abef911999cbc14489edd0555ab)
    #12 0x7ff5c395a3fa in __libc_start_main (/lib/x86_64-linux-gnu/libc.so.6+0x2a3fa) (BuildId: 467f544f15035abef911999cbc14489edd0555ab)
    #13 0x55ca91511b64 in _start (/workspace/build-asan/tsc+0x74b64) (BuildId: 73a10d7cc646a755f705b0ae57418e68578aec2f)

Indirect leak of 6240 byte(s) in 2 object(s) allocated from:
    #0 0x55ca915fa191 in operator new(unsigned long) (/workspace/build-asan/tsc+0x15d191) (BuildId: 73a10d7cc646a755f705b0ae57418e68578aec2f)
    #1 0x7ff5c7b62a1f  (/usr/lib/llvm-20/lib/libLLVM.so.20.1+0x3c46a1f) (BuildId: b856c61f98abf0989f157f153740fe0fadfbb760)
    #2 0x55ca91648523 in llvm::Target::createTargetMachine(llvm::StringRef, llvm::StringRef, llvm::StringRef, llvm::TargetOptions const&, std::optional<llvm::Reloc::Model>, std::optional<llvm::CodeModel::Model>, llvm::CodeGenOptLevel, bool) const /usr/lib/llvm-20/include/llvm/MC/TargetRegistry.h:462:12
    #3 0x55ca9163a09e in tsc::TargetRegistry::initializeAllTargets() /workspace/src/TargetRegistry.cpp:67:41
    #4 0x55ca9162bdcd in tsc::Compiler::initializeLLVM() /workspace/src/Compiler.cpp:349:14
    #5 0x55ca9162b8b7 in tsc::Compiler::Compiler(tsc::CompilerOptions const&) /workspace/src/Compiler.cpp:24:5
    #6 0x55ca915fd7b5 in main /workspace/src/main.cpp:191:18
    #7 0x7ff5c395a337  (/lib/x86_64-linux-gnu/libc.so.6+0x2a337) (BuildId: 467f544f15035abef911999cbc14489edd0555ab)
    #8 0x7ff5c395a3fa in __libc_start_main (/lib/x86_64-linux-gnu/libc.so.6+0x2a3fa) (BuildId: 467f544f15035abef911999cbc14489edd0555ab)
    #9 0x55ca91511b64 in _start (/workspace/build-asan/tsc+0x74b64) (BuildId: 73a10d7cc646a755f705b0ae57418e68578aec2f)

Indirect leak of 6240 byte(s) in 2 object(s) allocated from:
    #0 0x55ca915fa191 in operator new(unsigned long) (/workspace/build-asan/tsc+0x15d191) (BuildId: 73a10d7cc646a755f705b0ae57418e68578aec2f)
    #1 0x7ff5c7b62adf  (/usr/lib/llvm-20/lib/libLLVM.so.20.1+0x3c46adf) (BuildId: b856c61f98abf0989f157f153740fe0fadfbb760)
    #2 0x55ca91648523 in llvm::Target::createTargetMachine(llvm::StringRef, llvm::StringRef, llvm::StringRef, llvm::TargetOptions const&, std::optional<llvm::Reloc::Model>, std::optional<llvm::CodeModel::Model>, llvm::CodeGenOptLevel, bool) const /usr/lib/llvm-20/include/llvm/MC/TargetRegistry.h:462:12
    #3 0x55ca9163a09e in tsc::TargetRegistry::initializeAllTargets() /workspace/src/TargetRegistry.cpp:67:41
    #4 0x55ca9162bdcd in tsc::Compiler::initializeLLVM() /workspace/src/Compiler.cpp:349:14
    #5 0x55ca9162b8b7 in tsc::Compiler::Compiler(tsc::CompilerOptions const&) /workspace/src/Compiler.cpp:24:5
    #6 0x55ca915fd7b5 in main /workspace/src/main.cpp:191:18
    #7 0x7ff5c395a337  (/lib/x86_64-linux-gnu/libc.so.6+0x2a337) (BuildId: 467f544f15035abef911999cbc14489edd0555ab)
    #8 0x7ff5c395a3fa in __libc_start_main (/lib/x86_64-linux-gnu/libc.so.6+0x2a3fa) (BuildId: 467f544f15035abef911999cbc14489edd0555ab)
    #9 0x55ca91511b64 in _start (/workspace/build-asan/tsc+0x74b64) (BuildId: 73a10d7cc646a755f705b0ae57418e68578aec2f)

Indirect leak of 5712 byte(s) in 1 object(s) allocated from:
    #0 0x55ca915fa191 in operator new(unsigned long) (/workspace/build-asan/tsc+0x15d191) (BuildId: 73a10d7cc646a755f705b0ae57418e68578aec2f)
    #1 0x7ff5c70d7bd0 in std::vector<std::vector<unsigned short, std::allocator<unsigned short>>, std::allocator<std::vector<unsigned short, std::allocator<unsigned short>>>>::_M_default_append(unsigned long) (/usr/lib/llvm-20/lib/libLLVM.so.20.1+0x31bbbd0) (BuildId: b856c61f98abf0989f157f153740fe0fadfbb760)
    #2 0x7ff5c7ee6083  (/usr/lib/llvm-20/lib/libLLVM.so.20.1+0x3fca083) (BuildId: b856c61f98abf0989f157f153740fe0fadfbb760)
    #3 0x7ff5c52d06be in llvm::CodeGenTargetMachineImpl::initAsmInfo() (/usr/lib/llvm-20/lib/libLLVM.so.20.1+0x13b46be) (BuildId: b856c61f98abf0989f157f153740fe0fadfbb760)
    #4 0x7ff5c7ed4b76  (/usr/lib/llvm-20/lib/libLLVM.so.20.1+0x3fb8b76) (BuildId: b856c61f98abf0989f157f153740fe0fadfbb760)
    #5 0x7ff5c7ed581c  (/usr/lib/llvm-20/lib/libLLVM.so.20.1+0x3fb981c) (BuildId: b856c61f98abf0989f157f153740fe0fadfbb760)
    #6 0x55ca91648523 in llvm::Target::createTargetMachine(llvm::StringRef, llvm::StringRef, llvm::StringRef, llvm::TargetOptions const&, std::optional<llvm::Reloc::Model>, std::optional<llvm::CodeModel::Model>, llvm::CodeGenOptLevel, bool) const /usr/lib/llvm-20/include/llvm/MC/TargetRegistry.h:462:12
    #7 0x55ca9163a09e in tsc::TargetRegistry::initializeAllTargets() /workspace/src/TargetRegistry.cpp:67:41
    #8 0x55ca9162bdcd in tsc::Compiler::initializeLLVM() /workspace/src/Compiler.cpp:349:14
    #9 0x55ca9162b8b7 in tsc::Compiler::Compiler(tsc::CompilerOptions const&) /workspace/src/Compiler.cpp:24:5
    #10 0x55ca915fd7b5 in main /workspace/src/main.cpp:191:18
    #11 0x7ff5c395a337  (/lib/x86_64-linux-gnu/libc.so.6+0x2a337) (BuildId: 467f544f15035abef911999cbc14489edd0555ab)
    #12 0x7ff5c395a3fa in __libc_start_main (/lib/x86_64-linux-gnu/libc.so.6+0x2a3fa) (BuildId: 467f544f15035abef911999cbc14489edd0555ab)
    #13 0x55ca91511b64 in _start (/workspace/build-asan/tsc+0x74b64) (BuildId: 73a10d7cc646a755f705b0ae57418e68578aec2f)

Indirect leak of 5712 byte(s) in 1 object(s) allocated from:
    #0 0x55ca915fa191 in operator new(unsigned long) (/workspace/build-asan/tsc+0x15d191) (BuildId: 73a10d7cc646a755f705b0ae57418e68578aec2f)
    #1 0x7ff5c70d7bd0 in std::vector<std::vector<unsigned short, std::allocator<unsigned short>>, std::allocator<std::vector<unsigned short, std::allocator<unsigned short>>>>::_M_default_append(unsigned long) (/usr/lib/llvm-20/lib/libLLVM.so.20.1+0x31bbbd0) (BuildId: b856c61f98abf0989f157f153740fe0fadfbb760)
    #2 0x7ff5c7ee6083  (/usr/lib/llvm-20/lib/libLLVM.so.20.1+0x3fca083) (BuildId: b856c61f98abf0989f157f153740fe0fadfbb760)
    #3 0x7ff5c52d06be in llvm::CodeGenTargetMachineImpl::initAsmInfo() (/usr/lib/llvm-20/lib/libLLVM.so.20.1+0x13b46be) (BuildId: b856c61f98abf0989f157f153740fe0fadfbb760)
    #4 0x7ff5c7ed4b76  (/usr/lib/llvm-20/lib/libLLVM.so.20.1+0x3fb8b76) (BuildId: b856c61f98abf0989f157f153740fe0fadfbb760)
    #5 0x7ff5c7ed569c  (/usr/lib/llvm-20/lib/libLLVM.so.20.1+0x3fb969c) (BuildId: b856c61f98abf0989f157f153740fe0fadfbb760)
    #6 0x55ca91648523 in llvm::Target::createTargetMachine(llvm::StringRef, llvm::StringRef, llvm::StringRef, llvm::TargetOptions const&, std::optional<llvm::Reloc::Model>, std::optional<llvm::CodeModel::Model>, llvm::CodeGenOptLevel, bool) const /usr/lib/llvm-20/include/llvm/MC/TargetRegistry.h:462:12
    #7 0x55ca9163a09e in tsc::TargetRegistry::initializeAllTargets() /workspace/src/TargetRegistry.cpp:67:41
    #8 0x55ca9162bdcd in tsc::Compiler::initializeLLVM() /workspace/src/Compiler.cpp:349:14
    #9 0x55ca9162b8b7 in tsc::Compiler::Compiler(tsc::CompilerOptions const&) /workspace/src/Compiler.cpp:24:5
    #10 0x55ca915fd7b5 in main /workspace/src/main.cpp:191:18
    #11 0x7ff5c395a337  (/lib/x86_64-linux-gnu/libc.so.6+0x2a337) (BuildId: 467f544f15035abef911999cbc14489edd0555ab)
    #12 0x7ff5c395a3fa in __libc_start_main (/lib/x86_64-linux-gnu/libc.so.6+0x2a3fa) (BuildId: 467f544f15035abef911999cbc14489edd0555ab)
    #13 0x55ca91511b64 in _start (/workspace/build-asan/tsc+0x74b64) (BuildId: 73a10d7cc646a755f705b0ae57418e68578aec2f)

Indirect leak of 5712 byte(s) in 1 object(s) allocated from:
    #0 0x55ca915fa191 in operator new(unsigned long) (/workspace/build-asan/tsc+0x15d191) (BuildId: 73a10d7cc646a755f705b0ae57418e68578aec2f)
    #1 0x7ff5c70d7bd0 in std::vector<std::vector<unsigned short, std::allocator<unsigned short>>, std::allocator<std::vector<unsigned short, std::allocator<unsigned short>>>>::_M_default_append(unsigned long) (/usr/lib/llvm-20/lib/libLLVM.so.20.1+0x31bbbd0) (BuildId: b856c61f98abf0989f157f153740fe0fadfbb760)
    #2 0x7ff5c7ee6083  (/usr/lib/llvm-20/lib/libLLVM.so.20.1+0x3fca083) (BuildId: b856c61f98abf0989f157f153740fe0fadfbb760)
    #3 0x7ff5c52d06be in llvm::CodeGenTargetMachineImpl::initAsmInfo() (/usr/lib/llvm-20/lib/libLLVM.so.20.1+0x13b46be) (BuildId: b856c61f98abf0989f157f153740fe0fadfbb760)
    #4 0x7ff5c7ed4b76  (/usr/lib/llvm-20/lib/libLLVM.so.20.1+0x3fb8b76) (BuildId: b856c61f98abf0989f157f153740fe0fadfbb760)
    #5 0x7ff5c7ed575c  (/usr/lib/llvm-20/lib/libLLVM.so.20.1+0x3fb975c) (BuildId: b856c61f98abf0989f157f153740fe0fadfbb760)
    #6 0x55ca91648523 in llvm::Target::createTargetMachine(llvm::StringRef, llvm::StringRef, llvm::StringRef, llvm::TargetOptions const&, std::optional<llvm::Reloc::Model>, std::optional<llvm::CodeModel::Model>, llvm::CodeGenOptLevel, bool) const /usr/lib/llvm-20/include/llvm/MC/TargetRegistry.h:462:12
    #7 0x55ca9163a09e in tsc::TargetRegistry::initializeAllTargets() /workspace/src/TargetRegistry.cpp:67:41
    #8 0x55ca9162bdcd in tsc::Compiler::initializeLLVM() /workspace/src/Compiler.cpp:349:14
    #9 0x55ca9162b8b7 in tsc::Compiler::Compiler(tsc::CompilerOptions const&) /workspace/src/Compiler.cpp:24:5
    #10 0x55ca915fd7b5 in main /workspace/src/main.cpp:191:18
    #11 0x7ff5c395a337  (/lib/x86_64-linux-gnu/libc.so.6+0x2a337) (BuildId: 467f544f15035abef911999cbc14489edd0555ab)
    #12 0x7ff5c395a3fa in __libc_start_main (/lib/x86_64-linux-gnu/libc.so.6+0x2a3fa) (BuildId: 467f544f15035abef911999cbc14489edd0555ab)
    #13 0x55ca91511b64 in _start (/workspace/build-asan/tsc+0x74b64) (BuildId: 73a10d7cc646a755f705b0ae57418e68578aec2f)

Indirect leak of 4848 byte(s) in 101 object(s) allocated from:
    #0 0x55ca915fa191 in operator new(unsigned long) (/workspace/build-asan/tsc+0x15d191) (BuildId: 73a10d7cc646a755f705b0ae57418e68578aec2f)
    #1 0x7ff5c55781b6  (/usr/lib/llvm-20/lib/libLLVM.so.20.1+0x165c1b6) (BuildId: b856c61f98abf0989f157f153740fe0fadfbb760)
    #2 0x7ff5c7981255  (/usr/lib/llvm-20/lib/libLLVM.so.20.1+0x3a65255) (BuildId: b856c61f98abf0989f157f153740fe0fadfbb760)
    #3 0x7ff5c79c938a  (/usr/lib/llvm-20/lib/libLLVM.so.20.1+0x3aad38a) (BuildId: b856c61f98abf0989f157f153740fe0fadfbb760)
    #4 0x7ff5c79ce7f6  (/usr/lib/llvm-20/lib/libLLVM.so.20.1+0x3ab27f6) (BuildId: b856c61f98abf0989f157f153740fe0fadfbb760)
    #5 0x7ff5c79d081a  (/usr/lib/llvm-20/lib/libLLVM.so.20.1+0x3ab481a) (BuildId: b856c61f98abf0989f157f153740fe0fadfbb760)
    #6 0x55ca91648523 in llvm::Target::createTargetMachine(llvm::StringRef, llvm::StringRef, llvm::StringRef, llvm::TargetOptions const&, std::optional<llvm::Reloc::Model>, std::optional<llvm::CodeModel::Model>, llvm::CodeGenOptLevel, bool) const /usr/lib/llvm-20/include/llvm/MC/TargetRegistry.h:462:12
    #7 0x55ca9163a09e in tsc::TargetRegistry::initializeAllTargets() /workspace/src/TargetRegistry.cpp:67:41
    #8 0x55ca9162bdcd in tsc::Compiler::initializeLLVM() /workspace/src/Compiler.cpp:349:14
    #9 0x55ca9162b8b7 in tsc::Compiler::Compiler(tsc::CompilerOptions const&) /workspace/src/Compiler.cpp:24:5
    #10 0x55ca915fd7b5 in main /workspace/src/main.cpp:191:18
    #11 0x7ff5c395a337  (/lib/x86_64-linux-gnu/libc.so.6+0x2a337) (BuildId: 467f544f15035abef911999cbc14489edd0555ab)
    #12 0x7ff5c395a3fa in __libc_start_main (/lib/x86_64-linux-gnu/libc.so.6+0x2a3fa) (BuildId: 467f544f15035abef911999cbc14489edd0555ab)
    #13 0x55ca91511b64 in _start (/workspace/build-asan/tsc+0x74b64) (BuildId: 73a10d7cc646a755f705b0ae57418e68578aec2f)

Indirect leak of 4680 byte(s) in 1 object(s) allocated from:
    #0 0x55ca915fa191 in operator new(unsigned long) (/workspace/build-asan/tsc+0x15d191) (BuildId: 73a10d7cc646a755f705b0ae57418e68578aec2f)
    #1 0x7ff5c70d7bd0 in std::vector<std::vector<unsigned short, std::allocator<unsigned short>>, std::allocator<std::vector<unsigned short, std::allocator<unsigned short>>>>::_M_default_append(unsigned long) (/usr/lib/llvm-20/lib/libLLVM.so.20.1+0x31bbbd0) (BuildId: b856c61f98abf0989f157f153740fe0fadfbb760)
    #2 0x7ff5c803d503  (/usr/lib/llvm-20/lib/libLLVM.so.20.1+0x4121503) (BuildId: b856c61f98abf0989f157f153740fe0fadfbb760)
    #3 0x7ff5c52d06be in llvm::CodeGenTargetMachineImpl::initAsmInfo() (/usr/lib/llvm-20/lib/libLLVM.so.20.1+0x13b46be) (BuildId: b856c61f98abf0989f157f153740fe0fadfbb760)
    #4 0x7ff5c8007c26  (/usr/lib/llvm-20/lib/libLLVM.so.20.1+0x40ebc26) (BuildId: b856c61f98abf0989f157f153740fe0fadfbb760)
    #5 0x7ff5c8008a0d  (/usr/lib/llvm-20/lib/libLLVM.so.20.1+0x40eca0d) (BuildId: b856c61f98abf0989f157f153740fe0fadfbb760)
    #6 0x55ca91648523 in llvm::Target::createTargetMachine(llvm::StringRef, llvm::StringRef, llvm::StringRef, llvm::TargetOptions const&, std::optional<llvm::Reloc::Model>, std::optional<llvm::CodeModel::Model>, llvm::CodeGenOptLevel, bool) const /usr/lib/llvm-20/include/llvm/MC/TargetRegistry.h:462:12
    #7 0x55ca9163a09e in tsc::TargetRegistry::initializeAllTargets() /workspace/src/TargetRegistry.cpp:67:41
    #8 0x55ca9162bdcd in tsc::Compiler::initializeLLVM() /workspace/src/Compiler.cpp:349:14
    #9 0x55ca9162b8b7 in tsc::Compiler::Compiler(tsc::CompilerOptions const&) /workspace/src/Compiler.cpp:24:5
    #10 0x55ca915fd7b5 in main /workspace/src/main.cpp:191:18
    #11 0x7ff5c395a337  (/lib/x86_64-linux-gnu/libc.so.6+0x2a337) (BuildId: 467f544f15035abef911999cbc14489edd0555ab)
    #12 0x7ff5c395a3fa in __libc_start_main (/lib/x86_64-linux-gnu/libc.so.6+0x2a3fa) (BuildId: 467f544f15035abef911999cbc14489edd0555ab)
    #13 0x55ca91511b64 in _start (/workspace/build-asan/tsc+0x74b64) (BuildId: 73a10d7cc646a755f705b0ae57418e68578aec2f)

Indirect leak of 4464 byte(s) in 3 object(s) allocated from:
    #0 0x55ca915fa191 in operator new(unsigned long) (/workspace/build-asan/tsc+0x15d191) (BuildId: 73a10d7cc646a755f705b0ae57418e68578aec2f)
    #1 0x7ff5c7f37d31  (/usr/lib/llvm-20/lib/libLLVM.so.20.1+0x401bd31) (BuildId: b856c61f98abf0989f157f153740fe0fadfbb760)
    #2 0x7ff5c7f81b51  (/usr/lib/llvm-20/lib/libLLVM.so.20.1+0x4065b51) (BuildId: b856c61f98abf0989f157f153740fe0fadfbb760)
    #3 0x7ff5c7f83c8f  (/usr/lib/llvm-20/lib/libLLVM.so.20.1+0x4067c8f) (BuildId: b856c61f98abf0989f157f153740fe0fadfbb760)
    #4 0x7ff5c7f8526a  (/usr/lib/llvm-20/lib/libLLVM.so.20.1+0x406926a) (BuildId: b856c61f98abf0989f157f153740fe0fadfbb760)
    #5 0x55ca91648523 in llvm::Target::createTargetMachine(llvm::StringRef, llvm::StringRef, llvm::StringRef, llvm::TargetOptions const&, std::optional<llvm::Reloc::Model>, std::optional<llvm::CodeModel::Model>, llvm::CodeGenOptLevel, bool) const /usr/lib/llvm-20/include/llvm/MC/TargetRegistry.h:462:12
    #6 0x55ca9163a09e in tsc::TargetRegistry::initializeAllTargets() /workspace/src/TargetRegistry.cpp:67:41
    #7 0x55ca9162bdcd in tsc::Compiler::initializeLLVM() /workspace/src/Compiler.cpp:349:14
    #8 0x55ca9162b8b7 in tsc::Compiler::Compiler(tsc::CompilerOptions const&) /workspace/src/Compiler.cpp:24:5
    #9 0x55ca915fd7b5 in main /workspace/src/main.cpp:191:18
    #10 0x7ff5c395a337  (/lib/x86_64-linux-gnu/libc.so.6+0x2a337) (BuildId: 467f544f15035abef911999cbc14489edd0555ab)
    #11 0x7ff5c395a3fa in __libc_start_main (/lib/x86_64-linux-gnu/libc.so.6+0x2a3fa) (BuildId: 467f544f15035abef911999cbc14489edd0555ab)
    #12 0x55ca91511b64 in _start (/workspace/build-asan/tsc+0x74b64) (BuildId: 73a10d7cc646a755f705b0ae57418e68578aec2f)

Indirect leak of 4128 byte(s) in 4 object(s) allocated from:
    #0 0x55ca915fa191 in operator new(unsigned long) (/workspace/build-asan/tsc+0x15d191) (BuildId: 73a10d7cc646a755f705b0ae57418e68578aec2f)
    #1 0x7ff5c7d1346d  (/usr/lib/llvm-20/lib/libLLVM.so.20.1+0x3df746d) (BuildId: b856c61f98abf0989f157f153740fe0fadfbb760)
    #2 0x7ff5c7d15bcd  (/usr/lib/llvm-20/lib/libLLVM.so.20.1+0x3df9bcd) (BuildId: b856c61f98abf0989f157f153740fe0fadfbb760)
    #3 0x55ca91648523 in llvm::Target::createTargetMachine(llvm::StringRef, llvm::StringRef, llvm::StringRef, llvm::TargetOptions const&, std::optional<llvm::Reloc::Model>, std::optional<llvm::CodeModel::Model>, llvm::CodeGenOptLevel, bool) const /usr/lib/llvm-20/include/llvm/MC/TargetRegistry.h:462:12
    #4 0x55ca9163a09e in tsc::TargetRegistry::initializeAllTargets() /workspace/src/TargetRegistry.cpp:67:41
    #5 0x55ca9162bdcd in tsc::Compiler::initializeLLVM() /workspace/src/Compiler.cpp:349:14
    #6 0x55ca9162b8b7 in tsc::Compiler::Compiler(tsc::CompilerOptions const&) /workspace/src/Compiler.cpp:24:5
    #7 0x55ca915fd7b5 in main /workspace/src/main.cpp:191:18
    #8 0x7ff5c395a337  (/lib/x86_64-linux-gnu/libc.so.6+0x2a337) (BuildId: 467f544f15035abef911999cbc14489edd0555ab)
    #9 0x7ff5c395a3fa in __libc_start_main (/lib/x86_64-linux-gnu/libc.so.6+0x2a3fa) (BuildId: 467f544f15035abef911999cbc14489edd0555ab)
    #10 0x55ca91511b64 in _start (/workspace/build-asan/tsc+0x74b64) (BuildId: 73a10d7cc646a755f705b0ae57418e68578aec2f)

Indirect leak of 4128 byte(s) in 4 object(s) allocated from:
    #0 0x55ca915fa191 in operator new(unsigned long) (/workspace/build-asan/tsc+0x15d191) (BuildId: 73a10d7cc646a755f705b0ae57418e68578aec2f)
    #1 0x7ff5c70ed36d  (/usr/lib/llvm-20/lib/libLLVM.so.20.1+0x31d136d) (BuildId: b856c61f98abf0989f157f153740fe0fadfbb760)
    #2 0x7ff5c70efd1c  (/usr/lib/llvm-20/lib/libLLVM.so.20.1+0x31d3d1c) (BuildId: b856c61f98abf0989f157f153740fe0fadfbb760)
    #3 0x55ca91648523 in llvm::Target::createTargetMachine(llvm::StringRef, llvm::StringRef, llvm::StringRef, llvm::TargetOptions const&, std::optional<llvm::Reloc::Model>, std::optional<llvm::CodeModel::Model>, llvm::CodeGenOptLevel, bool) const /usr/lib/llvm-20/include/llvm/MC/TargetRegistry.h:462:12
    #4 0x55ca9163a09e in tsc::TargetRegistry::initializeAllTargets() /workspace/src/TargetRegistry.cpp:67:41
    #5 0x55ca9162bdcd in tsc::Compiler::initializeLLVM() /workspace/src/Compiler.cpp:349:14
    #6 0x55ca9162b8b7 in tsc::Compiler::Compiler(tsc::CompilerOptions const&) /workspace/src/Compiler.cpp:24:5
    #7 0x55ca915fd7b5 in main /workspace/src/main.cpp:191:18
    #8 0x7ff5c395a337  (/lib/x86_64-linux-gnu/libc.so.6+0x2a337) (BuildId: 467f544f15035abef911999cbc14489edd0555ab)
    #9 0x7ff5c395a3fa in __libc_start_main (/lib/x86_64-linux-gnu/libc.so.6+0x2a3fa) (BuildId: 467f544f15035abef911999cbc14489edd0555ab)
    #10 0x55ca91511b64 in _start (/workspace/build-asan/tsc+0x74b64) (BuildId: 73a10d7cc646a755f705b0ae57418e68578aec2f)

Indirect leak of 4096 byte(s) in 2 object(s) allocated from:
    #0 0x55ca915fa816 in operator new(unsigned long, std::align_val_t, std::nothrow_t const&) (/workspace/build-asan/tsc+0x15d816) (BuildId: 73a10d7cc646a755f705b0ae57418e68578aec2f)
    #1 0x7ff5c4ead983 in llvm::allocate_buffer(unsigned long, unsigned long) (/usr/lib/llvm-20/lib/libLLVM.so.20.1+0xf91983) (BuildId: b856c61f98abf0989f157f153740fe0fadfbb760)
    #2 0x7ff5c719ba2e  (/usr/lib/llvm-20/lib/libLLVM.so.20.1+0x327fa2e) (BuildId: b856c61f98abf0989f157f153740fe0fadfbb760)
    #3 0x7ff5c719b91f  (/usr/lib/llvm-20/lib/libLLVM.so.20.1+0x327f91f) (BuildId: b856c61f98abf0989f157f153740fe0fadfbb760)
    #4 0x7ff5c7853e99  (/usr/lib/llvm-20/lib/libLLVM.so.20.1+0x3937e99) (BuildId: b856c61f98abf0989f157f153740fe0fadfbb760)
    #5 0x7ff5c52d06be in llvm::CodeGenTargetMachineImpl::initAsmInfo() (/usr/lib/llvm-20/lib/libLLVM.so.20.1+0x13b46be) (BuildId: b856c61f98abf0989f157f153740fe0fadfbb760)
    #6 0x7ff5c778f4cf  (/usr/lib/llvm-20/lib/libLLVM.so.20.1+0x38734cf) (BuildId: b856c61f98abf0989f157f153740fe0fadfbb760)
    #7 0x7ff5c77914e4  (/usr/lib/llvm-20/lib/libLLVM.so.20.1+0x38754e4) (BuildId: b856c61f98abf0989f157f153740fe0fadfbb760)
    #8 0x55ca91648523 in llvm::Target::createTargetMachine(llvm::StringRef, llvm::StringRef, llvm::StringRef, llvm::TargetOptions const&, std::optional<llvm::Reloc::Model>, std::optional<llvm::CodeModel::Model>, llvm::CodeGenOptLevel, bool) const /usr/lib/llvm-20/include/llvm/MC/TargetRegistry.h:462:12
    #9 0x55ca9163a09e in tsc::TargetRegistry::initializeAllTargets() /workspace/src/TargetRegistry.cpp:67:41
    #10 0x55ca9162bdcd in tsc::Compiler::initializeLLVM() /workspace/src/Compiler.cpp:349:14
    #11 0x55ca9162b8b7 in tsc::Compiler::Compiler(tsc::CompilerOptions const&) /workspace/src/Compiler.cpp:24:5
    #12 0x55ca915fd7b5 in main /workspace/src/main.cpp:191:18
    #13 0x7ff5c395a337  (/lib/x86_64-linux-gnu/libc.so.6+0x2a337) (BuildId: 467f544f15035abef911999cbc14489edd0555ab)
    #14 0x7ff5c395a3fa in __libc_start_main (/lib/x86_64-linux-gnu/libc.so.6+0x2a3fa) (BuildId: 467f544f15035abef911999cbc14489edd0555ab)
    #15 0x55ca91511b64 in _start (/workspace/build-asan/tsc+0x74b64) (BuildId: 73a10d7cc646a755f705b0ae57418e68578aec2f)

Indirect leak of 4096 byte(s) in 2 object(s) allocated from:
    #0 0x55ca915fa816 in operator new(unsigned long, std::align_val_t, std::nothrow_t const&) (/workspace/build-asan/tsc+0x15d816) (BuildId: 73a10d7cc646a755f705b0ae57418e68578aec2f)
    #1 0x7ff5c4ead983 in llvm::allocate_buffer(unsigned long, unsigned long) (/usr/lib/llvm-20/lib/libLLVM.so.20.1+0xf91983) (BuildId: b856c61f98abf0989f157f153740fe0fadfbb760)
    #2 0x7ff5c719ba2e  (/usr/lib/llvm-20/lib/libLLVM.so.20.1+0x327fa2e) (BuildId: b856c61f98abf0989f157f153740fe0fadfbb760)
    #3 0x7ff5c719b91f  (/usr/lib/llvm-20/lib/libLLVM.so.20.1+0x327f91f) (BuildId: b856c61f98abf0989f157f153740fe0fadfbb760)
    #4 0x7ff5c7853e99  (/usr/lib/llvm-20/lib/libLLVM.so.20.1+0x3937e99) (BuildId: b856c61f98abf0989f157f153740fe0fadfbb760)
    #5 0x7ff5c52d06be in llvm::CodeGenTargetMachineImpl::initAsmInfo() (/usr/lib/llvm-20/lib/libLLVM.so.20.1+0x13b46be) (BuildId: b856c61f98abf0989f157f153740fe0fadfbb760)
    #6 0x7ff5c778f4cf  (/usr/lib/llvm-20/lib/libLLVM.so.20.1+0x38734cf) (BuildId: b856c61f98abf0989f157f153740fe0fadfbb760)
    #7 0x7ff5c77915a4  (/usr/lib/llvm-20/lib/libLLVM.so.20.1+0x38755a4) (BuildId: b856c61f98abf0989f157f153740fe0fadfbb760)
    #8 0x55ca91648523 in llvm::Target::createTargetMachine(llvm::StringRef, llvm::StringRef, llvm::StringRef, llvm::TargetOptions const&, std::optional<llvm::Reloc::Model>, std::optional<llvm::CodeModel::Model>, llvm::CodeGenOptLevel, bool) const /usr/lib/llvm-20/include/llvm/MC/TargetRegistry.h:462:12
    #9 0x55ca9163a09e in tsc::TargetRegistry::initializeAllTargets() /workspace/src/TargetRegistry.cpp:67:41
    #10 0x55ca9162bdcd in tsc::Compiler::initializeLLVM() /workspace/src/Compiler.cpp:349:14
    #11 0x55ca9162b8b7 in tsc::Compiler::Compiler(tsc::CompilerOptions const&) /workspace/src/Compiler.cpp:24:5
    #12 0x55ca915fd7b5 in main /workspace/src/main.cpp:191:18
    #13 0x7ff5c395a337  (/lib/x86_64-linux-gnu/libc.so.6+0x2a337) (BuildId: 467f544f15035abef911999cbc14489edd0555ab)
    #14 0x7ff5c395a3fa in __libc_start_main (/lib/x86_64-linux-gnu/libc.so.6+0x2a3fa) (BuildId: 467f544f15035abef911999cbc14489edd0555ab)
    #15 0x55ca91511b64 in _start (/workspace/build-asan/tsc+0x74b64) (BuildId: 73a10d7cc646a755f705b0ae57418e68578aec2f)

Indirect leak of 4096 byte(s) in 1 object(s) allocated from:
    #0 0x55ca915fa816 in operator new(unsigned long, std::align_val_t, std::nothrow_t const&) (/workspace/build-asan/tsc+0x15d816) (BuildId: 73a10d7cc646a755f705b0ae57418e68578aec2f)
    #1 0x7ff5c4ead983 in llvm::allocate_buffer(unsigned long, unsigned long) (/usr/lib/llvm-20/lib/libLLVM.so.20.1+0xf91983) (BuildId: b856c61f98abf0989f157f153740fe0fadfbb760)
    #2 0x7ff5c719ba2e  (/usr/lib/llvm-20/lib/libLLVM.so.20.1+0x327fa2e) (BuildId: b856c61f98abf0989f157f153740fe0fadfbb760)
    #3 0x7ff5c719b91f  (/usr/lib/llvm-20/lib/libLLVM.so.20.1+0x327f91f) (BuildId: b856c61f98abf0989f157f153740fe0fadfbb760)
    #4 0x7ff5c719b379  (/usr/lib/llvm-20/lib/libLLVM.so.20.1+0x327f379) (BuildId: b856c61f98abf0989f157f153740fe0fadfbb760)
    #5 0x7ff5c52d06be in llvm::CodeGenTargetMachineImpl::initAsmInfo() (/usr/lib/llvm-20/lib/libLLVM.so.20.1+0x13b46be) (BuildId: b856c61f98abf0989f157f153740fe0fadfbb760)
    #6 0x7ff5c70ed3c9  (/usr/lib/llvm-20/lib/libLLVM.so.20.1+0x31d13c9) (BuildId: b856c61f98abf0989f157f153740fe0fadfbb760)
    #7 0x7ff5c70efddc  (/usr/lib/llvm-20/lib/libLLVM.so.20.1+0x31d3ddc) (BuildId: b856c61f98abf0989f157f153740fe0fadfbb760)
    #8 0x55ca91648523 in llvm::Target::createTargetMachine(llvm::StringRef, llvm::StringRef, llvm::StringRef, llvm::TargetOptions const&, std::optional<llvm::Reloc::Model>, std::optional<llvm::CodeModel::Model>, llvm::CodeGenOptLevel, bool) const /usr/lib/llvm-20/include/llvm/MC/TargetRegistry.h:462:12
    #9 0x55ca9163a09e in tsc::TargetRegistry::initializeAllTargets() /workspace/src/TargetRegistry.cpp:67:41
    #10 0x55ca9162bdcd in tsc::Compiler::initializeLLVM() /workspace/src/Compiler.cpp:349:14
    #11 0x55ca9162b8b7 in tsc::Compiler::Compiler(tsc::CompilerOptions const&) /workspace/src/Compiler.cpp:24:5
    #12 0x55ca915fd7b5 in main /workspace/src/main.cpp:191:18
    #13 0x7ff5c395a337  (/lib/x86_64-linux-gnu/libc.so.6+0x2a337) (BuildId: 467f544f15035abef911999cbc14489edd0555ab)
    #14 0x7ff5c395a3fa in __libc_start_main (/lib/x86_64-linux-gnu/libc.so.6+0x2a3fa) (BuildId: 467f544f15035abef911999cbc14489edd0555ab)
    #15 0x55ca91511b64 in _start (/workspace/build-asan/tsc+0x74b64) (BuildId: 73a10d7cc646a755f705b0ae57418e68578aec2f)

Indirect leak of 4056 byte(s) in 3 object(s) allocated from:
    #0 0x55ca915fa191 in operator new(unsigned long) (/workspace/build-asan/tsc+0x15d191) (BuildId: 73a10d7cc646a755f705b0ae57418e68578aec2f)
    #1 0x7ff5c788545d  (/usr/lib/llvm-20/lib/libLLVM.so.20.1+0x396945d) (BuildId: b856c61f98abf0989f157f153740fe0fadfbb760)
    #2 0x7ff5c78a43d1  (/usr/lib/llvm-20/lib/libLLVM.so.20.1+0x39883d1) (BuildId: b856c61f98abf0989f157f153740fe0fadfbb760)
    #3 0x7ff5c78a49df  (/usr/lib/llvm-20/lib/libLLVM.so.20.1+0x39889df) (BuildId: b856c61f98abf0989f157f153740fe0fadfbb760)
    #4 0x7ff5c78a5f8a  (/usr/lib/llvm-20/lib/libLLVM.so.20.1+0x3989f8a) (BuildId: b856c61f98abf0989f157f153740fe0fadfbb760)
    #5 0x55ca91648523 in llvm::Target::createTargetMachine(llvm::StringRef, llvm::StringRef, llvm::StringRef, llvm::TargetOptions const&, std::optional<llvm::Reloc::Model>, std::optional<llvm::CodeModel::Model>, llvm::CodeGenOptLevel, bool) const /usr/lib/llvm-20/include/llvm/MC/TargetRegistry.h:462:12
    #6 0x55ca9163a09e in tsc::TargetRegistry::initializeAllTargets() /workspace/src/TargetRegistry.cpp:67:41
    #7 0x55ca9162bdcd in tsc::Compiler::initializeLLVM() /workspace/src/Compiler.cpp:349:14
    #8 0x55ca9162b8b7 in tsc::Compiler::Compiler(tsc::CompilerOptions const&) /workspace/src/Compiler.cpp:24:5
    #9 0x55ca915fd7b5 in main /workspace/src/main.cpp:191:18
    #10 0x7ff5c395a337  (/lib/x86_64-linux-gnu/libc.so.6+0x2a337) (BuildId: 467f544f15035abef911999cbc14489edd0555ab)
    #11 0x7ff5c395a3fa in __libc_start_main (/lib/x86_64-linux-gnu/libc.so.6+0x2a3fa) (BuildId: 467f544f15035abef911999cbc14489edd0555ab)
    #12 0x55ca91511b64 in _start (/workspace/build-asan/tsc+0x74b64) (BuildId: 73a10d7cc646a755f705b0ae57418e68578aec2f)

Indirect leak of 3096 byte(s) in 3 object(s) allocated from:
    #0 0x55ca915fa191 in operator new(unsigned long) (/workspace/build-asan/tsc+0x15d191) (BuildId: 73a10d7cc646a755f705b0ae57418e68578aec2f)
    #1 0x7ff5c78a48b3  (/usr/lib/llvm-20/lib/libLLVM.so.20.1+0x39888b3) (BuildId: b856c61f98abf0989f157f153740fe0fadfbb760)
    #2 0x7ff5c78a5f8a  (/usr/lib/llvm-20/lib/libLLVM.so.20.1+0x3989f8a) (BuildId: b856c61f98abf0989f157f153740fe0fadfbb760)
    #3 0x55ca91648523 in llvm::Target::createTargetMachine(llvm::StringRef, llvm::StringRef, llvm::StringRef, llvm::TargetOptions const&, std::optional<llvm::Reloc::Model>, std::optional<llvm::CodeModel::Model>, llvm::CodeGenOptLevel, bool) const /usr/lib/llvm-20/include/llvm/MC/TargetRegistry.h:462:12
    #4 0x55ca9163a09e in tsc::TargetRegistry::initializeAllTargets() /workspace/src/TargetRegistry.cpp:67:41
    #5 0x55ca9162bdcd in tsc::Compiler::initializeLLVM() /workspace/src/Compiler.cpp:349:14
    #6 0x55ca9162b8b7 in tsc::Compiler::Compiler(tsc::CompilerOptions const&) /workspace/src/Compiler.cpp:24:5
    #7 0x55ca915fd7b5 in main /workspace/src/main.cpp:191:18
    #8 0x7ff5c395a337  (/lib/x86_64-linux-gnu/libc.so.6+0x2a337) (BuildId: 467f544f15035abef911999cbc14489edd0555ab)
    #9 0x7ff5c395a3fa in __libc_start_main (/lib/x86_64-linux-gnu/libc.so.6+0x2a3fa) (BuildId: 467f544f15035abef911999cbc14489edd0555ab)
    #10 0x55ca91511b64 in _start (/workspace/build-asan/tsc+0x74b64) (BuildId: 73a10d7cc646a755f705b0ae57418e68578aec2f)

Indirect leak of 2928 byte(s) in 3 object(s) allocated from:
    #0 0x55ca915fa191 in operator new(unsigned long) (/workspace/build-asan/tsc+0x15d191) (BuildId: 73a10d7cc646a755f705b0ae57418e68578aec2f)
    #1 0x7ff5c7f83b13  (/usr/lib/llvm-20/lib/libLLVM.so.20.1+0x4067b13) (BuildId: b856c61f98abf0989f157f153740fe0fadfbb760)
    #2 0x7ff5c7f8526a  (/usr/lib/llvm-20/lib/libLLVM.so.20.1+0x406926a) (BuildId: b856c61f98abf0989f157f153740fe0fadfbb760)
    #3 0x55ca91648523 in llvm::Target::createTargetMachine(llvm::StringRef, llvm::StringRef, llvm::StringRef, llvm::TargetOptions const&, std::optional<llvm::Reloc::Model>, std::optional<llvm::CodeModel::Model>, llvm::CodeGenOptLevel, bool) const /usr/lib/llvm-20/include/llvm/MC/TargetRegistry.h:462:12
    #4 0x55ca9163a09e in tsc::TargetRegistry::initializeAllTargets() /workspace/src/TargetRegistry.cpp:67:41
    #5 0x55ca9162bdcd in tsc::Compiler::initializeLLVM() /workspace/src/Compiler.cpp:349:14
    #6 0x55ca9162b8b7 in tsc::Compiler::Compiler(tsc::CompilerOptions const&) /workspace/src/Compiler.cpp:24:5
    #7 0x55ca915fd7b5 in main /workspace/src/main.cpp:191:18
    #8 0x7ff5c395a337  (/lib/x86_64-linux-gnu/libc.so.6+0x2a337) (BuildId: 467f544f15035abef911999cbc14489edd0555ab)
    #9 0x7ff5c395a3fa in __libc_start_main (/lib/x86_64-linux-gnu/libc.so.6+0x2a3fa) (BuildId: 467f544f15035abef911999cbc14489edd0555ab)
    #10 0x55ca91511b64 in _start (/workspace/build-asan/tsc+0x74b64) (BuildId: 73a10d7cc646a755f705b0ae57418e68578aec2f)

Indirect leak of 2736 byte(s) in 2 object(s) allocated from:
    #0 0x55ca915fa191 in operator new(unsigned long) (/workspace/build-asan/tsc+0x15d191) (BuildId: 73a10d7cc646a755f705b0ae57418e68578aec2f)
    #1 0x7ff5c7aff974  (/usr/lib/llvm-20/lib/libLLVM.so.20.1+0x3be3974) (BuildId: b856c61f98abf0989f157f153740fe0fadfbb760)
    #2 0x7ff5c7b6097e  (/usr/lib/llvm-20/lib/libLLVM.so.20.1+0x3c4497e) (BuildId: b856c61f98abf0989f157f153740fe0fadfbb760)
    #3 0x7ff5c7b61710  (/usr/lib/llvm-20/lib/libLLVM.so.20.1+0x3c45710) (BuildId: b856c61f98abf0989f157f153740fe0fadfbb760)
    #4 0x7ff5c7b62b2c  (/usr/lib/llvm-20/lib/libLLVM.so.20.1+0x3c46b2c) (BuildId: b856c61f98abf0989f157f153740fe0fadfbb760)
    #5 0x55ca91648523 in llvm::Target::createTargetMachine(llvm::StringRef, llvm::StringRef, llvm::StringRef, llvm::TargetOptions const&, std::optional<llvm::Reloc::Model>, std::optional<llvm::CodeModel::Model>, llvm::CodeGenOptLevel, bool) const /usr/lib/llvm-20/include/llvm/MC/TargetRegistry.h:462:12
    #6 0x55ca9163a09e in tsc::TargetRegistry::initializeAllTargets() /workspace/src/TargetRegistry.cpp:67:41
    #7 0x55ca9162bdcd in tsc::Compiler::initializeLLVM() /workspace/src/Compiler.cpp:349:14
    #8 0x55ca9162b8b7 in tsc::Compiler::Compiler(tsc::CompilerOptions const&) /workspace/src/Compiler.cpp:24:5
    #9 0x55ca915fd7b5 in main /workspace/src/main.cpp:191:18
    #10 0x7ff5c395a337  (/lib/x86_64-linux-gnu/libc.so.6+0x2a337) (BuildId: 467f544f15035abef911999cbc14489edd0555ab)
    #11 0x7ff5c395a3fa in __libc_start_main (/lib/x86_64-linux-gnu/libc.so.6+0x2a3fa) (BuildId: 467f544f15035abef911999cbc14489edd0555ab)
    #12 0x55ca91511b64 in _start (/workspace/build-asan/tsc+0x74b64) (BuildId: 73a10d7cc646a755f705b0ae57418e68578aec2f)

Indirect leak of 2736 byte(s) in 2 object(s) allocated from:
    #0 0x55ca915fa191 in operator new(unsigned long) (/workspace/build-asan/tsc+0x15d191) (BuildId: 73a10d7cc646a755f705b0ae57418e68578aec2f)
    #1 0x7ff5c7aff974  (/usr/lib/llvm-20/lib/libLLVM.so.20.1+0x3be3974) (BuildId: b856c61f98abf0989f157f153740fe0fadfbb760)
    #2 0x7ff5c7b6097e  (/usr/lib/llvm-20/lib/libLLVM.so.20.1+0x3c4497e) (BuildId: b856c61f98abf0989f157f153740fe0fadfbb760)
    #3 0x7ff5c7b6188a  (/usr/lib/llvm-20/lib/libLLVM.so.20.1+0x3c4588a) (BuildId: b856c61f98abf0989f157f153740fe0fadfbb760)
    #4 0x7ff5c7b62b2c  (/usr/lib/llvm-20/lib/libLLVM.so.20.1+0x3c46b2c) (BuildId: b856c61f98abf0989f157f153740fe0fadfbb760)
    #5 0x55ca91648523 in llvm::Target::createTargetMachine(llvm::StringRef, llvm::StringRef, llvm::StringRef, llvm::TargetOptions const&, std::optional<llvm::Reloc::Model>, std::optional<llvm::CodeModel::Model>, llvm::CodeGenOptLevel, bool) const /usr/lib/llvm-20/include/llvm/MC/TargetRegistry.h:462:12
    #6 0x55ca9163a09e in tsc::TargetRegistry::initializeAllTargets() /workspace/src/TargetRegistry.cpp:67:41
    #7 0x55ca9162bdcd in tsc::Compiler::initializeLLVM() /workspace/src/Compiler.cpp:349:14
    #8 0x55ca9162b8b7 in tsc::Compiler::Compiler(tsc::CompilerOptions const&) /workspace/src/Compiler.cpp:24:5
    #9 0x55ca915fd7b5 in main /workspace/src/main.cpp:191:18
    #10 0x7ff5c395a337  (/lib/x86_64-linux-gnu/libc.so.6+0x2a337) (BuildId: 467f544f15035abef911999cbc14489edd0555ab)
    #11 0x7ff5c395a3fa in __libc_start_main (/lib/x86_64-linux-gnu/libc.so.6+0x2a3fa) (BuildId: 467f544f15035abef911999cbc14489edd0555ab)
    #12 0x55ca91511b64 in _start (/workspace/build-asan/tsc+0x74b64) (BuildId: 73a10d7cc646a755f705b0ae57418e68578aec2f)

Indirect leak of 2736 byte(s) in 2 object(s) allocated from:
    #0 0x55ca915fa191 in operator new(unsigned long) (/workspace/build-asan/tsc+0x15d191) (BuildId: 73a10d7cc646a755f705b0ae57418e68578aec2f)
    #1 0x7ff5c7aff974  (/usr/lib/llvm-20/lib/libLLVM.so.20.1+0x3be3974) (BuildId: b856c61f98abf0989f157f153740fe0fadfbb760)
    #2 0x7ff5c7b6097e  (/usr/lib/llvm-20/lib/libLLVM.so.20.1+0x3c4497e) (BuildId: b856c61f98abf0989f157f153740fe0fadfbb760)
    #3 0x7ff5c7b61710  (/usr/lib/llvm-20/lib/libLLVM.so.20.1+0x3c45710) (BuildId: b856c61f98abf0989f157f153740fe0fadfbb760)
    #4 0x7ff5c7b62a6c  (/usr/lib/llvm-20/lib/libLLVM.so.20.1+0x3c46a6c) (BuildId: b856c61f98abf0989f157f153740fe0fadfbb760)
    #5 0x55ca91648523 in llvm::Target::createTargetMachine(llvm::StringRef, llvm::StringRef, llvm::StringRef, llvm::TargetOptions const&, std::optional<llvm::Reloc::Model>, std::optional<llvm::CodeModel::Model>, llvm::CodeGenOptLevel, bool) const /usr/lib/llvm-20/include/llvm/MC/TargetRegistry.h:462:12
    #6 0x55ca9163a09e in tsc::TargetRegistry::initializeAllTargets() /workspace/src/TargetRegistry.cpp:67:41
    #7 0x55ca9162bdcd in tsc::Compiler::initializeLLVM() /workspace/src/Compiler.cpp:349:14
    #8 0x55ca9162b8b7 in tsc::Compiler::Compiler(tsc::CompilerOptions const&) /workspace/src/Compiler.cpp:24:5
    #9 0x55ca915fd7b5 in main /workspace/src/main.cpp:191:18
    #10 0x7ff5c395a337  (/lib/x86_64-linux-gnu/libc.so.6+0x2a337) (BuildId: 467f544f15035abef911999cbc14489edd0555ab)
    #11 0x7ff5c395a3fa in __libc_start_main (/lib/x86_64-linux-gnu/libc.so.6+0x2a3fa) (BuildId: 467f544f15035abef911999cbc14489edd0555ab)
    #12 0x55ca91511b64 in _start (/workspace/build-asan/tsc+0x74b64) (BuildId: 73a10d7cc646a755f705b0ae57418e68578aec2f)

Indirect leak of 2736 byte(s) in 2 object(s) allocated from:
    #0 0x55ca915fa191 in operator new(unsigned long) (/workspace/build-asan/tsc+0x15d191) (BuildId: 73a10d7cc646a755f705b0ae57418e68578aec2f)
    #1 0x7ff5c7aff974  (/usr/lib/llvm-20/lib/libLLVM.so.20.1+0x3be3974) (BuildId: b856c61f98abf0989f157f153740fe0fadfbb760)
    #2 0x7ff5c7b6097e  (/usr/lib/llvm-20/lib/libLLVM.so.20.1+0x3c4497e) (BuildId: b856c61f98abf0989f157f153740fe0fadfbb760)
    #3 0x7ff5c7b61a19  (/usr/lib/llvm-20/lib/libLLVM.so.20.1+0x3c45a19) (BuildId: b856c61f98abf0989f157f153740fe0fadfbb760)
    #4 0x7ff5c7b62a6c  (/usr/lib/llvm-20/lib/libLLVM.so.20.1+0x3c46a6c) (BuildId: b856c61f98abf0989f157f153740fe0fadfbb760)
    #5 0x55ca91648523 in llvm::Target::createTargetMachine(llvm::StringRef, llvm::StringRef, llvm::StringRef, llvm::TargetOptions const&, std::optional<llvm::Reloc::Model>, std::optional<llvm::CodeModel::Model>, llvm::CodeGenOptLevel, bool) const /usr/lib/llvm-20/include/llvm/MC/TargetRegistry.h:462:12
    #6 0x55ca9163a09e in tsc::TargetRegistry::initializeAllTargets() /workspace/src/TargetRegistry.cpp:67:41
    #7 0x55ca9162bdcd in tsc::Compiler::initializeLLVM() /workspace/src/Compiler.cpp:349:14
    #8 0x55ca9162b8b7 in tsc::Compiler::Compiler(tsc::CompilerOptions const&) /workspace/src/Compiler.cpp:24:5
    #9 0x55ca915fd7b5 in main /workspace/src/main.cpp:191:18
    #10 0x7ff5c395a337  (/lib/x86_64-linux-gnu/libc.so.6+0x2a337) (BuildId: 467f544f15035abef911999cbc14489edd0555ab)
    #11 0x7ff5c395a3fa in __libc_start_main (/lib/x86_64-linux-gnu/libc.so.6+0x2a3fa) (BuildId: 467f544f15035abef911999cbc14489edd0555ab)
    #12 0x55ca91511b64 in _start (/workspace/build-asan/tsc+0x74b64) (BuildId: 73a10d7cc646a755f705b0ae57418e68578aec2f)

Indirect leak of 2736 byte(s) in 2 object(s) allocated from:
    #0 0x55ca915fa191 in operator new(unsigned long) (/workspace/build-asan/tsc+0x15d191) (BuildId: 73a10d7cc646a755f705b0ae57418e68578aec2f)
    #1 0x7ff5c7aff974  (/usr/lib/llvm-20/lib/libLLVM.so.20.1+0x3be3974) (BuildId: b856c61f98abf0989f157f153740fe0fadfbb760)
    #2 0x7ff5c7b6097e  (/usr/lib/llvm-20/lib/libLLVM.so.20.1+0x3c4497e) (BuildId: b856c61f98abf0989f157f153740fe0fadfbb760)
    #3 0x7ff5c7b6188a  (/usr/lib/llvm-20/lib/libLLVM.so.20.1+0x3c4588a) (BuildId: b856c61f98abf0989f157f153740fe0fadfbb760)
    #4 0x7ff5c7b62a6c  (/usr/lib/llvm-20/lib/libLLVM.so.20.1+0x3c46a6c) (BuildId: b856c61f98abf0989f157f153740fe0fadfbb760)
    #5 0x55ca91648523 in llvm::Target::createTargetMachine(llvm::StringRef, llvm::StringRef, llvm::StringRef, llvm::TargetOptions const&, std::optional<llvm::Reloc::Model>, std::optional<llvm::CodeModel::Model>, llvm::CodeGenOptLevel, bool) const /usr/lib/llvm-20/include/llvm/MC/TargetRegistry.h:462:12
    #6 0x55ca9163a09e in tsc::TargetRegistry::initializeAllTargets() /workspace/src/TargetRegistry.cpp:67:41
    #7 0x55ca9162bdcd in tsc::Compiler::initializeLLVM() /workspace/src/Compiler.cpp:349:14
    #8 0x55ca9162b8b7 in tsc::Compiler::Compiler(tsc::CompilerOptions const&) /workspace/src/Compiler.cpp:24:5
    #9 0x55ca915fd7b5 in main /workspace/src/main.cpp:191:18
    #10 0x7ff5c395a337  (/lib/x86_64-linux-gnu/libc.so.6+0x2a337) (BuildId: 467f544f15035abef911999cbc14489edd0555ab)
    #11 0x7ff5c395a3fa in __libc_start_main (/lib/x86_64-linux-gnu/libc.so.6+0x2a3fa) (BuildId: 467f544f15035abef911999cbc14489edd0555ab)
    #12 0x55ca91511b64 in _start (/workspace/build-asan/tsc+0x74b64) (BuildId: 73a10d7cc646a755f705b0ae57418e68578aec2f)

Indirect leak of 2736 byte(s) in 2 object(s) allocated from:
    #0 0x55ca915fa191 in operator new(unsigned long) (/workspace/build-asan/tsc+0x15d191) (BuildId: 73a10d7cc646a755f705b0ae57418e68578aec2f)
    #1 0x7ff5c7aff974  (/usr/lib/llvm-20/lib/libLLVM.so.20.1+0x3be3974) (BuildId: b856c61f98abf0989f157f153740fe0fadfbb760)
    #2 0x7ff5c7b6097e  (/usr/lib/llvm-20/lib/libLLVM.so.20.1+0x3c4497e) (BuildId: b856c61f98abf0989f157f153740fe0fadfbb760)
    #3 0x7ff5c7b61a19  (/usr/lib/llvm-20/lib/libLLVM.so.20.1+0x3c45a19) (BuildId: b856c61f98abf0989f157f153740fe0fadfbb760)
    #4 0x7ff5c7b62b2c  (/usr/lib/llvm-20/lib/libLLVM.so.20.1+0x3c46b2c) (BuildId: b856c61f98abf0989f157f153740fe0fadfbb760)
    #5 0x55ca91648523 in llvm::Target::createTargetMachine(llvm::StringRef, llvm::StringRef, llvm::StringRef, llvm::TargetOptions const&, std::optional<llvm::Reloc::Model>, std::optional<llvm::CodeModel::Model>, llvm::CodeGenOptLevel, bool) const /usr/lib/llvm-20/include/llvm/MC/TargetRegistry.h:462:12
    #6 0x55ca9163a09e in tsc::TargetRegistry::initializeAllTargets() /workspace/src/TargetRegistry.cpp:67:41
    #7 0x55ca9162bdcd in tsc::Compiler::initializeLLVM() /workspace/src/Compiler.cpp:349:14
    #8 0x55ca9162b8b7 in tsc::Compiler::Compiler(tsc::CompilerOptions const&) /workspace/src/Compiler.cpp:24:5
    #9 0x55ca915fd7b5 in main /workspace/src/main.cpp:191:18
    #10 0x7ff5c395a337  (/lib/x86_64-linux-gnu/libc.so.6+0x2a337) (BuildId: 467f544f15035abef911999cbc14489edd0555ab)
    #11 0x7ff5c395a3fa in __libc_start_main (/lib/x86_64-linux-gnu/libc.so.6+0x2a3fa) (BuildId: 467f544f15035abef911999cbc14489edd0555ab)
    #12 0x55ca91511b64 in _start (/workspace/build-asan/tsc+0x74b64) (BuildId: 73a10d7cc646a755f705b0ae57418e68578aec2f)

Indirect leak of 2472 byte(s) in 1 object(s) allocated from:
    #0 0x55ca915fa191 in operator new(unsigned long) (/workspace/build-asan/tsc+0x15d191) (BuildId: 73a10d7cc646a755f705b0ae57418e68578aec2f)
    #1 0x7ff5c70d7bd0 in std::vector<std::vector<unsigned short, std::allocator<unsigned short>>, std::allocator<std::vector<unsigned short, std::allocator<unsigned short>>>>::_M_default_append(unsigned long) (/usr/lib/llvm-20/lib/libLLVM.so.20.1+0x31bbbd0) (BuildId: b856c61f98abf0989f157f153740fe0fadfbb760)
    #2 0x7ff5c7c03209  (/usr/lib/llvm-20/lib/libLLVM.so.20.1+0x3ce7209) (BuildId: b856c61f98abf0989f157f153740fe0fadfbb760)
    #3 0x7ff5c7c055ad  (/usr/lib/llvm-20/lib/libLLVM.so.20.1+0x3ce95ad) (BuildId: b856c61f98abf0989f157f153740fe0fadfbb760)
    #4 0x7ff5c7c06006  (/usr/lib/llvm-20/lib/libLLVM.so.20.1+0x3cea006) (BuildId: b856c61f98abf0989f157f153740fe0fadfbb760)
    #5 0x7ff5c7c07e74  (/usr/lib/llvm-20/lib/libLLVM.so.20.1+0x3cebe74) (BuildId: b856c61f98abf0989f157f153740fe0fadfbb760)
    #6 0x55ca91648523 in llvm::Target::createTargetMachine(llvm::StringRef, llvm::StringRef, llvm::StringRef, llvm::TargetOptions const&, std::optional<llvm::Reloc::Model>, std::optional<llvm::CodeModel::Model>, llvm::CodeGenOptLevel, bool) const /usr/lib/llvm-20/include/llvm/MC/TargetRegistry.h:462:12
    #7 0x55ca9163a09e in tsc::TargetRegistry::initializeAllTargets() /workspace/src/TargetRegistry.cpp:67:41
    #8 0x55ca9162bdcd in tsc::Compiler::initializeLLVM() /workspace/src/Compiler.cpp:349:14
    #9 0x55ca9162b8b7 in tsc::Compiler::Compiler(tsc::CompilerOptions const&) /workspace/src/Compiler.cpp:24:5
    #10 0x55ca915fd7b5 in main /workspace/src/main.cpp:191:18
    #11 0x7ff5c395a337  (/lib/x86_64-linux-gnu/libc.so.6+0x2a337) (BuildId: 467f544f15035abef911999cbc14489edd0555ab)
    #12 0x7ff5c395a3fa in __libc_start_main (/lib/x86_64-linux-gnu/libc.so.6+0x2a3fa) (BuildId: 467f544f15035abef911999cbc14489edd0555ab)
    #13 0x55ca91511b64 in _start (/workspace/build-asan/tsc+0x74b64) (BuildId: 73a10d7cc646a755f705b0ae57418e68578aec2f)

Indirect leak of 2472 byte(s) in 1 object(s) allocated from:
    #0 0x55ca915fa191 in operator new(unsigned long) (/workspace/build-asan/tsc+0x15d191) (BuildId: 73a10d7cc646a755f705b0ae57418e68578aec2f)
    #1 0x7ff5c70d7bd0 in std::vector<std::vector<unsigned short, std::allocator<unsigned short>>, std::allocator<std::vector<unsigned short, std::allocator<unsigned short>>>>::_M_default_append(unsigned long) (/usr/lib/llvm-20/lib/libLLVM.so.20.1+0x31bbbd0) (BuildId: b856c61f98abf0989f157f153740fe0fadfbb760)
    #2 0x7ff5c7c3122d  (/usr/lib/llvm-20/lib/libLLVM.so.20.1+0x3d1522d) (BuildId: b856c61f98abf0989f157f153740fe0fadfbb760)
    #3 0x7ff5c52d06be in llvm::CodeGenTargetMachineImpl::initAsmInfo() (/usr/lib/llvm-20/lib/libLLVM.so.20.1+0x13b46be) (BuildId: b856c61f98abf0989f157f153740fe0fadfbb760)
    #4 0x7ff5c7c060c4  (/usr/lib/llvm-20/lib/libLLVM.so.20.1+0x3cea0c4) (BuildId: b856c61f98abf0989f157f153740fe0fadfbb760)
    #5 0x7ff5c7c07e74  (/usr/lib/llvm-20/lib/libLLVM.so.20.1+0x3cebe74) (BuildId: b856c61f98abf0989f157f153740fe0fadfbb760)
    #6 0x55ca91648523 in llvm::Target::createTargetMachine(llvm::StringRef, llvm::StringRef, llvm::StringRef, llvm::TargetOptions const&, std::optional<llvm::Reloc::Model>, std::optional<llvm::CodeModel::Model>, llvm::CodeGenOptLevel, bool) const /usr/lib/llvm-20/include/llvm/MC/TargetRegistry.h:462:12
    #7 0x55ca9163a09e in tsc::TargetRegistry::initializeAllTargets() /workspace/src/TargetRegistry.cpp:67:41
    #8 0x55ca9162bdcd in tsc::Compiler::initializeLLVM() /workspace/src/Compiler.cpp:349:14
    #9 0x55ca9162b8b7 in tsc::Compiler::Compiler(tsc::CompilerOptions const&) /workspace/src/Compiler.cpp:24:5
    #10 0x55ca915fd7b5 in main /workspace/src/main.cpp:191:18
    #11 0x7ff5c395a337  (/lib/x86_64-linux-gnu/libc.so.6+0x2a337) (BuildId: 467f544f15035abef911999cbc14489edd0555ab)
    #12 0x7ff5c395a3fa in __libc_start_main (/lib/x86_64-linux-gnu/libc.so.6+0x2a3fa) (BuildId: 467f544f15035abef911999cbc14489edd0555ab)
    #13 0x55ca91511b64 in _start (/workspace/build-asan/tsc+0x74b64) (BuildId: 73a10d7cc646a755f705b0ae57418e68578aec2f)

Indirect leak of 2472 byte(s) in 1 object(s) allocated from:
    #0 0x55ca915fa191 in operator new(unsigned long) (/workspace/build-asan/tsc+0x15d191) (BuildId: 73a10d7cc646a755f705b0ae57418e68578aec2f)
    #1 0x7ff5c70d7bd0 in std::vector<std::vector<unsigned short, std::allocator<unsigned short>>, std::allocator<std::vector<unsigned short, std::allocator<unsigned short>>>>::_M_default_append(unsigned long) (/usr/lib/llvm-20/lib/libLLVM.so.20.1+0x31bbbd0) (BuildId: b856c61f98abf0989f157f153740fe0fadfbb760)
    #2 0x7ff5c7c3122d  (/usr/lib/llvm-20/lib/libLLVM.so.20.1+0x3d1522d) (BuildId: b856c61f98abf0989f157f153740fe0fadfbb760)
    #3 0x7ff5c52d06be in llvm::CodeGenTargetMachineImpl::initAsmInfo() (/usr/lib/llvm-20/lib/libLLVM.so.20.1+0x13b46be) (BuildId: b856c61f98abf0989f157f153740fe0fadfbb760)
    #4 0x7ff5c7c060c4  (/usr/lib/llvm-20/lib/libLLVM.so.20.1+0x3cea0c4) (BuildId: b856c61f98abf0989f157f153740fe0fadfbb760)
    #5 0x7ff5c7c07f34  (/usr/lib/llvm-20/lib/libLLVM.so.20.1+0x3cebf34) (BuildId: b856c61f98abf0989f157f153740fe0fadfbb760)
    #6 0x55ca91648523 in llvm::Target::createTargetMachine(llvm::StringRef, llvm::StringRef, llvm::StringRef, llvm::TargetOptions const&, std::optional<llvm::Reloc::Model>, std::optional<llvm::CodeModel::Model>, llvm::CodeGenOptLevel, bool) const /usr/lib/llvm-20/include/llvm/MC/TargetRegistry.h:462:12
    #7 0x55ca9163a09e in tsc::TargetRegistry::initializeAllTargets() /workspace/src/TargetRegistry.cpp:67:41
    #8 0x55ca9162bdcd in tsc::Compiler::initializeLLVM() /workspace/src/Compiler.cpp:349:14
    #9 0x55ca9162b8b7 in tsc::Compiler::Compiler(tsc::CompilerOptions const&) /workspace/src/Compiler.cpp:24:5
    #10 0x55ca915fd7b5 in main /workspace/src/main.cpp:191:18
    #11 0x7ff5c395a337  (/lib/x86_64-linux-gnu/libc.so.6+0x2a337) (BuildId: 467f544f15035abef911999cbc14489edd0555ab)
    #12 0x7ff5c395a3fa in __libc_start_main (/lib/x86_64-linux-gnu/libc.so.6+0x2a3fa) (BuildId: 467f544f15035abef911999cbc14489edd0555ab)
    #13 0x55ca91511b64 in _start (/workspace/build-asan/tsc+0x74b64) (BuildId: 73a10d7cc646a755f705b0ae57418e68578aec2f)

Indirect leak of 2472 byte(s) in 1 object(s) allocated from:
    #0 0x55ca915fa191 in operator new(unsigned long) (/workspace/build-asan/tsc+0x15d191) (BuildId: 73a10d7cc646a755f705b0ae57418e68578aec2f)
    #1 0x7ff5c70d7bd0 in std::vector<std::vector<unsigned short, std::allocator<unsigned short>>, std::allocator<std::vector<unsigned short, std::allocator<unsigned short>>>>::_M_default_append(unsigned long) (/usr/lib/llvm-20/lib/libLLVM.so.20.1+0x31bbbd0) (BuildId: b856c61f98abf0989f157f153740fe0fadfbb760)
    #2 0x7ff5c7c03209  (/usr/lib/llvm-20/lib/libLLVM.so.20.1+0x3ce7209) (BuildId: b856c61f98abf0989f157f153740fe0fadfbb760)
    #3 0x7ff5c7c055ad  (/usr/lib/llvm-20/lib/libLLVM.so.20.1+0x3ce95ad) (BuildId: b856c61f98abf0989f157f153740fe0fadfbb760)
    #4 0x7ff5c7c06006  (/usr/lib/llvm-20/lib/libLLVM.so.20.1+0x3cea006) (BuildId: b856c61f98abf0989f157f153740fe0fadfbb760)
    #5 0x7ff5c7c07f34  (/usr/lib/llvm-20/lib/libLLVM.so.20.1+0x3cebf34) (BuildId: b856c61f98abf0989f157f153740fe0fadfbb760)
    #6 0x55ca91648523 in llvm::Target::createTargetMachine(llvm::StringRef, llvm::StringRef, llvm::StringRef, llvm::TargetOptions const&, std::optional<llvm::Reloc::Model>, std::optional<llvm::CodeModel::Model>, llvm::CodeGenOptLevel, bool) const /usr/lib/llvm-20/include/llvm/MC/TargetRegistry.h:462:12
    #7 0x55ca9163a09e in tsc::TargetRegistry::initializeAllTargets() /workspace/src/TargetRegistry.cpp:67:41
    #8 0x55ca9162bdcd in tsc::Compiler::initializeLLVM() /workspace/src/Compiler.cpp:349:14
    #9 0x55ca9162b8b7 in tsc::Compiler::Compiler(tsc::CompilerOptions const&) /workspace/src/Compiler.cpp:24:5
    #10 0x55ca915fd7b5 in main /workspace/src/main.cpp:191:18
    #11 0x7ff5c395a337  (/lib/x86_64-linux-gnu/libc.so.6+0x2a337) (BuildId: 467f544f15035abef911999cbc14489edd0555ab)
    #12 0x7ff5c395a3fa in __libc_start_main (/lib/x86_64-linux-gnu/libc.so.6+0x2a3fa) (BuildId: 467f544f15035abef911999cbc14489edd0555ab)
    #13 0x55ca91511b64 in _start (/workspace/build-asan/tsc+0x74b64) (BuildId: 73a10d7cc646a755f705b0ae57418e68578aec2f)

Indirect leak of 2192 byte(s) in 2 object(s) allocated from:
    #0 0x55ca915fa191 in operator new(unsigned long) (/workspace/build-asan/tsc+0x15d191) (BuildId: 73a10d7cc646a755f705b0ae57418e68578aec2f)
    #1 0x7ff5c7e269f7  (/usr/lib/llvm-20/lib/libLLVM.so.20.1+0x3f0a9f7) (BuildId: b856c61f98abf0989f157f153740fe0fadfbb760)
    #2 0x7ff5c7e295aa  (/usr/lib/llvm-20/lib/libLLVM.so.20.1+0x3f0d5aa) (BuildId: b856c61f98abf0989f157f153740fe0fadfbb760)
    #3 0x55ca91648523 in llvm::Target::createTargetMachine(llvm::StringRef, llvm::StringRef, llvm::StringRef, llvm::TargetOptions const&, std::optional<llvm::Reloc::Model>, std::optional<llvm::CodeModel::Model>, llvm::CodeGenOptLevel, bool) const /usr/lib/llvm-20/include/llvm/MC/TargetRegistry.h:462:12
    #4 0x55ca9163a09e in tsc::TargetRegistry::initializeAllTargets() /workspace/src/TargetRegistry.cpp:67:41
    #5 0x55ca9162bdcd in tsc::Compiler::initializeLLVM() /workspace/src/Compiler.cpp:349:14
    #6 0x55ca9162b8b7 in tsc::Compiler::Compiler(tsc::CompilerOptions const&) /workspace/src/Compiler.cpp:24:5
    #7 0x55ca915fd7b5 in main /workspace/src/main.cpp:191:18
    #8 0x7ff5c395a337  (/lib/x86_64-linux-gnu/libc.so.6+0x2a337) (BuildId: 467f544f15035abef911999cbc14489edd0555ab)
    #9 0x7ff5c395a3fa in __libc_start_main (/lib/x86_64-linux-gnu/libc.so.6+0x2a3fa) (BuildId: 467f544f15035abef911999cbc14489edd0555ab)
    #10 0x55ca91511b64 in _start (/workspace/build-asan/tsc+0x74b64) (BuildId: 73a10d7cc646a755f705b0ae57418e68578aec2f)

Indirect leak of 2136 byte(s) in 3 object(s) allocated from:
    #0 0x55ca915fa191 in operator new(unsigned long) (/workspace/build-asan/tsc+0x15d191) (BuildId: 73a10d7cc646a755f705b0ae57418e68578aec2f)
    #1 0x7ff5c7f819f6  (/usr/lib/llvm-20/lib/libLLVM.so.20.1+0x40659f6) (BuildId: b856c61f98abf0989f157f153740fe0fadfbb760)
    #2 0x7ff5c7f83c8f  (/usr/lib/llvm-20/lib/libLLVM.so.20.1+0x4067c8f) (BuildId: b856c61f98abf0989f157f153740fe0fadfbb760)
    #3 0x7ff5c7f8526a  (/usr/lib/llvm-20/lib/libLLVM.so.20.1+0x406926a) (BuildId: b856c61f98abf0989f157f153740fe0fadfbb760)
    #4 0x55ca91648523 in llvm::Target::createTargetMachine(llvm::StringRef, llvm::StringRef, llvm::StringRef, llvm::TargetOptions const&, std::optional<llvm::Reloc::Model>, std::optional<llvm::CodeModel::Model>, llvm::CodeGenOptLevel, bool) const /usr/lib/llvm-20/include/llvm/MC/TargetRegistry.h:462:12
    #5 0x55ca9163a09e in tsc::TargetRegistry::initializeAllTargets() /workspace/src/TargetRegistry.cpp:67:41
    #6 0x55ca9162bdcd in tsc::Compiler::initializeLLVM() /workspace/src/Compiler.cpp:349:14
    #7 0x55ca9162b8b7 in tsc::Compiler::Compiler(tsc::CompilerOptions const&) /workspace/src/Compiler.cpp:24:5
    #8 0x55ca915fd7b5 in main /workspace/src/main.cpp:191:18
    #9 0x7ff5c395a337  (/lib/x86_64-linux-gnu/libc.so.6+0x2a337) (BuildId: 467f544f15035abef911999cbc14489edd0555ab)
    #10 0x7ff5c395a3fa in __libc_start_main (/lib/x86_64-linux-gnu/libc.so.6+0x2a3fa) (BuildId: 467f544f15035abef911999cbc14489edd0555ab)
    #11 0x55ca91511b64 in _start (/workspace/build-asan/tsc+0x74b64) (BuildId: 73a10d7cc646a755f705b0ae57418e68578aec2f)

Indirect leak of 2112 byte(s) in 2 object(s) allocated from:
    #0 0x55ca915fa191 in operator new(unsigned long) (/workspace/build-asan/tsc+0x15d191) (BuildId: 73a10d7cc646a755f705b0ae57418e68578aec2f)
    #1 0x7ff5c7b6166a  (/usr/lib/llvm-20/lib/libLLVM.so.20.1+0x3c4566a) (BuildId: b856c61f98abf0989f157f153740fe0fadfbb760)
    #2 0x7ff5c7b62a6c  (/usr/lib/llvm-20/lib/libLLVM.so.20.1+0x3c46a6c) (BuildId: b856c61f98abf0989f157f153740fe0fadfbb760)
    #3 0x55ca91648523 in llvm::Target::createTargetMachine(llvm::StringRef, llvm::StringRef, llvm::StringRef, llvm::TargetOptions const&, std::optional<llvm::Reloc::Model>, std::optional<llvm::CodeModel::Model>, llvm::CodeGenOptLevel, bool) const /usr/lib/llvm-20/include/llvm/MC/TargetRegistry.h:462:12
    #4 0x55ca9163a09e in tsc::TargetRegistry::initializeAllTargets() /workspace/src/TargetRegistry.cpp:67:41
    #5 0x55ca9162bdcd in tsc::Compiler::initializeLLVM() /workspace/src/Compiler.cpp:349:14
    #6 0x55ca9162b8b7 in tsc::Compiler::Compiler(tsc::CompilerOptions const&) /workspace/src/Compiler.cpp:24:5
    #7 0x55ca915fd7b5 in main /workspace/src/main.cpp:191:18
    #8 0x7ff5c395a337  (/lib/x86_64-linux-gnu/libc.so.6+0x2a337) (BuildId: 467f544f15035abef911999cbc14489edd0555ab)
    #9 0x7ff5c395a3fa in __libc_start_main (/lib/x86_64-linux-gnu/libc.so.6+0x2a3fa) (BuildId: 467f544f15035abef911999cbc14489edd0555ab)
    #10 0x55ca91511b64 in _start (/workspace/build-asan/tsc+0x74b64) (BuildId: 73a10d7cc646a755f705b0ae57418e68578aec2f)

Indirect leak of 2112 byte(s) in 2 object(s) allocated from:
    #0 0x55ca915fa191 in operator new(unsigned long) (/workspace/build-asan/tsc+0x15d191) (BuildId: 73a10d7cc646a755f705b0ae57418e68578aec2f)
    #1 0x7ff5c7b6166a  (/usr/lib/llvm-20/lib/libLLVM.so.20.1+0x3c4566a) (BuildId: b856c61f98abf0989f157f153740fe0fadfbb760)
    #2 0x7ff5c7b62b2c  (/usr/lib/llvm-20/lib/libLLVM.so.20.1+0x3c46b2c) (BuildId: b856c61f98abf0989f157f153740fe0fadfbb760)
    #3 0x55ca91648523 in llvm::Target::createTargetMachine(llvm::StringRef, llvm::StringRef, llvm::StringRef, llvm::TargetOptions const&, std::optional<llvm::Reloc::Model>, std::optional<llvm::CodeModel::Model>, llvm::CodeGenOptLevel, bool) const /usr/lib/llvm-20/include/llvm/MC/TargetRegistry.h:462:12
    #4 0x55ca9163a09e in tsc::TargetRegistry::initializeAllTargets() /workspace/src/TargetRegistry.cpp:67:41
    #5 0x55ca9162bdcd in tsc::Compiler::initializeLLVM() /workspace/src/Compiler.cpp:349:14
    #6 0x55ca9162b8b7 in tsc::Compiler::Compiler(tsc::CompilerOptions const&) /workspace/src/Compiler.cpp:24:5
    #7 0x55ca915fd7b5 in main /workspace/src/main.cpp:191:18
    #8 0x7ff5c395a337  (/lib/x86_64-linux-gnu/libc.so.6+0x2a337) (BuildId: 467f544f15035abef911999cbc14489edd0555ab)
    #9 0x7ff5c395a3fa in __libc_start_main (/lib/x86_64-linux-gnu/libc.so.6+0x2a3fa) (BuildId: 467f544f15035abef911999cbc14489edd0555ab)
    #10 0x55ca91511b64 in _start (/workspace/build-asan/tsc+0x74b64) (BuildId: 73a10d7cc646a755f705b0ae57418e68578aec2f)

Indirect leak of 2064 byte(s) in 2 object(s) allocated from:
    #0 0x55ca915fa191 in operator new(unsigned long) (/workspace/build-asan/tsc+0x15d191) (BuildId: 73a10d7cc646a755f705b0ae57418e68578aec2f)
    #1 0x7ff5c778f44a  (/usr/lib/llvm-20/lib/libLLVM.so.20.1+0x387344a) (BuildId: b856c61f98abf0989f157f153740fe0fadfbb760)
    #2 0x7ff5c77914e4  (/usr/lib/llvm-20/lib/libLLVM.so.20.1+0x38754e4) (BuildId: b856c61f98abf0989f157f153740fe0fadfbb760)
    #3 0x55ca91648523 in llvm::Target::createTargetMachine(llvm::StringRef, llvm::StringRef, llvm::StringRef, llvm::TargetOptions const&, std::optional<llvm::Reloc::Model>, std::optional<llvm::CodeModel::Model>, llvm::CodeGenOptLevel, bool) const /usr/lib/llvm-20/include/llvm/MC/TargetRegistry.h:462:12
    #4 0x55ca9163a09e in tsc::TargetRegistry::initializeAllTargets() /workspace/src/TargetRegistry.cpp:67:41
    #5 0x55ca9162bdcd in tsc::Compiler::initializeLLVM() /workspace/src/Compiler.cpp:349:14
    #6 0x55ca9162b8b7 in tsc::Compiler::Compiler(tsc::CompilerOptions const&) /workspace/src/Compiler.cpp:24:5
    #7 0x55ca915fd7b5 in main /workspace/src/main.cpp:191:18
    #8 0x7ff5c395a337  (/lib/x86_64-linux-gnu/libc.so.6+0x2a337) (BuildId: 467f544f15035abef911999cbc14489edd0555ab)
    #9 0x7ff5c395a3fa in __libc_start_main (/lib/x86_64-linux-gnu/libc.so.6+0x2a3fa) (BuildId: 467f544f15035abef911999cbc14489edd0555ab)
    #10 0x55ca91511b64 in _start (/workspace/build-asan/tsc+0x74b64) (BuildId: 73a10d7cc646a755f705b0ae57418e68578aec2f)

Indirect leak of 2064 byte(s) in 2 object(s) allocated from:
    #0 0x55ca915fa191 in operator new(unsigned long) (/workspace/build-asan/tsc+0x15d191) (BuildId: 73a10d7cc646a755f705b0ae57418e68578aec2f)
    #1 0x7ff5c837be8d  (/usr/lib/llvm-20/lib/libLLVM.so.20.1+0x445fe8d) (BuildId: b856c61f98abf0989f157f153740fe0fadfbb760)
    #2 0x7ff5c837de4d  (/usr/lib/llvm-20/lib/libLLVM.so.20.1+0x4461e4d) (BuildId: b856c61f98abf0989f157f153740fe0fadfbb760)
    #3 0x55ca91648523 in llvm::Target::createTargetMachine(llvm::StringRef, llvm::StringRef, llvm::StringRef, llvm::TargetOptions const&, std::optional<llvm::Reloc::Model>, std::optional<llvm::CodeModel::Model>, llvm::CodeGenOptLevel, bool) const /usr/lib/llvm-20/include/llvm/MC/TargetRegistry.h:462:12
    #4 0x55ca9163a09e in tsc::TargetRegistry::initializeAllTargets() /workspace/src/TargetRegistry.cpp:67:41
    #5 0x55ca9162bdcd in tsc::Compiler::initializeLLVM() /workspace/src/Compiler.cpp:349:14
    #6 0x55ca9162b8b7 in tsc::Compiler::Compiler(tsc::CompilerOptions const&) /workspace/src/Compiler.cpp:24:5
    #7 0x55ca915fd7b5 in main /workspace/src/main.cpp:191:18
    #8 0x7ff5c395a337  (/lib/x86_64-linux-gnu/libc.so.6+0x2a337) (BuildId: 467f544f15035abef911999cbc14489edd0555ab)
    #9 0x7ff5c395a3fa in __libc_start_main (/lib/x86_64-linux-gnu/libc.so.6+0x2a3fa) (BuildId: 467f544f15035abef911999cbc14489edd0555ab)
    #10 0x55ca91511b64 in _start (/workspace/build-asan/tsc+0x74b64) (BuildId: 73a10d7cc646a755f705b0ae57418e68578aec2f)

Indirect leak of 2064 byte(s) in 2 object(s) allocated from:
    #0 0x55ca915fa191 in operator new(unsigned long) (/workspace/build-asan/tsc+0x15d191) (BuildId: 73a10d7cc646a755f705b0ae57418e68578aec2f)
    #1 0x7ff5c778f44a  (/usr/lib/llvm-20/lib/libLLVM.so.20.1+0x387344a) (BuildId: b856c61f98abf0989f157f153740fe0fadfbb760)
    #2 0x7ff5c77915a4  (/usr/lib/llvm-20/lib/libLLVM.so.20.1+0x38755a4) (BuildId: b856c61f98abf0989f157f153740fe0fadfbb760)
    #3 0x55ca91648523 in llvm::Target::createTargetMachine(llvm::StringRef, llvm::StringRef, llvm::StringRef, llvm::TargetOptions const&, std::optional<llvm::Reloc::Model>, std::optional<llvm::CodeModel::Model>, llvm::CodeGenOptLevel, bool) const /usr/lib/llvm-20/include/llvm/MC/TargetRegistry.h:462:12
    #4 0x55ca9163a09e in tsc::TargetRegistry::initializeAllTargets() /workspace/src/TargetRegistry.cpp:67:41
    #5 0x55ca9162bdcd in tsc::Compiler::initializeLLVM() /workspace/src/Compiler.cpp:349:14
    #6 0x55ca9162b8b7 in tsc::Compiler::Compiler(tsc::CompilerOptions const&) /workspace/src/Compiler.cpp:24:5
    #7 0x55ca915fd7b5 in main /workspace/src/main.cpp:191:18
    #8 0x7ff5c395a337  (/lib/x86_64-linux-gnu/libc.so.6+0x2a337) (BuildId: 467f544f15035abef911999cbc14489edd0555ab)
    #9 0x7ff5c395a3fa in __libc_start_main (/lib/x86_64-linux-gnu/libc.so.6+0x2a3fa) (BuildId: 467f544f15035abef911999cbc14489edd0555ab)
    #10 0x55ca91511b64 in _start (/workspace/build-asan/tsc+0x74b64) (BuildId: 73a10d7cc646a755f705b0ae57418e68578aec2f)

Indirect leak of 2064 byte(s) in 2 object(s) allocated from:
    #0 0x55ca915fa191 in operator new(unsigned long) (/workspace/build-asan/tsc+0x15d191) (BuildId: 73a10d7cc646a755f705b0ae57418e68578aec2f)
    #1 0x7ff5c7aa693c  (/usr/lib/llvm-20/lib/libLLVM.so.20.1+0x3b8a93c) (BuildId: b856c61f98abf0989f157f153740fe0fadfbb760)
    #2 0x7ff5c7aa76ca  (/usr/lib/llvm-20/lib/libLLVM.so.20.1+0x3b8b6ca) (BuildId: b856c61f98abf0989f157f153740fe0fadfbb760)
    #3 0x55ca91648523 in llvm::Target::createTargetMachine(llvm::StringRef, llvm::StringRef, llvm::StringRef, llvm::TargetOptions const&, std::optional<llvm::Reloc::Model>, std::optional<llvm::CodeModel::Model>, llvm::CodeGenOptLevel, bool) const /usr/lib/llvm-20/include/llvm/MC/TargetRegistry.h:462:12
    #4 0x55ca9163a09e in tsc::TargetRegistry::initializeAllTargets() /workspace/src/TargetRegistry.cpp:67:41
    #5 0x55ca9162bdcd in tsc::Compiler::initializeLLVM() /workspace/src/Compiler.cpp:349:14
    #6 0x55ca9162b8b7 in tsc::Compiler::Compiler(tsc::CompilerOptions const&) /workspace/src/Compiler.cpp:24:5
    #7 0x55ca915fd7b5 in main /workspace/src/main.cpp:191:18
    #8 0x7ff5c395a337  (/lib/x86_64-linux-gnu/libc.so.6+0x2a337) (BuildId: 467f544f15035abef911999cbc14489edd0555ab)
    #9 0x7ff5c395a3fa in __libc_start_main (/lib/x86_64-linux-gnu/libc.so.6+0x2a3fa) (BuildId: 467f544f15035abef911999cbc14489edd0555ab)
    #10 0x55ca91511b64 in _start (/workspace/build-asan/tsc+0x74b64) (BuildId: 73a10d7cc646a755f705b0ae57418e68578aec2f)

Indirect leak of 2048 byte(s) in 2 object(s) allocated from:
    #0 0x55ca915fa816 in operator new(unsigned long, std::align_val_t, std::nothrow_t const&) (/workspace/build-asan/tsc+0x15d816) (BuildId: 73a10d7cc646a755f705b0ae57418e68578aec2f)
    #1 0x7ff5c4ead983 in llvm::allocate_buffer(unsigned long, unsigned long) (/usr/lib/llvm-20/lib/libLLVM.so.20.1+0xf91983) (BuildId: b856c61f98abf0989f157f153740fe0fadfbb760)
    #2 0x7ff5c719ba2e  (/usr/lib/llvm-20/lib/libLLVM.so.20.1+0x327fa2e) (BuildId: b856c61f98abf0989f157f153740fe0fadfbb760)
    #3 0x7ff5c719b91f  (/usr/lib/llvm-20/lib/libLLVM.so.20.1+0x327f91f) (BuildId: b856c61f98abf0989f157f153740fe0fadfbb760)
    #4 0x7ff5c7bacad8  (/usr/lib/llvm-20/lib/libLLVM.so.20.1+0x3c90ad8) (BuildId: b856c61f98abf0989f157f153740fe0fadfbb760)
    #5 0x7ff5c7b5eab1  (/usr/lib/llvm-20/lib/libLLVM.so.20.1+0x3c42ab1) (BuildId: b856c61f98abf0989f157f153740fe0fadfbb760)
    #6 0x7ff5c7b475fd  (/usr/lib/llvm-20/lib/libLLVM.so.20.1+0x3c2b5fd) (BuildId: b856c61f98abf0989f157f153740fe0fadfbb760)
    #7 0x7ff5c7b5ff37  (/usr/lib/llvm-20/lib/libLLVM.so.20.1+0x3c43f37) (BuildId: b856c61f98abf0989f157f153740fe0fadfbb760)
    #8 0x7ff5c7b61710  (/usr/lib/llvm-20/lib/libLLVM.so.20.1+0x3c45710) (BuildId: b856c61f98abf0989f157f153740fe0fadfbb760)
    #9 0x7ff5c7b62a6c  (/usr/lib/llvm-20/lib/libLLVM.so.20.1+0x3c46a6c) (BuildId: b856c61f98abf0989f157f153740fe0fadfbb760)
    #10 0x55ca91648523 in llvm::Target::createTargetMachine(llvm::StringRef, llvm::StringRef, llvm::StringRef, llvm::TargetOptions const&, std::optional<llvm::Reloc::Model>, std::optional<llvm::CodeModel::Model>, llvm::CodeGenOptLevel, bool) const /usr/lib/llvm-20/include/llvm/MC/TargetRegistry.h:462:12
    #11 0x55ca9163a09e in tsc::TargetRegistry::initializeAllTargets() /workspace/src/TargetRegistry.cpp:67:41
    #12 0x55ca9162bdcd in tsc::Compiler::initializeLLVM() /workspace/src/Compiler.cpp:349:14
    #13 0x55ca9162b8b7 in tsc::Compiler::Compiler(tsc::CompilerOptions const&) /workspace/src/Compiler.cpp:24:5
    #14 0x55ca915fd7b5 in main /workspace/src/main.cpp:191:18
    #15 0x7ff5c395a337  (/lib/x86_64-linux-gnu/libc.so.6+0x2a337) (BuildId: 467f544f15035abef911999cbc14489edd0555ab)
    #16 0x7ff5c395a3fa in __libc_start_main (/lib/x86_64-linux-gnu/libc.so.6+0x2a3fa) (BuildId: 467f544f15035abef911999cbc14489edd0555ab)
    #17 0x55ca91511b64 in _start (/workspace/build-asan/tsc+0x74b64) (BuildId: 73a10d7cc646a755f705b0ae57418e68578aec2f)

Indirect leak of 2048 byte(s) in 2 object(s) allocated from:
    #0 0x55ca915fa816 in operator new(unsigned long, std::align_val_t, std::nothrow_t const&) (/workspace/build-asan/tsc+0x15d816) (BuildId: 73a10d7cc646a755f705b0ae57418e68578aec2f)
    #1 0x7ff5c4ead983 in llvm::allocate_buffer(unsigned long, unsigned long) (/usr/lib/llvm-20/lib/libLLVM.so.20.1+0xf91983) (BuildId: b856c61f98abf0989f157f153740fe0fadfbb760)
    #2 0x7ff5c719ba2e  (/usr/lib/llvm-20/lib/libLLVM.so.20.1+0x327fa2e) (BuildId: b856c61f98abf0989f157f153740fe0fadfbb760)
    #3 0x7ff5c719b91f  (/usr/lib/llvm-20/lib/libLLVM.so.20.1+0x327f91f) (BuildId: b856c61f98abf0989f157f153740fe0fadfbb760)
    #4 0x7ff5c7bacad8  (/usr/lib/llvm-20/lib/libLLVM.so.20.1+0x3c90ad8) (BuildId: b856c61f98abf0989f157f153740fe0fadfbb760)
    #5 0x7ff5c7b5eab1  (/usr/lib/llvm-20/lib/libLLVM.so.20.1+0x3c42ab1) (BuildId: b856c61f98abf0989f157f153740fe0fadfbb760)
    #6 0x7ff5c7b475fd  (/usr/lib/llvm-20/lib/libLLVM.so.20.1+0x3c2b5fd) (BuildId: b856c61f98abf0989f157f153740fe0fadfbb760)
    #7 0x7ff5c7b5ff37  (/usr/lib/llvm-20/lib/libLLVM.so.20.1+0x3c43f37) (BuildId: b856c61f98abf0989f157f153740fe0fadfbb760)
    #8 0x7ff5c7b6188a  (/usr/lib/llvm-20/lib/libLLVM.so.20.1+0x3c4588a) (BuildId: b856c61f98abf0989f157f153740fe0fadfbb760)
    #9 0x7ff5c7b62a6c  (/usr/lib/llvm-20/lib/libLLVM.so.20.1+0x3c46a6c) (BuildId: b856c61f98abf0989f157f153740fe0fadfbb760)
    #10 0x55ca91648523 in llvm::Target::createTargetMachine(llvm::StringRef, llvm::StringRef, llvm::StringRef, llvm::TargetOptions const&, std::optional<llvm::Reloc::Model>, std::optional<llvm::CodeModel::Model>, llvm::CodeGenOptLevel, bool) const /usr/lib/llvm-20/include/llvm/MC/TargetRegistry.h:462:12
    #11 0x55ca9163a09e in tsc::TargetRegistry::initializeAllTargets() /workspace/src/TargetRegistry.cpp:67:41
    #12 0x55ca9162bdcd in tsc::Compiler::initializeLLVM() /workspace/src/Compiler.cpp:349:14
    #13 0x55ca9162b8b7 in tsc::Compiler::Compiler(tsc::CompilerOptions const&) /workspace/src/Compiler.cpp:24:5
    #14 0x55ca915fd7b5 in main /workspace/src/main.cpp:191:18
    #15 0x7ff5c395a337  (/lib/x86_64-linux-gnu/libc.so.6+0x2a337) (BuildId: 467f544f15035abef911999cbc14489edd0555ab)
    #16 0x7ff5c395a3fa in __libc_start_main (/lib/x86_64-linux-gnu/libc.so.6+0x2a3fa) (BuildId: 467f544f15035abef911999cbc14489edd0555ab)
    #17 0x55ca91511b64 in _start (/workspace/build-asan/tsc+0x74b64) (BuildId: 73a10d7cc646a755f705b0ae57418e68578aec2f)

Indirect leak of 2048 byte(s) in 2 object(s) allocated from:
    #0 0x55ca915fa816 in operator new(unsigned long, std::align_val_t, std::nothrow_t const&) (/workspace/build-asan/tsc+0x15d816) (BuildId: 73a10d7cc646a755f705b0ae57418e68578aec2f)
    #1 0x7ff5c4ead983 in llvm::allocate_buffer(unsigned long, unsigned long) (/usr/lib/llvm-20/lib/libLLVM.so.20.1+0xf91983) (BuildId: b856c61f98abf0989f157f153740fe0fadfbb760)
    #2 0x7ff5c719ba2e  (/usr/lib/llvm-20/lib/libLLVM.so.20.1+0x327fa2e) (BuildId: b856c61f98abf0989f157f153740fe0fadfbb760)
    #3 0x7ff5c719b91f  (/usr/lib/llvm-20/lib/libLLVM.so.20.1+0x327f91f) (BuildId: b856c61f98abf0989f157f153740fe0fadfbb760)
    #4 0x7ff5c7bacad8  (/usr/lib/llvm-20/lib/libLLVM.so.20.1+0x3c90ad8) (BuildId: b856c61f98abf0989f157f153740fe0fadfbb760)
    #5 0x7ff5c7ad7ed1  (/usr/lib/llvm-20/lib/libLLVM.so.20.1+0x3bbbed1) (BuildId: b856c61f98abf0989f157f153740fe0fadfbb760)
    #6 0x7ff5c7ad063d  (/usr/lib/llvm-20/lib/libLLVM.so.20.1+0x3bb463d) (BuildId: b856c61f98abf0989f157f153740fe0fadfbb760)
    #7 0x7ff5c7b5ff37  (/usr/lib/llvm-20/lib/libLLVM.so.20.1+0x3c43f37) (BuildId: b856c61f98abf0989f157f153740fe0fadfbb760)
    #8 0x7ff5c7b61a19  (/usr/lib/llvm-20/lib/libLLVM.so.20.1+0x3c45a19) (BuildId: b856c61f98abf0989f157f153740fe0fadfbb760)
    #9 0x7ff5c7b62b2c  (/usr/lib/llvm-20/lib/libLLVM.so.20.1+0x3c46b2c) (BuildId: b856c61f98abf0989f157f153740fe0fadfbb760)
    #10 0x55ca91648523 in llvm::Target::createTargetMachine(llvm::StringRef, llvm::StringRef, llvm::StringRef, llvm::TargetOptions const&, std::optional<llvm::Reloc::Model>, std::optional<llvm::CodeModel::Model>, llvm::CodeGenOptLevel, bool) const /usr/lib/llvm-20/include/llvm/MC/TargetRegistry.h:462:12
    #11 0x55ca9163a09e in tsc::TargetRegistry::initializeAllTargets() /workspace/src/TargetRegistry.cpp:67:41
    #12 0x55ca9162bdcd in tsc::Compiler::initializeLLVM() /workspace/src/Compiler.cpp:349:14
    #13 0x55ca9162b8b7 in tsc::Compiler::Compiler(tsc::CompilerOptions const&) /workspace/src/Compiler.cpp:24:5
    #14 0x55ca915fd7b5 in main /workspace/src/main.cpp:191:18
    #15 0x7ff5c395a337  (/lib/x86_64-linux-gnu/libc.so.6+0x2a337) (BuildId: 467f544f15035abef911999cbc14489edd0555ab)
    #16 0x7ff5c395a3fa in __libc_start_main (/lib/x86_64-linux-gnu/libc.so.6+0x2a3fa) (BuildId: 467f544f15035abef911999cbc14489edd0555ab)
    #17 0x55ca91511b64 in _start (/workspace/build-asan/tsc+0x74b64) (BuildId: 73a10d7cc646a755f705b0ae57418e68578aec2f)

Indirect leak of 2048 byte(s) in 2 object(s) allocated from:
    #0 0x55ca915fa191 in operator new(unsigned long) (/workspace/build-asan/tsc+0x15d191) (BuildId: 73a10d7cc646a755f705b0ae57418e68578aec2f)
    #1 0x7ff5c80d70d4  (/usr/lib/llvm-20/lib/libLLVM.so.20.1+0x41bb0d4) (BuildId: b856c61f98abf0989f157f153740fe0fadfbb760)
    #2 0x7ff5c80d8f3a  (/usr/lib/llvm-20/lib/libLLVM.so.20.1+0x41bcf3a) (BuildId: b856c61f98abf0989f157f153740fe0fadfbb760)
    #3 0x55ca91648523 in llvm::Target::createTargetMachine(llvm::StringRef, llvm::StringRef, llvm::StringRef, llvm::TargetOptions const&, std::optional<llvm::Reloc::Model>, std::optional<llvm::CodeModel::Model>, llvm::CodeGenOptLevel, bool) const /usr/lib/llvm-20/include/llvm/MC/TargetRegistry.h:462:12
    #4 0x55ca9163a09e in tsc::TargetRegistry::initializeAllTargets() /workspace/src/TargetRegistry.cpp:67:41
    #5 0x55ca9162bdcd in tsc::Compiler::initializeLLVM() /workspace/src/Compiler.cpp:349:14
    #6 0x55ca9162b8b7 in tsc::Compiler::Compiler(tsc::CompilerOptions const&) /workspace/src/Compiler.cpp:24:5
    #7 0x55ca915fd7b5 in main /workspace/src/main.cpp:191:18
    #8 0x7ff5c395a337  (/lib/x86_64-linux-gnu/libc.so.6+0x2a337) (BuildId: 467f544f15035abef911999cbc14489edd0555ab)
    #9 0x7ff5c395a3fa in __libc_start_main (/lib/x86_64-linux-gnu/libc.so.6+0x2a3fa) (BuildId: 467f544f15035abef911999cbc14489edd0555ab)
    #10 0x55ca91511b64 in _start (/workspace/build-asan/tsc+0x74b64) (BuildId: 73a10d7cc646a755f705b0ae57418e68578aec2f)

Indirect leak of 2048 byte(s) in 2 object(s) allocated from:
    #0 0x55ca915fa816 in operator new(unsigned long, std::align_val_t, std::nothrow_t const&) (/workspace/build-asan/tsc+0x15d816) (BuildId: 73a10d7cc646a755f705b0ae57418e68578aec2f)
    #1 0x7ff5c4ead983 in llvm::allocate_buffer(unsigned long, unsigned long) (/usr/lib/llvm-20/lib/libLLVM.so.20.1+0xf91983) (BuildId: b856c61f98abf0989f157f153740fe0fadfbb760)
    #2 0x7ff5c719ba2e  (/usr/lib/llvm-20/lib/libLLVM.so.20.1+0x327fa2e) (BuildId: b856c61f98abf0989f157f153740fe0fadfbb760)
    #3 0x7ff5c719b91f  (/usr/lib/llvm-20/lib/libLLVM.so.20.1+0x327f91f) (BuildId: b856c61f98abf0989f157f153740fe0fadfbb760)
    #4 0x7ff5c7bacad8  (/usr/lib/llvm-20/lib/libLLVM.so.20.1+0x3c90ad8) (BuildId: b856c61f98abf0989f157f153740fe0fadfbb760)
    #5 0x7ff5c7b5eab1  (/usr/lib/llvm-20/lib/libLLVM.so.20.1+0x3c42ab1) (BuildId: b856c61f98abf0989f157f153740fe0fadfbb760)
    #6 0x7ff5c7b475fd  (/usr/lib/llvm-20/lib/libLLVM.so.20.1+0x3c2b5fd) (BuildId: b856c61f98abf0989f157f153740fe0fadfbb760)
    #7 0x7ff5c7b5ff37  (/usr/lib/llvm-20/lib/libLLVM.so.20.1+0x3c43f37) (BuildId: b856c61f98abf0989f157f153740fe0fadfbb760)
    #8 0x7ff5c7b61710  (/usr/lib/llvm-20/lib/libLLVM.so.20.1+0x3c45710) (BuildId: b856c61f98abf0989f157f153740fe0fadfbb760)
    #9 0x7ff5c7b62b2c  (/usr/lib/llvm-20/lib/libLLVM.so.20.1+0x3c46b2c) (BuildId: b856c61f98abf0989f157f153740fe0fadfbb760)
    #10 0x55ca91648523 in llvm::Target::createTargetMachine(llvm::StringRef, llvm::StringRef, llvm::StringRef, llvm::TargetOptions const&, std::optional<llvm::Reloc::Model>, std::optional<llvm::CodeModel::Model>, llvm::CodeGenOptLevel, bool) const /usr/lib/llvm-20/include/llvm/MC/TargetRegistry.h:462:12
    #11 0x55ca9163a09e in tsc::TargetRegistry::initializeAllTargets() /workspace/src/TargetRegistry.cpp:67:41
    #12 0x55ca9162bdcd in tsc::Compiler::initializeLLVM() /workspace/src/Compiler.cpp:349:14
    #13 0x55ca9162b8b7 in tsc::Compiler::Compiler(tsc::CompilerOptions const&) /workspace/src/Compiler.cpp:24:5
    #14 0x55ca915fd7b5 in main /workspace/src/main.cpp:191:18
    #15 0x7ff5c395a337  (/lib/x86_64-linux-gnu/libc.so.6+0x2a337) (BuildId: 467f544f15035abef911999cbc14489edd0555ab)
    #16 0x7ff5c395a3fa in __libc_start_main (/lib/x86_64-linux-gnu/libc.so.6+0x2a3fa) (BuildId: 467f544f15035abef911999cbc14489edd0555ab)
    #17 0x55ca91511b64 in _start (/workspace/build-asan/tsc+0x74b64) (BuildId: 73a10d7cc646a755f705b0ae57418e68578aec2f)

Indirect leak of 2048 byte(s) in 2 object(s) allocated from:
    #0 0x55ca915fa816 in operator new(unsigned long, std::align_val_t, std::nothrow_t const&) (/workspace/build-asan/tsc+0x15d816) (BuildId: 73a10d7cc646a755f705b0ae57418e68578aec2f)
    #1 0x7ff5c4ead983 in llvm::allocate_buffer(unsigned long, unsigned long) (/usr/lib/llvm-20/lib/libLLVM.so.20.1+0xf91983) (BuildId: b856c61f98abf0989f157f153740fe0fadfbb760)
    #2 0x7ff5c719ba2e  (/usr/lib/llvm-20/lib/libLLVM.so.20.1+0x327fa2e) (BuildId: b856c61f98abf0989f157f153740fe0fadfbb760)
    #3 0x7ff5c719b91f  (/usr/lib/llvm-20/lib/libLLVM.so.20.1+0x327f91f) (BuildId: b856c61f98abf0989f157f153740fe0fadfbb760)
    #4 0x7ff5c7bacad8  (/usr/lib/llvm-20/lib/libLLVM.so.20.1+0x3c90ad8) (BuildId: b856c61f98abf0989f157f153740fe0fadfbb760)
    #5 0x7ff5c7b5eab1  (/usr/lib/llvm-20/lib/libLLVM.so.20.1+0x3c42ab1) (BuildId: b856c61f98abf0989f157f153740fe0fadfbb760)
    #6 0x7ff5c7b475fd  (/usr/lib/llvm-20/lib/libLLVM.so.20.1+0x3c2b5fd) (BuildId: b856c61f98abf0989f157f153740fe0fadfbb760)
    #7 0x7ff5c7b5ff37  (/usr/lib/llvm-20/lib/libLLVM.so.20.1+0x3c43f37) (BuildId: b856c61f98abf0989f157f153740fe0fadfbb760)
    #8 0x7ff5c7b6188a  (/usr/lib/llvm-20/lib/libLLVM.so.20.1+0x3c4588a) (BuildId: b856c61f98abf0989f157f153740fe0fadfbb760)
    #9 0x7ff5c7b62b2c  (/usr/lib/llvm-20/lib/libLLVM.so.20.1+0x3c46b2c) (BuildId: b856c61f98abf0989f157f153740fe0fadfbb760)
    #10 0x55ca91648523 in llvm::Target::createTargetMachine(llvm::StringRef, llvm::StringRef, llvm::StringRef, llvm::TargetOptions const&, std::optional<llvm::Reloc::Model>, std::optional<llvm::CodeModel::Model>, llvm::CodeGenOptLevel, bool) const /usr/lib/llvm-20/include/llvm/MC/TargetRegistry.h:462:12
    #11 0x55ca9163a09e in tsc::TargetRegistry::initializeAllTargets() /workspace/src/TargetRegistry.cpp:67:41
    #12 0x55ca9162bdcd in tsc::Compiler::initializeLLVM() /workspace/src/Compiler.cpp:349:14
    #13 0x55ca9162b8b7 in tsc::Compiler::Compiler(tsc::CompilerOptions const&) /workspace/src/Compiler.cpp:24:5
    #14 0x55ca915fd7b5 in main /workspace/src/main.cpp:191:18
    #15 0x7ff5c395a337  (/lib/x86_64-linux-gnu/libc.so.6+0x2a337) (BuildId: 467f544f15035abef911999cbc14489edd0555ab)
    #16 0x7ff5c395a3fa in __libc_start_main (/lib/x86_64-linux-gnu/libc.so.6+0x2a3fa) (BuildId: 467f544f15035abef911999cbc14489edd0555ab)
    #17 0x55ca91511b64 in _start (/workspace/build-asan/tsc+0x74b64) (BuildId: 73a10d7cc646a755f705b0ae57418e68578aec2f)

Indirect leak of 2048 byte(s) in 2 object(s) allocated from:
    #0 0x55ca915fa816 in operator new(unsigned long, std::align_val_t, std::nothrow_t const&) (/workspace/build-asan/tsc+0x15d816) (BuildId: 73a10d7cc646a755f705b0ae57418e68578aec2f)
    #1 0x7ff5c4ead983 in llvm::allocate_buffer(unsigned long, unsigned long) (/usr/lib/llvm-20/lib/libLLVM.so.20.1+0xf91983) (BuildId: b856c61f98abf0989f157f153740fe0fadfbb760)
    #2 0x7ff5c719ba2e  (/usr/lib/llvm-20/lib/libLLVM.so.20.1+0x327fa2e) (BuildId: b856c61f98abf0989f157f153740fe0fadfbb760)
    #3 0x7ff5c719b91f  (/usr/lib/llvm-20/lib/libLLVM.so.20.1+0x327f91f) (BuildId: b856c61f98abf0989f157f153740fe0fadfbb760)
    #4 0x7ff5c7bacad8  (/usr/lib/llvm-20/lib/libLLVM.so.20.1+0x3c90ad8) (BuildId: b856c61f98abf0989f157f153740fe0fadfbb760)
    #5 0x7ff5c7ad7ed1  (/usr/lib/llvm-20/lib/libLLVM.so.20.1+0x3bbbed1) (BuildId: b856c61f98abf0989f157f153740fe0fadfbb760)
    #6 0x7ff5c7ad063d  (/usr/lib/llvm-20/lib/libLLVM.so.20.1+0x3bb463d) (BuildId: b856c61f98abf0989f157f153740fe0fadfbb760)
    #7 0x7ff5c7b5ff37  (/usr/lib/llvm-20/lib/libLLVM.so.20.1+0x3c43f37) (BuildId: b856c61f98abf0989f157f153740fe0fadfbb760)
    #8 0x7ff5c7b61a19  (/usr/lib/llvm-20/lib/libLLVM.so.20.1+0x3c45a19) (BuildId: b856c61f98abf0989f157f153740fe0fadfbb760)
    #9 0x7ff5c7b62a6c  (/usr/lib/llvm-20/lib/libLLVM.so.20.1+0x3c46a6c) (BuildId: b856c61f98abf0989f157f153740fe0fadfbb760)
    #10 0x55ca91648523 in llvm::Target::createTargetMachine(llvm::StringRef, llvm::StringRef, llvm::StringRef, llvm::TargetOptions const&, std::optional<llvm::Reloc::Model>, std::optional<llvm::CodeModel::Model>, llvm::CodeGenOptLevel, bool) const /usr/lib/llvm-20/include/llvm/MC/TargetRegistry.h:462:12
    #11 0x55ca9163a09e in tsc::TargetRegistry::initializeAllTargets() /workspace/src/TargetRegistry.cpp:67:41
    #12 0x55ca9162bdcd in tsc::Compiler::initializeLLVM() /workspace/src/Compiler.cpp:349:14
    #13 0x55ca9162b8b7 in tsc::Compiler::Compiler(tsc::CompilerOptions const&) /workspace/src/Compiler.cpp:24:5
    #14 0x55ca915fd7b5 in main /workspace/src/main.cpp:191:18
    #15 0x7ff5c395a337  (/lib/x86_64-linux-gnu/libc.so.6+0x2a337) (BuildId: 467f544f15035abef911999cbc14489edd0555ab)
    #16 0x7ff5c395a3fa in __libc_start_main (/lib/x86_64-linux-gnu/libc.so.6+0x2a3fa) (BuildId: 467f544f15035abef911999cbc14489edd0555ab)
    #17 0x55ca91511b64 in _start (/workspace/build-asan/tsc+0x74b64) (BuildId: 73a10d7cc646a755f705b0ae57418e68578aec2f)

Indirect leak of 1824 byte(s) in 4 object(s) allocated from:
    #0 0x55ca915fa191 in operator new(unsigned long) (/workspace/build-asan/tsc+0x15d191) (BuildId: 73a10d7cc646a755f705b0ae57418e68578aec2f)
    #1 0x7ff5c719b05f  (/usr/lib/llvm-20/lib/libLLVM.so.20.1+0x327f05f) (BuildId: b856c61f98abf0989f157f153740fe0fadfbb760)
    #2 0x7ff5c52d081f in llvm::CodeGenTargetMachineImpl::initAsmInfo() (/usr/lib/llvm-20/lib/libLLVM.so.20.1+0x13b481f) (BuildId: b856c61f98abf0989f157f153740fe0fadfbb760)
    #3 0x7ff5c70ed3c9  (/usr/lib/llvm-20/lib/libLLVM.so.20.1+0x31d13c9) (BuildId: b856c61f98abf0989f157f153740fe0fadfbb760)
    #4 0x7ff5c70efd1c  (/usr/lib/llvm-20/lib/libLLVM.so.20.1+0x31d3d1c) (BuildId: b856c61f98abf0989f157f153740fe0fadfbb760)
    #5 0x55ca91648523 in llvm::Target::createTargetMachine(llvm::StringRef, llvm::StringRef, llvm::StringRef, llvm::TargetOptions const&, std::optional<llvm::Reloc::Model>, std::optional<llvm::CodeModel::Model>, llvm::CodeGenOptLevel, bool) const /usr/lib/llvm-20/include/llvm/MC/TargetRegistry.h:462:12
    #6 0x55ca9163a09e in tsc::TargetRegistry::initializeAllTargets() /workspace/src/TargetRegistry.cpp:67:41
    #7 0x55ca9162bdcd in tsc::Compiler::initializeLLVM() /workspace/src/Compiler.cpp:349:14
    #8 0x55ca9162b8b7 in tsc::Compiler::Compiler(tsc::CompilerOptions const&) /workspace/src/Compiler.cpp:24:5
    #9 0x55ca915fd7b5 in main /workspace/src/main.cpp:191:18
    #10 0x7ff5c395a337  (/lib/x86_64-linux-gnu/libc.so.6+0x2a337) (BuildId: 467f544f15035abef911999cbc14489edd0555ab)
    #11 0x7ff5c395a3fa in __libc_start_main (/lib/x86_64-linux-gnu/libc.so.6+0x2a3fa) (BuildId: 467f544f15035abef911999cbc14489edd0555ab)
    #12 0x55ca91511b64 in _start (/workspace/build-asan/tsc+0x74b64) (BuildId: 73a10d7cc646a755f705b0ae57418e68578aec2f)

Indirect leak of 1824 byte(s) in 4 object(s) allocated from:
    #0 0x55ca915fa191 in operator new(unsigned long) (/workspace/build-asan/tsc+0x15d191) (BuildId: 73a10d7cc646a755f705b0ae57418e68578aec2f)
    #1 0x7ff5c7d4c7b0  (/usr/lib/llvm-20/lib/libLLVM.so.20.1+0x3e307b0) (BuildId: b856c61f98abf0989f157f153740fe0fadfbb760)
    #2 0x7ff5c52d081f in llvm::CodeGenTargetMachineImpl::initAsmInfo() (/usr/lib/llvm-20/lib/libLLVM.so.20.1+0x13b481f) (BuildId: b856c61f98abf0989f157f153740fe0fadfbb760)
    #3 0x7ff5c7d135ac  (/usr/lib/llvm-20/lib/libLLVM.so.20.1+0x3df75ac) (BuildId: b856c61f98abf0989f157f153740fe0fadfbb760)
    #4 0x7ff5c7d15bcd  (/usr/lib/llvm-20/lib/libLLVM.so.20.1+0x3df9bcd) (BuildId: b856c61f98abf0989f157f153740fe0fadfbb760)
    #5 0x55ca91648523 in llvm::Target::createTargetMachine(llvm::StringRef, llvm::StringRef, llvm::StringRef, llvm::TargetOptions const&, std::optional<llvm::Reloc::Model>, std::optional<llvm::CodeModel::Model>, llvm::CodeGenOptLevel, bool) const /usr/lib/llvm-20/include/llvm/MC/TargetRegistry.h:462:12
    #6 0x55ca9163a09e in tsc::TargetRegistry::initializeAllTargets() /workspace/src/TargetRegistry.cpp:67:41
    #7 0x55ca9162bdcd in tsc::Compiler::initializeLLVM() /workspace/src/Compiler.cpp:349:14
    #8 0x55ca9162b8b7 in tsc::Compiler::Compiler(tsc::CompilerOptions const&) /workspace/src/Compiler.cpp:24:5
    #9 0x55ca915fd7b5 in main /workspace/src/main.cpp:191:18
    #10 0x7ff5c395a337  (/lib/x86_64-linux-gnu/libc.so.6+0x2a337) (BuildId: 467f544f15035abef911999cbc14489edd0555ab)
    #11 0x7ff5c395a3fa in __libc_start_main (/lib/x86_64-linux-gnu/libc.so.6+0x2a3fa) (BuildId: 467f544f15035abef911999cbc14489edd0555ab)
    #12 0x55ca91511b64 in _start (/workspace/build-asan/tsc+0x74b64) (BuildId: 73a10d7cc646a755f705b0ae57418e68578aec2f)

Indirect leak of 1800 byte(s) in 3 object(s) allocated from:
    #0 0x55ca915fa191 in operator new(unsigned long) (/workspace/build-asan/tsc+0x15d191) (BuildId: 73a10d7cc646a755f705b0ae57418e68578aec2f)
    #1 0x7ff5c70d7bd0 in std::vector<std::vector<unsigned short, std::allocator<unsigned short>>, std::allocator<std::vector<unsigned short, std::allocator<unsigned short>>>>::_M_default_append(unsigned long) (/usr/lib/llvm-20/lib/libLLVM.so.20.1+0x31bbbd0) (BuildId: b856c61f98abf0989f157f153740fe0fadfbb760)
    #2 0x7ff5c78a3381  (/usr/lib/llvm-20/lib/libLLVM.so.20.1+0x3987381) (BuildId: b856c61f98abf0989f157f153740fe0fadfbb760)
    #3 0x7ff5c78a365c  (/usr/lib/llvm-20/lib/libLLVM.so.20.1+0x398765c) (BuildId: b856c61f98abf0989f157f153740fe0fadfbb760)
    #4 0x7ff5c78a4216  (/usr/lib/llvm-20/lib/libLLVM.so.20.1+0x3988216) (BuildId: b856c61f98abf0989f157f153740fe0fadfbb760)
    #5 0x7ff5c78a49df  (/usr/lib/llvm-20/lib/libLLVM.so.20.1+0x39889df) (BuildId: b856c61f98abf0989f157f153740fe0fadfbb760)
    #6 0x7ff5c78a5f8a  (/usr/lib/llvm-20/lib/libLLVM.so.20.1+0x3989f8a) (BuildId: b856c61f98abf0989f157f153740fe0fadfbb760)
    #7 0x55ca91648523 in llvm::Target::createTargetMachine(llvm::StringRef, llvm::StringRef, llvm::StringRef, llvm::TargetOptions const&, std::optional<llvm::Reloc::Model>, std::optional<llvm::CodeModel::Model>, llvm::CodeGenOptLevel, bool) const /usr/lib/llvm-20/include/llvm/MC/TargetRegistry.h:462:12
    #8 0x55ca9163a09e in tsc::TargetRegistry::initializeAllTargets() /workspace/src/TargetRegistry.cpp:67:41
    #9 0x55ca9162bdcd in tsc::Compiler::initializeLLVM() /workspace/src/Compiler.cpp:349:14
    #10 0x55ca9162b8b7 in tsc::Compiler::Compiler(tsc::CompilerOptions const&) /workspace/src/Compiler.cpp:24:5
    #11 0x55ca915fd7b5 in main /workspace/src/main.cpp:191:18
    #12 0x7ff5c395a337  (/lib/x86_64-linux-gnu/libc.so.6+0x2a337) (BuildId: 467f544f15035abef911999cbc14489edd0555ab)
    #13 0x7ff5c395a3fa in __libc_start_main (/lib/x86_64-linux-gnu/libc.so.6+0x2a3fa) (BuildId: 467f544f15035abef911999cbc14489edd0555ab)
    #14 0x55ca91511b64 in _start (/workspace/build-asan/tsc+0x74b64) (BuildId: 73a10d7cc646a755f705b0ae57418e68578aec2f)

Indirect leak of 1800 byte(s) in 3 object(s) allocated from:
    #0 0x55ca915fa191 in operator new(unsigned long) (/workspace/build-asan/tsc+0x15d191) (BuildId: 73a10d7cc646a755f705b0ae57418e68578aec2f)
    #1 0x7ff5c70d7bd0 in std::vector<std::vector<unsigned short, std::allocator<unsigned short>>, std::allocator<std::vector<unsigned short, std::allocator<unsigned short>>>>::_M_default_append(unsigned long) (/usr/lib/llvm-20/lib/libLLVM.so.20.1+0x31bbbd0) (BuildId: b856c61f98abf0989f157f153740fe0fadfbb760)
    #2 0x7ff5c78ccfd3  (/usr/lib/llvm-20/lib/libLLVM.so.20.1+0x39b0fd3) (BuildId: b856c61f98abf0989f157f153740fe0fadfbb760)
    #3 0x7ff5c52d06be in llvm::CodeGenTargetMachineImpl::initAsmInfo() (/usr/lib/llvm-20/lib/libLLVM.so.20.1+0x13b46be) (BuildId: b856c61f98abf0989f157f153740fe0fadfbb760)
    #4 0x7ff5c78a4a11  (/usr/lib/llvm-20/lib/libLLVM.so.20.1+0x3988a11) (BuildId: b856c61f98abf0989f157f153740fe0fadfbb760)
    #5 0x7ff5c78a5f8a  (/usr/lib/llvm-20/lib/libLLVM.so.20.1+0x3989f8a) (BuildId: b856c61f98abf0989f157f153740fe0fadfbb760)
    #6 0x55ca91648523 in llvm::Target::createTargetMachine(llvm::StringRef, llvm::StringRef, llvm::StringRef, llvm::TargetOptions const&, std::optional<llvm::Reloc::Model>, std::optional<llvm::CodeModel::Model>, llvm::CodeGenOptLevel, bool) const /usr/lib/llvm-20/include/llvm/MC/TargetRegistry.h:462:12
    #7 0x55ca9163a09e in tsc::TargetRegistry::initializeAllTargets() /workspace/src/TargetRegistry.cpp:67:41
    #8 0x55ca9162bdcd in tsc::Compiler::initializeLLVM() /workspace/src/Compiler.cpp:349:14
    #9 0x55ca9162b8b7 in tsc::Compiler::Compiler(tsc::CompilerOptions const&) /workspace/src/Compiler.cpp:24:5
    #10 0x55ca915fd7b5 in main /workspace/src/main.cpp:191:18
    #11 0x7ff5c395a337  (/lib/x86_64-linux-gnu/libc.so.6+0x2a337) (BuildId: 467f544f15035abef911999cbc14489edd0555ab)
    #12 0x7ff5c395a3fa in __libc_start_main (/lib/x86_64-linux-gnu/libc.so.6+0x2a3fa) (BuildId: 467f544f15035abef911999cbc14489edd0555ab)
    #13 0x55ca91511b64 in _start (/workspace/build-asan/tsc+0x74b64) (BuildId: 73a10d7cc646a755f705b0ae57418e68578aec2f)

Indirect leak of 1488 byte(s) in 1 object(s) allocated from:
    #0 0x55ca915fa191 in operator new(unsigned long) (/workspace/build-asan/tsc+0x15d191) (BuildId: 73a10d7cc646a755f705b0ae57418e68578aec2f)
    #1 0x7ff5c70d7bd0 in std::vector<std::vector<unsigned short, std::allocator<unsigned short>>, std::allocator<std::vector<unsigned short, std::allocator<unsigned short>>>>::_M_default_append(unsigned long) (/usr/lib/llvm-20/lib/libLLVM.so.20.1+0x31bbbd0) (BuildId: b856c61f98abf0989f157f153740fe0fadfbb760)
    #2 0x7ff5c7875f81  (/usr/lib/llvm-20/lib/libLLVM.so.20.1+0x3959f81) (BuildId: b856c61f98abf0989f157f153740fe0fadfbb760)
    #3 0x7ff5c78760e9  (/usr/lib/llvm-20/lib/libLLVM.so.20.1+0x395a0e9) (BuildId: b856c61f98abf0989f157f153740fe0fadfbb760)
    #4 0x7ff5c786334a  (/usr/lib/llvm-20/lib/libLLVM.so.20.1+0x394734a) (BuildId: b856c61f98abf0989f157f153740fe0fadfbb760)
    #5 0x7ff5c78787a3  (/usr/lib/llvm-20/lib/libLLVM.so.20.1+0x395c7a3) (BuildId: b856c61f98abf0989f157f153740fe0fadfbb760)
    #6 0x7ff5c7878d2d  (/usr/lib/llvm-20/lib/libLLVM.so.20.1+0x395cd2d) (BuildId: b856c61f98abf0989f157f153740fe0fadfbb760)
    #7 0x7ff5c78792ea  (/usr/lib/llvm-20/lib/libLLVM.so.20.1+0x395d2ea) (BuildId: b856c61f98abf0989f157f153740fe0fadfbb760)
    #8 0x55ca91648523 in llvm::Target::createTargetMachine(llvm::StringRef, llvm::StringRef, llvm::StringRef, llvm::TargetOptions const&, std::optional<llvm::Reloc::Model>, std::optional<llvm::CodeModel::Model>, llvm::CodeGenOptLevel, bool) const /usr/lib/llvm-20/include/llvm/MC/TargetRegistry.h:462:12
    #9 0x55ca9163a09e in tsc::TargetRegistry::initializeAllTargets() /workspace/src/TargetRegistry.cpp:67:41
    #10 0x55ca9162bdcd in tsc::Compiler::initializeLLVM() /workspace/src/Compiler.cpp:349:14
    #11 0x55ca9162b8b7 in tsc::Compiler::Compiler(tsc::CompilerOptions const&) /workspace/src/Compiler.cpp:24:5
    #12 0x55ca915fd7b5 in main /workspace/src/main.cpp:191:18
    #13 0x7ff5c395a337  (/lib/x86_64-linux-gnu/libc.so.6+0x2a337) (BuildId: 467f544f15035abef911999cbc14489edd0555ab)
    #14 0x7ff5c395a3fa in __libc_start_main (/lib/x86_64-linux-gnu/libc.so.6+0x2a3fa) (BuildId: 467f544f15035abef911999cbc14489edd0555ab)
    #15 0x55ca91511b64 in _start (/workspace/build-asan/tsc+0x74b64) (BuildId: 73a10d7cc646a755f705b0ae57418e68578aec2f)

Indirect leak of 1488 byte(s) in 1 object(s) allocated from:
    #0 0x55ca915fa191 in operator new(unsigned long) (/workspace/build-asan/tsc+0x15d191) (BuildId: 73a10d7cc646a755f705b0ae57418e68578aec2f)
    #1 0x7ff5c70d7bd0 in std::vector<std::vector<unsigned short, std::allocator<unsigned short>>, std::allocator<std::vector<unsigned short, std::allocator<unsigned short>>>>::_M_default_append(unsigned long) (/usr/lib/llvm-20/lib/libLLVM.so.20.1+0x31bbbd0) (BuildId: b856c61f98abf0989f157f153740fe0fadfbb760)
    #2 0x7ff5c7884ead  (/usr/lib/llvm-20/lib/libLLVM.so.20.1+0x3968ead) (BuildId: b856c61f98abf0989f157f153740fe0fadfbb760)
    #3 0x7ff5c52d06be in llvm::CodeGenTargetMachineImpl::initAsmInfo() (/usr/lib/llvm-20/lib/libLLVM.so.20.1+0x13b46be) (BuildId: b856c61f98abf0989f157f153740fe0fadfbb760)
    #4 0x7ff5c7878dae  (/usr/lib/llvm-20/lib/libLLVM.so.20.1+0x395cdae) (BuildId: b856c61f98abf0989f157f153740fe0fadfbb760)
    #5 0x7ff5c78792ea  (/usr/lib/llvm-20/lib/libLLVM.so.20.1+0x395d2ea) (BuildId: b856c61f98abf0989f157f153740fe0fadfbb760)
    #6 0x55ca91648523 in llvm::Target::createTargetMachine(llvm::StringRef, llvm::StringRef, llvm::StringRef, llvm::TargetOptions const&, std::optional<llvm::Reloc::Model>, std::optional<llvm::CodeModel::Model>, llvm::CodeGenOptLevel, bool) const /usr/lib/llvm-20/include/llvm/MC/TargetRegistry.h:462:12
    #7 0x55ca9163a09e in tsc::TargetRegistry::initializeAllTargets() /workspace/src/TargetRegistry.cpp:67:41
    #8 0x55ca9162bdcd in tsc::Compiler::initializeLLVM() /workspace/src/Compiler.cpp:349:14
    #9 0x55ca9162b8b7 in tsc::Compiler::Compiler(tsc::CompilerOptions const&) /workspace/src/Compiler.cpp:24:5
    #10 0x55ca915fd7b5 in main /workspace/src/main.cpp:191:18
    #11 0x7ff5c395a337  (/lib/x86_64-linux-gnu/libc.so.6+0x2a337) (BuildId: 467f544f15035abef911999cbc14489edd0555ab)
    #12 0x7ff5c395a3fa in __libc_start_main (/lib/x86_64-linux-gnu/libc.so.6+0x2a3fa) (BuildId: 467f544f15035abef911999cbc14489edd0555ab)
    #13 0x55ca91511b64 in _start (/workspace/build-asan/tsc+0x74b64) (BuildId: 73a10d7cc646a755f705b0ae57418e68578aec2f)

Indirect leak of 1368 byte(s) in 3 object(s) allocated from:
    #0 0x55ca915fa191 in operator new(unsigned long) (/workspace/build-asan/tsc+0x15d191) (BuildId: 73a10d7cc646a755f705b0ae57418e68578aec2f)
    #1 0x7ff5c78cd347  (/usr/lib/llvm-20/lib/libLLVM.so.20.1+0x39b1347) (BuildId: b856c61f98abf0989f157f153740fe0fadfbb760)
    #2 0x7ff5c52d081f in llvm::CodeGenTargetMachineImpl::initAsmInfo() (/usr/lib/llvm-20/lib/libLLVM.so.20.1+0x13b481f) (BuildId: b856c61f98abf0989f157f153740fe0fadfbb760)
    #3 0x7ff5c78a4a11  (/usr/lib/llvm-20/lib/libLLVM.so.20.1+0x3988a11) (BuildId: b856c61f98abf0989f157f153740fe0fadfbb760)
    #4 0x7ff5c78a5f8a  (/usr/lib/llvm-20/lib/libLLVM.so.20.1+0x3989f8a) (BuildId: b856c61f98abf0989f157f153740fe0fadfbb760)
    #5 0x55ca91648523 in llvm::Target::createTargetMachine(llvm::StringRef, llvm::StringRef, llvm::StringRef, llvm::TargetOptions const&, std::optional<llvm::Reloc::Model>, std::optional<llvm::CodeModel::Model>, llvm::CodeGenOptLevel, bool) const /usr/lib/llvm-20/include/llvm/MC/TargetRegistry.h:462:12
    #6 0x55ca9163a09e in tsc::TargetRegistry::initializeAllTargets() /workspace/src/TargetRegistry.cpp:67:41
    #7 0x55ca9162bdcd in tsc::Compiler::initializeLLVM() /workspace/src/Compiler.cpp:349:14
    #8 0x55ca9162b8b7 in tsc::Compiler::Compiler(tsc::CompilerOptions const&) /workspace/src/Compiler.cpp:24:5
    #9 0x55ca915fd7b5 in main /workspace/src/main.cpp:191:18
    #10 0x7ff5c395a337  (/lib/x86_64-linux-gnu/libc.so.6+0x2a337) (BuildId: 467f544f15035abef911999cbc14489edd0555ab)
    #11 0x7ff5c395a3fa in __libc_start_main (/lib/x86_64-linux-gnu/libc.so.6+0x2a3fa) (BuildId: 467f544f15035abef911999cbc14489edd0555ab)
    #12 0x55ca91511b64 in _start (/workspace/build-asan/tsc+0x74b64) (BuildId: 73a10d7cc646a755f705b0ae57418e68578aec2f)

Indirect leak of 1368 byte(s) in 3 object(s) allocated from:
    #0 0x55ca915fa191 in operator new(unsigned long) (/workspace/build-asan/tsc+0x15d191) (BuildId: 73a10d7cc646a755f705b0ae57418e68578aec2f)
    #1 0x7ff5c7f9b6ad  (/usr/lib/llvm-20/lib/libLLVM.so.20.1+0x407f6ad) (BuildId: b856c61f98abf0989f157f153740fe0fadfbb760)
    #2 0x7ff5c52d081f in llvm::CodeGenTargetMachineImpl::initAsmInfo() (/usr/lib/llvm-20/lib/libLLVM.so.20.1+0x13b481f) (BuildId: b856c61f98abf0989f157f153740fe0fadfbb760)
    #3 0x7ff5c7f83cc9  (/usr/lib/llvm-20/lib/libLLVM.so.20.1+0x4067cc9) (BuildId: b856c61f98abf0989f157f153740fe0fadfbb760)
    #4 0x7ff5c7f8526a  (/usr/lib/llvm-20/lib/libLLVM.so.20.1+0x406926a) (BuildId: b856c61f98abf0989f157f153740fe0fadfbb760)
    #5 0x55ca91648523 in llvm::Target::createTargetMachine(llvm::StringRef, llvm::StringRef, llvm::StringRef, llvm::TargetOptions const&, std::optional<llvm::Reloc::Model>, std::optional<llvm::CodeModel::Model>, llvm::CodeGenOptLevel, bool) const /usr/lib/llvm-20/include/llvm/MC/TargetRegistry.h:462:12
    #6 0x55ca9163a09e in tsc::TargetRegistry::initializeAllTargets() /workspace/src/TargetRegistry.cpp:67:41
    #7 0x55ca9162bdcd in tsc::Compiler::initializeLLVM() /workspace/src/Compiler.cpp:349:14
    #8 0x55ca9162b8b7 in tsc::Compiler::Compiler(tsc::CompilerOptions const&) /workspace/src/Compiler.cpp:24:5
    #9 0x55ca915fd7b5 in main /workspace/src/main.cpp:191:18
    #10 0x7ff5c395a337  (/lib/x86_64-linux-gnu/libc.so.6+0x2a337) (BuildId: 467f544f15035abef911999cbc14489edd0555ab)
    #11 0x7ff5c395a3fa in __libc_start_main (/lib/x86_64-linux-gnu/libc.so.6+0x2a3fa) (BuildId: 467f544f15035abef911999cbc14489edd0555ab)
    #12 0x55ca91511b64 in _start (/workspace/build-asan/tsc+0x74b64) (BuildId: 73a10d7cc646a755f705b0ae57418e68578aec2f)

Indirect leak of 1360 byte(s) in 1 object(s) allocated from:
    #0 0x55ca915fa191 in operator new(unsigned long) (/workspace/build-asan/tsc+0x15d191) (BuildId: 73a10d7cc646a755f705b0ae57418e68578aec2f)
    #1 0x7ff5c84336a4  (/usr/lib/llvm-20/lib/libLLVM.so.20.1+0x45176a4) (BuildId: b856c61f98abf0989f157f153740fe0fadfbb760)
    #2 0x7ff5c845654b  (/usr/lib/llvm-20/lib/libLLVM.so.20.1+0x453a54b) (BuildId: b856c61f98abf0989f157f153740fe0fadfbb760)
    #3 0x7ff5c8457105  (/usr/lib/llvm-20/lib/libLLVM.so.20.1+0x453b105) (BuildId: b856c61f98abf0989f157f153740fe0fadfbb760)
    #4 0x7ff5c8457a7a  (/usr/lib/llvm-20/lib/libLLVM.so.20.1+0x453ba7a) (BuildId: b856c61f98abf0989f157f153740fe0fadfbb760)
    #5 0x55ca91648523 in llvm::Target::createTargetMachine(llvm::StringRef, llvm::StringRef, llvm::StringRef, llvm::TargetOptions const&, std::optional<llvm::Reloc::Model>, std::optional<llvm::CodeModel::Model>, llvm::CodeGenOptLevel, bool) const /usr/lib/llvm-20/include/llvm/MC/TargetRegistry.h:462:12
    #6 0x55ca9163a09e in tsc::TargetRegistry::initializeAllTargets() /workspace/src/TargetRegistry.cpp:67:41
    #7 0x55ca9162bdcd in tsc::Compiler::initializeLLVM() /workspace/src/Compiler.cpp:349:14
    #8 0x55ca9162b8b7 in tsc::Compiler::Compiler(tsc::CompilerOptions const&) /workspace/src/Compiler.cpp:24:5
    #9 0x55ca915fd7b5 in main /workspace/src/main.cpp:191:18
    #10 0x7ff5c395a337  (/lib/x86_64-linux-gnu/libc.so.6+0x2a337) (BuildId: 467f544f15035abef911999cbc14489edd0555ab)
    #11 0x7ff5c395a3fa in __libc_start_main (/lib/x86_64-linux-gnu/libc.so.6+0x2a3fa) (BuildId: 467f544f15035abef911999cbc14489edd0555ab)
    #12 0x55ca91511b64 in _start (/workspace/build-asan/tsc+0x74b64) (BuildId: 73a10d7cc646a755f705b0ae57418e68578aec2f)

Indirect leak of 1320 byte(s) in 1 object(s) allocated from:
    #0 0x55ca915fa191 in operator new(unsigned long) (/workspace/build-asan/tsc+0x15d191) (BuildId: 73a10d7cc646a755f705b0ae57418e68578aec2f)
    #1 0x7ff5c70d7bd0 in std::vector<std::vector<unsigned short, std::allocator<unsigned short>>, std::allocator<std::vector<unsigned short, std::allocator<unsigned short>>>>::_M_default_append(unsigned long) (/usr/lib/llvm-20/lib/libLLVM.so.20.1+0x31bbbd0) (BuildId: b856c61f98abf0989f157f153740fe0fadfbb760)
    #2 0x7ff5c8455171  (/usr/lib/llvm-20/lib/libLLVM.so.20.1+0x4539171) (BuildId: b856c61f98abf0989f157f153740fe0fadfbb760)
    #3 0x7ff5c84552f3  (/usr/lib/llvm-20/lib/libLLVM.so.20.1+0x45392f3) (BuildId: b856c61f98abf0989f157f153740fe0fadfbb760)
    #4 0x7ff5c8456384  (/usr/lib/llvm-20/lib/libLLVM.so.20.1+0x453a384) (BuildId: b856c61f98abf0989f157f153740fe0fadfbb760)
    #5 0x7ff5c8457105  (/usr/lib/llvm-20/lib/libLLVM.so.20.1+0x453b105) (BuildId: b856c61f98abf0989f157f153740fe0fadfbb760)
    #6 0x7ff5c8457a7a  (/usr/lib/llvm-20/lib/libLLVM.so.20.1+0x453ba7a) (BuildId: b856c61f98abf0989f157f153740fe0fadfbb760)
    #7 0x55ca91648523 in llvm::Target::createTargetMachine(llvm::StringRef, llvm::StringRef, llvm::StringRef, llvm::TargetOptions const&, std::optional<llvm::Reloc::Model>, std::optional<llvm::CodeModel::Model>, llvm::CodeGenOptLevel, bool) const /usr/lib/llvm-20/include/llvm/MC/TargetRegistry.h:462:12
    #8 0x55ca9163a09e in tsc::TargetRegistry::initializeAllTargets() /workspace/src/TargetRegistry.cpp:67:41
    #9 0x55ca9162bdcd in tsc::Compiler::initializeLLVM() /workspace/src/Compiler.cpp:349:14
    #10 0x55ca9162b8b7 in tsc::Compiler::Compiler(tsc::CompilerOptions const&) /workspace/src/Compiler.cpp:24:5
    #11 0x55ca915fd7b5 in main /workspace/src/main.cpp:191:18
    #12 0x7ff5c395a337  (/lib/x86_64-linux-gnu/libc.so.6+0x2a337) (BuildId: 467f544f15035abef911999cbc14489edd0555ab)
    #13 0x7ff5c395a3fa in __libc_start_main (/lib/x86_64-linux-gnu/libc.so.6+0x2a3fa) (BuildId: 467f544f15035abef911999cbc14489edd0555ab)
    #14 0x55ca91511b64 in _start (/workspace/build-asan/tsc+0x74b64) (BuildId: 73a10d7cc646a755f705b0ae57418e68578aec2f)

Indirect leak of 1320 byte(s) in 1 object(s) allocated from:
    #0 0x55ca915fa191 in operator new(unsigned long) (/workspace/build-asan/tsc+0x15d191) (BuildId: 73a10d7cc646a755f705b0ae57418e68578aec2f)
    #1 0x7ff5c70d7bd0 in std::vector<std::vector<unsigned short, std::allocator<unsigned short>>, std::allocator<std::vector<unsigned short, std::allocator<unsigned short>>>>::_M_default_append(unsigned long) (/usr/lib/llvm-20/lib/libLLVM.so.20.1+0x31bbbd0) (BuildId: b856c61f98abf0989f157f153740fe0fadfbb760)
    #2 0x7ff5c846b183  (/usr/lib/llvm-20/lib/libLLVM.so.20.1+0x454f183) (BuildId: b856c61f98abf0989f157f153740fe0fadfbb760)
    #3 0x7ff5c52d06be in llvm::CodeGenTargetMachineImpl::initAsmInfo() (/usr/lib/llvm-20/lib/libLLVM.so.20.1+0x13b46be) (BuildId: b856c61f98abf0989f157f153740fe0fadfbb760)
    #4 0x7ff5c8457128  (/usr/lib/llvm-20/lib/libLLVM.so.20.1+0x453b128) (BuildId: b856c61f98abf0989f157f153740fe0fadfbb760)
    #5 0x7ff5c8457a7a  (/usr/lib/llvm-20/lib/libLLVM.so.20.1+0x453ba7a) (BuildId: b856c61f98abf0989f157f153740fe0fadfbb760)
    #6 0x55ca91648523 in llvm::Target::createTargetMachine(llvm::StringRef, llvm::StringRef, llvm::StringRef, llvm::TargetOptions const&, std::optional<llvm::Reloc::Model>, std::optional<llvm::CodeModel::Model>, llvm::CodeGenOptLevel, bool) const /usr/lib/llvm-20/include/llvm/MC/TargetRegistry.h:462:12
    #7 0x55ca9163a09e in tsc::TargetRegistry::initializeAllTargets() /workspace/src/TargetRegistry.cpp:67:41
    #8 0x55ca9162bdcd in tsc::Compiler::initializeLLVM() /workspace/src/Compiler.cpp:349:14
    #9 0x55ca9162b8b7 in tsc::Compiler::Compiler(tsc::CompilerOptions const&) /workspace/src/Compiler.cpp:24:5
    #10 0x55ca915fd7b5 in main /workspace/src/main.cpp:191:18
    #11 0x7ff5c395a337  (/lib/x86_64-linux-gnu/libc.so.6+0x2a337) (BuildId: 467f544f15035abef911999cbc14489edd0555ab)
    #12 0x7ff5c395a3fa in __libc_start_main (/lib/x86_64-linux-gnu/libc.so.6+0x2a3fa) (BuildId: 467f544f15035abef911999cbc14489edd0555ab)
    #13 0x55ca91511b64 in _start (/workspace/build-asan/tsc+0x74b64) (BuildId: 73a10d7cc646a755f705b0ae57418e68578aec2f)

Indirect leak of 1216 byte(s) in 4 object(s) allocated from:
    #0 0x55ca915fa191 in operator new(unsigned long) (/workspace/build-asan/tsc+0x15d191) (BuildId: 73a10d7cc646a755f705b0ae57418e68578aec2f)
    #1 0x7ff5c7d4cd40  (/usr/lib/llvm-20/lib/libLLVM.so.20.1+0x3e30d40) (BuildId: b856c61f98abf0989f157f153740fe0fadfbb760)
    #2 0x7ff5c52d0793 in llvm::CodeGenTargetMachineImpl::initAsmInfo() (/usr/lib/llvm-20/lib/libLLVM.so.20.1+0x13b4793) (BuildId: b856c61f98abf0989f157f153740fe0fadfbb760)
    #3 0x7ff5c7d135ac  (/usr/lib/llvm-20/lib/libLLVM.so.20.1+0x3df75ac) (BuildId: b856c61f98abf0989f157f153740fe0fadfbb760)
    #4 0x7ff5c7d15bcd  (/usr/lib/llvm-20/lib/libLLVM.so.20.1+0x3df9bcd) (BuildId: b856c61f98abf0989f157f153740fe0fadfbb760)
    #5 0x55ca91648523 in llvm::Target::createTargetMachine(llvm::StringRef, llvm::StringRef, llvm::StringRef, llvm::TargetOptions const&, std::optional<llvm::Reloc::Model>, std::optional<llvm::CodeModel::Model>, llvm::CodeGenOptLevel, bool) const /usr/lib/llvm-20/include/llvm/MC/TargetRegistry.h:462:12
    #6 0x55ca9163a09e in tsc::TargetRegistry::initializeAllTargets() /workspace/src/TargetRegistry.cpp:67:41
    #7 0x55ca9162bdcd in tsc::Compiler::initializeLLVM() /workspace/src/Compiler.cpp:349:14
    #8 0x55ca9162b8b7 in tsc::Compiler::Compiler(tsc::CompilerOptions const&) /workspace/src/Compiler.cpp:24:5
    #9 0x55ca915fd7b5 in main /workspace/src/main.cpp:191:18
    #10 0x7ff5c395a337  (/lib/x86_64-linux-gnu/libc.so.6+0x2a337) (BuildId: 467f544f15035abef911999cbc14489edd0555ab)
    #11 0x7ff5c395a3fa in __libc_start_main (/lib/x86_64-linux-gnu/libc.so.6+0x2a3fa) (BuildId: 467f544f15035abef911999cbc14489edd0555ab)
    #12 0x55ca91511b64 in _start (/workspace/build-asan/tsc+0x74b64) (BuildId: 73a10d7cc646a755f705b0ae57418e68578aec2f)

Indirect leak of 1216 byte(s) in 4 object(s) allocated from:
    #0 0x55ca915fa191 in operator new(unsigned long) (/workspace/build-asan/tsc+0x15d191) (BuildId: 73a10d7cc646a755f705b0ae57418e68578aec2f)
    #1 0x7ff5c719b473  (/usr/lib/llvm-20/lib/libLLVM.so.20.1+0x327f473) (BuildId: b856c61f98abf0989f157f153740fe0fadfbb760)
    #2 0x7ff5c52d0793 in llvm::CodeGenTargetMachineImpl::initAsmInfo() (/usr/lib/llvm-20/lib/libLLVM.so.20.1+0x13b4793) (BuildId: b856c61f98abf0989f157f153740fe0fadfbb760)
    #3 0x7ff5c70ed3c9  (/usr/lib/llvm-20/lib/libLLVM.so.20.1+0x31d13c9) (BuildId: b856c61f98abf0989f157f153740fe0fadfbb760)
    #4 0x7ff5c70efd1c  (/usr/lib/llvm-20/lib/libLLVM.so.20.1+0x31d3d1c) (BuildId: b856c61f98abf0989f157f153740fe0fadfbb760)
    #5 0x55ca91648523 in llvm::Target::createTargetMachine(llvm::StringRef, llvm::StringRef, llvm::StringRef, llvm::TargetOptions const&, std::optional<llvm::Reloc::Model>, std::optional<llvm::CodeModel::Model>, llvm::CodeGenOptLevel, bool) const /usr/lib/llvm-20/include/llvm/MC/TargetRegistry.h:462:12
    #6 0x55ca9163a09e in tsc::TargetRegistry::initializeAllTargets() /workspace/src/TargetRegistry.cpp:67:41
    #7 0x55ca9162bdcd in tsc::Compiler::initializeLLVM() /workspace/src/Compiler.cpp:349:14
    #8 0x55ca9162b8b7 in tsc::Compiler::Compiler(tsc::CompilerOptions const&) /workspace/src/Compiler.cpp:24:5
    #9 0x55ca915fd7b5 in main /workspace/src/main.cpp:191:18
    #10 0x7ff5c395a337  (/lib/x86_64-linux-gnu/libc.so.6+0x2a337) (BuildId: 467f544f15035abef911999cbc14489edd0555ab)
    #11 0x7ff5c395a3fa in __libc_start_main (/lib/x86_64-linux-gnu/libc.so.6+0x2a3fa) (BuildId: 467f544f15035abef911999cbc14489edd0555ab)
    #12 0x55ca91511b64 in _start (/workspace/build-asan/tsc+0x74b64) (BuildId: 73a10d7cc646a755f705b0ae57418e68578aec2f)

Indirect leak of 1080 byte(s) in 1 object(s) allocated from:
    #0 0x55ca915fa191 in operator new(unsigned long) (/workspace/build-asan/tsc+0x15d191) (BuildId: 73a10d7cc646a755f705b0ae57418e68578aec2f)
    #1 0x7ff5c7878d65  (/usr/lib/llvm-20/lib/libLLVM.so.20.1+0x395cd65) (BuildId: b856c61f98abf0989f157f153740fe0fadfbb760)
    #2 0x7ff5c78792ea  (/usr/lib/llvm-20/lib/libLLVM.so.20.1+0x395d2ea) (BuildId: b856c61f98abf0989f157f153740fe0fadfbb760)
    #3 0x55ca91648523 in llvm::Target::createTargetMachine(llvm::StringRef, llvm::StringRef, llvm::StringRef, llvm::TargetOptions const&, std::optional<llvm::Reloc::Model>, std::optional<llvm::CodeModel::Model>, llvm::CodeGenOptLevel, bool) const /usr/lib/llvm-20/include/llvm/MC/TargetRegistry.h:462:12
    #4 0x55ca9163a09e in tsc::TargetRegistry::initializeAllTargets() /workspace/src/TargetRegistry.cpp:67:41
    #5 0x55ca9162bdcd in tsc::Compiler::initializeLLVM() /workspace/src/Compiler.cpp:349:14
    #6 0x55ca9162b8b7 in tsc::Compiler::Compiler(tsc::CompilerOptions const&) /workspace/src/Compiler.cpp:24:5
    #7 0x55ca915fd7b5 in main /workspace/src/main.cpp:191:18
    #8 0x7ff5c395a337  (/lib/x86_64-linux-gnu/libc.so.6+0x2a337) (BuildId: 467f544f15035abef911999cbc14489edd0555ab)
    #9 0x7ff5c395a3fa in __libc_start_main (/lib/x86_64-linux-gnu/libc.so.6+0x2a3fa) (BuildId: 467f544f15035abef911999cbc14489edd0555ab)
    #10 0x55ca91511b64 in _start (/workspace/build-asan/tsc+0x74b64) (BuildId: 73a10d7cc646a755f705b0ae57418e68578aec2f)

Indirect leak of 1080 byte(s) in 3 object(s) allocated from:
    #0 0x55ca915b5858 in malloc (/workspace/build-asan/tsc+0x118858) (BuildId: 73a10d7cc646a755f705b0ae57418e68578aec2f)
    #1 0x7ff5c4ec87d6 in llvm::SmallVectorBase<unsigned int>::mallocForGrow(void*, unsigned long, unsigned long, unsigned long&) (/usr/lib/llvm-20/lib/libLLVM.so.20.1+0xfac7d6) (BuildId: b856c61f98abf0989f157f153740fe0fadfbb760)
    #2 0x7ff5c6f39a5c  (/usr/lib/llvm-20/lib/libLLVM.so.20.1+0x301da5c) (BuildId: b856c61f98abf0989f157f153740fe0fadfbb760)
    #3 0x7ff5c6f39a01  (/usr/lib/llvm-20/lib/libLLVM.so.20.1+0x301da01) (BuildId: b856c61f98abf0989f157f153740fe0fadfbb760)
    #4 0x7ff5c6f398a6  (/usr/lib/llvm-20/lib/libLLVM.so.20.1+0x301d8a6) (BuildId: b856c61f98abf0989f157f153740fe0fadfbb760)
    #5 0x7ff5c7f58fcb  (/usr/lib/llvm-20/lib/libLLVM.so.20.1+0x403cfcb) (BuildId: b856c61f98abf0989f157f153740fe0fadfbb760)
    #6 0x7ff5c7f81ab1  (/usr/lib/llvm-20/lib/libLLVM.so.20.1+0x4065ab1) (BuildId: b856c61f98abf0989f157f153740fe0fadfbb760)
    #7 0x7ff5c7f83c8f  (/usr/lib/llvm-20/lib/libLLVM.so.20.1+0x4067c8f) (BuildId: b856c61f98abf0989f157f153740fe0fadfbb760)
    #8 0x7ff5c7f8526a  (/usr/lib/llvm-20/lib/libLLVM.so.20.1+0x406926a) (BuildId: b856c61f98abf0989f157f153740fe0fadfbb760)
    #9 0x55ca91648523 in llvm::Target::createTargetMachine(llvm::StringRef, llvm::StringRef, llvm::StringRef, llvm::TargetOptions const&, std::optional<llvm::Reloc::Model>, std::optional<llvm::CodeModel::Model>, llvm::CodeGenOptLevel, bool) const /usr/lib/llvm-20/include/llvm/MC/TargetRegistry.h:462:12
    #10 0x55ca9163a09e in tsc::TargetRegistry::initializeAllTargets() /workspace/src/TargetRegistry.cpp:67:41
    #11 0x55ca9162bdcd in tsc::Compiler::initializeLLVM() /workspace/src/Compiler.cpp:349:14
    #12 0x55ca9162b8b7 in tsc::Compiler::Compiler(tsc::CompilerOptions const&) /workspace/src/Compiler.cpp:24:5
    #13 0x55ca915fd7b5 in main /workspace/src/main.cpp:191:18
    #14 0x7ff5c395a337  (/lib/x86_64-linux-gnu/libc.so.6+0x2a337) (BuildId: 467f544f15035abef911999cbc14489edd0555ab)
    #15 0x7ff5c395a3fa in __libc_start_main (/lib/x86_64-linux-gnu/libc.so.6+0x2a3fa) (BuildId: 467f544f15035abef911999cbc14489edd0555ab)
    #16 0x55ca91511b64 in _start (/workspace/build-asan/tsc+0x74b64) (BuildId: 73a10d7cc646a755f705b0ae57418e68578aec2f)

Indirect leak of 1064 byte(s) in 1 object(s) allocated from:
    #0 0x55ca915fa191 in operator new(unsigned long) (/workspace/build-asan/tsc+0x15d191) (BuildId: 73a10d7cc646a755f705b0ae57418e68578aec2f)
    #1 0x7ff5c841c94a  (/usr/lib/llvm-20/lib/libLLVM.so.20.1+0x450094a) (BuildId: b856c61f98abf0989f157f153740fe0fadfbb760)
    #2 0x7ff5c841d0da  (/usr/lib/llvm-20/lib/libLLVM.so.20.1+0x45010da) (BuildId: b856c61f98abf0989f157f153740fe0fadfbb760)
    #3 0x55ca91648523 in llvm::Target::createTargetMachine(llvm::StringRef, llvm::StringRef, llvm::StringRef, llvm::TargetOptions const&, std::optional<llvm::Reloc::Model>, std::optional<llvm::CodeModel::Model>, llvm::CodeGenOptLevel, bool) const /usr/lib/llvm-20/include/llvm/MC/TargetRegistry.h:462:12
    #4 0x55ca9163a09e in tsc::TargetRegistry::initializeAllTargets() /workspace/src/TargetRegistry.cpp:67:41
    #5 0x55ca9162bdcd in tsc::Compiler::initializeLLVM() /workspace/src/Compiler.cpp:349:14
    #6 0x55ca9162b8b7 in tsc::Compiler::Compiler(tsc::CompilerOptions const&) /workspace/src/Compiler.cpp:24:5
    #7 0x55ca915fd7b5 in main /workspace/src/main.cpp:191:18
    #8 0x7ff5c395a337  (/lib/x86_64-linux-gnu/libc.so.6+0x2a337) (BuildId: 467f544f15035abef911999cbc14489edd0555ab)
    #9 0x7ff5c395a3fa in __libc_start_main (/lib/x86_64-linux-gnu/libc.so.6+0x2a3fa) (BuildId: 467f544f15035abef911999cbc14489edd0555ab)
    #10 0x55ca91511b64 in _start (/workspace/build-asan/tsc+0x74b64) (BuildId: 73a10d7cc646a755f705b0ae57418e68578aec2f)

Indirect leak of 1056 byte(s) in 1 object(s) allocated from:
    #0 0x55ca915fa191 in operator new(unsigned long) (/workspace/build-asan/tsc+0x15d191) (BuildId: 73a10d7cc646a755f705b0ae57418e68578aec2f)
    #1 0x7ff5c84570b3  (/usr/lib/llvm-20/lib/libLLVM.so.20.1+0x453b0b3) (BuildId: b856c61f98abf0989f157f153740fe0fadfbb760)
    #2 0x7ff5c8457a7a  (/usr/lib/llvm-20/lib/libLLVM.so.20.1+0x453ba7a) (BuildId: b856c61f98abf0989f157f153740fe0fadfbb760)
    #3 0x55ca91648523 in llvm::Target::createTargetMachine(llvm::StringRef, llvm::StringRef, llvm::StringRef, llvm::TargetOptions const&, std::optional<llvm::Reloc::Model>, std::optional<llvm::CodeModel::Model>, llvm::CodeGenOptLevel, bool) const /usr/lib/llvm-20/include/llvm/MC/TargetRegistry.h:462:12
    #4 0x55ca9163a09e in tsc::TargetRegistry::initializeAllTargets() /workspace/src/TargetRegistry.cpp:67:41
    #5 0x55ca9162bdcd in tsc::Compiler::initializeLLVM() /workspace/src/Compiler.cpp:349:14
    #6 0x55ca9162b8b7 in tsc::Compiler::Compiler(tsc::CompilerOptions const&) /workspace/src/Compiler.cpp:24:5
    #7 0x55ca915fd7b5 in main /workspace/src/main.cpp:191:18
    #8 0x7ff5c395a337  (/lib/x86_64-linux-gnu/libc.so.6+0x2a337) (BuildId: 467f544f15035abef911999cbc14489edd0555ab)
    #9 0x7ff5c395a3fa in __libc_start_main (/lib/x86_64-linux-gnu/libc.so.6+0x2a3fa) (BuildId: 467f544f15035abef911999cbc14489edd0555ab)
    #10 0x55ca91511b64 in _start (/workspace/build-asan/tsc+0x74b64) (BuildId: 73a10d7cc646a755f705b0ae57418e68578aec2f)

Indirect leak of 1048 byte(s) in 1 object(s) allocated from:
    #0 0x55ca915fa191 in operator new(unsigned long) (/workspace/build-asan/tsc+0x15d191) (BuildId: 73a10d7cc646a755f705b0ae57418e68578aec2f)
    #1 0x7ff5c7a51fce  (/usr/lib/llvm-20/lib/libLLVM.so.20.1+0x3b35fce) (BuildId: b856c61f98abf0989f157f153740fe0fadfbb760)
    #2 0x7ff5c7a525ca  (/usr/lib/llvm-20/lib/libLLVM.so.20.1+0x3b365ca) (BuildId: b856c61f98abf0989f157f153740fe0fadfbb760)
    #3 0x55ca91648523 in llvm::Target::createTargetMachine(llvm::StringRef, llvm::StringRef, llvm::StringRef, llvm::TargetOptions const&, std::optional<llvm::Reloc::Model>, std::optional<llvm::CodeModel::Model>, llvm::CodeGenOptLevel, bool) const /usr/lib/llvm-20/include/llvm/MC/TargetRegistry.h:462:12
    #4 0x55ca9163a09e in tsc::TargetRegistry::initializeAllTargets() /workspace/src/TargetRegistry.cpp:67:41
    #5 0x55ca9162bdcd in tsc::Compiler::initializeLLVM() /workspace/src/Compiler.cpp:349:14
    #6 0x55ca9162b8b7 in tsc::Compiler::Compiler(tsc::CompilerOptions const&) /workspace/src/Compiler.cpp:24:5
    #7 0x55ca915fd7b5 in main /workspace/src/main.cpp:191:18
    #8 0x7ff5c395a337  (/lib/x86_64-linux-gnu/libc.so.6+0x2a337) (BuildId: 467f544f15035abef911999cbc14489edd0555ab)
    #9 0x7ff5c395a3fa in __libc_start_main (/lib/x86_64-linux-gnu/libc.so.6+0x2a3fa) (BuildId: 467f544f15035abef911999cbc14489edd0555ab)
    #10 0x55ca91511b64 in _start (/workspace/build-asan/tsc+0x74b64) (BuildId: 73a10d7cc646a755f705b0ae57418e68578aec2f)

Indirect leak of 1048 byte(s) in 1 object(s) allocated from:
    #0 0x55ca915fa191 in operator new(unsigned long) (/workspace/build-asan/tsc+0x15d191) (BuildId: 73a10d7cc646a755f705b0ae57418e68578aec2f)
    #1 0x7ff5c79ce71c  (/usr/lib/llvm-20/lib/libLLVM.so.20.1+0x3ab271c) (BuildId: b856c61f98abf0989f157f153740fe0fadfbb760)
    #2 0x7ff5c79d081a  (/usr/lib/llvm-20/lib/libLLVM.so.20.1+0x3ab481a) (BuildId: b856c61f98abf0989f157f153740fe0fadfbb760)
    #3 0x55ca91648523 in llvm::Target::createTargetMachine(llvm::StringRef, llvm::StringRef, llvm::StringRef, llvm::TargetOptions const&, std::optional<llvm::Reloc::Model>, std::optional<llvm::CodeModel::Model>, llvm::CodeGenOptLevel, bool) const /usr/lib/llvm-20/include/llvm/MC/TargetRegistry.h:462:12
    #4 0x55ca9163a09e in tsc::TargetRegistry::initializeAllTargets() /workspace/src/TargetRegistry.cpp:67:41
    #5 0x55ca9162bdcd in tsc::Compiler::initializeLLVM() /workspace/src/Compiler.cpp:349:14
    #6 0x55ca9162b8b7 in tsc::Compiler::Compiler(tsc::CompilerOptions const&) /workspace/src/Compiler.cpp:24:5
    #7 0x55ca915fd7b5 in main /workspace/src/main.cpp:191:18
    #8 0x7ff5c395a337  (/lib/x86_64-linux-gnu/libc.so.6+0x2a337) (BuildId: 467f544f15035abef911999cbc14489edd0555ab)
    #9 0x7ff5c395a3fa in __libc_start_main (/lib/x86_64-linux-gnu/libc.so.6+0x2a3fa) (BuildId: 467f544f15035abef911999cbc14489edd0555ab)
    #10 0x55ca91511b64 in _start (/workspace/build-asan/tsc+0x74b64) (BuildId: 73a10d7cc646a755f705b0ae57418e68578aec2f)

Indirect leak of 1032 byte(s) in 1 object(s) allocated from:
    #0 0x55ca915fa191 in operator new(unsigned long) (/workspace/build-asan/tsc+0x15d191) (BuildId: 73a10d7cc646a755f705b0ae57418e68578aec2f)
    #1 0x7ff5c70ed36d  (/usr/lib/llvm-20/lib/libLLVM.so.20.1+0x31d136d) (BuildId: b856c61f98abf0989f157f153740fe0fadfbb760)
    #2 0x7ff5c70efddc  (/usr/lib/llvm-20/lib/libLLVM.so.20.1+0x31d3ddc) (BuildId: b856c61f98abf0989f157f153740fe0fadfbb760)
    #3 0x55ca91648523 in llvm::Target::createTargetMachine(llvm::StringRef, llvm::StringRef, llvm::StringRef, llvm::TargetOptions const&, std::optional<llvm::Reloc::Model>, std::optional<llvm::CodeModel::Model>, llvm::CodeGenOptLevel, bool) const /usr/lib/llvm-20/include/llvm/MC/TargetRegistry.h:462:12
    #4 0x55ca9163a09e in tsc::TargetRegistry::initializeAllTargets() /workspace/src/TargetRegistry.cpp:67:41
    #5 0x55ca9162bdcd in tsc::Compiler::initializeLLVM() /workspace/src/Compiler.cpp:349:14
    #6 0x55ca9162b8b7 in tsc::Compiler::Compiler(tsc::CompilerOptions const&) /workspace/src/Compiler.cpp:24:5
    #7 0x55ca915fd7b5 in main /workspace/src/main.cpp:191:18
    #8 0x7ff5c395a337  (/lib/x86_64-linux-gnu/libc.so.6+0x2a337) (BuildId: 467f544f15035abef911999cbc14489edd0555ab)
    #9 0x7ff5c395a3fa in __libc_start_main (/lib/x86_64-linux-gnu/libc.so.6+0x2a3fa) (BuildId: 467f544f15035abef911999cbc14489edd0555ab)
    #10 0x55ca91511b64 in _start (/workspace/build-asan/tsc+0x74b64) (BuildId: 73a10d7cc646a755f705b0ae57418e68578aec2f)

Indirect leak of 1032 byte(s) in 1 object(s) allocated from:
    #0 0x55ca915fa191 in operator new(unsigned long) (/workspace/build-asan/tsc+0x15d191) (BuildId: 73a10d7cc646a755f705b0ae57418e68578aec2f)
    #1 0x7ff5c7bc1e16  (/usr/lib/llvm-20/lib/libLLVM.so.20.1+0x3ca5e16) (BuildId: b856c61f98abf0989f157f153740fe0fadfbb760)
    #2 0x7ff5c7bc234a  (/usr/lib/llvm-20/lib/libLLVM.so.20.1+0x3ca634a) (BuildId: b856c61f98abf0989f157f153740fe0fadfbb760)
    #3 0x55ca91648523 in llvm::Target::createTargetMachine(llvm::StringRef, llvm::StringRef, llvm::StringRef, llvm::TargetOptions const&, std::optional<llvm::Reloc::Model>, std::optional<llvm::CodeModel::Model>, llvm::CodeGenOptLevel, bool) const /usr/lib/llvm-20/include/llvm/MC/TargetRegistry.h:462:12
    #4 0x55ca9163a09e in tsc::TargetRegistry::initializeAllTargets() /workspace/src/TargetRegistry.cpp:67:41
    #5 0x55ca9162bdcd in tsc::Compiler::initializeLLVM() /workspace/src/Compiler.cpp:349:14
    #6 0x55ca9162b8b7 in tsc::Compiler::Compiler(tsc::CompilerOptions const&) /workspace/src/Compiler.cpp:24:5
    #7 0x55ca915fd7b5 in main /workspace/src/main.cpp:191:18
    #8 0x7ff5c395a337  (/lib/x86_64-linux-gnu/libc.so.6+0x2a337) (BuildId: 467f544f15035abef911999cbc14489edd0555ab)
    #9 0x7ff5c395a3fa in __libc_start_main (/lib/x86_64-linux-gnu/libc.so.6+0x2a3fa) (BuildId: 467f544f15035abef911999cbc14489edd0555ab)
    #10 0x55ca91511b64 in _start (/workspace/build-asan/tsc+0x74b64) (BuildId: 73a10d7cc646a755f705b0ae57418e68578aec2f)

Indirect leak of 1032 byte(s) in 1 object(s) allocated from:
    #0 0x55ca915fa191 in operator new(unsigned long) (/workspace/build-asan/tsc+0x15d191) (BuildId: 73a10d7cc646a755f705b0ae57418e68578aec2f)
    #1 0x7ff5c7ed4b1d  (/usr/lib/llvm-20/lib/libLLVM.so.20.1+0x3fb8b1d) (BuildId: b856c61f98abf0989f157f153740fe0fadfbb760)
    #2 0x7ff5c7ed581c  (/usr/lib/llvm-20/lib/libLLVM.so.20.1+0x3fb981c) (BuildId: b856c61f98abf0989f157f153740fe0fadfbb760)
    #3 0x55ca91648523 in llvm::Target::createTargetMachine(llvm::StringRef, llvm::StringRef, llvm::StringRef, llvm::TargetOptions const&, std::optional<llvm::Reloc::Model>, std::optional<llvm::CodeModel::Model>, llvm::CodeGenOptLevel, bool) const /usr/lib/llvm-20/include/llvm/MC/TargetRegistry.h:462:12
    #4 0x55ca9163a09e in tsc::TargetRegistry::initializeAllTargets() /workspace/src/TargetRegistry.cpp:67:41
    #5 0x55ca9162bdcd in tsc::Compiler::initializeLLVM() /workspace/src/Compiler.cpp:349:14
    #6 0x55ca9162b8b7 in tsc::Compiler::Compiler(tsc::CompilerOptions const&) /workspace/src/Compiler.cpp:24:5
    #7 0x55ca915fd7b5 in main /workspace/src/main.cpp:191:18
    #8 0x7ff5c395a337  (/lib/x86_64-linux-gnu/libc.so.6+0x2a337) (BuildId: 467f544f15035abef911999cbc14489edd0555ab)
    #9 0x7ff5c395a3fa in __libc_start_main (/lib/x86_64-linux-gnu/libc.so.6+0x2a3fa) (BuildId: 467f544f15035abef911999cbc14489edd0555ab)
    #10 0x55ca91511b64 in _start (/workspace/build-asan/tsc+0x74b64) (BuildId: 73a10d7cc646a755f705b0ae57418e68578aec2f)

Indirect leak of 1032 byte(s) in 1 object(s) allocated from:
    #0 0x55ca915fa191 in operator new(unsigned long) (/workspace/build-asan/tsc+0x15d191) (BuildId: 73a10d7cc646a755f705b0ae57418e68578aec2f)
    #1 0x7ff5c7331fe3  (/usr/lib/llvm-20/lib/libLLVM.so.20.1+0x3415fe3) (BuildId: b856c61f98abf0989f157f153740fe0fadfbb760)
    #2 0x7ff5c734729c  (/usr/lib/llvm-20/lib/libLLVM.so.20.1+0x342b29c) (BuildId: b856c61f98abf0989f157f153740fe0fadfbb760)
    #3 0x55ca91648523 in llvm::Target::createTargetMachine(llvm::StringRef, llvm::StringRef, llvm::StringRef, llvm::TargetOptions const&, std::optional<llvm::Reloc::Model>, std::optional<llvm::CodeModel::Model>, llvm::CodeGenOptLevel, bool) const /usr/lib/llvm-20/include/llvm/MC/TargetRegistry.h:462:12
    #4 0x55ca9163a09e in tsc::TargetRegistry::initializeAllTargets() /workspace/src/TargetRegistry.cpp:67:41
    #5 0x55ca9162bdcd in tsc::Compiler::initializeLLVM() /workspace/src/Compiler.cpp:349:14
    #6 0x55ca9162b8b7 in tsc::Compiler::Compiler(tsc::CompilerOptions const&) /workspace/src/Compiler.cpp:24:5
    #7 0x55ca915fd7b5 in main /workspace/src/main.cpp:191:18
    #8 0x7ff5c395a337  (/lib/x86_64-linux-gnu/libc.so.6+0x2a337) (BuildId: 467f544f15035abef911999cbc14489edd0555ab)
    #9 0x7ff5c395a3fa in __libc_start_main (/lib/x86_64-linux-gnu/libc.so.6+0x2a3fa) (BuildId: 467f544f15035abef911999cbc14489edd0555ab)
    #10 0x55ca91511b64 in _start (/workspace/build-asan/tsc+0x74b64) (BuildId: 73a10d7cc646a755f705b0ae57418e68578aec2f)

Indirect leak of 1032 byte(s) in 1 object(s) allocated from:
    #0 0x55ca915fa191 in operator new(unsigned long) (/workspace/build-asan/tsc+0x15d191) (BuildId: 73a10d7cc646a755f705b0ae57418e68578aec2f)
    #1 0x7ff5c805e4be  (/usr/lib/llvm-20/lib/libLLVM.so.20.1+0x41424be) (BuildId: b856c61f98abf0989f157f153740fe0fadfbb760)
    #2 0x7ff5c805ecda  (/usr/lib/llvm-20/lib/libLLVM.so.20.1+0x4142cda) (BuildId: b856c61f98abf0989f157f153740fe0fadfbb760)
    #3 0x55ca91648523 in llvm::Target::createTargetMachine(llvm::StringRef, llvm::StringRef, llvm::StringRef, llvm::TargetOptions const&, std::optional<llvm::Reloc::Model>, std::optional<llvm::CodeModel::Model>, llvm::CodeGenOptLevel, bool) const /usr/lib/llvm-20/include/llvm/MC/TargetRegistry.h:462:12
    #4 0x55ca9163a09e in tsc::TargetRegistry::initializeAllTargets() /workspace/src/TargetRegistry.cpp:67:41
    #5 0x55ca9162bdcd in tsc::Compiler::initializeLLVM() /workspace/src/Compiler.cpp:349:14
    #6 0x55ca9162b8b7 in tsc::Compiler::Compiler(tsc::CompilerOptions const&) /workspace/src/Compiler.cpp:24:5
    #7 0x55ca915fd7b5 in main /workspace/src/main.cpp:191:18
    #8 0x7ff5c395a337  (/lib/x86_64-linux-gnu/libc.so.6+0x2a337) (BuildId: 467f544f15035abef911999cbc14489edd0555ab)
    #9 0x7ff5c395a3fa in __libc_start_main (/lib/x86_64-linux-gnu/libc.so.6+0x2a3fa) (BuildId: 467f544f15035abef911999cbc14489edd0555ab)
    #10 0x55ca91511b64 in _start (/workspace/build-asan/tsc+0x74b64) (BuildId: 73a10d7cc646a755f705b0ae57418e68578aec2f)

Indirect leak of 1032 byte(s) in 1 object(s) allocated from:
    #0 0x55ca915fa191 in operator new(unsigned long) (/workspace/build-asan/tsc+0x15d191) (BuildId: 73a10d7cc646a755f705b0ae57418e68578aec2f)
    #1 0x7ff5c7ed4b1d  (/usr/lib/llvm-20/lib/libLLVM.so.20.1+0x3fb8b1d) (BuildId: b856c61f98abf0989f157f153740fe0fadfbb760)
    #2 0x7ff5c7ed569c  (/usr/lib/llvm-20/lib/libLLVM.so.20.1+0x3fb969c) (BuildId: b856c61f98abf0989f157f153740fe0fadfbb760)
    #3 0x55ca91648523 in llvm::Target::createTargetMachine(llvm::StringRef, llvm::StringRef, llvm::StringRef, llvm::TargetOptions const&, std::optional<llvm::Reloc::Model>, std::optional<llvm::CodeModel::Model>, llvm::CodeGenOptLevel, bool) const /usr/lib/llvm-20/include/llvm/MC/TargetRegistry.h:462:12
    #4 0x55ca9163a09e in tsc::TargetRegistry::initializeAllTargets() /workspace/src/TargetRegistry.cpp:67:41
    #5 0x55ca9162bdcd in tsc::Compiler::initializeLLVM() /workspace/src/Compiler.cpp:349:14
    #6 0x55ca9162b8b7 in tsc::Compiler::Compiler(tsc::CompilerOptions const&) /workspace/src/Compiler.cpp:24:5
    #7 0x55ca915fd7b5 in main /workspace/src/main.cpp:191:18
    #8 0x7ff5c395a337  (/lib/x86_64-linux-gnu/libc.so.6+0x2a337) (BuildId: 467f544f15035abef911999cbc14489edd0555ab)
    #9 0x7ff5c395a3fa in __libc_start_main (/lib/x86_64-linux-gnu/libc.so.6+0x2a3fa) (BuildId: 467f544f15035abef911999cbc14489edd0555ab)
    #10 0x55ca91511b64 in _start (/workspace/build-asan/tsc+0x74b64) (BuildId: 73a10d7cc646a755f705b0ae57418e68578aec2f)

Indirect leak of 1032 byte(s) in 1 object(s) allocated from:
    #0 0x55ca915fa191 in operator new(unsigned long) (/workspace/build-asan/tsc+0x15d191) (BuildId: 73a10d7cc646a755f705b0ae57418e68578aec2f)
    #1 0x7ff5c7ed4b1d  (/usr/lib/llvm-20/lib/libLLVM.so.20.1+0x3fb8b1d) (BuildId: b856c61f98abf0989f157f153740fe0fadfbb760)
    #2 0x7ff5c7ed575c  (/usr/lib/llvm-20/lib/libLLVM.so.20.1+0x3fb975c) (BuildId: b856c61f98abf0989f157f153740fe0fadfbb760)
    #3 0x55ca91648523 in llvm::Target::createTargetMachine(llvm::StringRef, llvm::StringRef, llvm::StringRef, llvm::TargetOptions const&, std::optional<llvm::Reloc::Model>, std::optional<llvm::CodeModel::Model>, llvm::CodeGenOptLevel, bool) const /usr/lib/llvm-20/include/llvm/MC/TargetRegistry.h:462:12
    #4 0x55ca9163a09e in tsc::TargetRegistry::initializeAllTargets() /workspace/src/TargetRegistry.cpp:67:41
    #5 0x55ca9162bdcd in tsc::Compiler::initializeLLVM() /workspace/src/Compiler.cpp:349:14
    #6 0x55ca9162b8b7 in tsc::Compiler::Compiler(tsc::CompilerOptions const&) /workspace/src/Compiler.cpp:24:5
    #7 0x55ca915fd7b5 in main /workspace/src/main.cpp:191:18
    #8 0x7ff5c395a337  (/lib/x86_64-linux-gnu/libc.so.6+0x2a337) (BuildId: 467f544f15035abef911999cbc14489edd0555ab)
    #9 0x7ff5c395a3fa in __libc_start_main (/lib/x86_64-linux-gnu/libc.so.6+0x2a3fa) (BuildId: 467f544f15035abef911999cbc14489edd0555ab)
    #10 0x55ca91511b64 in _start (/workspace/build-asan/tsc+0x74b64) (BuildId: 73a10d7cc646a755f705b0ae57418e68578aec2f)

Indirect leak of 1032 byte(s) in 1 object(s) allocated from:
    #0 0x55ca915fa191 in operator new(unsigned long) (/workspace/build-asan/tsc+0x15d191) (BuildId: 73a10d7cc646a755f705b0ae57418e68578aec2f)
    #1 0x7ff5c7331fe3  (/usr/lib/llvm-20/lib/libLLVM.so.20.1+0x3415fe3) (BuildId: b856c61f98abf0989f157f153740fe0fadfbb760)
    #2 0x7ff5c73e5e9c  (/usr/lib/llvm-20/lib/libLLVM.so.20.1+0x34c9e9c) (BuildId: b856c61f98abf0989f157f153740fe0fadfbb760)
    #3 0x7ff5c73471fd  (/usr/lib/llvm-20/lib/libLLVM.so.20.1+0x342b1fd) (BuildId: b856c61f98abf0989f157f153740fe0fadfbb760)
    #4 0x55ca91648523 in llvm::Target::createTargetMachine(llvm::StringRef, llvm::StringRef, llvm::StringRef, llvm::TargetOptions const&, std::optional<llvm::Reloc::Model>, std::optional<llvm::CodeModel::Model>, llvm::CodeGenOptLevel, bool) const /usr/lib/llvm-20/include/llvm/MC/TargetRegistry.h:462:12
    #5 0x55ca9163a09e in tsc::TargetRegistry::initializeAllTargets() /workspace/src/TargetRegistry.cpp:67:41
    #6 0x55ca9162bdcd in tsc::Compiler::initializeLLVM() /workspace/src/Compiler.cpp:349:14
    #7 0x55ca9162b8b7 in tsc::Compiler::Compiler(tsc::CompilerOptions const&) /workspace/src/Compiler.cpp:24:5
    #8 0x55ca915fd7b5 in main /workspace/src/main.cpp:191:18
    #9 0x7ff5c395a337  (/lib/x86_64-linux-gnu/libc.so.6+0x2a337) (BuildId: 467f544f15035abef911999cbc14489edd0555ab)
    #10 0x7ff5c395a3fa in __libc_start_main (/lib/x86_64-linux-gnu/libc.so.6+0x2a3fa) (BuildId: 467f544f15035abef911999cbc14489edd0555ab)
    #11 0x55ca91511b64 in _start (/workspace/build-asan/tsc+0x74b64) (BuildId: 73a10d7cc646a755f705b0ae57418e68578aec2f)

Indirect leak of 1032 byte(s) in 1 object(s) allocated from:
    #0 0x55ca915fa191 in operator new(unsigned long) (/workspace/build-asan/tsc+0x15d191) (BuildId: 73a10d7cc646a755f705b0ae57418e68578aec2f)
    #1 0x7ff5c848226f  (/usr/lib/llvm-20/lib/libLLVM.so.20.1+0x456626f) (BuildId: b856c61f98abf0989f157f153740fe0fadfbb760)
    #2 0x7ff5c8482b05  (/usr/lib/llvm-20/lib/libLLVM.so.20.1+0x4566b05) (BuildId: b856c61f98abf0989f157f153740fe0fadfbb760)
    #3 0x55ca91648523 in llvm::Target::createTargetMachine(llvm::StringRef, llvm::StringRef, llvm::StringRef, llvm::TargetOptions const&, std::optional<llvm::Reloc::Model>, std::optional<llvm::CodeModel::Model>, llvm::CodeGenOptLevel, bool) const /usr/lib/llvm-20/include/llvm/MC/TargetRegistry.h:462:12
    #4 0x55ca9163a09e in tsc::TargetRegistry::initializeAllTargets() /workspace/src/TargetRegistry.cpp:67:41
    #5 0x55ca9162bdcd in tsc::Compiler::initializeLLVM() /workspace/src/Compiler.cpp:349:14
    #6 0x55ca9162b8b7 in tsc::Compiler::Compiler(tsc::CompilerOptions const&) /workspace/src/Compiler.cpp:24:5
    #7 0x55ca915fd7b5 in main /workspace/src/main.cpp:191:18
    #8 0x7ff5c395a337  (/lib/x86_64-linux-gnu/libc.so.6+0x2a337) (BuildId: 467f544f15035abef911999cbc14489edd0555ab)
    #9 0x7ff5c395a3fa in __libc_start_main (/lib/x86_64-linux-gnu/libc.so.6+0x2a3fa) (BuildId: 467f544f15035abef911999cbc14489edd0555ab)
    #10 0x55ca91511b64 in _start (/workspace/build-asan/tsc+0x74b64) (BuildId: 73a10d7cc646a755f705b0ae57418e68578aec2f)

Indirect leak of 1032 byte(s) in 1 object(s) allocated from:
    #0 0x55ca915fa191 in operator new(unsigned long) (/workspace/build-asan/tsc+0x15d191) (BuildId: 73a10d7cc646a755f705b0ae57418e68578aec2f)
    #1 0x7ff5c8007be3  (/usr/lib/llvm-20/lib/libLLVM.so.20.1+0x40ebbe3) (BuildId: b856c61f98abf0989f157f153740fe0fadfbb760)
    #2 0x7ff5c8008a0d  (/usr/lib/llvm-20/lib/libLLVM.so.20.1+0x40eca0d) (BuildId: b856c61f98abf0989f157f153740fe0fadfbb760)
    #3 0x55ca91648523 in llvm::Target::createTargetMachine(llvm::StringRef, llvm::StringRef, llvm::StringRef, llvm::TargetOptions const&, std::optional<llvm::Reloc::Model>, std::optional<llvm::CodeModel::Model>, llvm::CodeGenOptLevel, bool) const /usr/lib/llvm-20/include/llvm/MC/TargetRegistry.h:462:12
    #4 0x55ca9163a09e in tsc::TargetRegistry::initializeAllTargets() /workspace/src/TargetRegistry.cpp:67:41
    #5 0x55ca9162bdcd in tsc::Compiler::initializeLLVM() /workspace/src/Compiler.cpp:349:14
    #6 0x55ca9162b8b7 in tsc::Compiler::Compiler(tsc::CompilerOptions const&) /workspace/src/Compiler.cpp:24:5
    #7 0x55ca915fd7b5 in main /workspace/src/main.cpp:191:18
    #8 0x7ff5c395a337  (/lib/x86_64-linux-gnu/libc.so.6+0x2a337) (BuildId: 467f544f15035abef911999cbc14489edd0555ab)
    #9 0x7ff5c395a3fa in __libc_start_main (/lib/x86_64-linux-gnu/libc.so.6+0x2a3fa) (BuildId: 467f544f15035abef911999cbc14489edd0555ab)
    #10 0x55ca91511b64 in _start (/workspace/build-asan/tsc+0x74b64) (BuildId: 73a10d7cc646a755f705b0ae57418e68578aec2f)

Indirect leak of 984 byte(s) in 1 object(s) allocated from:
    #0 0x55ca915fa191 in operator new(unsigned long) (/workspace/build-asan/tsc+0x15d191) (BuildId: 73a10d7cc646a755f705b0ae57418e68578aec2f)
    #1 0x7ff5c70d7bd0 in std::vector<std::vector<unsigned short, std::allocator<unsigned short>>, std::allocator<std::vector<unsigned short, std::allocator<unsigned short>>>>::_M_default_append(unsigned long) (/usr/lib/llvm-20/lib/libLLVM.so.20.1+0x31bbbd0) (BuildId: b856c61f98abf0989f157f153740fe0fadfbb760)
    #2 0x7ff5c7a6a5b3  (/usr/lib/llvm-20/lib/libLLVM.so.20.1+0x3b4e5b3) (BuildId: b856c61f98abf0989f157f153740fe0fadfbb760)
    #3 0x7ff5c52d06be in llvm::CodeGenTargetMachineImpl::initAsmInfo() (/usr/lib/llvm-20/lib/libLLVM.so.20.1+0x13b46be) (BuildId: b856c61f98abf0989f157f153740fe0fadfbb760)
    #4 0x7ff5c7a52005  (/usr/lib/llvm-20/lib/libLLVM.so.20.1+0x3b36005) (BuildId: b856c61f98abf0989f157f153740fe0fadfbb760)
    #5 0x7ff5c7a525ca  (/usr/lib/llvm-20/lib/libLLVM.so.20.1+0x3b365ca) (BuildId: b856c61f98abf0989f157f153740fe0fadfbb760)
    #6 0x55ca91648523 in llvm::Target::createTargetMachine(llvm::StringRef, llvm::StringRef, llvm::StringRef, llvm::TargetOptions const&, std::optional<llvm::Reloc::Model>, std::optional<llvm::CodeModel::Model>, llvm::CodeGenOptLevel, bool) const /usr/lib/llvm-20/include/llvm/MC/TargetRegistry.h:462:12
    #7 0x55ca9163a09e in tsc::TargetRegistry::initializeAllTargets() /workspace/src/TargetRegistry.cpp:67:41
    #8 0x55ca9162bdcd in tsc::Compiler::initializeLLVM() /workspace/src/Compiler.cpp:349:14
    #9 0x55ca9162b8b7 in tsc::Compiler::Compiler(tsc::CompilerOptions const&) /workspace/src/Compiler.cpp:24:5
    #10 0x55ca915fd7b5 in main /workspace/src/main.cpp:191:18
    #11 0x7ff5c395a337  (/lib/x86_64-linux-gnu/libc.so.6+0x2a337) (BuildId: 467f544f15035abef911999cbc14489edd0555ab)
    #12 0x7ff5c395a3fa in __libc_start_main (/lib/x86_64-linux-gnu/libc.so.6+0x2a3fa) (BuildId: 467f544f15035abef911999cbc14489edd0555ab)
    #13 0x55ca91511b64 in _start (/workspace/build-asan/tsc+0x74b64) (BuildId: 73a10d7cc646a755f705b0ae57418e68578aec2f)

Indirect leak of 984 byte(s) in 1 object(s) allocated from:
    #0 0x55ca915fa191 in operator new(unsigned long) (/workspace/build-asan/tsc+0x15d191) (BuildId: 73a10d7cc646a755f705b0ae57418e68578aec2f)
    #1 0x7ff5c70d7bd0 in std::vector<std::vector<unsigned short, std::allocator<unsigned short>>, std::allocator<std::vector<unsigned short, std::allocator<unsigned short>>>>::_M_default_append(unsigned long) (/usr/lib/llvm-20/lib/libLLVM.so.20.1+0x31bbbd0) (BuildId: b856c61f98abf0989f157f153740fe0fadfbb760)
    #2 0x7ff5c7a50c11  (/usr/lib/llvm-20/lib/libLLVM.so.20.1+0x3b34c11) (BuildId: b856c61f98abf0989f157f153740fe0fadfbb760)
    #3 0x7ff5c7a50d7c  (/usr/lib/llvm-20/lib/libLLVM.so.20.1+0x3b34d7c) (BuildId: b856c61f98abf0989f157f153740fe0fadfbb760)
    #4 0x7ff5c7a51bb8  (/usr/lib/llvm-20/lib/libLLVM.so.20.1+0x3b35bb8) (BuildId: b856c61f98abf0989f157f153740fe0fadfbb760)
    #5 0x7ff5c7a51fc0  (/usr/lib/llvm-20/lib/libLLVM.so.20.1+0x3b35fc0) (BuildId: b856c61f98abf0989f157f153740fe0fadfbb760)
    #6 0x7ff5c7a525ca  (/usr/lib/llvm-20/lib/libLLVM.so.20.1+0x3b365ca) (BuildId: b856c61f98abf0989f157f153740fe0fadfbb760)
    #7 0x55ca91648523 in llvm::Target::createTargetMachine(llvm::StringRef, llvm::StringRef, llvm::StringRef, llvm::TargetOptions const&, std::optional<llvm::Reloc::Model>, std::optional<llvm::CodeModel::Model>, llvm::CodeGenOptLevel, bool) const /usr/lib/llvm-20/include/llvm/MC/TargetRegistry.h:462:12
    #8 0x55ca9163a09e in tsc::TargetRegistry::initializeAllTargets() /workspace/src/TargetRegistry.cpp:67:41
    #9 0x55ca9162bdcd in tsc::Compiler::initializeLLVM() /workspace/src/Compiler.cpp:349:14
    #10 0x55ca9162b8b7 in tsc::Compiler::Compiler(tsc::CompilerOptions const&) /workspace/src/Compiler.cpp:24:5
    #11 0x55ca915fd7b5 in main /workspace/src/main.cpp:191:18
    #12 0x7ff5c395a337  (/lib/x86_64-linux-gnu/libc.so.6+0x2a337) (BuildId: 467f544f15035abef911999cbc14489edd0555ab)
    #13 0x7ff5c395a3fa in __libc_start_main (/lib/x86_64-linux-gnu/libc.so.6+0x2a3fa) (BuildId: 467f544f15035abef911999cbc14489edd0555ab)
    #14 0x55ca91511b64 in _start (/workspace/build-asan/tsc+0x74b64) (BuildId: 73a10d7cc646a755f705b0ae57418e68578aec2f)

Indirect leak of 976 byte(s) in 1 object(s) allocated from:
    #0 0x55ca915fa191 in operator new(unsigned long) (/workspace/build-asan/tsc+0x15d191) (BuildId: 73a10d7cc646a755f705b0ae57418e68578aec2f)
    #1 0x7ff5c7c05e92  (/usr/lib/llvm-20/lib/libLLVM.so.20.1+0x3ce9e92) (BuildId: b856c61f98abf0989f157f153740fe0fadfbb760)
    #2 0x7ff5c7c07f34  (/usr/lib/llvm-20/lib/libLLVM.so.20.1+0x3cebf34) (BuildId: b856c61f98abf0989f157f153740fe0fadfbb760)
    #3 0x55ca91648523 in llvm::Target::createTargetMachine(llvm::StringRef, llvm::StringRef, llvm::StringRef, llvm::TargetOptions const&, std::optional<llvm::Reloc::Model>, std::optional<llvm::CodeModel::Model>, llvm::CodeGenOptLevel, bool) const /usr/lib/llvm-20/include/llvm/MC/TargetRegistry.h:462:12
    #4 0x55ca9163a09e in tsc::TargetRegistry::initializeAllTargets() /workspace/src/TargetRegistry.cpp:67:41
    #5 0x55ca9162bdcd in tsc::Compiler::initializeLLVM() /workspace/src/Compiler.cpp:349:14
    #6 0x55ca9162b8b7 in tsc::Compiler::Compiler(tsc::CompilerOptions const&) /workspace/src/Compiler.cpp:24:5
    #7 0x55ca915fd7b5 in main /workspace/src/main.cpp:191:18
    #8 0x7ff5c395a337  (/lib/x86_64-linux-gnu/libc.so.6+0x2a337) (BuildId: 467f544f15035abef911999cbc14489edd0555ab)
    #9 0x7ff5c395a3fa in __libc_start_main (/lib/x86_64-linux-gnu/libc.so.6+0x2a3fa) (BuildId: 467f544f15035abef911999cbc14489edd0555ab)
    #10 0x55ca91511b64 in _start (/workspace/build-asan/tsc+0x74b64) (BuildId: 73a10d7cc646a755f705b0ae57418e68578aec2f)

Indirect leak of 976 byte(s) in 1 object(s) allocated from:
    #0 0x55ca915fa191 in operator new(unsigned long) (/workspace/build-asan/tsc+0x15d191) (BuildId: 73a10d7cc646a755f705b0ae57418e68578aec2f)
    #1 0x7ff5c7c05e92  (/usr/lib/llvm-20/lib/libLLVM.so.20.1+0x3ce9e92) (BuildId: b856c61f98abf0989f157f153740fe0fadfbb760)
    #2 0x7ff5c7c07e74  (/usr/lib/llvm-20/lib/libLLVM.so.20.1+0x3cebe74) (BuildId: b856c61f98abf0989f157f153740fe0fadfbb760)
    #3 0x55ca91648523 in llvm::Target::createTargetMachine(llvm::StringRef, llvm::StringRef, llvm::StringRef, llvm::TargetOptions const&, std::optional<llvm::Reloc::Model>, std::optional<llvm::CodeModel::Model>, llvm::CodeGenOptLevel, bool) const /usr/lib/llvm-20/include/llvm/MC/TargetRegistry.h:462:12
    #4 0x55ca9163a09e in tsc::TargetRegistry::initializeAllTargets() /workspace/src/TargetRegistry.cpp:67:41
    #5 0x55ca9162bdcd in tsc::Compiler::initializeLLVM() /workspace/src/Compiler.cpp:349:14
    #6 0x55ca9162b8b7 in tsc::Compiler::Compiler(tsc::CompilerOptions const&) /workspace/src/Compiler.cpp:24:5
    #7 0x55ca915fd7b5 in main /workspace/src/main.cpp:191:18
    #8 0x7ff5c395a337  (/lib/x86_64-linux-gnu/libc.so.6+0x2a337) (BuildId: 467f544f15035abef911999cbc14489edd0555ab)
    #9 0x7ff5c395a3fa in __libc_start_main (/lib/x86_64-linux-gnu/libc.so.6+0x2a3fa) (BuildId: 467f544f15035abef911999cbc14489edd0555ab)
    #10 0x55ca91511b64 in _start (/workspace/build-asan/tsc+0x74b64) (BuildId: 73a10d7cc646a755f705b0ae57418e68578aec2f)

Indirect leak of 960 byte(s) in 3 object(s) allocated from:
    #0 0x55ca915b5858 in malloc (/workspace/build-asan/tsc+0x118858) (BuildId: 73a10d7cc646a755f705b0ae57418e68578aec2f)
    #1 0x7ff5c4ec89b9 in llvm::SmallVectorBase<unsigned int>::grow_pod(void*, unsigned long, unsigned long) (/usr/lib/llvm-20/lib/libLLVM.so.20.1+0xfac9b9) (BuildId: b856c61f98abf0989f157f153740fe0fadfbb760)
    #2 0x7ff5c59b6bce  (/usr/lib/llvm-20/lib/libLLVM.so.20.1+0x1a9abce) (BuildId: b856c61f98abf0989f157f153740fe0fadfbb760)
    #3 0x7ff5c59b6dcb  (/usr/lib/llvm-20/lib/libLLVM.so.20.1+0x1a9adcb) (BuildId: b856c61f98abf0989f157f153740fe0fadfbb760)
    #4 0x7ff5c6f3b039  (/usr/lib/llvm-20/lib/libLLVM.so.20.1+0x301f039) (BuildId: b856c61f98abf0989f157f153740fe0fadfbb760)
    #5 0x7ff5c6f3af97  (/usr/lib/llvm-20/lib/libLLVM.so.20.1+0x301ef97) (BuildId: b856c61f98abf0989f157f153740fe0fadfbb760)
    #6 0x7ff5c6f3998b  (/usr/lib/llvm-20/lib/libLLVM.so.20.1+0x301d98b) (BuildId: b856c61f98abf0989f157f153740fe0fadfbb760)
    #7 0x7ff5c6f398a6  (/usr/lib/llvm-20/lib/libLLVM.so.20.1+0x301d8a6) (BuildId: b856c61f98abf0989f157f153740fe0fadfbb760)
    #8 0x7ff5c7f59ffd  (/usr/lib/llvm-20/lib/libLLVM.so.20.1+0x403dffd) (BuildId: b856c61f98abf0989f157f153740fe0fadfbb760)
    #9 0x7ff5c7f81ab1  (/usr/lib/llvm-20/lib/libLLVM.so.20.1+0x4065ab1) (BuildId: b856c61f98abf0989f157f153740fe0fadfbb760)
    #10 0x7ff5c7f83c8f  (/usr/lib/llvm-20/lib/libLLVM.so.20.1+0x4067c8f) (BuildId: b856c61f98abf0989f157f153740fe0fadfbb760)
    #11 0x7ff5c7f8526a  (/usr/lib/llvm-20/lib/libLLVM.so.20.1+0x406926a) (BuildId: b856c61f98abf0989f157f153740fe0fadfbb760)
    #12 0x55ca91648523 in llvm::Target::createTargetMachine(llvm::StringRef, llvm::StringRef, llvm::StringRef, llvm::TargetOptions const&, std::optional<llvm::Reloc::Model>, std::optional<llvm::CodeModel::Model>, llvm::CodeGenOptLevel, bool) const /usr/lib/llvm-20/include/llvm/MC/TargetRegistry.h:462:12
    #13 0x55ca9163a09e in tsc::TargetRegistry::initializeAllTargets() /workspace/src/TargetRegistry.cpp:67:41
    #14 0x55ca9162bdcd in tsc::Compiler::initializeLLVM() /workspace/src/Compiler.cpp:349:14
    #15 0x55ca9162b8b7 in tsc::Compiler::Compiler(tsc::CompilerOptions const&) /workspace/src/Compiler.cpp:24:5
    #16 0x55ca915fd7b5 in main /workspace/src/main.cpp:191:18
    #17 0x7ff5c395a337  (/lib/x86_64-linux-gnu/libc.so.6+0x2a337) (BuildId: 467f544f15035abef911999cbc14489edd0555ab)
    #18 0x7ff5c395a3fa in __libc_start_main (/lib/x86_64-linux-gnu/libc.so.6+0x2a3fa) (BuildId: 467f544f15035abef911999cbc14489edd0555ab)
    #19 0x55ca91511b64 in _start (/workspace/build-asan/tsc+0x74b64) (BuildId: 73a10d7cc646a755f705b0ae57418e68578aec2f)

Indirect leak of 960 byte(s) in 3 object(s) allocated from:
    #0 0x55ca915b5858 in malloc (/workspace/build-asan/tsc+0x118858) (BuildId: 73a10d7cc646a755f705b0ae57418e68578aec2f)
    #1 0x7ff5c4ec89b9 in llvm::SmallVectorBase<unsigned int>::grow_pod(void*, unsigned long, unsigned long) (/usr/lib/llvm-20/lib/libLLVM.so.20.1+0xfac9b9) (BuildId: b856c61f98abf0989f157f153740fe0fadfbb760)
    #2 0x7ff5c59b6bce  (/usr/lib/llvm-20/lib/libLLVM.so.20.1+0x1a9abce) (BuildId: b856c61f98abf0989f157f153740fe0fadfbb760)
    #3 0x7ff5c59b6dcb  (/usr/lib/llvm-20/lib/libLLVM.so.20.1+0x1a9adcb) (BuildId: b856c61f98abf0989f157f153740fe0fadfbb760)
    #4 0x7ff5c6f3b008  (/usr/lib/llvm-20/lib/libLLVM.so.20.1+0x301f008) (BuildId: b856c61f98abf0989f157f153740fe0fadfbb760)
    #5 0x7ff5c6f3af97  (/usr/lib/llvm-20/lib/libLLVM.so.20.1+0x301ef97) (BuildId: b856c61f98abf0989f157f153740fe0fadfbb760)
    #6 0x7ff5c6f3998b  (/usr/lib/llvm-20/lib/libLLVM.so.20.1+0x301d98b) (BuildId: b856c61f98abf0989f157f153740fe0fadfbb760)
    #7 0x7ff5c6f398a6  (/usr/lib/llvm-20/lib/libLLVM.so.20.1+0x301d8a6) (BuildId: b856c61f98abf0989f157f153740fe0fadfbb760)
    #8 0x7ff5c7f599b6  (/usr/lib/llvm-20/lib/libLLVM.so.20.1+0x403d9b6) (BuildId: b856c61f98abf0989f157f153740fe0fadfbb760)
    #9 0x7ff5c7f81ab1  (/usr/lib/llvm-20/lib/libLLVM.so.20.1+0x4065ab1) (BuildId: b856c61f98abf0989f157f153740fe0fadfbb760)
    #10 0x7ff5c7f83c8f  (/usr/lib/llvm-20/lib/libLLVM.so.20.1+0x4067c8f) (BuildId: b856c61f98abf0989f157f153740fe0fadfbb760)
    #11 0x7ff5c7f8526a  (/usr/lib/llvm-20/lib/libLLVM.so.20.1+0x406926a) (BuildId: b856c61f98abf0989f157f153740fe0fadfbb760)
    #12 0x55ca91648523 in llvm::Target::createTargetMachine(llvm::StringRef, llvm::StringRef, llvm::StringRef, llvm::TargetOptions const&, std::optional<llvm::Reloc::Model>, std::optional<llvm::CodeModel::Model>, llvm::CodeGenOptLevel, bool) const /usr/lib/llvm-20/include/llvm/MC/TargetRegistry.h:462:12
    #13 0x55ca9163a09e in tsc::TargetRegistry::initializeAllTargets() /workspace/src/TargetRegistry.cpp:67:41
    #14 0x55ca9162bdcd in tsc::Compiler::initializeLLVM() /workspace/src/Compiler.cpp:349:14
    #15 0x55ca9162b8b7 in tsc::Compiler::Compiler(tsc::CompilerOptions const&) /workspace/src/Compiler.cpp:24:5
    #16 0x55ca915fd7b5 in main /workspace/src/main.cpp:191:18
    #17 0x7ff5c395a337  (/lib/x86_64-linux-gnu/libc.so.6+0x2a337) (BuildId: 467f544f15035abef911999cbc14489edd0555ab)
    #18 0x7ff5c395a3fa in __libc_start_main (/lib/x86_64-linux-gnu/libc.so.6+0x2a3fa) (BuildId: 467f544f15035abef911999cbc14489edd0555ab)
    #19 0x55ca91511b64 in _start (/workspace/build-asan/tsc+0x74b64) (BuildId: 73a10d7cc646a755f705b0ae57418e68578aec2f)

Indirect leak of 960 byte(s) in 3 object(s) allocated from:
    #0 0x55ca915b5858 in malloc (/workspace/build-asan/tsc+0x118858) (BuildId: 73a10d7cc646a755f705b0ae57418e68578aec2f)
    #1 0x7ff5c4ec89b9 in llvm::SmallVectorBase<unsigned int>::grow_pod(void*, unsigned long, unsigned long) (/usr/lib/llvm-20/lib/libLLVM.so.20.1+0xfac9b9) (BuildId: b856c61f98abf0989f157f153740fe0fadfbb760)
    #2 0x7ff5c59b6bce  (/usr/lib/llvm-20/lib/libLLVM.so.20.1+0x1a9abce) (BuildId: b856c61f98abf0989f157f153740fe0fadfbb760)
    #3 0x7ff5c59b6dcb  (/usr/lib/llvm-20/lib/libLLVM.so.20.1+0x1a9adcb) (BuildId: b856c61f98abf0989f157f153740fe0fadfbb760)
    #4 0x7ff5c6f3998b  (/usr/lib/llvm-20/lib/libLLVM.so.20.1+0x301d98b) (BuildId: b856c61f98abf0989f157f153740fe0fadfbb760)
    #5 0x7ff5c6f398a6  (/usr/lib/llvm-20/lib/libLLVM.so.20.1+0x301d8a6) (BuildId: b856c61f98abf0989f157f153740fe0fadfbb760)
    #6 0x7ff5c7f59853  (/usr/lib/llvm-20/lib/libLLVM.so.20.1+0x403d853) (BuildId: b856c61f98abf0989f157f153740fe0fadfbb760)
    #7 0x7ff5c7f81ab1  (/usr/lib/llvm-20/lib/libLLVM.so.20.1+0x4065ab1) (BuildId: b856c61f98abf0989f157f153740fe0fadfbb760)
    #8 0x7ff5c7f83c8f  (/usr/lib/llvm-20/lib/libLLVM.so.20.1+0x4067c8f) (BuildId: b856c61f98abf0989f157f153740fe0fadfbb760)
    #9 0x7ff5c7f8526a  (/usr/lib/llvm-20/lib/libLLVM.so.20.1+0x406926a) (BuildId: b856c61f98abf0989f157f153740fe0fadfbb760)
    #10 0x55ca91648523 in llvm::Target::createTargetMachine(llvm::StringRef, llvm::StringRef, llvm::StringRef, llvm::TargetOptions const&, std::optional<llvm::Reloc::Model>, std::optional<llvm::CodeModel::Model>, llvm::CodeGenOptLevel, bool) const /usr/lib/llvm-20/include/llvm/MC/TargetRegistry.h:462:12
    #11 0x55ca9163a09e in tsc::TargetRegistry::initializeAllTargets() /workspace/src/TargetRegistry.cpp:67:41
    #12 0x55ca9162bdcd in tsc::Compiler::initializeLLVM() /workspace/src/Compiler.cpp:349:14
    #13 0x55ca9162b8b7 in tsc::Compiler::Compiler(tsc::CompilerOptions const&) /workspace/src/Compiler.cpp:24:5
    #14 0x55ca915fd7b5 in main /workspace/src/main.cpp:191:18
    #15 0x7ff5c395a337  (/lib/x86_64-linux-gnu/libc.so.6+0x2a337) (BuildId: 467f544f15035abef911999cbc14489edd0555ab)
    #16 0x7ff5c395a3fa in __libc_start_main (/lib/x86_64-linux-gnu/libc.so.6+0x2a3fa) (BuildId: 467f544f15035abef911999cbc14489edd0555ab)
    #17 0x55ca91511b64 in _start (/workspace/build-asan/tsc+0x74b64) (BuildId: 73a10d7cc646a755f705b0ae57418e68578aec2f)

Indirect leak of 960 byte(s) in 3 object(s) allocated from:
    #0 0x55ca915b5858 in malloc (/workspace/build-asan/tsc+0x118858) (BuildId: 73a10d7cc646a755f705b0ae57418e68578aec2f)
    #1 0x7ff5c4ec89b9 in llvm::SmallVectorBase<unsigned int>::grow_pod(void*, unsigned long, unsigned long) (/usr/lib/llvm-20/lib/libLLVM.so.20.1+0xfac9b9) (BuildId: b856c61f98abf0989f157f153740fe0fadfbb760)
    #2 0x7ff5c59b6bce  (/usr/lib/llvm-20/lib/libLLVM.so.20.1+0x1a9abce) (BuildId: b856c61f98abf0989f157f153740fe0fadfbb760)
    #3 0x7ff5c59b6dcb  (/usr/lib/llvm-20/lib/libLLVM.so.20.1+0x1a9adcb) (BuildId: b856c61f98abf0989f157f153740fe0fadfbb760)
    #4 0x7ff5c6f3b039  (/usr/lib/llvm-20/lib/libLLVM.so.20.1+0x301f039) (BuildId: b856c61f98abf0989f157f153740fe0fadfbb760)
    #5 0x7ff5c6f3af97  (/usr/lib/llvm-20/lib/libLLVM.so.20.1+0x301ef97) (BuildId: b856c61f98abf0989f157f153740fe0fadfbb760)
    #6 0x7ff5c6f3998b  (/usr/lib/llvm-20/lib/libLLVM.so.20.1+0x301d98b) (BuildId: b856c61f98abf0989f157f153740fe0fadfbb760)
    #7 0x7ff5c6f398a6  (/usr/lib/llvm-20/lib/libLLVM.so.20.1+0x301d8a6) (BuildId: b856c61f98abf0989f157f153740fe0fadfbb760)
    #8 0x7ff5c7f599b6  (/usr/lib/llvm-20/lib/libLLVM.so.20.1+0x403d9b6) (BuildId: b856c61f98abf0989f157f153740fe0fadfbb760)
    #9 0x7ff5c7f81ab1  (/usr/lib/llvm-20/lib/libLLVM.so.20.1+0x4065ab1) (BuildId: b856c61f98abf0989f157f153740fe0fadfbb760)
    #10 0x7ff5c7f83c8f  (/usr/lib/llvm-20/lib/libLLVM.so.20.1+0x4067c8f) (BuildId: b856c61f98abf0989f157f153740fe0fadfbb760)
    #11 0x7ff5c7f8526a  (/usr/lib/llvm-20/lib/libLLVM.so.20.1+0x406926a) (BuildId: b856c61f98abf0989f157f153740fe0fadfbb760)
    #12 0x55ca91648523 in llvm::Target::createTargetMachine(llvm::StringRef, llvm::StringRef, llvm::StringRef, llvm::TargetOptions const&, std::optional<llvm::Reloc::Model>, std::optional<llvm::CodeModel::Model>, llvm::CodeGenOptLevel, bool) const /usr/lib/llvm-20/include/llvm/MC/TargetRegistry.h:462:12
    #13 0x55ca9163a09e in tsc::TargetRegistry::initializeAllTargets() /workspace/src/TargetRegistry.cpp:67:41
    #14 0x55ca9162bdcd in tsc::Compiler::initializeLLVM() /workspace/src/Compiler.cpp:349:14
    #15 0x55ca9162b8b7 in tsc::Compiler::Compiler(tsc::CompilerOptions const&) /workspace/src/Compiler.cpp:24:5
    #16 0x55ca915fd7b5 in main /workspace/src/main.cpp:191:18
    #17 0x7ff5c395a337  (/lib/x86_64-linux-gnu/libc.so.6+0x2a337) (BuildId: 467f544f15035abef911999cbc14489edd0555ab)
    #18 0x7ff5c395a3fa in __libc_start_main (/lib/x86_64-linux-gnu/libc.so.6+0x2a3fa) (BuildId: 467f544f15035abef911999cbc14489edd0555ab)
    #19 0x55ca91511b64 in _start (/workspace/build-asan/tsc+0x74b64) (BuildId: 73a10d7cc646a755f705b0ae57418e68578aec2f)

Indirect leak of 928 byte(s) in 4 object(s) allocated from:
    #0 0x55ca915fa191 in operator new(unsigned long) (/workspace/build-asan/tsc+0x15d191) (BuildId: 73a10d7cc646a755f705b0ae57418e68578aec2f)
    #1 0x7ff5c7d4c951  (/usr/lib/llvm-20/lib/libLLVM.so.20.1+0x3e30951) (BuildId: b856c61f98abf0989f157f153740fe0fadfbb760)
    #2 0x7ff5c52d06be in llvm::CodeGenTargetMachineImpl::initAsmInfo() (/usr/lib/llvm-20/lib/libLLVM.so.20.1+0x13b46be) (BuildId: b856c61f98abf0989f157f153740fe0fadfbb760)
    #3 0x7ff5c7d135ac  (/usr/lib/llvm-20/lib/libLLVM.so.20.1+0x3df75ac) (BuildId: b856c61f98abf0989f157f153740fe0fadfbb760)
    #4 0x7ff5c7d15bcd  (/usr/lib/llvm-20/lib/libLLVM.so.20.1+0x3df9bcd) (BuildId: b856c61f98abf0989f157f153740fe0fadfbb760)
    #5 0x55ca91648523 in llvm::Target::createTargetMachine(llvm::StringRef, llvm::StringRef, llvm::StringRef, llvm::TargetOptions const&, std::optional<llvm::Reloc::Model>, std::optional<llvm::CodeModel::Model>, llvm::CodeGenOptLevel, bool) const /usr/lib/llvm-20/include/llvm/MC/TargetRegistry.h:462:12
    #6 0x55ca9163a09e in tsc::TargetRegistry::initializeAllTargets() /workspace/src/TargetRegistry.cpp:67:41
    #7 0x55ca9162bdcd in tsc::Compiler::initializeLLVM() /workspace/src/Compiler.cpp:349:14
    #8 0x55ca9162b8b7 in tsc::Compiler::Compiler(tsc::CompilerOptions const&) /workspace/src/Compiler.cpp:24:5
    #9 0x55ca915fd7b5 in main /workspace/src/main.cpp:191:18
    #10 0x7ff5c395a337  (/lib/x86_64-linux-gnu/libc.so.6+0x2a337) (BuildId: 467f544f15035abef911999cbc14489edd0555ab)
    #11 0x7ff5c395a3fa in __libc_start_main (/lib/x86_64-linux-gnu/libc.so.6+0x2a3fa) (BuildId: 467f544f15035abef911999cbc14489edd0555ab)
    #12 0x55ca91511b64 in _start (/workspace/build-asan/tsc+0x74b64) (BuildId: 73a10d7cc646a755f705b0ae57418e68578aec2f)

Indirect leak of 928 byte(s) in 4 object(s) allocated from:
    #0 0x55ca915fa191 in operator new(unsigned long) (/workspace/build-asan/tsc+0x15d191) (BuildId: 73a10d7cc646a755f705b0ae57418e68578aec2f)
    #1 0x7ff5c719b1cb  (/usr/lib/llvm-20/lib/libLLVM.so.20.1+0x327f1cb) (BuildId: b856c61f98abf0989f157f153740fe0fadfbb760)
    #2 0x7ff5c52d06be in llvm::CodeGenTargetMachineImpl::initAsmInfo() (/usr/lib/llvm-20/lib/libLLVM.so.20.1+0x13b46be) (BuildId: b856c61f98abf0989f157f153740fe0fadfbb760)
    #3 0x7ff5c70ed3c9  (/usr/lib/llvm-20/lib/libLLVM.so.20.1+0x31d13c9) (BuildId: b856c61f98abf0989f157f153740fe0fadfbb760)
    #4 0x7ff5c70efd1c  (/usr/lib/llvm-20/lib/libLLVM.so.20.1+0x31d3d1c) (BuildId: b856c61f98abf0989f157f153740fe0fadfbb760)
    #5 0x55ca91648523 in llvm::Target::createTargetMachine(llvm::StringRef, llvm::StringRef, llvm::StringRef, llvm::TargetOptions const&, std::optional<llvm::Reloc::Model>, std::optional<llvm::CodeModel::Model>, llvm::CodeGenOptLevel, bool) const /usr/lib/llvm-20/include/llvm/MC/TargetRegistry.h:462:12
    #6 0x55ca9163a09e in tsc::TargetRegistry::initializeAllTargets() /workspace/src/TargetRegistry.cpp:67:41
    #7 0x55ca9162bdcd in tsc::Compiler::initializeLLVM() /workspace/src/Compiler.cpp:349:14
    #8 0x55ca9162b8b7 in tsc::Compiler::Compiler(tsc::CompilerOptions const&) /workspace/src/Compiler.cpp:24:5
    #9 0x55ca915fd7b5 in main /workspace/src/main.cpp:191:18
    #10 0x7ff5c395a337  (/lib/x86_64-linux-gnu/libc.so.6+0x2a337) (BuildId: 467f544f15035abef911999cbc14489edd0555ab)
    #11 0x7ff5c395a3fa in __libc_start_main (/lib/x86_64-linux-gnu/libc.so.6+0x2a3fa) (BuildId: 467f544f15035abef911999cbc14489edd0555ab)
    #12 0x55ca91511b64 in _start (/workspace/build-asan/tsc+0x74b64) (BuildId: 73a10d7cc646a755f705b0ae57418e68578aec2f)

Indirect leak of 912 byte(s) in 3 object(s) allocated from:
    #0 0x55ca915fa191 in operator new(unsigned long) (/workspace/build-asan/tsc+0x15d191) (BuildId: 73a10d7cc646a755f705b0ae57418e68578aec2f)
    #1 0x7ff5c7f9b43d  (/usr/lib/llvm-20/lib/libLLVM.so.20.1+0x407f43d) (BuildId: b856c61f98abf0989f157f153740fe0fadfbb760)
    #2 0x7ff5c52d0793 in llvm::CodeGenTargetMachineImpl::initAsmInfo() (/usr/lib/llvm-20/lib/libLLVM.so.20.1+0x13b4793) (BuildId: b856c61f98abf0989f157f153740fe0fadfbb760)
    #3 0x7ff5c7f83cc9  (/usr/lib/llvm-20/lib/libLLVM.so.20.1+0x4067cc9) (BuildId: b856c61f98abf0989f157f153740fe0fadfbb760)
    #4 0x7ff5c7f8526a  (/usr/lib/llvm-20/lib/libLLVM.so.20.1+0x406926a) (BuildId: b856c61f98abf0989f157f153740fe0fadfbb760)
    #5 0x55ca91648523 in llvm::Target::createTargetMachine(llvm::StringRef, llvm::StringRef, llvm::StringRef, llvm::TargetOptions const&, std::optional<llvm::Reloc::Model>, std::optional<llvm::CodeModel::Model>, llvm::CodeGenOptLevel, bool) const /usr/lib/llvm-20/include/llvm/MC/TargetRegistry.h:462:12
    #6 0x55ca9163a09e in tsc::TargetRegistry::initializeAllTargets() /workspace/src/TargetRegistry.cpp:67:41
    #7 0x55ca9162bdcd in tsc::Compiler::initializeLLVM() /workspace/src/Compiler.cpp:349:14
    #8 0x55ca9162b8b7 in tsc::Compiler::Compiler(tsc::CompilerOptions const&) /workspace/src/Compiler.cpp:24:5
    #9 0x55ca915fd7b5 in main /workspace/src/main.cpp:191:18
    #10 0x7ff5c395a337  (/lib/x86_64-linux-gnu/libc.so.6+0x2a337) (BuildId: 467f544f15035abef911999cbc14489edd0555ab)
    #11 0x7ff5c395a3fa in __libc_start_main (/lib/x86_64-linux-gnu/libc.so.6+0x2a3fa) (BuildId: 467f544f15035abef911999cbc14489edd0555ab)
    #12 0x55ca91511b64 in _start (/workspace/build-asan/tsc+0x74b64) (BuildId: 73a10d7cc646a755f705b0ae57418e68578aec2f)

Indirect leak of 912 byte(s) in 2 object(s) allocated from:
    #0 0x55ca915fa191 in operator new(unsigned long) (/workspace/build-asan/tsc+0x15d191) (BuildId: 73a10d7cc646a755f705b0ae57418e68578aec2f)
    #1 0x7ff5c7eb1ce0  (/usr/lib/llvm-20/lib/libLLVM.so.20.1+0x3f95ce0) (BuildId: b856c61f98abf0989f157f153740fe0fadfbb760)
    #2 0x7ff5c52d081f in llvm::CodeGenTargetMachineImpl::initAsmInfo() (/usr/lib/llvm-20/lib/libLLVM.so.20.1+0x13b481f) (BuildId: b856c61f98abf0989f157f153740fe0fadfbb760)
    #3 0x7ff5c7e26a54  (/usr/lib/llvm-20/lib/libLLVM.so.20.1+0x3f0aa54) (BuildId: b856c61f98abf0989f157f153740fe0fadfbb760)
    #4 0x7ff5c7e295aa  (/usr/lib/llvm-20/lib/libLLVM.so.20.1+0x3f0d5aa) (BuildId: b856c61f98abf0989f157f153740fe0fadfbb760)
    #5 0x55ca91648523 in llvm::Target::createTargetMachine(llvm::StringRef, llvm::StringRef, llvm::StringRef, llvm::TargetOptions const&, std::optional<llvm::Reloc::Model>, std::optional<llvm::CodeModel::Model>, llvm::CodeGenOptLevel, bool) const /usr/lib/llvm-20/include/llvm/MC/TargetRegistry.h:462:12
    #6 0x55ca9163a09e in tsc::TargetRegistry::initializeAllTargets() /workspace/src/TargetRegistry.cpp:67:41
    #7 0x55ca9162bdcd in tsc::Compiler::initializeLLVM() /workspace/src/Compiler.cpp:349:14
    #8 0x55ca9162b8b7 in tsc::Compiler::Compiler(tsc::CompilerOptions const&) /workspace/src/Compiler.cpp:24:5
    #9 0x55ca915fd7b5 in main /workspace/src/main.cpp:191:18
    #10 0x7ff5c395a337  (/lib/x86_64-linux-gnu/libc.so.6+0x2a337) (BuildId: 467f544f15035abef911999cbc14489edd0555ab)
    #11 0x7ff5c395a3fa in __libc_start_main (/lib/x86_64-linux-gnu/libc.so.6+0x2a3fa) (BuildId: 467f544f15035abef911999cbc14489edd0555ab)
    #12 0x55ca91511b64 in _start (/workspace/build-asan/tsc+0x74b64) (BuildId: 73a10d7cc646a755f705b0ae57418e68578aec2f)

Indirect leak of 912 byte(s) in 2 object(s) allocated from:
    #0 0x55ca915fa191 in operator new(unsigned long) (/workspace/build-asan/tsc+0x15d191) (BuildId: 73a10d7cc646a755f705b0ae57418e68578aec2f)
    #1 0x7ff5c80f7b1d  (/usr/lib/llvm-20/lib/libLLVM.so.20.1+0x41dbb1d) (BuildId: b856c61f98abf0989f157f153740fe0fadfbb760)
    #2 0x7ff5c52d081f in llvm::CodeGenTargetMachineImpl::initAsmInfo() (/usr/lib/llvm-20/lib/libLLVM.so.20.1+0x13b481f) (BuildId: b856c61f98abf0989f157f153740fe0fadfbb760)
    #3 0x7ff5c80d8f3a  (/usr/lib/llvm-20/lib/libLLVM.so.20.1+0x41bcf3a) (BuildId: b856c61f98abf0989f157f153740fe0fadfbb760)
    #4 0x55ca91648523 in llvm::Target::createTargetMachine(llvm::StringRef, llvm::StringRef, llvm::StringRef, llvm::TargetOptions const&, std::optional<llvm::Reloc::Model>, std::optional<llvm::CodeModel::Model>, llvm::CodeGenOptLevel, bool) const /usr/lib/llvm-20/include/llvm/MC/TargetRegistry.h:462:12
    #5 0x55ca9163a09e in tsc::TargetRegistry::initializeAllTargets() /workspace/src/TargetRegistry.cpp:67:41
    #6 0x55ca9162bdcd in tsc::Compiler::initializeLLVM() /workspace/src/Compiler.cpp:349:14
    #7 0x55ca9162b8b7 in tsc::Compiler::Compiler(tsc::CompilerOptions const&) /workspace/src/Compiler.cpp:24:5
    #8 0x55ca915fd7b5 in main /workspace/src/main.cpp:191:18
    #9 0x7ff5c395a337  (/lib/x86_64-linux-gnu/libc.so.6+0x2a337) (BuildId: 467f544f15035abef911999cbc14489edd0555ab)
    #10 0x7ff5c395a3fa in __libc_start_main (/lib/x86_64-linux-gnu/libc.so.6+0x2a3fa) (BuildId: 467f544f15035abef911999cbc14489edd0555ab)
    #11 0x55ca91511b64 in _start (/workspace/build-asan/tsc+0x74b64) (BuildId: 73a10d7cc646a755f705b0ae57418e68578aec2f)

Indirect leak of 912 byte(s) in 2 object(s) allocated from:
    #0 0x55ca915fa191 in operator new(unsigned long) (/workspace/build-asan/tsc+0x15d191) (BuildId: 73a10d7cc646a755f705b0ae57418e68578aec2f)
    #1 0x7ff5c7ac9830  (/usr/lib/llvm-20/lib/libLLVM.so.20.1+0x3bad830) (BuildId: b856c61f98abf0989f157f153740fe0fadfbb760)
    #2 0x7ff5c52d081f in llvm::CodeGenTargetMachineImpl::initAsmInfo() (/usr/lib/llvm-20/lib/libLLVM.so.20.1+0x13b481f) (BuildId: b856c61f98abf0989f157f153740fe0fadfbb760)
    #3 0x7ff5c7aa6971  (/usr/lib/llvm-20/lib/libLLVM.so.20.1+0x3b8a971) (BuildId: b856c61f98abf0989f157f153740fe0fadfbb760)
    #4 0x7ff5c7aa76ca  (/usr/lib/llvm-20/lib/libLLVM.so.20.1+0x3b8b6ca) (BuildId: b856c61f98abf0989f157f153740fe0fadfbb760)
    #5 0x55ca91648523 in llvm::Target::createTargetMachine(llvm::StringRef, llvm::StringRef, llvm::StringRef, llvm::TargetOptions const&, std::optional<llvm::Reloc::Model>, std::optional<llvm::CodeModel::Model>, llvm::CodeGenOptLevel, bool) const /usr/lib/llvm-20/include/llvm/MC/TargetRegistry.h:462:12
    #6 0x55ca9163a09e in tsc::TargetRegistry::initializeAllTargets() /workspace/src/TargetRegistry.cpp:67:41
    #7 0x55ca9162bdcd in tsc::Compiler::initializeLLVM() /workspace/src/Compiler.cpp:349:14
    #8 0x55ca9162b8b7 in tsc::Compiler::Compiler(tsc::CompilerOptions const&) /workspace/src/Compiler.cpp:24:5
    #9 0x55ca915fd7b5 in main /workspace/src/main.cpp:191:18
    #10 0x7ff5c395a337  (/lib/x86_64-linux-gnu/libc.so.6+0x2a337) (BuildId: 467f544f15035abef911999cbc14489edd0555ab)
    #11 0x7ff5c395a3fa in __libc_start_main (/lib/x86_64-linux-gnu/libc.so.6+0x2a3fa) (BuildId: 467f544f15035abef911999cbc14489edd0555ab)
    #12 0x55ca91511b64 in _start (/workspace/build-asan/tsc+0x74b64) (BuildId: 73a10d7cc646a755f705b0ae57418e68578aec2f)

Indirect leak of 912 byte(s) in 2 object(s) allocated from:
    #0 0x55ca915fa191 in operator new(unsigned long) (/workspace/build-asan/tsc+0x15d191) (BuildId: 73a10d7cc646a755f705b0ae57418e68578aec2f)
    #1 0x7ff5c7bacdeb  (/usr/lib/llvm-20/lib/libLLVM.so.20.1+0x3c90deb) (BuildId: b856c61f98abf0989f157f153740fe0fadfbb760)
    #2 0x7ff5c52d081f in llvm::CodeGenTargetMachineImpl::initAsmInfo() (/usr/lib/llvm-20/lib/libLLVM.so.20.1+0x13b481f) (BuildId: b856c61f98abf0989f157f153740fe0fadfbb760)
    #3 0x7ff5c7b61a81  (/usr/lib/llvm-20/lib/libLLVM.so.20.1+0x3c45a81) (BuildId: b856c61f98abf0989f157f153740fe0fadfbb760)
    #4 0x7ff5c7b62b2c  (/usr/lib/llvm-20/lib/libLLVM.so.20.1+0x3c46b2c) (BuildId: b856c61f98abf0989f157f153740fe0fadfbb760)
    #5 0x55ca91648523 in llvm::Target::createTargetMachine(llvm::StringRef, llvm::StringRef, llvm::StringRef, llvm::TargetOptions const&, std::optional<llvm::Reloc::Model>, std::optional<llvm::CodeModel::Model>, llvm::CodeGenOptLevel, bool) const /usr/lib/llvm-20/include/llvm/MC/TargetRegistry.h:462:12
    #6 0x55ca9163a09e in tsc::TargetRegistry::initializeAllTargets() /workspace/src/TargetRegistry.cpp:67:41
    #7 0x55ca9162bdcd in tsc::Compiler::initializeLLVM() /workspace/src/Compiler.cpp:349:14
    #8 0x55ca9162b8b7 in tsc::Compiler::Compiler(tsc::CompilerOptions const&) /workspace/src/Compiler.cpp:24:5
    #9 0x55ca915fd7b5 in main /workspace/src/main.cpp:191:18
    #10 0x7ff5c395a337  (/lib/x86_64-linux-gnu/libc.so.6+0x2a337) (BuildId: 467f544f15035abef911999cbc14489edd0555ab)
    #11 0x7ff5c395a3fa in __libc_start_main (/lib/x86_64-linux-gnu/libc.so.6+0x2a3fa) (BuildId: 467f544f15035abef911999cbc14489edd0555ab)
    #12 0x55ca91511b64 in _start (/workspace/build-asan/tsc+0x74b64) (BuildId: 73a10d7cc646a755f705b0ae57418e68578aec2f)

Indirect leak of 912 byte(s) in 2 object(s) allocated from:
    #0 0x55ca915fa191 in operator new(unsigned long) (/workspace/build-asan/tsc+0x15d191) (BuildId: 73a10d7cc646a755f705b0ae57418e68578aec2f)
    #1 0x7ff5c7853c13  (/usr/lib/llvm-20/lib/libLLVM.so.20.1+0x3937c13) (BuildId: b856c61f98abf0989f157f153740fe0fadfbb760)
    #2 0x7ff5c52d081f in llvm::CodeGenTargetMachineImpl::initAsmInfo() (/usr/lib/llvm-20/lib/libLLVM.so.20.1+0x13b481f) (BuildId: b856c61f98abf0989f157f153740fe0fadfbb760)
    #3 0x7ff5c778f4cf  (/usr/lib/llvm-20/lib/libLLVM.so.20.1+0x38734cf) (BuildId: b856c61f98abf0989f157f153740fe0fadfbb760)
    #4 0x7ff5c77914e4  (/usr/lib/llvm-20/lib/libLLVM.so.20.1+0x38754e4) (BuildId: b856c61f98abf0989f157f153740fe0fadfbb760)
    #5 0x55ca91648523 in llvm::Target::createTargetMachine(llvm::StringRef, llvm::StringRef, llvm::StringRef, llvm::TargetOptions const&, std::optional<llvm::Reloc::Model>, std::optional<llvm::CodeModel::Model>, llvm::CodeGenOptLevel, bool) const /usr/lib/llvm-20/include/llvm/MC/TargetRegistry.h:462:12
    #6 0x55ca9163a09e in tsc::TargetRegistry::initializeAllTargets() /workspace/src/TargetRegistry.cpp:67:41
    #7 0x55ca9162bdcd in tsc::Compiler::initializeLLVM() /workspace/src/Compiler.cpp:349:14
    #8 0x55ca9162b8b7 in tsc::Compiler::Compiler(tsc::CompilerOptions const&) /workspace/src/Compiler.cpp:24:5
    #9 0x55ca915fd7b5 in main /workspace/src/main.cpp:191:18
    #10 0x7ff5c395a337  (/lib/x86_64-linux-gnu/libc.so.6+0x2a337) (BuildId: 467f544f15035abef911999cbc14489edd0555ab)
    #11 0x7ff5c395a3fa in __libc_start_main (/lib/x86_64-linux-gnu/libc.so.6+0x2a3fa) (BuildId: 467f544f15035abef911999cbc14489edd0555ab)
    #12 0x55ca91511b64 in _start (/workspace/build-asan/tsc+0x74b64) (BuildId: 73a10d7cc646a755f705b0ae57418e68578aec2f)

Indirect leak of 912 byte(s) in 3 object(s) allocated from:
    #0 0x55ca915fa191 in operator new(unsigned long) (/workspace/build-asan/tsc+0x15d191) (BuildId: 73a10d7cc646a755f705b0ae57418e68578aec2f)
    #1 0x7ff5c78cd06d  (/usr/lib/llvm-20/lib/libLLVM.so.20.1+0x39b106d) (BuildId: b856c61f98abf0989f157f153740fe0fadfbb760)
    #2 0x7ff5c52d0793 in llvm::CodeGenTargetMachineImpl::initAsmInfo() (/usr/lib/llvm-20/lib/libLLVM.so.20.1+0x13b4793) (BuildId: b856c61f98abf0989f157f153740fe0fadfbb760)
    #3 0x7ff5c78a4a11  (/usr/lib/llvm-20/lib/libLLVM.so.20.1+0x3988a11) (BuildId: b856c61f98abf0989f157f153740fe0fadfbb760)
    #4 0x7ff5c78a5f8a  (/usr/lib/llvm-20/lib/libLLVM.so.20.1+0x3989f8a) (BuildId: b856c61f98abf0989f157f153740fe0fadfbb760)
    #5 0x55ca91648523 in llvm::Target::createTargetMachine(llvm::StringRef, llvm::StringRef, llvm::StringRef, llvm::TargetOptions const&, std::optional<llvm::Reloc::Model>, std::optional<llvm::CodeModel::Model>, llvm::CodeGenOptLevel, bool) const /usr/lib/llvm-20/include/llvm/MC/TargetRegistry.h:462:12
    #6 0x55ca9163a09e in tsc::TargetRegistry::initializeAllTargets() /workspace/src/TargetRegistry.cpp:67:41
    #7 0x55ca9162bdcd in tsc::Compiler::initializeLLVM() /workspace/src/Compiler.cpp:349:14
    #8 0x55ca9162b8b7 in tsc::Compiler::Compiler(tsc::CompilerOptions const&) /workspace/src/Compiler.cpp:24:5
    #9 0x55ca915fd7b5 in main /workspace/src/main.cpp:191:18
    #10 0x7ff5c395a337  (/lib/x86_64-linux-gnu/libc.so.6+0x2a337) (BuildId: 467f544f15035abef911999cbc14489edd0555ab)
    #11 0x7ff5c395a3fa in __libc_start_main (/lib/x86_64-linux-gnu/libc.so.6+0x2a3fa) (BuildId: 467f544f15035abef911999cbc14489edd0555ab)
    #12 0x55ca91511b64 in _start (/workspace/build-asan/tsc+0x74b64) (BuildId: 73a10d7cc646a755f705b0ae57418e68578aec2f)

Indirect leak of 912 byte(s) in 2 object(s) allocated from:
    #0 0x55ca915fa191 in operator new(unsigned long) (/workspace/build-asan/tsc+0x15d191) (BuildId: 73a10d7cc646a755f705b0ae57418e68578aec2f)
    #1 0x7ff5c7bacdeb  (/usr/lib/llvm-20/lib/libLLVM.so.20.1+0x3c90deb) (BuildId: b856c61f98abf0989f157f153740fe0fadfbb760)
    #2 0x7ff5c52d081f in llvm::CodeGenTargetMachineImpl::initAsmInfo() (/usr/lib/llvm-20/lib/libLLVM.so.20.1+0x13b481f) (BuildId: b856c61f98abf0989f157f153740fe0fadfbb760)
    #3 0x7ff5c7b61a81  (/usr/lib/llvm-20/lib/libLLVM.so.20.1+0x3c45a81) (BuildId: b856c61f98abf0989f157f153740fe0fadfbb760)
    #4 0x7ff5c7b62a6c  (/usr/lib/llvm-20/lib/libLLVM.so.20.1+0x3c46a6c) (BuildId: b856c61f98abf0989f157f153740fe0fadfbb760)
    #5 0x55ca91648523 in llvm::Target::createTargetMachine(llvm::StringRef, llvm::StringRef, llvm::StringRef, llvm::TargetOptions const&, std::optional<llvm::Reloc::Model>, std::optional<llvm::CodeModel::Model>, llvm::CodeGenOptLevel, bool) const /usr/lib/llvm-20/include/llvm/MC/TargetRegistry.h:462:12
    #6 0x55ca9163a09e in tsc::TargetRegistry::initializeAllTargets() /workspace/src/TargetRegistry.cpp:67:41
    #7 0x55ca9162bdcd in tsc::Compiler::initializeLLVM() /workspace/src/Compiler.cpp:349:14
    #8 0x55ca9162b8b7 in tsc::Compiler::Compiler(tsc::CompilerOptions const&) /workspace/src/Compiler.cpp:24:5
    #9 0x55ca915fd7b5 in main /workspace/src/main.cpp:191:18
    #10 0x7ff5c395a337  (/lib/x86_64-linux-gnu/libc.so.6+0x2a337) (BuildId: 467f544f15035abef911999cbc14489edd0555ab)
    #11 0x7ff5c395a3fa in __libc_start_main (/lib/x86_64-linux-gnu/libc.so.6+0x2a3fa) (BuildId: 467f544f15035abef911999cbc14489edd0555ab)
    #12 0x55ca91511b64 in _start (/workspace/build-asan/tsc+0x74b64) (BuildId: 73a10d7cc646a755f705b0ae57418e68578aec2f)

Indirect leak of 912 byte(s) in 2 object(s) allocated from:
    #0 0x55ca915fa191 in operator new(unsigned long) (/workspace/build-asan/tsc+0x15d191) (BuildId: 73a10d7cc646a755f705b0ae57418e68578aec2f)
    #1 0x7ff5c83fc03c  (/usr/lib/llvm-20/lib/libLLVM.so.20.1+0x44e003c) (BuildId: b856c61f98abf0989f157f153740fe0fadfbb760)
    #2 0x7ff5c52d081f in llvm::CodeGenTargetMachineImpl::initAsmInfo() (/usr/lib/llvm-20/lib/libLLVM.so.20.1+0x13b481f) (BuildId: b856c61f98abf0989f157f153740fe0fadfbb760)
    #3 0x7ff5c837bf6d  (/usr/lib/llvm-20/lib/libLLVM.so.20.1+0x445ff6d) (BuildId: b856c61f98abf0989f157f153740fe0fadfbb760)
    #4 0x7ff5c837de4d  (/usr/lib/llvm-20/lib/libLLVM.so.20.1+0x4461e4d) (BuildId: b856c61f98abf0989f157f153740fe0fadfbb760)
    #5 0x55ca91648523 in llvm::Target::createTargetMachine(llvm::StringRef, llvm::StringRef, llvm::StringRef, llvm::TargetOptions const&, std::optional<llvm::Reloc::Model>, std::optional<llvm::CodeModel::Model>, llvm::CodeGenOptLevel, bool) const /usr/lib/llvm-20/include/llvm/MC/TargetRegistry.h:462:12
    #6 0x55ca9163a09e in tsc::TargetRegistry::initializeAllTargets() /workspace/src/TargetRegistry.cpp:67:41
    #7 0x55ca9162bdcd in tsc::Compiler::initializeLLVM() /workspace/src/Compiler.cpp:349:14
    #8 0x55ca9162b8b7 in tsc::Compiler::Compiler(tsc::CompilerOptions const&) /workspace/src/Compiler.cpp:24:5
    #9 0x55ca915fd7b5 in main /workspace/src/main.cpp:191:18
    #10 0x7ff5c395a337  (/lib/x86_64-linux-gnu/libc.so.6+0x2a337) (BuildId: 467f544f15035abef911999cbc14489edd0555ab)
    #11 0x7ff5c395a3fa in __libc_start_main (/lib/x86_64-linux-gnu/libc.so.6+0x2a3fa) (BuildId: 467f544f15035abef911999cbc14489edd0555ab)
    #12 0x55ca91511b64 in _start (/workspace/build-asan/tsc+0x74b64) (BuildId: 73a10d7cc646a755f705b0ae57418e68578aec2f)

Indirect leak of 912 byte(s) in 2 object(s) allocated from:
    #0 0x55ca915fa191 in operator new(unsigned long) (/workspace/build-asan/tsc+0x15d191) (BuildId: 73a10d7cc646a755f705b0ae57418e68578aec2f)
    #1 0x7ff5c7853c13  (/usr/lib/llvm-20/lib/libLLVM.so.20.1+0x3937c13) (BuildId: b856c61f98abf0989f157f153740fe0fadfbb760)
    #2 0x7ff5c52d081f in llvm::CodeGenTargetMachineImpl::initAsmInfo() (/usr/lib/llvm-20/lib/libLLVM.so.20.1+0x13b481f) (BuildId: b856c61f98abf0989f157f153740fe0fadfbb760)
    #3 0x7ff5c778f4cf  (/usr/lib/llvm-20/lib/libLLVM.so.20.1+0x38734cf) (BuildId: b856c61f98abf0989f157f153740fe0fadfbb760)
    #4 0x7ff5c77915a4  (/usr/lib/llvm-20/lib/libLLVM.so.20.1+0x38755a4) (BuildId: b856c61f98abf0989f157f153740fe0fadfbb760)
    #5 0x55ca91648523 in llvm::Target::createTargetMachine(llvm::StringRef, llvm::StringRef, llvm::StringRef, llvm::TargetOptions const&, std::optional<llvm::Reloc::Model>, std::optional<llvm::CodeModel::Model>, llvm::CodeGenOptLevel, bool) const /usr/lib/llvm-20/include/llvm/MC/TargetRegistry.h:462:12
    #6 0x55ca9163a09e in tsc::TargetRegistry::initializeAllTargets() /workspace/src/TargetRegistry.cpp:67:41
    #7 0x55ca9162bdcd in tsc::Compiler::initializeLLVM() /workspace/src/Compiler.cpp:349:14
    #8 0x55ca9162b8b7 in tsc::Compiler::Compiler(tsc::CompilerOptions const&) /workspace/src/Compiler.cpp:24:5
    #9 0x55ca915fd7b5 in main /workspace/src/main.cpp:191:18
    #10 0x7ff5c395a337  (/lib/x86_64-linux-gnu/libc.so.6+0x2a337) (BuildId: 467f544f15035abef911999cbc14489edd0555ab)
    #11 0x7ff5c395a3fa in __libc_start_main (/lib/x86_64-linux-gnu/libc.so.6+0x2a3fa) (BuildId: 467f544f15035abef911999cbc14489edd0555ab)
    #12 0x55ca91511b64 in _start (/workspace/build-asan/tsc+0x74b64) (BuildId: 73a10d7cc646a755f705b0ae57418e68578aec2f)

Indirect leak of 864 byte(s) in 18 object(s) allocated from:
    #0 0x55ca915fa191 in operator new(unsigned long) (/workspace/build-asan/tsc+0x15d191) (BuildId: 73a10d7cc646a755f705b0ae57418e68578aec2f)
    #1 0x7ff5c55781b6  (/usr/lib/llvm-20/lib/libLLVM.so.20.1+0x165c1b6) (BuildId: b856c61f98abf0989f157f153740fe0fadfbb760)
    #2 0x7ff5c557172f in llvm::TargetLoweringBase::initActions() (/usr/lib/llvm-20/lib/libLLVM.so.20.1+0x165572f) (BuildId: b856c61f98abf0989f157f153740fe0fadfbb760)
    #3 0x7ff5c557119a in llvm::TargetLoweringBase::TargetLoweringBase(llvm::TargetMachine const&) (/usr/lib/llvm-20/lib/libLLVM.so.20.1+0x165519a) (BuildId: b856c61f98abf0989f157f153740fe0fadfbb760)
    #4 0x7ff5c584e071 in llvm::TargetLowering::TargetLowering(llvm::TargetMachine const&) (/usr/lib/llvm-20/lib/libLLVM.so.20.1+0x1932071) (BuildId: b856c61f98abf0989f157f153740fe0fadfbb760)
    #5 0x7ff5c7f8186f  (/usr/lib/llvm-20/lib/libLLVM.so.20.1+0x406586f) (BuildId: b856c61f98abf0989f157f153740fe0fadfbb760)
    #6 0x7ff5c7f83c8f  (/usr/lib/llvm-20/lib/libLLVM.so.20.1+0x4067c8f) (BuildId: b856c61f98abf0989f157f153740fe0fadfbb760)
    #7 0x7ff5c7f8526a  (/usr/lib/llvm-20/lib/libLLVM.so.20.1+0x406926a) (BuildId: b856c61f98abf0989f157f153740fe0fadfbb760)
    #8 0x55ca91648523 in llvm::Target::createTargetMachine(llvm::StringRef, llvm::StringRef, llvm::StringRef, llvm::TargetOptions const&, std::optional<llvm::Reloc::Model>, std::optional<llvm::CodeModel::Model>, llvm::CodeGenOptLevel, bool) const /usr/lib/llvm-20/include/llvm/MC/TargetRegistry.h:462:12
    #9 0x55ca9163a09e in tsc::TargetRegistry::initializeAllTargets() /workspace/src/TargetRegistry.cpp:67:41
    #10 0x55ca9162bdcd in tsc::Compiler::initializeLLVM() /workspace/src/Compiler.cpp:349:14
    #11 0x55ca9162b8b7 in tsc::Compiler::Compiler(tsc::CompilerOptions const&) /workspace/src/Compiler.cpp:24:5
    #12 0x55ca915fd7b5 in main /workspace/src/main.cpp:191:18
    #13 0x7ff5c395a337  (/lib/x86_64-linux-gnu/libc.so.6+0x2a337) (BuildId: 467f544f15035abef911999cbc14489edd0555ab)
    #14 0x7ff5c395a3fa in __libc_start_main (/lib/x86_64-linux-gnu/libc.so.6+0x2a3fa) (BuildId: 467f544f15035abef911999cbc14489edd0555ab)
    #15 0x55ca91511b64 in _start (/workspace/build-asan/tsc+0x74b64) (BuildId: 73a10d7cc646a755f705b0ae57418e68578aec2f)

Indirect leak of 864 byte(s) in 18 object(s) allocated from:
    #0 0x55ca915fa191 in operator new(unsigned long) (/workspace/build-asan/tsc+0x15d191) (BuildId: 73a10d7cc646a755f705b0ae57418e68578aec2f)
    #1 0x7ff5c55781b6  (/usr/lib/llvm-20/lib/libLLVM.so.20.1+0x165c1b6) (BuildId: b856c61f98abf0989f157f153740fe0fadfbb760)
    #2 0x7ff5c557172f in llvm::TargetLoweringBase::initActions() (/usr/lib/llvm-20/lib/libLLVM.so.20.1+0x165572f) (BuildId: b856c61f98abf0989f157f153740fe0fadfbb760)
    #3 0x7ff5c557119a in llvm::TargetLoweringBase::TargetLoweringBase(llvm::TargetMachine const&) (/usr/lib/llvm-20/lib/libLLVM.so.20.1+0x165519a) (BuildId: b856c61f98abf0989f157f153740fe0fadfbb760)
    #4 0x7ff5c584e071 in llvm::TargetLowering::TargetLowering(llvm::TargetMachine const&) (/usr/lib/llvm-20/lib/libLLVM.so.20.1+0x1932071) (BuildId: b856c61f98abf0989f157f153740fe0fadfbb760)
    #5 0x7ff5c789a838  (/usr/lib/llvm-20/lib/libLLVM.so.20.1+0x397e838) (BuildId: b856c61f98abf0989f157f153740fe0fadfbb760)
    #6 0x7ff5c78a42e7  (/usr/lib/llvm-20/lib/libLLVM.so.20.1+0x39882e7) (BuildId: b856c61f98abf0989f157f153740fe0fadfbb760)
    #7 0x7ff5c78a49df  (/usr/lib/llvm-20/lib/libLLVM.so.20.1+0x39889df) (BuildId: b856c61f98abf0989f157f153740fe0fadfbb760)
    #8 0x7ff5c78a5f8a  (/usr/lib/llvm-20/lib/libLLVM.so.20.1+0x3989f8a) (BuildId: b856c61f98abf0989f157f153740fe0fadfbb760)
    #9 0x55ca91648523 in llvm::Target::createTargetMachine(llvm::StringRef, llvm::StringRef, llvm::StringRef, llvm::TargetOptions const&, std::optional<llvm::Reloc::Model>, std::optional<llvm::CodeModel::Model>, llvm::CodeGenOptLevel, bool) const /usr/lib/llvm-20/include/llvm/MC/TargetRegistry.h:462:12
    #10 0x55ca9163a09e in tsc::TargetRegistry::initializeAllTargets() /workspace/src/TargetRegistry.cpp:67:41
    #11 0x55ca9162bdcd in tsc::Compiler::initializeLLVM() /workspace/src/Compiler.cpp:349:14
    #12 0x55ca9162b8b7 in tsc::Compiler::Compiler(tsc::CompilerOptions const&) /workspace/src/Compiler.cpp:24:5
    #13 0x55ca915fd7b5 in main /workspace/src/main.cpp:191:18
    #14 0x7ff5c395a337  (/lib/x86_64-linux-gnu/libc.so.6+0x2a337) (BuildId: 467f544f15035abef911999cbc14489edd0555ab)
    #15 0x7ff5c395a3fa in __libc_start_main (/lib/x86_64-linux-gnu/libc.so.6+0x2a3fa) (BuildId: 467f544f15035abef911999cbc14489edd0555ab)
    #16 0x55ca91511b64 in _start (/workspace/build-asan/tsc+0x74b64) (BuildId: 73a10d7cc646a755f705b0ae57418e68578aec2f)

Indirect leak of 816 byte(s) in 2 object(s) allocated from:
    #0 0x55ca915fa191 in operator new(unsigned long) (/workspace/build-asan/tsc+0x15d191) (BuildId: 73a10d7cc646a755f705b0ae57418e68578aec2f)
    #1 0x7ff5c7b4759b  (/usr/lib/llvm-20/lib/libLLVM.so.20.1+0x3c2b59b) (BuildId: b856c61f98abf0989f157f153740fe0fadfbb760)
    #2 0x7ff5c7b5ff37  (/usr/lib/llvm-20/lib/libLLVM.so.20.1+0x3c43f37) (BuildId: b856c61f98abf0989f157f153740fe0fadfbb760)
    #3 0x7ff5c7b6188a  (/usr/lib/llvm-20/lib/libLLVM.so.20.1+0x3c4588a) (BuildId: b856c61f98abf0989f157f153740fe0fadfbb760)
    #4 0x7ff5c7b62a6c  (/usr/lib/llvm-20/lib/libLLVM.so.20.1+0x3c46a6c) (BuildId: b856c61f98abf0989f157f153740fe0fadfbb760)
    #5 0x55ca91648523 in llvm::Target::createTargetMachine(llvm::StringRef, llvm::StringRef, llvm::StringRef, llvm::TargetOptions const&, std::optional<llvm::Reloc::Model>, std::optional<llvm::CodeModel::Model>, llvm::CodeGenOptLevel, bool) const /usr/lib/llvm-20/include/llvm/MC/TargetRegistry.h:462:12
    #6 0x55ca9163a09e in tsc::TargetRegistry::initializeAllTargets() /workspace/src/TargetRegistry.cpp:67:41
    #7 0x55ca9162bdcd in tsc::Compiler::initializeLLVM() /workspace/src/Compiler.cpp:349:14
    #8 0x55ca9162b8b7 in tsc::Compiler::Compiler(tsc::CompilerOptions const&) /workspace/src/Compiler.cpp:24:5
    #9 0x55ca915fd7b5 in main /workspace/src/main.cpp:191:18
    #10 0x7ff5c395a337  (/lib/x86_64-linux-gnu/libc.so.6+0x2a337) (BuildId: 467f544f15035abef911999cbc14489edd0555ab)
    #11 0x7ff5c395a3fa in __libc_start_main (/lib/x86_64-linux-gnu/libc.so.6+0x2a3fa) (BuildId: 467f544f15035abef911999cbc14489edd0555ab)
    #12 0x55ca91511b64 in _start (/workspace/build-asan/tsc+0x74b64) (BuildId: 73a10d7cc646a755f705b0ae57418e68578aec2f)

Indirect leak of 816 byte(s) in 2 object(s) allocated from:
    #0 0x55ca915fa191 in operator new(unsigned long) (/workspace/build-asan/tsc+0x15d191) (BuildId: 73a10d7cc646a755f705b0ae57418e68578aec2f)
    #1 0x7ff5c7b4759b  (/usr/lib/llvm-20/lib/libLLVM.so.20.1+0x3c2b59b) (BuildId: b856c61f98abf0989f157f153740fe0fadfbb760)
    #2 0x7ff5c7b5ff37  (/usr/lib/llvm-20/lib/libLLVM.so.20.1+0x3c43f37) (BuildId: b856c61f98abf0989f157f153740fe0fadfbb760)
    #3 0x7ff5c7b61710  (/usr/lib/llvm-20/lib/libLLVM.so.20.1+0x3c45710) (BuildId: b856c61f98abf0989f157f153740fe0fadfbb760)
    #4 0x7ff5c7b62a6c  (/usr/lib/llvm-20/lib/libLLVM.so.20.1+0x3c46a6c) (BuildId: b856c61f98abf0989f157f153740fe0fadfbb760)
    #5 0x55ca91648523 in llvm::Target::createTargetMachine(llvm::StringRef, llvm::StringRef, llvm::StringRef, llvm::TargetOptions const&, std::optional<llvm::Reloc::Model>, std::optional<llvm::CodeModel::Model>, llvm::CodeGenOptLevel, bool) const /usr/lib/llvm-20/include/llvm/MC/TargetRegistry.h:462:12
    #6 0x55ca9163a09e in tsc::TargetRegistry::initializeAllTargets() /workspace/src/TargetRegistry.cpp:67:41
    #7 0x55ca9162bdcd in tsc::Compiler::initializeLLVM() /workspace/src/Compiler.cpp:349:14
    #8 0x55ca9162b8b7 in tsc::Compiler::Compiler(tsc::CompilerOptions const&) /workspace/src/Compiler.cpp:24:5
    #9 0x55ca915fd7b5 in main /workspace/src/main.cpp:191:18
    #10 0x7ff5c395a337  (/lib/x86_64-linux-gnu/libc.so.6+0x2a337) (BuildId: 467f544f15035abef911999cbc14489edd0555ab)
    #11 0x7ff5c395a3fa in __libc_start_main (/lib/x86_64-linux-gnu/libc.so.6+0x2a3fa) (BuildId: 467f544f15035abef911999cbc14489edd0555ab)
    #12 0x55ca91511b64 in _start (/workspace/build-asan/tsc+0x74b64) (BuildId: 73a10d7cc646a755f705b0ae57418e68578aec2f)

Indirect leak of 816 byte(s) in 2 object(s) allocated from:
    #0 0x55ca915fa191 in operator new(unsigned long) (/workspace/build-asan/tsc+0x15d191) (BuildId: 73a10d7cc646a755f705b0ae57418e68578aec2f)
    #1 0x7ff5c7ad0617  (/usr/lib/llvm-20/lib/libLLVM.so.20.1+0x3bb4617) (BuildId: b856c61f98abf0989f157f153740fe0fadfbb760)
    #2 0x7ff5c7b5ff37  (/usr/lib/llvm-20/lib/libLLVM.so.20.1+0x3c43f37) (BuildId: b856c61f98abf0989f157f153740fe0fadfbb760)
    #3 0x7ff5c7b61a19  (/usr/lib/llvm-20/lib/libLLVM.so.20.1+0x3c45a19) (BuildId: b856c61f98abf0989f157f153740fe0fadfbb760)
    #4 0x7ff5c7b62a6c  (/usr/lib/llvm-20/lib/libLLVM.so.20.1+0x3c46a6c) (BuildId: b856c61f98abf0989f157f153740fe0fadfbb760)
    #5 0x55ca91648523 in llvm::Target::createTargetMachine(llvm::StringRef, llvm::StringRef, llvm::StringRef, llvm::TargetOptions const&, std::optional<llvm::Reloc::Model>, std::optional<llvm::CodeModel::Model>, llvm::CodeGenOptLevel, bool) const /usr/lib/llvm-20/include/llvm/MC/TargetRegistry.h:462:12
    #6 0x55ca9163a09e in tsc::TargetRegistry::initializeAllTargets() /workspace/src/TargetRegistry.cpp:67:41
    #7 0x55ca9162bdcd in tsc::Compiler::initializeLLVM() /workspace/src/Compiler.cpp:349:14
    #8 0x55ca9162b8b7 in tsc::Compiler::Compiler(tsc::CompilerOptions const&) /workspace/src/Compiler.cpp:24:5
    #9 0x55ca915fd7b5 in main /workspace/src/main.cpp:191:18
    #10 0x7ff5c395a337  (/lib/x86_64-linux-gnu/libc.so.6+0x2a337) (BuildId: 467f544f15035abef911999cbc14489edd0555ab)
    #11 0x7ff5c395a3fa in __libc_start_main (/lib/x86_64-linux-gnu/libc.so.6+0x2a3fa) (BuildId: 467f544f15035abef911999cbc14489edd0555ab)
    #12 0x55ca91511b64 in _start (/workspace/build-asan/tsc+0x74b64) (BuildId: 73a10d7cc646a755f705b0ae57418e68578aec2f)

Indirect leak of 816 byte(s) in 2 object(s) allocated from:
    #0 0x55ca915fa191 in operator new(unsigned long) (/workspace/build-asan/tsc+0x15d191) (BuildId: 73a10d7cc646a755f705b0ae57418e68578aec2f)
    #1 0x7ff5c7b4759b  (/usr/lib/llvm-20/lib/libLLVM.so.20.1+0x3c2b59b) (BuildId: b856c61f98abf0989f157f153740fe0fadfbb760)
    #2 0x7ff5c7b5ff37  (/usr/lib/llvm-20/lib/libLLVM.so.20.1+0x3c43f37) (BuildId: b856c61f98abf0989f157f153740fe0fadfbb760)
    #3 0x7ff5c7b6188a  (/usr/lib/llvm-20/lib/libLLVM.so.20.1+0x3c4588a) (BuildId: b856c61f98abf0989f157f153740fe0fadfbb760)
    #4 0x7ff5c7b62b2c  (/usr/lib/llvm-20/lib/libLLVM.so.20.1+0x3c46b2c) (BuildId: b856c61f98abf0989f157f153740fe0fadfbb760)
    #5 0x55ca91648523 in llvm::Target::createTargetMachine(llvm::StringRef, llvm::StringRef, llvm::StringRef, llvm::TargetOptions const&, std::optional<llvm::Reloc::Model>, std::optional<llvm::CodeModel::Model>, llvm::CodeGenOptLevel, bool) const /usr/lib/llvm-20/include/llvm/MC/TargetRegistry.h:462:12
    #6 0x55ca9163a09e in tsc::TargetRegistry::initializeAllTargets() /workspace/src/TargetRegistry.cpp:67:41
    #7 0x55ca9162bdcd in tsc::Compiler::initializeLLVM() /workspace/src/Compiler.cpp:349:14
    #8 0x55ca9162b8b7 in tsc::Compiler::Compiler(tsc::CompilerOptions const&) /workspace/src/Compiler.cpp:24:5
    #9 0x55ca915fd7b5 in main /workspace/src/main.cpp:191:18
    #10 0x7ff5c395a337  (/lib/x86_64-linux-gnu/libc.so.6+0x2a337) (BuildId: 467f544f15035abef911999cbc14489edd0555ab)
    #11 0x7ff5c395a3fa in __libc_start_main (/lib/x86_64-linux-gnu/libc.so.6+0x2a3fa) (BuildId: 467f544f15035abef911999cbc14489edd0555ab)
    #12 0x55ca91511b64 in _start (/workspace/build-asan/tsc+0x74b64) (BuildId: 73a10d7cc646a755f705b0ae57418e68578aec2f)

Indirect leak of 816 byte(s) in 2 object(s) allocated from:
    #0 0x55ca915fa191 in operator new(unsigned long) (/workspace/build-asan/tsc+0x15d191) (BuildId: 73a10d7cc646a755f705b0ae57418e68578aec2f)
    #1 0x7ff5c7ad0617  (/usr/lib/llvm-20/lib/libLLVM.so.20.1+0x3bb4617) (BuildId: b856c61f98abf0989f157f153740fe0fadfbb760)
    #2 0x7ff5c7b5ff37  (/usr/lib/llvm-20/lib/libLLVM.so.20.1+0x3c43f37) (BuildId: b856c61f98abf0989f157f153740fe0fadfbb760)
    #3 0x7ff5c7b61a19  (/usr/lib/llvm-20/lib/libLLVM.so.20.1+0x3c45a19) (BuildId: b856c61f98abf0989f157f153740fe0fadfbb760)
    #4 0x7ff5c7b62b2c  (/usr/lib/llvm-20/lib/libLLVM.so.20.1+0x3c46b2c) (BuildId: b856c61f98abf0989f157f153740fe0fadfbb760)
    #5 0x55ca91648523 in llvm::Target::createTargetMachine(llvm::StringRef, llvm::StringRef, llvm::StringRef, llvm::TargetOptions const&, std::optional<llvm::Reloc::Model>, std::optional<llvm::CodeModel::Model>, llvm::CodeGenOptLevel, bool) const /usr/lib/llvm-20/include/llvm/MC/TargetRegistry.h:462:12
    #6 0x55ca9163a09e in tsc::TargetRegistry::initializeAllTargets() /workspace/src/TargetRegistry.cpp:67:41
    #7 0x55ca9162bdcd in tsc::Compiler::initializeLLVM() /workspace/src/Compiler.cpp:349:14
    #8 0x55ca9162b8b7 in tsc::Compiler::Compiler(tsc::CompilerOptions const&) /workspace/src/Compiler.cpp:24:5
    #9 0x55ca915fd7b5 in main /workspace/src/main.cpp:191:18
    #10 0x7ff5c395a337  (/lib/x86_64-linux-gnu/libc.so.6+0x2a337) (BuildId: 467f544f15035abef911999cbc14489edd0555ab)
    #11 0x7ff5c395a3fa in __libc_start_main (/lib/x86_64-linux-gnu/libc.so.6+0x2a3fa) (BuildId: 467f544f15035abef911999cbc14489edd0555ab)
    #12 0x55ca91511b64 in _start (/workspace/build-asan/tsc+0x74b64) (BuildId: 73a10d7cc646a755f705b0ae57418e68578aec2f)

Indirect leak of 816 byte(s) in 2 object(s) allocated from:
    #0 0x55ca915fa191 in operator new(unsigned long) (/workspace/build-asan/tsc+0x15d191) (BuildId: 73a10d7cc646a755f705b0ae57418e68578aec2f)
    #1 0x7ff5c7b4759b  (/usr/lib/llvm-20/lib/libLLVM.so.20.1+0x3c2b59b) (BuildId: b856c61f98abf0989f157f153740fe0fadfbb760)
    #2 0x7ff5c7b5ff37  (/usr/lib/llvm-20/lib/libLLVM.so.20.1+0x3c43f37) (BuildId: b856c61f98abf0989f157f153740fe0fadfbb760)
    #3 0x7ff5c7b61710  (/usr/lib/llvm-20/lib/libLLVM.so.20.1+0x3c45710) (BuildId: b856c61f98abf0989f157f153740fe0fadfbb760)
    #4 0x7ff5c7b62b2c  (/usr/lib/llvm-20/lib/libLLVM.so.20.1+0x3c46b2c) (BuildId: b856c61f98abf0989f157f153740fe0fadfbb760)
    #5 0x55ca91648523 in llvm::Target::createTargetMachine(llvm::StringRef, llvm::StringRef, llvm::StringRef, llvm::TargetOptions const&, std::optional<llvm::Reloc::Model>, std::optional<llvm::CodeModel::Model>, llvm::CodeGenOptLevel, bool) const /usr/lib/llvm-20/include/llvm/MC/TargetRegistry.h:462:12
    #6 0x55ca9163a09e in tsc::TargetRegistry::initializeAllTargets() /workspace/src/TargetRegistry.cpp:67:41
    #7 0x55ca9162bdcd in tsc::Compiler::initializeLLVM() /workspace/src/Compiler.cpp:349:14
    #8 0x55ca9162b8b7 in tsc::Compiler::Compiler(tsc::CompilerOptions const&) /workspace/src/Compiler.cpp:24:5
    #9 0x55ca915fd7b5 in main /workspace/src/main.cpp:191:18
    #10 0x7ff5c395a337  (/lib/x86_64-linux-gnu/libc.so.6+0x2a337) (BuildId: 467f544f15035abef911999cbc14489edd0555ab)
    #11 0x7ff5c395a3fa in __libc_start_main (/lib/x86_64-linux-gnu/libc.so.6+0x2a3fa) (BuildId: 467f544f15035abef911999cbc14489edd0555ab)
    #12 0x55ca91511b64 in _start (/workspace/build-asan/tsc+0x74b64) (BuildId: 73a10d7cc646a755f705b0ae57418e68578aec2f)

Indirect leak of 792 byte(s) in 1 object(s) allocated from:
    #0 0x55ca915fa191 in operator new(unsigned long) (/workspace/build-asan/tsc+0x15d191) (BuildId: 73a10d7cc646a755f705b0ae57418e68578aec2f)
    #1 0x7ff5c70d7bd0 in std::vector<std::vector<unsigned short, std::allocator<unsigned short>>, std::allocator<std::vector<unsigned short, std::allocator<unsigned short>>>>::_M_default_append(unsigned long) (/usr/lib/llvm-20/lib/libLLVM.so.20.1+0x31bbbd0) (BuildId: b856c61f98abf0989f157f153740fe0fadfbb760)
    #2 0x7ff5c7bc5513  (/usr/lib/llvm-20/lib/libLLVM.so.20.1+0x3ca9513) (BuildId: b856c61f98abf0989f157f153740fe0fadfbb760)
    #3 0x7ff5c52d06be in llvm::CodeGenTargetMachineImpl::initAsmInfo() (/usr/lib/llvm-20/lib/libLLVM.so.20.1+0x13b46be) (BuildId: b856c61f98abf0989f157f153740fe0fadfbb760)
    #4 0x7ff5c7bc1f78  (/usr/lib/llvm-20/lib/libLLVM.so.20.1+0x3ca5f78) (BuildId: b856c61f98abf0989f157f153740fe0fadfbb760)
    #5 0x7ff5c7bc234a  (/usr/lib/llvm-20/lib/libLLVM.so.20.1+0x3ca634a) (BuildId: b856c61f98abf0989f157f153740fe0fadfbb760)
    #6 0x55ca91648523 in llvm::Target::createTargetMachine(llvm::StringRef, llvm::StringRef, llvm::StringRef, llvm::TargetOptions const&, std::optional<llvm::Reloc::Model>, std::optional<llvm::CodeModel::Model>, llvm::CodeGenOptLevel, bool) const /usr/lib/llvm-20/include/llvm/MC/TargetRegistry.h:462:12
    #7 0x55ca9163a09e in tsc::TargetRegistry::initializeAllTargets() /workspace/src/TargetRegistry.cpp:67:41
    #8 0x55ca9162bdcd in tsc::Compiler::initializeLLVM() /workspace/src/Compiler.cpp:349:14
    #9 0x55ca9162b8b7 in tsc::Compiler::Compiler(tsc::CompilerOptions const&) /workspace/src/Compiler.cpp:24:5
    #10 0x55ca915fd7b5 in main /workspace/src/main.cpp:191:18
    #11 0x7ff5c395a337  (/lib/x86_64-linux-gnu/libc.so.6+0x2a337) (BuildId: 467f544f15035abef911999cbc14489edd0555ab)
    #12 0x7ff5c395a3fa in __libc_start_main (/lib/x86_64-linux-gnu/libc.so.6+0x2a3fa) (BuildId: 467f544f15035abef911999cbc14489edd0555ab)
    #13 0x55ca91511b64 in _start (/workspace/build-asan/tsc+0x74b64) (BuildId: 73a10d7cc646a755f705b0ae57418e68578aec2f)

Indirect leak of 792 byte(s) in 1 object(s) allocated from:
    #0 0x55ca915fa191 in operator new(unsigned long) (/workspace/build-asan/tsc+0x15d191) (BuildId: 73a10d7cc646a755f705b0ae57418e68578aec2f)
    #1 0x7ff5c70d7bd0 in std::vector<std::vector<unsigned short, std::allocator<unsigned short>>, std::allocator<std::vector<unsigned short, std::allocator<unsigned short>>>>::_M_default_append(unsigned long) (/usr/lib/llvm-20/lib/libLLVM.so.20.1+0x31bbbd0) (BuildId: b856c61f98abf0989f157f153740fe0fadfbb760)
    #2 0x7ff5c7bc0691  (/usr/lib/llvm-20/lib/libLLVM.so.20.1+0x3ca4691) (BuildId: b856c61f98abf0989f157f153740fe0fadfbb760)
    #3 0x7ff5c7bc07dc  (/usr/lib/llvm-20/lib/libLLVM.so.20.1+0x3ca47dc) (BuildId: b856c61f98abf0989f157f153740fe0fadfbb760)
    #4 0x7ff5c7bc130c  (/usr/lib/llvm-20/lib/libLLVM.so.20.1+0x3ca530c) (BuildId: b856c61f98abf0989f157f153740fe0fadfbb760)
    #5 0x7ff5c7bc1f46  (/usr/lib/llvm-20/lib/libLLVM.so.20.1+0x3ca5f46) (BuildId: b856c61f98abf0989f157f153740fe0fadfbb760)
    #6 0x7ff5c7bc234a  (/usr/lib/llvm-20/lib/libLLVM.so.20.1+0x3ca634a) (BuildId: b856c61f98abf0989f157f153740fe0fadfbb760)
    #7 0x55ca91648523 in llvm::Target::createTargetMachine(llvm::StringRef, llvm::StringRef, llvm::StringRef, llvm::TargetOptions const&, std::optional<llvm::Reloc::Model>, std::optional<llvm::CodeModel::Model>, llvm::CodeGenOptLevel, bool) const /usr/lib/llvm-20/include/llvm/MC/TargetRegistry.h:462:12
    #8 0x55ca9163a09e in tsc::TargetRegistry::initializeAllTargets() /workspace/src/TargetRegistry.cpp:67:41
    #9 0x55ca9162bdcd in tsc::Compiler::initializeLLVM() /workspace/src/Compiler.cpp:349:14
    #10 0x55ca9162b8b7 in tsc::Compiler::Compiler(tsc::CompilerOptions const&) /workspace/src/Compiler.cpp:24:5
    #11 0x55ca915fd7b5 in main /workspace/src/main.cpp:191:18
    #12 0x7ff5c395a337  (/lib/x86_64-linux-gnu/libc.so.6+0x2a337) (BuildId: 467f544f15035abef911999cbc14489edd0555ab)
    #13 0x7ff5c395a3fa in __libc_start_main (/lib/x86_64-linux-gnu/libc.so.6+0x2a3fa) (BuildId: 467f544f15035abef911999cbc14489edd0555ab)
    #14 0x55ca91511b64 in _start (/workspace/build-asan/tsc+0x74b64) (BuildId: 73a10d7cc646a755f705b0ae57418e68578aec2f)

Indirect leak of 720 byte(s) in 2 object(s) allocated from:
    #0 0x55ca915b5858 in malloc (/workspace/build-asan/tsc+0x118858) (BuildId: 73a10d7cc646a755f705b0ae57418e68578aec2f)
    #1 0x7ff5c4ec87d6 in llvm::SmallVectorBase<unsigned int>::mallocForGrow(void*, unsigned long, unsigned long, unsigned long&) (/usr/lib/llvm-20/lib/libLLVM.so.20.1+0xfac7d6) (BuildId: b856c61f98abf0989f157f153740fe0fadfbb760)
    #2 0x7ff5c6f39a5c  (/usr/lib/llvm-20/lib/libLLVM.so.20.1+0x301da5c) (BuildId: b856c61f98abf0989f157f153740fe0fadfbb760)
    #3 0x7ff5c6f39a01  (/usr/lib/llvm-20/lib/libLLVM.so.20.1+0x301da01) (BuildId: b856c61f98abf0989f157f153740fe0fadfbb760)
    #4 0x7ff5c6f39cfe  (/usr/lib/llvm-20/lib/libLLVM.so.20.1+0x301dcfe) (BuildId: b856c61f98abf0989f157f153740fe0fadfbb760)
    #5 0x7ff5c6f34781  (/usr/lib/llvm-20/lib/libLLVM.so.20.1+0x3018781) (BuildId: b856c61f98abf0989f157f153740fe0fadfbb760)
    #6 0x7ff5c7b29e21  (/usr/lib/llvm-20/lib/libLLVM.so.20.1+0x3c0de21) (BuildId: b856c61f98abf0989f157f153740fe0fadfbb760)
    #7 0x7ff5c7b6091a  (/usr/lib/llvm-20/lib/libLLVM.so.20.1+0x3c4491a) (BuildId: b856c61f98abf0989f157f153740fe0fadfbb760)
    #8 0x7ff5c7b61a19  (/usr/lib/llvm-20/lib/libLLVM.so.20.1+0x3c45a19) (BuildId: b856c61f98abf0989f157f153740fe0fadfbb760)
    #9 0x7ff5c7b62b2c  (/usr/lib/llvm-20/lib/libLLVM.so.20.1+0x3c46b2c) (BuildId: b856c61f98abf0989f157f153740fe0fadfbb760)
    #10 0x55ca91648523 in llvm::Target::createTargetMachine(llvm::StringRef, llvm::StringRef, llvm::StringRef, llvm::TargetOptions const&, std::optional<llvm::Reloc::Model>, std::optional<llvm::CodeModel::Model>, llvm::CodeGenOptLevel, bool) const /usr/lib/llvm-20/include/llvm/MC/TargetRegistry.h:462:12
    #11 0x55ca9163a09e in tsc::TargetRegistry::initializeAllTargets() /workspace/src/TargetRegistry.cpp:67:41
    #12 0x55ca9162bdcd in tsc::Compiler::initializeLLVM() /workspace/src/Compiler.cpp:349:14
    #13 0x55ca9162b8b7 in tsc::Compiler::Compiler(tsc::CompilerOptions const&) /workspace/src/Compiler.cpp:24:5
    #14 0x55ca915fd7b5 in main /workspace/src/main.cpp:191:18
    #15 0x7ff5c395a337  (/lib/x86_64-linux-gnu/libc.so.6+0x2a337) (BuildId: 467f544f15035abef911999cbc14489edd0555ab)
    #16 0x7ff5c395a3fa in __libc_start_main (/lib/x86_64-linux-gnu/libc.so.6+0x2a3fa) (BuildId: 467f544f15035abef911999cbc14489edd0555ab)
    #17 0x55ca91511b64 in _start (/workspace/build-asan/tsc+0x74b64) (BuildId: 73a10d7cc646a755f705b0ae57418e68578aec2f)

Indirect leak of 720 byte(s) in 2 object(s) allocated from:
    #0 0x55ca915b5858 in malloc (/workspace/build-asan/tsc+0x118858) (BuildId: 73a10d7cc646a755f705b0ae57418e68578aec2f)
    #1 0x7ff5c4ec87d6 in llvm::SmallVectorBase<unsigned int>::mallocForGrow(void*, unsigned long, unsigned long, unsigned long&) (/usr/lib/llvm-20/lib/libLLVM.so.20.1+0xfac7d6) (BuildId: b856c61f98abf0989f157f153740fe0fadfbb760)
    #2 0x7ff5c6f39a5c  (/usr/lib/llvm-20/lib/libLLVM.so.20.1+0x301da5c) (BuildId: b856c61f98abf0989f157f153740fe0fadfbb760)
    #3 0x7ff5c6f39a01  (/usr/lib/llvm-20/lib/libLLVM.so.20.1+0x301da01) (BuildId: b856c61f98abf0989f157f153740fe0fadfbb760)
    #4 0x7ff5c6f39cfe  (/usr/lib/llvm-20/lib/libLLVM.so.20.1+0x301dcfe) (BuildId: b856c61f98abf0989f157f153740fe0fadfbb760)
    #5 0x7ff5c6f34f81  (/usr/lib/llvm-20/lib/libLLVM.so.20.1+0x3018f81) (BuildId: b856c61f98abf0989f157f153740fe0fadfbb760)
    #6 0x7ff5c7b292dc  (/usr/lib/llvm-20/lib/libLLVM.so.20.1+0x3c0d2dc) (BuildId: b856c61f98abf0989f157f153740fe0fadfbb760)
    #7 0x7ff5c7b6091a  (/usr/lib/llvm-20/lib/libLLVM.so.20.1+0x3c4491a) (BuildId: b856c61f98abf0989f157f153740fe0fadfbb760)
    #8 0x7ff5c7b61a19  (/usr/lib/llvm-20/lib/libLLVM.so.20.1+0x3c45a19) (BuildId: b856c61f98abf0989f157f153740fe0fadfbb760)
    #9 0x7ff5c7b62b2c  (/usr/lib/llvm-20/lib/libLLVM.so.20.1+0x3c46b2c) (BuildId: b856c61f98abf0989f157f153740fe0fadfbb760)
    #10 0x55ca91648523 in llvm::Target::createTargetMachine(llvm::StringRef, llvm::StringRef, llvm::StringRef, llvm::TargetOptions const&, std::optional<llvm::Reloc::Model>, std::optional<llvm::CodeModel::Model>, llvm::CodeGenOptLevel, bool) const /usr/lib/llvm-20/include/llvm/MC/TargetRegistry.h:462:12
    #11 0x55ca9163a09e in tsc::TargetRegistry::initializeAllTargets() /workspace/src/TargetRegistry.cpp:67:41
    #12 0x55ca9162bdcd in tsc::Compiler::initializeLLVM() /workspace/src/Compiler.cpp:349:14
    #13 0x55ca9162b8b7 in tsc::Compiler::Compiler(tsc::CompilerOptions const&) /workspace/src/Compiler.cpp:24:5
    #14 0x55ca915fd7b5 in main /workspace/src/main.cpp:191:18
    #15 0x7ff5c395a337  (/lib/x86_64-linux-gnu/libc.so.6+0x2a337) (BuildId: 467f544f15035abef911999cbc14489edd0555ab)
    #16 0x7ff5c395a3fa in __libc_start_main (/lib/x86_64-linux-gnu/libc.so.6+0x2a3fa) (BuildId: 467f544f15035abef911999cbc14489edd0555ab)
    #17 0x55ca91511b64 in _start (/workspace/build-asan/tsc+0x74b64) (BuildId: 73a10d7cc646a755f705b0ae57418e68578aec2f)

Indirect leak of 720 byte(s) in 2 object(s) allocated from:
    #0 0x55ca915b5858 in malloc (/workspace/build-asan/tsc+0x118858) (BuildId: 73a10d7cc646a755f705b0ae57418e68578aec2f)
    #1 0x7ff5c4ec87d6 in llvm::SmallVectorBase<unsigned int>::mallocForGrow(void*, unsigned long, unsigned long, unsigned long&) (/usr/lib/llvm-20/lib/libLLVM.so.20.1+0xfac7d6) (BuildId: b856c61f98abf0989f157f153740fe0fadfbb760)
    #2 0x7ff5c6f39a5c  (/usr/lib/llvm-20/lib/libLLVM.so.20.1+0x301da5c) (BuildId: b856c61f98abf0989f157f153740fe0fadfbb760)
    #3 0x7ff5c6f39a01  (/usr/lib/llvm-20/lib/libLLVM.so.20.1+0x301da01) (BuildId: b856c61f98abf0989f157f153740fe0fadfbb760)
    #4 0x7ff5c6f39cfe  (/usr/lib/llvm-20/lib/libLLVM.so.20.1+0x301dcfe) (BuildId: b856c61f98abf0989f157f153740fe0fadfbb760)
    #5 0x7ff5c6f34781  (/usr/lib/llvm-20/lib/libLLVM.so.20.1+0x3018781) (BuildId: b856c61f98abf0989f157f153740fe0fadfbb760)
    #6 0x7ff5c7b29e21  (/usr/lib/llvm-20/lib/libLLVM.so.20.1+0x3c0de21) (BuildId: b856c61f98abf0989f157f153740fe0fadfbb760)
    #7 0x7ff5c7b6091a  (/usr/lib/llvm-20/lib/libLLVM.so.20.1+0x3c4491a) (BuildId: b856c61f98abf0989f157f153740fe0fadfbb760)
    #8 0x7ff5c7b61a19  (/usr/lib/llvm-20/lib/libLLVM.so.20.1+0x3c45a19) (BuildId: b856c61f98abf0989f157f153740fe0fadfbb760)
    #9 0x7ff5c7b62a6c  (/usr/lib/llvm-20/lib/libLLVM.so.20.1+0x3c46a6c) (BuildId: b856c61f98abf0989f157f153740fe0fadfbb760)
    #10 0x55ca91648523 in llvm::Target::createTargetMachine(llvm::StringRef, llvm::StringRef, llvm::StringRef, llvm::TargetOptions const&, std::optional<llvm::Reloc::Model>, std::optional<llvm::CodeModel::Model>, llvm::CodeGenOptLevel, bool) const /usr/lib/llvm-20/include/llvm/MC/TargetRegistry.h:462:12
    #11 0x55ca9163a09e in tsc::TargetRegistry::initializeAllTargets() /workspace/src/TargetRegistry.cpp:67:41
    #12 0x55ca9162bdcd in tsc::Compiler::initializeLLVM() /workspace/src/Compiler.cpp:349:14
    #13 0x55ca9162b8b7 in tsc::Compiler::Compiler(tsc::CompilerOptions const&) /workspace/src/Compiler.cpp:24:5
    #14 0x55ca915fd7b5 in main /workspace/src/main.cpp:191:18
    #15 0x7ff5c395a337  (/lib/x86_64-linux-gnu/libc.so.6+0x2a337) (BuildId: 467f544f15035abef911999cbc14489edd0555ab)
    #16 0x7ff5c395a3fa in __libc_start_main (/lib/x86_64-linux-gnu/libc.so.6+0x2a3fa) (BuildId: 467f544f15035abef911999cbc14489edd0555ab)
    #17 0x55ca91511b64 in _start (/workspace/build-asan/tsc+0x74b64) (BuildId: 73a10d7cc646a755f705b0ae57418e68578aec2f)

Indirect leak of 720 byte(s) in 2 object(s) allocated from:
    #0 0x55ca915b5858 in malloc (/workspace/build-asan/tsc+0x118858) (BuildId: 73a10d7cc646a755f705b0ae57418e68578aec2f)
    #1 0x7ff5c4ec87d6 in llvm::SmallVectorBase<unsigned int>::mallocForGrow(void*, unsigned long, unsigned long, unsigned long&) (/usr/lib/llvm-20/lib/libLLVM.so.20.1+0xfac7d6) (BuildId: b856c61f98abf0989f157f153740fe0fadfbb760)
    #2 0x7ff5c6f39a5c  (/usr/lib/llvm-20/lib/libLLVM.so.20.1+0x301da5c) (BuildId: b856c61f98abf0989f157f153740fe0fadfbb760)
    #3 0x7ff5c6f39a01  (/usr/lib/llvm-20/lib/libLLVM.so.20.1+0x301da01) (BuildId: b856c61f98abf0989f157f153740fe0fadfbb760)
    #4 0x7ff5c6f39cfe  (/usr/lib/llvm-20/lib/libLLVM.so.20.1+0x301dcfe) (BuildId: b856c61f98abf0989f157f153740fe0fadfbb760)
    #5 0x7ff5c6f34f81  (/usr/lib/llvm-20/lib/libLLVM.so.20.1+0x3018f81) (BuildId: b856c61f98abf0989f157f153740fe0fadfbb760)
    #6 0x7ff5c7b285ef  (/usr/lib/llvm-20/lib/libLLVM.so.20.1+0x3c0c5ef) (BuildId: b856c61f98abf0989f157f153740fe0fadfbb760)
    #7 0x7ff5c7b6091a  (/usr/lib/llvm-20/lib/libLLVM.so.20.1+0x3c4491a) (BuildId: b856c61f98abf0989f157f153740fe0fadfbb760)
    #8 0x7ff5c7b61a19  (/usr/lib/llvm-20/lib/libLLVM.so.20.1+0x3c45a19) (BuildId: b856c61f98abf0989f157f153740fe0fadfbb760)
    #9 0x7ff5c7b62b2c  (/usr/lib/llvm-20/lib/libLLVM.so.20.1+0x3c46b2c) (BuildId: b856c61f98abf0989f157f153740fe0fadfbb760)
    #10 0x55ca91648523 in llvm::Target::createTargetMachine(llvm::StringRef, llvm::StringRef, llvm::StringRef, llvm::TargetOptions const&, std::optional<llvm::Reloc::Model>, std::optional<llvm::CodeModel::Model>, llvm::CodeGenOptLevel, bool) const /usr/lib/llvm-20/include/llvm/MC/TargetRegistry.h:462:12
    #11 0x55ca9163a09e in tsc::TargetRegistry::initializeAllTargets() /workspace/src/TargetRegistry.cpp:67:41
    #12 0x55ca9162bdcd in tsc::Compiler::initializeLLVM() /workspace/src/Compiler.cpp:349:14
    #13 0x55ca9162b8b7 in tsc::Compiler::Compiler(tsc::CompilerOptions const&) /workspace/src/Compiler.cpp:24:5
    #14 0x55ca915fd7b5 in main /workspace/src/main.cpp:191:18
    #15 0x7ff5c395a337  (/lib/x86_64-linux-gnu/libc.so.6+0x2a337) (BuildId: 467f544f15035abef911999cbc14489edd0555ab)
    #16 0x7ff5c395a3fa in __libc_start_main (/lib/x86_64-linux-gnu/libc.so.6+0x2a3fa) (BuildId: 467f544f15035abef911999cbc14489edd0555ab)
    #17 0x55ca91511b64 in _start (/workspace/build-asan/tsc+0x74b64) (BuildId: 73a10d7cc646a755f705b0ae57418e68578aec2f)

Indirect leak of 720 byte(s) in 2 object(s) allocated from:
    #0 0x55ca915b5858 in malloc (/workspace/build-asan/tsc+0x118858) (BuildId: 73a10d7cc646a755f705b0ae57418e68578aec2f)
    #1 0x7ff5c4ec87d6 in llvm::SmallVectorBase<unsigned int>::mallocForGrow(void*, unsigned long, unsigned long, unsigned long&) (/usr/lib/llvm-20/lib/libLLVM.so.20.1+0xfac7d6) (BuildId: b856c61f98abf0989f157f153740fe0fadfbb760)
    #2 0x7ff5c6f39a5c  (/usr/lib/llvm-20/lib/libLLVM.so.20.1+0x301da5c) (BuildId: b856c61f98abf0989f157f153740fe0fadfbb760)
    #3 0x7ff5c6f39a01  (/usr/lib/llvm-20/lib/libLLVM.so.20.1+0x301da01) (BuildId: b856c61f98abf0989f157f153740fe0fadfbb760)
    #4 0x7ff5c6f39cfe  (/usr/lib/llvm-20/lib/libLLVM.so.20.1+0x301dcfe) (BuildId: b856c61f98abf0989f157f153740fe0fadfbb760)
    #5 0x7ff5c6f34781  (/usr/lib/llvm-20/lib/libLLVM.so.20.1+0x3018781) (BuildId: b856c61f98abf0989f157f153740fe0fadfbb760)
    #6 0x7ff5c7b29e21  (/usr/lib/llvm-20/lib/libLLVM.so.20.1+0x3c0de21) (BuildId: b856c61f98abf0989f157f153740fe0fadfbb760)
    #7 0x7ff5c7b6091a  (/usr/lib/llvm-20/lib/libLLVM.so.20.1+0x3c4491a) (BuildId: b856c61f98abf0989f157f153740fe0fadfbb760)
    #8 0x7ff5c7b61710  (/usr/lib/llvm-20/lib/libLLVM.so.20.1+0x3c45710) (BuildId: b856c61f98abf0989f157f153740fe0fadfbb760)
    #9 0x7ff5c7b62a6c  (/usr/lib/llvm-20/lib/libLLVM.so.20.1+0x3c46a6c) (BuildId: b856c61f98abf0989f157f153740fe0fadfbb760)
    #10 0x55ca91648523 in llvm::Target::createTargetMachine(llvm::StringRef, llvm::StringRef, llvm::StringRef, llvm::TargetOptions const&, std::optional<llvm::Reloc::Model>, std::optional<llvm::CodeModel::Model>, llvm::CodeGenOptLevel, bool) const /usr/lib/llvm-20/include/llvm/MC/TargetRegistry.h:462:12
    #11 0x55ca9163a09e in tsc::TargetRegistry::initializeAllTargets() /workspace/src/TargetRegistry.cpp:67:41
    #12 0x55ca9162bdcd in tsc::Compiler::initializeLLVM() /workspace/src/Compiler.cpp:349:14
    #13 0x55ca9162b8b7 in tsc::Compiler::Compiler(tsc::CompilerOptions const&) /workspace/src/Compiler.cpp:24:5
    #14 0x55ca915fd7b5 in main /workspace/src/main.cpp:191:18
    #15 0x7ff5c395a337  (/lib/x86_64-linux-gnu/libc.so.6+0x2a337) (BuildId: 467f544f15035abef911999cbc14489edd0555ab)
    #16 0x7ff5c395a3fa in __libc_start_main (/lib/x86_64-linux-gnu/libc.so.6+0x2a3fa) (BuildId: 467f544f15035abef911999cbc14489edd0555ab)
    #17 0x55ca91511b64 in _start (/workspace/build-asan/tsc+0x74b64) (BuildId: 73a10d7cc646a755f705b0ae57418e68578aec2f)

Indirect leak of 720 byte(s) in 2 object(s) allocated from:
    #0 0x55ca915b5858 in malloc (/workspace/build-asan/tsc+0x118858) (BuildId: 73a10d7cc646a755f705b0ae57418e68578aec2f)
    #1 0x7ff5c4ec87d6 in llvm::SmallVectorBase<unsigned int>::mallocForGrow(void*, unsigned long, unsigned long, unsigned long&) (/usr/lib/llvm-20/lib/libLLVM.so.20.1+0xfac7d6) (BuildId: b856c61f98abf0989f157f153740fe0fadfbb760)
    #2 0x7ff5c6f39a5c  (/usr/lib/llvm-20/lib/libLLVM.so.20.1+0x301da5c) (BuildId: b856c61f98abf0989f157f153740fe0fadfbb760)
    #3 0x7ff5c6f39a01  (/usr/lib/llvm-20/lib/libLLVM.so.20.1+0x301da01) (BuildId: b856c61f98abf0989f157f153740fe0fadfbb760)
    #4 0x7ff5c6f398a6  (/usr/lib/llvm-20/lib/libLLVM.so.20.1+0x301d8a6) (BuildId: b856c61f98abf0989f157f153740fe0fadfbb760)
    #5 0x7ff5c7b29106  (/usr/lib/llvm-20/lib/libLLVM.so.20.1+0x3c0d106) (BuildId: b856c61f98abf0989f157f153740fe0fadfbb760)
    #6 0x7ff5c7b6091a  (/usr/lib/llvm-20/lib/libLLVM.so.20.1+0x3c4491a) (BuildId: b856c61f98abf0989f157f153740fe0fadfbb760)
    #7 0x7ff5c7b6188a  (/usr/lib/llvm-20/lib/libLLVM.so.20.1+0x3c4588a) (BuildId: b856c61f98abf0989f157f153740fe0fadfbb760)
    #8 0x7ff5c7b62a6c  (/usr/lib/llvm-20/lib/libLLVM.so.20.1+0x3c46a6c) (BuildId: b856c61f98abf0989f157f153740fe0fadfbb760)
    #9 0x55ca91648523 in llvm::Target::createTargetMachine(llvm::StringRef, llvm::StringRef, llvm::StringRef, llvm::TargetOptions const&, std::optional<llvm::Reloc::Model>, std::optional<llvm::CodeModel::Model>, llvm::CodeGenOptLevel, bool) const /usr/lib/llvm-20/include/llvm/MC/TargetRegistry.h:462:12
    #10 0x55ca9163a09e in tsc::TargetRegistry::initializeAllTargets() /workspace/src/TargetRegistry.cpp:67:41
    #11 0x55ca9162bdcd in tsc::Compiler::initializeLLVM() /workspace/src/Compiler.cpp:349:14
    #12 0x55ca9162b8b7 in tsc::Compiler::Compiler(tsc::CompilerOptions const&) /workspace/src/Compiler.cpp:24:5
    #13 0x55ca915fd7b5 in main /workspace/src/main.cpp:191:18
    #14 0x7ff5c395a337  (/lib/x86_64-linux-gnu/libc.so.6+0x2a337) (BuildId: 467f544f15035abef911999cbc14489edd0555ab)
    #15 0x7ff5c395a3fa in __libc_start_main (/lib/x86_64-linux-gnu/libc.so.6+0x2a3fa) (BuildId: 467f544f15035abef911999cbc14489edd0555ab)
    #16 0x55ca91511b64 in _start (/workspace/build-asan/tsc+0x74b64) (BuildId: 73a10d7cc646a755f705b0ae57418e68578aec2f)

Indirect leak of 720 byte(s) in 2 object(s) allocated from:
    #0 0x55ca915b5858 in malloc (/workspace/build-asan/tsc+0x118858) (BuildId: 73a10d7cc646a755f705b0ae57418e68578aec2f)
    #1 0x7ff5c4ec87d6 in llvm::SmallVectorBase<unsigned int>::mallocForGrow(void*, unsigned long, unsigned long, unsigned long&) (/usr/lib/llvm-20/lib/libLLVM.so.20.1+0xfac7d6) (BuildId: b856c61f98abf0989f157f153740fe0fadfbb760)
    #2 0x7ff5c6f39a5c  (/usr/lib/llvm-20/lib/libLLVM.so.20.1+0x301da5c) (BuildId: b856c61f98abf0989f157f153740fe0fadfbb760)
    #3 0x7ff5c6f39a01  (/usr/lib/llvm-20/lib/libLLVM.so.20.1+0x301da01) (BuildId: b856c61f98abf0989f157f153740fe0fadfbb760)
    #4 0x7ff5c6f39cfe  (/usr/lib/llvm-20/lib/libLLVM.so.20.1+0x301dcfe) (BuildId: b856c61f98abf0989f157f153740fe0fadfbb760)
    #5 0x7ff5c6f34f81  (/usr/lib/llvm-20/lib/libLLVM.so.20.1+0x3018f81) (BuildId: b856c61f98abf0989f157f153740fe0fadfbb760)
    #6 0x7ff5c7b298bc  (/usr/lib/llvm-20/lib/libLLVM.so.20.1+0x3c0d8bc) (BuildId: b856c61f98abf0989f157f153740fe0fadfbb760)
    #7 0x7ff5c7b6091a  (/usr/lib/llvm-20/lib/libLLVM.so.20.1+0x3c4491a) (BuildId: b856c61f98abf0989f157f153740fe0fadfbb760)
    #8 0x7ff5c7b61710  (/usr/lib/llvm-20/lib/libLLVM.so.20.1+0x3c45710) (BuildId: b856c61f98abf0989f157f153740fe0fadfbb760)
    #9 0x7ff5c7b62b2c  (/usr/lib/llvm-20/lib/libLLVM.so.20.1+0x3c46b2c) (BuildId: b856c61f98abf0989f157f153740fe0fadfbb760)
    #10 0x55ca91648523 in llvm::Target::createTargetMachine(llvm::StringRef, llvm::StringRef, llvm::StringRef, llvm::TargetOptions const&, std::optional<llvm::Reloc::Model>, std::optional<llvm::CodeModel::Model>, llvm::CodeGenOptLevel, bool) const /usr/lib/llvm-20/include/llvm/MC/TargetRegistry.h:462:12
    #11 0x55ca9163a09e in tsc::TargetRegistry::initializeAllTargets() /workspace/src/TargetRegistry.cpp:67:41
    #12 0x55ca9162bdcd in tsc::Compiler::initializeLLVM() /workspace/src/Compiler.cpp:349:14
    #13 0x55ca9162b8b7 in tsc::Compiler::Compiler(tsc::CompilerOptions const&) /workspace/src/Compiler.cpp:24:5
    #14 0x55ca915fd7b5 in main /workspace/src/main.cpp:191:18
    #15 0x7ff5c395a337  (/lib/x86_64-linux-gnu/libc.so.6+0x2a337) (BuildId: 467f544f15035abef911999cbc14489edd0555ab)
    #16 0x7ff5c395a3fa in __libc_start_main (/lib/x86_64-linux-gnu/libc.so.6+0x2a3fa) (BuildId: 467f544f15035abef911999cbc14489edd0555ab)
    #17 0x55ca91511b64 in _start (/workspace/build-asan/tsc+0x74b64) (BuildId: 73a10d7cc646a755f705b0ae57418e68578aec2f)

Indirect leak of 720 byte(s) in 2 object(s) allocated from:
    #0 0x55ca915b5858 in malloc (/workspace/build-asan/tsc+0x118858) (BuildId: 73a10d7cc646a755f705b0ae57418e68578aec2f)
    #1 0x7ff5c4ec87d6 in llvm::SmallVectorBase<unsigned int>::mallocForGrow(void*, unsigned long, unsigned long, unsigned long&) (/usr/lib/llvm-20/lib/libLLVM.so.20.1+0xfac7d6) (BuildId: b856c61f98abf0989f157f153740fe0fadfbb760)
    #2 0x7ff5c6f39a5c  (/usr/lib/llvm-20/lib/libLLVM.so.20.1+0x301da5c) (BuildId: b856c61f98abf0989f157f153740fe0fadfbb760)
    #3 0x7ff5c6f39a01  (/usr/lib/llvm-20/lib/libLLVM.so.20.1+0x301da01) (BuildId: b856c61f98abf0989f157f153740fe0fadfbb760)
    #4 0x7ff5c6f39cfe  (/usr/lib/llvm-20/lib/libLLVM.so.20.1+0x301dcfe) (BuildId: b856c61f98abf0989f157f153740fe0fadfbb760)
    #5 0x7ff5c6f34f81  (/usr/lib/llvm-20/lib/libLLVM.so.20.1+0x3018f81) (BuildId: b856c61f98abf0989f157f153740fe0fadfbb760)
    #6 0x7ff5c7b296f5  (/usr/lib/llvm-20/lib/libLLVM.so.20.1+0x3c0d6f5) (BuildId: b856c61f98abf0989f157f153740fe0fadfbb760)
    #7 0x7ff5c7b6091a  (/usr/lib/llvm-20/lib/libLLVM.so.20.1+0x3c4491a) (BuildId: b856c61f98abf0989f157f153740fe0fadfbb760)
    #8 0x7ff5c7b61710  (/usr/lib/llvm-20/lib/libLLVM.so.20.1+0x3c45710) (BuildId: b856c61f98abf0989f157f153740fe0fadfbb760)
    #9 0x7ff5c7b62b2c  (/usr/lib/llvm-20/lib/libLLVM.so.20.1+0x3c46b2c) (BuildId: b856c61f98abf0989f157f153740fe0fadfbb760)
    #10 0x55ca91648523 in llvm::Target::createTargetMachine(llvm::StringRef, llvm::StringRef, llvm::StringRef, llvm::TargetOptions const&, std::optional<llvm::Reloc::Model>, std::optional<llvm::CodeModel::Model>, llvm::CodeGenOptLevel, bool) const /usr/lib/llvm-20/include/llvm/MC/TargetRegistry.h:462:12
    #11 0x55ca9163a09e in tsc::TargetRegistry::initializeAllTargets() /workspace/src/TargetRegistry.cpp:67:41
    #12 0x55ca9162bdcd in tsc::Compiler::initializeLLVM() /workspace/src/Compiler.cpp:349:14
    #13 0x55ca9162b8b7 in tsc::Compiler::Compiler(tsc::CompilerOptions const&) /workspace/src/Compiler.cpp:24:5
    #14 0x55ca915fd7b5 in main /workspace/src/main.cpp:191:18
    #15 0x7ff5c395a337  (/lib/x86_64-linux-gnu/libc.so.6+0x2a337) (BuildId: 467f544f15035abef911999cbc14489edd0555ab)
    #16 0x7ff5c395a3fa in __libc_start_main (/lib/x86_64-linux-gnu/libc.so.6+0x2a3fa) (BuildId: 467f544f15035abef911999cbc14489edd0555ab)
    #17 0x55ca91511b64 in _start (/workspace/build-asan/tsc+0x74b64) (BuildId: 73a10d7cc646a755f705b0ae57418e68578aec2f)

Indirect leak of 720 byte(s) in 2 object(s) allocated from:
    #0 0x55ca915b5858 in malloc (/workspace/build-asan/tsc+0x118858) (BuildId: 73a10d7cc646a755f705b0ae57418e68578aec2f)
    #1 0x7ff5c4ec87d6 in llvm::SmallVectorBase<unsigned int>::mallocForGrow(void*, unsigned long, unsigned long, unsigned long&) (/usr/lib/llvm-20/lib/libLLVM.so.20.1+0xfac7d6) (BuildId: b856c61f98abf0989f157f153740fe0fadfbb760)
    #2 0x7ff5c6f39a5c  (/usr/lib/llvm-20/lib/libLLVM.so.20.1+0x301da5c) (BuildId: b856c61f98abf0989f157f153740fe0fadfbb760)
    #3 0x7ff5c6f39a01  (/usr/lib/llvm-20/lib/libLLVM.so.20.1+0x301da01) (BuildId: b856c61f98abf0989f157f153740fe0fadfbb760)
    #4 0x7ff5c6f39cfe  (/usr/lib/llvm-20/lib/libLLVM.so.20.1+0x301dcfe) (BuildId: b856c61f98abf0989f157f153740fe0fadfbb760)
    #5 0x7ff5c6f34f81  (/usr/lib/llvm-20/lib/libLLVM.so.20.1+0x3018f81) (BuildId: b856c61f98abf0989f157f153740fe0fadfbb760)
    #6 0x7ff5c7b28bb9  (/usr/lib/llvm-20/lib/libLLVM.so.20.1+0x3c0cbb9) (BuildId: b856c61f98abf0989f157f153740fe0fadfbb760)
    #7 0x7ff5c7b6091a  (/usr/lib/llvm-20/lib/libLLVM.so.20.1+0x3c4491a) (BuildId: b856c61f98abf0989f157f153740fe0fadfbb760)
    #8 0x7ff5c7b61710  (/usr/lib/llvm-20/lib/libLLVM.so.20.1+0x3c45710) (BuildId: b856c61f98abf0989f157f153740fe0fadfbb760)
    #9 0x7ff5c7b62b2c  (/usr/lib/llvm-20/lib/libLLVM.so.20.1+0x3c46b2c) (BuildId: b856c61f98abf0989f157f153740fe0fadfbb760)
    #10 0x55ca91648523 in llvm::Target::createTargetMachine(llvm::StringRef, llvm::StringRef, llvm::StringRef, llvm::TargetOptions const&, std::optional<llvm::Reloc::Model>, std::optional<llvm::CodeModel::Model>, llvm::CodeGenOptLevel, bool) const /usr/lib/llvm-20/include/llvm/MC/TargetRegistry.h:462:12
    #11 0x55ca9163a09e in tsc::TargetRegistry::initializeAllTargets() /workspace/src/TargetRegistry.cpp:67:41
    #12 0x55ca9162bdcd in tsc::Compiler::initializeLLVM() /workspace/src/Compiler.cpp:349:14
    #13 0x55ca9162b8b7 in tsc::Compiler::Compiler(tsc::CompilerOptions const&) /workspace/src/Compiler.cpp:24:5
    #14 0x55ca915fd7b5 in main /workspace/src/main.cpp:191:18
    #15 0x7ff5c395a337  (/lib/x86_64-linux-gnu/libc.so.6+0x2a337) (BuildId: 467f544f15035abef911999cbc14489edd0555ab)
    #16 0x7ff5c395a3fa in __libc_start_main (/lib/x86_64-linux-gnu/libc.so.6+0x2a3fa) (BuildId: 467f544f15035abef911999cbc14489edd0555ab)
    #17 0x55ca91511b64 in _start (/workspace/build-asan/tsc+0x74b64) (BuildId: 73a10d7cc646a755f705b0ae57418e68578aec2f)

Indirect leak of 720 byte(s) in 2 object(s) allocated from:
    #0 0x55ca915b5858 in malloc (/workspace/build-asan/tsc+0x118858) (BuildId: 73a10d7cc646a755f705b0ae57418e68578aec2f)
    #1 0x7ff5c4ec87d6 in llvm::SmallVectorBase<unsigned int>::mallocForGrow(void*, unsigned long, unsigned long, unsigned long&) (/usr/lib/llvm-20/lib/libLLVM.so.20.1+0xfac7d6) (BuildId: b856c61f98abf0989f157f153740fe0fadfbb760)
    #2 0x7ff5c6f39a5c  (/usr/lib/llvm-20/lib/libLLVM.so.20.1+0x301da5c) (BuildId: b856c61f98abf0989f157f153740fe0fadfbb760)
    #3 0x7ff5c6f39a01  (/usr/lib/llvm-20/lib/libLLVM.so.20.1+0x301da01) (BuildId: b856c61f98abf0989f157f153740fe0fadfbb760)
    #4 0x7ff5c6f39cfe  (/usr/lib/llvm-20/lib/libLLVM.so.20.1+0x301dcfe) (BuildId: b856c61f98abf0989f157f153740fe0fadfbb760)
    #5 0x7ff5c6f34781  (/usr/lib/llvm-20/lib/libLLVM.so.20.1+0x3018781) (BuildId: b856c61f98abf0989f157f153740fe0fadfbb760)
    #6 0x7ff5c7b28924  (/usr/lib/llvm-20/lib/libLLVM.so.20.1+0x3c0c924) (BuildId: b856c61f98abf0989f157f153740fe0fadfbb760)
    #7 0x7ff5c7b6091a  (/usr/lib/llvm-20/lib/libLLVM.so.20.1+0x3c4491a) (BuildId: b856c61f98abf0989f157f153740fe0fadfbb760)
    #8 0x7ff5c7b6188a  (/usr/lib/llvm-20/lib/libLLVM.so.20.1+0x3c4588a) (BuildId: b856c61f98abf0989f157f153740fe0fadfbb760)
    #9 0x7ff5c7b62b2c  (/usr/lib/llvm-20/lib/libLLVM.so.20.1+0x3c46b2c) (BuildId: b856c61f98abf0989f157f153740fe0fadfbb760)
    #10 0x55ca91648523 in llvm::Target::createTargetMachine(llvm::StringRef, llvm::StringRef, llvm::StringRef, llvm::TargetOptions const&, std::optional<llvm::Reloc::Model>, std::optional<llvm::CodeModel::Model>, llvm::CodeGenOptLevel, bool) const /usr/lib/llvm-20/include/llvm/MC/TargetRegistry.h:462:12
    #11 0x55ca9163a09e in tsc::TargetRegistry::initializeAllTargets() /workspace/src/TargetRegistry.cpp:67:41
    #12 0x55ca9162bdcd in tsc::Compiler::initializeLLVM() /workspace/src/Compiler.cpp:349:14
    #13 0x55ca9162b8b7 in tsc::Compiler::Compiler(tsc::CompilerOptions const&) /workspace/src/Compiler.cpp:24:5
    #14 0x55ca915fd7b5 in main /workspace/src/main.cpp:191:18
    #15 0x7ff5c395a337  (/lib/x86_64-linux-gnu/libc.so.6+0x2a337) (BuildId: 467f544f15035abef911999cbc14489edd0555ab)
    #16 0x7ff5c395a3fa in __libc_start_main (/lib/x86_64-linux-gnu/libc.so.6+0x2a3fa) (BuildId: 467f544f15035abef911999cbc14489edd0555ab)
    #17 0x55ca91511b64 in _start (/workspace/build-asan/tsc+0x74b64) (BuildId: 73a10d7cc646a755f705b0ae57418e68578aec2f)

Indirect leak of 720 byte(s) in 2 object(s) allocated from:
    #0 0x55ca915b5858 in malloc (/workspace/build-asan/tsc+0x118858) (BuildId: 73a10d7cc646a755f705b0ae57418e68578aec2f)
    #1 0x7ff5c4ec87d6 in llvm::SmallVectorBase<unsigned int>::mallocForGrow(void*, unsigned long, unsigned long, unsigned long&) (/usr/lib/llvm-20/lib/libLLVM.so.20.1+0xfac7d6) (BuildId: b856c61f98abf0989f157f153740fe0fadfbb760)
    #2 0x7ff5c6f39a5c  (/usr/lib/llvm-20/lib/libLLVM.so.20.1+0x301da5c) (BuildId: b856c61f98abf0989f157f153740fe0fadfbb760)
    #3 0x7ff5c6f39a01  (/usr/lib/llvm-20/lib/libLLVM.so.20.1+0x301da01) (BuildId: b856c61f98abf0989f157f153740fe0fadfbb760)
    #4 0x7ff5c6f39cfe  (/usr/lib/llvm-20/lib/libLLVM.so.20.1+0x301dcfe) (BuildId: b856c61f98abf0989f157f153740fe0fadfbb760)
    #5 0x7ff5c6f34781  (/usr/lib/llvm-20/lib/libLLVM.so.20.1+0x3018781) (BuildId: b856c61f98abf0989f157f153740fe0fadfbb760)
    #6 0x7ff5c7b29d9d  (/usr/lib/llvm-20/lib/libLLVM.so.20.1+0x3c0dd9d) (BuildId: b856c61f98abf0989f157f153740fe0fadfbb760)
    #7 0x7ff5c7b6091a  (/usr/lib/llvm-20/lib/libLLVM.so.20.1+0x3c4491a) (BuildId: b856c61f98abf0989f157f153740fe0fadfbb760)
    #8 0x7ff5c7b6188a  (/usr/lib/llvm-20/lib/libLLVM.so.20.1+0x3c4588a) (BuildId: b856c61f98abf0989f157f153740fe0fadfbb760)
    #9 0x7ff5c7b62a6c  (/usr/lib/llvm-20/lib/libLLVM.so.20.1+0x3c46a6c) (BuildId: b856c61f98abf0989f157f153740fe0fadfbb760)
    #10 0x55ca91648523 in llvm::Target::createTargetMachine(llvm::StringRef, llvm::StringRef, llvm::StringRef, llvm::TargetOptions const&, std::optional<llvm::Reloc::Model>, std::optional<llvm::CodeModel::Model>, llvm::CodeGenOptLevel, bool) const /usr/lib/llvm-20/include/llvm/MC/TargetRegistry.h:462:12
    #11 0x55ca9163a09e in tsc::TargetRegistry::initializeAllTargets() /workspace/src/TargetRegistry.cpp:67:41
    #12 0x55ca9162bdcd in tsc::Compiler::initializeLLVM() /workspace/src/Compiler.cpp:349:14
    #13 0x55ca9162b8b7 in tsc::Compiler::Compiler(tsc::CompilerOptions const&) /workspace/src/Compiler.cpp:24:5
    #14 0x55ca915fd7b5 in main /workspace/src/main.cpp:191:18
    #15 0x7ff5c395a337  (/lib/x86_64-linux-gnu/libc.so.6+0x2a337) (BuildId: 467f544f15035abef911999cbc14489edd0555ab)
    #16 0x7ff5c395a3fa in __libc_start_main (/lib/x86_64-linux-gnu/libc.so.6+0x2a3fa) (BuildId: 467f544f15035abef911999cbc14489edd0555ab)
    #17 0x55ca91511b64 in _start (/workspace/build-asan/tsc+0x74b64) (BuildId: 73a10d7cc646a755f705b0ae57418e68578aec2f)

Indirect leak of 720 byte(s) in 2 object(s) allocated from:
    #0 0x55ca915b5858 in malloc (/workspace/build-asan/tsc+0x118858) (BuildId: 73a10d7cc646a755f705b0ae57418e68578aec2f)
    #1 0x7ff5c4ec87d6 in llvm::SmallVectorBase<unsigned int>::mallocForGrow(void*, unsigned long, unsigned long, unsigned long&) (/usr/lib/llvm-20/lib/libLLVM.so.20.1+0xfac7d6) (BuildId: b856c61f98abf0989f157f153740fe0fadfbb760)
    #2 0x7ff5c6f39a5c  (/usr/lib/llvm-20/lib/libLLVM.so.20.1+0x301da5c) (BuildId: b856c61f98abf0989f157f153740fe0fadfbb760)
    #3 0x7ff5c6f39a01  (/usr/lib/llvm-20/lib/libLLVM.so.20.1+0x301da01) (BuildId: b856c61f98abf0989f157f153740fe0fadfbb760)
    #4 0x7ff5c6f39cfe  (/usr/lib/llvm-20/lib/libLLVM.so.20.1+0x301dcfe) (BuildId: b856c61f98abf0989f157f153740fe0fadfbb760)
    #5 0x7ff5c6f34781  (/usr/lib/llvm-20/lib/libLLVM.so.20.1+0x3018781) (BuildId: b856c61f98abf0989f157f153740fe0fadfbb760)
    #6 0x7ff5c7b28924  (/usr/lib/llvm-20/lib/libLLVM.so.20.1+0x3c0c924) (BuildId: b856c61f98abf0989f157f153740fe0fadfbb760)
    #7 0x7ff5c7b6091a  (/usr/lib/llvm-20/lib/libLLVM.so.20.1+0x3c4491a) (BuildId: b856c61f98abf0989f157f153740fe0fadfbb760)
    #8 0x7ff5c7b6188a  (/usr/lib/llvm-20/lib/libLLVM.so.20.1+0x3c4588a) (BuildId: b856c61f98abf0989f157f153740fe0fadfbb760)
    #9 0x7ff5c7b62a6c  (/usr/lib/llvm-20/lib/libLLVM.so.20.1+0x3c46a6c) (BuildId: b856c61f98abf0989f157f153740fe0fadfbb760)
    #10 0x55ca91648523 in llvm::Target::createTargetMachine(llvm::StringRef, llvm::StringRef, llvm::StringRef, llvm::TargetOptions const&, std::optional<llvm::Reloc::Model>, std::optional<llvm::CodeModel::Model>, llvm::CodeGenOptLevel, bool) const /usr/lib/llvm-20/include/llvm/MC/TargetRegistry.h:462:12
    #11 0x55ca9163a09e in tsc::TargetRegistry::initializeAllTargets() /workspace/src/TargetRegistry.cpp:67:41
    #12 0x55ca9162bdcd in tsc::Compiler::initializeLLVM() /workspace/src/Compiler.cpp:349:14
    #13 0x55ca9162b8b7 in tsc::Compiler::Compiler(tsc::CompilerOptions const&) /workspace/src/Compiler.cpp:24:5
    #14 0x55ca915fd7b5 in main /workspace/src/main.cpp:191:18
    #15 0x7ff5c395a337  (/lib/x86_64-linux-gnu/libc.so.6+0x2a337) (BuildId: 467f544f15035abef911999cbc14489edd0555ab)
    #16 0x7ff5c395a3fa in __libc_start_main (/lib/x86_64-linux-gnu/libc.so.6+0x2a3fa) (BuildId: 467f544f15035abef911999cbc14489edd0555ab)
    #17 0x55ca91511b64 in _start (/workspace/build-asan/tsc+0x74b64) (BuildId: 73a10d7cc646a755f705b0ae57418e68578aec2f)

Indirect leak of 720 byte(s) in 2 object(s) allocated from:
    #0 0x55ca915b5858 in malloc (/workspace/build-asan/tsc+0x118858) (BuildId: 73a10d7cc646a755f705b0ae57418e68578aec2f)
    #1 0x7ff5c4ec87d6 in llvm::SmallVectorBase<unsigned int>::mallocForGrow(void*, unsigned long, unsigned long, unsigned long&) (/usr/lib/llvm-20/lib/libLLVM.so.20.1+0xfac7d6) (BuildId: b856c61f98abf0989f157f153740fe0fadfbb760)
    #2 0x7ff5c6f39a5c  (/usr/lib/llvm-20/lib/libLLVM.so.20.1+0x301da5c) (BuildId: b856c61f98abf0989f157f153740fe0fadfbb760)
    #3 0x7ff5c6f39a01  (/usr/lib/llvm-20/lib/libLLVM.so.20.1+0x301da01) (BuildId: b856c61f98abf0989f157f153740fe0fadfbb760)
    #4 0x7ff5c6f39cfe  (/usr/lib/llvm-20/lib/libLLVM.so.20.1+0x301dcfe) (BuildId: b856c61f98abf0989f157f153740fe0fadfbb760)
    #5 0x7ff5c6f34f81  (/usr/lib/llvm-20/lib/libLLVM.so.20.1+0x3018f81) (BuildId: b856c61f98abf0989f157f153740fe0fadfbb760)
    #6 0x7ff5c7b298bc  (/usr/lib/llvm-20/lib/libLLVM.so.20.1+0x3c0d8bc) (BuildId: b856c61f98abf0989f157f153740fe0fadfbb760)
    #7 0x7ff5c7b6091a  (/usr/lib/llvm-20/lib/libLLVM.so.20.1+0x3c4491a) (BuildId: b856c61f98abf0989f157f153740fe0fadfbb760)
    #8 0x7ff5c7b61a19  (/usr/lib/llvm-20/lib/libLLVM.so.20.1+0x3c45a19) (BuildId: b856c61f98abf0989f157f153740fe0fadfbb760)
    #9 0x7ff5c7b62a6c  (/usr/lib/llvm-20/lib/libLLVM.so.20.1+0x3c46a6c) (BuildId: b856c61f98abf0989f157f153740fe0fadfbb760)
    #10 0x55ca91648523 in llvm::Target::createTargetMachine(llvm::StringRef, llvm::StringRef, llvm::StringRef, llvm::TargetOptions const&, std::optional<llvm::Reloc::Model>, std::optional<llvm::CodeModel::Model>, llvm::CodeGenOptLevel, bool) const /usr/lib/llvm-20/include/llvm/MC/TargetRegistry.h:462:12
    #11 0x55ca9163a09e in tsc::TargetRegistry::initializeAllTargets() /workspace/src/TargetRegistry.cpp:67:41
    #12 0x55ca9162bdcd in tsc::Compiler::initializeLLVM() /workspace/src/Compiler.cpp:349:14
    #13 0x55ca9162b8b7 in tsc::Compiler::Compiler(tsc::CompilerOptions const&) /workspace/src/Compiler.cpp:24:5
    #14 0x55ca915fd7b5 in main /workspace/src/main.cpp:191:18
    #15 0x7ff5c395a337  (/lib/x86_64-linux-gnu/libc.so.6+0x2a337) (BuildId: 467f544f15035abef911999cbc14489edd0555ab)
    #16 0x7ff5c395a3fa in __libc_start_main (/lib/x86_64-linux-gnu/libc.so.6+0x2a3fa) (BuildId: 467f544f15035abef911999cbc14489edd0555ab)
    #17 0x55ca91511b64 in _start (/workspace/build-asan/tsc+0x74b64) (BuildId: 73a10d7cc646a755f705b0ae57418e68578aec2f)

Indirect leak of 720 byte(s) in 2 object(s) allocated from:
    #0 0x55ca915b5858 in malloc (/workspace/build-asan/tsc+0x118858) (BuildId: 73a10d7cc646a755f705b0ae57418e68578aec2f)
    #1 0x7ff5c4ec87d6 in llvm::SmallVectorBase<unsigned int>::mallocForGrow(void*, unsigned long, unsigned long, unsigned long&) (/usr/lib/llvm-20/lib/libLLVM.so.20.1+0xfac7d6) (BuildId: b856c61f98abf0989f157f153740fe0fadfbb760)
    #2 0x7ff5c6f39a5c  (/usr/lib/llvm-20/lib/libLLVM.so.20.1+0x301da5c) (BuildId: b856c61f98abf0989f157f153740fe0fadfbb760)
    #3 0x7ff5c6f39a01  (/usr/lib/llvm-20/lib/libLLVM.so.20.1+0x301da01) (BuildId: b856c61f98abf0989f157f153740fe0fadfbb760)
    #4 0x7ff5c6f39cfe  (/usr/lib/llvm-20/lib/libLLVM.so.20.1+0x301dcfe) (BuildId: b856c61f98abf0989f157f153740fe0fadfbb760)
    #5 0x7ff5c6f34f81  (/usr/lib/llvm-20/lib/libLLVM.so.20.1+0x3018f81) (BuildId: b856c61f98abf0989f157f153740fe0fadfbb760)
    #6 0x7ff5c7b291de  (/usr/lib/llvm-20/lib/libLLVM.so.20.1+0x3c0d1de) (BuildId: b856c61f98abf0989f157f153740fe0fadfbb760)
    #7 0x7ff5c7b6091a  (/usr/lib/llvm-20/lib/libLLVM.so.20.1+0x3c4491a) (BuildId: b856c61f98abf0989f157f153740fe0fadfbb760)
    #8 0x7ff5c7b61a19  (/usr/lib/llvm-20/lib/libLLVM.so.20.1+0x3c45a19) (BuildId: b856c61f98abf0989f157f153740fe0fadfbb760)
    #9 0x7ff5c7b62b2c  (/usr/lib/llvm-20/lib/libLLVM.so.20.1+0x3c46b2c) (BuildId: b856c61f98abf0989f157f153740fe0fadfbb760)
    #10 0x55ca91648523 in llvm::Target::createTargetMachine(llvm::StringRef, llvm::StringRef, llvm::StringRef, llvm::TargetOptions const&, std::optional<llvm::Reloc::Model>, std::optional<llvm::CodeModel::Model>, llvm::CodeGenOptLevel, bool) const /usr/lib/llvm-20/include/llvm/MC/TargetRegistry.h:462:12
    #11 0x55ca9163a09e in tsc::TargetRegistry::initializeAllTargets() /workspace/src/TargetRegistry.cpp:67:41
    #12 0x55ca9162bdcd in tsc::Compiler::initializeLLVM() /workspace/src/Compiler.cpp:349:14
    #13 0x55ca9162b8b7 in tsc::Compiler::Compiler(tsc::CompilerOptions const&) /workspace/src/Compiler.cpp:24:5
    #14 0x55ca915fd7b5 in main /workspace/src/main.cpp:191:18
    #15 0x7ff5c395a337  (/lib/x86_64-linux-gnu/libc.so.6+0x2a337) (BuildId: 467f544f15035abef911999cbc14489edd0555ab)
    #16 0x7ff5c395a3fa in __libc_start_main (/lib/x86_64-linux-gnu/libc.so.6+0x2a3fa) (BuildId: 467f544f15035abef911999cbc14489edd0555ab)
    #17 0x55ca91511b64 in _start (/workspace/build-asan/tsc+0x74b64) (BuildId: 73a10d7cc646a755f705b0ae57418e68578aec2f)

Indirect leak of 720 byte(s) in 3 object(s) allocated from:
    #0 0x55ca915b5858 in malloc (/workspace/build-asan/tsc+0x118858) (BuildId: 73a10d7cc646a755f705b0ae57418e68578aec2f)
    #1 0x7ff5c4ec89b9 in llvm::SmallVectorBase<unsigned int>::grow_pod(void*, unsigned long, unsigned long) (/usr/lib/llvm-20/lib/libLLVM.so.20.1+0xfac9b9) (BuildId: b856c61f98abf0989f157f153740fe0fadfbb760)
    #2 0x7ff5c59b6bce  (/usr/lib/llvm-20/lib/libLLVM.so.20.1+0x1a9abce) (BuildId: b856c61f98abf0989f157f153740fe0fadfbb760)
    #3 0x7ff5c59b6dcb  (/usr/lib/llvm-20/lib/libLLVM.so.20.1+0x1a9adcb) (BuildId: b856c61f98abf0989f157f153740fe0fadfbb760)
    #4 0x7ff5c6f3b008  (/usr/lib/llvm-20/lib/libLLVM.so.20.1+0x301f008) (BuildId: b856c61f98abf0989f157f153740fe0fadfbb760)
    #5 0x7ff5c6f3af97  (/usr/lib/llvm-20/lib/libLLVM.so.20.1+0x301ef97) (BuildId: b856c61f98abf0989f157f153740fe0fadfbb760)
    #6 0x7ff5c6f3998b  (/usr/lib/llvm-20/lib/libLLVM.so.20.1+0x301d98b) (BuildId: b856c61f98abf0989f157f153740fe0fadfbb760)
    #7 0x7ff5c6f398a6  (/usr/lib/llvm-20/lib/libLLVM.so.20.1+0x301d8a6) (BuildId: b856c61f98abf0989f157f153740fe0fadfbb760)
    #8 0x7ff5c6f3a981  (/usr/lib/llvm-20/lib/libLLVM.so.20.1+0x301e981) (BuildId: b856c61f98abf0989f157f153740fe0fadfbb760)
    #9 0x7ff5c7f59793  (/usr/lib/llvm-20/lib/libLLVM.so.20.1+0x403d793) (BuildId: b856c61f98abf0989f157f153740fe0fadfbb760)
    #10 0x7ff5c7f81ab1  (/usr/lib/llvm-20/lib/libLLVM.so.20.1+0x4065ab1) (BuildId: b856c61f98abf0989f157f153740fe0fadfbb760)
    #11 0x7ff5c7f83c8f  (/usr/lib/llvm-20/lib/libLLVM.so.20.1+0x4067c8f) (BuildId: b856c61f98abf0989f157f153740fe0fadfbb760)
    #12 0x7ff5c7f8526a  (/usr/lib/llvm-20/lib/libLLVM.so.20.1+0x406926a) (BuildId: b856c61f98abf0989f157f153740fe0fadfbb760)
    #13 0x55ca91648523 in llvm::Target::createTargetMachine(llvm::StringRef, llvm::StringRef, llvm::StringRef, llvm::TargetOptions const&, std::optional<llvm::Reloc::Model>, std::optional<llvm::CodeModel::Model>, llvm::CodeGenOptLevel, bool) const /usr/lib/llvm-20/include/llvm/MC/TargetRegistry.h:462:12
    #14 0x55ca9163a09e in tsc::TargetRegistry::initializeAllTargets() /workspace/src/TargetRegistry.cpp:67:41
    #15 0x55ca9162bdcd in tsc::Compiler::initializeLLVM() /workspace/src/Compiler.cpp:349:14
    #16 0x55ca9162b8b7 in tsc::Compiler::Compiler(tsc::CompilerOptions const&) /workspace/src/Compiler.cpp:24:5
    #17 0x55ca915fd7b5 in main /workspace/src/main.cpp:191:18
    #18 0x7ff5c395a337  (/lib/x86_64-linux-gnu/libc.so.6+0x2a337) (BuildId: 467f544f15035abef911999cbc14489edd0555ab)
    #19 0x7ff5c395a3fa in __libc_start_main (/lib/x86_64-linux-gnu/libc.so.6+0x2a3fa) (BuildId: 467f544f15035abef911999cbc14489edd0555ab)
    #20 0x55ca91511b64 in _start (/workspace/build-asan/tsc+0x74b64) (BuildId: 73a10d7cc646a755f705b0ae57418e68578aec2f)

Indirect leak of 720 byte(s) in 2 object(s) allocated from:
    #0 0x55ca915b5858 in malloc (/workspace/build-asan/tsc+0x118858) (BuildId: 73a10d7cc646a755f705b0ae57418e68578aec2f)
    #1 0x7ff5c4ec87d6 in llvm::SmallVectorBase<unsigned int>::mallocForGrow(void*, unsigned long, unsigned long, unsigned long&) (/usr/lib/llvm-20/lib/libLLVM.so.20.1+0xfac7d6) (BuildId: b856c61f98abf0989f157f153740fe0fadfbb760)
    #2 0x7ff5c6f39a5c  (/usr/lib/llvm-20/lib/libLLVM.so.20.1+0x301da5c) (BuildId: b856c61f98abf0989f157f153740fe0fadfbb760)
    #3 0x7ff5c6f39a01  (/usr/lib/llvm-20/lib/libLLVM.so.20.1+0x301da01) (BuildId: b856c61f98abf0989f157f153740fe0fadfbb760)
    #4 0x7ff5c6f39cfe  (/usr/lib/llvm-20/lib/libLLVM.so.20.1+0x301dcfe) (BuildId: b856c61f98abf0989f157f153740fe0fadfbb760)
    #5 0x7ff5c6f34f81  (/usr/lib/llvm-20/lib/libLLVM.so.20.1+0x3018f81) (BuildId: b856c61f98abf0989f157f153740fe0fadfbb760)
    #6 0x7ff5c7b29261  (/usr/lib/llvm-20/lib/libLLVM.so.20.1+0x3c0d261) (BuildId: b856c61f98abf0989f157f153740fe0fadfbb760)
    #7 0x7ff5c7b6091a  (/usr/lib/llvm-20/lib/libLLVM.so.20.1+0x3c4491a) (BuildId: b856c61f98abf0989f157f153740fe0fadfbb760)
    #8 0x7ff5c7b6188a  (/usr/lib/llvm-20/lib/libLLVM.so.20.1+0x3c4588a) (BuildId: b856c61f98abf0989f157f153740fe0fadfbb760)
    #9 0x7ff5c7b62b2c  (/usr/lib/llvm-20/lib/libLLVM.so.20.1+0x3c46b2c) (BuildId: b856c61f98abf0989f157f153740fe0fadfbb760)
    #10 0x55ca91648523 in llvm::Target::createTargetMachine(llvm::StringRef, llvm::StringRef, llvm::StringRef, llvm::TargetOptions const&, std::optional<llvm::Reloc::Model>, std::optional<llvm::CodeModel::Model>, llvm::CodeGenOptLevel, bool) const /usr/lib/llvm-20/include/llvm/MC/TargetRegistry.h:462:12
    #11 0x55ca9163a09e in tsc::TargetRegistry::initializeAllTargets() /workspace/src/TargetRegistry.cpp:67:41
    #12 0x55ca9162bdcd in tsc::Compiler::initializeLLVM() /workspace/src/Compiler.cpp:349:14
    #13 0x55ca9162b8b7 in tsc::Compiler::Compiler(tsc::CompilerOptions const&) /workspace/src/Compiler.cpp:24:5
    #14 0x55ca915fd7b5 in main /workspace/src/main.cpp:191:18
    #15 0x7ff5c395a337  (/lib/x86_64-linux-gnu/libc.so.6+0x2a337) (BuildId: 467f544f15035abef911999cbc14489edd0555ab)
    #16 0x7ff5c395a3fa in __libc_start_main (/lib/x86_64-linux-gnu/libc.so.6+0x2a3fa) (BuildId: 467f544f15035abef911999cbc14489edd0555ab)
    #17 0x55ca91511b64 in _start (/workspace/build-asan/tsc+0x74b64) (BuildId: 73a10d7cc646a755f705b0ae57418e68578aec2f)

Indirect leak of 720 byte(s) in 2 object(s) allocated from:
    #0 0x55ca915b5858 in malloc (/workspace/build-asan/tsc+0x118858) (BuildId: 73a10d7cc646a755f705b0ae57418e68578aec2f)
    #1 0x7ff5c4ec87d6 in llvm::SmallVectorBase<unsigned int>::mallocForGrow(void*, unsigned long, unsigned long, unsigned long&) (/usr/lib/llvm-20/lib/libLLVM.so.20.1+0xfac7d6) (BuildId: b856c61f98abf0989f157f153740fe0fadfbb760)
    #2 0x7ff5c6f39a5c  (/usr/lib/llvm-20/lib/libLLVM.so.20.1+0x301da5c) (BuildId: b856c61f98abf0989f157f153740fe0fadfbb760)
    #3 0x7ff5c6f39a01  (/usr/lib/llvm-20/lib/libLLVM.so.20.1+0x301da01) (BuildId: b856c61f98abf0989f157f153740fe0fadfbb760)
    #4 0x7ff5c6f39cfe  (/usr/lib/llvm-20/lib/libLLVM.so.20.1+0x301dcfe) (BuildId: b856c61f98abf0989f157f153740fe0fadfbb760)
    #5 0x7ff5c6f34781  (/usr/lib/llvm-20/lib/libLLVM.so.20.1+0x3018781) (BuildId: b856c61f98abf0989f157f153740fe0fadfbb760)
    #6 0x7ff5c7b28d88  (/usr/lib/llvm-20/lib/libLLVM.so.20.1+0x3c0cd88) (BuildId: b856c61f98abf0989f157f153740fe0fadfbb760)
    #7 0x7ff5c7b6091a  (/usr/lib/llvm-20/lib/libLLVM.so.20.1+0x3c4491a) (BuildId: b856c61f98abf0989f157f153740fe0fadfbb760)
    #8 0x7ff5c7b6188a  (/usr/lib/llvm-20/lib/libLLVM.so.20.1+0x3c4588a) (BuildId: b856c61f98abf0989f157f153740fe0fadfbb760)
    #9 0x7ff5c7b62a6c  (/usr/lib/llvm-20/lib/libLLVM.so.20.1+0x3c46a6c) (BuildId: b856c61f98abf0989f157f153740fe0fadfbb760)
    #10 0x55ca91648523 in llvm::Target::createTargetMachine(llvm::StringRef, llvm::StringRef, llvm::StringRef, llvm::TargetOptions const&, std::optional<llvm::Reloc::Model>, std::optional<llvm::CodeModel::Model>, llvm::CodeGenOptLevel, bool) const /usr/lib/llvm-20/include/llvm/MC/TargetRegistry.h:462:12
    #11 0x55ca9163a09e in tsc::TargetRegistry::initializeAllTargets() /workspace/src/TargetRegistry.cpp:67:41
    #12 0x55ca9162bdcd in tsc::Compiler::initializeLLVM() /workspace/src/Compiler.cpp:349:14
    #13 0x55ca9162b8b7 in tsc::Compiler::Compiler(tsc::CompilerOptions const&) /workspace/src/Compiler.cpp:24:5
    #14 0x55ca915fd7b5 in main /workspace/src/main.cpp:191:18
    #15 0x7ff5c395a337  (/lib/x86_64-linux-gnu/libc.so.6+0x2a337) (BuildId: 467f544f15035abef911999cbc14489edd0555ab)
    #16 0x7ff5c395a3fa in __libc_start_main (/lib/x86_64-linux-gnu/libc.so.6+0x2a3fa) (BuildId: 467f544f15035abef911999cbc14489edd0555ab)
    #17 0x55ca91511b64 in _start (/workspace/build-asan/tsc+0x74b64) (BuildId: 73a10d7cc646a755f705b0ae57418e68578aec2f)

Indirect leak of 720 byte(s) in 2 object(s) allocated from:
    #0 0x55ca915b5858 in malloc (/workspace/build-asan/tsc+0x118858) (BuildId: 73a10d7cc646a755f705b0ae57418e68578aec2f)
    #1 0x7ff5c4ec87d6 in llvm::SmallVectorBase<unsigned int>::mallocForGrow(void*, unsigned long, unsigned long, unsigned long&) (/usr/lib/llvm-20/lib/libLLVM.so.20.1+0xfac7d6) (BuildId: b856c61f98abf0989f157f153740fe0fadfbb760)
    #2 0x7ff5c6f39a5c  (/usr/lib/llvm-20/lib/libLLVM.so.20.1+0x301da5c) (BuildId: b856c61f98abf0989f157f153740fe0fadfbb760)
    #3 0x7ff5c6f39a01  (/usr/lib/llvm-20/lib/libLLVM.so.20.1+0x301da01) (BuildId: b856c61f98abf0989f157f153740fe0fadfbb760)
    #4 0x7ff5c6f39cfe  (/usr/lib/llvm-20/lib/libLLVM.so.20.1+0x301dcfe) (BuildId: b856c61f98abf0989f157f153740fe0fadfbb760)
    #5 0x7ff5c6f34f81  (/usr/lib/llvm-20/lib/libLLVM.so.20.1+0x3018f81) (BuildId: b856c61f98abf0989f157f153740fe0fadfbb760)
    #6 0x7ff5c7b298bc  (/usr/lib/llvm-20/lib/libLLVM.so.20.1+0x3c0d8bc) (BuildId: b856c61f98abf0989f157f153740fe0fadfbb760)
    #7 0x7ff5c7b6091a  (/usr/lib/llvm-20/lib/libLLVM.so.20.1+0x3c4491a) (BuildId: b856c61f98abf0989f157f153740fe0fadfbb760)
    #8 0x7ff5c7b61710  (/usr/lib/llvm-20/lib/libLLVM.so.20.1+0x3c45710) (BuildId: b856c61f98abf0989f157f153740fe0fadfbb760)
    #9 0x7ff5c7b62a6c  (/usr/lib/llvm-20/lib/libLLVM.so.20.1+0x3c46a6c) (BuildId: b856c61f98abf0989f157f153740fe0fadfbb760)
    #10 0x55ca91648523 in llvm::Target::createTargetMachine(llvm::StringRef, llvm::StringRef, llvm::StringRef, llvm::TargetOptions const&, std::optional<llvm::Reloc::Model>, std::optional<llvm::CodeModel::Model>, llvm::CodeGenOptLevel, bool) const /usr/lib/llvm-20/include/llvm/MC/TargetRegistry.h:462:12
    #11 0x55ca9163a09e in tsc::TargetRegistry::initializeAllTargets() /workspace/src/TargetRegistry.cpp:67:41
    #12 0x55ca9162bdcd in tsc::Compiler::initializeLLVM() /workspace/src/Compiler.cpp:349:14
    #13 0x55ca9162b8b7 in tsc::Compiler::Compiler(tsc::CompilerOptions const&) /workspace/src/Compiler.cpp:24:5
    #14 0x55ca915fd7b5 in main /workspace/src/main.cpp:191:18
    #15 0x7ff5c395a337  (/lib/x86_64-linux-gnu/libc.so.6+0x2a337) (BuildId: 467f544f15035abef911999cbc14489edd0555ab)
    #16 0x7ff5c395a3fa in __libc_start_main (/lib/x86_64-linux-gnu/libc.so.6+0x2a3fa) (BuildId: 467f544f15035abef911999cbc14489edd0555ab)
    #17 0x55ca91511b64 in _start (/workspace/build-asan/tsc+0x74b64) (BuildId: 73a10d7cc646a755f705b0ae57418e68578aec2f)

Indirect leak of 720 byte(s) in 2 object(s) allocated from:
    #0 0x55ca915b5858 in malloc (/workspace/build-asan/tsc+0x118858) (BuildId: 73a10d7cc646a755f705b0ae57418e68578aec2f)
    #1 0x7ff5c4ec87d6 in llvm::SmallVectorBase<unsigned int>::mallocForGrow(void*, unsigned long, unsigned long, unsigned long&) (/usr/lib/llvm-20/lib/libLLVM.so.20.1+0xfac7d6) (BuildId: b856c61f98abf0989f157f153740fe0fadfbb760)
    #2 0x7ff5c6f39a5c  (/usr/lib/llvm-20/lib/libLLVM.so.20.1+0x301da5c) (BuildId: b856c61f98abf0989f157f153740fe0fadfbb760)
    #3 0x7ff5c6f39a01  (/usr/lib/llvm-20/lib/libLLVM.so.20.1+0x301da01) (BuildId: b856c61f98abf0989f157f153740fe0fadfbb760)
    #4 0x7ff5c6f39cfe  (/usr/lib/llvm-20/lib/libLLVM.so.20.1+0x301dcfe) (BuildId: b856c61f98abf0989f157f153740fe0fadfbb760)
    #5 0x7ff5c6f34781  (/usr/lib/llvm-20/lib/libLLVM.so.20.1+0x3018781) (BuildId: b856c61f98abf0989f157f153740fe0fadfbb760)
    #6 0x7ff5c7b29d9d  (/usr/lib/llvm-20/lib/libLLVM.so.20.1+0x3c0dd9d) (BuildId: b856c61f98abf0989f157f153740fe0fadfbb760)
    #7 0x7ff5c7b6091a  (/usr/lib/llvm-20/lib/libLLVM.so.20.1+0x3c4491a) (BuildId: b856c61f98abf0989f157f153740fe0fadfbb760)
    #8 0x7ff5c7b61710  (/usr/lib/llvm-20/lib/libLLVM.so.20.1+0x3c45710) (BuildId: b856c61f98abf0989f157f153740fe0fadfbb760)
    #9 0x7ff5c7b62a6c  (/usr/lib/llvm-20/lib/libLLVM.so.20.1+0x3c46a6c) (BuildId: b856c61f98abf0989f157f153740fe0fadfbb760)
    #10 0x55ca91648523 in llvm::Target::createTargetMachine(llvm::StringRef, llvm::StringRef, llvm::StringRef, llvm::TargetOptions const&, std::optional<llvm::Reloc::Model>, std::optional<llvm::CodeModel::Model>, llvm::CodeGenOptLevel, bool) const /usr/lib/llvm-20/include/llvm/MC/TargetRegistry.h:462:12
    #11 0x55ca9163a09e in tsc::TargetRegistry::initializeAllTargets() /workspace/src/TargetRegistry.cpp:67:41
    #12 0x55ca9162bdcd in tsc::Compiler::initializeLLVM() /workspace/src/Compiler.cpp:349:14
    #13 0x55ca9162b8b7 in tsc::Compiler::Compiler(tsc::CompilerOptions const&) /workspace/src/Compiler.cpp:24:5
    #14 0x55ca915fd7b5 in main /workspace/src/main.cpp:191:18
    #15 0x7ff5c395a337  (/lib/x86_64-linux-gnu/libc.so.6+0x2a337) (BuildId: 467f544f15035abef911999cbc14489edd0555ab)
    #16 0x7ff5c395a3fa in __libc_start_main (/lib/x86_64-linux-gnu/libc.so.6+0x2a3fa) (BuildId: 467f544f15035abef911999cbc14489edd0555ab)
    #17 0x55ca91511b64 in _start (/workspace/build-asan/tsc+0x74b64) (BuildId: 73a10d7cc646a755f705b0ae57418e68578aec2f)

Indirect leak of 720 byte(s) in 2 object(s) allocated from:
    #0 0x55ca915b5858 in malloc (/workspace/build-asan/tsc+0x118858) (BuildId: 73a10d7cc646a755f705b0ae57418e68578aec2f)
    #1 0x7ff5c4ec87d6 in llvm::SmallVectorBase<unsigned int>::mallocForGrow(void*, unsigned long, unsigned long, unsigned long&) (/usr/lib/llvm-20/lib/libLLVM.so.20.1+0xfac7d6) (BuildId: b856c61f98abf0989f157f153740fe0fadfbb760)
    #2 0x7ff5c6f39a5c  (/usr/lib/llvm-20/lib/libLLVM.so.20.1+0x301da5c) (BuildId: b856c61f98abf0989f157f153740fe0fadfbb760)
    #3 0x7ff5c6f39a01  (/usr/lib/llvm-20/lib/libLLVM.so.20.1+0x301da01) (BuildId: b856c61f98abf0989f157f153740fe0fadfbb760)
    #4 0x7ff5c6f39cfe  (/usr/lib/llvm-20/lib/libLLVM.so.20.1+0x301dcfe) (BuildId: b856c61f98abf0989f157f153740fe0fadfbb760)
    #5 0x7ff5c6f34f81  (/usr/lib/llvm-20/lib/libLLVM.so.20.1+0x3018f81) (BuildId: b856c61f98abf0989f157f153740fe0fadfbb760)
    #6 0x7ff5c7b296f5  (/usr/lib/llvm-20/lib/libLLVM.so.20.1+0x3c0d6f5) (BuildId: b856c61f98abf0989f157f153740fe0fadfbb760)
    #7 0x7ff5c7b6091a  (/usr/lib/llvm-20/lib/libLLVM.so.20.1+0x3c4491a) (BuildId: b856c61f98abf0989f157f153740fe0fadfbb760)
    #8 0x7ff5c7b61a19  (/usr/lib/llvm-20/lib/libLLVM.so.20.1+0x3c45a19) (BuildId: b856c61f98abf0989f157f153740fe0fadfbb760)
    #9 0x7ff5c7b62a6c  (/usr/lib/llvm-20/lib/libLLVM.so.20.1+0x3c46a6c) (BuildId: b856c61f98abf0989f157f153740fe0fadfbb760)
    #10 0x55ca91648523 in llvm::Target::createTargetMachine(llvm::StringRef, llvm::StringRef, llvm::StringRef, llvm::TargetOptions const&, std::optional<llvm::Reloc::Model>, std::optional<llvm::CodeModel::Model>, llvm::CodeGenOptLevel, bool) const /usr/lib/llvm-20/include/llvm/MC/TargetRegistry.h:462:12
    #11 0x55ca9163a09e in tsc::TargetRegistry::initializeAllTargets() /workspace/src/TargetRegistry.cpp:67:41
    #12 0x55ca9162bdcd in tsc::Compiler::initializeLLVM() /workspace/src/Compiler.cpp:349:14
    #13 0x55ca9162b8b7 in tsc::Compiler::Compiler(tsc::CompilerOptions const&) /workspace/src/Compiler.cpp:24:5
    #14 0x55ca915fd7b5 in main /workspace/src/main.cpp:191:18
    #15 0x7ff5c395a337  (/lib/x86_64-linux-gnu/libc.so.6+0x2a337) (BuildId: 467f544f15035abef911999cbc14489edd0555ab)
    #16 0x7ff5c395a3fa in __libc_start_main (/lib/x86_64-linux-gnu/libc.so.6+0x2a3fa) (BuildId: 467f544f15035abef911999cbc14489edd0555ab)
    #17 0x55ca91511b64 in _start (/workspace/build-asan/tsc+0x74b64) (BuildId: 73a10d7cc646a755f705b0ae57418e68578aec2f)

Indirect leak of 720 byte(s) in 2 object(s) allocated from:
    #0 0x55ca915b5858 in malloc (/workspace/build-asan/tsc+0x118858) (BuildId: 73a10d7cc646a755f705b0ae57418e68578aec2f)
    #1 0x7ff5c4ec87d6 in llvm::SmallVectorBase<unsigned int>::mallocForGrow(void*, unsigned long, unsigned long, unsigned long&) (/usr/lib/llvm-20/lib/libLLVM.so.20.1+0xfac7d6) (BuildId: b856c61f98abf0989f157f153740fe0fadfbb760)
    #2 0x7ff5c6f39a5c  (/usr/lib/llvm-20/lib/libLLVM.so.20.1+0x301da5c) (BuildId: b856c61f98abf0989f157f153740fe0fadfbb760)
    #3 0x7ff5c6f39a01  (/usr/lib/llvm-20/lib/libLLVM.so.20.1+0x301da01) (BuildId: b856c61f98abf0989f157f153740fe0fadfbb760)
    #4 0x7ff5c6f39cfe  (/usr/lib/llvm-20/lib/libLLVM.so.20.1+0x301dcfe) (BuildId: b856c61f98abf0989f157f153740fe0fadfbb760)
    #5 0x7ff5c6f34f81  (/usr/lib/llvm-20/lib/libLLVM.so.20.1+0x3018f81) (BuildId: b856c61f98abf0989f157f153740fe0fadfbb760)
    #6 0x7ff5c7b296f5  (/usr/lib/llvm-20/lib/libLLVM.so.20.1+0x3c0d6f5) (BuildId: b856c61f98abf0989f157f153740fe0fadfbb760)
    #7 0x7ff5c7b6091a  (/usr/lib/llvm-20/lib/libLLVM.so.20.1+0x3c4491a) (BuildId: b856c61f98abf0989f157f153740fe0fadfbb760)
    #8 0x7ff5c7b6188a  (/usr/lib/llvm-20/lib/libLLVM.so.20.1+0x3c4588a) (BuildId: b856c61f98abf0989f157f153740fe0fadfbb760)
    #9 0x7ff5c7b62b2c  (/usr/lib/llvm-20/lib/libLLVM.so.20.1+0x3c46b2c) (BuildId: b856c61f98abf0989f157f153740fe0fadfbb760)
    #10 0x55ca91648523 in llvm::Target::createTargetMachine(llvm::StringRef, llvm::StringRef, llvm::StringRef, llvm::TargetOptions const&, std::optional<llvm::Reloc::Model>, std::optional<llvm::CodeModel::Model>, llvm::CodeGenOptLevel, bool) const /usr/lib/llvm-20/include/llvm/MC/TargetRegistry.h:462:12
    #11 0x55ca9163a09e in tsc::TargetRegistry::initializeAllTargets() /workspace/src/TargetRegistry.cpp:67:41
    #12 0x55ca9162bdcd in tsc::Compiler::initializeLLVM() /workspace/src/Compiler.cpp:349:14
    #13 0x55ca9162b8b7 in tsc::Compiler::Compiler(tsc::CompilerOptions const&) /workspace/src/Compiler.cpp:24:5
    #14 0x55ca915fd7b5 in main /workspace/src/main.cpp:191:18
    #15 0x7ff5c395a337  (/lib/x86_64-linux-gnu/libc.so.6+0x2a337) (BuildId: 467f544f15035abef911999cbc14489edd0555ab)
    #16 0x7ff5c395a3fa in __libc_start_main (/lib/x86_64-linux-gnu/libc.so.6+0x2a3fa) (BuildId: 467f544f15035abef911999cbc14489edd0555ab)
    #17 0x55ca91511b64 in _start (/workspace/build-asan/tsc+0x74b64) (BuildId: 73a10d7cc646a755f705b0ae57418e68578aec2f)

Indirect leak of 720 byte(s) in 2 object(s) allocated from:
    #0 0x55ca915b5858 in malloc (/workspace/build-asan/tsc+0x118858) (BuildId: 73a10d7cc646a755f705b0ae57418e68578aec2f)
    #1 0x7ff5c4ec87d6 in llvm::SmallVectorBase<unsigned int>::mallocForGrow(void*, unsigned long, unsigned long, unsigned long&) (/usr/lib/llvm-20/lib/libLLVM.so.20.1+0xfac7d6) (BuildId: b856c61f98abf0989f157f153740fe0fadfbb760)
    #2 0x7ff5c6f39a5c  (/usr/lib/llvm-20/lib/libLLVM.so.20.1+0x301da5c) (BuildId: b856c61f98abf0989f157f153740fe0fadfbb760)
    #3 0x7ff5c6f39a01  (/usr/lib/llvm-20/lib/libLLVM.so.20.1+0x301da01) (BuildId: b856c61f98abf0989f157f153740fe0fadfbb760)
    #4 0x7ff5c6f39cfe  (/usr/lib/llvm-20/lib/libLLVM.so.20.1+0x301dcfe) (BuildId: b856c61f98abf0989f157f153740fe0fadfbb760)
    #5 0x7ff5c6f34f81  (/usr/lib/llvm-20/lib/libLLVM.so.20.1+0x3018f81) (BuildId: b856c61f98abf0989f157f153740fe0fadfbb760)
    #6 0x7ff5c7b296f5  (/usr/lib/llvm-20/lib/libLLVM.so.20.1+0x3c0d6f5) (BuildId: b856c61f98abf0989f157f153740fe0fadfbb760)
    #7 0x7ff5c7b6091a  (/usr/lib/llvm-20/lib/libLLVM.so.20.1+0x3c4491a) (BuildId: b856c61f98abf0989f157f153740fe0fadfbb760)
    #8 0x7ff5c7b61710  (/usr/lib/llvm-20/lib/libLLVM.so.20.1+0x3c45710) (BuildId: b856c61f98abf0989f157f153740fe0fadfbb760)
    #9 0x7ff5c7b62a6c  (/usr/lib/llvm-20/lib/libLLVM.so.20.1+0x3c46a6c) (BuildId: b856c61f98abf0989f157f153740fe0fadfbb760)
    #10 0x55ca91648523 in llvm::Target::createTargetMachine(llvm::StringRef, llvm::StringRef, llvm::StringRef, llvm::TargetOptions const&, std::optional<llvm::Reloc::Model>, std::optional<llvm::CodeModel::Model>, llvm::CodeGenOptLevel, bool) const /usr/lib/llvm-20/include/llvm/MC/TargetRegistry.h:462:12
    #11 0x55ca9163a09e in tsc::TargetRegistry::initializeAllTargets() /workspace/src/TargetRegistry.cpp:67:41
    #12 0x55ca9162bdcd in tsc::Compiler::initializeLLVM() /workspace/src/Compiler.cpp:349:14
    #13 0x55ca9162b8b7 in tsc::Compiler::Compiler(tsc::CompilerOptions const&) /workspace/src/Compiler.cpp:24:5
    #14 0x55ca915fd7b5 in main /workspace/src/main.cpp:191:18
    #15 0x7ff5c395a337  (/lib/x86_64-linux-gnu/libc.so.6+0x2a337) (BuildId: 467f544f15035abef911999cbc14489edd0555ab)
    #16 0x7ff5c395a3fa in __libc_start_main (/lib/x86_64-linux-gnu/libc.so.6+0x2a3fa) (BuildId: 467f544f15035abef911999cbc14489edd0555ab)
    #17 0x55ca91511b64 in _start (/workspace/build-asan/tsc+0x74b64) (BuildId: 73a10d7cc646a755f705b0ae57418e68578aec2f)

Indirect leak of 720 byte(s) in 2 object(s) allocated from:
    #0 0x55ca915b5858 in malloc (/workspace/build-asan/tsc+0x118858) (BuildId: 73a10d7cc646a755f705b0ae57418e68578aec2f)
    #1 0x7ff5c4ec87d6 in llvm::SmallVectorBase<unsigned int>::mallocForGrow(void*, unsigned long, unsigned long, unsigned long&) (/usr/lib/llvm-20/lib/libLLVM.so.20.1+0xfac7d6) (BuildId: b856c61f98abf0989f157f153740fe0fadfbb760)
    #2 0x7ff5c6f39a5c  (/usr/lib/llvm-20/lib/libLLVM.so.20.1+0x301da5c) (BuildId: b856c61f98abf0989f157f153740fe0fadfbb760)
    #3 0x7ff5c6f39a01  (/usr/lib/llvm-20/lib/libLLVM.so.20.1+0x301da01) (BuildId: b856c61f98abf0989f157f153740fe0fadfbb760)
    #4 0x7ff5c6f39cfe  (/usr/lib/llvm-20/lib/libLLVM.so.20.1+0x301dcfe) (BuildId: b856c61f98abf0989f157f153740fe0fadfbb760)
    #5 0x7ff5c6f34781  (/usr/lib/llvm-20/lib/libLLVM.so.20.1+0x3018781) (BuildId: b856c61f98abf0989f157f153740fe0fadfbb760)
    #6 0x7ff5c7b28d88  (/usr/lib/llvm-20/lib/libLLVM.so.20.1+0x3c0cd88) (BuildId: b856c61f98abf0989f157f153740fe0fadfbb760)
    #7 0x7ff5c7b6091a  (/usr/lib/llvm-20/lib/libLLVM.so.20.1+0x3c4491a) (BuildId: b856c61f98abf0989f157f153740fe0fadfbb760)
    #8 0x7ff5c7b61a19  (/usr/lib/llvm-20/lib/libLLVM.so.20.1+0x3c45a19) (BuildId: b856c61f98abf0989f157f153740fe0fadfbb760)
    #9 0x7ff5c7b62b2c  (/usr/lib/llvm-20/lib/libLLVM.so.20.1+0x3c46b2c) (BuildId: b856c61f98abf0989f157f153740fe0fadfbb760)
    #10 0x55ca91648523 in llvm::Target::createTargetMachine(llvm::StringRef, llvm::StringRef, llvm::StringRef, llvm::TargetOptions const&, std::optional<llvm::Reloc::Model>, std::optional<llvm::CodeModel::Model>, llvm::CodeGenOptLevel, bool) const /usr/lib/llvm-20/include/llvm/MC/TargetRegistry.h:462:12
    #11 0x55ca9163a09e in tsc::TargetRegistry::initializeAllTargets() /workspace/src/TargetRegistry.cpp:67:41
    #12 0x55ca9162bdcd in tsc::Compiler::initializeLLVM() /workspace/src/Compiler.cpp:349:14
    #13 0x55ca9162b8b7 in tsc::Compiler::Compiler(tsc::CompilerOptions const&) /workspace/src/Compiler.cpp:24:5
    #14 0x55ca915fd7b5 in main /workspace/src/main.cpp:191:18
    #15 0x7ff5c395a337  (/lib/x86_64-linux-gnu/libc.so.6+0x2a337) (BuildId: 467f544f15035abef911999cbc14489edd0555ab)
    #16 0x7ff5c395a3fa in __libc_start_main (/lib/x86_64-linux-gnu/libc.so.6+0x2a3fa) (BuildId: 467f544f15035abef911999cbc14489edd0555ab)
    #17 0x55ca91511b64 in _start (/workspace/build-asan/tsc+0x74b64) (BuildId: 73a10d7cc646a755f705b0ae57418e68578aec2f)

Indirect leak of 720 byte(s) in 3 object(s) allocated from:
    #0 0x55ca915b5858 in malloc (/workspace/build-asan/tsc+0x118858) (BuildId: 73a10d7cc646a755f705b0ae57418e68578aec2f)
    #1 0x7ff5c4ec89b9 in llvm::SmallVectorBase<unsigned int>::grow_pod(void*, unsigned long, unsigned long) (/usr/lib/llvm-20/lib/libLLVM.so.20.1+0xfac9b9) (BuildId: b856c61f98abf0989f157f153740fe0fadfbb760)
    #2 0x7ff5c59b6bce  (/usr/lib/llvm-20/lib/libLLVM.so.20.1+0x1a9abce) (BuildId: b856c61f98abf0989f157f153740fe0fadfbb760)
    #3 0x7ff5c59b6dcb  (/usr/lib/llvm-20/lib/libLLVM.so.20.1+0x1a9adcb) (BuildId: b856c61f98abf0989f157f153740fe0fadfbb760)
    #4 0x7ff5c6f3b039  (/usr/lib/llvm-20/lib/libLLVM.so.20.1+0x301f039) (BuildId: b856c61f98abf0989f157f153740fe0fadfbb760)
    #5 0x7ff5c6f3af97  (/usr/lib/llvm-20/lib/libLLVM.so.20.1+0x301ef97) (BuildId: b856c61f98abf0989f157f153740fe0fadfbb760)
    #6 0x7ff5c6f3998b  (/usr/lib/llvm-20/lib/libLLVM.so.20.1+0x301d98b) (BuildId: b856c61f98abf0989f157f153740fe0fadfbb760)
    #7 0x7ff5c6f398a6  (/usr/lib/llvm-20/lib/libLLVM.so.20.1+0x301d8a6) (BuildId: b856c61f98abf0989f157f153740fe0fadfbb760)
    #8 0x7ff5c6f3a981  (/usr/lib/llvm-20/lib/libLLVM.so.20.1+0x301e981) (BuildId: b856c61f98abf0989f157f153740fe0fadfbb760)
    #9 0x7ff5c7f59793  (/usr/lib/llvm-20/lib/libLLVM.so.20.1+0x403d793) (BuildId: b856c61f98abf0989f157f153740fe0fadfbb760)
    #10 0x7ff5c7f81ab1  (/usr/lib/llvm-20/lib/libLLVM.so.20.1+0x4065ab1) (BuildId: b856c61f98abf0989f157f153740fe0fadfbb760)
    #11 0x7ff5c7f83c8f  (/usr/lib/llvm-20/lib/libLLVM.so.20.1+0x4067c8f) (BuildId: b856c61f98abf0989f157f153740fe0fadfbb760)
    #12 0x7ff5c7f8526a  (/usr/lib/llvm-20/lib/libLLVM.so.20.1+0x406926a) (BuildId: b856c61f98abf0989f157f153740fe0fadfbb760)
    #13 0x55ca91648523 in llvm::Target::createTargetMachine(llvm::StringRef, llvm::StringRef, llvm::StringRef, llvm::TargetOptions const&, std::optional<llvm::Reloc::Model>, std::optional<llvm::CodeModel::Model>, llvm::CodeGenOptLevel, bool) const /usr/lib/llvm-20/include/llvm/MC/TargetRegistry.h:462:12
    #14 0x55ca9163a09e in tsc::TargetRegistry::initializeAllTargets() /workspace/src/TargetRegistry.cpp:67:41
    #15 0x55ca9162bdcd in tsc::Compiler::initializeLLVM() /workspace/src/Compiler.cpp:349:14
    #16 0x55ca9162b8b7 in tsc::Compiler::Compiler(tsc::CompilerOptions const&) /workspace/src/Compiler.cpp:24:5
    #17 0x55ca915fd7b5 in main /workspace/src/main.cpp:191:18
    #18 0x7ff5c395a337  (/lib/x86_64-linux-gnu/libc.so.6+0x2a337) (BuildId: 467f544f15035abef911999cbc14489edd0555ab)
    #19 0x7ff5c395a3fa in __libc_start_main (/lib/x86_64-linux-gnu/libc.so.6+0x2a3fa) (BuildId: 467f544f15035abef911999cbc14489edd0555ab)
    #20 0x55ca91511b64 in _start (/workspace/build-asan/tsc+0x74b64) (BuildId: 73a10d7cc646a755f705b0ae57418e68578aec2f)

Indirect leak of 720 byte(s) in 2 object(s) allocated from:
    #0 0x55ca915b5858 in malloc (/workspace/build-asan/tsc+0x118858) (BuildId: 73a10d7cc646a755f705b0ae57418e68578aec2f)
    #1 0x7ff5c4ec87d6 in llvm::SmallVectorBase<unsigned int>::mallocForGrow(void*, unsigned long, unsigned long, unsigned long&) (/usr/lib/llvm-20/lib/libLLVM.so.20.1+0xfac7d6) (BuildId: b856c61f98abf0989f157f153740fe0fadfbb760)
    #2 0x7ff5c6f39a5c  (/usr/lib/llvm-20/lib/libLLVM.so.20.1+0x301da5c) (BuildId: b856c61f98abf0989f157f153740fe0fadfbb760)
    #3 0x7ff5c6f39a01  (/usr/lib/llvm-20/lib/libLLVM.so.20.1+0x301da01) (BuildId: b856c61f98abf0989f157f153740fe0fadfbb760)
    #4 0x7ff5c6f39cfe  (/usr/lib/llvm-20/lib/libLLVM.so.20.1+0x301dcfe) (BuildId: b856c61f98abf0989f157f153740fe0fadfbb760)
    #5 0x7ff5c6f34f81  (/usr/lib/llvm-20/lib/libLLVM.so.20.1+0x3018f81) (BuildId: b856c61f98abf0989f157f153740fe0fadfbb760)
    #6 0x7ff5c7b292dc  (/usr/lib/llvm-20/lib/libLLVM.so.20.1+0x3c0d2dc) (BuildId: b856c61f98abf0989f157f153740fe0fadfbb760)
    #7 0x7ff5c7b6091a  (/usr/lib/llvm-20/lib/libLLVM.so.20.1+0x3c4491a) (BuildId: b856c61f98abf0989f157f153740fe0fadfbb760)
    #8 0x7ff5c7b61710  (/usr/lib/llvm-20/lib/libLLVM.so.20.1+0x3c45710) (BuildId: b856c61f98abf0989f157f153740fe0fadfbb760)
    #9 0x7ff5c7b62a6c  (/usr/lib/llvm-20/lib/libLLVM.so.20.1+0x3c46a6c) (BuildId: b856c61f98abf0989f157f153740fe0fadfbb760)
    #10 0x55ca91648523 in llvm::Target::createTargetMachine(llvm::StringRef, llvm::StringRef, llvm::StringRef, llvm::TargetOptions const&, std::optional<llvm::Reloc::Model>, std::optional<llvm::CodeModel::Model>, llvm::CodeGenOptLevel, bool) const /usr/lib/llvm-20/include/llvm/MC/TargetRegistry.h:462:12
    #11 0x55ca9163a09e in tsc::TargetRegistry::initializeAllTargets() /workspace/src/TargetRegistry.cpp:67:41
    #12 0x55ca9162bdcd in tsc::Compiler::initializeLLVM() /workspace/src/Compiler.cpp:349:14
    #13 0x55ca9162b8b7 in tsc::Compiler::Compiler(tsc::CompilerOptions const&) /workspace/src/Compiler.cpp:24:5
    #14 0x55ca915fd7b5 in main /workspace/src/main.cpp:191:18
    #15 0x7ff5c395a337  (/lib/x86_64-linux-gnu/libc.so.6+0x2a337) (BuildId: 467f544f15035abef911999cbc14489edd0555ab)
    #16 0x7ff5c395a3fa in __libc_start_main (/lib/x86_64-linux-gnu/libc.so.6+0x2a3fa) (BuildId: 467f544f15035abef911999cbc14489edd0555ab)
    #17 0x55ca91511b64 in _start (/workspace/build-asan/tsc+0x74b64) (BuildId: 73a10d7cc646a755f705b0ae57418e68578aec2f)

Indirect leak of 720 byte(s) in 2 object(s) allocated from:
    #0 0x55ca915b5858 in malloc (/workspace/build-asan/tsc+0x118858) (BuildId: 73a10d7cc646a755f705b0ae57418e68578aec2f)
    #1 0x7ff5c4ec87d6 in llvm::SmallVectorBase<unsigned int>::mallocForGrow(void*, unsigned long, unsigned long, unsigned long&) (/usr/lib/llvm-20/lib/libLLVM.so.20.1+0xfac7d6) (BuildId: b856c61f98abf0989f157f153740fe0fadfbb760)
    #2 0x7ff5c6f39a5c  (/usr/lib/llvm-20/lib/libLLVM.so.20.1+0x301da5c) (BuildId: b856c61f98abf0989f157f153740fe0fadfbb760)
    #3 0x7ff5c6f39a01  (/usr/lib/llvm-20/lib/libLLVM.so.20.1+0x301da01) (BuildId: b856c61f98abf0989f157f153740fe0fadfbb760)
    #4 0x7ff5c6f39cfe  (/usr/lib/llvm-20/lib/libLLVM.so.20.1+0x301dcfe) (BuildId: b856c61f98abf0989f157f153740fe0fadfbb760)
    #5 0x7ff5c6f34781  (/usr/lib/llvm-20/lib/libLLVM.so.20.1+0x3018781) (BuildId: b856c61f98abf0989f157f153740fe0fadfbb760)
    #6 0x7ff5c7b29c9b  (/usr/lib/llvm-20/lib/libLLVM.so.20.1+0x3c0dc9b) (BuildId: b856c61f98abf0989f157f153740fe0fadfbb760)
    #7 0x7ff5c7b6091a  (/usr/lib/llvm-20/lib/libLLVM.so.20.1+0x3c4491a) (BuildId: b856c61f98abf0989f157f153740fe0fadfbb760)
    #8 0x7ff5c7b61710  (/usr/lib/llvm-20/lib/libLLVM.so.20.1+0x3c45710) (BuildId: b856c61f98abf0989f157f153740fe0fadfbb760)
    #9 0x7ff5c7b62a6c  (/usr/lib/llvm-20/lib/libLLVM.so.20.1+0x3c46a6c) (BuildId: b856c61f98abf0989f157f153740fe0fadfbb760)
    #10 0x55ca91648523 in llvm::Target::createTargetMachine(llvm::StringRef, llvm::StringRef, llvm::StringRef, llvm::TargetOptions const&, std::optional<llvm::Reloc::Model>, std::optional<llvm::CodeModel::Model>, llvm::CodeGenOptLevel, bool) const /usr/lib/llvm-20/include/llvm/MC/TargetRegistry.h:462:12
    #11 0x55ca9163a09e in tsc::TargetRegistry::initializeAllTargets() /workspace/src/TargetRegistry.cpp:67:41
    #12 0x55ca9162bdcd in tsc::Compiler::initializeLLVM() /workspace/src/Compiler.cpp:349:14
    #13 0x55ca9162b8b7 in tsc::Compiler::Compiler(tsc::CompilerOptions const&) /workspace/src/Compiler.cpp:24:5
    #14 0x55ca915fd7b5 in main /workspace/src/main.cpp:191:18
    #15 0x7ff5c395a337  (/lib/x86_64-linux-gnu/libc.so.6+0x2a337) (BuildId: 467f544f15035abef911999cbc14489edd0555ab)
    #16 0x7ff5c395a3fa in __libc_start_main (/lib/x86_64-linux-gnu/libc.so.6+0x2a3fa) (BuildId: 467f544f15035abef911999cbc14489edd0555ab)
    #17 0x55ca91511b64 in _start (/workspace/build-asan/tsc+0x74b64) (BuildId: 73a10d7cc646a755f705b0ae57418e68578aec2f)

Indirect leak of 720 byte(s) in 2 object(s) allocated from:
    #0 0x55ca915b5858 in malloc (/workspace/build-asan/tsc+0x118858) (BuildId: 73a10d7cc646a755f705b0ae57418e68578aec2f)
    #1 0x7ff5c4ec87d6 in llvm::SmallVectorBase<unsigned int>::mallocForGrow(void*, unsigned long, unsigned long, unsigned long&) (/usr/lib/llvm-20/lib/libLLVM.so.20.1+0xfac7d6) (BuildId: b856c61f98abf0989f157f153740fe0fadfbb760)
    #2 0x7ff5c6f39a5c  (/usr/lib/llvm-20/lib/libLLVM.so.20.1+0x301da5c) (BuildId: b856c61f98abf0989f157f153740fe0fadfbb760)
    #3 0x7ff5c6f39a01  (/usr/lib/llvm-20/lib/libLLVM.so.20.1+0x301da01) (BuildId: b856c61f98abf0989f157f153740fe0fadfbb760)
    #4 0x7ff5c6f39cfe  (/usr/lib/llvm-20/lib/libLLVM.so.20.1+0x301dcfe) (BuildId: b856c61f98abf0989f157f153740fe0fadfbb760)
    #5 0x7ff5c6f34f81  (/usr/lib/llvm-20/lib/libLLVM.so.20.1+0x3018f81) (BuildId: b856c61f98abf0989f157f153740fe0fadfbb760)
    #6 0x7ff5c7b291de  (/usr/lib/llvm-20/lib/libLLVM.so.20.1+0x3c0d1de) (BuildId: b856c61f98abf0989f157f153740fe0fadfbb760)
    #7 0x7ff5c7b6091a  (/usr/lib/llvm-20/lib/libLLVM.so.20.1+0x3c4491a) (BuildId: b856c61f98abf0989f157f153740fe0fadfbb760)
    #8 0x7ff5c7b61710  (/usr/lib/llvm-20/lib/libLLVM.so.20.1+0x3c45710) (BuildId: b856c61f98abf0989f157f153740fe0fadfbb760)
    #9 0x7ff5c7b62a6c  (/usr/lib/llvm-20/lib/libLLVM.so.20.1+0x3c46a6c) (BuildId: b856c61f98abf0989f157f153740fe0fadfbb760)
    #10 0x55ca91648523 in llvm::Target::createTargetMachine(llvm::StringRef, llvm::StringRef, llvm::StringRef, llvm::TargetOptions const&, std::optional<llvm::Reloc::Model>, std::optional<llvm::CodeModel::Model>, llvm::CodeGenOptLevel, bool) const /usr/lib/llvm-20/include/llvm/MC/TargetRegistry.h:462:12
    #11 0x55ca9163a09e in tsc::TargetRegistry::initializeAllTargets() /workspace/src/TargetRegistry.cpp:67:41
    #12 0x55ca9162bdcd in tsc::Compiler::initializeLLVM() /workspace/src/Compiler.cpp:349:14
    #13 0x55ca9162b8b7 in tsc::Compiler::Compiler(tsc::CompilerOptions const&) /workspace/src/Compiler.cpp:24:5
    #14 0x55ca915fd7b5 in main /workspace/src/main.cpp:191:18
    #15 0x7ff5c395a337  (/lib/x86_64-linux-gnu/libc.so.6+0x2a337) (BuildId: 467f544f15035abef911999cbc14489edd0555ab)
    #16 0x7ff5c395a3fa in __libc_start_main (/lib/x86_64-linux-gnu/libc.so.6+0x2a3fa) (BuildId: 467f544f15035abef911999cbc14489edd0555ab)
    #17 0x55ca91511b64 in _start (/workspace/build-asan/tsc+0x74b64) (BuildId: 73a10d7cc646a755f705b0ae57418e68578aec2f)

Indirect leak of 720 byte(s) in 2 object(s) allocated from:
    #0 0x55ca915fa191 in operator new(unsigned long) (/workspace/build-asan/tsc+0x15d191) (BuildId: 73a10d7cc646a755f705b0ae57418e68578aec2f)
    #1 0x7ff5c70d7bd0 in std::vector<std::vector<unsigned short, std::allocator<unsigned short>>, std::allocator<std::vector<unsigned short, std::allocator<unsigned short>>>>::_M_default_append(unsigned long) (/usr/lib/llvm-20/lib/libLLVM.so.20.1+0x31bbbd0) (BuildId: b856c61f98abf0989f157f153740fe0fadfbb760)
    #2 0x7ff5c80f7ccd  (/usr/lib/llvm-20/lib/libLLVM.so.20.1+0x41dbccd) (BuildId: b856c61f98abf0989f157f153740fe0fadfbb760)
    #3 0x7ff5c52d06be in llvm::CodeGenTargetMachineImpl::initAsmInfo() (/usr/lib/llvm-20/lib/libLLVM.so.20.1+0x13b46be) (BuildId: b856c61f98abf0989f157f153740fe0fadfbb760)
    #4 0x7ff5c80d8f3a  (/usr/lib/llvm-20/lib/libLLVM.so.20.1+0x41bcf3a) (BuildId: b856c61f98abf0989f157f153740fe0fadfbb760)
    #5 0x55ca91648523 in llvm::Target::createTargetMachine(llvm::StringRef, llvm::StringRef, llvm::StringRef, llvm::TargetOptions const&, std::optional<llvm::Reloc::Model>, std::optional<llvm::CodeModel::Model>, llvm::CodeGenOptLevel, bool) const /usr/lib/llvm-20/include/llvm/MC/TargetRegistry.h:462:12
    #6 0x55ca9163a09e in tsc::TargetRegistry::initializeAllTargets() /workspace/src/TargetRegistry.cpp:67:41
    #7 0x55ca9162bdcd in tsc::Compiler::initializeLLVM() /workspace/src/Compiler.cpp:349:14
    #8 0x55ca9162b8b7 in tsc::Compiler::Compiler(tsc::CompilerOptions const&) /workspace/src/Compiler.cpp:24:5
    #9 0x55ca915fd7b5 in main /workspace/src/main.cpp:191:18
    #10 0x7ff5c395a337  (/lib/x86_64-linux-gnu/libc.so.6+0x2a337) (BuildId: 467f544f15035abef911999cbc14489edd0555ab)
    #11 0x7ff5c395a3fa in __libc_start_main (/lib/x86_64-linux-gnu/libc.so.6+0x2a3fa) (BuildId: 467f544f15035abef911999cbc14489edd0555ab)
    #12 0x55ca91511b64 in _start (/workspace/build-asan/tsc+0x74b64) (BuildId: 73a10d7cc646a755f705b0ae57418e68578aec2f)

Indirect leak of 720 byte(s) in 2 object(s) allocated from:
    #0 0x55ca915b5858 in malloc (/workspace/build-asan/tsc+0x118858) (BuildId: 73a10d7cc646a755f705b0ae57418e68578aec2f)
    #1 0x7ff5c4ec87d6 in llvm::SmallVectorBase<unsigned int>::mallocForGrow(void*, unsigned long, unsigned long, unsigned long&) (/usr/lib/llvm-20/lib/libLLVM.so.20.1+0xfac7d6) (BuildId: b856c61f98abf0989f157f153740fe0fadfbb760)
    #2 0x7ff5c6f39a5c  (/usr/lib/llvm-20/lib/libLLVM.so.20.1+0x301da5c) (BuildId: b856c61f98abf0989f157f153740fe0fadfbb760)
    #3 0x7ff5c6f39a01  (/usr/lib/llvm-20/lib/libLLVM.so.20.1+0x301da01) (BuildId: b856c61f98abf0989f157f153740fe0fadfbb760)
    #4 0x7ff5c6f398a6  (/usr/lib/llvm-20/lib/libLLVM.so.20.1+0x301d8a6) (BuildId: b856c61f98abf0989f157f153740fe0fadfbb760)
    #5 0x7ff5c7b29106  (/usr/lib/llvm-20/lib/libLLVM.so.20.1+0x3c0d106) (BuildId: b856c61f98abf0989f157f153740fe0fadfbb760)
    #6 0x7ff5c7b6091a  (/usr/lib/llvm-20/lib/libLLVM.so.20.1+0x3c4491a) (BuildId: b856c61f98abf0989f157f153740fe0fadfbb760)
    #7 0x7ff5c7b61a19  (/usr/lib/llvm-20/lib/libLLVM.so.20.1+0x3c45a19) (BuildId: b856c61f98abf0989f157f153740fe0fadfbb760)
    #8 0x7ff5c7b62a6c  (/usr/lib/llvm-20/lib/libLLVM.so.20.1+0x3c46a6c) (BuildId: b856c61f98abf0989f157f153740fe0fadfbb760)
    #9 0x55ca91648523 in llvm::Target::createTargetMachine(llvm::StringRef, llvm::StringRef, llvm::StringRef, llvm::TargetOptions const&, std::optional<llvm::Reloc::Model>, std::optional<llvm::CodeModel::Model>, llvm::CodeGenOptLevel, bool) const /usr/lib/llvm-20/include/llvm/MC/TargetRegistry.h:462:12
    #10 0x55ca9163a09e in tsc::TargetRegistry::initializeAllTargets() /workspace/src/TargetRegistry.cpp:67:41
    #11 0x55ca9162bdcd in tsc::Compiler::initializeLLVM() /workspace/src/Compiler.cpp:349:14
    #12 0x55ca9162b8b7 in tsc::Compiler::Compiler(tsc::CompilerOptions const&) /workspace/src/Compiler.cpp:24:5
    #13 0x55ca915fd7b5 in main /workspace/src/main.cpp:191:18
    #14 0x7ff5c395a337  (/lib/x86_64-linux-gnu/libc.so.6+0x2a337) (BuildId: 467f544f15035abef911999cbc14489edd0555ab)
    #15 0x7ff5c395a3fa in __libc_start_main (/lib/x86_64-linux-gnu/libc.so.6+0x2a3fa) (BuildId: 467f544f15035abef911999cbc14489edd0555ab)
    #16 0x55ca91511b64 in _start (/workspace/build-asan/tsc+0x74b64) (BuildId: 73a10d7cc646a755f705b0ae57418e68578aec2f)

Indirect leak of 720 byte(s) in 2 object(s) allocated from:
    #0 0x55ca915b5858 in malloc (/workspace/build-asan/tsc+0x118858) (BuildId: 73a10d7cc646a755f705b0ae57418e68578aec2f)
    #1 0x7ff5c4ec87d6 in llvm::SmallVectorBase<unsigned int>::mallocForGrow(void*, unsigned long, unsigned long, unsigned long&) (/usr/lib/llvm-20/lib/libLLVM.so.20.1+0xfac7d6) (BuildId: b856c61f98abf0989f157f153740fe0fadfbb760)
    #2 0x7ff5c6f39a5c  (/usr/lib/llvm-20/lib/libLLVM.so.20.1+0x301da5c) (BuildId: b856c61f98abf0989f157f153740fe0fadfbb760)
    #3 0x7ff5c6f39a01  (/usr/lib/llvm-20/lib/libLLVM.so.20.1+0x301da01) (BuildId: b856c61f98abf0989f157f153740fe0fadfbb760)
    #4 0x7ff5c6f39cfe  (/usr/lib/llvm-20/lib/libLLVM.so.20.1+0x301dcfe) (BuildId: b856c61f98abf0989f157f153740fe0fadfbb760)
    #5 0x7ff5c6f34f81  (/usr/lib/llvm-20/lib/libLLVM.so.20.1+0x3018f81) (BuildId: b856c61f98abf0989f157f153740fe0fadfbb760)
    #6 0x7ff5c7b29261  (/usr/lib/llvm-20/lib/libLLVM.so.20.1+0x3c0d261) (BuildId: b856c61f98abf0989f157f153740fe0fadfbb760)
    #7 0x7ff5c7b6091a  (/usr/lib/llvm-20/lib/libLLVM.so.20.1+0x3c4491a) (BuildId: b856c61f98abf0989f157f153740fe0fadfbb760)
    #8 0x7ff5c7b61a19  (/usr/lib/llvm-20/lib/libLLVM.so.20.1+0x3c45a19) (BuildId: b856c61f98abf0989f157f153740fe0fadfbb760)
    #9 0x7ff5c7b62a6c  (/usr/lib/llvm-20/lib/libLLVM.so.20.1+0x3c46a6c) (BuildId: b856c61f98abf0989f157f153740fe0fadfbb760)
    #10 0x55ca91648523 in llvm::Target::createTargetMachine(llvm::StringRef, llvm::StringRef, llvm::StringRef, llvm::TargetOptions const&, std::optional<llvm::Reloc::Model>, std::optional<llvm::CodeModel::Model>, llvm::CodeGenOptLevel, bool) const /usr/lib/llvm-20/include/llvm/MC/TargetRegistry.h:462:12
    #11 0x55ca9163a09e in tsc::TargetRegistry::initializeAllTargets() /workspace/src/TargetRegistry.cpp:67:41
    #12 0x55ca9162bdcd in tsc::Compiler::initializeLLVM() /workspace/src/Compiler.cpp:349:14
    #13 0x55ca9162b8b7 in tsc::Compiler::Compiler(tsc::CompilerOptions const&) /workspace/src/Compiler.cpp:24:5
    #14 0x55ca915fd7b5 in main /workspace/src/main.cpp:191:18
    #15 0x7ff5c395a337  (/lib/x86_64-linux-gnu/libc.so.6+0x2a337) (BuildId: 467f544f15035abef911999cbc14489edd0555ab)
    #16 0x7ff5c395a3fa in __libc_start_main (/lib/x86_64-linux-gnu/libc.so.6+0x2a3fa) (BuildId: 467f544f15035abef911999cbc14489edd0555ab)
    #17 0x55ca91511b64 in _start (/workspace/build-asan/tsc+0x74b64) (BuildId: 73a10d7cc646a755f705b0ae57418e68578aec2f)

Indirect leak of 720 byte(s) in 2 object(s) allocated from:
    #0 0x55ca915b5858 in malloc (/workspace/build-asan/tsc+0x118858) (BuildId: 73a10d7cc646a755f705b0ae57418e68578aec2f)
    #1 0x7ff5c4ec87d6 in llvm::SmallVectorBase<unsigned int>::mallocForGrow(void*, unsigned long, unsigned long, unsigned long&) (/usr/lib/llvm-20/lib/libLLVM.so.20.1+0xfac7d6) (BuildId: b856c61f98abf0989f157f153740fe0fadfbb760)
    #2 0x7ff5c6f39a5c  (/usr/lib/llvm-20/lib/libLLVM.so.20.1+0x301da5c) (BuildId: b856c61f98abf0989f157f153740fe0fadfbb760)
    #3 0x7ff5c6f39a01  (/usr/lib/llvm-20/lib/libLLVM.so.20.1+0x301da01) (BuildId: b856c61f98abf0989f157f153740fe0fadfbb760)
    #4 0x7ff5c6f39cfe  (/usr/lib/llvm-20/lib/libLLVM.so.20.1+0x301dcfe) (BuildId: b856c61f98abf0989f157f153740fe0fadfbb760)
    #5 0x7ff5c6f34f81  (/usr/lib/llvm-20/lib/libLLVM.so.20.1+0x3018f81) (BuildId: b856c61f98abf0989f157f153740fe0fadfbb760)
    #6 0x7ff5c7b28bb9  (/usr/lib/llvm-20/lib/libLLVM.so.20.1+0x3c0cbb9) (BuildId: b856c61f98abf0989f157f153740fe0fadfbb760)
    #7 0x7ff5c7b6091a  (/usr/lib/llvm-20/lib/libLLVM.so.20.1+0x3c4491a) (BuildId: b856c61f98abf0989f157f153740fe0fadfbb760)
    #8 0x7ff5c7b61710  (/usr/lib/llvm-20/lib/libLLVM.so.20.1+0x3c45710) (BuildId: b856c61f98abf0989f157f153740fe0fadfbb760)
    #9 0x7ff5c7b62a6c  (/usr/lib/llvm-20/lib/libLLVM.so.20.1+0x3c46a6c) (BuildId: b856c61f98abf0989f157f153740fe0fadfbb760)
    #10 0x55ca91648523 in llvm::Target::createTargetMachine(llvm::StringRef, llvm::StringRef, llvm::StringRef, llvm::TargetOptions const&, std::optional<llvm::Reloc::Model>, std::optional<llvm::CodeModel::Model>, llvm::CodeGenOptLevel, bool) const /usr/lib/llvm-20/include/llvm/MC/TargetRegistry.h:462:12
    #11 0x55ca9163a09e in tsc::TargetRegistry::initializeAllTargets() /workspace/src/TargetRegistry.cpp:67:41
    #12 0x55ca9162bdcd in tsc::Compiler::initializeLLVM() /workspace/src/Compiler.cpp:349:14
    #13 0x55ca9162b8b7 in tsc::Compiler::Compiler(tsc::CompilerOptions const&) /workspace/src/Compiler.cpp:24:5
    #14 0x55ca915fd7b5 in main /workspace/src/main.cpp:191:18
    #15 0x7ff5c395a337  (/lib/x86_64-linux-gnu/libc.so.6+0x2a337) (BuildId: 467f544f15035abef911999cbc14489edd0555ab)
    #16 0x7ff5c395a3fa in __libc_start_main (/lib/x86_64-linux-gnu/libc.so.6+0x2a3fa) (BuildId: 467f544f15035abef911999cbc14489edd0555ab)
    #17 0x55ca91511b64 in _start (/workspace/build-asan/tsc+0x74b64) (BuildId: 73a10d7cc646a755f705b0ae57418e68578aec2f)

Indirect leak of 720 byte(s) in 2 object(s) allocated from:
    #0 0x55ca915b5858 in malloc (/workspace/build-asan/tsc+0x118858) (BuildId: 73a10d7cc646a755f705b0ae57418e68578aec2f)
    #1 0x7ff5c4ec87d6 in llvm::SmallVectorBase<unsigned int>::mallocForGrow(void*, unsigned long, unsigned long, unsigned long&) (/usr/lib/llvm-20/lib/libLLVM.so.20.1+0xfac7d6) (BuildId: b856c61f98abf0989f157f153740fe0fadfbb760)
    #2 0x7ff5c6f39a5c  (/usr/lib/llvm-20/lib/libLLVM.so.20.1+0x301da5c) (BuildId: b856c61f98abf0989f157f153740fe0fadfbb760)
    #3 0x7ff5c6f39a01  (/usr/lib/llvm-20/lib/libLLVM.so.20.1+0x301da01) (BuildId: b856c61f98abf0989f157f153740fe0fadfbb760)
    #4 0x7ff5c6f398a6  (/usr/lib/llvm-20/lib/libLLVM.so.20.1+0x301d8a6) (BuildId: b856c61f98abf0989f157f153740fe0fadfbb760)
    #5 0x7ff5c7b29106  (/usr/lib/llvm-20/lib/libLLVM.so.20.1+0x3c0d106) (BuildId: b856c61f98abf0989f157f153740fe0fadfbb760)
    #6 0x7ff5c7b6091a  (/usr/lib/llvm-20/lib/libLLVM.so.20.1+0x3c4491a) (BuildId: b856c61f98abf0989f157f153740fe0fadfbb760)
    #7 0x7ff5c7b61710  (/usr/lib/llvm-20/lib/libLLVM.so.20.1+0x3c45710) (BuildId: b856c61f98abf0989f157f153740fe0fadfbb760)
    #8 0x7ff5c7b62a6c  (/usr/lib/llvm-20/lib/libLLVM.so.20.1+0x3c46a6c) (BuildId: b856c61f98abf0989f157f153740fe0fadfbb760)
    #9 0x55ca91648523 in llvm::Target::createTargetMachine(llvm::StringRef, llvm::StringRef, llvm::StringRef, llvm::TargetOptions const&, std::optional<llvm::Reloc::Model>, std::optional<llvm::CodeModel::Model>, llvm::CodeGenOptLevel, bool) const /usr/lib/llvm-20/include/llvm/MC/TargetRegistry.h:462:12
    #10 0x55ca9163a09e in tsc::TargetRegistry::initializeAllTargets() /workspace/src/TargetRegistry.cpp:67:41
    #11 0x55ca9162bdcd in tsc::Compiler::initializeLLVM() /workspace/src/Compiler.cpp:349:14
    #12 0x55ca9162b8b7 in tsc::Compiler::Compiler(tsc::CompilerOptions const&) /workspace/src/Compiler.cpp:24:5
    #13 0x55ca915fd7b5 in main /workspace/src/main.cpp:191:18
    #14 0x7ff5c395a337  (/lib/x86_64-linux-gnu/libc.so.6+0x2a337) (BuildId: 467f544f15035abef911999cbc14489edd0555ab)
    #15 0x7ff5c395a3fa in __libc_start_main (/lib/x86_64-linux-gnu/libc.so.6+0x2a3fa) (BuildId: 467f544f15035abef911999cbc14489edd0555ab)
    #16 0x55ca91511b64 in _start (/workspace/build-asan/tsc+0x74b64) (BuildId: 73a10d7cc646a755f705b0ae57418e68578aec2f)

Indirect leak of 720 byte(s) in 2 object(s) allocated from:
    #0 0x55ca915b5858 in malloc (/workspace/build-asan/tsc+0x118858) (BuildId: 73a10d7cc646a755f705b0ae57418e68578aec2f)
    #1 0x7ff5c4ec87d6 in llvm::SmallVectorBase<unsigned int>::mallocForGrow(void*, unsigned long, unsigned long, unsigned long&) (/usr/lib/llvm-20/lib/libLLVM.so.20.1+0xfac7d6) (BuildId: b856c61f98abf0989f157f153740fe0fadfbb760)
    #2 0x7ff5c6f39a5c  (/usr/lib/llvm-20/lib/libLLVM.so.20.1+0x301da5c) (BuildId: b856c61f98abf0989f157f153740fe0fadfbb760)
    #3 0x7ff5c6f39a01  (/usr/lib/llvm-20/lib/libLLVM.so.20.1+0x301da01) (BuildId: b856c61f98abf0989f157f153740fe0fadfbb760)
    #4 0x7ff5c6f39cfe  (/usr/lib/llvm-20/lib/libLLVM.so.20.1+0x301dcfe) (BuildId: b856c61f98abf0989f157f153740fe0fadfbb760)
    #5 0x7ff5c6f34781  (/usr/lib/llvm-20/lib/libLLVM.so.20.1+0x3018781) (BuildId: b856c61f98abf0989f157f153740fe0fadfbb760)
    #6 0x7ff5c7b29c9b  (/usr/lib/llvm-20/lib/libLLVM.so.20.1+0x3c0dc9b) (BuildId: b856c61f98abf0989f157f153740fe0fadfbb760)
    #7 0x7ff5c7b6091a  (/usr/lib/llvm-20/lib/libLLVM.so.20.1+0x3c4491a) (BuildId: b856c61f98abf0989f157f153740fe0fadfbb760)
    #8 0x7ff5c7b61710  (/usr/lib/llvm-20/lib/libLLVM.so.20.1+0x3c45710) (BuildId: b856c61f98abf0989f157f153740fe0fadfbb760)
    #9 0x7ff5c7b62b2c  (/usr/lib/llvm-20/lib/libLLVM.so.20.1+0x3c46b2c) (BuildId: b856c61f98abf0989f157f153740fe0fadfbb760)
    #10 0x55ca91648523 in llvm::Target::createTargetMachine(llvm::StringRef, llvm::StringRef, llvm::StringRef, llvm::TargetOptions const&, std::optional<llvm::Reloc::Model>, std::optional<llvm::CodeModel::Model>, llvm::CodeGenOptLevel, bool) const /usr/lib/llvm-20/include/llvm/MC/TargetRegistry.h:462:12
    #11 0x55ca9163a09e in tsc::TargetRegistry::initializeAllTargets() /workspace/src/TargetRegistry.cpp:67:41
    #12 0x55ca9162bdcd in tsc::Compiler::initializeLLVM() /workspace/src/Compiler.cpp:349:14
    #13 0x55ca9162b8b7 in tsc::Compiler::Compiler(tsc::CompilerOptions const&) /workspace/src/Compiler.cpp:24:5
    #14 0x55ca915fd7b5 in main /workspace/src/main.cpp:191:18
    #15 0x7ff5c395a337  (/lib/x86_64-linux-gnu/libc.so.6+0x2a337) (BuildId: 467f544f15035abef911999cbc14489edd0555ab)
    #16 0x7ff5c395a3fa in __libc_start_main (/lib/x86_64-linux-gnu/libc.so.6+0x2a3fa) (BuildId: 467f544f15035abef911999cbc14489edd0555ab)
    #17 0x55ca91511b64 in _start (/workspace/build-asan/tsc+0x74b64) (BuildId: 73a10d7cc646a755f705b0ae57418e68578aec2f)

Indirect leak of 720 byte(s) in 2 object(s) allocated from:
    #0 0x55ca915b5858 in malloc (/workspace/build-asan/tsc+0x118858) (BuildId: 73a10d7cc646a755f705b0ae57418e68578aec2f)
    #1 0x7ff5c4ec87d6 in llvm::SmallVectorBase<unsigned int>::mallocForGrow(void*, unsigned long, unsigned long, unsigned long&) (/usr/lib/llvm-20/lib/libLLVM.so.20.1+0xfac7d6) (BuildId: b856c61f98abf0989f157f153740fe0fadfbb760)
    #2 0x7ff5c6f39a5c  (/usr/lib/llvm-20/lib/libLLVM.so.20.1+0x301da5c) (BuildId: b856c61f98abf0989f157f153740fe0fadfbb760)
    #3 0x7ff5c6f39a01  (/usr/lib/llvm-20/lib/libLLVM.so.20.1+0x301da01) (BuildId: b856c61f98abf0989f157f153740fe0fadfbb760)
    #4 0x7ff5c6f39cfe  (/usr/lib/llvm-20/lib/libLLVM.so.20.1+0x301dcfe) (BuildId: b856c61f98abf0989f157f153740fe0fadfbb760)
    #5 0x7ff5c6f34781  (/usr/lib/llvm-20/lib/libLLVM.so.20.1+0x3018781) (BuildId: b856c61f98abf0989f157f153740fe0fadfbb760)
    #6 0x7ff5c7b28d88  (/usr/lib/llvm-20/lib/libLLVM.so.20.1+0x3c0cd88) (BuildId: b856c61f98abf0989f157f153740fe0fadfbb760)
    #7 0x7ff5c7b6091a  (/usr/lib/llvm-20/lib/libLLVM.so.20.1+0x3c4491a) (BuildId: b856c61f98abf0989f157f153740fe0fadfbb760)
    #8 0x7ff5c7b6188a  (/usr/lib/llvm-20/lib/libLLVM.so.20.1+0x3c4588a) (BuildId: b856c61f98abf0989f157f153740fe0fadfbb760)
    #9 0x7ff5c7b62b2c  (/usr/lib/llvm-20/lib/libLLVM.so.20.1+0x3c46b2c) (BuildId: b856c61f98abf0989f157f153740fe0fadfbb760)
    #10 0x55ca91648523 in llvm::Target::createTargetMachine(llvm::StringRef, llvm::StringRef, llvm::StringRef, llvm::TargetOptions const&, std::optional<llvm::Reloc::Model>, std::optional<llvm::CodeModel::Model>, llvm::CodeGenOptLevel, bool) const /usr/lib/llvm-20/include/llvm/MC/TargetRegistry.h:462:12
    #11 0x55ca9163a09e in tsc::TargetRegistry::initializeAllTargets() /workspace/src/TargetRegistry.cpp:67:41
    #12 0x55ca9162bdcd in tsc::Compiler::initializeLLVM() /workspace/src/Compiler.cpp:349:14
    #13 0x55ca9162b8b7 in tsc::Compiler::Compiler(tsc::CompilerOptions const&) /workspace/src/Compiler.cpp:24:5
    #14 0x55ca915fd7b5 in main /workspace/src/main.cpp:191:18
    #15 0x7ff5c395a337  (/lib/x86_64-linux-gnu/libc.so.6+0x2a337) (BuildId: 467f544f15035abef911999cbc14489edd0555ab)
    #16 0x7ff5c395a3fa in __libc_start_main (/lib/x86_64-linux-gnu/libc.so.6+0x2a3fa) (BuildId: 467f544f15035abef911999cbc14489edd0555ab)
    #17 0x55ca91511b64 in _start (/workspace/build-asan/tsc+0x74b64) (BuildId: 73a10d7cc646a755f705b0ae57418e68578aec2f)

Indirect leak of 720 byte(s) in 2 object(s) allocated from:
    #0 0x55ca915b5858 in malloc (/workspace/build-asan/tsc+0x118858) (BuildId: 73a10d7cc646a755f705b0ae57418e68578aec2f)
    #1 0x7ff5c4ec87d6 in llvm::SmallVectorBase<unsigned int>::mallocForGrow(void*, unsigned long, unsigned long, unsigned long&) (/usr/lib/llvm-20/lib/libLLVM.so.20.1+0xfac7d6) (BuildId: b856c61f98abf0989f157f153740fe0fadfbb760)
    #2 0x7ff5c6f39a5c  (/usr/lib/llvm-20/lib/libLLVM.so.20.1+0x301da5c) (BuildId: b856c61f98abf0989f157f153740fe0fadfbb760)
    #3 0x7ff5c6f39a01  (/usr/lib/llvm-20/lib/libLLVM.so.20.1+0x301da01) (BuildId: b856c61f98abf0989f157f153740fe0fadfbb760)
    #4 0x7ff5c6f39cfe  (/usr/lib/llvm-20/lib/libLLVM.so.20.1+0x301dcfe) (BuildId: b856c61f98abf0989f157f153740fe0fadfbb760)
    #5 0x7ff5c6f34f81  (/usr/lib/llvm-20/lib/libLLVM.so.20.1+0x3018f81) (BuildId: b856c61f98abf0989f157f153740fe0fadfbb760)
    #6 0x7ff5c7b292dc  (/usr/lib/llvm-20/lib/libLLVM.so.20.1+0x3c0d2dc) (BuildId: b856c61f98abf0989f157f153740fe0fadfbb760)
    #7 0x7ff5c7b6091a  (/usr/lib/llvm-20/lib/libLLVM.so.20.1+0x3c4491a) (BuildId: b856c61f98abf0989f157f153740fe0fadfbb760)
    #8 0x7ff5c7b6188a  (/usr/lib/llvm-20/lib/libLLVM.so.20.1+0x3c4588a) (BuildId: b856c61f98abf0989f157f153740fe0fadfbb760)
    #9 0x7ff5c7b62a6c  (/usr/lib/llvm-20/lib/libLLVM.so.20.1+0x3c46a6c) (BuildId: b856c61f98abf0989f157f153740fe0fadfbb760)
    #10 0x55ca91648523 in llvm::Target::createTargetMachine(llvm::StringRef, llvm::StringRef, llvm::StringRef, llvm::TargetOptions const&, std::optional<llvm::Reloc::Model>, std::optional<llvm::CodeModel::Model>, llvm::CodeGenOptLevel, bool) const /usr/lib/llvm-20/include/llvm/MC/TargetRegistry.h:462:12
    #11 0x55ca9163a09e in tsc::TargetRegistry::initializeAllTargets() /workspace/src/TargetRegistry.cpp:67:41
    #12 0x55ca9162bdcd in tsc::Compiler::initializeLLVM() /workspace/src/Compiler.cpp:349:14
    #13 0x55ca9162b8b7 in tsc::Compiler::Compiler(tsc::CompilerOptions const&) /workspace/src/Compiler.cpp:24:5
    #14 0x55ca915fd7b5 in main /workspace/src/main.cpp:191:18
    #15 0x7ff5c395a337  (/lib/x86_64-linux-gnu/libc.so.6+0x2a337) (BuildId: 467f544f15035abef911999cbc14489edd0555ab)
    #16 0x7ff5c395a3fa in __libc_start_main (/lib/x86_64-linux-gnu/libc.so.6+0x2a3fa) (BuildId: 467f544f15035abef911999cbc14489edd0555ab)
    #17 0x55ca91511b64 in _start (/workspace/build-asan/tsc+0x74b64) (BuildId: 73a10d7cc646a755f705b0ae57418e68578aec2f)

Indirect leak of 720 byte(s) in 2 object(s) allocated from:
    #0 0x55ca915b5858 in malloc (/workspace/build-asan/tsc+0x118858) (BuildId: 73a10d7cc646a755f705b0ae57418e68578aec2f)
    #1 0x7ff5c4ec87d6 in llvm::SmallVectorBase<unsigned int>::mallocForGrow(void*, unsigned long, unsigned long, unsigned long&) (/usr/lib/llvm-20/lib/libLLVM.so.20.1+0xfac7d6) (BuildId: b856c61f98abf0989f157f153740fe0fadfbb760)
    #2 0x7ff5c6f39a5c  (/usr/lib/llvm-20/lib/libLLVM.so.20.1+0x301da5c) (BuildId: b856c61f98abf0989f157f153740fe0fadfbb760)
    #3 0x7ff5c6f39a01  (/usr/lib/llvm-20/lib/libLLVM.so.20.1+0x301da01) (BuildId: b856c61f98abf0989f157f153740fe0fadfbb760)
    #4 0x7ff5c6f39cfe  (/usr/lib/llvm-20/lib/libLLVM.so.20.1+0x301dcfe) (BuildId: b856c61f98abf0989f157f153740fe0fadfbb760)
    #5 0x7ff5c6f34f81  (/usr/lib/llvm-20/lib/libLLVM.so.20.1+0x3018f81) (BuildId: b856c61f98abf0989f157f153740fe0fadfbb760)
    #6 0x7ff5c7b285ef  (/usr/lib/llvm-20/lib/libLLVM.so.20.1+0x3c0c5ef) (BuildId: b856c61f98abf0989f157f153740fe0fadfbb760)
    #7 0x7ff5c7b6091a  (/usr/lib/llvm-20/lib/libLLVM.so.20.1+0x3c4491a) (BuildId: b856c61f98abf0989f157f153740fe0fadfbb760)
    #8 0x7ff5c7b6188a  (/usr/lib/llvm-20/lib/libLLVM.so.20.1+0x3c4588a) (BuildId: b856c61f98abf0989f157f153740fe0fadfbb760)
    #9 0x7ff5c7b62b2c  (/usr/lib/llvm-20/lib/libLLVM.so.20.1+0x3c46b2c) (BuildId: b856c61f98abf0989f157f153740fe0fadfbb760)
    #10 0x55ca91648523 in llvm::Target::createTargetMachine(llvm::StringRef, llvm::StringRef, llvm::StringRef, llvm::TargetOptions const&, std::optional<llvm::Reloc::Model>, std::optional<llvm::CodeModel::Model>, llvm::CodeGenOptLevel, bool) const /usr/lib/llvm-20/include/llvm/MC/TargetRegistry.h:462:12
    #11 0x55ca9163a09e in tsc::TargetRegistry::initializeAllTargets() /workspace/src/TargetRegistry.cpp:67:41
    #12 0x55ca9162bdcd in tsc::Compiler::initializeLLVM() /workspace/src/Compiler.cpp:349:14
    #13 0x55ca9162b8b7 in tsc::Compiler::Compiler(tsc::CompilerOptions const&) /workspace/src/Compiler.cpp:24:5
    #14 0x55ca915fd7b5 in main /workspace/src/main.cpp:191:18
    #15 0x7ff5c395a337  (/lib/x86_64-linux-gnu/libc.so.6+0x2a337) (BuildId: 467f544f15035abef911999cbc14489edd0555ab)
    #16 0x7ff5c395a3fa in __libc_start_main (/lib/x86_64-linux-gnu/libc.so.6+0x2a3fa) (BuildId: 467f544f15035abef911999cbc14489edd0555ab)
    #17 0x55ca91511b64 in _start (/workspace/build-asan/tsc+0x74b64) (BuildId: 73a10d7cc646a755f705b0ae57418e68578aec2f)

Indirect leak of 720 byte(s) in 2 object(s) allocated from:
    #0 0x55ca915b5858 in malloc (/workspace/build-asan/tsc+0x118858) (BuildId: 73a10d7cc646a755f705b0ae57418e68578aec2f)
    #1 0x7ff5c4ec87d6 in llvm::SmallVectorBase<unsigned int>::mallocForGrow(void*, unsigned long, unsigned long, unsigned long&) (/usr/lib/llvm-20/lib/libLLVM.so.20.1+0xfac7d6) (BuildId: b856c61f98abf0989f157f153740fe0fadfbb760)
    #2 0x7ff5c6f39a5c  (/usr/lib/llvm-20/lib/libLLVM.so.20.1+0x301da5c) (BuildId: b856c61f98abf0989f157f153740fe0fadfbb760)
    #3 0x7ff5c6f39a01  (/usr/lib/llvm-20/lib/libLLVM.so.20.1+0x301da01) (BuildId: b856c61f98abf0989f157f153740fe0fadfbb760)
    #4 0x7ff5c6f39cfe  (/usr/lib/llvm-20/lib/libLLVM.so.20.1+0x301dcfe) (BuildId: b856c61f98abf0989f157f153740fe0fadfbb760)
    #5 0x7ff5c6f34f81  (/usr/lib/llvm-20/lib/libLLVM.so.20.1+0x3018f81) (BuildId: b856c61f98abf0989f157f153740fe0fadfbb760)
    #6 0x7ff5c7b28fad  (/usr/lib/llvm-20/lib/libLLVM.so.20.1+0x3c0cfad) (BuildId: b856c61f98abf0989f157f153740fe0fadfbb760)
    #7 0x7ff5c7b6091a  (/usr/lib/llvm-20/lib/libLLVM.so.20.1+0x3c4491a) (BuildId: b856c61f98abf0989f157f153740fe0fadfbb760)
    #8 0x7ff5c7b61710  (/usr/lib/llvm-20/lib/libLLVM.so.20.1+0x3c45710) (BuildId: b856c61f98abf0989f157f153740fe0fadfbb760)
    #9 0x7ff5c7b62a6c  (/usr/lib/llvm-20/lib/libLLVM.so.20.1+0x3c46a6c) (BuildId: b856c61f98abf0989f157f153740fe0fadfbb760)
    #10 0x55ca91648523 in llvm::Target::createTargetMachine(llvm::StringRef, llvm::StringRef, llvm::StringRef, llvm::TargetOptions const&, std::optional<llvm::Reloc::Model>, std::optional<llvm::CodeModel::Model>, llvm::CodeGenOptLevel, bool) const /usr/lib/llvm-20/include/llvm/MC/TargetRegistry.h:462:12
    #11 0x55ca9163a09e in tsc::TargetRegistry::initializeAllTargets() /workspace/src/TargetRegistry.cpp:67:41
    #12 0x55ca9162bdcd in tsc::Compiler::initializeLLVM() /workspace/src/Compiler.cpp:349:14
    #13 0x55ca9162b8b7 in tsc::Compiler::Compiler(tsc::CompilerOptions const&) /workspace/src/Compiler.cpp:24:5
    #14 0x55ca915fd7b5 in main /workspace/src/main.cpp:191:18
    #15 0x7ff5c395a337  (/lib/x86_64-linux-gnu/libc.so.6+0x2a337) (BuildId: 467f544f15035abef911999cbc14489edd0555ab)
    #16 0x7ff5c395a3fa in __libc_start_main (/lib/x86_64-linux-gnu/libc.so.6+0x2a3fa) (BuildId: 467f544f15035abef911999cbc14489edd0555ab)
    #17 0x55ca91511b64 in _start (/workspace/build-asan/tsc+0x74b64) (BuildId: 73a10d7cc646a755f705b0ae57418e68578aec2f)

Indirect leak of 720 byte(s) in 2 object(s) allocated from:
    #0 0x55ca915b5858 in malloc (/workspace/build-asan/tsc+0x118858) (BuildId: 73a10d7cc646a755f705b0ae57418e68578aec2f)
    #1 0x7ff5c4ec87d6 in llvm::SmallVectorBase<unsigned int>::mallocForGrow(void*, unsigned long, unsigned long, unsigned long&) (/usr/lib/llvm-20/lib/libLLVM.so.20.1+0xfac7d6) (BuildId: b856c61f98abf0989f157f153740fe0fadfbb760)
    #2 0x7ff5c6f39a5c  (/usr/lib/llvm-20/lib/libLLVM.so.20.1+0x301da5c) (BuildId: b856c61f98abf0989f157f153740fe0fadfbb760)
    #3 0x7ff5c6f39a01  (/usr/lib/llvm-20/lib/libLLVM.so.20.1+0x301da01) (BuildId: b856c61f98abf0989f157f153740fe0fadfbb760)
    #4 0x7ff5c6f39cfe  (/usr/lib/llvm-20/lib/libLLVM.so.20.1+0x301dcfe) (BuildId: b856c61f98abf0989f157f153740fe0fadfbb760)
    #5 0x7ff5c6f34781  (/usr/lib/llvm-20/lib/libLLVM.so.20.1+0x3018781) (BuildId: b856c61f98abf0989f157f153740fe0fadfbb760)
    #6 0x7ff5c7b29c9b  (/usr/lib/llvm-20/lib/libLLVM.so.20.1+0x3c0dc9b) (BuildId: b856c61f98abf0989f157f153740fe0fadfbb760)
    #7 0x7ff5c7b6091a  (/usr/lib/llvm-20/lib/libLLVM.so.20.1+0x3c4491a) (BuildId: b856c61f98abf0989f157f153740fe0fadfbb760)
    #8 0x7ff5c7b61a19  (/usr/lib/llvm-20/lib/libLLVM.so.20.1+0x3c45a19) (BuildId: b856c61f98abf0989f157f153740fe0fadfbb760)
    #9 0x7ff5c7b62b2c  (/usr/lib/llvm-20/lib/libLLVM.so.20.1+0x3c46b2c) (BuildId: b856c61f98abf0989f157f153740fe0fadfbb760)
    #10 0x55ca91648523 in llvm::Target::createTargetMachine(llvm::StringRef, llvm::StringRef, llvm::StringRef, llvm::TargetOptions const&, std::optional<llvm::Reloc::Model>, std::optional<llvm::CodeModel::Model>, llvm::CodeGenOptLevel, bool) const /usr/lib/llvm-20/include/llvm/MC/TargetRegistry.h:462:12
    #11 0x55ca9163a09e in tsc::TargetRegistry::initializeAllTargets() /workspace/src/TargetRegistry.cpp:67:41
    #12 0x55ca9162bdcd in tsc::Compiler::initializeLLVM() /workspace/src/Compiler.cpp:349:14
    #13 0x55ca9162b8b7 in tsc::Compiler::Compiler(tsc::CompilerOptions const&) /workspace/src/Compiler.cpp:24:5
    #14 0x55ca915fd7b5 in main /workspace/src/main.cpp:191:18
    #15 0x7ff5c395a337  (/lib/x86_64-linux-gnu/libc.so.6+0x2a337) (BuildId: 467f544f15035abef911999cbc14489edd0555ab)
    #16 0x7ff5c395a3fa in __libc_start_main (/lib/x86_64-linux-gnu/libc.so.6+0x2a3fa) (BuildId: 467f544f15035abef911999cbc14489edd0555ab)
    #17 0x55ca91511b64 in _start (/workspace/build-asan/tsc+0x74b64) (BuildId: 73a10d7cc646a755f705b0ae57418e68578aec2f)

Indirect leak of 720 byte(s) in 2 object(s) allocated from:
    #0 0x55ca915b5858 in malloc (/workspace/build-asan/tsc+0x118858) (BuildId: 73a10d7cc646a755f705b0ae57418e68578aec2f)
    #1 0x7ff5c4ec87d6 in llvm::SmallVectorBase<unsigned int>::mallocForGrow(void*, unsigned long, unsigned long, unsigned long&) (/usr/lib/llvm-20/lib/libLLVM.so.20.1+0xfac7d6) (BuildId: b856c61f98abf0989f157f153740fe0fadfbb760)
    #2 0x7ff5c6f39a5c  (/usr/lib/llvm-20/lib/libLLVM.so.20.1+0x301da5c) (BuildId: b856c61f98abf0989f157f153740fe0fadfbb760)
    #3 0x7ff5c6f39a01  (/usr/lib/llvm-20/lib/libLLVM.so.20.1+0x301da01) (BuildId: b856c61f98abf0989f157f153740fe0fadfbb760)
    #4 0x7ff5c6f39cfe  (/usr/lib/llvm-20/lib/libLLVM.so.20.1+0x301dcfe) (BuildId: b856c61f98abf0989f157f153740fe0fadfbb760)
    #5 0x7ff5c6f34f81  (/usr/lib/llvm-20/lib/libLLVM.so.20.1+0x3018f81) (BuildId: b856c61f98abf0989f157f153740fe0fadfbb760)
    #6 0x7ff5c7b29616  (/usr/lib/llvm-20/lib/libLLVM.so.20.1+0x3c0d616) (BuildId: b856c61f98abf0989f157f153740fe0fadfbb760)
    #7 0x7ff5c7b6091a  (/usr/lib/llvm-20/lib/libLLVM.so.20.1+0x3c4491a) (BuildId: b856c61f98abf0989f157f153740fe0fadfbb760)
    #8 0x7ff5c7b61710  (/usr/lib/llvm-20/lib/libLLVM.so.20.1+0x3c45710) (BuildId: b856c61f98abf0989f157f153740fe0fadfbb760)
    #9 0x7ff5c7b62a6c  (/usr/lib/llvm-20/lib/libLLVM.so.20.1+0x3c46a6c) (BuildId: b856c61f98abf0989f157f153740fe0fadfbb760)
    #10 0x55ca91648523 in llvm::Target::createTargetMachine(llvm::StringRef, llvm::StringRef, llvm::StringRef, llvm::TargetOptions const&, std::optional<llvm::Reloc::Model>, std::optional<llvm::CodeModel::Model>, llvm::CodeGenOptLevel, bool) const /usr/lib/llvm-20/include/llvm/MC/TargetRegistry.h:462:12
    #11 0x55ca9163a09e in tsc::TargetRegistry::initializeAllTargets() /workspace/src/TargetRegistry.cpp:67:41
    #12 0x55ca9162bdcd in tsc::Compiler::initializeLLVM() /workspace/src/Compiler.cpp:349:14
    #13 0x55ca9162b8b7 in tsc::Compiler::Compiler(tsc::CompilerOptions const&) /workspace/src/Compiler.cpp:24:5
    #14 0x55ca915fd7b5 in main /workspace/src/main.cpp:191:18
    #15 0x7ff5c395a337  (/lib/x86_64-linux-gnu/libc.so.6+0x2a337) (BuildId: 467f544f15035abef911999cbc14489edd0555ab)
    #16 0x7ff5c395a3fa in __libc_start_main (/lib/x86_64-linux-gnu/libc.so.6+0x2a3fa) (BuildId: 467f544f15035abef911999cbc14489edd0555ab)
    #17 0x55ca91511b64 in _start (/workspace/build-asan/tsc+0x74b64) (BuildId: 73a10d7cc646a755f705b0ae57418e68578aec2f)

Indirect leak of 720 byte(s) in 2 object(s) allocated from:
    #0 0x55ca915b5858 in malloc (/workspace/build-asan/tsc+0x118858) (BuildId: 73a10d7cc646a755f705b0ae57418e68578aec2f)
    #1 0x7ff5c4ec87d6 in llvm::SmallVectorBase<unsigned int>::mallocForGrow(void*, unsigned long, unsigned long, unsigned long&) (/usr/lib/llvm-20/lib/libLLVM.so.20.1+0xfac7d6) (BuildId: b856c61f98abf0989f157f153740fe0fadfbb760)
    #2 0x7ff5c6f39a5c  (/usr/lib/llvm-20/lib/libLLVM.so.20.1+0x301da5c) (BuildId: b856c61f98abf0989f157f153740fe0fadfbb760)
    #3 0x7ff5c6f39a01  (/usr/lib/llvm-20/lib/libLLVM.so.20.1+0x301da01) (BuildId: b856c61f98abf0989f157f153740fe0fadfbb760)
    #4 0x7ff5c6f39cfe  (/usr/lib/llvm-20/lib/libLLVM.so.20.1+0x301dcfe) (BuildId: b856c61f98abf0989f157f153740fe0fadfbb760)
    #5 0x7ff5c6f34781  (/usr/lib/llvm-20/lib/libLLVM.so.20.1+0x3018781) (BuildId: b856c61f98abf0989f157f153740fe0fadfbb760)
    #6 0x7ff5c7b29d1c  (/usr/lib/llvm-20/lib/libLLVM.so.20.1+0x3c0dd1c) (BuildId: b856c61f98abf0989f157f153740fe0fadfbb760)
    #7 0x7ff5c7b6091a  (/usr/lib/llvm-20/lib/libLLVM.so.20.1+0x3c4491a) (BuildId: b856c61f98abf0989f157f153740fe0fadfbb760)
    #8 0x7ff5c7b61710  (/usr/lib/llvm-20/lib/libLLVM.so.20.1+0x3c45710) (BuildId: b856c61f98abf0989f157f153740fe0fadfbb760)
    #9 0x7ff5c7b62b2c  (/usr/lib/llvm-20/lib/libLLVM.so.20.1+0x3c46b2c) (BuildId: b856c61f98abf0989f157f153740fe0fadfbb760)
    #10 0x55ca91648523 in llvm::Target::createTargetMachine(llvm::StringRef, llvm::StringRef, llvm::StringRef, llvm::TargetOptions const&, std::optional<llvm::Reloc::Model>, std::optional<llvm::CodeModel::Model>, llvm::CodeGenOptLevel, bool) const /usr/lib/llvm-20/include/llvm/MC/TargetRegistry.h:462:12
    #11 0x55ca9163a09e in tsc::TargetRegistry::initializeAllTargets() /workspace/src/TargetRegistry.cpp:67:41
    #12 0x55ca9162bdcd in tsc::Compiler::initializeLLVM() /workspace/src/Compiler.cpp:349:14
    #13 0x55ca9162b8b7 in tsc::Compiler::Compiler(tsc::CompilerOptions const&) /workspace/src/Compiler.cpp:24:5
    #14 0x55ca915fd7b5 in main /workspace/src/main.cpp:191:18
    #15 0x7ff5c395a337  (/lib/x86_64-linux-gnu/libc.so.6+0x2a337) (BuildId: 467f544f15035abef911999cbc14489edd0555ab)
    #16 0x7ff5c395a3fa in __libc_start_main (/lib/x86_64-linux-gnu/libc.so.6+0x2a3fa) (BuildId: 467f544f15035abef911999cbc14489edd0555ab)
    #17 0x55ca91511b64 in _start (/workspace/build-asan/tsc+0x74b64) (BuildId: 73a10d7cc646a755f705b0ae57418e68578aec2f)

Indirect leak of 720 byte(s) in 2 object(s) allocated from:
    #0 0x55ca915b5858 in malloc (/workspace/build-asan/tsc+0x118858) (BuildId: 73a10d7cc646a755f705b0ae57418e68578aec2f)
    #1 0x7ff5c4ec87d6 in llvm::SmallVectorBase<unsigned int>::mallocForGrow(void*, unsigned long, unsigned long, unsigned long&) (/usr/lib/llvm-20/lib/libLLVM.so.20.1+0xfac7d6) (BuildId: b856c61f98abf0989f157f153740fe0fadfbb760)
    #2 0x7ff5c6f39a5c  (/usr/lib/llvm-20/lib/libLLVM.so.20.1+0x301da5c) (BuildId: b856c61f98abf0989f157f153740fe0fadfbb760)
    #3 0x7ff5c6f39a01  (/usr/lib/llvm-20/lib/libLLVM.so.20.1+0x301da01) (BuildId: b856c61f98abf0989f157f153740fe0fadfbb760)
    #4 0x7ff5c6f39cfe  (/usr/lib/llvm-20/lib/libLLVM.so.20.1+0x301dcfe) (BuildId: b856c61f98abf0989f157f153740fe0fadfbb760)
    #5 0x7ff5c6f34f81  (/usr/lib/llvm-20/lib/libLLVM.so.20.1+0x3018f81) (BuildId: b856c61f98abf0989f157f153740fe0fadfbb760)
    #6 0x7ff5c7b28fad  (/usr/lib/llvm-20/lib/libLLVM.so.20.1+0x3c0cfad) (BuildId: b856c61f98abf0989f157f153740fe0fadfbb760)
    #7 0x7ff5c7b6091a  (/usr/lib/llvm-20/lib/libLLVM.so.20.1+0x3c4491a) (BuildId: b856c61f98abf0989f157f153740fe0fadfbb760)
    #8 0x7ff5c7b61a19  (/usr/lib/llvm-20/lib/libLLVM.so.20.1+0x3c45a19) (BuildId: b856c61f98abf0989f157f153740fe0fadfbb760)
    #9 0x7ff5c7b62b2c  (/usr/lib/llvm-20/lib/libLLVM.so.20.1+0x3c46b2c) (BuildId: b856c61f98abf0989f157f153740fe0fadfbb760)
    #10 0x55ca91648523 in llvm::Target::createTargetMachine(llvm::StringRef, llvm::StringRef, llvm::StringRef, llvm::TargetOptions const&, std::optional<llvm::Reloc::Model>, std::optional<llvm::CodeModel::Model>, llvm::CodeGenOptLevel, bool) const /usr/lib/llvm-20/include/llvm/MC/TargetRegistry.h:462:12
    #11 0x55ca9163a09e in tsc::TargetRegistry::initializeAllTargets() /workspace/src/TargetRegistry.cpp:67:41
    #12 0x55ca9162bdcd in tsc::Compiler::initializeLLVM() /workspace/src/Compiler.cpp:349:14
    #13 0x55ca9162b8b7 in tsc::Compiler::Compiler(tsc::CompilerOptions const&) /workspace/src/Compiler.cpp:24:5
    #14 0x55ca915fd7b5 in main /workspace/src/main.cpp:191:18
    #15 0x7ff5c395a337  (/lib/x86_64-linux-gnu/libc.so.6+0x2a337) (BuildId: 467f544f15035abef911999cbc14489edd0555ab)
    #16 0x7ff5c395a3fa in __libc_start_main (/lib/x86_64-linux-gnu/libc.so.6+0x2a3fa) (BuildId: 467f544f15035abef911999cbc14489edd0555ab)
    #17 0x55ca91511b64 in _start (/workspace/build-asan/tsc+0x74b64) (BuildId: 73a10d7cc646a755f705b0ae57418e68578aec2f)

Indirect leak of 720 byte(s) in 2 object(s) allocated from:
    #0 0x55ca915b5858 in malloc (/workspace/build-asan/tsc+0x118858) (BuildId: 73a10d7cc646a755f705b0ae57418e68578aec2f)
    #1 0x7ff5c4ec87d6 in llvm::SmallVectorBase<unsigned int>::mallocForGrow(void*, unsigned long, unsigned long, unsigned long&) (/usr/lib/llvm-20/lib/libLLVM.so.20.1+0xfac7d6) (BuildId: b856c61f98abf0989f157f153740fe0fadfbb760)
    #2 0x7ff5c6f39a5c  (/usr/lib/llvm-20/lib/libLLVM.so.20.1+0x301da5c) (BuildId: b856c61f98abf0989f157f153740fe0fadfbb760)
    #3 0x7ff5c6f39a01  (/usr/lib/llvm-20/lib/libLLVM.so.20.1+0x301da01) (BuildId: b856c61f98abf0989f157f153740fe0fadfbb760)
    #4 0x7ff5c6f39cfe  (/usr/lib/llvm-20/lib/libLLVM.so.20.1+0x301dcfe) (BuildId: b856c61f98abf0989f157f153740fe0fadfbb760)
    #5 0x7ff5c6f34f81  (/usr/lib/llvm-20/lib/libLLVM.so.20.1+0x3018f81) (BuildId: b856c61f98abf0989f157f153740fe0fadfbb760)
    #6 0x7ff5c7b297d1  (/usr/lib/llvm-20/lib/libLLVM.so.20.1+0x3c0d7d1) (BuildId: b856c61f98abf0989f157f153740fe0fadfbb760)
    #7 0x7ff5c7b6091a  (/usr/lib/llvm-20/lib/libLLVM.so.20.1+0x3c4491a) (BuildId: b856c61f98abf0989f157f153740fe0fadfbb760)
    #8 0x7ff5c7b61a19  (/usr/lib/llvm-20/lib/libLLVM.so.20.1+0x3c45a19) (BuildId: b856c61f98abf0989f157f153740fe0fadfbb760)
    #9 0x7ff5c7b62a6c  (/usr/lib/llvm-20/lib/libLLVM.so.20.1+0x3c46a6c) (BuildId: b856c61f98abf0989f157f153740fe0fadfbb760)
    #10 0x55ca91648523 in llvm::Target::createTargetMachine(llvm::StringRef, llvm::StringRef, llvm::StringRef, llvm::TargetOptions const&, std::optional<llvm::Reloc::Model>, std::optional<llvm::CodeModel::Model>, llvm::CodeGenOptLevel, bool) const /usr/lib/llvm-20/include/llvm/MC/TargetRegistry.h:462:12
    #11 0x55ca9163a09e in tsc::TargetRegistry::initializeAllTargets() /workspace/src/TargetRegistry.cpp:67:41
    #12 0x55ca9162bdcd in tsc::Compiler::initializeLLVM() /workspace/src/Compiler.cpp:349:14
    #13 0x55ca9162b8b7 in tsc::Compiler::Compiler(tsc::CompilerOptions const&) /workspace/src/Compiler.cpp:24:5
    #14 0x55ca915fd7b5 in main /workspace/src/main.cpp:191:18
    #15 0x7ff5c395a337  (/lib/x86_64-linux-gnu/libc.so.6+0x2a337) (BuildId: 467f544f15035abef911999cbc14489edd0555ab)
    #16 0x7ff5c395a3fa in __libc_start_main (/lib/x86_64-linux-gnu/libc.so.6+0x2a3fa) (BuildId: 467f544f15035abef911999cbc14489edd0555ab)
    #17 0x55ca91511b64 in _start (/workspace/build-asan/tsc+0x74b64) (BuildId: 73a10d7cc646a755f705b0ae57418e68578aec2f)

Indirect leak of 720 byte(s) in 2 object(s) allocated from:
    #0 0x55ca915b5858 in malloc (/workspace/build-asan/tsc+0x118858) (BuildId: 73a10d7cc646a755f705b0ae57418e68578aec2f)
    #1 0x7ff5c4ec87d6 in llvm::SmallVectorBase<unsigned int>::mallocForGrow(void*, unsigned long, unsigned long, unsigned long&) (/usr/lib/llvm-20/lib/libLLVM.so.20.1+0xfac7d6) (BuildId: b856c61f98abf0989f157f153740fe0fadfbb760)
    #2 0x7ff5c6f39a5c  (/usr/lib/llvm-20/lib/libLLVM.so.20.1+0x301da5c) (BuildId: b856c61f98abf0989f157f153740fe0fadfbb760)
    #3 0x7ff5c6f39a01  (/usr/lib/llvm-20/lib/libLLVM.so.20.1+0x301da01) (BuildId: b856c61f98abf0989f157f153740fe0fadfbb760)
    #4 0x7ff5c6f39cfe  (/usr/lib/llvm-20/lib/libLLVM.so.20.1+0x301dcfe) (BuildId: b856c61f98abf0989f157f153740fe0fadfbb760)
    #5 0x7ff5c6f34f81  (/usr/lib/llvm-20/lib/libLLVM.so.20.1+0x3018f81) (BuildId: b856c61f98abf0989f157f153740fe0fadfbb760)
    #6 0x7ff5c7b297d1  (/usr/lib/llvm-20/lib/libLLVM.so.20.1+0x3c0d7d1) (BuildId: b856c61f98abf0989f157f153740fe0fadfbb760)
    #7 0x7ff5c7b6091a  (/usr/lib/llvm-20/lib/libLLVM.so.20.1+0x3c4491a) (BuildId: b856c61f98abf0989f157f153740fe0fadfbb760)
    #8 0x7ff5c7b6188a  (/usr/lib/llvm-20/lib/libLLVM.so.20.1+0x3c4588a) (BuildId: b856c61f98abf0989f157f153740fe0fadfbb760)
    #9 0x7ff5c7b62a6c  (/usr/lib/llvm-20/lib/libLLVM.so.20.1+0x3c46a6c) (BuildId: b856c61f98abf0989f157f153740fe0fadfbb760)
    #10 0x55ca91648523 in llvm::Target::createTargetMachine(llvm::StringRef, llvm::StringRef, llvm::StringRef, llvm::TargetOptions const&, std::optional<llvm::Reloc::Model>, std::optional<llvm::CodeModel::Model>, llvm::CodeGenOptLevel, bool) const /usr/lib/llvm-20/include/llvm/MC/TargetRegistry.h:462:12
    #11 0x55ca9163a09e in tsc::TargetRegistry::initializeAllTargets() /workspace/src/TargetRegistry.cpp:67:41
    #12 0x55ca9162bdcd in tsc::Compiler::initializeLLVM() /workspace/src/Compiler.cpp:349:14
    #13 0x55ca9162b8b7 in tsc::Compiler::Compiler(tsc::CompilerOptions const&) /workspace/src/Compiler.cpp:24:5
    #14 0x55ca915fd7b5 in main /workspace/src/main.cpp:191:18
    #15 0x7ff5c395a337  (/lib/x86_64-linux-gnu/libc.so.6+0x2a337) (BuildId: 467f544f15035abef911999cbc14489edd0555ab)
    #16 0x7ff5c395a3fa in __libc_start_main (/lib/x86_64-linux-gnu/libc.so.6+0x2a3fa) (BuildId: 467f544f15035abef911999cbc14489edd0555ab)
    #17 0x55ca91511b64 in _start (/workspace/build-asan/tsc+0x74b64) (BuildId: 73a10d7cc646a755f705b0ae57418e68578aec2f)

Indirect leak of 720 byte(s) in 3 object(s) allocated from:
    #0 0x55ca915b5858 in malloc (/workspace/build-asan/tsc+0x118858) (BuildId: 73a10d7cc646a755f705b0ae57418e68578aec2f)
    #1 0x7ff5c4ec89b9 in llvm::SmallVectorBase<unsigned int>::grow_pod(void*, unsigned long, unsigned long) (/usr/lib/llvm-20/lib/libLLVM.so.20.1+0xfac9b9) (BuildId: b856c61f98abf0989f157f153740fe0fadfbb760)
    #2 0x7ff5c59b6bce  (/usr/lib/llvm-20/lib/libLLVM.so.20.1+0x1a9abce) (BuildId: b856c61f98abf0989f157f153740fe0fadfbb760)
    #3 0x7ff5c59b6dcb  (/usr/lib/llvm-20/lib/libLLVM.so.20.1+0x1a9adcb) (BuildId: b856c61f98abf0989f157f153740fe0fadfbb760)
    #4 0x7ff5c6f3b039  (/usr/lib/llvm-20/lib/libLLVM.so.20.1+0x301f039) (BuildId: b856c61f98abf0989f157f153740fe0fadfbb760)
    #5 0x7ff5c6f3af97  (/usr/lib/llvm-20/lib/libLLVM.so.20.1+0x301ef97) (BuildId: b856c61f98abf0989f157f153740fe0fadfbb760)
    #6 0x7ff5c6f3998b  (/usr/lib/llvm-20/lib/libLLVM.so.20.1+0x301d98b) (BuildId: b856c61f98abf0989f157f153740fe0fadfbb760)
    #7 0x7ff5c6f398a6  (/usr/lib/llvm-20/lib/libLLVM.so.20.1+0x301d8a6) (BuildId: b856c61f98abf0989f157f153740fe0fadfbb760)
    #8 0x7ff5c6f3aa71  (/usr/lib/llvm-20/lib/libLLVM.so.20.1+0x301ea71) (BuildId: b856c61f98abf0989f157f153740fe0fadfbb760)
    #9 0x7ff5c7f596ae  (/usr/lib/llvm-20/lib/libLLVM.so.20.1+0x403d6ae) (BuildId: b856c61f98abf0989f157f153740fe0fadfbb760)
    #10 0x7ff5c7f81ab1  (/usr/lib/llvm-20/lib/libLLVM.so.20.1+0x4065ab1) (BuildId: b856c61f98abf0989f157f153740fe0fadfbb760)
    #11 0x7ff5c7f83c8f  (/usr/lib/llvm-20/lib/libLLVM.so.20.1+0x4067c8f) (BuildId: b856c61f98abf0989f157f153740fe0fadfbb760)
    #12 0x7ff5c7f8526a  (/usr/lib/llvm-20/lib/libLLVM.so.20.1+0x406926a) (BuildId: b856c61f98abf0989f157f153740fe0fadfbb760)
    #13 0x55ca91648523 in llvm::Target::createTargetMachine(llvm::StringRef, llvm::StringRef, llvm::StringRef, llvm::TargetOptions const&, std::optional<llvm::Reloc::Model>, std::optional<llvm::CodeModel::Model>, llvm::CodeGenOptLevel, bool) const /usr/lib/llvm-20/include/llvm/MC/TargetRegistry.h:462:12
    #14 0x55ca9163a09e in tsc::TargetRegistry::initializeAllTargets() /workspace/src/TargetRegistry.cpp:67:41
    #15 0x55ca9162bdcd in tsc::Compiler::initializeLLVM() /workspace/src/Compiler.cpp:349:14
    #16 0x55ca9162b8b7 in tsc::Compiler::Compiler(tsc::CompilerOptions const&) /workspace/src/Compiler.cpp:24:5
    #17 0x55ca915fd7b5 in main /workspace/src/main.cpp:191:18
    #18 0x7ff5c395a337  (/lib/x86_64-linux-gnu/libc.so.6+0x2a337) (BuildId: 467f544f15035abef911999cbc14489edd0555ab)
    #19 0x7ff5c395a3fa in __libc_start_main (/lib/x86_64-linux-gnu/libc.so.6+0x2a3fa) (BuildId: 467f544f15035abef911999cbc14489edd0555ab)
    #20 0x55ca91511b64 in _start (/workspace/build-asan/tsc+0x74b64) (BuildId: 73a10d7cc646a755f705b0ae57418e68578aec2f)

Indirect leak of 720 byte(s) in 2 object(s) allocated from:
    #0 0x55ca915b5858 in malloc (/workspace/build-asan/tsc+0x118858) (BuildId: 73a10d7cc646a755f705b0ae57418e68578aec2f)
    #1 0x7ff5c4ec87d6 in llvm::SmallVectorBase<unsigned int>::mallocForGrow(void*, unsigned long, unsigned long, unsigned long&) (/usr/lib/llvm-20/lib/libLLVM.so.20.1+0xfac7d6) (BuildId: b856c61f98abf0989f157f153740fe0fadfbb760)
    #2 0x7ff5c6f39a5c  (/usr/lib/llvm-20/lib/libLLVM.so.20.1+0x301da5c) (BuildId: b856c61f98abf0989f157f153740fe0fadfbb760)
    #3 0x7ff5c6f39a01  (/usr/lib/llvm-20/lib/libLLVM.so.20.1+0x301da01) (BuildId: b856c61f98abf0989f157f153740fe0fadfbb760)
    #4 0x7ff5c6f39cfe  (/usr/lib/llvm-20/lib/libLLVM.so.20.1+0x301dcfe) (BuildId: b856c61f98abf0989f157f153740fe0fadfbb760)
    #5 0x7ff5c6f34f81  (/usr/lib/llvm-20/lib/libLLVM.so.20.1+0x3018f81) (BuildId: b856c61f98abf0989f157f153740fe0fadfbb760)
    #6 0x7ff5c7b28fad  (/usr/lib/llvm-20/lib/libLLVM.so.20.1+0x3c0cfad) (BuildId: b856c61f98abf0989f157f153740fe0fadfbb760)
    #7 0x7ff5c7b6091a  (/usr/lib/llvm-20/lib/libLLVM.so.20.1+0x3c4491a) (BuildId: b856c61f98abf0989f157f153740fe0fadfbb760)
    #8 0x7ff5c7b61710  (/usr/lib/llvm-20/lib/libLLVM.so.20.1+0x3c45710) (BuildId: b856c61f98abf0989f157f153740fe0fadfbb760)
    #9 0x7ff5c7b62b2c  (/usr/lib/llvm-20/lib/libLLVM.so.20.1+0x3c46b2c) (BuildId: b856c61f98abf0989f157f153740fe0fadfbb760)
    #10 0x55ca91648523 in llvm::Target::createTargetMachine(llvm::StringRef, llvm::StringRef, llvm::StringRef, llvm::TargetOptions const&, std::optional<llvm::Reloc::Model>, std::optional<llvm::CodeModel::Model>, llvm::CodeGenOptLevel, bool) const /usr/lib/llvm-20/include/llvm/MC/TargetRegistry.h:462:12
    #11 0x55ca9163a09e in tsc::TargetRegistry::initializeAllTargets() /workspace/src/TargetRegistry.cpp:67:41
    #12 0x55ca9162bdcd in tsc::Compiler::initializeLLVM() /workspace/src/Compiler.cpp:349:14
    #13 0x55ca9162b8b7 in tsc::Compiler::Compiler(tsc::CompilerOptions const&) /workspace/src/Compiler.cpp:24:5
    #14 0x55ca915fd7b5 in main /workspace/src/main.cpp:191:18
    #15 0x7ff5c395a337  (/lib/x86_64-linux-gnu/libc.so.6+0x2a337) (BuildId: 467f544f15035abef911999cbc14489edd0555ab)
    #16 0x7ff5c395a3fa in __libc_start_main (/lib/x86_64-linux-gnu/libc.so.6+0x2a3fa) (BuildId: 467f544f15035abef911999cbc14489edd0555ab)
    #17 0x55ca91511b64 in _start (/workspace/build-asan/tsc+0x74b64) (BuildId: 73a10d7cc646a755f705b0ae57418e68578aec2f)

Indirect leak of 720 byte(s) in 2 object(s) allocated from:
    #0 0x55ca915b5858 in malloc (/workspace/build-asan/tsc+0x118858) (BuildId: 73a10d7cc646a755f705b0ae57418e68578aec2f)
    #1 0x7ff5c4ec87d6 in llvm::SmallVectorBase<unsigned int>::mallocForGrow(void*, unsigned long, unsigned long, unsigned long&) (/usr/lib/llvm-20/lib/libLLVM.so.20.1+0xfac7d6) (BuildId: b856c61f98abf0989f157f153740fe0fadfbb760)
    #2 0x7ff5c6f39a5c  (/usr/lib/llvm-20/lib/libLLVM.so.20.1+0x301da5c) (BuildId: b856c61f98abf0989f157f153740fe0fadfbb760)
    #3 0x7ff5c6f39a01  (/usr/lib/llvm-20/lib/libLLVM.so.20.1+0x301da01) (BuildId: b856c61f98abf0989f157f153740fe0fadfbb760)
    #4 0x7ff5c6f39cfe  (/usr/lib/llvm-20/lib/libLLVM.so.20.1+0x301dcfe) (BuildId: b856c61f98abf0989f157f153740fe0fadfbb760)
    #5 0x7ff5c6f34781  (/usr/lib/llvm-20/lib/libLLVM.so.20.1+0x3018781) (BuildId: b856c61f98abf0989f157f153740fe0fadfbb760)
    #6 0x7ff5c7b28d88  (/usr/lib/llvm-20/lib/libLLVM.so.20.1+0x3c0cd88) (BuildId: b856c61f98abf0989f157f153740fe0fadfbb760)
    #7 0x7ff5c7b6091a  (/usr/lib/llvm-20/lib/libLLVM.so.20.1+0x3c4491a) (BuildId: b856c61f98abf0989f157f153740fe0fadfbb760)
    #8 0x7ff5c7b61710  (/usr/lib/llvm-20/lib/libLLVM.so.20.1+0x3c45710) (BuildId: b856c61f98abf0989f157f153740fe0fadfbb760)
    #9 0x7ff5c7b62b2c  (/usr/lib/llvm-20/lib/libLLVM.so.20.1+0x3c46b2c) (BuildId: b856c61f98abf0989f157f153740fe0fadfbb760)
    #10 0x55ca91648523 in llvm::Target::createTargetMachine(llvm::StringRef, llvm::StringRef, llvm::StringRef, llvm::TargetOptions const&, std::optional<llvm::Reloc::Model>, std::optional<llvm::CodeModel::Model>, llvm::CodeGenOptLevel, bool) const /usr/lib/llvm-20/include/llvm/MC/TargetRegistry.h:462:12
    #11 0x55ca9163a09e in tsc::TargetRegistry::initializeAllTargets() /workspace/src/TargetRegistry.cpp:67:41
    #12 0x55ca9162bdcd in tsc::Compiler::initializeLLVM() /workspace/src/Compiler.cpp:349:14
    #13 0x55ca9162b8b7 in tsc::Compiler::Compiler(tsc::CompilerOptions const&) /workspace/src/Compiler.cpp:24:5
    #14 0x55ca915fd7b5 in main /workspace/src/main.cpp:191:18
    #15 0x7ff5c395a337  (/lib/x86_64-linux-gnu/libc.so.6+0x2a337) (BuildId: 467f544f15035abef911999cbc14489edd0555ab)
    #16 0x7ff5c395a3fa in __libc_start_main (/lib/x86_64-linux-gnu/libc.so.6+0x2a3fa) (BuildId: 467f544f15035abef911999cbc14489edd0555ab)
    #17 0x55ca91511b64 in _start (/workspace/build-asan/tsc+0x74b64) (BuildId: 73a10d7cc646a755f705b0ae57418e68578aec2f)

Indirect leak of 720 byte(s) in 2 object(s) allocated from:
    #0 0x55ca915b5858 in malloc (/workspace/build-asan/tsc+0x118858) (BuildId: 73a10d7cc646a755f705b0ae57418e68578aec2f)
    #1 0x7ff5c4ec87d6 in llvm::SmallVectorBase<unsigned int>::mallocForGrow(void*, unsigned long, unsigned long, unsigned long&) (/usr/lib/llvm-20/lib/libLLVM.so.20.1+0xfac7d6) (BuildId: b856c61f98abf0989f157f153740fe0fadfbb760)
    #2 0x7ff5c6f39a5c  (/usr/lib/llvm-20/lib/libLLVM.so.20.1+0x301da5c) (BuildId: b856c61f98abf0989f157f153740fe0fadfbb760)
    #3 0x7ff5c6f39a01  (/usr/lib/llvm-20/lib/libLLVM.so.20.1+0x301da01) (BuildId: b856c61f98abf0989f157f153740fe0fadfbb760)
    #4 0x7ff5c6f39cfe  (/usr/lib/llvm-20/lib/libLLVM.so.20.1+0x301dcfe) (BuildId: b856c61f98abf0989f157f153740fe0fadfbb760)
    #5 0x7ff5c6f34781  (/usr/lib/llvm-20/lib/libLLVM.so.20.1+0x3018781) (BuildId: b856c61f98abf0989f157f153740fe0fadfbb760)
    #6 0x7ff5c7b28924  (/usr/lib/llvm-20/lib/libLLVM.so.20.1+0x3c0c924) (BuildId: b856c61f98abf0989f157f153740fe0fadfbb760)
    #7 0x7ff5c7b6091a  (/usr/lib/llvm-20/lib/libLLVM.so.20.1+0x3c4491a) (BuildId: b856c61f98abf0989f157f153740fe0fadfbb760)
    #8 0x7ff5c7b61a19  (/usr/lib/llvm-20/lib/libLLVM.so.20.1+0x3c45a19) (BuildId: b856c61f98abf0989f157f153740fe0fadfbb760)
    #9 0x7ff5c7b62b2c  (/usr/lib/llvm-20/lib/libLLVM.so.20.1+0x3c46b2c) (BuildId: b856c61f98abf0989f157f153740fe0fadfbb760)
    #10 0x55ca91648523 in llvm::Target::createTargetMachine(llvm::StringRef, llvm::StringRef, llvm::StringRef, llvm::TargetOptions const&, std::optional<llvm::Reloc::Model>, std::optional<llvm::CodeModel::Model>, llvm::CodeGenOptLevel, bool) const /usr/lib/llvm-20/include/llvm/MC/TargetRegistry.h:462:12
    #11 0x55ca9163a09e in tsc::TargetRegistry::initializeAllTargets() /workspace/src/TargetRegistry.cpp:67:41
    #12 0x55ca9162bdcd in tsc::Compiler::initializeLLVM() /workspace/src/Compiler.cpp:349:14
    #13 0x55ca9162b8b7 in tsc::Compiler::Compiler(tsc::CompilerOptions const&) /workspace/src/Compiler.cpp:24:5
    #14 0x55ca915fd7b5 in main /workspace/src/main.cpp:191:18
    #15 0x7ff5c395a337  (/lib/x86_64-linux-gnu/libc.so.6+0x2a337) (BuildId: 467f544f15035abef911999cbc14489edd0555ab)
    #16 0x7ff5c395a3fa in __libc_start_main (/lib/x86_64-linux-gnu/libc.so.6+0x2a3fa) (BuildId: 467f544f15035abef911999cbc14489edd0555ab)
    #17 0x55ca91511b64 in _start (/workspace/build-asan/tsc+0x74b64) (BuildId: 73a10d7cc646a755f705b0ae57418e68578aec2f)

Indirect leak of 720 byte(s) in 2 object(s) allocated from:
    #0 0x55ca915b5858 in malloc (/workspace/build-asan/tsc+0x118858) (BuildId: 73a10d7cc646a755f705b0ae57418e68578aec2f)
    #1 0x7ff5c4ec87d6 in llvm::SmallVectorBase<unsigned int>::mallocForGrow(void*, unsigned long, unsigned long, unsigned long&) (/usr/lib/llvm-20/lib/libLLVM.so.20.1+0xfac7d6) (BuildId: b856c61f98abf0989f157f153740fe0fadfbb760)
    #2 0x7ff5c6f39a5c  (/usr/lib/llvm-20/lib/libLLVM.so.20.1+0x301da5c) (BuildId: b856c61f98abf0989f157f153740fe0fadfbb760)
    #3 0x7ff5c6f39a01  (/usr/lib/llvm-20/lib/libLLVM.so.20.1+0x301da01) (BuildId: b856c61f98abf0989f157f153740fe0fadfbb760)
    #4 0x7ff5c6f39cfe  (/usr/lib/llvm-20/lib/libLLVM.so.20.1+0x301dcfe) (BuildId: b856c61f98abf0989f157f153740fe0fadfbb760)
    #5 0x7ff5c6f34f81  (/usr/lib/llvm-20/lib/libLLVM.so.20.1+0x3018f81) (BuildId: b856c61f98abf0989f157f153740fe0fadfbb760)
    #6 0x7ff5c7b29616  (/usr/lib/llvm-20/lib/libLLVM.so.20.1+0x3c0d616) (BuildId: b856c61f98abf0989f157f153740fe0fadfbb760)
    #7 0x7ff5c7b6091a  (/usr/lib/llvm-20/lib/libLLVM.so.20.1+0x3c4491a) (BuildId: b856c61f98abf0989f157f153740fe0fadfbb760)
    #8 0x7ff5c7b61710  (/usr/lib/llvm-20/lib/libLLVM.so.20.1+0x3c45710) (BuildId: b856c61f98abf0989f157f153740fe0fadfbb760)
    #9 0x7ff5c7b62b2c  (/usr/lib/llvm-20/lib/libLLVM.so.20.1+0x3c46b2c) (BuildId: b856c61f98abf0989f157f153740fe0fadfbb760)
    #10 0x55ca91648523 in llvm::Target::createTargetMachine(llvm::StringRef, llvm::StringRef, llvm::StringRef, llvm::TargetOptions const&, std::optional<llvm::Reloc::Model>, std::optional<llvm::CodeModel::Model>, llvm::CodeGenOptLevel, bool) const /usr/lib/llvm-20/include/llvm/MC/TargetRegistry.h:462:12
    #11 0x55ca9163a09e in tsc::TargetRegistry::initializeAllTargets() /workspace/src/TargetRegistry.cpp:67:41
    #12 0x55ca9162bdcd in tsc::Compiler::initializeLLVM() /workspace/src/Compiler.cpp:349:14
    #13 0x55ca9162b8b7 in tsc::Compiler::Compiler(tsc::CompilerOptions const&) /workspace/src/Compiler.cpp:24:5
    #14 0x55ca915fd7b5 in main /workspace/src/main.cpp:191:18
    #15 0x7ff5c395a337  (/lib/x86_64-linux-gnu/libc.so.6+0x2a337) (BuildId: 467f544f15035abef911999cbc14489edd0555ab)
    #16 0x7ff5c395a3fa in __libc_start_main (/lib/x86_64-linux-gnu/libc.so.6+0x2a3fa) (BuildId: 467f544f15035abef911999cbc14489edd0555ab)
    #17 0x55ca91511b64 in _start (/workspace/build-asan/tsc+0x74b64) (BuildId: 73a10d7cc646a755f705b0ae57418e68578aec2f)

Indirect leak of 720 byte(s) in 2 object(s) allocated from:
    #0 0x55ca915b5858 in malloc (/workspace/build-asan/tsc+0x118858) (BuildId: 73a10d7cc646a755f705b0ae57418e68578aec2f)
    #1 0x7ff5c4ec87d6 in llvm::SmallVectorBase<unsigned int>::mallocForGrow(void*, unsigned long, unsigned long, unsigned long&) (/usr/lib/llvm-20/lib/libLLVM.so.20.1+0xfac7d6) (BuildId: b856c61f98abf0989f157f153740fe0fadfbb760)
    #2 0x7ff5c6f39a5c  (/usr/lib/llvm-20/lib/libLLVM.so.20.1+0x301da5c) (BuildId: b856c61f98abf0989f157f153740fe0fadfbb760)
    #3 0x7ff5c6f39a01  (/usr/lib/llvm-20/lib/libLLVM.so.20.1+0x301da01) (BuildId: b856c61f98abf0989f157f153740fe0fadfbb760)
    #4 0x7ff5c6f39cfe  (/usr/lib/llvm-20/lib/libLLVM.so.20.1+0x301dcfe) (BuildId: b856c61f98abf0989f157f153740fe0fadfbb760)
    #5 0x7ff5c6f34f81  (/usr/lib/llvm-20/lib/libLLVM.so.20.1+0x3018f81) (BuildId: b856c61f98abf0989f157f153740fe0fadfbb760)
    #6 0x7ff5c7b29616  (/usr/lib/llvm-20/lib/libLLVM.so.20.1+0x3c0d616) (BuildId: b856c61f98abf0989f157f153740fe0fadfbb760)
    #7 0x7ff5c7b6091a  (/usr/lib/llvm-20/lib/libLLVM.so.20.1+0x3c4491a) (BuildId: b856c61f98abf0989f157f153740fe0fadfbb760)
    #8 0x7ff5c7b61a19  (/usr/lib/llvm-20/lib/libLLVM.so.20.1+0x3c45a19) (BuildId: b856c61f98abf0989f157f153740fe0fadfbb760)
    #9 0x7ff5c7b62a6c  (/usr/lib/llvm-20/lib/libLLVM.so.20.1+0x3c46a6c) (BuildId: b856c61f98abf0989f157f153740fe0fadfbb760)
    #10 0x55ca91648523 in llvm::Target::createTargetMachine(llvm::StringRef, llvm::StringRef, llvm::StringRef, llvm::TargetOptions const&, std::optional<llvm::Reloc::Model>, std::optional<llvm::CodeModel::Model>, llvm::CodeGenOptLevel, bool) const /usr/lib/llvm-20/include/llvm/MC/TargetRegistry.h:462:12
    #11 0x55ca9163a09e in tsc::TargetRegistry::initializeAllTargets() /workspace/src/TargetRegistry.cpp:67:41
    #12 0x55ca9162bdcd in tsc::Compiler::initializeLLVM() /workspace/src/Compiler.cpp:349:14
    #13 0x55ca9162b8b7 in tsc::Compiler::Compiler(tsc::CompilerOptions const&) /workspace/src/Compiler.cpp:24:5
    #14 0x55ca915fd7b5 in main /workspace/src/main.cpp:191:18
    #15 0x7ff5c395a337  (/lib/x86_64-linux-gnu/libc.so.6+0x2a337) (BuildId: 467f544f15035abef911999cbc14489edd0555ab)
    #16 0x7ff5c395a3fa in __libc_start_main (/lib/x86_64-linux-gnu/libc.so.6+0x2a3fa) (BuildId: 467f544f15035abef911999cbc14489edd0555ab)
    #17 0x55ca91511b64 in _start (/workspace/build-asan/tsc+0x74b64) (BuildId: 73a10d7cc646a755f705b0ae57418e68578aec2f)

Indirect leak of 720 byte(s) in 2 object(s) allocated from:
    #0 0x55ca915b5858 in malloc (/workspace/build-asan/tsc+0x118858) (BuildId: 73a10d7cc646a755f705b0ae57418e68578aec2f)
    #1 0x7ff5c4ec87d6 in llvm::SmallVectorBase<unsigned int>::mallocForGrow(void*, unsigned long, unsigned long, unsigned long&) (/usr/lib/llvm-20/lib/libLLVM.so.20.1+0xfac7d6) (BuildId: b856c61f98abf0989f157f153740fe0fadfbb760)
    #2 0x7ff5c6f39a5c  (/usr/lib/llvm-20/lib/libLLVM.so.20.1+0x301da5c) (BuildId: b856c61f98abf0989f157f153740fe0fadfbb760)
    #3 0x7ff5c6f39a01  (/usr/lib/llvm-20/lib/libLLVM.so.20.1+0x301da01) (BuildId: b856c61f98abf0989f157f153740fe0fadfbb760)
    #4 0x7ff5c6f39cfe  (/usr/lib/llvm-20/lib/libLLVM.so.20.1+0x301dcfe) (BuildId: b856c61f98abf0989f157f153740fe0fadfbb760)
    #5 0x7ff5c6f34f81  (/usr/lib/llvm-20/lib/libLLVM.so.20.1+0x3018f81) (BuildId: b856c61f98abf0989f157f153740fe0fadfbb760)
    #6 0x7ff5c7b28fad  (/usr/lib/llvm-20/lib/libLLVM.so.20.1+0x3c0cfad) (BuildId: b856c61f98abf0989f157f153740fe0fadfbb760)
    #7 0x7ff5c7b6091a  (/usr/lib/llvm-20/lib/libLLVM.so.20.1+0x3c4491a) (BuildId: b856c61f98abf0989f157f153740fe0fadfbb760)
    #8 0x7ff5c7b6188a  (/usr/lib/llvm-20/lib/libLLVM.so.20.1+0x3c4588a) (BuildId: b856c61f98abf0989f157f153740fe0fadfbb760)
    #9 0x7ff5c7b62b2c  (/usr/lib/llvm-20/lib/libLLVM.so.20.1+0x3c46b2c) (BuildId: b856c61f98abf0989f157f153740fe0fadfbb760)
    #10 0x55ca91648523 in llvm::Target::createTargetMachine(llvm::StringRef, llvm::StringRef, llvm::StringRef, llvm::TargetOptions const&, std::optional<llvm::Reloc::Model>, std::optional<llvm::CodeModel::Model>, llvm::CodeGenOptLevel, bool) const /usr/lib/llvm-20/include/llvm/MC/TargetRegistry.h:462:12
    #11 0x55ca9163a09e in tsc::TargetRegistry::initializeAllTargets() /workspace/src/TargetRegistry.cpp:67:41
    #12 0x55ca9162bdcd in tsc::Compiler::initializeLLVM() /workspace/src/Compiler.cpp:349:14
    #13 0x55ca9162b8b7 in tsc::Compiler::Compiler(tsc::CompilerOptions const&) /workspace/src/Compiler.cpp:24:5
    #14 0x55ca915fd7b5 in main /workspace/src/main.cpp:191:18
    #15 0x7ff5c395a337  (/lib/x86_64-linux-gnu/libc.so.6+0x2a337) (BuildId: 467f544f15035abef911999cbc14489edd0555ab)
    #16 0x7ff5c395a3fa in __libc_start_main (/lib/x86_64-linux-gnu/libc.so.6+0x2a3fa) (BuildId: 467f544f15035abef911999cbc14489edd0555ab)
    #17 0x55ca91511b64 in _start (/workspace/build-asan/tsc+0x74b64) (BuildId: 73a10d7cc646a755f705b0ae57418e68578aec2f)

Indirect leak of 720 byte(s) in 2 object(s) allocated from:
    #0 0x55ca915b5858 in malloc (/workspace/build-asan/tsc+0x118858) (BuildId: 73a10d7cc646a755f705b0ae57418e68578aec2f)
    #1 0x7ff5c4ec87d6 in llvm::SmallVectorBase<unsigned int>::mallocForGrow(void*, unsigned long, unsigned long, unsigned long&) (/usr/lib/llvm-20/lib/libLLVM.so.20.1+0xfac7d6) (BuildId: b856c61f98abf0989f157f153740fe0fadfbb760)
    #2 0x7ff5c6f39a5c  (/usr/lib/llvm-20/lib/libLLVM.so.20.1+0x301da5c) (BuildId: b856c61f98abf0989f157f153740fe0fadfbb760)
    #3 0x7ff5c6f39a01  (/usr/lib/llvm-20/lib/libLLVM.so.20.1+0x301da01) (BuildId: b856c61f98abf0989f157f153740fe0fadfbb760)
    #4 0x7ff5c6f39cfe  (/usr/lib/llvm-20/lib/libLLVM.so.20.1+0x301dcfe) (BuildId: b856c61f98abf0989f157f153740fe0fadfbb760)
    #5 0x7ff5c6f34f81  (/usr/lib/llvm-20/lib/libLLVM.so.20.1+0x3018f81) (BuildId: b856c61f98abf0989f157f153740fe0fadfbb760)
    #6 0x7ff5c7b28fad  (/usr/lib/llvm-20/lib/libLLVM.so.20.1+0x3c0cfad) (BuildId: b856c61f98abf0989f157f153740fe0fadfbb760)
    #7 0x7ff5c7b6091a  (/usr/lib/llvm-20/lib/libLLVM.so.20.1+0x3c4491a) (BuildId: b856c61f98abf0989f157f153740fe0fadfbb760)
    #8 0x7ff5c7b6188a  (/usr/lib/llvm-20/lib/libLLVM.so.20.1+0x3c4588a) (BuildId: b856c61f98abf0989f157f153740fe0fadfbb760)
    #9 0x7ff5c7b62a6c  (/usr/lib/llvm-20/lib/libLLVM.so.20.1+0x3c46a6c) (BuildId: b856c61f98abf0989f157f153740fe0fadfbb760)
    #10 0x55ca91648523 in llvm::Target::createTargetMachine(llvm::StringRef, llvm::StringRef, llvm::StringRef, llvm::TargetOptions const&, std::optional<llvm::Reloc::Model>, std::optional<llvm::CodeModel::Model>, llvm::CodeGenOptLevel, bool) const /usr/lib/llvm-20/include/llvm/MC/TargetRegistry.h:462:12
    #11 0x55ca9163a09e in tsc::TargetRegistry::initializeAllTargets() /workspace/src/TargetRegistry.cpp:67:41
    #12 0x55ca9162bdcd in tsc::Compiler::initializeLLVM() /workspace/src/Compiler.cpp:349:14
    #13 0x55ca9162b8b7 in tsc::Compiler::Compiler(tsc::CompilerOptions const&) /workspace/src/Compiler.cpp:24:5
    #14 0x55ca915fd7b5 in main /workspace/src/main.cpp:191:18
    #15 0x7ff5c395a337  (/lib/x86_64-linux-gnu/libc.so.6+0x2a337) (BuildId: 467f544f15035abef911999cbc14489edd0555ab)
    #16 0x7ff5c395a3fa in __libc_start_main (/lib/x86_64-linux-gnu/libc.so.6+0x2a3fa) (BuildId: 467f544f15035abef911999cbc14489edd0555ab)
    #17 0x55ca91511b64 in _start (/workspace/build-asan/tsc+0x74b64) (BuildId: 73a10d7cc646a755f705b0ae57418e68578aec2f)

Indirect leak of 720 byte(s) in 2 object(s) allocated from:
    #0 0x55ca915b5858 in malloc (/workspace/build-asan/tsc+0x118858) (BuildId: 73a10d7cc646a755f705b0ae57418e68578aec2f)
    #1 0x7ff5c4ec87d6 in llvm::SmallVectorBase<unsigned int>::mallocForGrow(void*, unsigned long, unsigned long, unsigned long&) (/usr/lib/llvm-20/lib/libLLVM.so.20.1+0xfac7d6) (BuildId: b856c61f98abf0989f157f153740fe0fadfbb760)
    #2 0x7ff5c6f39a5c  (/usr/lib/llvm-20/lib/libLLVM.so.20.1+0x301da5c) (BuildId: b856c61f98abf0989f157f153740fe0fadfbb760)
    #3 0x7ff5c6f39a01  (/usr/lib/llvm-20/lib/libLLVM.so.20.1+0x301da01) (BuildId: b856c61f98abf0989f157f153740fe0fadfbb760)
    #4 0x7ff5c6f39cfe  (/usr/lib/llvm-20/lib/libLLVM.so.20.1+0x301dcfe) (BuildId: b856c61f98abf0989f157f153740fe0fadfbb760)
    #5 0x7ff5c6f34f81  (/usr/lib/llvm-20/lib/libLLVM.so.20.1+0x3018f81) (BuildId: b856c61f98abf0989f157f153740fe0fadfbb760)
    #6 0x7ff5c7b291de  (/usr/lib/llvm-20/lib/libLLVM.so.20.1+0x3c0d1de) (BuildId: b856c61f98abf0989f157f153740fe0fadfbb760)
    #7 0x7ff5c7b6091a  (/usr/lib/llvm-20/lib/libLLVM.so.20.1+0x3c4491a) (BuildId: b856c61f98abf0989f157f153740fe0fadfbb760)
    #8 0x7ff5c7b6188a  (/usr/lib/llvm-20/lib/libLLVM.so.20.1+0x3c4588a) (BuildId: b856c61f98abf0989f157f153740fe0fadfbb760)
    #9 0x7ff5c7b62b2c  (/usr/lib/llvm-20/lib/libLLVM.so.20.1+0x3c46b2c) (BuildId: b856c61f98abf0989f157f153740fe0fadfbb760)
    #10 0x55ca91648523 in llvm::Target::createTargetMachine(llvm::StringRef, llvm::StringRef, llvm::StringRef, llvm::TargetOptions const&, std::optional<llvm::Reloc::Model>, std::optional<llvm::CodeModel::Model>, llvm::CodeGenOptLevel, bool) const /usr/lib/llvm-20/include/llvm/MC/TargetRegistry.h:462:12
    #11 0x55ca9163a09e in tsc::TargetRegistry::initializeAllTargets() /workspace/src/TargetRegistry.cpp:67:41
    #12 0x55ca9162bdcd in tsc::Compiler::initializeLLVM() /workspace/src/Compiler.cpp:349:14
    #13 0x55ca9162b8b7 in tsc::Compiler::Compiler(tsc::CompilerOptions const&) /workspace/src/Compiler.cpp:24:5
    #14 0x55ca915fd7b5 in main /workspace/src/main.cpp:191:18
    #15 0x7ff5c395a337  (/lib/x86_64-linux-gnu/libc.so.6+0x2a337) (BuildId: 467f544f15035abef911999cbc14489edd0555ab)
    #16 0x7ff5c395a3fa in __libc_start_main (/lib/x86_64-linux-gnu/libc.so.6+0x2a3fa) (BuildId: 467f544f15035abef911999cbc14489edd0555ab)
    #17 0x55ca91511b64 in _start (/workspace/build-asan/tsc+0x74b64) (BuildId: 73a10d7cc646a755f705b0ae57418e68578aec2f)

Indirect leak of 720 byte(s) in 2 object(s) allocated from:
    #0 0x55ca915b5858 in malloc (/workspace/build-asan/tsc+0x118858) (BuildId: 73a10d7cc646a755f705b0ae57418e68578aec2f)
    #1 0x7ff5c4ec87d6 in llvm::SmallVectorBase<unsigned int>::mallocForGrow(void*, unsigned long, unsigned long, unsigned long&) (/usr/lib/llvm-20/lib/libLLVM.so.20.1+0xfac7d6) (BuildId: b856c61f98abf0989f157f153740fe0fadfbb760)
    #2 0x7ff5c6f39a5c  (/usr/lib/llvm-20/lib/libLLVM.so.20.1+0x301da5c) (BuildId: b856c61f98abf0989f157f153740fe0fadfbb760)
    #3 0x7ff5c6f39a01  (/usr/lib/llvm-20/lib/libLLVM.so.20.1+0x301da01) (BuildId: b856c61f98abf0989f157f153740fe0fadfbb760)
    #4 0x7ff5c6f398a6  (/usr/lib/llvm-20/lib/libLLVM.so.20.1+0x301d8a6) (BuildId: b856c61f98abf0989f157f153740fe0fadfbb760)
    #5 0x7ff5c7b29106  (/usr/lib/llvm-20/lib/libLLVM.so.20.1+0x3c0d106) (BuildId: b856c61f98abf0989f157f153740fe0fadfbb760)
    #6 0x7ff5c7b6091a  (/usr/lib/llvm-20/lib/libLLVM.so.20.1+0x3c4491a) (BuildId: b856c61f98abf0989f157f153740fe0fadfbb760)
    #7 0x7ff5c7b6188a  (/usr/lib/llvm-20/lib/libLLVM.so.20.1+0x3c4588a) (BuildId: b856c61f98abf0989f157f153740fe0fadfbb760)
    #8 0x7ff5c7b62b2c  (/usr/lib/llvm-20/lib/libLLVM.so.20.1+0x3c46b2c) (BuildId: b856c61f98abf0989f157f153740fe0fadfbb760)
    #9 0x55ca91648523 in llvm::Target::createTargetMachine(llvm::StringRef, llvm::StringRef, llvm::StringRef, llvm::TargetOptions const&, std::optional<llvm::Reloc::Model>, std::optional<llvm::CodeModel::Model>, llvm::CodeGenOptLevel, bool) const /usr/lib/llvm-20/include/llvm/MC/TargetRegistry.h:462:12
    #10 0x55ca9163a09e in tsc::TargetRegistry::initializeAllTargets() /workspace/src/TargetRegistry.cpp:67:41
    #11 0x55ca9162bdcd in tsc::Compiler::initializeLLVM() /workspace/src/Compiler.cpp:349:14
    #12 0x55ca9162b8b7 in tsc::Compiler::Compiler(tsc::CompilerOptions const&) /workspace/src/Compiler.cpp:24:5
    #13 0x55ca915fd7b5 in main /workspace/src/main.cpp:191:18
    #14 0x7ff5c395a337  (/lib/x86_64-linux-gnu/libc.so.6+0x2a337) (BuildId: 467f544f15035abef911999cbc14489edd0555ab)
    #15 0x7ff5c395a3fa in __libc_start_main (/lib/x86_64-linux-gnu/libc.so.6+0x2a3fa) (BuildId: 467f544f15035abef911999cbc14489edd0555ab)
    #16 0x55ca91511b64 in _start (/workspace/build-asan/tsc+0x74b64) (BuildId: 73a10d7cc646a755f705b0ae57418e68578aec2f)

Indirect leak of 720 byte(s) in 2 object(s) allocated from:
    #0 0x55ca915b5858 in malloc (/workspace/build-asan/tsc+0x118858) (BuildId: 73a10d7cc646a755f705b0ae57418e68578aec2f)
    #1 0x7ff5c4ec87d6 in llvm::SmallVectorBase<unsigned int>::mallocForGrow(void*, unsigned long, unsigned long, unsigned long&) (/usr/lib/llvm-20/lib/libLLVM.so.20.1+0xfac7d6) (BuildId: b856c61f98abf0989f157f153740fe0fadfbb760)
    #2 0x7ff5c6f39a5c  (/usr/lib/llvm-20/lib/libLLVM.so.20.1+0x301da5c) (BuildId: b856c61f98abf0989f157f153740fe0fadfbb760)
    #3 0x7ff5c6f39a01  (/usr/lib/llvm-20/lib/libLLVM.so.20.1+0x301da01) (BuildId: b856c61f98abf0989f157f153740fe0fadfbb760)
    #4 0x7ff5c6f39cfe  (/usr/lib/llvm-20/lib/libLLVM.so.20.1+0x301dcfe) (BuildId: b856c61f98abf0989f157f153740fe0fadfbb760)
    #5 0x7ff5c6f34f81  (/usr/lib/llvm-20/lib/libLLVM.so.20.1+0x3018f81) (BuildId: b856c61f98abf0989f157f153740fe0fadfbb760)
    #6 0x7ff5c7b28bb9  (/usr/lib/llvm-20/lib/libLLVM.so.20.1+0x3c0cbb9) (BuildId: b856c61f98abf0989f157f153740fe0fadfbb760)
    #7 0x7ff5c7b6091a  (/usr/lib/llvm-20/lib/libLLVM.so.20.1+0x3c4491a) (BuildId: b856c61f98abf0989f157f153740fe0fadfbb760)
    #8 0x7ff5c7b61a19  (/usr/lib/llvm-20/lib/libLLVM.so.20.1+0x3c45a19) (BuildId: b856c61f98abf0989f157f153740fe0fadfbb760)
    #9 0x7ff5c7b62b2c  (/usr/lib/llvm-20/lib/libLLVM.so.20.1+0x3c46b2c) (BuildId: b856c61f98abf0989f157f153740fe0fadfbb760)
    #10 0x55ca91648523 in llvm::Target::createTargetMachine(llvm::StringRef, llvm::StringRef, llvm::StringRef, llvm::TargetOptions const&, std::optional<llvm::Reloc::Model>, std::optional<llvm::CodeModel::Model>, llvm::CodeGenOptLevel, bool) const /usr/lib/llvm-20/include/llvm/MC/TargetRegistry.h:462:12
    #11 0x55ca9163a09e in tsc::TargetRegistry::initializeAllTargets() /workspace/src/TargetRegistry.cpp:67:41
    #12 0x55ca9162bdcd in tsc::Compiler::initializeLLVM() /workspace/src/Compiler.cpp:349:14
    #13 0x55ca9162b8b7 in tsc::Compiler::Compiler(tsc::CompilerOptions const&) /workspace/src/Compiler.cpp:24:5
    #14 0x55ca915fd7b5 in main /workspace/src/main.cpp:191:18
    #15 0x7ff5c395a337  (/lib/x86_64-linux-gnu/libc.so.6+0x2a337) (BuildId: 467f544f15035abef911999cbc14489edd0555ab)
    #16 0x7ff5c395a3fa in __libc_start_main (/lib/x86_64-linux-gnu/libc.so.6+0x2a3fa) (BuildId: 467f544f15035abef911999cbc14489edd0555ab)
    #17 0x55ca91511b64 in _start (/workspace/build-asan/tsc+0x74b64) (BuildId: 73a10d7cc646a755f705b0ae57418e68578aec2f)

Indirect leak of 720 byte(s) in 2 object(s) allocated from:
    #0 0x55ca915b5858 in malloc (/workspace/build-asan/tsc+0x118858) (BuildId: 73a10d7cc646a755f705b0ae57418e68578aec2f)
    #1 0x7ff5c4ec87d6 in llvm::SmallVectorBase<unsigned int>::mallocForGrow(void*, unsigned long, unsigned long, unsigned long&) (/usr/lib/llvm-20/lib/libLLVM.so.20.1+0xfac7d6) (BuildId: b856c61f98abf0989f157f153740fe0fadfbb760)
    #2 0x7ff5c6f39a5c  (/usr/lib/llvm-20/lib/libLLVM.so.20.1+0x301da5c) (BuildId: b856c61f98abf0989f157f153740fe0fadfbb760)
    #3 0x7ff5c6f39a01  (/usr/lib/llvm-20/lib/libLLVM.so.20.1+0x301da01) (BuildId: b856c61f98abf0989f157f153740fe0fadfbb760)
    #4 0x7ff5c6f39cfe  (/usr/lib/llvm-20/lib/libLLVM.so.20.1+0x301dcfe) (BuildId: b856c61f98abf0989f157f153740fe0fadfbb760)
    #5 0x7ff5c6f34f81  (/usr/lib/llvm-20/lib/libLLVM.so.20.1+0x3018f81) (BuildId: b856c61f98abf0989f157f153740fe0fadfbb760)
    #6 0x7ff5c7b292dc  (/usr/lib/llvm-20/lib/libLLVM.so.20.1+0x3c0d2dc) (BuildId: b856c61f98abf0989f157f153740fe0fadfbb760)
    #7 0x7ff5c7b6091a  (/usr/lib/llvm-20/lib/libLLVM.so.20.1+0x3c4491a) (BuildId: b856c61f98abf0989f157f153740fe0fadfbb760)
    #8 0x7ff5c7b61a19  (/usr/lib/llvm-20/lib/libLLVM.so.20.1+0x3c45a19) (BuildId: b856c61f98abf0989f157f153740fe0fadfbb760)
    #9 0x7ff5c7b62a6c  (/usr/lib/llvm-20/lib/libLLVM.so.20.1+0x3c46a6c) (BuildId: b856c61f98abf0989f157f153740fe0fadfbb760)
    #10 0x55ca91648523 in llvm::Target::createTargetMachine(llvm::StringRef, llvm::StringRef, llvm::StringRef, llvm::TargetOptions const&, std::optional<llvm::Reloc::Model>, std::optional<llvm::CodeModel::Model>, llvm::CodeGenOptLevel, bool) const /usr/lib/llvm-20/include/llvm/MC/TargetRegistry.h:462:12
    #11 0x55ca9163a09e in tsc::TargetRegistry::initializeAllTargets() /workspace/src/TargetRegistry.cpp:67:41
    #12 0x55ca9162bdcd in tsc::Compiler::initializeLLVM() /workspace/src/Compiler.cpp:349:14
    #13 0x55ca9162b8b7 in tsc::Compiler::Compiler(tsc::CompilerOptions const&) /workspace/src/Compiler.cpp:24:5
    #14 0x55ca915fd7b5 in main /workspace/src/main.cpp:191:18
    #15 0x7ff5c395a337  (/lib/x86_64-linux-gnu/libc.so.6+0x2a337) (BuildId: 467f544f15035abef911999cbc14489edd0555ab)
    #16 0x7ff5c395a3fa in __libc_start_main (/lib/x86_64-linux-gnu/libc.so.6+0x2a3fa) (BuildId: 467f544f15035abef911999cbc14489edd0555ab)
    #17 0x55ca91511b64 in _start (/workspace/build-asan/tsc+0x74b64) (BuildId: 73a10d7cc646a755f705b0ae57418e68578aec2f)

Indirect leak of 720 byte(s) in 2 object(s) allocated from:
    #0 0x55ca915b5858 in malloc (/workspace/build-asan/tsc+0x118858) (BuildId: 73a10d7cc646a755f705b0ae57418e68578aec2f)
    #1 0x7ff5c4ec87d6 in llvm::SmallVectorBase<unsigned int>::mallocForGrow(void*, unsigned long, unsigned long, unsigned long&) (/usr/lib/llvm-20/lib/libLLVM.so.20.1+0xfac7d6) (BuildId: b856c61f98abf0989f157f153740fe0fadfbb760)
    #2 0x7ff5c6f39a5c  (/usr/lib/llvm-20/lib/libLLVM.so.20.1+0x301da5c) (BuildId: b856c61f98abf0989f157f153740fe0fadfbb760)
    #3 0x7ff5c6f39a01  (/usr/lib/llvm-20/lib/libLLVM.so.20.1+0x301da01) (BuildId: b856c61f98abf0989f157f153740fe0fadfbb760)
    #4 0x7ff5c6f39cfe  (/usr/lib/llvm-20/lib/libLLVM.so.20.1+0x301dcfe) (BuildId: b856c61f98abf0989f157f153740fe0fadfbb760)
    #5 0x7ff5c6f34f81  (/usr/lib/llvm-20/lib/libLLVM.so.20.1+0x3018f81) (BuildId: b856c61f98abf0989f157f153740fe0fadfbb760)
    #6 0x7ff5c7b29261  (/usr/lib/llvm-20/lib/libLLVM.so.20.1+0x3c0d261) (BuildId: b856c61f98abf0989f157f153740fe0fadfbb760)
    #7 0x7ff5c7b6091a  (/usr/lib/llvm-20/lib/libLLVM.so.20.1+0x3c4491a) (BuildId: b856c61f98abf0989f157f153740fe0fadfbb760)
    #8 0x7ff5c7b6188a  (/usr/lib/llvm-20/lib/libLLVM.so.20.1+0x3c4588a) (BuildId: b856c61f98abf0989f157f153740fe0fadfbb760)
    #9 0x7ff5c7b62a6c  (/usr/lib/llvm-20/lib/libLLVM.so.20.1+0x3c46a6c) (BuildId: b856c61f98abf0989f157f153740fe0fadfbb760)
    #10 0x55ca91648523 in llvm::Target::createTargetMachine(llvm::StringRef, llvm::StringRef, llvm::StringRef, llvm::TargetOptions const&, std::optional<llvm::Reloc::Model>, std::optional<llvm::CodeModel::Model>, llvm::CodeGenOptLevel, bool) const /usr/lib/llvm-20/include/llvm/MC/TargetRegistry.h:462:12
    #11 0x55ca9163a09e in tsc::TargetRegistry::initializeAllTargets() /workspace/src/TargetRegistry.cpp:67:41
    #12 0x55ca9162bdcd in tsc::Compiler::initializeLLVM() /workspace/src/Compiler.cpp:349:14
    #13 0x55ca9162b8b7 in tsc::Compiler::Compiler(tsc::CompilerOptions const&) /workspace/src/Compiler.cpp:24:5
    #14 0x55ca915fd7b5 in main /workspace/src/main.cpp:191:18
    #15 0x7ff5c395a337  (/lib/x86_64-linux-gnu/libc.so.6+0x2a337) (BuildId: 467f544f15035abef911999cbc14489edd0555ab)
    #16 0x7ff5c395a3fa in __libc_start_main (/lib/x86_64-linux-gnu/libc.so.6+0x2a3fa) (BuildId: 467f544f15035abef911999cbc14489edd0555ab)
    #17 0x55ca91511b64 in _start (/workspace/build-asan/tsc+0x74b64) (BuildId: 73a10d7cc646a755f705b0ae57418e68578aec2f)

Indirect leak of 720 byte(s) in 2 object(s) allocated from:
    #0 0x55ca915b5858 in malloc (/workspace/build-asan/tsc+0x118858) (BuildId: 73a10d7cc646a755f705b0ae57418e68578aec2f)
    #1 0x7ff5c4ec87d6 in llvm::SmallVectorBase<unsigned int>::mallocForGrow(void*, unsigned long, unsigned long, unsigned long&) (/usr/lib/llvm-20/lib/libLLVM.so.20.1+0xfac7d6) (BuildId: b856c61f98abf0989f157f153740fe0fadfbb760)
    #2 0x7ff5c6f39a5c  (/usr/lib/llvm-20/lib/libLLVM.so.20.1+0x301da5c) (BuildId: b856c61f98abf0989f157f153740fe0fadfbb760)
    #3 0x7ff5c6f39a01  (/usr/lib/llvm-20/lib/libLLVM.so.20.1+0x301da01) (BuildId: b856c61f98abf0989f157f153740fe0fadfbb760)
    #4 0x7ff5c6f39cfe  (/usr/lib/llvm-20/lib/libLLVM.so.20.1+0x301dcfe) (BuildId: b856c61f98abf0989f157f153740fe0fadfbb760)
    #5 0x7ff5c6f34781  (/usr/lib/llvm-20/lib/libLLVM.so.20.1+0x3018781) (BuildId: b856c61f98abf0989f157f153740fe0fadfbb760)
    #6 0x7ff5c7b28924  (/usr/lib/llvm-20/lib/libLLVM.so.20.1+0x3c0c924) (BuildId: b856c61f98abf0989f157f153740fe0fadfbb760)
    #7 0x7ff5c7b6091a  (/usr/lib/llvm-20/lib/libLLVM.so.20.1+0x3c4491a) (BuildId: b856c61f98abf0989f157f153740fe0fadfbb760)
    #8 0x7ff5c7b61a19  (/usr/lib/llvm-20/lib/libLLVM.so.20.1+0x3c45a19) (BuildId: b856c61f98abf0989f157f153740fe0fadfbb760)
    #9 0x7ff5c7b62a6c  (/usr/lib/llvm-20/lib/libLLVM.so.20.1+0x3c46a6c) (BuildId: b856c61f98abf0989f157f153740fe0fadfbb760)
    #10 0x55ca91648523 in llvm::Target::createTargetMachine(llvm::StringRef, llvm::StringRef, llvm::StringRef, llvm::TargetOptions const&, std::optional<llvm::Reloc::Model>, std::optional<llvm::CodeModel::Model>, llvm::CodeGenOptLevel, bool) const /usr/lib/llvm-20/include/llvm/MC/TargetRegistry.h:462:12
    #11 0x55ca9163a09e in tsc::TargetRegistry::initializeAllTargets() /workspace/src/TargetRegistry.cpp:67:41
    #12 0x55ca9162bdcd in tsc::Compiler::initializeLLVM() /workspace/src/Compiler.cpp:349:14
    #13 0x55ca9162b8b7 in tsc::Compiler::Compiler(tsc::CompilerOptions const&) /workspace/src/Compiler.cpp:24:5
    #14 0x55ca915fd7b5 in main /workspace/src/main.cpp:191:18
    #15 0x7ff5c395a337  (/lib/x86_64-linux-gnu/libc.so.6+0x2a337) (BuildId: 467f544f15035abef911999cbc14489edd0555ab)
    #16 0x7ff5c395a3fa in __libc_start_main (/lib/x86_64-linux-gnu/libc.so.6+0x2a3fa) (BuildId: 467f544f15035abef911999cbc14489edd0555ab)
    #17 0x55ca91511b64 in _start (/workspace/build-asan/tsc+0x74b64) (BuildId: 73a10d7cc646a755f705b0ae57418e68578aec2f)

Indirect leak of 720 byte(s) in 2 object(s) allocated from:
    #0 0x55ca915b5858 in malloc (/workspace/build-asan/tsc+0x118858) (BuildId: 73a10d7cc646a755f705b0ae57418e68578aec2f)
    #1 0x7ff5c4ec87d6 in llvm::SmallVectorBase<unsigned int>::mallocForGrow(void*, unsigned long, unsigned long, unsigned long&) (/usr/lib/llvm-20/lib/libLLVM.so.20.1+0xfac7d6) (BuildId: b856c61f98abf0989f157f153740fe0fadfbb760)
    #2 0x7ff5c6f39a5c  (/usr/lib/llvm-20/lib/libLLVM.so.20.1+0x301da5c) (BuildId: b856c61f98abf0989f157f153740fe0fadfbb760)
    #3 0x7ff5c6f39a01  (/usr/lib/llvm-20/lib/libLLVM.so.20.1+0x301da01) (BuildId: b856c61f98abf0989f157f153740fe0fadfbb760)
    #4 0x7ff5c6f39cfe  (/usr/lib/llvm-20/lib/libLLVM.so.20.1+0x301dcfe) (BuildId: b856c61f98abf0989f157f153740fe0fadfbb760)
    #5 0x7ff5c6f34781  (/usr/lib/llvm-20/lib/libLLVM.so.20.1+0x3018781) (BuildId: b856c61f98abf0989f157f153740fe0fadfbb760)
    #6 0x7ff5c7b29d9d  (/usr/lib/llvm-20/lib/libLLVM.so.20.1+0x3c0dd9d) (BuildId: b856c61f98abf0989f157f153740fe0fadfbb760)
    #7 0x7ff5c7b6091a  (/usr/lib/llvm-20/lib/libLLVM.so.20.1+0x3c4491a) (BuildId: b856c61f98abf0989f157f153740fe0fadfbb760)
    #8 0x7ff5c7b6188a  (/usr/lib/llvm-20/lib/libLLVM.so.20.1+0x3c4588a) (BuildId: b856c61f98abf0989f157f153740fe0fadfbb760)
    #9 0x7ff5c7b62b2c  (/usr/lib/llvm-20/lib/libLLVM.so.20.1+0x3c46b2c) (BuildId: b856c61f98abf0989f157f153740fe0fadfbb760)
    #10 0x55ca91648523 in llvm::Target::createTargetMachine(llvm::StringRef, llvm::StringRef, llvm::StringRef, llvm::TargetOptions const&, std::optional<llvm::Reloc::Model>, std::optional<llvm::CodeModel::Model>, llvm::CodeGenOptLevel, bool) const /usr/lib/llvm-20/include/llvm/MC/TargetRegistry.h:462:12
    #11 0x55ca9163a09e in tsc::TargetRegistry::initializeAllTargets() /workspace/src/TargetRegistry.cpp:67:41
    #12 0x55ca9162bdcd in tsc::Compiler::initializeLLVM() /workspace/src/Compiler.cpp:349:14
    #13 0x55ca9162b8b7 in tsc::Compiler::Compiler(tsc::CompilerOptions const&) /workspace/src/Compiler.cpp:24:5
    #14 0x55ca915fd7b5 in main /workspace/src/main.cpp:191:18
    #15 0x7ff5c395a337  (/lib/x86_64-linux-gnu/libc.so.6+0x2a337) (BuildId: 467f544f15035abef911999cbc14489edd0555ab)
    #16 0x7ff5c395a3fa in __libc_start_main (/lib/x86_64-linux-gnu/libc.so.6+0x2a3fa) (BuildId: 467f544f15035abef911999cbc14489edd0555ab)
    #17 0x55ca91511b64 in _start (/workspace/build-asan/tsc+0x74b64) (BuildId: 73a10d7cc646a755f705b0ae57418e68578aec2f)

Indirect leak of 720 byte(s) in 2 object(s) allocated from:
    #0 0x55ca915b5858 in malloc (/workspace/build-asan/tsc+0x118858) (BuildId: 73a10d7cc646a755f705b0ae57418e68578aec2f)
    #1 0x7ff5c4ec87d6 in llvm::SmallVectorBase<unsigned int>::mallocForGrow(void*, unsigned long, unsigned long, unsigned long&) (/usr/lib/llvm-20/lib/libLLVM.so.20.1+0xfac7d6) (BuildId: b856c61f98abf0989f157f153740fe0fadfbb760)
    #2 0x7ff5c6f39a5c  (/usr/lib/llvm-20/lib/libLLVM.so.20.1+0x301da5c) (BuildId: b856c61f98abf0989f157f153740fe0fadfbb760)
    #3 0x7ff5c6f39a01  (/usr/lib/llvm-20/lib/libLLVM.so.20.1+0x301da01) (BuildId: b856c61f98abf0989f157f153740fe0fadfbb760)
    #4 0x7ff5c6f39cfe  (/usr/lib/llvm-20/lib/libLLVM.so.20.1+0x301dcfe) (BuildId: b856c61f98abf0989f157f153740fe0fadfbb760)
    #5 0x7ff5c6f34781  (/usr/lib/llvm-20/lib/libLLVM.so.20.1+0x3018781) (BuildId: b856c61f98abf0989f157f153740fe0fadfbb760)
    #6 0x7ff5c7b29c9b  (/usr/lib/llvm-20/lib/libLLVM.so.20.1+0x3c0dc9b) (BuildId: b856c61f98abf0989f157f153740fe0fadfbb760)
    #7 0x7ff5c7b6091a  (/usr/lib/llvm-20/lib/libLLVM.so.20.1+0x3c4491a) (BuildId: b856c61f98abf0989f157f153740fe0fadfbb760)
    #8 0x7ff5c7b6188a  (/usr/lib/llvm-20/lib/libLLVM.so.20.1+0x3c4588a) (BuildId: b856c61f98abf0989f157f153740fe0fadfbb760)
    #9 0x7ff5c7b62b2c  (/usr/lib/llvm-20/lib/libLLVM.so.20.1+0x3c46b2c) (BuildId: b856c61f98abf0989f157f153740fe0fadfbb760)
    #10 0x55ca91648523 in llvm::Target::createTargetMachine(llvm::StringRef, llvm::StringRef, llvm::StringRef, llvm::TargetOptions const&, std::optional<llvm::Reloc::Model>, std::optional<llvm::CodeModel::Model>, llvm::CodeGenOptLevel, bool) const /usr/lib/llvm-20/include/llvm/MC/TargetRegistry.h:462:12
    #11 0x55ca9163a09e in tsc::TargetRegistry::initializeAllTargets() /workspace/src/TargetRegistry.cpp:67:41
    #12 0x55ca9162bdcd in tsc::Compiler::initializeLLVM() /workspace/src/Compiler.cpp:349:14
    #13 0x55ca9162b8b7 in tsc::Compiler::Compiler(tsc::CompilerOptions const&) /workspace/src/Compiler.cpp:24:5
    #14 0x55ca915fd7b5 in main /workspace/src/main.cpp:191:18
    #15 0x7ff5c395a337  (/lib/x86_64-linux-gnu/libc.so.6+0x2a337) (BuildId: 467f544f15035abef911999cbc14489edd0555ab)
    #16 0x7ff5c395a3fa in __libc_start_main (/lib/x86_64-linux-gnu/libc.so.6+0x2a3fa) (BuildId: 467f544f15035abef911999cbc14489edd0555ab)
    #17 0x55ca91511b64 in _start (/workspace/build-asan/tsc+0x74b64) (BuildId: 73a10d7cc646a755f705b0ae57418e68578aec2f)

Indirect leak of 720 byte(s) in 2 object(s) allocated from:
    #0 0x55ca915b5858 in malloc (/workspace/build-asan/tsc+0x118858) (BuildId: 73a10d7cc646a755f705b0ae57418e68578aec2f)
    #1 0x7ff5c4ec87d6 in llvm::SmallVectorBase<unsigned int>::mallocForGrow(void*, unsigned long, unsigned long, unsigned long&) (/usr/lib/llvm-20/lib/libLLVM.so.20.1+0xfac7d6) (BuildId: b856c61f98abf0989f157f153740fe0fadfbb760)
    #2 0x7ff5c6f39a5c  (/usr/lib/llvm-20/lib/libLLVM.so.20.1+0x301da5c) (BuildId: b856c61f98abf0989f157f153740fe0fadfbb760)
    #3 0x7ff5c6f39a01  (/usr/lib/llvm-20/lib/libLLVM.so.20.1+0x301da01) (BuildId: b856c61f98abf0989f157f153740fe0fadfbb760)
    #4 0x7ff5c6f39cfe  (/usr/lib/llvm-20/lib/libLLVM.so.20.1+0x301dcfe) (BuildId: b856c61f98abf0989f157f153740fe0fadfbb760)
    #5 0x7ff5c6f34781  (/usr/lib/llvm-20/lib/libLLVM.so.20.1+0x3018781) (BuildId: b856c61f98abf0989f157f153740fe0fadfbb760)
    #6 0x7ff5c7b29d1c  (/usr/lib/llvm-20/lib/libLLVM.so.20.1+0x3c0dd1c) (BuildId: b856c61f98abf0989f157f153740fe0fadfbb760)
    #7 0x7ff5c7b6091a  (/usr/lib/llvm-20/lib/libLLVM.so.20.1+0x3c4491a) (BuildId: b856c61f98abf0989f157f153740fe0fadfbb760)
    #8 0x7ff5c7b6188a  (/usr/lib/llvm-20/lib/libLLVM.so.20.1+0x3c4588a) (BuildId: b856c61f98abf0989f157f153740fe0fadfbb760)
    #9 0x7ff5c7b62b2c  (/usr/lib/llvm-20/lib/libLLVM.so.20.1+0x3c46b2c) (BuildId: b856c61f98abf0989f157f153740fe0fadfbb760)
    #10 0x55ca91648523 in llvm::Target::createTargetMachine(llvm::StringRef, llvm::StringRef, llvm::StringRef, llvm::TargetOptions const&, std::optional<llvm::Reloc::Model>, std::optional<llvm::CodeModel::Model>, llvm::CodeGenOptLevel, bool) const /usr/lib/llvm-20/include/llvm/MC/TargetRegistry.h:462:12
    #11 0x55ca9163a09e in tsc::TargetRegistry::initializeAllTargets() /workspace/src/TargetRegistry.cpp:67:41
    #12 0x55ca9162bdcd in tsc::Compiler::initializeLLVM() /workspace/src/Compiler.cpp:349:14
    #13 0x55ca9162b8b7 in tsc::Compiler::Compiler(tsc::CompilerOptions const&) /workspace/src/Compiler.cpp:24:5
    #14 0x55ca915fd7b5 in main /workspace/src/main.cpp:191:18
    #15 0x7ff5c395a337  (/lib/x86_64-linux-gnu/libc.so.6+0x2a337) (BuildId: 467f544f15035abef911999cbc14489edd0555ab)
    #16 0x7ff5c395a3fa in __libc_start_main (/lib/x86_64-linux-gnu/libc.so.6+0x2a3fa) (BuildId: 467f544f15035abef911999cbc14489edd0555ab)
    #17 0x55ca91511b64 in _start (/workspace/build-asan/tsc+0x74b64) (BuildId: 73a10d7cc646a755f705b0ae57418e68578aec2f)

Indirect leak of 720 byte(s) in 2 object(s) allocated from:
    #0 0x55ca915b5858 in malloc (/workspace/build-asan/tsc+0x118858) (BuildId: 73a10d7cc646a755f705b0ae57418e68578aec2f)
    #1 0x7ff5c4ec87d6 in llvm::SmallVectorBase<unsigned int>::mallocForGrow(void*, unsigned long, unsigned long, unsigned long&) (/usr/lib/llvm-20/lib/libLLVM.so.20.1+0xfac7d6) (BuildId: b856c61f98abf0989f157f153740fe0fadfbb760)
    #2 0x7ff5c6f39a5c  (/usr/lib/llvm-20/lib/libLLVM.so.20.1+0x301da5c) (BuildId: b856c61f98abf0989f157f153740fe0fadfbb760)
    #3 0x7ff5c6f39a01  (/usr/lib/llvm-20/lib/libLLVM.so.20.1+0x301da01) (BuildId: b856c61f98abf0989f157f153740fe0fadfbb760)
    #4 0x7ff5c6f39cfe  (/usr/lib/llvm-20/lib/libLLVM.so.20.1+0x301dcfe) (BuildId: b856c61f98abf0989f157f153740fe0fadfbb760)
    #5 0x7ff5c6f34f81  (/usr/lib/llvm-20/lib/libLLVM.so.20.1+0x3018f81) (BuildId: b856c61f98abf0989f157f153740fe0fadfbb760)
    #6 0x7ff5c7b28bb9  (/usr/lib/llvm-20/lib/libLLVM.so.20.1+0x3c0cbb9) (BuildId: b856c61f98abf0989f157f153740fe0fadfbb760)
    #7 0x7ff5c7b6091a  (/usr/lib/llvm-20/lib/libLLVM.so.20.1+0x3c4491a) (BuildId: b856c61f98abf0989f157f153740fe0fadfbb760)
    #8 0x7ff5c7b6188a  (/usr/lib/llvm-20/lib/libLLVM.so.20.1+0x3c4588a) (BuildId: b856c61f98abf0989f157f153740fe0fadfbb760)
    #9 0x7ff5c7b62b2c  (/usr/lib/llvm-20/lib/libLLVM.so.20.1+0x3c46b2c) (BuildId: b856c61f98abf0989f157f153740fe0fadfbb760)
    #10 0x55ca91648523 in llvm::Target::createTargetMachine(llvm::StringRef, llvm::StringRef, llvm::StringRef, llvm::TargetOptions const&, std::optional<llvm::Reloc::Model>, std::optional<llvm::CodeModel::Model>, llvm::CodeGenOptLevel, bool) const /usr/lib/llvm-20/include/llvm/MC/TargetRegistry.h:462:12
    #11 0x55ca9163a09e in tsc::TargetRegistry::initializeAllTargets() /workspace/src/TargetRegistry.cpp:67:41
    #12 0x55ca9162bdcd in tsc::Compiler::initializeLLVM() /workspace/src/Compiler.cpp:349:14
    #13 0x55ca9162b8b7 in tsc::Compiler::Compiler(tsc::CompilerOptions const&) /workspace/src/Compiler.cpp:24:5
    #14 0x55ca915fd7b5 in main /workspace/src/main.cpp:191:18
    #15 0x7ff5c395a337  (/lib/x86_64-linux-gnu/libc.so.6+0x2a337) (BuildId: 467f544f15035abef911999cbc14489edd0555ab)
    #16 0x7ff5c395a3fa in __libc_start_main (/lib/x86_64-linux-gnu/libc.so.6+0x2a3fa) (BuildId: 467f544f15035abef911999cbc14489edd0555ab)
    #17 0x55ca91511b64 in _start (/workspace/build-asan/tsc+0x74b64) (BuildId: 73a10d7cc646a755f705b0ae57418e68578aec2f)

Indirect leak of 720 byte(s) in 2 object(s) allocated from:
    #0 0x55ca915b5858 in malloc (/workspace/build-asan/tsc+0x118858) (BuildId: 73a10d7cc646a755f705b0ae57418e68578aec2f)
    #1 0x7ff5c4ec87d6 in llvm::SmallVectorBase<unsigned int>::mallocForGrow(void*, unsigned long, unsigned long, unsigned long&) (/usr/lib/llvm-20/lib/libLLVM.so.20.1+0xfac7d6) (BuildId: b856c61f98abf0989f157f153740fe0fadfbb760)
    #2 0x7ff5c6f39a5c  (/usr/lib/llvm-20/lib/libLLVM.so.20.1+0x301da5c) (BuildId: b856c61f98abf0989f157f153740fe0fadfbb760)
    #3 0x7ff5c6f39a01  (/usr/lib/llvm-20/lib/libLLVM.so.20.1+0x301da01) (BuildId: b856c61f98abf0989f157f153740fe0fadfbb760)
    #4 0x7ff5c6f39cfe  (/usr/lib/llvm-20/lib/libLLVM.so.20.1+0x301dcfe) (BuildId: b856c61f98abf0989f157f153740fe0fadfbb760)
    #5 0x7ff5c6f34f81  (/usr/lib/llvm-20/lib/libLLVM.so.20.1+0x3018f81) (BuildId: b856c61f98abf0989f157f153740fe0fadfbb760)
    #6 0x7ff5c7b285ef  (/usr/lib/llvm-20/lib/libLLVM.so.20.1+0x3c0c5ef) (BuildId: b856c61f98abf0989f157f153740fe0fadfbb760)
    #7 0x7ff5c7b6091a  (/usr/lib/llvm-20/lib/libLLVM.so.20.1+0x3c4491a) (BuildId: b856c61f98abf0989f157f153740fe0fadfbb760)
    #8 0x7ff5c7b61710  (/usr/lib/llvm-20/lib/libLLVM.so.20.1+0x3c45710) (BuildId: b856c61f98abf0989f157f153740fe0fadfbb760)
    #9 0x7ff5c7b62b2c  (/usr/lib/llvm-20/lib/libLLVM.so.20.1+0x3c46b2c) (BuildId: b856c61f98abf0989f157f153740fe0fadfbb760)
    #10 0x55ca91648523 in llvm::Target::createTargetMachine(llvm::StringRef, llvm::StringRef, llvm::StringRef, llvm::TargetOptions const&, std::optional<llvm::Reloc::Model>, std::optional<llvm::CodeModel::Model>, llvm::CodeGenOptLevel, bool) const /usr/lib/llvm-20/include/llvm/MC/TargetRegistry.h:462:12
    #11 0x55ca9163a09e in tsc::TargetRegistry::initializeAllTargets() /workspace/src/TargetRegistry.cpp:67:41
    #12 0x55ca9162bdcd in tsc::Compiler::initializeLLVM() /workspace/src/Compiler.cpp:349:14
    #13 0x55ca9162b8b7 in tsc::Compiler::Compiler(tsc::CompilerOptions const&) /workspace/src/Compiler.cpp:24:5
    #14 0x55ca915fd7b5 in main /workspace/src/main.cpp:191:18
    #15 0x7ff5c395a337  (/lib/x86_64-linux-gnu/libc.so.6+0x2a337) (BuildId: 467f544f15035abef911999cbc14489edd0555ab)
    #16 0x7ff5c395a3fa in __libc_start_main (/lib/x86_64-linux-gnu/libc.so.6+0x2a3fa) (BuildId: 467f544f15035abef911999cbc14489edd0555ab)
    #17 0x55ca91511b64 in _start (/workspace/build-asan/tsc+0x74b64) (BuildId: 73a10d7cc646a755f705b0ae57418e68578aec2f)

Indirect leak of 720 byte(s) in 2 object(s) allocated from:
    #0 0x55ca915b5858 in malloc (/workspace/build-asan/tsc+0x118858) (BuildId: 73a10d7cc646a755f705b0ae57418e68578aec2f)
    #1 0x7ff5c4ec87d6 in llvm::SmallVectorBase<unsigned int>::mallocForGrow(void*, unsigned long, unsigned long, unsigned long&) (/usr/lib/llvm-20/lib/libLLVM.so.20.1+0xfac7d6) (BuildId: b856c61f98abf0989f157f153740fe0fadfbb760)
    #2 0x7ff5c6f39a5c  (/usr/lib/llvm-20/lib/libLLVM.so.20.1+0x301da5c) (BuildId: b856c61f98abf0989f157f153740fe0fadfbb760)
    #3 0x7ff5c6f39a01  (/usr/lib/llvm-20/lib/libLLVM.so.20.1+0x301da01) (BuildId: b856c61f98abf0989f157f153740fe0fadfbb760)
    #4 0x7ff5c6f39cfe  (/usr/lib/llvm-20/lib/libLLVM.so.20.1+0x301dcfe) (BuildId: b856c61f98abf0989f157f153740fe0fadfbb760)
    #5 0x7ff5c6f34f81  (/usr/lib/llvm-20/lib/libLLVM.so.20.1+0x3018f81) (BuildId: b856c61f98abf0989f157f153740fe0fadfbb760)
    #6 0x7ff5c7b296f5  (/usr/lib/llvm-20/lib/libLLVM.so.20.1+0x3c0d6f5) (BuildId: b856c61f98abf0989f157f153740fe0fadfbb760)
    #7 0x7ff5c7b6091a  (/usr/lib/llvm-20/lib/libLLVM.so.20.1+0x3c4491a) (BuildId: b856c61f98abf0989f157f153740fe0fadfbb760)
    #8 0x7ff5c7b6188a  (/usr/lib/llvm-20/lib/libLLVM.so.20.1+0x3c4588a) (BuildId: b856c61f98abf0989f157f153740fe0fadfbb760)
    #9 0x7ff5c7b62a6c  (/usr/lib/llvm-20/lib/libLLVM.so.20.1+0x3c46a6c) (BuildId: b856c61f98abf0989f157f153740fe0fadfbb760)
    #10 0x55ca91648523 in llvm::Target::createTargetMachine(llvm::StringRef, llvm::StringRef, llvm::StringRef, llvm::TargetOptions const&, std::optional<llvm::Reloc::Model>, std::optional<llvm::CodeModel::Model>, llvm::CodeGenOptLevel, bool) const /usr/lib/llvm-20/include/llvm/MC/TargetRegistry.h:462:12
    #11 0x55ca9163a09e in tsc::TargetRegistry::initializeAllTargets() /workspace/src/TargetRegistry.cpp:67:41
    #12 0x55ca9162bdcd in tsc::Compiler::initializeLLVM() /workspace/src/Compiler.cpp:349:14
    #13 0x55ca9162b8b7 in tsc::Compiler::Compiler(tsc::CompilerOptions const&) /workspace/src/Compiler.cpp:24:5
    #14 0x55ca915fd7b5 in main /workspace/src/main.cpp:191:18
    #15 0x7ff5c395a337  (/lib/x86_64-linux-gnu/libc.so.6+0x2a337) (BuildId: 467f544f15035abef911999cbc14489edd0555ab)
    #16 0x7ff5c395a3fa in __libc_start_main (/lib/x86_64-linux-gnu/libc.so.6+0x2a3fa) (BuildId: 467f544f15035abef911999cbc14489edd0555ab)
    #17 0x55ca91511b64 in _start (/workspace/build-asan/tsc+0x74b64) (BuildId: 73a10d7cc646a755f705b0ae57418e68578aec2f)

Indirect leak of 720 byte(s) in 2 object(s) allocated from:
    #0 0x55ca915b5858 in malloc (/workspace/build-asan/tsc+0x118858) (BuildId: 73a10d7cc646a755f705b0ae57418e68578aec2f)
    #1 0x7ff5c4ec87d6 in llvm::SmallVectorBase<unsigned int>::mallocForGrow(void*, unsigned long, unsigned long, unsigned long&) (/usr/lib/llvm-20/lib/libLLVM.so.20.1+0xfac7d6) (BuildId: b856c61f98abf0989f157f153740fe0fadfbb760)
    #2 0x7ff5c6f39a5c  (/usr/lib/llvm-20/lib/libLLVM.so.20.1+0x301da5c) (BuildId: b856c61f98abf0989f157f153740fe0fadfbb760)
    #3 0x7ff5c6f39a01  (/usr/lib/llvm-20/lib/libLLVM.so.20.1+0x301da01) (BuildId: b856c61f98abf0989f157f153740fe0fadfbb760)
    #4 0x7ff5c6f39cfe  (/usr/lib/llvm-20/lib/libLLVM.so.20.1+0x301dcfe) (BuildId: b856c61f98abf0989f157f153740fe0fadfbb760)
    #5 0x7ff5c6f34781  (/usr/lib/llvm-20/lib/libLLVM.so.20.1+0x3018781) (BuildId: b856c61f98abf0989f157f153740fe0fadfbb760)
    #6 0x7ff5c7b29e21  (/usr/lib/llvm-20/lib/libLLVM.so.20.1+0x3c0de21) (BuildId: b856c61f98abf0989f157f153740fe0fadfbb760)
    #7 0x7ff5c7b6091a  (/usr/lib/llvm-20/lib/libLLVM.so.20.1+0x3c4491a) (BuildId: b856c61f98abf0989f157f153740fe0fadfbb760)
    #8 0x7ff5c7b6188a  (/usr/lib/llvm-20/lib/libLLVM.so.20.1+0x3c4588a) (BuildId: b856c61f98abf0989f157f153740fe0fadfbb760)
    #9 0x7ff5c7b62a6c  (/usr/lib/llvm-20/lib/libLLVM.so.20.1+0x3c46a6c) (BuildId: b856c61f98abf0989f157f153740fe0fadfbb760)
    #10 0x55ca91648523 in llvm::Target::createTargetMachine(llvm::StringRef, llvm::StringRef, llvm::StringRef, llvm::TargetOptions const&, std::optional<llvm::Reloc::Model>, std::optional<llvm::CodeModel::Model>, llvm::CodeGenOptLevel, bool) const /usr/lib/llvm-20/include/llvm/MC/TargetRegistry.h:462:12
    #11 0x55ca9163a09e in tsc::TargetRegistry::initializeAllTargets() /workspace/src/TargetRegistry.cpp:67:41
    #12 0x55ca9162bdcd in tsc::Compiler::initializeLLVM() /workspace/src/Compiler.cpp:349:14
    #13 0x55ca9162b8b7 in tsc::Compiler::Compiler(tsc::CompilerOptions const&) /workspace/src/Compiler.cpp:24:5
    #14 0x55ca915fd7b5 in main /workspace/src/main.cpp:191:18
    #15 0x7ff5c395a337  (/lib/x86_64-linux-gnu/libc.so.6+0x2a337) (BuildId: 467f544f15035abef911999cbc14489edd0555ab)
    #16 0x7ff5c395a3fa in __libc_start_main (/lib/x86_64-linux-gnu/libc.so.6+0x2a3fa) (BuildId: 467f544f15035abef911999cbc14489edd0555ab)
    #17 0x55ca91511b64 in _start (/workspace/build-asan/tsc+0x74b64) (BuildId: 73a10d7cc646a755f705b0ae57418e68578aec2f)

Indirect leak of 720 byte(s) in 2 object(s) allocated from:
    #0 0x55ca915b5858 in malloc (/workspace/build-asan/tsc+0x118858) (BuildId: 73a10d7cc646a755f705b0ae57418e68578aec2f)
    #1 0x7ff5c4ec87d6 in llvm::SmallVectorBase<unsigned int>::mallocForGrow(void*, unsigned long, unsigned long, unsigned long&) (/usr/lib/llvm-20/lib/libLLVM.so.20.1+0xfac7d6) (BuildId: b856c61f98abf0989f157f153740fe0fadfbb760)
    #2 0x7ff5c6f39a5c  (/usr/lib/llvm-20/lib/libLLVM.so.20.1+0x301da5c) (BuildId: b856c61f98abf0989f157f153740fe0fadfbb760)
    #3 0x7ff5c6f39a01  (/usr/lib/llvm-20/lib/libLLVM.so.20.1+0x301da01) (BuildId: b856c61f98abf0989f157f153740fe0fadfbb760)
    #4 0x7ff5c6f39cfe  (/usr/lib/llvm-20/lib/libLLVM.so.20.1+0x301dcfe) (BuildId: b856c61f98abf0989f157f153740fe0fadfbb760)
    #5 0x7ff5c6f34f81  (/usr/lib/llvm-20/lib/libLLVM.so.20.1+0x3018f81) (BuildId: b856c61f98abf0989f157f153740fe0fadfbb760)
    #6 0x7ff5c7b298bc  (/usr/lib/llvm-20/lib/libLLVM.so.20.1+0x3c0d8bc) (BuildId: b856c61f98abf0989f157f153740fe0fadfbb760)
    #7 0x7ff5c7b6091a  (/usr/lib/llvm-20/lib/libLLVM.so.20.1+0x3c4491a) (BuildId: b856c61f98abf0989f157f153740fe0fadfbb760)
    #8 0x7ff5c7b6188a  (/usr/lib/llvm-20/lib/libLLVM.so.20.1+0x3c4588a) (BuildId: b856c61f98abf0989f157f153740fe0fadfbb760)
    #9 0x7ff5c7b62a6c  (/usr/lib/llvm-20/lib/libLLVM.so.20.1+0x3c46a6c) (BuildId: b856c61f98abf0989f157f153740fe0fadfbb760)
    #10 0x55ca91648523 in llvm::Target::createTargetMachine(llvm::StringRef, llvm::StringRef, llvm::StringRef, llvm::TargetOptions const&, std::optional<llvm::Reloc::Model>, std::optional<llvm::CodeModel::Model>, llvm::CodeGenOptLevel, bool) const /usr/lib/llvm-20/include/llvm/MC/TargetRegistry.h:462:12
    #11 0x55ca9163a09e in tsc::TargetRegistry::initializeAllTargets() /workspace/src/TargetRegistry.cpp:67:41
    #12 0x55ca9162bdcd in tsc::Compiler::initializeLLVM() /workspace/src/Compiler.cpp:349:14
    #13 0x55ca9162b8b7 in tsc::Compiler::Compiler(tsc::CompilerOptions const&) /workspace/src/Compiler.cpp:24:5
    #14 0x55ca915fd7b5 in main /workspace/src/main.cpp:191:18
    #15 0x7ff5c395a337  (/lib/x86_64-linux-gnu/libc.so.6+0x2a337) (BuildId: 467f544f15035abef911999cbc14489edd0555ab)
    #16 0x7ff5c395a3fa in __libc_start_main (/lib/x86_64-linux-gnu/libc.so.6+0x2a3fa) (BuildId: 467f544f15035abef911999cbc14489edd0555ab)
    #17 0x55ca91511b64 in _start (/workspace/build-asan/tsc+0x74b64) (BuildId: 73a10d7cc646a755f705b0ae57418e68578aec2f)

Indirect leak of 720 byte(s) in 2 object(s) allocated from:
    #0 0x55ca915b5858 in malloc (/workspace/build-asan/tsc+0x118858) (BuildId: 73a10d7cc646a755f705b0ae57418e68578aec2f)
    #1 0x7ff5c4ec87d6 in llvm::SmallVectorBase<unsigned int>::mallocForGrow(void*, unsigned long, unsigned long, unsigned long&) (/usr/lib/llvm-20/lib/libLLVM.so.20.1+0xfac7d6) (BuildId: b856c61f98abf0989f157f153740fe0fadfbb760)
    #2 0x7ff5c6f39a5c  (/usr/lib/llvm-20/lib/libLLVM.so.20.1+0x301da5c) (BuildId: b856c61f98abf0989f157f153740fe0fadfbb760)
    #3 0x7ff5c6f39a01  (/usr/lib/llvm-20/lib/libLLVM.so.20.1+0x301da01) (BuildId: b856c61f98abf0989f157f153740fe0fadfbb760)
    #4 0x7ff5c6f39cfe  (/usr/lib/llvm-20/lib/libLLVM.so.20.1+0x301dcfe) (BuildId: b856c61f98abf0989f157f153740fe0fadfbb760)
    #5 0x7ff5c6f34f81  (/usr/lib/llvm-20/lib/libLLVM.so.20.1+0x3018f81) (BuildId: b856c61f98abf0989f157f153740fe0fadfbb760)
    #6 0x7ff5c7b297d1  (/usr/lib/llvm-20/lib/libLLVM.so.20.1+0x3c0d7d1) (BuildId: b856c61f98abf0989f157f153740fe0fadfbb760)
    #7 0x7ff5c7b6091a  (/usr/lib/llvm-20/lib/libLLVM.so.20.1+0x3c4491a) (BuildId: b856c61f98abf0989f157f153740fe0fadfbb760)
    #8 0x7ff5c7b6188a  (/usr/lib/llvm-20/lib/libLLVM.so.20.1+0x3c4588a) (BuildId: b856c61f98abf0989f157f153740fe0fadfbb760)
    #9 0x7ff5c7b62b2c  (/usr/lib/llvm-20/lib/libLLVM.so.20.1+0x3c46b2c) (BuildId: b856c61f98abf0989f157f153740fe0fadfbb760)
    #10 0x55ca91648523 in llvm::Target::createTargetMachine(llvm::StringRef, llvm::StringRef, llvm::StringRef, llvm::TargetOptions const&, std::optional<llvm::Reloc::Model>, std::optional<llvm::CodeModel::Model>, llvm::CodeGenOptLevel, bool) const /usr/lib/llvm-20/include/llvm/MC/TargetRegistry.h:462:12
    #11 0x55ca9163a09e in tsc::TargetRegistry::initializeAllTargets() /workspace/src/TargetRegistry.cpp:67:41
    #12 0x55ca9162bdcd in tsc::Compiler::initializeLLVM() /workspace/src/Compiler.cpp:349:14
    #13 0x55ca9162b8b7 in tsc::Compiler::Compiler(tsc::CompilerOptions const&) /workspace/src/Compiler.cpp:24:5
    #14 0x55ca915fd7b5 in main /workspace/src/main.cpp:191:18
    #15 0x7ff5c395a337  (/lib/x86_64-linux-gnu/libc.so.6+0x2a337) (BuildId: 467f544f15035abef911999cbc14489edd0555ab)
    #16 0x7ff5c395a3fa in __libc_start_main (/lib/x86_64-linux-gnu/libc.so.6+0x2a3fa) (BuildId: 467f544f15035abef911999cbc14489edd0555ab)
    #17 0x55ca91511b64 in _start (/workspace/build-asan/tsc+0x74b64) (BuildId: 73a10d7cc646a755f705b0ae57418e68578aec2f)

Indirect leak of 720 byte(s) in 2 object(s) allocated from:
    #0 0x55ca915b5858 in malloc (/workspace/build-asan/tsc+0x118858) (BuildId: 73a10d7cc646a755f705b0ae57418e68578aec2f)
    #1 0x7ff5c4ec87d6 in llvm::SmallVectorBase<unsigned int>::mallocForGrow(void*, unsigned long, unsigned long, unsigned long&) (/usr/lib/llvm-20/lib/libLLVM.so.20.1+0xfac7d6) (BuildId: b856c61f98abf0989f157f153740fe0fadfbb760)
    #2 0x7ff5c6f39a5c  (/usr/lib/llvm-20/lib/libLLVM.so.20.1+0x301da5c) (BuildId: b856c61f98abf0989f157f153740fe0fadfbb760)
    #3 0x7ff5c6f39a01  (/usr/lib/llvm-20/lib/libLLVM.so.20.1+0x301da01) (BuildId: b856c61f98abf0989f157f153740fe0fadfbb760)
    #4 0x7ff5c6f39cfe  (/usr/lib/llvm-20/lib/libLLVM.so.20.1+0x301dcfe) (BuildId: b856c61f98abf0989f157f153740fe0fadfbb760)
    #5 0x7ff5c6f34f81  (/usr/lib/llvm-20/lib/libLLVM.so.20.1+0x3018f81) (BuildId: b856c61f98abf0989f157f153740fe0fadfbb760)
    #6 0x7ff5c7b28fad  (/usr/lib/llvm-20/lib/libLLVM.so.20.1+0x3c0cfad) (BuildId: b856c61f98abf0989f157f153740fe0fadfbb760)
    #7 0x7ff5c7b6091a  (/usr/lib/llvm-20/lib/libLLVM.so.20.1+0x3c4491a) (BuildId: b856c61f98abf0989f157f153740fe0fadfbb760)
    #8 0x7ff5c7b61a19  (/usr/lib/llvm-20/lib/libLLVM.so.20.1+0x3c45a19) (BuildId: b856c61f98abf0989f157f153740fe0fadfbb760)
    #9 0x7ff5c7b62a6c  (/usr/lib/llvm-20/lib/libLLVM.so.20.1+0x3c46a6c) (BuildId: b856c61f98abf0989f157f153740fe0fadfbb760)
    #10 0x55ca91648523 in llvm::Target::createTargetMachine(llvm::StringRef, llvm::StringRef, llvm::StringRef, llvm::TargetOptions const&, std::optional<llvm::Reloc::Model>, std::optional<llvm::CodeModel::Model>, llvm::CodeGenOptLevel, bool) const /usr/lib/llvm-20/include/llvm/MC/TargetRegistry.h:462:12
    #11 0x55ca9163a09e in tsc::TargetRegistry::initializeAllTargets() /workspace/src/TargetRegistry.cpp:67:41
    #12 0x55ca9162bdcd in tsc::Compiler::initializeLLVM() /workspace/src/Compiler.cpp:349:14
    #13 0x55ca9162b8b7 in tsc::Compiler::Compiler(tsc::CompilerOptions const&) /workspace/src/Compiler.cpp:24:5
    #14 0x55ca915fd7b5 in main /workspace/src/main.cpp:191:18
    #15 0x7ff5c395a337  (/lib/x86_64-linux-gnu/libc.so.6+0x2a337) (BuildId: 467f544f15035abef911999cbc14489edd0555ab)
    #16 0x7ff5c395a3fa in __libc_start_main (/lib/x86_64-linux-gnu/libc.so.6+0x2a3fa) (BuildId: 467f544f15035abef911999cbc14489edd0555ab)
    #17 0x55ca91511b64 in _start (/workspace/build-asan/tsc+0x74b64) (BuildId: 73a10d7cc646a755f705b0ae57418e68578aec2f)

Indirect leak of 720 byte(s) in 2 object(s) allocated from:
    #0 0x55ca915b5858 in malloc (/workspace/build-asan/tsc+0x118858) (BuildId: 73a10d7cc646a755f705b0ae57418e68578aec2f)
    #1 0x7ff5c4ec87d6 in llvm::SmallVectorBase<unsigned int>::mallocForGrow(void*, unsigned long, unsigned long, unsigned long&) (/usr/lib/llvm-20/lib/libLLVM.so.20.1+0xfac7d6) (BuildId: b856c61f98abf0989f157f153740fe0fadfbb760)
    #2 0x7ff5c6f39a5c  (/usr/lib/llvm-20/lib/libLLVM.so.20.1+0x301da5c) (BuildId: b856c61f98abf0989f157f153740fe0fadfbb760)
    #3 0x7ff5c6f39a01  (/usr/lib/llvm-20/lib/libLLVM.so.20.1+0x301da01) (BuildId: b856c61f98abf0989f157f153740fe0fadfbb760)
    #4 0x7ff5c6f39cfe  (/usr/lib/llvm-20/lib/libLLVM.so.20.1+0x301dcfe) (BuildId: b856c61f98abf0989f157f153740fe0fadfbb760)
    #5 0x7ff5c6f34f81  (/usr/lib/llvm-20/lib/libLLVM.so.20.1+0x3018f81) (BuildId: b856c61f98abf0989f157f153740fe0fadfbb760)
    #6 0x7ff5c7b297d1  (/usr/lib/llvm-20/lib/libLLVM.so.20.1+0x3c0d7d1) (BuildId: b856c61f98abf0989f157f153740fe0fadfbb760)
    #7 0x7ff5c7b6091a  (/usr/lib/llvm-20/lib/libLLVM.so.20.1+0x3c4491a) (BuildId: b856c61f98abf0989f157f153740fe0fadfbb760)
    #8 0x7ff5c7b61710  (/usr/lib/llvm-20/lib/libLLVM.so.20.1+0x3c45710) (BuildId: b856c61f98abf0989f157f153740fe0fadfbb760)
    #9 0x7ff5c7b62a6c  (/usr/lib/llvm-20/lib/libLLVM.so.20.1+0x3c46a6c) (BuildId: b856c61f98abf0989f157f153740fe0fadfbb760)
    #10 0x55ca91648523 in llvm::Target::createTargetMachine(llvm::StringRef, llvm::StringRef, llvm::StringRef, llvm::TargetOptions const&, std::optional<llvm::Reloc::Model>, std::optional<llvm::CodeModel::Model>, llvm::CodeGenOptLevel, bool) const /usr/lib/llvm-20/include/llvm/MC/TargetRegistry.h:462:12
    #11 0x55ca9163a09e in tsc::TargetRegistry::initializeAllTargets() /workspace/src/TargetRegistry.cpp:67:41
    #12 0x55ca9162bdcd in tsc::Compiler::initializeLLVM() /workspace/src/Compiler.cpp:349:14
    #13 0x55ca9162b8b7 in tsc::Compiler::Compiler(tsc::CompilerOptions const&) /workspace/src/Compiler.cpp:24:5
    #14 0x55ca915fd7b5 in main /workspace/src/main.cpp:191:18
    #15 0x7ff5c395a337  (/lib/x86_64-linux-gnu/libc.so.6+0x2a337) (BuildId: 467f544f15035abef911999cbc14489edd0555ab)
    #16 0x7ff5c395a3fa in __libc_start_main (/lib/x86_64-linux-gnu/libc.so.6+0x2a3fa) (BuildId: 467f544f15035abef911999cbc14489edd0555ab)
    #17 0x55ca91511b64 in _start (/workspace/build-asan/tsc+0x74b64) (BuildId: 73a10d7cc646a755f705b0ae57418e68578aec2f)

Indirect leak of 720 byte(s) in 2 object(s) allocated from:
    #0 0x55ca915b5858 in malloc (/workspace/build-asan/tsc+0x118858) (BuildId: 73a10d7cc646a755f705b0ae57418e68578aec2f)
    #1 0x7ff5c4ec87d6 in llvm::SmallVectorBase<unsigned int>::mallocForGrow(void*, unsigned long, unsigned long, unsigned long&) (/usr/lib/llvm-20/lib/libLLVM.so.20.1+0xfac7d6) (BuildId: b856c61f98abf0989f157f153740fe0fadfbb760)
    #2 0x7ff5c6f39a5c  (/usr/lib/llvm-20/lib/libLLVM.so.20.1+0x301da5c) (BuildId: b856c61f98abf0989f157f153740fe0fadfbb760)
    #3 0x7ff5c6f39a01  (/usr/lib/llvm-20/lib/libLLVM.so.20.1+0x301da01) (BuildId: b856c61f98abf0989f157f153740fe0fadfbb760)
    #4 0x7ff5c6f39cfe  (/usr/lib/llvm-20/lib/libLLVM.so.20.1+0x301dcfe) (BuildId: b856c61f98abf0989f157f153740fe0fadfbb760)
    #5 0x7ff5c6f34f81  (/usr/lib/llvm-20/lib/libLLVM.so.20.1+0x3018f81) (BuildId: b856c61f98abf0989f157f153740fe0fadfbb760)
    #6 0x7ff5c7b297d1  (/usr/lib/llvm-20/lib/libLLVM.so.20.1+0x3c0d7d1) (BuildId: b856c61f98abf0989f157f153740fe0fadfbb760)
    #7 0x7ff5c7b6091a  (/usr/lib/llvm-20/lib/libLLVM.so.20.1+0x3c4491a) (BuildId: b856c61f98abf0989f157f153740fe0fadfbb760)
    #8 0x7ff5c7b61a19  (/usr/lib/llvm-20/lib/libLLVM.so.20.1+0x3c45a19) (BuildId: b856c61f98abf0989f157f153740fe0fadfbb760)
    #9 0x7ff5c7b62b2c  (/usr/lib/llvm-20/lib/libLLVM.so.20.1+0x3c46b2c) (BuildId: b856c61f98abf0989f157f153740fe0fadfbb760)
    #10 0x55ca91648523 in llvm::Target::createTargetMachine(llvm::StringRef, llvm::StringRef, llvm::StringRef, llvm::TargetOptions const&, std::optional<llvm::Reloc::Model>, std::optional<llvm::CodeModel::Model>, llvm::CodeGenOptLevel, bool) const /usr/lib/llvm-20/include/llvm/MC/TargetRegistry.h:462:12
    #11 0x55ca9163a09e in tsc::TargetRegistry::initializeAllTargets() /workspace/src/TargetRegistry.cpp:67:41
    #12 0x55ca9162bdcd in tsc::Compiler::initializeLLVM() /workspace/src/Compiler.cpp:349:14
    #13 0x55ca9162b8b7 in tsc::Compiler::Compiler(tsc::CompilerOptions const&) /workspace/src/Compiler.cpp:24:5
    #14 0x55ca915fd7b5 in main /workspace/src/main.cpp:191:18
    #15 0x7ff5c395a337  (/lib/x86_64-linux-gnu/libc.so.6+0x2a337) (BuildId: 467f544f15035abef911999cbc14489edd0555ab)
    #16 0x7ff5c395a3fa in __libc_start_main (/lib/x86_64-linux-gnu/libc.so.6+0x2a3fa) (BuildId: 467f544f15035abef911999cbc14489edd0555ab)
    #17 0x55ca91511b64 in _start (/workspace/build-asan/tsc+0x74b64) (BuildId: 73a10d7cc646a755f705b0ae57418e68578aec2f)

Indirect leak of 720 byte(s) in 2 object(s) allocated from:
    #0 0x55ca915b5858 in malloc (/workspace/build-asan/tsc+0x118858) (BuildId: 73a10d7cc646a755f705b0ae57418e68578aec2f)
    #1 0x7ff5c4ec87d6 in llvm::SmallVectorBase<unsigned int>::mallocForGrow(void*, unsigned long, unsigned long, unsigned long&) (/usr/lib/llvm-20/lib/libLLVM.so.20.1+0xfac7d6) (BuildId: b856c61f98abf0989f157f153740fe0fadfbb760)
    #2 0x7ff5c6f39a5c  (/usr/lib/llvm-20/lib/libLLVM.so.20.1+0x301da5c) (BuildId: b856c61f98abf0989f157f153740fe0fadfbb760)
    #3 0x7ff5c6f39a01  (/usr/lib/llvm-20/lib/libLLVM.so.20.1+0x301da01) (BuildId: b856c61f98abf0989f157f153740fe0fadfbb760)
    #4 0x7ff5c6f39cfe  (/usr/lib/llvm-20/lib/libLLVM.so.20.1+0x301dcfe) (BuildId: b856c61f98abf0989f157f153740fe0fadfbb760)
    #5 0x7ff5c6f34f81  (/usr/lib/llvm-20/lib/libLLVM.so.20.1+0x3018f81) (BuildId: b856c61f98abf0989f157f153740fe0fadfbb760)
    #6 0x7ff5c7b292dc  (/usr/lib/llvm-20/lib/libLLVM.so.20.1+0x3c0d2dc) (BuildId: b856c61f98abf0989f157f153740fe0fadfbb760)
    #7 0x7ff5c7b6091a  (/usr/lib/llvm-20/lib/libLLVM.so.20.1+0x3c4491a) (BuildId: b856c61f98abf0989f157f153740fe0fadfbb760)
    #8 0x7ff5c7b6188a  (/usr/lib/llvm-20/lib/libLLVM.so.20.1+0x3c4588a) (BuildId: b856c61f98abf0989f157f153740fe0fadfbb760)
    #9 0x7ff5c7b62b2c  (/usr/lib/llvm-20/lib/libLLVM.so.20.1+0x3c46b2c) (BuildId: b856c61f98abf0989f157f153740fe0fadfbb760)
    #10 0x55ca91648523 in llvm::Target::createTargetMachine(llvm::StringRef, llvm::StringRef, llvm::StringRef, llvm::TargetOptions const&, std::optional<llvm::Reloc::Model>, std::optional<llvm::CodeModel::Model>, llvm::CodeGenOptLevel, bool) const /usr/lib/llvm-20/include/llvm/MC/TargetRegistry.h:462:12
    #11 0x55ca9163a09e in tsc::TargetRegistry::initializeAllTargets() /workspace/src/TargetRegistry.cpp:67:41
    #12 0x55ca9162bdcd in tsc::Compiler::initializeLLVM() /workspace/src/Compiler.cpp:349:14
    #13 0x55ca9162b8b7 in tsc::Compiler::Compiler(tsc::CompilerOptions const&) /workspace/src/Compiler.cpp:24:5
    #14 0x55ca915fd7b5 in main /workspace/src/main.cpp:191:18
    #15 0x7ff5c395a337  (/lib/x86_64-linux-gnu/libc.so.6+0x2a337) (BuildId: 467f544f15035abef911999cbc14489edd0555ab)
    #16 0x7ff5c395a3fa in __libc_start_main (/lib/x86_64-linux-gnu/libc.so.6+0x2a3fa) (BuildId: 467f544f15035abef911999cbc14489edd0555ab)
    #17 0x55ca91511b64 in _start (/workspace/build-asan/tsc+0x74b64) (BuildId: 73a10d7cc646a755f705b0ae57418e68578aec2f)

Indirect leak of 720 byte(s) in 2 object(s) allocated from:
    #0 0x55ca915b5858 in malloc (/workspace/build-asan/tsc+0x118858) (BuildId: 73a10d7cc646a755f705b0ae57418e68578aec2f)
    #1 0x7ff5c4ec87d6 in llvm::SmallVectorBase<unsigned int>::mallocForGrow(void*, unsigned long, unsigned long, unsigned long&) (/usr/lib/llvm-20/lib/libLLVM.so.20.1+0xfac7d6) (BuildId: b856c61f98abf0989f157f153740fe0fadfbb760)
    #2 0x7ff5c6f39a5c  (/usr/lib/llvm-20/lib/libLLVM.so.20.1+0x301da5c) (BuildId: b856c61f98abf0989f157f153740fe0fadfbb760)
    #3 0x7ff5c6f39a01  (/usr/lib/llvm-20/lib/libLLVM.so.20.1+0x301da01) (BuildId: b856c61f98abf0989f157f153740fe0fadfbb760)
    #4 0x7ff5c6f39cfe  (/usr/lib/llvm-20/lib/libLLVM.so.20.1+0x301dcfe) (BuildId: b856c61f98abf0989f157f153740fe0fadfbb760)
    #5 0x7ff5c6f34f81  (/usr/lib/llvm-20/lib/libLLVM.so.20.1+0x3018f81) (BuildId: b856c61f98abf0989f157f153740fe0fadfbb760)
    #6 0x7ff5c7b28bb9  (/usr/lib/llvm-20/lib/libLLVM.so.20.1+0x3c0cbb9) (BuildId: b856c61f98abf0989f157f153740fe0fadfbb760)
    #7 0x7ff5c7b6091a  (/usr/lib/llvm-20/lib/libLLVM.so.20.1+0x3c4491a) (BuildId: b856c61f98abf0989f157f153740fe0fadfbb760)
    #8 0x7ff5c7b61a19  (/usr/lib/llvm-20/lib/libLLVM.so.20.1+0x3c45a19) (BuildId: b856c61f98abf0989f157f153740fe0fadfbb760)
    #9 0x7ff5c7b62a6c  (/usr/lib/llvm-20/lib/libLLVM.so.20.1+0x3c46a6c) (BuildId: b856c61f98abf0989f157f153740fe0fadfbb760)
    #10 0x55ca91648523 in llvm::Target::createTargetMachine(llvm::StringRef, llvm::StringRef, llvm::StringRef, llvm::TargetOptions const&, std::optional<llvm::Reloc::Model>, std::optional<llvm::CodeModel::Model>, llvm::CodeGenOptLevel, bool) const /usr/lib/llvm-20/include/llvm/MC/TargetRegistry.h:462:12
    #11 0x55ca9163a09e in tsc::TargetRegistry::initializeAllTargets() /workspace/src/TargetRegistry.cpp:67:41
    #12 0x55ca9162bdcd in tsc::Compiler::initializeLLVM() /workspace/src/Compiler.cpp:349:14
    #13 0x55ca9162b8b7 in tsc::Compiler::Compiler(tsc::CompilerOptions const&) /workspace/src/Compiler.cpp:24:5
    #14 0x55ca915fd7b5 in main /workspace/src/main.cpp:191:18
    #15 0x7ff5c395a337  (/lib/x86_64-linux-gnu/libc.so.6+0x2a337) (BuildId: 467f544f15035abef911999cbc14489edd0555ab)
    #16 0x7ff5c395a3fa in __libc_start_main (/lib/x86_64-linux-gnu/libc.so.6+0x2a3fa) (BuildId: 467f544f15035abef911999cbc14489edd0555ab)
    #17 0x55ca91511b64 in _start (/workspace/build-asan/tsc+0x74b64) (BuildId: 73a10d7cc646a755f705b0ae57418e68578aec2f)

Indirect leak of 720 byte(s) in 2 object(s) allocated from:
    #0 0x55ca915b5858 in malloc (/workspace/build-asan/tsc+0x118858) (BuildId: 73a10d7cc646a755f705b0ae57418e68578aec2f)
    #1 0x7ff5c4ec87d6 in llvm::SmallVectorBase<unsigned int>::mallocForGrow(void*, unsigned long, unsigned long, unsigned long&) (/usr/lib/llvm-20/lib/libLLVM.so.20.1+0xfac7d6) (BuildId: b856c61f98abf0989f157f153740fe0fadfbb760)
    #2 0x7ff5c6f39a5c  (/usr/lib/llvm-20/lib/libLLVM.so.20.1+0x301da5c) (BuildId: b856c61f98abf0989f157f153740fe0fadfbb760)
    #3 0x7ff5c6f39a01  (/usr/lib/llvm-20/lib/libLLVM.so.20.1+0x301da01) (BuildId: b856c61f98abf0989f157f153740fe0fadfbb760)
    #4 0x7ff5c6f39cfe  (/usr/lib/llvm-20/lib/libLLVM.so.20.1+0x301dcfe) (BuildId: b856c61f98abf0989f157f153740fe0fadfbb760)
    #5 0x7ff5c6f34f81  (/usr/lib/llvm-20/lib/libLLVM.so.20.1+0x3018f81) (BuildId: b856c61f98abf0989f157f153740fe0fadfbb760)
    #6 0x7ff5c7b291de  (/usr/lib/llvm-20/lib/libLLVM.so.20.1+0x3c0d1de) (BuildId: b856c61f98abf0989f157f153740fe0fadfbb760)
    #7 0x7ff5c7b6091a  (/usr/lib/llvm-20/lib/libLLVM.so.20.1+0x3c4491a) (BuildId: b856c61f98abf0989f157f153740fe0fadfbb760)
    #8 0x7ff5c7b61a19  (/usr/lib/llvm-20/lib/libLLVM.so.20.1+0x3c45a19) (BuildId: b856c61f98abf0989f157f153740fe0fadfbb760)
    #9 0x7ff5c7b62a6c  (/usr/lib/llvm-20/lib/libLLVM.so.20.1+0x3c46a6c) (BuildId: b856c61f98abf0989f157f153740fe0fadfbb760)
    #10 0x55ca91648523 in llvm::Target::createTargetMachine(llvm::StringRef, llvm::StringRef, llvm::StringRef, llvm::TargetOptions const&, std::optional<llvm::Reloc::Model>, std::optional<llvm::CodeModel::Model>, llvm::CodeGenOptLevel, bool) const /usr/lib/llvm-20/include/llvm/MC/TargetRegistry.h:462:12
    #11 0x55ca9163a09e in tsc::TargetRegistry::initializeAllTargets() /workspace/src/TargetRegistry.cpp:67:41
    #12 0x55ca9162bdcd in tsc::Compiler::initializeLLVM() /workspace/src/Compiler.cpp:349:14
    #13 0x55ca9162b8b7 in tsc::Compiler::Compiler(tsc::CompilerOptions const&) /workspace/src/Compiler.cpp:24:5
    #14 0x55ca915fd7b5 in main /workspace/src/main.cpp:191:18
    #15 0x7ff5c395a337  (/lib/x86_64-linux-gnu/libc.so.6+0x2a337) (BuildId: 467f544f15035abef911999cbc14489edd0555ab)
    #16 0x7ff5c395a3fa in __libc_start_main (/lib/x86_64-linux-gnu/libc.so.6+0x2a3fa) (BuildId: 467f544f15035abef911999cbc14489edd0555ab)
    #17 0x55ca91511b64 in _start (/workspace/build-asan/tsc+0x74b64) (BuildId: 73a10d7cc646a755f705b0ae57418e68578aec2f)

Indirect leak of 720 byte(s) in 2 object(s) allocated from:
    #0 0x55ca915b5858 in malloc (/workspace/build-asan/tsc+0x118858) (BuildId: 73a10d7cc646a755f705b0ae57418e68578aec2f)
    #1 0x7ff5c4ec87d6 in llvm::SmallVectorBase<unsigned int>::mallocForGrow(void*, unsigned long, unsigned long, unsigned long&) (/usr/lib/llvm-20/lib/libLLVM.so.20.1+0xfac7d6) (BuildId: b856c61f98abf0989f157f153740fe0fadfbb760)
    #2 0x7ff5c6f39a5c  (/usr/lib/llvm-20/lib/libLLVM.so.20.1+0x301da5c) (BuildId: b856c61f98abf0989f157f153740fe0fadfbb760)
    #3 0x7ff5c6f39a01  (/usr/lib/llvm-20/lib/libLLVM.so.20.1+0x301da01) (BuildId: b856c61f98abf0989f157f153740fe0fadfbb760)
    #4 0x7ff5c6f39cfe  (/usr/lib/llvm-20/lib/libLLVM.so.20.1+0x301dcfe) (BuildId: b856c61f98abf0989f157f153740fe0fadfbb760)
    #5 0x7ff5c6f34f81  (/usr/lib/llvm-20/lib/libLLVM.so.20.1+0x3018f81) (BuildId: b856c61f98abf0989f157f153740fe0fadfbb760)
    #6 0x7ff5c7b285ef  (/usr/lib/llvm-20/lib/libLLVM.so.20.1+0x3c0c5ef) (BuildId: b856c61f98abf0989f157f153740fe0fadfbb760)
    #7 0x7ff5c7b6091a  (/usr/lib/llvm-20/lib/libLLVM.so.20.1+0x3c4491a) (BuildId: b856c61f98abf0989f157f153740fe0fadfbb760)
    #8 0x7ff5c7b61710  (/usr/lib/llvm-20/lib/libLLVM.so.20.1+0x3c45710) (BuildId: b856c61f98abf0989f157f153740fe0fadfbb760)
    #9 0x7ff5c7b62a6c  (/usr/lib/llvm-20/lib/libLLVM.so.20.1+0x3c46a6c) (BuildId: b856c61f98abf0989f157f153740fe0fadfbb760)
    #10 0x55ca91648523 in llvm::Target::createTargetMachine(llvm::StringRef, llvm::StringRef, llvm::StringRef, llvm::TargetOptions const&, std::optional<llvm::Reloc::Model>, std::optional<llvm::CodeModel::Model>, llvm::CodeGenOptLevel, bool) const /usr/lib/llvm-20/include/llvm/MC/TargetRegistry.h:462:12
    #11 0x55ca9163a09e in tsc::TargetRegistry::initializeAllTargets() /workspace/src/TargetRegistry.cpp:67:41
    #12 0x55ca9162bdcd in tsc::Compiler::initializeLLVM() /workspace/src/Compiler.cpp:349:14
    #13 0x55ca9162b8b7 in tsc::Compiler::Compiler(tsc::CompilerOptions const&) /workspace/src/Compiler.cpp:24:5
    #14 0x55ca915fd7b5 in main /workspace/src/main.cpp:191:18
    #15 0x7ff5c395a337  (/lib/x86_64-linux-gnu/libc.so.6+0x2a337) (BuildId: 467f544f15035abef911999cbc14489edd0555ab)
    #16 0x7ff5c395a3fa in __libc_start_main (/lib/x86_64-linux-gnu/libc.so.6+0x2a3fa) (BuildId: 467f544f15035abef911999cbc14489edd0555ab)
    #17 0x55ca91511b64 in _start (/workspace/build-asan/tsc+0x74b64) (BuildId: 73a10d7cc646a755f705b0ae57418e68578aec2f)

Indirect leak of 720 byte(s) in 2 object(s) allocated from:
    #0 0x55ca915b5858 in malloc (/workspace/build-asan/tsc+0x118858) (BuildId: 73a10d7cc646a755f705b0ae57418e68578aec2f)
    #1 0x7ff5c4ec87d6 in llvm::SmallVectorBase<unsigned int>::mallocForGrow(void*, unsigned long, unsigned long, unsigned long&) (/usr/lib/llvm-20/lib/libLLVM.so.20.1+0xfac7d6) (BuildId: b856c61f98abf0989f157f153740fe0fadfbb760)
    #2 0x7ff5c6f39a5c  (/usr/lib/llvm-20/lib/libLLVM.so.20.1+0x301da5c) (BuildId: b856c61f98abf0989f157f153740fe0fadfbb760)
    #3 0x7ff5c6f39a01  (/usr/lib/llvm-20/lib/libLLVM.so.20.1+0x301da01) (BuildId: b856c61f98abf0989f157f153740fe0fadfbb760)
    #4 0x7ff5c6f39cfe  (/usr/lib/llvm-20/lib/libLLVM.so.20.1+0x301dcfe) (BuildId: b856c61f98abf0989f157f153740fe0fadfbb760)
    #5 0x7ff5c6f34f81  (/usr/lib/llvm-20/lib/libLLVM.so.20.1+0x3018f81) (BuildId: b856c61f98abf0989f157f153740fe0fadfbb760)
    #6 0x7ff5c7b29261  (/usr/lib/llvm-20/lib/libLLVM.so.20.1+0x3c0d261) (BuildId: b856c61f98abf0989f157f153740fe0fadfbb760)
    #7 0x7ff5c7b6091a  (/usr/lib/llvm-20/lib/libLLVM.so.20.1+0x3c4491a) (BuildId: b856c61f98abf0989f157f153740fe0fadfbb760)
    #8 0x7ff5c7b61a19  (/usr/lib/llvm-20/lib/libLLVM.so.20.1+0x3c45a19) (BuildId: b856c61f98abf0989f157f153740fe0fadfbb760)
    #9 0x7ff5c7b62b2c  (/usr/lib/llvm-20/lib/libLLVM.so.20.1+0x3c46b2c) (BuildId: b856c61f98abf0989f157f153740fe0fadfbb760)
    #10 0x55ca91648523 in llvm::Target::createTargetMachine(llvm::StringRef, llvm::StringRef, llvm::StringRef, llvm::TargetOptions const&, std::optional<llvm::Reloc::Model>, std::optional<llvm::CodeModel::Model>, llvm::CodeGenOptLevel, bool) const /usr/lib/llvm-20/include/llvm/MC/TargetRegistry.h:462:12
    #11 0x55ca9163a09e in tsc::TargetRegistry::initializeAllTargets() /workspace/src/TargetRegistry.cpp:67:41
    #12 0x55ca9162bdcd in tsc::Compiler::initializeLLVM() /workspace/src/Compiler.cpp:349:14
    #13 0x55ca9162b8b7 in tsc::Compiler::Compiler(tsc::CompilerOptions const&) /workspace/src/Compiler.cpp:24:5
    #14 0x55ca915fd7b5 in main /workspace/src/main.cpp:191:18
    #15 0x7ff5c395a337  (/lib/x86_64-linux-gnu/libc.so.6+0x2a337) (BuildId: 467f544f15035abef911999cbc14489edd0555ab)
    #16 0x7ff5c395a3fa in __libc_start_main (/lib/x86_64-linux-gnu/libc.so.6+0x2a3fa) (BuildId: 467f544f15035abef911999cbc14489edd0555ab)
    #17 0x55ca91511b64 in _start (/workspace/build-asan/tsc+0x74b64) (BuildId: 73a10d7cc646a755f705b0ae57418e68578aec2f)

Indirect leak of 720 byte(s) in 2 object(s) allocated from:
    #0 0x55ca915b5858 in malloc (/workspace/build-asan/tsc+0x118858) (BuildId: 73a10d7cc646a755f705b0ae57418e68578aec2f)
    #1 0x7ff5c4ec87d6 in llvm::SmallVectorBase<unsigned int>::mallocForGrow(void*, unsigned long, unsigned long, unsigned long&) (/usr/lib/llvm-20/lib/libLLVM.so.20.1+0xfac7d6) (BuildId: b856c61f98abf0989f157f153740fe0fadfbb760)
    #2 0x7ff5c6f39a5c  (/usr/lib/llvm-20/lib/libLLVM.so.20.1+0x301da5c) (BuildId: b856c61f98abf0989f157f153740fe0fadfbb760)
    #3 0x7ff5c6f39a01  (/usr/lib/llvm-20/lib/libLLVM.so.20.1+0x301da01) (BuildId: b856c61f98abf0989f157f153740fe0fadfbb760)
    #4 0x7ff5c6f39cfe  (/usr/lib/llvm-20/lib/libLLVM.so.20.1+0x301dcfe) (BuildId: b856c61f98abf0989f157f153740fe0fadfbb760)
    #5 0x7ff5c6f34781  (/usr/lib/llvm-20/lib/libLLVM.so.20.1+0x3018781) (BuildId: b856c61f98abf0989f157f153740fe0fadfbb760)
    #6 0x7ff5c7b28924  (/usr/lib/llvm-20/lib/libLLVM.so.20.1+0x3c0c924) (BuildId: b856c61f98abf0989f157f153740fe0fadfbb760)
    #7 0x7ff5c7b6091a  (/usr/lib/llvm-20/lib/libLLVM.so.20.1+0x3c4491a) (BuildId: b856c61f98abf0989f157f153740fe0fadfbb760)
    #8 0x7ff5c7b61710  (/usr/lib/llvm-20/lib/libLLVM.so.20.1+0x3c45710) (BuildId: b856c61f98abf0989f157f153740fe0fadfbb760)
    #9 0x7ff5c7b62a6c  (/usr/lib/llvm-20/lib/libLLVM.so.20.1+0x3c46a6c) (BuildId: b856c61f98abf0989f157f153740fe0fadfbb760)
    #10 0x55ca91648523 in llvm::Target::createTargetMachine(llvm::StringRef, llvm::StringRef, llvm::StringRef, llvm::TargetOptions const&, std::optional<llvm::Reloc::Model>, std::optional<llvm::CodeModel::Model>, llvm::CodeGenOptLevel, bool) const /usr/lib/llvm-20/include/llvm/MC/TargetRegistry.h:462:12
    #11 0x55ca9163a09e in tsc::TargetRegistry::initializeAllTargets() /workspace/src/TargetRegistry.cpp:67:41
    #12 0x55ca9162bdcd in tsc::Compiler::initializeLLVM() /workspace/src/Compiler.cpp:349:14
    #13 0x55ca9162b8b7 in tsc::Compiler::Compiler(tsc::CompilerOptions const&) /workspace/src/Compiler.cpp:24:5
    #14 0x55ca915fd7b5 in main /workspace/src/main.cpp:191:18
    #15 0x7ff5c395a337  (/lib/x86_64-linux-gnu/libc.so.6+0x2a337) (BuildId: 467f544f15035abef911999cbc14489edd0555ab)
    #16 0x7ff5c395a3fa in __libc_start_main (/lib/x86_64-linux-gnu/libc.so.6+0x2a3fa) (BuildId: 467f544f15035abef911999cbc14489edd0555ab)
    #17 0x55ca91511b64 in _start (/workspace/build-asan/tsc+0x74b64) (BuildId: 73a10d7cc646a755f705b0ae57418e68578aec2f)

Indirect leak of 720 byte(s) in 2 object(s) allocated from:
    #0 0x55ca915b5858 in malloc (/workspace/build-asan/tsc+0x118858) (BuildId: 73a10d7cc646a755f705b0ae57418e68578aec2f)
    #1 0x7ff5c4ec87d6 in llvm::SmallVectorBase<unsigned int>::mallocForGrow(void*, unsigned long, unsigned long, unsigned long&) (/usr/lib/llvm-20/lib/libLLVM.so.20.1+0xfac7d6) (BuildId: b856c61f98abf0989f157f153740fe0fadfbb760)
    #2 0x7ff5c6f39a5c  (/usr/lib/llvm-20/lib/libLLVM.so.20.1+0x301da5c) (BuildId: b856c61f98abf0989f157f153740fe0fadfbb760)
    #3 0x7ff5c6f39a01  (/usr/lib/llvm-20/lib/libLLVM.so.20.1+0x301da01) (BuildId: b856c61f98abf0989f157f153740fe0fadfbb760)
    #4 0x7ff5c6f39cfe  (/usr/lib/llvm-20/lib/libLLVM.so.20.1+0x301dcfe) (BuildId: b856c61f98abf0989f157f153740fe0fadfbb760)
    #5 0x7ff5c6f34f81  (/usr/lib/llvm-20/lib/libLLVM.so.20.1+0x3018f81) (BuildId: b856c61f98abf0989f157f153740fe0fadfbb760)
    #6 0x7ff5c7b298bc  (/usr/lib/llvm-20/lib/libLLVM.so.20.1+0x3c0d8bc) (BuildId: b856c61f98abf0989f157f153740fe0fadfbb760)
    #7 0x7ff5c7b6091a  (/usr/lib/llvm-20/lib/libLLVM.so.20.1+0x3c4491a) (BuildId: b856c61f98abf0989f157f153740fe0fadfbb760)
    #8 0x7ff5c7b6188a  (/usr/lib/llvm-20/lib/libLLVM.so.20.1+0x3c4588a) (BuildId: b856c61f98abf0989f157f153740fe0fadfbb760)
    #9 0x7ff5c7b62b2c  (/usr/lib/llvm-20/lib/libLLVM.so.20.1+0x3c46b2c) (BuildId: b856c61f98abf0989f157f153740fe0fadfbb760)
    #10 0x55ca91648523 in llvm::Target::createTargetMachine(llvm::StringRef, llvm::StringRef, llvm::StringRef, llvm::TargetOptions const&, std::optional<llvm::Reloc::Model>, std::optional<llvm::CodeModel::Model>, llvm::CodeGenOptLevel, bool) const /usr/lib/llvm-20/include/llvm/MC/TargetRegistry.h:462:12
    #11 0x55ca9163a09e in tsc::TargetRegistry::initializeAllTargets() /workspace/src/TargetRegistry.cpp:67:41
    #12 0x55ca9162bdcd in tsc::Compiler::initializeLLVM() /workspace/src/Compiler.cpp:349:14
    #13 0x55ca9162b8b7 in tsc::Compiler::Compiler(tsc::CompilerOptions const&) /workspace/src/Compiler.cpp:24:5
    #14 0x55ca915fd7b5 in main /workspace/src/main.cpp:191:18
    #15 0x7ff5c395a337  (/lib/x86_64-linux-gnu/libc.so.6+0x2a337) (BuildId: 467f544f15035abef911999cbc14489edd0555ab)
    #16 0x7ff5c395a3fa in __libc_start_main (/lib/x86_64-linux-gnu/libc.so.6+0x2a3fa) (BuildId: 467f544f15035abef911999cbc14489edd0555ab)
    #17 0x55ca91511b64 in _start (/workspace/build-asan/tsc+0x74b64) (BuildId: 73a10d7cc646a755f705b0ae57418e68578aec2f)

Indirect leak of 720 byte(s) in 2 object(s) allocated from:
    #0 0x55ca915b5858 in malloc (/workspace/build-asan/tsc+0x118858) (BuildId: 73a10d7cc646a755f705b0ae57418e68578aec2f)
    #1 0x7ff5c4ec87d6 in llvm::SmallVectorBase<unsigned int>::mallocForGrow(void*, unsigned long, unsigned long, unsigned long&) (/usr/lib/llvm-20/lib/libLLVM.so.20.1+0xfac7d6) (BuildId: b856c61f98abf0989f157f153740fe0fadfbb760)
    #2 0x7ff5c6f39a5c  (/usr/lib/llvm-20/lib/libLLVM.so.20.1+0x301da5c) (BuildId: b856c61f98abf0989f157f153740fe0fadfbb760)
    #3 0x7ff5c6f39a01  (/usr/lib/llvm-20/lib/libLLVM.so.20.1+0x301da01) (BuildId: b856c61f98abf0989f157f153740fe0fadfbb760)
    #4 0x7ff5c6f39cfe  (/usr/lib/llvm-20/lib/libLLVM.so.20.1+0x301dcfe) (BuildId: b856c61f98abf0989f157f153740fe0fadfbb760)
    #5 0x7ff5c6f34781  (/usr/lib/llvm-20/lib/libLLVM.so.20.1+0x3018781) (BuildId: b856c61f98abf0989f157f153740fe0fadfbb760)
    #6 0x7ff5c7b29d1c  (/usr/lib/llvm-20/lib/libLLVM.so.20.1+0x3c0dd1c) (BuildId: b856c61f98abf0989f157f153740fe0fadfbb760)
    #7 0x7ff5c7b6091a  (/usr/lib/llvm-20/lib/libLLVM.so.20.1+0x3c4491a) (BuildId: b856c61f98abf0989f157f153740fe0fadfbb760)
    #8 0x7ff5c7b61710  (/usr/lib/llvm-20/lib/libLLVM.so.20.1+0x3c45710) (BuildId: b856c61f98abf0989f157f153740fe0fadfbb760)
    #9 0x7ff5c7b62a6c  (/usr/lib/llvm-20/lib/libLLVM.so.20.1+0x3c46a6c) (BuildId: b856c61f98abf0989f157f153740fe0fadfbb760)
    #10 0x55ca91648523 in llvm::Target::createTargetMachine(llvm::StringRef, llvm::StringRef, llvm::StringRef, llvm::TargetOptions const&, std::optional<llvm::Reloc::Model>, std::optional<llvm::CodeModel::Model>, llvm::CodeGenOptLevel, bool) const /usr/lib/llvm-20/include/llvm/MC/TargetRegistry.h:462:12
    #11 0x55ca9163a09e in tsc::TargetRegistry::initializeAllTargets() /workspace/src/TargetRegistry.cpp:67:41
    #12 0x55ca9162bdcd in tsc::Compiler::initializeLLVM() /workspace/src/Compiler.cpp:349:14
    #13 0x55ca9162b8b7 in tsc::Compiler::Compiler(tsc::CompilerOptions const&) /workspace/src/Compiler.cpp:24:5
    #14 0x55ca915fd7b5 in main /workspace/src/main.cpp:191:18
    #15 0x7ff5c395a337  (/lib/x86_64-linux-gnu/libc.so.6+0x2a337) (BuildId: 467f544f15035abef911999cbc14489edd0555ab)
    #16 0x7ff5c395a3fa in __libc_start_main (/lib/x86_64-linux-gnu/libc.so.6+0x2a3fa) (BuildId: 467f544f15035abef911999cbc14489edd0555ab)
    #17 0x55ca91511b64 in _start (/workspace/build-asan/tsc+0x74b64) (BuildId: 73a10d7cc646a755f705b0ae57418e68578aec2f)

Indirect leak of 720 byte(s) in 2 object(s) allocated from:
    #0 0x55ca915b5858 in malloc (/workspace/build-asan/tsc+0x118858) (BuildId: 73a10d7cc646a755f705b0ae57418e68578aec2f)
    #1 0x7ff5c4ec87d6 in llvm::SmallVectorBase<unsigned int>::mallocForGrow(void*, unsigned long, unsigned long, unsigned long&) (/usr/lib/llvm-20/lib/libLLVM.so.20.1+0xfac7d6) (BuildId: b856c61f98abf0989f157f153740fe0fadfbb760)
    #2 0x7ff5c6f39a5c  (/usr/lib/llvm-20/lib/libLLVM.so.20.1+0x301da5c) (BuildId: b856c61f98abf0989f157f153740fe0fadfbb760)
    #3 0x7ff5c6f39a01  (/usr/lib/llvm-20/lib/libLLVM.so.20.1+0x301da01) (BuildId: b856c61f98abf0989f157f153740fe0fadfbb760)
    #4 0x7ff5c6f39cfe  (/usr/lib/llvm-20/lib/libLLVM.so.20.1+0x301dcfe) (BuildId: b856c61f98abf0989f157f153740fe0fadfbb760)
    #5 0x7ff5c6f34781  (/usr/lib/llvm-20/lib/libLLVM.so.20.1+0x3018781) (BuildId: b856c61f98abf0989f157f153740fe0fadfbb760)
    #6 0x7ff5c7b29c9b  (/usr/lib/llvm-20/lib/libLLVM.so.20.1+0x3c0dc9b) (BuildId: b856c61f98abf0989f157f153740fe0fadfbb760)
    #7 0x7ff5c7b6091a  (/usr/lib/llvm-20/lib/libLLVM.so.20.1+0x3c4491a) (BuildId: b856c61f98abf0989f157f153740fe0fadfbb760)
    #8 0x7ff5c7b6188a  (/usr/lib/llvm-20/lib/libLLVM.so.20.1+0x3c4588a) (BuildId: b856c61f98abf0989f157f153740fe0fadfbb760)
    #9 0x7ff5c7b62a6c  (/usr/lib/llvm-20/lib/libLLVM.so.20.1+0x3c46a6c) (BuildId: b856c61f98abf0989f157f153740fe0fadfbb760)
    #10 0x55ca91648523 in llvm::Target::createTargetMachine(llvm::StringRef, llvm::StringRef, llvm::StringRef, llvm::TargetOptions const&, std::optional<llvm::Reloc::Model>, std::optional<llvm::CodeModel::Model>, llvm::CodeGenOptLevel, bool) const /usr/lib/llvm-20/include/llvm/MC/TargetRegistry.h:462:12
    #11 0x55ca9163a09e in tsc::TargetRegistry::initializeAllTargets() /workspace/src/TargetRegistry.cpp:67:41
    #12 0x55ca9162bdcd in tsc::Compiler::initializeLLVM() /workspace/src/Compiler.cpp:349:14
    #13 0x55ca9162b8b7 in tsc::Compiler::Compiler(tsc::CompilerOptions const&) /workspace/src/Compiler.cpp:24:5
    #14 0x55ca915fd7b5 in main /workspace/src/main.cpp:191:18
    #15 0x7ff5c395a337  (/lib/x86_64-linux-gnu/libc.so.6+0x2a337) (BuildId: 467f544f15035abef911999cbc14489edd0555ab)
    #16 0x7ff5c395a3fa in __libc_start_main (/lib/x86_64-linux-gnu/libc.so.6+0x2a3fa) (BuildId: 467f544f15035abef911999cbc14489edd0555ab)
    #17 0x55ca91511b64 in _start (/workspace/build-asan/tsc+0x74b64) (BuildId: 73a10d7cc646a755f705b0ae57418e68578aec2f)

Indirect leak of 720 byte(s) in 2 object(s) allocated from:
    #0 0x55ca915b5858 in malloc (/workspace/build-asan/tsc+0x118858) (BuildId: 73a10d7cc646a755f705b0ae57418e68578aec2f)
    #1 0x7ff5c4ec87d6 in llvm::SmallVectorBase<unsigned int>::mallocForGrow(void*, unsigned long, unsigned long, unsigned long&) (/usr/lib/llvm-20/lib/libLLVM.so.20.1+0xfac7d6) (BuildId: b856c61f98abf0989f157f153740fe0fadfbb760)
    #2 0x7ff5c6f39a5c  (/usr/lib/llvm-20/lib/libLLVM.so.20.1+0x301da5c) (BuildId: b856c61f98abf0989f157f153740fe0fadfbb760)
    #3 0x7ff5c6f39a01  (/usr/lib/llvm-20/lib/libLLVM.so.20.1+0x301da01) (BuildId: b856c61f98abf0989f157f153740fe0fadfbb760)
    #4 0x7ff5c6f39cfe  (/usr/lib/llvm-20/lib/libLLVM.so.20.1+0x301dcfe) (BuildId: b856c61f98abf0989f157f153740fe0fadfbb760)
    #5 0x7ff5c6f34f81  (/usr/lib/llvm-20/lib/libLLVM.so.20.1+0x3018f81) (BuildId: b856c61f98abf0989f157f153740fe0fadfbb760)
    #6 0x7ff5c7b296f5  (/usr/lib/llvm-20/lib/libLLVM.so.20.1+0x3c0d6f5) (BuildId: b856c61f98abf0989f157f153740fe0fadfbb760)
    #7 0x7ff5c7b6091a  (/usr/lib/llvm-20/lib/libLLVM.so.20.1+0x3c4491a) (BuildId: b856c61f98abf0989f157f153740fe0fadfbb760)
    #8 0x7ff5c7b61a19  (/usr/lib/llvm-20/lib/libLLVM.so.20.1+0x3c45a19) (BuildId: b856c61f98abf0989f157f153740fe0fadfbb760)
    #9 0x7ff5c7b62b2c  (/usr/lib/llvm-20/lib/libLLVM.so.20.1+0x3c46b2c) (BuildId: b856c61f98abf0989f157f153740fe0fadfbb760)
    #10 0x55ca91648523 in llvm::Target::createTargetMachine(llvm::StringRef, llvm::StringRef, llvm::StringRef, llvm::TargetOptions const&, std::optional<llvm::Reloc::Model>, std::optional<llvm::CodeModel::Model>, llvm::CodeGenOptLevel, bool) const /usr/lib/llvm-20/include/llvm/MC/TargetRegistry.h:462:12
    #11 0x55ca9163a09e in tsc::TargetRegistry::initializeAllTargets() /workspace/src/TargetRegistry.cpp:67:41
    #12 0x55ca9162bdcd in tsc::Compiler::initializeLLVM() /workspace/src/Compiler.cpp:349:14
    #13 0x55ca9162b8b7 in tsc::Compiler::Compiler(tsc::CompilerOptions const&) /workspace/src/Compiler.cpp:24:5
    #14 0x55ca915fd7b5 in main /workspace/src/main.cpp:191:18
    #15 0x7ff5c395a337  (/lib/x86_64-linux-gnu/libc.so.6+0x2a337) (BuildId: 467f544f15035abef911999cbc14489edd0555ab)
    #16 0x7ff5c395a3fa in __libc_start_main (/lib/x86_64-linux-gnu/libc.so.6+0x2a3fa) (BuildId: 467f544f15035abef911999cbc14489edd0555ab)
    #17 0x55ca91511b64 in _start (/workspace/build-asan/tsc+0x74b64) (BuildId: 73a10d7cc646a755f705b0ae57418e68578aec2f)

Indirect leak of 720 byte(s) in 2 object(s) allocated from:
    #0 0x55ca915b5858 in malloc (/workspace/build-asan/tsc+0x118858) (BuildId: 73a10d7cc646a755f705b0ae57418e68578aec2f)
    #1 0x7ff5c4ec87d6 in llvm::SmallVectorBase<unsigned int>::mallocForGrow(void*, unsigned long, unsigned long, unsigned long&) (/usr/lib/llvm-20/lib/libLLVM.so.20.1+0xfac7d6) (BuildId: b856c61f98abf0989f157f153740fe0fadfbb760)
    #2 0x7ff5c6f39a5c  (/usr/lib/llvm-20/lib/libLLVM.so.20.1+0x301da5c) (BuildId: b856c61f98abf0989f157f153740fe0fadfbb760)
    #3 0x7ff5c6f39a01  (/usr/lib/llvm-20/lib/libLLVM.so.20.1+0x301da01) (BuildId: b856c61f98abf0989f157f153740fe0fadfbb760)
    #4 0x7ff5c6f39cfe  (/usr/lib/llvm-20/lib/libLLVM.so.20.1+0x301dcfe) (BuildId: b856c61f98abf0989f157f153740fe0fadfbb760)
    #5 0x7ff5c6f34781  (/usr/lib/llvm-20/lib/libLLVM.so.20.1+0x3018781) (BuildId: b856c61f98abf0989f157f153740fe0fadfbb760)
    #6 0x7ff5c7b29e21  (/usr/lib/llvm-20/lib/libLLVM.so.20.1+0x3c0de21) (BuildId: b856c61f98abf0989f157f153740fe0fadfbb760)
    #7 0x7ff5c7b6091a  (/usr/lib/llvm-20/lib/libLLVM.so.20.1+0x3c4491a) (BuildId: b856c61f98abf0989f157f153740fe0fadfbb760)
    #8 0x7ff5c7b6188a  (/usr/lib/llvm-20/lib/libLLVM.so.20.1+0x3c4588a) (BuildId: b856c61f98abf0989f157f153740fe0fadfbb760)
    #9 0x7ff5c7b62b2c  (/usr/lib/llvm-20/lib/libLLVM.so.20.1+0x3c46b2c) (BuildId: b856c61f98abf0989f157f153740fe0fadfbb760)
    #10 0x55ca91648523 in llvm::Target::createTargetMachine(llvm::StringRef, llvm::StringRef, llvm::StringRef, llvm::TargetOptions const&, std::optional<llvm::Reloc::Model>, std::optional<llvm::CodeModel::Model>, llvm::CodeGenOptLevel, bool) const /usr/lib/llvm-20/include/llvm/MC/TargetRegistry.h:462:12
    #11 0x55ca9163a09e in tsc::TargetRegistry::initializeAllTargets() /workspace/src/TargetRegistry.cpp:67:41
    #12 0x55ca9162bdcd in tsc::Compiler::initializeLLVM() /workspace/src/Compiler.cpp:349:14
    #13 0x55ca9162b8b7 in tsc::Compiler::Compiler(tsc::CompilerOptions const&) /workspace/src/Compiler.cpp:24:5
    #14 0x55ca915fd7b5 in main /workspace/src/main.cpp:191:18
    #15 0x7ff5c395a337  (/lib/x86_64-linux-gnu/libc.so.6+0x2a337) (BuildId: 467f544f15035abef911999cbc14489edd0555ab)
    #16 0x7ff5c395a3fa in __libc_start_main (/lib/x86_64-linux-gnu/libc.so.6+0x2a3fa) (BuildId: 467f544f15035abef911999cbc14489edd0555ab)
    #17 0x55ca91511b64 in _start (/workspace/build-asan/tsc+0x74b64) (BuildId: 73a10d7cc646a755f705b0ae57418e68578aec2f)

Indirect leak of 720 byte(s) in 2 object(s) allocated from:
    #0 0x55ca915b5858 in malloc (/workspace/build-asan/tsc+0x118858) (BuildId: 73a10d7cc646a755f705b0ae57418e68578aec2f)
    #1 0x7ff5c4ec87d6 in llvm::SmallVectorBase<unsigned int>::mallocForGrow(void*, unsigned long, unsigned long, unsigned long&) (/usr/lib/llvm-20/lib/libLLVM.so.20.1+0xfac7d6) (BuildId: b856c61f98abf0989f157f153740fe0fadfbb760)
    #2 0x7ff5c6f39a5c  (/usr/lib/llvm-20/lib/libLLVM.so.20.1+0x301da5c) (BuildId: b856c61f98abf0989f157f153740fe0fadfbb760)
    #3 0x7ff5c6f39a01  (/usr/lib/llvm-20/lib/libLLVM.so.20.1+0x301da01) (BuildId: b856c61f98abf0989f157f153740fe0fadfbb760)
    #4 0x7ff5c6f39cfe  (/usr/lib/llvm-20/lib/libLLVM.so.20.1+0x301dcfe) (BuildId: b856c61f98abf0989f157f153740fe0fadfbb760)
    #5 0x7ff5c6f34f81  (/usr/lib/llvm-20/lib/libLLVM.so.20.1+0x3018f81) (BuildId: b856c61f98abf0989f157f153740fe0fadfbb760)
    #6 0x7ff5c7b29616  (/usr/lib/llvm-20/lib/libLLVM.so.20.1+0x3c0d616) (BuildId: b856c61f98abf0989f157f153740fe0fadfbb760)
    #7 0x7ff5c7b6091a  (/usr/lib/llvm-20/lib/libLLVM.so.20.1+0x3c4491a) (BuildId: b856c61f98abf0989f157f153740fe0fadfbb760)
    #8 0x7ff5c7b6188a  (/usr/lib/llvm-20/lib/libLLVM.so.20.1+0x3c4588a) (BuildId: b856c61f98abf0989f157f153740fe0fadfbb760)
    #9 0x7ff5c7b62a6c  (/usr/lib/llvm-20/lib/libLLVM.so.20.1+0x3c46a6c) (BuildId: b856c61f98abf0989f157f153740fe0fadfbb760)
    #10 0x55ca91648523 in llvm::Target::createTargetMachine(llvm::StringRef, llvm::StringRef, llvm::StringRef, llvm::TargetOptions const&, std::optional<llvm::Reloc::Model>, std::optional<llvm::CodeModel::Model>, llvm::CodeGenOptLevel, bool) const /usr/lib/llvm-20/include/llvm/MC/TargetRegistry.h:462:12
    #11 0x55ca9163a09e in tsc::TargetRegistry::initializeAllTargets() /workspace/src/TargetRegistry.cpp:67:41
    #12 0x55ca9162bdcd in tsc::Compiler::initializeLLVM() /workspace/src/Compiler.cpp:349:14
    #13 0x55ca9162b8b7 in tsc::Compiler::Compiler(tsc::CompilerOptions const&) /workspace/src/Compiler.cpp:24:5
    #14 0x55ca915fd7b5 in main /workspace/src/main.cpp:191:18
    #15 0x7ff5c395a337  (/lib/x86_64-linux-gnu/libc.so.6+0x2a337) (BuildId: 467f544f15035abef911999cbc14489edd0555ab)
    #16 0x7ff5c395a3fa in __libc_start_main (/lib/x86_64-linux-gnu/libc.so.6+0x2a3fa) (BuildId: 467f544f15035abef911999cbc14489edd0555ab)
    #17 0x55ca91511b64 in _start (/workspace/build-asan/tsc+0x74b64) (BuildId: 73a10d7cc646a755f705b0ae57418e68578aec2f)

Indirect leak of 720 byte(s) in 2 object(s) allocated from:
    #0 0x55ca915b5858 in malloc (/workspace/build-asan/tsc+0x118858) (BuildId: 73a10d7cc646a755f705b0ae57418e68578aec2f)
    #1 0x7ff5c4ec87d6 in llvm::SmallVectorBase<unsigned int>::mallocForGrow(void*, unsigned long, unsigned long, unsigned long&) (/usr/lib/llvm-20/lib/libLLVM.so.20.1+0xfac7d6) (BuildId: b856c61f98abf0989f157f153740fe0fadfbb760)
    #2 0x7ff5c6f39a5c  (/usr/lib/llvm-20/lib/libLLVM.so.20.1+0x301da5c) (BuildId: b856c61f98abf0989f157f153740fe0fadfbb760)
    #3 0x7ff5c6f39a01  (/usr/lib/llvm-20/lib/libLLVM.so.20.1+0x301da01) (BuildId: b856c61f98abf0989f157f153740fe0fadfbb760)
    #4 0x7ff5c6f398a6  (/usr/lib/llvm-20/lib/libLLVM.so.20.1+0x301d8a6) (BuildId: b856c61f98abf0989f157f153740fe0fadfbb760)
    #5 0x7ff5c7b29106  (/usr/lib/llvm-20/lib/libLLVM.so.20.1+0x3c0d106) (BuildId: b856c61f98abf0989f157f153740fe0fadfbb760)
    #6 0x7ff5c7b6091a  (/usr/lib/llvm-20/lib/libLLVM.so.20.1+0x3c4491a) (BuildId: b856c61f98abf0989f157f153740fe0fadfbb760)
    #7 0x7ff5c7b61a19  (/usr/lib/llvm-20/lib/libLLVM.so.20.1+0x3c45a19) (BuildId: b856c61f98abf0989f157f153740fe0fadfbb760)
    #8 0x7ff5c7b62b2c  (/usr/lib/llvm-20/lib/libLLVM.so.20.1+0x3c46b2c) (BuildId: b856c61f98abf0989f157f153740fe0fadfbb760)
    #9 0x55ca91648523 in llvm::Target::createTargetMachine(llvm::StringRef, llvm::StringRef, llvm::StringRef, llvm::TargetOptions const&, std::optional<llvm::Reloc::Model>, std::optional<llvm::CodeModel::Model>, llvm::CodeGenOptLevel, bool) const /usr/lib/llvm-20/include/llvm/MC/TargetRegistry.h:462:12
    #10 0x55ca9163a09e in tsc::TargetRegistry::initializeAllTargets() /workspace/src/TargetRegistry.cpp:67:41
    #11 0x55ca9162bdcd in tsc::Compiler::initializeLLVM() /workspace/src/Compiler.cpp:349:14
    #12 0x55ca9162b8b7 in tsc::Compiler::Compiler(tsc::CompilerOptions const&) /workspace/src/Compiler.cpp:24:5
    #13 0x55ca915fd7b5 in main /workspace/src/main.cpp:191:18
    #14 0x7ff5c395a337  (/lib/x86_64-linux-gnu/libc.so.6+0x2a337) (BuildId: 467f544f15035abef911999cbc14489edd0555ab)
    #15 0x7ff5c395a3fa in __libc_start_main (/lib/x86_64-linux-gnu/libc.so.6+0x2a3fa) (BuildId: 467f544f15035abef911999cbc14489edd0555ab)
    #16 0x55ca91511b64 in _start (/workspace/build-asan/tsc+0x74b64) (BuildId: 73a10d7cc646a755f705b0ae57418e68578aec2f)

Indirect leak of 720 byte(s) in 2 object(s) allocated from:
    #0 0x55ca915b5858 in malloc (/workspace/build-asan/tsc+0x118858) (BuildId: 73a10d7cc646a755f705b0ae57418e68578aec2f)
    #1 0x7ff5c4ec87d6 in llvm::SmallVectorBase<unsigned int>::mallocForGrow(void*, unsigned long, unsigned long, unsigned long&) (/usr/lib/llvm-20/lib/libLLVM.so.20.1+0xfac7d6) (BuildId: b856c61f98abf0989f157f153740fe0fadfbb760)
    #2 0x7ff5c6f39a5c  (/usr/lib/llvm-20/lib/libLLVM.so.20.1+0x301da5c) (BuildId: b856c61f98abf0989f157f153740fe0fadfbb760)
    #3 0x7ff5c6f39a01  (/usr/lib/llvm-20/lib/libLLVM.so.20.1+0x301da01) (BuildId: b856c61f98abf0989f157f153740fe0fadfbb760)
    #4 0x7ff5c6f39cfe  (/usr/lib/llvm-20/lib/libLLVM.so.20.1+0x301dcfe) (BuildId: b856c61f98abf0989f157f153740fe0fadfbb760)
    #5 0x7ff5c6f34781  (/usr/lib/llvm-20/lib/libLLVM.so.20.1+0x3018781) (BuildId: b856c61f98abf0989f157f153740fe0fadfbb760)
    #6 0x7ff5c7b29d1c  (/usr/lib/llvm-20/lib/libLLVM.so.20.1+0x3c0dd1c) (BuildId: b856c61f98abf0989f157f153740fe0fadfbb760)
    #7 0x7ff5c7b6091a  (/usr/lib/llvm-20/lib/libLLVM.so.20.1+0x3c4491a) (BuildId: b856c61f98abf0989f157f153740fe0fadfbb760)
    #8 0x7ff5c7b61a19  (/usr/lib/llvm-20/lib/libLLVM.so.20.1+0x3c45a19) (BuildId: b856c61f98abf0989f157f153740fe0fadfbb760)
    #9 0x7ff5c7b62b2c  (/usr/lib/llvm-20/lib/libLLVM.so.20.1+0x3c46b2c) (BuildId: b856c61f98abf0989f157f153740fe0fadfbb760)
    #10 0x55ca91648523 in llvm::Target::createTargetMachine(llvm::StringRef, llvm::StringRef, llvm::StringRef, llvm::TargetOptions const&, std::optional<llvm::Reloc::Model>, std::optional<llvm::CodeModel::Model>, llvm::CodeGenOptLevel, bool) const /usr/lib/llvm-20/include/llvm/MC/TargetRegistry.h:462:12
    #11 0x55ca9163a09e in tsc::TargetRegistry::initializeAllTargets() /workspace/src/TargetRegistry.cpp:67:41
    #12 0x55ca9162bdcd in tsc::Compiler::initializeLLVM() /workspace/src/Compiler.cpp:349:14
    #13 0x55ca9162b8b7 in tsc::Compiler::Compiler(tsc::CompilerOptions const&) /workspace/src/Compiler.cpp:24:5
    #14 0x55ca915fd7b5 in main /workspace/src/main.cpp:191:18
    #15 0x7ff5c395a337  (/lib/x86_64-linux-gnu/libc.so.6+0x2a337) (BuildId: 467f544f15035abef911999cbc14489edd0555ab)
    #16 0x7ff5c395a3fa in __libc_start_main (/lib/x86_64-linux-gnu/libc.so.6+0x2a3fa) (BuildId: 467f544f15035abef911999cbc14489edd0555ab)
    #17 0x55ca91511b64 in _start (/workspace/build-asan/tsc+0x74b64) (BuildId: 73a10d7cc646a755f705b0ae57418e68578aec2f)

Indirect leak of 720 byte(s) in 2 object(s) allocated from:
    #0 0x55ca915b5858 in malloc (/workspace/build-asan/tsc+0x118858) (BuildId: 73a10d7cc646a755f705b0ae57418e68578aec2f)
    #1 0x7ff5c4ec87d6 in llvm::SmallVectorBase<unsigned int>::mallocForGrow(void*, unsigned long, unsigned long, unsigned long&) (/usr/lib/llvm-20/lib/libLLVM.so.20.1+0xfac7d6) (BuildId: b856c61f98abf0989f157f153740fe0fadfbb760)
    #2 0x7ff5c6f39a5c  (/usr/lib/llvm-20/lib/libLLVM.so.20.1+0x301da5c) (BuildId: b856c61f98abf0989f157f153740fe0fadfbb760)
    #3 0x7ff5c6f39a01  (/usr/lib/llvm-20/lib/libLLVM.so.20.1+0x301da01) (BuildId: b856c61f98abf0989f157f153740fe0fadfbb760)
    #4 0x7ff5c6f39cfe  (/usr/lib/llvm-20/lib/libLLVM.so.20.1+0x301dcfe) (BuildId: b856c61f98abf0989f157f153740fe0fadfbb760)
    #5 0x7ff5c6f34f81  (/usr/lib/llvm-20/lib/libLLVM.so.20.1+0x3018f81) (BuildId: b856c61f98abf0989f157f153740fe0fadfbb760)
    #6 0x7ff5c7b29616  (/usr/lib/llvm-20/lib/libLLVM.so.20.1+0x3c0d616) (BuildId: b856c61f98abf0989f157f153740fe0fadfbb760)
    #7 0x7ff5c7b6091a  (/usr/lib/llvm-20/lib/libLLVM.so.20.1+0x3c4491a) (BuildId: b856c61f98abf0989f157f153740fe0fadfbb760)
    #8 0x7ff5c7b61a19  (/usr/lib/llvm-20/lib/libLLVM.so.20.1+0x3c45a19) (BuildId: b856c61f98abf0989f157f153740fe0fadfbb760)
    #9 0x7ff5c7b62b2c  (/usr/lib/llvm-20/lib/libLLVM.so.20.1+0x3c46b2c) (BuildId: b856c61f98abf0989f157f153740fe0fadfbb760)
    #10 0x55ca91648523 in llvm::Target::createTargetMachine(llvm::StringRef, llvm::StringRef, llvm::StringRef, llvm::TargetOptions const&, std::optional<llvm::Reloc::Model>, std::optional<llvm::CodeModel::Model>, llvm::CodeGenOptLevel, bool) const /usr/lib/llvm-20/include/llvm/MC/TargetRegistry.h:462:12
    #11 0x55ca9163a09e in tsc::TargetRegistry::initializeAllTargets() /workspace/src/TargetRegistry.cpp:67:41
    #12 0x55ca9162bdcd in tsc::Compiler::initializeLLVM() /workspace/src/Compiler.cpp:349:14
    #13 0x55ca9162b8b7 in tsc::Compiler::Compiler(tsc::CompilerOptions const&) /workspace/src/Compiler.cpp:24:5
    #14 0x55ca915fd7b5 in main /workspace/src/main.cpp:191:18
    #15 0x7ff5c395a337  (/lib/x86_64-linux-gnu/libc.so.6+0x2a337) (BuildId: 467f544f15035abef911999cbc14489edd0555ab)
    #16 0x7ff5c395a3fa in __libc_start_main (/lib/x86_64-linux-gnu/libc.so.6+0x2a3fa) (BuildId: 467f544f15035abef911999cbc14489edd0555ab)
    #17 0x55ca91511b64 in _start (/workspace/build-asan/tsc+0x74b64) (BuildId: 73a10d7cc646a755f705b0ae57418e68578aec2f)

Indirect leak of 720 byte(s) in 2 object(s) allocated from:
    #0 0x55ca915b5858 in malloc (/workspace/build-asan/tsc+0x118858) (BuildId: 73a10d7cc646a755f705b0ae57418e68578aec2f)
    #1 0x7ff5c4ec87d6 in llvm::SmallVectorBase<unsigned int>::mallocForGrow(void*, unsigned long, unsigned long, unsigned long&) (/usr/lib/llvm-20/lib/libLLVM.so.20.1+0xfac7d6) (BuildId: b856c61f98abf0989f157f153740fe0fadfbb760)
    #2 0x7ff5c6f39a5c  (/usr/lib/llvm-20/lib/libLLVM.so.20.1+0x301da5c) (BuildId: b856c61f98abf0989f157f153740fe0fadfbb760)
    #3 0x7ff5c6f39a01  (/usr/lib/llvm-20/lib/libLLVM.so.20.1+0x301da01) (BuildId: b856c61f98abf0989f157f153740fe0fadfbb760)
    #4 0x7ff5c6f39cfe  (/usr/lib/llvm-20/lib/libLLVM.so.20.1+0x301dcfe) (BuildId: b856c61f98abf0989f157f153740fe0fadfbb760)
    #5 0x7ff5c6f34f81  (/usr/lib/llvm-20/lib/libLLVM.so.20.1+0x3018f81) (BuildId: b856c61f98abf0989f157f153740fe0fadfbb760)
    #6 0x7ff5c7b298bc  (/usr/lib/llvm-20/lib/libLLVM.so.20.1+0x3c0d8bc) (BuildId: b856c61f98abf0989f157f153740fe0fadfbb760)
    #7 0x7ff5c7b6091a  (/usr/lib/llvm-20/lib/libLLVM.so.20.1+0x3c4491a) (BuildId: b856c61f98abf0989f157f153740fe0fadfbb760)
    #8 0x7ff5c7b61a19  (/usr/lib/llvm-20/lib/libLLVM.so.20.1+0x3c45a19) (BuildId: b856c61f98abf0989f157f153740fe0fadfbb760)
    #9 0x7ff5c7b62b2c  (/usr/lib/llvm-20/lib/libLLVM.so.20.1+0x3c46b2c) (BuildId: b856c61f98abf0989f157f153740fe0fadfbb760)
    #10 0x55ca91648523 in llvm::Target::createTargetMachine(llvm::StringRef, llvm::StringRef, llvm::StringRef, llvm::TargetOptions const&, std::optional<llvm::Reloc::Model>, std::optional<llvm::CodeModel::Model>, llvm::CodeGenOptLevel, bool) const /usr/lib/llvm-20/include/llvm/MC/TargetRegistry.h:462:12
    #11 0x55ca9163a09e in tsc::TargetRegistry::initializeAllTargets() /workspace/src/TargetRegistry.cpp:67:41
    #12 0x55ca9162bdcd in tsc::Compiler::initializeLLVM() /workspace/src/Compiler.cpp:349:14
    #13 0x55ca9162b8b7 in tsc::Compiler::Compiler(tsc::CompilerOptions const&) /workspace/src/Compiler.cpp:24:5
    #14 0x55ca915fd7b5 in main /workspace/src/main.cpp:191:18
    #15 0x7ff5c395a337  (/lib/x86_64-linux-gnu/libc.so.6+0x2a337) (BuildId: 467f544f15035abef911999cbc14489edd0555ab)
    #16 0x7ff5c395a3fa in __libc_start_main (/lib/x86_64-linux-gnu/libc.so.6+0x2a3fa) (BuildId: 467f544f15035abef911999cbc14489edd0555ab)
    #17 0x55ca91511b64 in _start (/workspace/build-asan/tsc+0x74b64) (BuildId: 73a10d7cc646a755f705b0ae57418e68578aec2f)

Indirect leak of 720 byte(s) in 2 object(s) allocated from:
    #0 0x55ca915b5858 in malloc (/workspace/build-asan/tsc+0x118858) (BuildId: 73a10d7cc646a755f705b0ae57418e68578aec2f)
    #1 0x7ff5c4ec87d6 in llvm::SmallVectorBase<unsigned int>::mallocForGrow(void*, unsigned long, unsigned long, unsigned long&) (/usr/lib/llvm-20/lib/libLLVM.so.20.1+0xfac7d6) (BuildId: b856c61f98abf0989f157f153740fe0fadfbb760)
    #2 0x7ff5c6f39a5c  (/usr/lib/llvm-20/lib/libLLVM.so.20.1+0x301da5c) (BuildId: b856c61f98abf0989f157f153740fe0fadfbb760)
    #3 0x7ff5c6f39a01  (/usr/lib/llvm-20/lib/libLLVM.so.20.1+0x301da01) (BuildId: b856c61f98abf0989f157f153740fe0fadfbb760)
    #4 0x7ff5c6f39cfe  (/usr/lib/llvm-20/lib/libLLVM.so.20.1+0x301dcfe) (BuildId: b856c61f98abf0989f157f153740fe0fadfbb760)
    #5 0x7ff5c6f34781  (/usr/lib/llvm-20/lib/libLLVM.so.20.1+0x3018781) (BuildId: b856c61f98abf0989f157f153740fe0fadfbb760)
    #6 0x7ff5c7b28d88  (/usr/lib/llvm-20/lib/libLLVM.so.20.1+0x3c0cd88) (BuildId: b856c61f98abf0989f157f153740fe0fadfbb760)
    #7 0x7ff5c7b6091a  (/usr/lib/llvm-20/lib/libLLVM.so.20.1+0x3c4491a) (BuildId: b856c61f98abf0989f157f153740fe0fadfbb760)
    #8 0x7ff5c7b61710  (/usr/lib/llvm-20/lib/libLLVM.so.20.1+0x3c45710) (BuildId: b856c61f98abf0989f157f153740fe0fadfbb760)
    #9 0x7ff5c7b62a6c  (/usr/lib/llvm-20/lib/libLLVM.so.20.1+0x3c46a6c) (BuildId: b856c61f98abf0989f157f153740fe0fadfbb760)
    #10 0x55ca91648523 in llvm::Target::createTargetMachine(llvm::StringRef, llvm::StringRef, llvm::StringRef, llvm::TargetOptions const&, std::optional<llvm::Reloc::Model>, std::optional<llvm::CodeModel::Model>, llvm::CodeGenOptLevel, bool) const /usr/lib/llvm-20/include/llvm/MC/TargetRegistry.h:462:12
    #11 0x55ca9163a09e in tsc::TargetRegistry::initializeAllTargets() /workspace/src/TargetRegistry.cpp:67:41
    #12 0x55ca9162bdcd in tsc::Compiler::initializeLLVM() /workspace/src/Compiler.cpp:349:14
    #13 0x55ca9162b8b7 in tsc::Compiler::Compiler(tsc::CompilerOptions const&) /workspace/src/Compiler.cpp:24:5
    #14 0x55ca915fd7b5 in main /workspace/src/main.cpp:191:18
    #15 0x7ff5c395a337  (/lib/x86_64-linux-gnu/libc.so.6+0x2a337) (BuildId: 467f544f15035abef911999cbc14489edd0555ab)
    #16 0x7ff5c395a3fa in __libc_start_main (/lib/x86_64-linux-gnu/libc.so.6+0x2a3fa) (BuildId: 467f544f15035abef911999cbc14489edd0555ab)
    #17 0x55ca91511b64 in _start (/workspace/build-asan/tsc+0x74b64) (BuildId: 73a10d7cc646a755f705b0ae57418e68578aec2f)

Indirect leak of 720 byte(s) in 2 object(s) allocated from:
    #0 0x55ca915b5858 in malloc (/workspace/build-asan/tsc+0x118858) (BuildId: 73a10d7cc646a755f705b0ae57418e68578aec2f)
    #1 0x7ff5c4ec87d6 in llvm::SmallVectorBase<unsigned int>::mallocForGrow(void*, unsigned long, unsigned long, unsigned long&) (/usr/lib/llvm-20/lib/libLLVM.so.20.1+0xfac7d6) (BuildId: b856c61f98abf0989f157f153740fe0fadfbb760)
    #2 0x7ff5c6f39a5c  (/usr/lib/llvm-20/lib/libLLVM.so.20.1+0x301da5c) (BuildId: b856c61f98abf0989f157f153740fe0fadfbb760)
    #3 0x7ff5c6f39a01  (/usr/lib/llvm-20/lib/libLLVM.so.20.1+0x301da01) (BuildId: b856c61f98abf0989f157f153740fe0fadfbb760)
    #4 0x7ff5c6f39cfe  (/usr/lib/llvm-20/lib/libLLVM.so.20.1+0x301dcfe) (BuildId: b856c61f98abf0989f157f153740fe0fadfbb760)
    #5 0x7ff5c6f34f81  (/usr/lib/llvm-20/lib/libLLVM.so.20.1+0x3018f81) (BuildId: b856c61f98abf0989f157f153740fe0fadfbb760)
    #6 0x7ff5c7b285ef  (/usr/lib/llvm-20/lib/libLLVM.so.20.1+0x3c0c5ef) (BuildId: b856c61f98abf0989f157f153740fe0fadfbb760)
    #7 0x7ff5c7b6091a  (/usr/lib/llvm-20/lib/libLLVM.so.20.1+0x3c4491a) (BuildId: b856c61f98abf0989f157f153740fe0fadfbb760)
    #8 0x7ff5c7b61a19  (/usr/lib/llvm-20/lib/libLLVM.so.20.1+0x3c45a19) (BuildId: b856c61f98abf0989f157f153740fe0fadfbb760)
    #9 0x7ff5c7b62a6c  (/usr/lib/llvm-20/lib/libLLVM.so.20.1+0x3c46a6c) (BuildId: b856c61f98abf0989f157f153740fe0fadfbb760)
    #10 0x55ca91648523 in llvm::Target::createTargetMachine(llvm::StringRef, llvm::StringRef, llvm::StringRef, llvm::TargetOptions const&, std::optional<llvm::Reloc::Model>, std::optional<llvm::CodeModel::Model>, llvm::CodeGenOptLevel, bool) const /usr/lib/llvm-20/include/llvm/MC/TargetRegistry.h:462:12
    #11 0x55ca9163a09e in tsc::TargetRegistry::initializeAllTargets() /workspace/src/TargetRegistry.cpp:67:41
    #12 0x55ca9162bdcd in tsc::Compiler::initializeLLVM() /workspace/src/Compiler.cpp:349:14
    #13 0x55ca9162b8b7 in tsc::Compiler::Compiler(tsc::CompilerOptions const&) /workspace/src/Compiler.cpp:24:5
    #14 0x55ca915fd7b5 in main /workspace/src/main.cpp:191:18
    #15 0x7ff5c395a337  (/lib/x86_64-linux-gnu/libc.so.6+0x2a337) (BuildId: 467f544f15035abef911999cbc14489edd0555ab)
    #16 0x7ff5c395a3fa in __libc_start_main (/lib/x86_64-linux-gnu/libc.so.6+0x2a3fa) (BuildId: 467f544f15035abef911999cbc14489edd0555ab)
    #17 0x55ca91511b64 in _start (/workspace/build-asan/tsc+0x74b64) (BuildId: 73a10d7cc646a755f705b0ae57418e68578aec2f)

Indirect leak of 720 byte(s) in 2 object(s) allocated from:
    #0 0x55ca915b5858 in malloc (/workspace/build-asan/tsc+0x118858) (BuildId: 73a10d7cc646a755f705b0ae57418e68578aec2f)
    #1 0x7ff5c4ec87d6 in llvm::SmallVectorBase<unsigned int>::mallocForGrow(void*, unsigned long, unsigned long, unsigned long&) (/usr/lib/llvm-20/lib/libLLVM.so.20.1+0xfac7d6) (BuildId: b856c61f98abf0989f157f153740fe0fadfbb760)
    #2 0x7ff5c6f39a5c  (/usr/lib/llvm-20/lib/libLLVM.so.20.1+0x301da5c) (BuildId: b856c61f98abf0989f157f153740fe0fadfbb760)
    #3 0x7ff5c6f39a01  (/usr/lib/llvm-20/lib/libLLVM.so.20.1+0x301da01) (BuildId: b856c61f98abf0989f157f153740fe0fadfbb760)
    #4 0x7ff5c6f39cfe  (/usr/lib/llvm-20/lib/libLLVM.so.20.1+0x301dcfe) (BuildId: b856c61f98abf0989f157f153740fe0fadfbb760)
    #5 0x7ff5c6f34f81  (/usr/lib/llvm-20/lib/libLLVM.so.20.1+0x3018f81) (BuildId: b856c61f98abf0989f157f153740fe0fadfbb760)
    #6 0x7ff5c7b291de  (/usr/lib/llvm-20/lib/libLLVM.so.20.1+0x3c0d1de) (BuildId: b856c61f98abf0989f157f153740fe0fadfbb760)
    #7 0x7ff5c7b6091a  (/usr/lib/llvm-20/lib/libLLVM.so.20.1+0x3c4491a) (BuildId: b856c61f98abf0989f157f153740fe0fadfbb760)
    #8 0x7ff5c7b61710  (/usr/lib/llvm-20/lib/libLLVM.so.20.1+0x3c45710) (BuildId: b856c61f98abf0989f157f153740fe0fadfbb760)
    #9 0x7ff5c7b62b2c  (/usr/lib/llvm-20/lib/libLLVM.so.20.1+0x3c46b2c) (BuildId: b856c61f98abf0989f157f153740fe0fadfbb760)
    #10 0x55ca91648523 in llvm::Target::createTargetMachine(llvm::StringRef, llvm::StringRef, llvm::StringRef, llvm::TargetOptions const&, std::optional<llvm::Reloc::Model>, std::optional<llvm::CodeModel::Model>, llvm::CodeGenOptLevel, bool) const /usr/lib/llvm-20/include/llvm/MC/TargetRegistry.h:462:12
    #11 0x55ca9163a09e in tsc::TargetRegistry::initializeAllTargets() /workspace/src/TargetRegistry.cpp:67:41
    #12 0x55ca9162bdcd in tsc::Compiler::initializeLLVM() /workspace/src/Compiler.cpp:349:14
    #13 0x55ca9162b8b7 in tsc::Compiler::Compiler(tsc::CompilerOptions const&) /workspace/src/Compiler.cpp:24:5
    #14 0x55ca915fd7b5 in main /workspace/src/main.cpp:191:18
    #15 0x7ff5c395a337  (/lib/x86_64-linux-gnu/libc.so.6+0x2a337) (BuildId: 467f544f15035abef911999cbc14489edd0555ab)
    #16 0x7ff5c395a3fa in __libc_start_main (/lib/x86_64-linux-gnu/libc.so.6+0x2a3fa) (BuildId: 467f544f15035abef911999cbc14489edd0555ab)
    #17 0x55ca91511b64 in _start (/workspace/build-asan/tsc+0x74b64) (BuildId: 73a10d7cc646a755f705b0ae57418e68578aec2f)

Indirect leak of 720 byte(s) in 2 object(s) allocated from:
    #0 0x55ca915b5858 in malloc (/workspace/build-asan/tsc+0x118858) (BuildId: 73a10d7cc646a755f705b0ae57418e68578aec2f)
    #1 0x7ff5c4ec87d6 in llvm::SmallVectorBase<unsigned int>::mallocForGrow(void*, unsigned long, unsigned long, unsigned long&) (/usr/lib/llvm-20/lib/libLLVM.so.20.1+0xfac7d6) (BuildId: b856c61f98abf0989f157f153740fe0fadfbb760)
    #2 0x7ff5c6f39a5c  (/usr/lib/llvm-20/lib/libLLVM.so.20.1+0x301da5c) (BuildId: b856c61f98abf0989f157f153740fe0fadfbb760)
    #3 0x7ff5c6f39a01  (/usr/lib/llvm-20/lib/libLLVM.so.20.1+0x301da01) (BuildId: b856c61f98abf0989f157f153740fe0fadfbb760)
    #4 0x7ff5c6f39cfe  (/usr/lib/llvm-20/lib/libLLVM.so.20.1+0x301dcfe) (BuildId: b856c61f98abf0989f157f153740fe0fadfbb760)
    #5 0x7ff5c6f34781  (/usr/lib/llvm-20/lib/libLLVM.so.20.1+0x3018781) (BuildId: b856c61f98abf0989f157f153740fe0fadfbb760)
    #6 0x7ff5c7b29d1c  (/usr/lib/llvm-20/lib/libLLVM.so.20.1+0x3c0dd1c) (BuildId: b856c61f98abf0989f157f153740fe0fadfbb760)
    #7 0x7ff5c7b6091a  (/usr/lib/llvm-20/lib/libLLVM.so.20.1+0x3c4491a) (BuildId: b856c61f98abf0989f157f153740fe0fadfbb760)
    #8 0x7ff5c7b61a19  (/usr/lib/llvm-20/lib/libLLVM.so.20.1+0x3c45a19) (BuildId: b856c61f98abf0989f157f153740fe0fadfbb760)
    #9 0x7ff5c7b62a6c  (/usr/lib/llvm-20/lib/libLLVM.so.20.1+0x3c46a6c) (BuildId: b856c61f98abf0989f157f153740fe0fadfbb760)
    #10 0x55ca91648523 in llvm::Target::createTargetMachine(llvm::StringRef, llvm::StringRef, llvm::StringRef, llvm::TargetOptions const&, std::optional<llvm::Reloc::Model>, std::optional<llvm::CodeModel::Model>, llvm::CodeGenOptLevel, bool) const /usr/lib/llvm-20/include/llvm/MC/TargetRegistry.h:462:12
    #11 0x55ca9163a09e in tsc::TargetRegistry::initializeAllTargets() /workspace/src/TargetRegistry.cpp:67:41
    #12 0x55ca9162bdcd in tsc::Compiler::initializeLLVM() /workspace/src/Compiler.cpp:349:14
    #13 0x55ca9162b8b7 in tsc::Compiler::Compiler(tsc::CompilerOptions const&) /workspace/src/Compiler.cpp:24:5
    #14 0x55ca915fd7b5 in main /workspace/src/main.cpp:191:18
    #15 0x7ff5c395a337  (/lib/x86_64-linux-gnu/libc.so.6+0x2a337) (BuildId: 467f544f15035abef911999cbc14489edd0555ab)
    #16 0x7ff5c395a3fa in __libc_start_main (/lib/x86_64-linux-gnu/libc.so.6+0x2a3fa) (BuildId: 467f544f15035abef911999cbc14489edd0555ab)
    #17 0x55ca91511b64 in _start (/workspace/build-asan/tsc+0x74b64) (BuildId: 73a10d7cc646a755f705b0ae57418e68578aec2f)

Indirect leak of 720 byte(s) in 2 object(s) allocated from:
    #0 0x55ca915b5858 in malloc (/workspace/build-asan/tsc+0x118858) (BuildId: 73a10d7cc646a755f705b0ae57418e68578aec2f)
    #1 0x7ff5c4ec87d6 in llvm::SmallVectorBase<unsigned int>::mallocForGrow(void*, unsigned long, unsigned long, unsigned long&) (/usr/lib/llvm-20/lib/libLLVM.so.20.1+0xfac7d6) (BuildId: b856c61f98abf0989f157f153740fe0fadfbb760)
    #2 0x7ff5c6f39a5c  (/usr/lib/llvm-20/lib/libLLVM.so.20.1+0x301da5c) (BuildId: b856c61f98abf0989f157f153740fe0fadfbb760)
    #3 0x7ff5c6f39a01  (/usr/lib/llvm-20/lib/libLLVM.so.20.1+0x301da01) (BuildId: b856c61f98abf0989f157f153740fe0fadfbb760)
    #4 0x7ff5c6f398a6  (/usr/lib/llvm-20/lib/libLLVM.so.20.1+0x301d8a6) (BuildId: b856c61f98abf0989f157f153740fe0fadfbb760)
    #5 0x7ff5c7b29106  (/usr/lib/llvm-20/lib/libLLVM.so.20.1+0x3c0d106) (BuildId: b856c61f98abf0989f157f153740fe0fadfbb760)
    #6 0x7ff5c7b6091a  (/usr/lib/llvm-20/lib/libLLVM.so.20.1+0x3c4491a) (BuildId: b856c61f98abf0989f157f153740fe0fadfbb760)
    #7 0x7ff5c7b61710  (/usr/lib/llvm-20/lib/libLLVM.so.20.1+0x3c45710) (BuildId: b856c61f98abf0989f157f153740fe0fadfbb760)
    #8 0x7ff5c7b62b2c  (/usr/lib/llvm-20/lib/libLLVM.so.20.1+0x3c46b2c) (BuildId: b856c61f98abf0989f157f153740fe0fadfbb760)
    #9 0x55ca91648523 in llvm::Target::createTargetMachine(llvm::StringRef, llvm::StringRef, llvm::StringRef, llvm::TargetOptions const&, std::optional<llvm::Reloc::Model>, std::optional<llvm::CodeModel::Model>, llvm::CodeGenOptLevel, bool) const /usr/lib/llvm-20/include/llvm/MC/TargetRegistry.h:462:12
    #10 0x55ca9163a09e in tsc::TargetRegistry::initializeAllTargets() /workspace/src/TargetRegistry.cpp:67:41
    #11 0x55ca9162bdcd in tsc::Compiler::initializeLLVM() /workspace/src/Compiler.cpp:349:14
    #12 0x55ca9162b8b7 in tsc::Compiler::Compiler(tsc::CompilerOptions const&) /workspace/src/Compiler.cpp:24:5
    #13 0x55ca915fd7b5 in main /workspace/src/main.cpp:191:18
    #14 0x7ff5c395a337  (/lib/x86_64-linux-gnu/libc.so.6+0x2a337) (BuildId: 467f544f15035abef911999cbc14489edd0555ab)
    #15 0x7ff5c395a3fa in __libc_start_main (/lib/x86_64-linux-gnu/libc.so.6+0x2a3fa) (BuildId: 467f544f15035abef911999cbc14489edd0555ab)
    #16 0x55ca91511b64 in _start (/workspace/build-asan/tsc+0x74b64) (BuildId: 73a10d7cc646a755f705b0ae57418e68578aec2f)

Indirect leak of 720 byte(s) in 2 object(s) allocated from:
    #0 0x55ca915b5858 in malloc (/workspace/build-asan/tsc+0x118858) (BuildId: 73a10d7cc646a755f705b0ae57418e68578aec2f)
    #1 0x7ff5c4ec87d6 in llvm::SmallVectorBase<unsigned int>::mallocForGrow(void*, unsigned long, unsigned long, unsigned long&) (/usr/lib/llvm-20/lib/libLLVM.so.20.1+0xfac7d6) (BuildId: b856c61f98abf0989f157f153740fe0fadfbb760)
    #2 0x7ff5c6f39a5c  (/usr/lib/llvm-20/lib/libLLVM.so.20.1+0x301da5c) (BuildId: b856c61f98abf0989f157f153740fe0fadfbb760)
    #3 0x7ff5c6f39a01  (/usr/lib/llvm-20/lib/libLLVM.so.20.1+0x301da01) (BuildId: b856c61f98abf0989f157f153740fe0fadfbb760)
    #4 0x7ff5c6f39cfe  (/usr/lib/llvm-20/lib/libLLVM.so.20.1+0x301dcfe) (BuildId: b856c61f98abf0989f157f153740fe0fadfbb760)
    #5 0x7ff5c6f34f81  (/usr/lib/llvm-20/lib/libLLVM.so.20.1+0x3018f81) (BuildId: b856c61f98abf0989f157f153740fe0fadfbb760)
    #6 0x7ff5c7b292dc  (/usr/lib/llvm-20/lib/libLLVM.so.20.1+0x3c0d2dc) (BuildId: b856c61f98abf0989f157f153740fe0fadfbb760)
    #7 0x7ff5c7b6091a  (/usr/lib/llvm-20/lib/libLLVM.so.20.1+0x3c4491a) (BuildId: b856c61f98abf0989f157f153740fe0fadfbb760)
    #8 0x7ff5c7b61710  (/usr/lib/llvm-20/lib/libLLVM.so.20.1+0x3c45710) (BuildId: b856c61f98abf0989f157f153740fe0fadfbb760)
    #9 0x7ff5c7b62b2c  (/usr/lib/llvm-20/lib/libLLVM.so.20.1+0x3c46b2c) (BuildId: b856c61f98abf0989f157f153740fe0fadfbb760)
    #10 0x55ca91648523 in llvm::Target::createTargetMachine(llvm::StringRef, llvm::StringRef, llvm::StringRef, llvm::TargetOptions const&, std::optional<llvm::Reloc::Model>, std::optional<llvm::CodeModel::Model>, llvm::CodeGenOptLevel, bool) const /usr/lib/llvm-20/include/llvm/MC/TargetRegistry.h:462:12
    #11 0x55ca9163a09e in tsc::TargetRegistry::initializeAllTargets() /workspace/src/TargetRegistry.cpp:67:41
    #12 0x55ca9162bdcd in tsc::Compiler::initializeLLVM() /workspace/src/Compiler.cpp:349:14
    #13 0x55ca9162b8b7 in tsc::Compiler::Compiler(tsc::CompilerOptions const&) /workspace/src/Compiler.cpp:24:5
    #14 0x55ca915fd7b5 in main /workspace/src/main.cpp:191:18
    #15 0x7ff5c395a337  (/lib/x86_64-linux-gnu/libc.so.6+0x2a337) (BuildId: 467f544f15035abef911999cbc14489edd0555ab)
    #16 0x7ff5c395a3fa in __libc_start_main (/lib/x86_64-linux-gnu/libc.so.6+0x2a3fa) (BuildId: 467f544f15035abef911999cbc14489edd0555ab)
    #17 0x55ca91511b64 in _start (/workspace/build-asan/tsc+0x74b64) (BuildId: 73a10d7cc646a755f705b0ae57418e68578aec2f)

Indirect leak of 720 byte(s) in 2 object(s) allocated from:
    #0 0x55ca915b5858 in malloc (/workspace/build-asan/tsc+0x118858) (BuildId: 73a10d7cc646a755f705b0ae57418e68578aec2f)
    #1 0x7ff5c4ec87d6 in llvm::SmallVectorBase<unsigned int>::mallocForGrow(void*, unsigned long, unsigned long, unsigned long&) (/usr/lib/llvm-20/lib/libLLVM.so.20.1+0xfac7d6) (BuildId: b856c61f98abf0989f157f153740fe0fadfbb760)
    #2 0x7ff5c6f39a5c  (/usr/lib/llvm-20/lib/libLLVM.so.20.1+0x301da5c) (BuildId: b856c61f98abf0989f157f153740fe0fadfbb760)
    #3 0x7ff5c6f39a01  (/usr/lib/llvm-20/lib/libLLVM.so.20.1+0x301da01) (BuildId: b856c61f98abf0989f157f153740fe0fadfbb760)
    #4 0x7ff5c6f39cfe  (/usr/lib/llvm-20/lib/libLLVM.so.20.1+0x301dcfe) (BuildId: b856c61f98abf0989f157f153740fe0fadfbb760)
    #5 0x7ff5c6f34781  (/usr/lib/llvm-20/lib/libLLVM.so.20.1+0x3018781) (BuildId: b856c61f98abf0989f157f153740fe0fadfbb760)
    #6 0x7ff5c7b29d9d  (/usr/lib/llvm-20/lib/libLLVM.so.20.1+0x3c0dd9d) (BuildId: b856c61f98abf0989f157f153740fe0fadfbb760)
    #7 0x7ff5c7b6091a  (/usr/lib/llvm-20/lib/libLLVM.so.20.1+0x3c4491a) (BuildId: b856c61f98abf0989f157f153740fe0fadfbb760)
    #8 0x7ff5c7b61a19  (/usr/lib/llvm-20/lib/libLLVM.so.20.1+0x3c45a19) (BuildId: b856c61f98abf0989f157f153740fe0fadfbb760)
    #9 0x7ff5c7b62a6c  (/usr/lib/llvm-20/lib/libLLVM.so.20.1+0x3c46a6c) (BuildId: b856c61f98abf0989f157f153740fe0fadfbb760)
    #10 0x55ca91648523 in llvm::Target::createTargetMachine(llvm::StringRef, llvm::StringRef, llvm::StringRef, llvm::TargetOptions const&, std::optional<llvm::Reloc::Model>, std::optional<llvm::CodeModel::Model>, llvm::CodeGenOptLevel, bool) const /usr/lib/llvm-20/include/llvm/MC/TargetRegistry.h:462:12
    #11 0x55ca9163a09e in tsc::TargetRegistry::initializeAllTargets() /workspace/src/TargetRegistry.cpp:67:41
    #12 0x55ca9162bdcd in tsc::Compiler::initializeLLVM() /workspace/src/Compiler.cpp:349:14
    #13 0x55ca9162b8b7 in tsc::Compiler::Compiler(tsc::CompilerOptions const&) /workspace/src/Compiler.cpp:24:5
    #14 0x55ca915fd7b5 in main /workspace/src/main.cpp:191:18
    #15 0x7ff5c395a337  (/lib/x86_64-linux-gnu/libc.so.6+0x2a337) (BuildId: 467f544f15035abef911999cbc14489edd0555ab)
    #16 0x7ff5c395a3fa in __libc_start_main (/lib/x86_64-linux-gnu/libc.so.6+0x2a3fa) (BuildId: 467f544f15035abef911999cbc14489edd0555ab)
    #17 0x55ca91511b64 in _start (/workspace/build-asan/tsc+0x74b64) (BuildId: 73a10d7cc646a755f705b0ae57418e68578aec2f)

Indirect leak of 720 byte(s) in 2 object(s) allocated from:
    #0 0x55ca915b5858 in malloc (/workspace/build-asan/tsc+0x118858) (BuildId: 73a10d7cc646a755f705b0ae57418e68578aec2f)
    #1 0x7ff5c4ec87d6 in llvm::SmallVectorBase<unsigned int>::mallocForGrow(void*, unsigned long, unsigned long, unsigned long&) (/usr/lib/llvm-20/lib/libLLVM.so.20.1+0xfac7d6) (BuildId: b856c61f98abf0989f157f153740fe0fadfbb760)
    #2 0x7ff5c6f39a5c  (/usr/lib/llvm-20/lib/libLLVM.so.20.1+0x301da5c) (BuildId: b856c61f98abf0989f157f153740fe0fadfbb760)
    #3 0x7ff5c6f39a01  (/usr/lib/llvm-20/lib/libLLVM.so.20.1+0x301da01) (BuildId: b856c61f98abf0989f157f153740fe0fadfbb760)
    #4 0x7ff5c6f39cfe  (/usr/lib/llvm-20/lib/libLLVM.so.20.1+0x301dcfe) (BuildId: b856c61f98abf0989f157f153740fe0fadfbb760)
    #5 0x7ff5c6f34f81  (/usr/lib/llvm-20/lib/libLLVM.so.20.1+0x3018f81) (BuildId: b856c61f98abf0989f157f153740fe0fadfbb760)
    #6 0x7ff5c7b29616  (/usr/lib/llvm-20/lib/libLLVM.so.20.1+0x3c0d616) (BuildId: b856c61f98abf0989f157f153740fe0fadfbb760)
    #7 0x7ff5c7b6091a  (/usr/lib/llvm-20/lib/libLLVM.so.20.1+0x3c4491a) (BuildId: b856c61f98abf0989f157f153740fe0fadfbb760)
    #8 0x7ff5c7b6188a  (/usr/lib/llvm-20/lib/libLLVM.so.20.1+0x3c4588a) (BuildId: b856c61f98abf0989f157f153740fe0fadfbb760)
    #9 0x7ff5c7b62b2c  (/usr/lib/llvm-20/lib/libLLVM.so.20.1+0x3c46b2c) (BuildId: b856c61f98abf0989f157f153740fe0fadfbb760)
    #10 0x55ca91648523 in llvm::Target::createTargetMachine(llvm::StringRef, llvm::StringRef, llvm::StringRef, llvm::TargetOptions const&, std::optional<llvm::Reloc::Model>, std::optional<llvm::CodeModel::Model>, llvm::CodeGenOptLevel, bool) const /usr/lib/llvm-20/include/llvm/MC/TargetRegistry.h:462:12
    #11 0x55ca9163a09e in tsc::TargetRegistry::initializeAllTargets() /workspace/src/TargetRegistry.cpp:67:41
    #12 0x55ca9162bdcd in tsc::Compiler::initializeLLVM() /workspace/src/Compiler.cpp:349:14
    #13 0x55ca9162b8b7 in tsc::Compiler::Compiler(tsc::CompilerOptions const&) /workspace/src/Compiler.cpp:24:5
    #14 0x55ca915fd7b5 in main /workspace/src/main.cpp:191:18
    #15 0x7ff5c395a337  (/lib/x86_64-linux-gnu/libc.so.6+0x2a337) (BuildId: 467f544f15035abef911999cbc14489edd0555ab)
    #16 0x7ff5c395a3fa in __libc_start_main (/lib/x86_64-linux-gnu/libc.so.6+0x2a3fa) (BuildId: 467f544f15035abef911999cbc14489edd0555ab)
    #17 0x55ca91511b64 in _start (/workspace/build-asan/tsc+0x74b64) (BuildId: 73a10d7cc646a755f705b0ae57418e68578aec2f)

Indirect leak of 720 byte(s) in 2 object(s) allocated from:
    #0 0x55ca915b5858 in malloc (/workspace/build-asan/tsc+0x118858) (BuildId: 73a10d7cc646a755f705b0ae57418e68578aec2f)
    #1 0x7ff5c4ec87d6 in llvm::SmallVectorBase<unsigned int>::mallocForGrow(void*, unsigned long, unsigned long, unsigned long&) (/usr/lib/llvm-20/lib/libLLVM.so.20.1+0xfac7d6) (BuildId: b856c61f98abf0989f157f153740fe0fadfbb760)
    #2 0x7ff5c6f39a5c  (/usr/lib/llvm-20/lib/libLLVM.so.20.1+0x301da5c) (BuildId: b856c61f98abf0989f157f153740fe0fadfbb760)
    #3 0x7ff5c6f39a01  (/usr/lib/llvm-20/lib/libLLVM.so.20.1+0x301da01) (BuildId: b856c61f98abf0989f157f153740fe0fadfbb760)
    #4 0x7ff5c6f39cfe  (/usr/lib/llvm-20/lib/libLLVM.so.20.1+0x301dcfe) (BuildId: b856c61f98abf0989f157f153740fe0fadfbb760)
    #5 0x7ff5c6f34f81  (/usr/lib/llvm-20/lib/libLLVM.so.20.1+0x3018f81) (BuildId: b856c61f98abf0989f157f153740fe0fadfbb760)
    #6 0x7ff5c7b29261  (/usr/lib/llvm-20/lib/libLLVM.so.20.1+0x3c0d261) (BuildId: b856c61f98abf0989f157f153740fe0fadfbb760)
    #7 0x7ff5c7b6091a  (/usr/lib/llvm-20/lib/libLLVM.so.20.1+0x3c4491a) (BuildId: b856c61f98abf0989f157f153740fe0fadfbb760)
    #8 0x7ff5c7b61710  (/usr/lib/llvm-20/lib/libLLVM.so.20.1+0x3c45710) (BuildId: b856c61f98abf0989f157f153740fe0fadfbb760)
    #9 0x7ff5c7b62b2c  (/usr/lib/llvm-20/lib/libLLVM.so.20.1+0x3c46b2c) (BuildId: b856c61f98abf0989f157f153740fe0fadfbb760)
    #10 0x55ca91648523 in llvm::Target::createTargetMachine(llvm::StringRef, llvm::StringRef, llvm::StringRef, llvm::TargetOptions const&, std::optional<llvm::Reloc::Model>, std::optional<llvm::CodeModel::Model>, llvm::CodeGenOptLevel, bool) const /usr/lib/llvm-20/include/llvm/MC/TargetRegistry.h:462:12
    #11 0x55ca9163a09e in tsc::TargetRegistry::initializeAllTargets() /workspace/src/TargetRegistry.cpp:67:41
    #12 0x55ca9162bdcd in tsc::Compiler::initializeLLVM() /workspace/src/Compiler.cpp:349:14
    #13 0x55ca9162b8b7 in tsc::Compiler::Compiler(tsc::CompilerOptions const&) /workspace/src/Compiler.cpp:24:5
    #14 0x55ca915fd7b5 in main /workspace/src/main.cpp:191:18
    #15 0x7ff5c395a337  (/lib/x86_64-linux-gnu/libc.so.6+0x2a337) (BuildId: 467f544f15035abef911999cbc14489edd0555ab)
    #16 0x7ff5c395a3fa in __libc_start_main (/lib/x86_64-linux-gnu/libc.so.6+0x2a3fa) (BuildId: 467f544f15035abef911999cbc14489edd0555ab)
    #17 0x55ca91511b64 in _start (/workspace/build-asan/tsc+0x74b64) (BuildId: 73a10d7cc646a755f705b0ae57418e68578aec2f)

Indirect leak of 720 byte(s) in 2 object(s) allocated from:
    #0 0x55ca915b5858 in malloc (/workspace/build-asan/tsc+0x118858) (BuildId: 73a10d7cc646a755f705b0ae57418e68578aec2f)
    #1 0x7ff5c4ec87d6 in llvm::SmallVectorBase<unsigned int>::mallocForGrow(void*, unsigned long, unsigned long, unsigned long&) (/usr/lib/llvm-20/lib/libLLVM.so.20.1+0xfac7d6) (BuildId: b856c61f98abf0989f157f153740fe0fadfbb760)
    #2 0x7ff5c6f39a5c  (/usr/lib/llvm-20/lib/libLLVM.so.20.1+0x301da5c) (BuildId: b856c61f98abf0989f157f153740fe0fadfbb760)
    #3 0x7ff5c6f39a01  (/usr/lib/llvm-20/lib/libLLVM.so.20.1+0x301da01) (BuildId: b856c61f98abf0989f157f153740fe0fadfbb760)
    #4 0x7ff5c6f39cfe  (/usr/lib/llvm-20/lib/libLLVM.so.20.1+0x301dcfe) (BuildId: b856c61f98abf0989f157f153740fe0fadfbb760)
    #5 0x7ff5c6f34781  (/usr/lib/llvm-20/lib/libLLVM.so.20.1+0x3018781) (BuildId: b856c61f98abf0989f157f153740fe0fadfbb760)
    #6 0x7ff5c7b28d88  (/usr/lib/llvm-20/lib/libLLVM.so.20.1+0x3c0cd88) (BuildId: b856c61f98abf0989f157f153740fe0fadfbb760)
    #7 0x7ff5c7b6091a  (/usr/lib/llvm-20/lib/libLLVM.so.20.1+0x3c4491a) (BuildId: b856c61f98abf0989f157f153740fe0fadfbb760)
    #8 0x7ff5c7b61a19  (/usr/lib/llvm-20/lib/libLLVM.so.20.1+0x3c45a19) (BuildId: b856c61f98abf0989f157f153740fe0fadfbb760)
    #9 0x7ff5c7b62a6c  (/usr/lib/llvm-20/lib/libLLVM.so.20.1+0x3c46a6c) (BuildId: b856c61f98abf0989f157f153740fe0fadfbb760)
    #10 0x55ca91648523 in llvm::Target::createTargetMachine(llvm::StringRef, llvm::StringRef, llvm::StringRef, llvm::TargetOptions const&, std::optional<llvm::Reloc::Model>, std::optional<llvm::CodeModel::Model>, llvm::CodeGenOptLevel, bool) const /usr/lib/llvm-20/include/llvm/MC/TargetRegistry.h:462:12
    #11 0x55ca9163a09e in tsc::TargetRegistry::initializeAllTargets() /workspace/src/TargetRegistry.cpp:67:41
    #12 0x55ca9162bdcd in tsc::Compiler::initializeLLVM() /workspace/src/Compiler.cpp:349:14
    #13 0x55ca9162b8b7 in tsc::Compiler::Compiler(tsc::CompilerOptions const&) /workspace/src/Compiler.cpp:24:5
    #14 0x55ca915fd7b5 in main /workspace/src/main.cpp:191:18
    #15 0x7ff5c395a337  (/lib/x86_64-linux-gnu/libc.so.6+0x2a337) (BuildId: 467f544f15035abef911999cbc14489edd0555ab)
    #16 0x7ff5c395a3fa in __libc_start_main (/lib/x86_64-linux-gnu/libc.so.6+0x2a3fa) (BuildId: 467f544f15035abef911999cbc14489edd0555ab)
    #17 0x55ca91511b64 in _start (/workspace/build-asan/tsc+0x74b64) (BuildId: 73a10d7cc646a755f705b0ae57418e68578aec2f)

Indirect leak of 720 byte(s) in 2 object(s) allocated from:
    #0 0x55ca915b5858 in malloc (/workspace/build-asan/tsc+0x118858) (BuildId: 73a10d7cc646a755f705b0ae57418e68578aec2f)
    #1 0x7ff5c4ec87d6 in llvm::SmallVectorBase<unsigned int>::mallocForGrow(void*, unsigned long, unsigned long, unsigned long&) (/usr/lib/llvm-20/lib/libLLVM.so.20.1+0xfac7d6) (BuildId: b856c61f98abf0989f157f153740fe0fadfbb760)
    #2 0x7ff5c6f39a5c  (/usr/lib/llvm-20/lib/libLLVM.so.20.1+0x301da5c) (BuildId: b856c61f98abf0989f157f153740fe0fadfbb760)
    #3 0x7ff5c6f39a01  (/usr/lib/llvm-20/lib/libLLVM.so.20.1+0x301da01) (BuildId: b856c61f98abf0989f157f153740fe0fadfbb760)
    #4 0x7ff5c6f39cfe  (/usr/lib/llvm-20/lib/libLLVM.so.20.1+0x301dcfe) (BuildId: b856c61f98abf0989f157f153740fe0fadfbb760)
    #5 0x7ff5c6f34781  (/usr/lib/llvm-20/lib/libLLVM.so.20.1+0x3018781) (BuildId: b856c61f98abf0989f157f153740fe0fadfbb760)
    #6 0x7ff5c7b29d9d  (/usr/lib/llvm-20/lib/libLLVM.so.20.1+0x3c0dd9d) (BuildId: b856c61f98abf0989f157f153740fe0fadfbb760)
    #7 0x7ff5c7b6091a  (/usr/lib/llvm-20/lib/libLLVM.so.20.1+0x3c4491a) (BuildId: b856c61f98abf0989f157f153740fe0fadfbb760)
    #8 0x7ff5c7b61710  (/usr/lib/llvm-20/lib/libLLVM.so.20.1+0x3c45710) (BuildId: b856c61f98abf0989f157f153740fe0fadfbb760)
    #9 0x7ff5c7b62b2c  (/usr/lib/llvm-20/lib/libLLVM.so.20.1+0x3c46b2c) (BuildId: b856c61f98abf0989f157f153740fe0fadfbb760)
    #10 0x55ca91648523 in llvm::Target::createTargetMachine(llvm::StringRef, llvm::StringRef, llvm::StringRef, llvm::TargetOptions const&, std::optional<llvm::Reloc::Model>, std::optional<llvm::CodeModel::Model>, llvm::CodeGenOptLevel, bool) const /usr/lib/llvm-20/include/llvm/MC/TargetRegistry.h:462:12
    #11 0x55ca9163a09e in tsc::TargetRegistry::initializeAllTargets() /workspace/src/TargetRegistry.cpp:67:41
    #12 0x55ca9162bdcd in tsc::Compiler::initializeLLVM() /workspace/src/Compiler.cpp:349:14
    #13 0x55ca9162b8b7 in tsc::Compiler::Compiler(tsc::CompilerOptions const&) /workspace/src/Compiler.cpp:24:5
    #14 0x55ca915fd7b5 in main /workspace/src/main.cpp:191:18
    #15 0x7ff5c395a337  (/lib/x86_64-linux-gnu/libc.so.6+0x2a337) (BuildId: 467f544f15035abef911999cbc14489edd0555ab)
    #16 0x7ff5c395a3fa in __libc_start_main (/lib/x86_64-linux-gnu/libc.so.6+0x2a3fa) (BuildId: 467f544f15035abef911999cbc14489edd0555ab)
    #17 0x55ca91511b64 in _start (/workspace/build-asan/tsc+0x74b64) (BuildId: 73a10d7cc646a755f705b0ae57418e68578aec2f)

Indirect leak of 720 byte(s) in 2 object(s) allocated from:
    #0 0x55ca915b5858 in malloc (/workspace/build-asan/tsc+0x118858) (BuildId: 73a10d7cc646a755f705b0ae57418e68578aec2f)
    #1 0x7ff5c4ec87d6 in llvm::SmallVectorBase<unsigned int>::mallocForGrow(void*, unsigned long, unsigned long, unsigned long&) (/usr/lib/llvm-20/lib/libLLVM.so.20.1+0xfac7d6) (BuildId: b856c61f98abf0989f157f153740fe0fadfbb760)
    #2 0x7ff5c6f39a5c  (/usr/lib/llvm-20/lib/libLLVM.so.20.1+0x301da5c) (BuildId: b856c61f98abf0989f157f153740fe0fadfbb760)
    #3 0x7ff5c6f39a01  (/usr/lib/llvm-20/lib/libLLVM.so.20.1+0x301da01) (BuildId: b856c61f98abf0989f157f153740fe0fadfbb760)
    #4 0x7ff5c6f39cfe  (/usr/lib/llvm-20/lib/libLLVM.so.20.1+0x301dcfe) (BuildId: b856c61f98abf0989f157f153740fe0fadfbb760)
    #5 0x7ff5c6f34781  (/usr/lib/llvm-20/lib/libLLVM.so.20.1+0x3018781) (BuildId: b856c61f98abf0989f157f153740fe0fadfbb760)
    #6 0x7ff5c7b29c9b  (/usr/lib/llvm-20/lib/libLLVM.so.20.1+0x3c0dc9b) (BuildId: b856c61f98abf0989f157f153740fe0fadfbb760)
    #7 0x7ff5c7b6091a  (/usr/lib/llvm-20/lib/libLLVM.so.20.1+0x3c4491a) (BuildId: b856c61f98abf0989f157f153740fe0fadfbb760)
    #8 0x7ff5c7b61a19  (/usr/lib/llvm-20/lib/libLLVM.so.20.1+0x3c45a19) (BuildId: b856c61f98abf0989f157f153740fe0fadfbb760)
    #9 0x7ff5c7b62a6c  (/usr/lib/llvm-20/lib/libLLVM.so.20.1+0x3c46a6c) (BuildId: b856c61f98abf0989f157f153740fe0fadfbb760)
    #10 0x55ca91648523 in llvm::Target::createTargetMachine(llvm::StringRef, llvm::StringRef, llvm::StringRef, llvm::TargetOptions const&, std::optional<llvm::Reloc::Model>, std::optional<llvm::CodeModel::Model>, llvm::CodeGenOptLevel, bool) const /usr/lib/llvm-20/include/llvm/MC/TargetRegistry.h:462:12
    #11 0x55ca9163a09e in tsc::TargetRegistry::initializeAllTargets() /workspace/src/TargetRegistry.cpp:67:41
    #12 0x55ca9162bdcd in tsc::Compiler::initializeLLVM() /workspace/src/Compiler.cpp:349:14
    #13 0x55ca9162b8b7 in tsc::Compiler::Compiler(tsc::CompilerOptions const&) /workspace/src/Compiler.cpp:24:5
    #14 0x55ca915fd7b5 in main /workspace/src/main.cpp:191:18
    #15 0x7ff5c395a337  (/lib/x86_64-linux-gnu/libc.so.6+0x2a337) (BuildId: 467f544f15035abef911999cbc14489edd0555ab)
    #16 0x7ff5c395a3fa in __libc_start_main (/lib/x86_64-linux-gnu/libc.so.6+0x2a3fa) (BuildId: 467f544f15035abef911999cbc14489edd0555ab)
    #17 0x55ca91511b64 in _start (/workspace/build-asan/tsc+0x74b64) (BuildId: 73a10d7cc646a755f705b0ae57418e68578aec2f)

Indirect leak of 720 byte(s) in 2 object(s) allocated from:
    #0 0x55ca915b5858 in malloc (/workspace/build-asan/tsc+0x118858) (BuildId: 73a10d7cc646a755f705b0ae57418e68578aec2f)
    #1 0x7ff5c4ec87d6 in llvm::SmallVectorBase<unsigned int>::mallocForGrow(void*, unsigned long, unsigned long, unsigned long&) (/usr/lib/llvm-20/lib/libLLVM.so.20.1+0xfac7d6) (BuildId: b856c61f98abf0989f157f153740fe0fadfbb760)
    #2 0x7ff5c6f39a5c  (/usr/lib/llvm-20/lib/libLLVM.so.20.1+0x301da5c) (BuildId: b856c61f98abf0989f157f153740fe0fadfbb760)
    #3 0x7ff5c6f39a01  (/usr/lib/llvm-20/lib/libLLVM.so.20.1+0x301da01) (BuildId: b856c61f98abf0989f157f153740fe0fadfbb760)
    #4 0x7ff5c6f39cfe  (/usr/lib/llvm-20/lib/libLLVM.so.20.1+0x301dcfe) (BuildId: b856c61f98abf0989f157f153740fe0fadfbb760)
    #5 0x7ff5c6f34781  (/usr/lib/llvm-20/lib/libLLVM.so.20.1+0x3018781) (BuildId: b856c61f98abf0989f157f153740fe0fadfbb760)
    #6 0x7ff5c7b29e21  (/usr/lib/llvm-20/lib/libLLVM.so.20.1+0x3c0de21) (BuildId: b856c61f98abf0989f157f153740fe0fadfbb760)
    #7 0x7ff5c7b6091a  (/usr/lib/llvm-20/lib/libLLVM.so.20.1+0x3c4491a) (BuildId: b856c61f98abf0989f157f153740fe0fadfbb760)
    #8 0x7ff5c7b61710  (/usr/lib/llvm-20/lib/libLLVM.so.20.1+0x3c45710) (BuildId: b856c61f98abf0989f157f153740fe0fadfbb760)
    #9 0x7ff5c7b62b2c  (/usr/lib/llvm-20/lib/libLLVM.so.20.1+0x3c46b2c) (BuildId: b856c61f98abf0989f157f153740fe0fadfbb760)
    #10 0x55ca91648523 in llvm::Target::createTargetMachine(llvm::StringRef, llvm::StringRef, llvm::StringRef, llvm::TargetOptions const&, std::optional<llvm::Reloc::Model>, std::optional<llvm::CodeModel::Model>, llvm::CodeGenOptLevel, bool) const /usr/lib/llvm-20/include/llvm/MC/TargetRegistry.h:462:12
    #11 0x55ca9163a09e in tsc::TargetRegistry::initializeAllTargets() /workspace/src/TargetRegistry.cpp:67:41
    #12 0x55ca9162bdcd in tsc::Compiler::initializeLLVM() /workspace/src/Compiler.cpp:349:14
    #13 0x55ca9162b8b7 in tsc::Compiler::Compiler(tsc::CompilerOptions const&) /workspace/src/Compiler.cpp:24:5
    #14 0x55ca915fd7b5 in main /workspace/src/main.cpp:191:18
    #15 0x7ff5c395a337  (/lib/x86_64-linux-gnu/libc.so.6+0x2a337) (BuildId: 467f544f15035abef911999cbc14489edd0555ab)
    #16 0x7ff5c395a3fa in __libc_start_main (/lib/x86_64-linux-gnu/libc.so.6+0x2a3fa) (BuildId: 467f544f15035abef911999cbc14489edd0555ab)
    #17 0x55ca91511b64 in _start (/workspace/build-asan/tsc+0x74b64) (BuildId: 73a10d7cc646a755f705b0ae57418e68578aec2f)

Indirect leak of 720 byte(s) in 2 object(s) allocated from:
    #0 0x55ca915b5858 in malloc (/workspace/build-asan/tsc+0x118858) (BuildId: 73a10d7cc646a755f705b0ae57418e68578aec2f)
    #1 0x7ff5c4ec87d6 in llvm::SmallVectorBase<unsigned int>::mallocForGrow(void*, unsigned long, unsigned long, unsigned long&) (/usr/lib/llvm-20/lib/libLLVM.so.20.1+0xfac7d6) (BuildId: b856c61f98abf0989f157f153740fe0fadfbb760)
    #2 0x7ff5c6f39a5c  (/usr/lib/llvm-20/lib/libLLVM.so.20.1+0x301da5c) (BuildId: b856c61f98abf0989f157f153740fe0fadfbb760)
    #3 0x7ff5c6f39a01  (/usr/lib/llvm-20/lib/libLLVM.so.20.1+0x301da01) (BuildId: b856c61f98abf0989f157f153740fe0fadfbb760)
    #4 0x7ff5c6f39cfe  (/usr/lib/llvm-20/lib/libLLVM.so.20.1+0x301dcfe) (BuildId: b856c61f98abf0989f157f153740fe0fadfbb760)
    #5 0x7ff5c6f34781  (/usr/lib/llvm-20/lib/libLLVM.so.20.1+0x3018781) (BuildId: b856c61f98abf0989f157f153740fe0fadfbb760)
    #6 0x7ff5c7b29d9d  (/usr/lib/llvm-20/lib/libLLVM.so.20.1+0x3c0dd9d) (BuildId: b856c61f98abf0989f157f153740fe0fadfbb760)
    #7 0x7ff5c7b6091a  (/usr/lib/llvm-20/lib/libLLVM.so.20.1+0x3c4491a) (BuildId: b856c61f98abf0989f157f153740fe0fadfbb760)
    #8 0x7ff5c7b61a19  (/usr/lib/llvm-20/lib/libLLVM.so.20.1+0x3c45a19) (BuildId: b856c61f98abf0989f157f153740fe0fadfbb760)
    #9 0x7ff5c7b62b2c  (/usr/lib/llvm-20/lib/libLLVM.so.20.1+0x3c46b2c) (BuildId: b856c61f98abf0989f157f153740fe0fadfbb760)
    #10 0x55ca91648523 in llvm::Target::createTargetMachine(llvm::StringRef, llvm::StringRef, llvm::StringRef, llvm::TargetOptions const&, std::optional<llvm::Reloc::Model>, std::optional<llvm::CodeModel::Model>, llvm::CodeGenOptLevel, bool) const /usr/lib/llvm-20/include/llvm/MC/TargetRegistry.h:462:12
    #11 0x55ca9163a09e in tsc::TargetRegistry::initializeAllTargets() /workspace/src/TargetRegistry.cpp:67:41
    #12 0x55ca9162bdcd in tsc::Compiler::initializeLLVM() /workspace/src/Compiler.cpp:349:14
    #13 0x55ca9162b8b7 in tsc::Compiler::Compiler(tsc::CompilerOptions const&) /workspace/src/Compiler.cpp:24:5
    #14 0x55ca915fd7b5 in main /workspace/src/main.cpp:191:18
    #15 0x7ff5c395a337  (/lib/x86_64-linux-gnu/libc.so.6+0x2a337) (BuildId: 467f544f15035abef911999cbc14489edd0555ab)
    #16 0x7ff5c395a3fa in __libc_start_main (/lib/x86_64-linux-gnu/libc.so.6+0x2a3fa) (BuildId: 467f544f15035abef911999cbc14489edd0555ab)
    #17 0x55ca91511b64 in _start (/workspace/build-asan/tsc+0x74b64) (BuildId: 73a10d7cc646a755f705b0ae57418e68578aec2f)

Indirect leak of 720 byte(s) in 2 object(s) allocated from:
    #0 0x55ca915b5858 in malloc (/workspace/build-asan/tsc+0x118858) (BuildId: 73a10d7cc646a755f705b0ae57418e68578aec2f)
    #1 0x7ff5c4ec87d6 in llvm::SmallVectorBase<unsigned int>::mallocForGrow(void*, unsigned long, unsigned long, unsigned long&) (/usr/lib/llvm-20/lib/libLLVM.so.20.1+0xfac7d6) (BuildId: b856c61f98abf0989f157f153740fe0fadfbb760)
    #2 0x7ff5c6f39a5c  (/usr/lib/llvm-20/lib/libLLVM.so.20.1+0x301da5c) (BuildId: b856c61f98abf0989f157f153740fe0fadfbb760)
    #3 0x7ff5c6f39a01  (/usr/lib/llvm-20/lib/libLLVM.so.20.1+0x301da01) (BuildId: b856c61f98abf0989f157f153740fe0fadfbb760)
    #4 0x7ff5c6f39cfe  (/usr/lib/llvm-20/lib/libLLVM.so.20.1+0x301dcfe) (BuildId: b856c61f98abf0989f157f153740fe0fadfbb760)
    #5 0x7ff5c6f34781  (/usr/lib/llvm-20/lib/libLLVM.so.20.1+0x3018781) (BuildId: b856c61f98abf0989f157f153740fe0fadfbb760)
    #6 0x7ff5c7b29d1c  (/usr/lib/llvm-20/lib/libLLVM.so.20.1+0x3c0dd1c) (BuildId: b856c61f98abf0989f157f153740fe0fadfbb760)
    #7 0x7ff5c7b6091a  (/usr/lib/llvm-20/lib/libLLVM.so.20.1+0x3c4491a) (BuildId: b856c61f98abf0989f157f153740fe0fadfbb760)
    #8 0x7ff5c7b6188a  (/usr/lib/llvm-20/lib/libLLVM.so.20.1+0x3c4588a) (BuildId: b856c61f98abf0989f157f153740fe0fadfbb760)
    #9 0x7ff5c7b62a6c  (/usr/lib/llvm-20/lib/libLLVM.so.20.1+0x3c46a6c) (BuildId: b856c61f98abf0989f157f153740fe0fadfbb760)
    #10 0x55ca91648523 in llvm::Target::createTargetMachine(llvm::StringRef, llvm::StringRef, llvm::StringRef, llvm::TargetOptions const&, std::optional<llvm::Reloc::Model>, std::optional<llvm::CodeModel::Model>, llvm::CodeGenOptLevel, bool) const /usr/lib/llvm-20/include/llvm/MC/TargetRegistry.h:462:12
    #11 0x55ca9163a09e in tsc::TargetRegistry::initializeAllTargets() /workspace/src/TargetRegistry.cpp:67:41
    #12 0x55ca9162bdcd in tsc::Compiler::initializeLLVM() /workspace/src/Compiler.cpp:349:14
    #13 0x55ca9162b8b7 in tsc::Compiler::Compiler(tsc::CompilerOptions const&) /workspace/src/Compiler.cpp:24:5
    #14 0x55ca915fd7b5 in main /workspace/src/main.cpp:191:18
    #15 0x7ff5c395a337  (/lib/x86_64-linux-gnu/libc.so.6+0x2a337) (BuildId: 467f544f15035abef911999cbc14489edd0555ab)
    #16 0x7ff5c395a3fa in __libc_start_main (/lib/x86_64-linux-gnu/libc.so.6+0x2a3fa) (BuildId: 467f544f15035abef911999cbc14489edd0555ab)
    #17 0x55ca91511b64 in _start (/workspace/build-asan/tsc+0x74b64) (BuildId: 73a10d7cc646a755f705b0ae57418e68578aec2f)

Indirect leak of 720 byte(s) in 2 object(s) allocated from:
    #0 0x55ca915b5858 in malloc (/workspace/build-asan/tsc+0x118858) (BuildId: 73a10d7cc646a755f705b0ae57418e68578aec2f)
    #1 0x7ff5c4ec87d6 in llvm::SmallVectorBase<unsigned int>::mallocForGrow(void*, unsigned long, unsigned long, unsigned long&) (/usr/lib/llvm-20/lib/libLLVM.so.20.1+0xfac7d6) (BuildId: b856c61f98abf0989f157f153740fe0fadfbb760)
    #2 0x7ff5c6f39a5c  (/usr/lib/llvm-20/lib/libLLVM.so.20.1+0x301da5c) (BuildId: b856c61f98abf0989f157f153740fe0fadfbb760)
    #3 0x7ff5c6f39a01  (/usr/lib/llvm-20/lib/libLLVM.so.20.1+0x301da01) (BuildId: b856c61f98abf0989f157f153740fe0fadfbb760)
    #4 0x7ff5c6f39cfe  (/usr/lib/llvm-20/lib/libLLVM.so.20.1+0x301dcfe) (BuildId: b856c61f98abf0989f157f153740fe0fadfbb760)
    #5 0x7ff5c6f34f81  (/usr/lib/llvm-20/lib/libLLVM.so.20.1+0x3018f81) (BuildId: b856c61f98abf0989f157f153740fe0fadfbb760)
    #6 0x7ff5c7b291de  (/usr/lib/llvm-20/lib/libLLVM.so.20.1+0x3c0d1de) (BuildId: b856c61f98abf0989f157f153740fe0fadfbb760)
    #7 0x7ff5c7b6091a  (/usr/lib/llvm-20/lib/libLLVM.so.20.1+0x3c4491a) (BuildId: b856c61f98abf0989f157f153740fe0fadfbb760)
    #8 0x7ff5c7b6188a  (/usr/lib/llvm-20/lib/libLLVM.so.20.1+0x3c4588a) (BuildId: b856c61f98abf0989f157f153740fe0fadfbb760)
    #9 0x7ff5c7b62a6c  (/usr/lib/llvm-20/lib/libLLVM.so.20.1+0x3c46a6c) (BuildId: b856c61f98abf0989f157f153740fe0fadfbb760)
    #10 0x55ca91648523 in llvm::Target::createTargetMachine(llvm::StringRef, llvm::StringRef, llvm::StringRef, llvm::TargetOptions const&, std::optional<llvm::Reloc::Model>, std::optional<llvm::CodeModel::Model>, llvm::CodeGenOptLevel, bool) const /usr/lib/llvm-20/include/llvm/MC/TargetRegistry.h:462:12
    #11 0x55ca9163a09e in tsc::TargetRegistry::initializeAllTargets() /workspace/src/TargetRegistry.cpp:67:41
    #12 0x55ca9162bdcd in tsc::Compiler::initializeLLVM() /workspace/src/Compiler.cpp:349:14
    #13 0x55ca9162b8b7 in tsc::Compiler::Compiler(tsc::CompilerOptions const&) /workspace/src/Compiler.cpp:24:5
    #14 0x55ca915fd7b5 in main /workspace/src/main.cpp:191:18
    #15 0x7ff5c395a337  (/lib/x86_64-linux-gnu/libc.so.6+0x2a337) (BuildId: 467f544f15035abef911999cbc14489edd0555ab)
    #16 0x7ff5c395a3fa in __libc_start_main (/lib/x86_64-linux-gnu/libc.so.6+0x2a3fa) (BuildId: 467f544f15035abef911999cbc14489edd0555ab)
    #17 0x55ca91511b64 in _start (/workspace/build-asan/tsc+0x74b64) (BuildId: 73a10d7cc646a755f705b0ae57418e68578aec2f)

Indirect leak of 720 byte(s) in 2 object(s) allocated from:
    #0 0x55ca915b5858 in malloc (/workspace/build-asan/tsc+0x118858) (BuildId: 73a10d7cc646a755f705b0ae57418e68578aec2f)
    #1 0x7ff5c4ec87d6 in llvm::SmallVectorBase<unsigned int>::mallocForGrow(void*, unsigned long, unsigned long, unsigned long&) (/usr/lib/llvm-20/lib/libLLVM.so.20.1+0xfac7d6) (BuildId: b856c61f98abf0989f157f153740fe0fadfbb760)
    #2 0x7ff5c6f39a5c  (/usr/lib/llvm-20/lib/libLLVM.so.20.1+0x301da5c) (BuildId: b856c61f98abf0989f157f153740fe0fadfbb760)
    #3 0x7ff5c6f39a01  (/usr/lib/llvm-20/lib/libLLVM.so.20.1+0x301da01) (BuildId: b856c61f98abf0989f157f153740fe0fadfbb760)
    #4 0x7ff5c6f39cfe  (/usr/lib/llvm-20/lib/libLLVM.so.20.1+0x301dcfe) (BuildId: b856c61f98abf0989f157f153740fe0fadfbb760)
    #5 0x7ff5c6f34f81  (/usr/lib/llvm-20/lib/libLLVM.so.20.1+0x3018f81) (BuildId: b856c61f98abf0989f157f153740fe0fadfbb760)
    #6 0x7ff5c7b28bb9  (/usr/lib/llvm-20/lib/libLLVM.so.20.1+0x3c0cbb9) (BuildId: b856c61f98abf0989f157f153740fe0fadfbb760)
    #7 0x7ff5c7b6091a  (/usr/lib/llvm-20/lib/libLLVM.so.20.1+0x3c4491a) (BuildId: b856c61f98abf0989f157f153740fe0fadfbb760)
    #8 0x7ff5c7b6188a  (/usr/lib/llvm-20/lib/libLLVM.so.20.1+0x3c4588a) (BuildId: b856c61f98abf0989f157f153740fe0fadfbb760)
    #9 0x7ff5c7b62a6c  (/usr/lib/llvm-20/lib/libLLVM.so.20.1+0x3c46a6c) (BuildId: b856c61f98abf0989f157f153740fe0fadfbb760)
    #10 0x55ca91648523 in llvm::Target::createTargetMachine(llvm::StringRef, llvm::StringRef, llvm::StringRef, llvm::TargetOptions const&, std::optional<llvm::Reloc::Model>, std::optional<llvm::CodeModel::Model>, llvm::CodeGenOptLevel, bool) const /usr/lib/llvm-20/include/llvm/MC/TargetRegistry.h:462:12
    #11 0x55ca9163a09e in tsc::TargetRegistry::initializeAllTargets() /workspace/src/TargetRegistry.cpp:67:41
    #12 0x55ca9162bdcd in tsc::Compiler::initializeLLVM() /workspace/src/Compiler.cpp:349:14
    #13 0x55ca9162b8b7 in tsc::Compiler::Compiler(tsc::CompilerOptions const&) /workspace/src/Compiler.cpp:24:5
    #14 0x55ca915fd7b5 in main /workspace/src/main.cpp:191:18
    #15 0x7ff5c395a337  (/lib/x86_64-linux-gnu/libc.so.6+0x2a337) (BuildId: 467f544f15035abef911999cbc14489edd0555ab)
    #16 0x7ff5c395a3fa in __libc_start_main (/lib/x86_64-linux-gnu/libc.so.6+0x2a3fa) (BuildId: 467f544f15035abef911999cbc14489edd0555ab)
    #17 0x55ca91511b64 in _start (/workspace/build-asan/tsc+0x74b64) (BuildId: 73a10d7cc646a755f705b0ae57418e68578aec2f)

Indirect leak of 720 byte(s) in 2 object(s) allocated from:
    #0 0x55ca915b5858 in malloc (/workspace/build-asan/tsc+0x118858) (BuildId: 73a10d7cc646a755f705b0ae57418e68578aec2f)
    #1 0x7ff5c4ec87d6 in llvm::SmallVectorBase<unsigned int>::mallocForGrow(void*, unsigned long, unsigned long, unsigned long&) (/usr/lib/llvm-20/lib/libLLVM.so.20.1+0xfac7d6) (BuildId: b856c61f98abf0989f157f153740fe0fadfbb760)
    #2 0x7ff5c6f39a5c  (/usr/lib/llvm-20/lib/libLLVM.so.20.1+0x301da5c) (BuildId: b856c61f98abf0989f157f153740fe0fadfbb760)
    #3 0x7ff5c6f39a01  (/usr/lib/llvm-20/lib/libLLVM.so.20.1+0x301da01) (BuildId: b856c61f98abf0989f157f153740fe0fadfbb760)
    #4 0x7ff5c6f39cfe  (/usr/lib/llvm-20/lib/libLLVM.so.20.1+0x301dcfe) (BuildId: b856c61f98abf0989f157f153740fe0fadfbb760)
    #5 0x7ff5c6f34f81  (/usr/lib/llvm-20/lib/libLLVM.so.20.1+0x3018f81) (BuildId: b856c61f98abf0989f157f153740fe0fadfbb760)
    #6 0x7ff5c7b285ef  (/usr/lib/llvm-20/lib/libLLVM.so.20.1+0x3c0c5ef) (BuildId: b856c61f98abf0989f157f153740fe0fadfbb760)
    #7 0x7ff5c7b6091a  (/usr/lib/llvm-20/lib/libLLVM.so.20.1+0x3c4491a) (BuildId: b856c61f98abf0989f157f153740fe0fadfbb760)
    #8 0x7ff5c7b6188a  (/usr/lib/llvm-20/lib/libLLVM.so.20.1+0x3c4588a) (BuildId: b856c61f98abf0989f157f153740fe0fadfbb760)
    #9 0x7ff5c7b62a6c  (/usr/lib/llvm-20/lib/libLLVM.so.20.1+0x3c46a6c) (BuildId: b856c61f98abf0989f157f153740fe0fadfbb760)
    #10 0x55ca91648523 in llvm::Target::createTargetMachine(llvm::StringRef, llvm::StringRef, llvm::StringRef, llvm::TargetOptions const&, std::optional<llvm::Reloc::Model>, std::optional<llvm::CodeModel::Model>, llvm::CodeGenOptLevel, bool) const /usr/lib/llvm-20/include/llvm/MC/TargetRegistry.h:462:12
    #11 0x55ca9163a09e in tsc::TargetRegistry::initializeAllTargets() /workspace/src/TargetRegistry.cpp:67:41
    #12 0x55ca9162bdcd in tsc::Compiler::initializeLLVM() /workspace/src/Compiler.cpp:349:14
    #13 0x55ca9162b8b7 in tsc::Compiler::Compiler(tsc::CompilerOptions const&) /workspace/src/Compiler.cpp:24:5
    #14 0x55ca915fd7b5 in main /workspace/src/main.cpp:191:18
    #15 0x7ff5c395a337  (/lib/x86_64-linux-gnu/libc.so.6+0x2a337) (BuildId: 467f544f15035abef911999cbc14489edd0555ab)
    #16 0x7ff5c395a3fa in __libc_start_main (/lib/x86_64-linux-gnu/libc.so.6+0x2a3fa) (BuildId: 467f544f15035abef911999cbc14489edd0555ab)
    #17 0x55ca91511b64 in _start (/workspace/build-asan/tsc+0x74b64) (BuildId: 73a10d7cc646a755f705b0ae57418e68578aec2f)

Indirect leak of 720 byte(s) in 2 object(s) allocated from:
    #0 0x55ca915b5858 in malloc (/workspace/build-asan/tsc+0x118858) (BuildId: 73a10d7cc646a755f705b0ae57418e68578aec2f)
    #1 0x7ff5c4ec87d6 in llvm::SmallVectorBase<unsigned int>::mallocForGrow(void*, unsigned long, unsigned long, unsigned long&) (/usr/lib/llvm-20/lib/libLLVM.so.20.1+0xfac7d6) (BuildId: b856c61f98abf0989f157f153740fe0fadfbb760)
    #2 0x7ff5c6f39a5c  (/usr/lib/llvm-20/lib/libLLVM.so.20.1+0x301da5c) (BuildId: b856c61f98abf0989f157f153740fe0fadfbb760)
    #3 0x7ff5c6f39a01  (/usr/lib/llvm-20/lib/libLLVM.so.20.1+0x301da01) (BuildId: b856c61f98abf0989f157f153740fe0fadfbb760)
    #4 0x7ff5c6f39cfe  (/usr/lib/llvm-20/lib/libLLVM.so.20.1+0x301dcfe) (BuildId: b856c61f98abf0989f157f153740fe0fadfbb760)
    #5 0x7ff5c6f34f81  (/usr/lib/llvm-20/lib/libLLVM.so.20.1+0x3018f81) (BuildId: b856c61f98abf0989f157f153740fe0fadfbb760)
    #6 0x7ff5c7b297d1  (/usr/lib/llvm-20/lib/libLLVM.so.20.1+0x3c0d7d1) (BuildId: b856c61f98abf0989f157f153740fe0fadfbb760)
    #7 0x7ff5c7b6091a  (/usr/lib/llvm-20/lib/libLLVM.so.20.1+0x3c4491a) (BuildId: b856c61f98abf0989f157f153740fe0fadfbb760)
    #8 0x7ff5c7b61710  (/usr/lib/llvm-20/lib/libLLVM.so.20.1+0x3c45710) (BuildId: b856c61f98abf0989f157f153740fe0fadfbb760)
    #9 0x7ff5c7b62b2c  (/usr/lib/llvm-20/lib/libLLVM.so.20.1+0x3c46b2c) (BuildId: b856c61f98abf0989f157f153740fe0fadfbb760)
    #10 0x55ca91648523 in llvm::Target::createTargetMachine(llvm::StringRef, llvm::StringRef, llvm::StringRef, llvm::TargetOptions const&, std::optional<llvm::Reloc::Model>, std::optional<llvm::CodeModel::Model>, llvm::CodeGenOptLevel, bool) const /usr/lib/llvm-20/include/llvm/MC/TargetRegistry.h:462:12
    #11 0x55ca9163a09e in tsc::TargetRegistry::initializeAllTargets() /workspace/src/TargetRegistry.cpp:67:41
    #12 0x55ca9162bdcd in tsc::Compiler::initializeLLVM() /workspace/src/Compiler.cpp:349:14
    #13 0x55ca9162b8b7 in tsc::Compiler::Compiler(tsc::CompilerOptions const&) /workspace/src/Compiler.cpp:24:5
    #14 0x55ca915fd7b5 in main /workspace/src/main.cpp:191:18
    #15 0x7ff5c395a337  (/lib/x86_64-linux-gnu/libc.so.6+0x2a337) (BuildId: 467f544f15035abef911999cbc14489edd0555ab)
    #16 0x7ff5c395a3fa in __libc_start_main (/lib/x86_64-linux-gnu/libc.so.6+0x2a3fa) (BuildId: 467f544f15035abef911999cbc14489edd0555ab)
    #17 0x55ca91511b64 in _start (/workspace/build-asan/tsc+0x74b64) (BuildId: 73a10d7cc646a755f705b0ae57418e68578aec2f)

Indirect leak of 720 byte(s) in 2 object(s) allocated from:
    #0 0x55ca915b5858 in malloc (/workspace/build-asan/tsc+0x118858) (BuildId: 73a10d7cc646a755f705b0ae57418e68578aec2f)
    #1 0x7ff5c4ec87d6 in llvm::SmallVectorBase<unsigned int>::mallocForGrow(void*, unsigned long, unsigned long, unsigned long&) (/usr/lib/llvm-20/lib/libLLVM.so.20.1+0xfac7d6) (BuildId: b856c61f98abf0989f157f153740fe0fadfbb760)
    #2 0x7ff5c6f39a5c  (/usr/lib/llvm-20/lib/libLLVM.so.20.1+0x301da5c) (BuildId: b856c61f98abf0989f157f153740fe0fadfbb760)
    #3 0x7ff5c6f39a01  (/usr/lib/llvm-20/lib/libLLVM.so.20.1+0x301da01) (BuildId: b856c61f98abf0989f157f153740fe0fadfbb760)
    #4 0x7ff5c6f39cfe  (/usr/lib/llvm-20/lib/libLLVM.so.20.1+0x301dcfe) (BuildId: b856c61f98abf0989f157f153740fe0fadfbb760)
    #5 0x7ff5c6f34f81  (/usr/lib/llvm-20/lib/libLLVM.so.20.1+0x3018f81) (BuildId: b856c61f98abf0989f157f153740fe0fadfbb760)
    #6 0x7ff5c7b29261  (/usr/lib/llvm-20/lib/libLLVM.so.20.1+0x3c0d261) (BuildId: b856c61f98abf0989f157f153740fe0fadfbb760)
    #7 0x7ff5c7b6091a  (/usr/lib/llvm-20/lib/libLLVM.so.20.1+0x3c4491a) (BuildId: b856c61f98abf0989f157f153740fe0fadfbb760)
    #8 0x7ff5c7b61710  (/usr/lib/llvm-20/lib/libLLVM.so.20.1+0x3c45710) (BuildId: b856c61f98abf0989f157f153740fe0fadfbb760)
    #9 0x7ff5c7b62a6c  (/usr/lib/llvm-20/lib/libLLVM.so.20.1+0x3c46a6c) (BuildId: b856c61f98abf0989f157f153740fe0fadfbb760)
    #10 0x55ca91648523 in llvm::Target::createTargetMachine(llvm::StringRef, llvm::StringRef, llvm::StringRef, llvm::TargetOptions const&, std::optional<llvm::Reloc::Model>, std::optional<llvm::CodeModel::Model>, llvm::CodeGenOptLevel, bool) const /usr/lib/llvm-20/include/llvm/MC/TargetRegistry.h:462:12
    #11 0x55ca9163a09e in tsc::TargetRegistry::initializeAllTargets() /workspace/src/TargetRegistry.cpp:67:41
    #12 0x55ca9162bdcd in tsc::Compiler::initializeLLVM() /workspace/src/Compiler.cpp:349:14
    #13 0x55ca9162b8b7 in tsc::Compiler::Compiler(tsc::CompilerOptions const&) /workspace/src/Compiler.cpp:24:5
    #14 0x55ca915fd7b5 in main /workspace/src/main.cpp:191:18
    #15 0x7ff5c395a337  (/lib/x86_64-linux-gnu/libc.so.6+0x2a337) (BuildId: 467f544f15035abef911999cbc14489edd0555ab)
    #16 0x7ff5c395a3fa in __libc_start_main (/lib/x86_64-linux-gnu/libc.so.6+0x2a3fa) (BuildId: 467f544f15035abef911999cbc14489edd0555ab)
    #17 0x55ca91511b64 in _start (/workspace/build-asan/tsc+0x74b64) (BuildId: 73a10d7cc646a755f705b0ae57418e68578aec2f)

Indirect leak of 720 byte(s) in 2 object(s) allocated from:
    #0 0x55ca915b5858 in malloc (/workspace/build-asan/tsc+0x118858) (BuildId: 73a10d7cc646a755f705b0ae57418e68578aec2f)
    #1 0x7ff5c4ec87d6 in llvm::SmallVectorBase<unsigned int>::mallocForGrow(void*, unsigned long, unsigned long, unsigned long&) (/usr/lib/llvm-20/lib/libLLVM.so.20.1+0xfac7d6) (BuildId: b856c61f98abf0989f157f153740fe0fadfbb760)
    #2 0x7ff5c6f39a5c  (/usr/lib/llvm-20/lib/libLLVM.so.20.1+0x301da5c) (BuildId: b856c61f98abf0989f157f153740fe0fadfbb760)
    #3 0x7ff5c6f39a01  (/usr/lib/llvm-20/lib/libLLVM.so.20.1+0x301da01) (BuildId: b856c61f98abf0989f157f153740fe0fadfbb760)
    #4 0x7ff5c6f39cfe  (/usr/lib/llvm-20/lib/libLLVM.so.20.1+0x301dcfe) (BuildId: b856c61f98abf0989f157f153740fe0fadfbb760)
    #5 0x7ff5c6f34781  (/usr/lib/llvm-20/lib/libLLVM.so.20.1+0x3018781) (BuildId: b856c61f98abf0989f157f153740fe0fadfbb760)
    #6 0x7ff5c7b28924  (/usr/lib/llvm-20/lib/libLLVM.so.20.1+0x3c0c924) (BuildId: b856c61f98abf0989f157f153740fe0fadfbb760)
    #7 0x7ff5c7b6091a  (/usr/lib/llvm-20/lib/libLLVM.so.20.1+0x3c4491a) (BuildId: b856c61f98abf0989f157f153740fe0fadfbb760)
    #8 0x7ff5c7b61710  (/usr/lib/llvm-20/lib/libLLVM.so.20.1+0x3c45710) (BuildId: b856c61f98abf0989f157f153740fe0fadfbb760)
    #9 0x7ff5c7b62b2c  (/usr/lib/llvm-20/lib/libLLVM.so.20.1+0x3c46b2c) (BuildId: b856c61f98abf0989f157f153740fe0fadfbb760)
    #10 0x55ca91648523 in llvm::Target::createTargetMachine(llvm::StringRef, llvm::StringRef, llvm::StringRef, llvm::TargetOptions const&, std::optional<llvm::Reloc::Model>, std::optional<llvm::CodeModel::Model>, llvm::CodeGenOptLevel, bool) const /usr/lib/llvm-20/include/llvm/MC/TargetRegistry.h:462:12
    #11 0x55ca9163a09e in tsc::TargetRegistry::initializeAllTargets() /workspace/src/TargetRegistry.cpp:67:41
    #12 0x55ca9162bdcd in tsc::Compiler::initializeLLVM() /workspace/src/Compiler.cpp:349:14
    #13 0x55ca9162b8b7 in tsc::Compiler::Compiler(tsc::CompilerOptions const&) /workspace/src/Compiler.cpp:24:5
    #14 0x55ca915fd7b5 in main /workspace/src/main.cpp:191:18
    #15 0x7ff5c395a337  (/lib/x86_64-linux-gnu/libc.so.6+0x2a337) (BuildId: 467f544f15035abef911999cbc14489edd0555ab)
    #16 0x7ff5c395a3fa in __libc_start_main (/lib/x86_64-linux-gnu/libc.so.6+0x2a3fa) (BuildId: 467f544f15035abef911999cbc14489edd0555ab)
    #17 0x55ca91511b64 in _start (/workspace/build-asan/tsc+0x74b64) (BuildId: 73a10d7cc646a755f705b0ae57418e68578aec2f)

Indirect leak of 696 byte(s) in 3 object(s) allocated from:
    #0 0x55ca915fa191 in operator new(unsigned long) (/workspace/build-asan/tsc+0x15d191) (BuildId: 73a10d7cc646a755f705b0ae57418e68578aec2f)
    #1 0x7ff5c7f9b371  (/usr/lib/llvm-20/lib/libLLVM.so.20.1+0x407f371) (BuildId: b856c61f98abf0989f157f153740fe0fadfbb760)
    #2 0x7ff5c52d06be in llvm::CodeGenTargetMachineImpl::initAsmInfo() (/usr/lib/llvm-20/lib/libLLVM.so.20.1+0x13b46be) (BuildId: b856c61f98abf0989f157f153740fe0fadfbb760)
    #3 0x7ff5c7f83cc9  (/usr/lib/llvm-20/lib/libLLVM.so.20.1+0x4067cc9) (BuildId: b856c61f98abf0989f157f153740fe0fadfbb760)
    #4 0x7ff5c7f8526a  (/usr/lib/llvm-20/lib/libLLVM.so.20.1+0x406926a) (BuildId: b856c61f98abf0989f157f153740fe0fadfbb760)
    #5 0x55ca91648523 in llvm::Target::createTargetMachine(llvm::StringRef, llvm::StringRef, llvm::StringRef, llvm::TargetOptions const&, std::optional<llvm::Reloc::Model>, std::optional<llvm::CodeModel::Model>, llvm::CodeGenOptLevel, bool) const /usr/lib/llvm-20/include/llvm/MC/TargetRegistry.h:462:12
    #6 0x55ca9163a09e in tsc::TargetRegistry::initializeAllTargets() /workspace/src/TargetRegistry.cpp:67:41
    #7 0x55ca9162bdcd in tsc::Compiler::initializeLLVM() /workspace/src/Compiler.cpp:349:14
    #8 0x55ca9162b8b7 in tsc::Compiler::Compiler(tsc::CompilerOptions const&) /workspace/src/Compiler.cpp:24:5
    #9 0x55ca915fd7b5 in main /workspace/src/main.cpp:191:18
    #10 0x7ff5c395a337  (/lib/x86_64-linux-gnu/libc.so.6+0x2a337) (BuildId: 467f544f15035abef911999cbc14489edd0555ab)
    #11 0x7ff5c395a3fa in __libc_start_main (/lib/x86_64-linux-gnu/libc.so.6+0x2a3fa) (BuildId: 467f544f15035abef911999cbc14489edd0555ab)
    #12 0x55ca91511b64 in _start (/workspace/build-asan/tsc+0x74b64) (BuildId: 73a10d7cc646a755f705b0ae57418e68578aec2f)

Indirect leak of 696 byte(s) in 3 object(s) allocated from:
    #0 0x55ca915fa191 in operator new(unsigned long) (/workspace/build-asan/tsc+0x15d191) (BuildId: 73a10d7cc646a755f705b0ae57418e68578aec2f)
    #1 0x7ff5c78ccea3  (/usr/lib/llvm-20/lib/libLLVM.so.20.1+0x39b0ea3) (BuildId: b856c61f98abf0989f157f153740fe0fadfbb760)
    #2 0x7ff5c52d06be in llvm::CodeGenTargetMachineImpl::initAsmInfo() (/usr/lib/llvm-20/lib/libLLVM.so.20.1+0x13b46be) (BuildId: b856c61f98abf0989f157f153740fe0fadfbb760)
    #3 0x7ff5c78a4a11  (/usr/lib/llvm-20/lib/libLLVM.so.20.1+0x3988a11) (BuildId: b856c61f98abf0989f157f153740fe0fadfbb760)
    #4 0x7ff5c78a5f8a  (/usr/lib/llvm-20/lib/libLLVM.so.20.1+0x3989f8a) (BuildId: b856c61f98abf0989f157f153740fe0fadfbb760)
    #5 0x55ca91648523 in llvm::Target::createTargetMachine(llvm::StringRef, llvm::StringRef, llvm::StringRef, llvm::TargetOptions const&, std::optional<llvm::Reloc::Model>, std::optional<llvm::CodeModel::Model>, llvm::CodeGenOptLevel, bool) const /usr/lib/llvm-20/include/llvm/MC/TargetRegistry.h:462:12
    #6 0x55ca9163a09e in tsc::TargetRegistry::initializeAllTargets() /workspace/src/TargetRegistry.cpp:67:41
    #7 0x55ca9162bdcd in tsc::Compiler::initializeLLVM() /workspace/src/Compiler.cpp:349:14
    #8 0x55ca9162b8b7 in tsc::Compiler::Compiler(tsc::CompilerOptions const&) /workspace/src/Compiler.cpp:24:5
    #9 0x55ca915fd7b5 in main /workspace/src/main.cpp:191:18
    #10 0x7ff5c395a337  (/lib/x86_64-linux-gnu/libc.so.6+0x2a337) (BuildId: 467f544f15035abef911999cbc14489edd0555ab)
    #11 0x7ff5c395a3fa in __libc_start_main (/lib/x86_64-linux-gnu/libc.so.6+0x2a3fa) (BuildId: 467f544f15035abef911999cbc14489edd0555ab)
    #12 0x55ca91511b64 in _start (/workspace/build-asan/tsc+0x74b64) (BuildId: 73a10d7cc646a755f705b0ae57418e68578aec2f)

Indirect leak of 608 byte(s) in 2 object(s) allocated from:
    #0 0x55ca915fa191 in operator new(unsigned long) (/workspace/build-asan/tsc+0x15d191) (BuildId: 73a10d7cc646a755f705b0ae57418e68578aec2f)
    #1 0x7ff5c785363c  (/usr/lib/llvm-20/lib/libLLVM.so.20.1+0x393763c) (BuildId: b856c61f98abf0989f157f153740fe0fadfbb760)
    #2 0x7ff5c52d0793 in llvm::CodeGenTargetMachineImpl::initAsmInfo() (/usr/lib/llvm-20/lib/libLLVM.so.20.1+0x13b4793) (BuildId: b856c61f98abf0989f157f153740fe0fadfbb760)
    #3 0x7ff5c778f4cf  (/usr/lib/llvm-20/lib/libLLVM.so.20.1+0x38734cf) (BuildId: b856c61f98abf0989f157f153740fe0fadfbb760)
    #4 0x7ff5c77914e4  (/usr/lib/llvm-20/lib/libLLVM.so.20.1+0x38754e4) (BuildId: b856c61f98abf0989f157f153740fe0fadfbb760)
    #5 0x55ca91648523 in llvm::Target::createTargetMachine(llvm::StringRef, llvm::StringRef, llvm::StringRef, llvm::TargetOptions const&, std::optional<llvm::Reloc::Model>, std::optional<llvm::CodeModel::Model>, llvm::CodeGenOptLevel, bool) const /usr/lib/llvm-20/include/llvm/MC/TargetRegistry.h:462:12
    #6 0x55ca9163a09e in tsc::TargetRegistry::initializeAllTargets() /workspace/src/TargetRegistry.cpp:67:41
    #7 0x55ca9162bdcd in tsc::Compiler::initializeLLVM() /workspace/src/Compiler.cpp:349:14
    #8 0x55ca9162b8b7 in tsc::Compiler::Compiler(tsc::CompilerOptions const&) /workspace/src/Compiler.cpp:24:5
    #9 0x55ca915fd7b5 in main /workspace/src/main.cpp:191:18
    #10 0x7ff5c395a337  (/lib/x86_64-linux-gnu/libc.so.6+0x2a337) (BuildId: 467f544f15035abef911999cbc14489edd0555ab)
    #11 0x7ff5c395a3fa in __libc_start_main (/lib/x86_64-linux-gnu/libc.so.6+0x2a3fa) (BuildId: 467f544f15035abef911999cbc14489edd0555ab)
    #12 0x55ca91511b64 in _start (/workspace/build-asan/tsc+0x74b64) (BuildId: 73a10d7cc646a755f705b0ae57418e68578aec2f)

Indirect leak of 608 byte(s) in 2 object(s) allocated from:
    #0 0x55ca915fa191 in operator new(unsigned long) (/workspace/build-asan/tsc+0x15d191) (BuildId: 73a10d7cc646a755f705b0ae57418e68578aec2f)
    #1 0x7ff5c7bad327  (/usr/lib/llvm-20/lib/libLLVM.so.20.1+0x3c91327) (BuildId: b856c61f98abf0989f157f153740fe0fadfbb760)
    #2 0x7ff5c52d0793 in llvm::CodeGenTargetMachineImpl::initAsmInfo() (/usr/lib/llvm-20/lib/libLLVM.so.20.1+0x13b4793) (BuildId: b856c61f98abf0989f157f153740fe0fadfbb760)
    #3 0x7ff5c7b61a81  (/usr/lib/llvm-20/lib/libLLVM.so.20.1+0x3c45a81) (BuildId: b856c61f98abf0989f157f153740fe0fadfbb760)
    #4 0x7ff5c7b62a6c  (/usr/lib/llvm-20/lib/libLLVM.so.20.1+0x3c46a6c) (BuildId: b856c61f98abf0989f157f153740fe0fadfbb760)
    #5 0x55ca91648523 in llvm::Target::createTargetMachine(llvm::StringRef, llvm::StringRef, llvm::StringRef, llvm::TargetOptions const&, std::optional<llvm::Reloc::Model>, std::optional<llvm::CodeModel::Model>, llvm::CodeGenOptLevel, bool) const /usr/lib/llvm-20/include/llvm/MC/TargetRegistry.h:462:12
    #6 0x55ca9163a09e in tsc::TargetRegistry::initializeAllTargets() /workspace/src/TargetRegistry.cpp:67:41
    #7 0x55ca9162bdcd in tsc::Compiler::initializeLLVM() /workspace/src/Compiler.cpp:349:14
    #8 0x55ca9162b8b7 in tsc::Compiler::Compiler(tsc::CompilerOptions const&) /workspace/src/Compiler.cpp:24:5
    #9 0x55ca915fd7b5 in main /workspace/src/main.cpp:191:18
    #10 0x7ff5c395a337  (/lib/x86_64-linux-gnu/libc.so.6+0x2a337) (BuildId: 467f544f15035abef911999cbc14489edd0555ab)
    #11 0x7ff5c395a3fa in __libc_start_main (/lib/x86_64-linux-gnu/libc.so.6+0x2a3fa) (BuildId: 467f544f15035abef911999cbc14489edd0555ab)
    #12 0x55ca91511b64 in _start (/workspace/build-asan/tsc+0x74b64) (BuildId: 73a10d7cc646a755f705b0ae57418e68578aec2f)

Indirect leak of 608 byte(s) in 2 object(s) allocated from:
    #0 0x55ca915fa191 in operator new(unsigned long) (/workspace/build-asan/tsc+0x15d191) (BuildId: 73a10d7cc646a755f705b0ae57418e68578aec2f)
    #1 0x7ff5c7bad327  (/usr/lib/llvm-20/lib/libLLVM.so.20.1+0x3c91327) (BuildId: b856c61f98abf0989f157f153740fe0fadfbb760)
    #2 0x7ff5c52d0793 in llvm::CodeGenTargetMachineImpl::initAsmInfo() (/usr/lib/llvm-20/lib/libLLVM.so.20.1+0x13b4793) (BuildId: b856c61f98abf0989f157f153740fe0fadfbb760)
    #3 0x7ff5c7b61a81  (/usr/lib/llvm-20/lib/libLLVM.so.20.1+0x3c45a81) (BuildId: b856c61f98abf0989f157f153740fe0fadfbb760)
    #4 0x7ff5c7b62b2c  (/usr/lib/llvm-20/lib/libLLVM.so.20.1+0x3c46b2c) (BuildId: b856c61f98abf0989f157f153740fe0fadfbb760)
    #5 0x55ca91648523 in llvm::Target::createTargetMachine(llvm::StringRef, llvm::StringRef, llvm::StringRef, llvm::TargetOptions const&, std::optional<llvm::Reloc::Model>, std::optional<llvm::CodeModel::Model>, llvm::CodeGenOptLevel, bool) const /usr/lib/llvm-20/include/llvm/MC/TargetRegistry.h:462:12
    #6 0x55ca9163a09e in tsc::TargetRegistry::initializeAllTargets() /workspace/src/TargetRegistry.cpp:67:41
    #7 0x55ca9162bdcd in tsc::Compiler::initializeLLVM() /workspace/src/Compiler.cpp:349:14
    #8 0x55ca9162b8b7 in tsc::Compiler::Compiler(tsc::CompilerOptions const&) /workspace/src/Compiler.cpp:24:5
    #9 0x55ca915fd7b5 in main /workspace/src/main.cpp:191:18
    #10 0x7ff5c395a337  (/lib/x86_64-linux-gnu/libc.so.6+0x2a337) (BuildId: 467f544f15035abef911999cbc14489edd0555ab)
    #11 0x7ff5c395a3fa in __libc_start_main (/lib/x86_64-linux-gnu/libc.so.6+0x2a3fa) (BuildId: 467f544f15035abef911999cbc14489edd0555ab)
    #12 0x55ca91511b64 in _start (/workspace/build-asan/tsc+0x74b64) (BuildId: 73a10d7cc646a755f705b0ae57418e68578aec2f)

Indirect leak of 608 byte(s) in 2 object(s) allocated from:
    #0 0x55ca915fa191 in operator new(unsigned long) (/workspace/build-asan/tsc+0x15d191) (BuildId: 73a10d7cc646a755f705b0ae57418e68578aec2f)
    #1 0x7ff5c7ac971d  (/usr/lib/llvm-20/lib/libLLVM.so.20.1+0x3bad71d) (BuildId: b856c61f98abf0989f157f153740fe0fadfbb760)
    #2 0x7ff5c52d0793 in llvm::CodeGenTargetMachineImpl::initAsmInfo() (/usr/lib/llvm-20/lib/libLLVM.so.20.1+0x13b4793) (BuildId: b856c61f98abf0989f157f153740fe0fadfbb760)
    #3 0x7ff5c7aa6971  (/usr/lib/llvm-20/lib/libLLVM.so.20.1+0x3b8a971) (BuildId: b856c61f98abf0989f157f153740fe0fadfbb760)
    #4 0x7ff5c7aa76ca  (/usr/lib/llvm-20/lib/libLLVM.so.20.1+0x3b8b6ca) (BuildId: b856c61f98abf0989f157f153740fe0fadfbb760)
    #5 0x55ca91648523 in llvm::Target::createTargetMachine(llvm::StringRef, llvm::StringRef, llvm::StringRef, llvm::TargetOptions const&, std::optional<llvm::Reloc::Model>, std::optional<llvm::CodeModel::Model>, llvm::CodeGenOptLevel, bool) const /usr/lib/llvm-20/include/llvm/MC/TargetRegistry.h:462:12
    #6 0x55ca9163a09e in tsc::TargetRegistry::initializeAllTargets() /workspace/src/TargetRegistry.cpp:67:41
    #7 0x55ca9162bdcd in tsc::Compiler::initializeLLVM() /workspace/src/Compiler.cpp:349:14
    #8 0x55ca9162b8b7 in tsc::Compiler::Compiler(tsc::CompilerOptions const&) /workspace/src/Compiler.cpp:24:5
    #9 0x55ca915fd7b5 in main /workspace/src/main.cpp:191:18
    #10 0x7ff5c395a337  (/lib/x86_64-linux-gnu/libc.so.6+0x2a337) (BuildId: 467f544f15035abef911999cbc14489edd0555ab)
    #11 0x7ff5c395a3fa in __libc_start_main (/lib/x86_64-linux-gnu/libc.so.6+0x2a3fa) (BuildId: 467f544f15035abef911999cbc14489edd0555ab)
    #12 0x55ca91511b64 in _start (/workspace/build-asan/tsc+0x74b64) (BuildId: 73a10d7cc646a755f705b0ae57418e68578aec2f)

Indirect leak of 608 byte(s) in 2 object(s) allocated from:
    #0 0x55ca915fa191 in operator new(unsigned long) (/workspace/build-asan/tsc+0x15d191) (BuildId: 73a10d7cc646a755f705b0ae57418e68578aec2f)
    #1 0x7ff5c785363c  (/usr/lib/llvm-20/lib/libLLVM.so.20.1+0x393763c) (BuildId: b856c61f98abf0989f157f153740fe0fadfbb760)
    #2 0x7ff5c52d0793 in llvm::CodeGenTargetMachineImpl::initAsmInfo() (/usr/lib/llvm-20/lib/libLLVM.so.20.1+0x13b4793) (BuildId: b856c61f98abf0989f157f153740fe0fadfbb760)
    #3 0x7ff5c778f4cf  (/usr/lib/llvm-20/lib/libLLVM.so.20.1+0x38734cf) (BuildId: b856c61f98abf0989f157f153740fe0fadfbb760)
    #4 0x7ff5c77915a4  (/usr/lib/llvm-20/lib/libLLVM.so.20.1+0x38755a4) (BuildId: b856c61f98abf0989f157f153740fe0fadfbb760)
    #5 0x55ca91648523 in llvm::Target::createTargetMachine(llvm::StringRef, llvm::StringRef, llvm::StringRef, llvm::TargetOptions const&, std::optional<llvm::Reloc::Model>, std::optional<llvm::CodeModel::Model>, llvm::CodeGenOptLevel, bool) const /usr/lib/llvm-20/include/llvm/MC/TargetRegistry.h:462:12
    #6 0x55ca9163a09e in tsc::TargetRegistry::initializeAllTargets() /workspace/src/TargetRegistry.cpp:67:41
    #7 0x55ca9162bdcd in tsc::Compiler::initializeLLVM() /workspace/src/Compiler.cpp:349:14
    #8 0x55ca9162b8b7 in tsc::Compiler::Compiler(tsc::CompilerOptions const&) /workspace/src/Compiler.cpp:24:5
    #9 0x55ca915fd7b5 in main /workspace/src/main.cpp:191:18
    #10 0x7ff5c395a337  (/lib/x86_64-linux-gnu/libc.so.6+0x2a337) (BuildId: 467f544f15035abef911999cbc14489edd0555ab)
    #11 0x7ff5c395a3fa in __libc_start_main (/lib/x86_64-linux-gnu/libc.so.6+0x2a3fa) (BuildId: 467f544f15035abef911999cbc14489edd0555ab)
    #12 0x55ca91511b64 in _start (/workspace/build-asan/tsc+0x74b64) (BuildId: 73a10d7cc646a755f705b0ae57418e68578aec2f)

Indirect leak of 608 byte(s) in 2 object(s) allocated from:
    #0 0x55ca915fa191 in operator new(unsigned long) (/workspace/build-asan/tsc+0x15d191) (BuildId: 73a10d7cc646a755f705b0ae57418e68578aec2f)
    #1 0x7ff5c80f7d9d  (/usr/lib/llvm-20/lib/libLLVM.so.20.1+0x41dbd9d) (BuildId: b856c61f98abf0989f157f153740fe0fadfbb760)
    #2 0x7ff5c52d0793 in llvm::CodeGenTargetMachineImpl::initAsmInfo() (/usr/lib/llvm-20/lib/libLLVM.so.20.1+0x13b4793) (BuildId: b856c61f98abf0989f157f153740fe0fadfbb760)
    #3 0x7ff5c80d8f3a  (/usr/lib/llvm-20/lib/libLLVM.so.20.1+0x41bcf3a) (BuildId: b856c61f98abf0989f157f153740fe0fadfbb760)
    #4 0x55ca91648523 in llvm::Target::createTargetMachine(llvm::StringRef, llvm::StringRef, llvm::StringRef, llvm::TargetOptions const&, std::optional<llvm::Reloc::Model>, std::optional<llvm::CodeModel::Model>, llvm::CodeGenOptLevel, bool) const /usr/lib/llvm-20/include/llvm/MC/TargetRegistry.h:462:12
    #5 0x55ca9163a09e in tsc::TargetRegistry::initializeAllTargets() /workspace/src/TargetRegistry.cpp:67:41
    #6 0x55ca9162bdcd in tsc::Compiler::initializeLLVM() /workspace/src/Compiler.cpp:349:14
    #7 0x55ca9162b8b7 in tsc::Compiler::Compiler(tsc::CompilerOptions const&) /workspace/src/Compiler.cpp:24:5
    #8 0x55ca915fd7b5 in main /workspace/src/main.cpp:191:18
    #9 0x7ff5c395a337  (/lib/x86_64-linux-gnu/libc.so.6+0x2a337) (BuildId: 467f544f15035abef911999cbc14489edd0555ab)
    #10 0x7ff5c395a3fa in __libc_start_main (/lib/x86_64-linux-gnu/libc.so.6+0x2a3fa) (BuildId: 467f544f15035abef911999cbc14489edd0555ab)
    #11 0x55ca91511b64 in _start (/workspace/build-asan/tsc+0x74b64) (BuildId: 73a10d7cc646a755f705b0ae57418e68578aec2f)

Indirect leak of 608 byte(s) in 2 object(s) allocated from:
    #0 0x55ca915fa191 in operator new(unsigned long) (/workspace/build-asan/tsc+0x15d191) (BuildId: 73a10d7cc646a755f705b0ae57418e68578aec2f)
    #1 0x7ff5c83fabf8  (/usr/lib/llvm-20/lib/libLLVM.so.20.1+0x44debf8) (BuildId: b856c61f98abf0989f157f153740fe0fadfbb760)
    #2 0x7ff5c52d0793 in llvm::CodeGenTargetMachineImpl::initAsmInfo() (/usr/lib/llvm-20/lib/libLLVM.so.20.1+0x13b4793) (BuildId: b856c61f98abf0989f157f153740fe0fadfbb760)
    #3 0x7ff5c837bf6d  (/usr/lib/llvm-20/lib/libLLVM.so.20.1+0x445ff6d) (BuildId: b856c61f98abf0989f157f153740fe0fadfbb760)
    #4 0x7ff5c837de4d  (/usr/lib/llvm-20/lib/libLLVM.so.20.1+0x4461e4d) (BuildId: b856c61f98abf0989f157f153740fe0fadfbb760)
    #5 0x55ca91648523 in llvm::Target::createTargetMachine(llvm::StringRef, llvm::StringRef, llvm::StringRef, llvm::TargetOptions const&, std::optional<llvm::Reloc::Model>, std::optional<llvm::CodeModel::Model>, llvm::CodeGenOptLevel, bool) const /usr/lib/llvm-20/include/llvm/MC/TargetRegistry.h:462:12
    #6 0x55ca9163a09e in tsc::TargetRegistry::initializeAllTargets() /workspace/src/TargetRegistry.cpp:67:41
    #7 0x55ca9162bdcd in tsc::Compiler::initializeLLVM() /workspace/src/Compiler.cpp:349:14
    #8 0x55ca9162b8b7 in tsc::Compiler::Compiler(tsc::CompilerOptions const&) /workspace/src/Compiler.cpp:24:5
    #9 0x55ca915fd7b5 in main /workspace/src/main.cpp:191:18
    #10 0x7ff5c395a337  (/lib/x86_64-linux-gnu/libc.so.6+0x2a337) (BuildId: 467f544f15035abef911999cbc14489edd0555ab)
    #11 0x7ff5c395a3fa in __libc_start_main (/lib/x86_64-linux-gnu/libc.so.6+0x2a3fa) (BuildId: 467f544f15035abef911999cbc14489edd0555ab)
    #12 0x55ca91511b64 in _start (/workspace/build-asan/tsc+0x74b64) (BuildId: 73a10d7cc646a755f705b0ae57418e68578aec2f)

Indirect leak of 608 byte(s) in 2 object(s) allocated from:
    #0 0x55ca915fa191 in operator new(unsigned long) (/workspace/build-asan/tsc+0x15d191) (BuildId: 73a10d7cc646a755f705b0ae57418e68578aec2f)
    #1 0x7ff5c7eb212d  (/usr/lib/llvm-20/lib/libLLVM.so.20.1+0x3f9612d) (BuildId: b856c61f98abf0989f157f153740fe0fadfbb760)
    #2 0x7ff5c52d0793 in llvm::CodeGenTargetMachineImpl::initAsmInfo() (/usr/lib/llvm-20/lib/libLLVM.so.20.1+0x13b4793) (BuildId: b856c61f98abf0989f157f153740fe0fadfbb760)
    #3 0x7ff5c7e26a54  (/usr/lib/llvm-20/lib/libLLVM.so.20.1+0x3f0aa54) (BuildId: b856c61f98abf0989f157f153740fe0fadfbb760)
    #4 0x7ff5c7e295aa  (/usr/lib/llvm-20/lib/libLLVM.so.20.1+0x3f0d5aa) (BuildId: b856c61f98abf0989f157f153740fe0fadfbb760)
    #5 0x55ca91648523 in llvm::Target::createTargetMachine(llvm::StringRef, llvm::StringRef, llvm::StringRef, llvm::TargetOptions const&, std::optional<llvm::Reloc::Model>, std::optional<llvm::CodeModel::Model>, llvm::CodeGenOptLevel, bool) const /usr/lib/llvm-20/include/llvm/MC/TargetRegistry.h:462:12
    #6 0x55ca9163a09e in tsc::TargetRegistry::initializeAllTargets() /workspace/src/TargetRegistry.cpp:67:41
    #7 0x55ca9162bdcd in tsc::Compiler::initializeLLVM() /workspace/src/Compiler.cpp:349:14
    #8 0x55ca9162b8b7 in tsc::Compiler::Compiler(tsc::CompilerOptions const&) /workspace/src/Compiler.cpp:24:5
    #9 0x55ca915fd7b5 in main /workspace/src/main.cpp:191:18
    #10 0x7ff5c395a337  (/lib/x86_64-linux-gnu/libc.so.6+0x2a337) (BuildId: 467f544f15035abef911999cbc14489edd0555ab)
    #11 0x7ff5c395a3fa in __libc_start_main (/lib/x86_64-linux-gnu/libc.so.6+0x2a3fa) (BuildId: 467f544f15035abef911999cbc14489edd0555ab)
    #12 0x55ca91511b64 in _start (/workspace/build-asan/tsc+0x74b64) (BuildId: 73a10d7cc646a755f705b0ae57418e68578aec2f)

Indirect leak of 600 byte(s) in 3 object(s) allocated from:
    #0 0x55ca915b5858 in malloc (/workspace/build-asan/tsc+0x118858) (BuildId: 73a10d7cc646a755f705b0ae57418e68578aec2f)
    #1 0x7ff5c4ec89b9 in llvm::SmallVectorBase<unsigned int>::grow_pod(void*, unsigned long, unsigned long) (/usr/lib/llvm-20/lib/libLLVM.so.20.1+0xfac9b9) (BuildId: b856c61f98abf0989f157f153740fe0fadfbb760)
    #2 0x7ff5c59b6bce  (/usr/lib/llvm-20/lib/libLLVM.so.20.1+0x1a9abce) (BuildId: b856c61f98abf0989f157f153740fe0fadfbb760)
    #3 0x7ff5c59b6dcb  (/usr/lib/llvm-20/lib/libLLVM.so.20.1+0x1a9adcb) (BuildId: b856c61f98abf0989f157f153740fe0fadfbb760)
    #4 0x7ff5c6f3998b  (/usr/lib/llvm-20/lib/libLLVM.so.20.1+0x301d98b) (BuildId: b856c61f98abf0989f157f153740fe0fadfbb760)
    #5 0x7ff5c6f398a6  (/usr/lib/llvm-20/lib/libLLVM.so.20.1+0x301d8a6) (BuildId: b856c61f98abf0989f157f153740fe0fadfbb760)
    #6 0x7ff5c7f58f1c  (/usr/lib/llvm-20/lib/libLLVM.so.20.1+0x403cf1c) (BuildId: b856c61f98abf0989f157f153740fe0fadfbb760)
    #7 0x7ff5c7f81ab1  (/usr/lib/llvm-20/lib/libLLVM.so.20.1+0x4065ab1) (BuildId: b856c61f98abf0989f157f153740fe0fadfbb760)
    #8 0x7ff5c7f83c8f  (/usr/lib/llvm-20/lib/libLLVM.so.20.1+0x4067c8f) (BuildId: b856c61f98abf0989f157f153740fe0fadfbb760)
    #9 0x7ff5c7f8526a  (/usr/lib/llvm-20/lib/libLLVM.so.20.1+0x406926a) (BuildId: b856c61f98abf0989f157f153740fe0fadfbb760)
    #10 0x55ca91648523 in llvm::Target::createTargetMachine(llvm::StringRef, llvm::StringRef, llvm::StringRef, llvm::TargetOptions const&, std::optional<llvm::Reloc::Model>, std::optional<llvm::CodeModel::Model>, llvm::CodeGenOptLevel, bool) const /usr/lib/llvm-20/include/llvm/MC/TargetRegistry.h:462:12
    #11 0x55ca9163a09e in tsc::TargetRegistry::initializeAllTargets() /workspace/src/TargetRegistry.cpp:67:41
    #12 0x55ca9162bdcd in tsc::Compiler::initializeLLVM() /workspace/src/Compiler.cpp:349:14
    #13 0x55ca9162b8b7 in tsc::Compiler::Compiler(tsc::CompilerOptions const&) /workspace/src/Compiler.cpp:24:5
    #14 0x55ca915fd7b5 in main /workspace/src/main.cpp:191:18
    #15 0x7ff5c395a337  (/lib/x86_64-linux-gnu/libc.so.6+0x2a337) (BuildId: 467f544f15035abef911999cbc14489edd0555ab)
    #16 0x7ff5c395a3fa in __libc_start_main (/lib/x86_64-linux-gnu/libc.so.6+0x2a3fa) (BuildId: 467f544f15035abef911999cbc14489edd0555ab)
    #17 0x55ca91511b64 in _start (/workspace/build-asan/tsc+0x74b64) (BuildId: 73a10d7cc646a755f705b0ae57418e68578aec2f)

Indirect leak of 576 byte(s) in 3 object(s) allocated from:
    #0 0x55ca915b5858 in malloc (/workspace/build-asan/tsc+0x118858) (BuildId: 73a10d7cc646a755f705b0ae57418e68578aec2f)
    #1 0x7ff5c4ec89b9 in llvm::SmallVectorBase<unsigned int>::grow_pod(void*, unsigned long, unsigned long) (/usr/lib/llvm-20/lib/libLLVM.so.20.1+0xfac9b9) (BuildId: b856c61f98abf0989f157f153740fe0fadfbb760)
    #2 0x7ff5c59b6bce  (/usr/lib/llvm-20/lib/libLLVM.so.20.1+0x1a9abce) (BuildId: b856c61f98abf0989f157f153740fe0fadfbb760)
    #3 0x7ff5c59b6dcb  (/usr/lib/llvm-20/lib/libLLVM.so.20.1+0x1a9adcb) (BuildId: b856c61f98abf0989f157f153740fe0fadfbb760)
    #4 0x7ff5c6f3998b  (/usr/lib/llvm-20/lib/libLLVM.so.20.1+0x301d98b) (BuildId: b856c61f98abf0989f157f153740fe0fadfbb760)
    #5 0x7ff5c6f398a6  (/usr/lib/llvm-20/lib/libLLVM.so.20.1+0x301d8a6) (BuildId: b856c61f98abf0989f157f153740fe0fadfbb760)
    #6 0x7ff5c7f594ee  (/usr/lib/llvm-20/lib/libLLVM.so.20.1+0x403d4ee) (BuildId: b856c61f98abf0989f157f153740fe0fadfbb760)
    #7 0x7ff5c7f81ab1  (/usr/lib/llvm-20/lib/libLLVM.so.20.1+0x4065ab1) (BuildId: b856c61f98abf0989f157f153740fe0fadfbb760)
    #8 0x7ff5c7f83c8f  (/usr/lib/llvm-20/lib/libLLVM.so.20.1+0x4067c8f) (BuildId: b856c61f98abf0989f157f153740fe0fadfbb760)
    #9 0x7ff5c7f8526a  (/usr/lib/llvm-20/lib/libLLVM.so.20.1+0x406926a) (BuildId: b856c61f98abf0989f157f153740fe0fadfbb760)
    #10 0x55ca91648523 in llvm::Target::createTargetMachine(llvm::StringRef, llvm::StringRef, llvm::StringRef, llvm::TargetOptions const&, std::optional<llvm::Reloc::Model>, std::optional<llvm::CodeModel::Model>, llvm::CodeGenOptLevel, bool) const /usr/lib/llvm-20/include/llvm/MC/TargetRegistry.h:462:12
    #11 0x55ca9163a09e in tsc::TargetRegistry::initializeAllTargets() /workspace/src/TargetRegistry.cpp:67:41
    #12 0x55ca9162bdcd in tsc::Compiler::initializeLLVM() /workspace/src/Compiler.cpp:349:14
    #13 0x55ca9162b8b7 in tsc::Compiler::Compiler(tsc::CompilerOptions const&) /workspace/src/Compiler.cpp:24:5
    #14 0x55ca915fd7b5 in main /workspace/src/main.cpp:191:18
    #15 0x7ff5c395a337  (/lib/x86_64-linux-gnu/libc.so.6+0x2a337) (BuildId: 467f544f15035abef911999cbc14489edd0555ab)
    #16 0x7ff5c395a3fa in __libc_start_main (/lib/x86_64-linux-gnu/libc.so.6+0x2a3fa) (BuildId: 467f544f15035abef911999cbc14489edd0555ab)
    #17 0x55ca91511b64 in _start (/workspace/build-asan/tsc+0x74b64) (BuildId: 73a10d7cc646a755f705b0ae57418e68578aec2f)

Indirect leak of 576 byte(s) in 12 object(s) allocated from:
    #0 0x55ca915fa191 in operator new(unsigned long) (/workspace/build-asan/tsc+0x15d191) (BuildId: 73a10d7cc646a755f705b0ae57418e68578aec2f)
    #1 0x7ff5c55781b6  (/usr/lib/llvm-20/lib/libLLVM.so.20.1+0x165c1b6) (BuildId: b856c61f98abf0989f157f153740fe0fadfbb760)
    #2 0x7ff5c557172f in llvm::TargetLoweringBase::initActions() (/usr/lib/llvm-20/lib/libLLVM.so.20.1+0x165572f) (BuildId: b856c61f98abf0989f157f153740fe0fadfbb760)
    #3 0x7ff5c557119a in llvm::TargetLoweringBase::TargetLoweringBase(llvm::TargetMachine const&) (/usr/lib/llvm-20/lib/libLLVM.so.20.1+0x165519a) (BuildId: b856c61f98abf0989f157f153740fe0fadfbb760)
    #4 0x7ff5c584e071 in llvm::TargetLowering::TargetLowering(llvm::TargetMachine const&) (/usr/lib/llvm-20/lib/libLLVM.so.20.1+0x1932071) (BuildId: b856c61f98abf0989f157f153740fe0fadfbb760)
    #5 0x7ff5c7b0bc5f  (/usr/lib/llvm-20/lib/libLLVM.so.20.1+0x3befc5f) (BuildId: b856c61f98abf0989f157f153740fe0fadfbb760)
    #6 0x7ff5c7ad53ae  (/usr/lib/llvm-20/lib/libLLVM.so.20.1+0x3bb93ae) (BuildId: b856c61f98abf0989f157f153740fe0fadfbb760)
    #7 0x7ff5c7b5ff58  (/usr/lib/llvm-20/lib/libLLVM.so.20.1+0x3c43f58) (BuildId: b856c61f98abf0989f157f153740fe0fadfbb760)
    #8 0x7ff5c7b61a19  (/usr/lib/llvm-20/lib/libLLVM.so.20.1+0x3c45a19) (BuildId: b856c61f98abf0989f157f153740fe0fadfbb760)
    #9 0x7ff5c7b62b2c  (/usr/lib/llvm-20/lib/libLLVM.so.20.1+0x3c46b2c) (BuildId: b856c61f98abf0989f157f153740fe0fadfbb760)
    #10 0x55ca91648523 in llvm::Target::createTargetMachine(llvm::StringRef, llvm::StringRef, llvm::StringRef, llvm::TargetOptions const&, std::optional<llvm::Reloc::Model>, std::optional<llvm::CodeModel::Model>, llvm::CodeGenOptLevel, bool) const /usr/lib/llvm-20/include/llvm/MC/TargetRegistry.h:462:12
    #11 0x55ca9163a09e in tsc::TargetRegistry::initializeAllTargets() /workspace/src/TargetRegistry.cpp:67:41
    #12 0x55ca9162bdcd in tsc::Compiler::initializeLLVM() /workspace/src/Compiler.cpp:349:14
    #13 0x55ca9162b8b7 in tsc::Compiler::Compiler(tsc::CompilerOptions const&) /workspace/src/Compiler.cpp:24:5
    #14 0x55ca915fd7b5 in main /workspace/src/main.cpp:191:18
    #15 0x7ff5c395a337  (/lib/x86_64-linux-gnu/libc.so.6+0x2a337) (BuildId: 467f544f15035abef911999cbc14489edd0555ab)
    #16 0x7ff5c395a3fa in __libc_start_main (/lib/x86_64-linux-gnu/libc.so.6+0x2a3fa) (BuildId: 467f544f15035abef911999cbc14489edd0555ab)
    #17 0x55ca91511b64 in _start (/workspace/build-asan/tsc+0x74b64) (BuildId: 73a10d7cc646a755f705b0ae57418e68578aec2f)

Indirect leak of 576 byte(s) in 12 object(s) allocated from:
    #0 0x55ca915fa191 in operator new(unsigned long) (/workspace/build-asan/tsc+0x15d191) (BuildId: 73a10d7cc646a755f705b0ae57418e68578aec2f)
    #1 0x7ff5c55781b6  (/usr/lib/llvm-20/lib/libLLVM.so.20.1+0x165c1b6) (BuildId: b856c61f98abf0989f157f153740fe0fadfbb760)
    #2 0x7ff5c557172f in llvm::TargetLoweringBase::initActions() (/usr/lib/llvm-20/lib/libLLVM.so.20.1+0x165572f) (BuildId: b856c61f98abf0989f157f153740fe0fadfbb760)
    #3 0x7ff5c557119a in llvm::TargetLoweringBase::TargetLoweringBase(llvm::TargetMachine const&) (/usr/lib/llvm-20/lib/libLLVM.so.20.1+0x165519a) (BuildId: b856c61f98abf0989f157f153740fe0fadfbb760)
    #4 0x7ff5c584e071 in llvm::TargetLowering::TargetLowering(llvm::TargetMachine const&) (/usr/lib/llvm-20/lib/libLLVM.so.20.1+0x1932071) (BuildId: b856c61f98abf0989f157f153740fe0fadfbb760)
    #5 0x7ff5c7b0bc5f  (/usr/lib/llvm-20/lib/libLLVM.so.20.1+0x3befc5f) (BuildId: b856c61f98abf0989f157f153740fe0fadfbb760)
    #6 0x7ff5c7b4db99  (/usr/lib/llvm-20/lib/libLLVM.so.20.1+0x3c31b99) (BuildId: b856c61f98abf0989f157f153740fe0fadfbb760)
    #7 0x7ff5c7b4e7de  (/usr/lib/llvm-20/lib/libLLVM.so.20.1+0x3c327de) (BuildId: b856c61f98abf0989f157f153740fe0fadfbb760)
    #8 0x7ff5c7b5ff58  (/usr/lib/llvm-20/lib/libLLVM.so.20.1+0x3c43f58) (BuildId: b856c61f98abf0989f157f153740fe0fadfbb760)
    #9 0x7ff5c7b6188a  (/usr/lib/llvm-20/lib/libLLVM.so.20.1+0x3c4588a) (BuildId: b856c61f98abf0989f157f153740fe0fadfbb760)
    #10 0x7ff5c7b62a6c  (/usr/lib/llvm-20/lib/libLLVM.so.20.1+0x3c46a6c) (BuildId: b856c61f98abf0989f157f153740fe0fadfbb760)
    #11 0x55ca91648523 in llvm::Target::createTargetMachine(llvm::StringRef, llvm::StringRef, llvm::StringRef, llvm::TargetOptions const&, std::optional<llvm::Reloc::Model>, std::optional<llvm::CodeModel::Model>, llvm::CodeGenOptLevel, bool) const /usr/lib/llvm-20/include/llvm/MC/TargetRegistry.h:462:12
    #12 0x55ca9163a09e in tsc::TargetRegistry::initializeAllTargets() /workspace/src/TargetRegistry.cpp:67:41
    #13 0x55ca9162bdcd in tsc::Compiler::initializeLLVM() /workspace/src/Compiler.cpp:349:14
    #14 0x55ca9162b8b7 in tsc::Compiler::Compiler(tsc::CompilerOptions const&) /workspace/src/Compiler.cpp:24:5
    #15 0x55ca915fd7b5 in main /workspace/src/main.cpp:191:18
    #16 0x7ff5c395a337  (/lib/x86_64-linux-gnu/libc.so.6+0x2a337) (BuildId: 467f544f15035abef911999cbc14489edd0555ab)
    #17 0x7ff5c395a3fa in __libc_start_main (/lib/x86_64-linux-gnu/libc.so.6+0x2a3fa) (BuildId: 467f544f15035abef911999cbc14489edd0555ab)
    #18 0x55ca91511b64 in _start (/workspace/build-asan/tsc+0x74b64) (BuildId: 73a10d7cc646a755f705b0ae57418e68578aec2f)

Indirect leak of 576 byte(s) in 3 object(s) allocated from:
    #0 0x55ca915b5858 in malloc (/workspace/build-asan/tsc+0x118858) (BuildId: 73a10d7cc646a755f705b0ae57418e68578aec2f)
    #1 0x7ff5c4ec89b9 in llvm::SmallVectorBase<unsigned int>::grow_pod(void*, unsigned long, unsigned long) (/usr/lib/llvm-20/lib/libLLVM.so.20.1+0xfac9b9) (BuildId: b856c61f98abf0989f157f153740fe0fadfbb760)
    #2 0x7ff5c59b6bce  (/usr/lib/llvm-20/lib/libLLVM.so.20.1+0x1a9abce) (BuildId: b856c61f98abf0989f157f153740fe0fadfbb760)
    #3 0x7ff5c59b6dcb  (/usr/lib/llvm-20/lib/libLLVM.so.20.1+0x1a9adcb) (BuildId: b856c61f98abf0989f157f153740fe0fadfbb760)
    #4 0x7ff5c6f3b039  (/usr/lib/llvm-20/lib/libLLVM.so.20.1+0x301f039) (BuildId: b856c61f98abf0989f157f153740fe0fadfbb760)
    #5 0x7ff5c6f3af97  (/usr/lib/llvm-20/lib/libLLVM.so.20.1+0x301ef97) (BuildId: b856c61f98abf0989f157f153740fe0fadfbb760)
    #6 0x7ff5c6f3998b  (/usr/lib/llvm-20/lib/libLLVM.so.20.1+0x301d98b) (BuildId: b856c61f98abf0989f157f153740fe0fadfbb760)
    #7 0x7ff5c6f398a6  (/usr/lib/llvm-20/lib/libLLVM.so.20.1+0x301d8a6) (BuildId: b856c61f98abf0989f157f153740fe0fadfbb760)
    #8 0x7ff5c6f3aa71  (/usr/lib/llvm-20/lib/libLLVM.so.20.1+0x301ea71) (BuildId: b856c61f98abf0989f157f153740fe0fadfbb760)
    #9 0x7ff5c7f5a5d5  (/usr/lib/llvm-20/lib/libLLVM.so.20.1+0x403e5d5) (BuildId: b856c61f98abf0989f157f153740fe0fadfbb760)
    #10 0x7ff5c7f81ab1  (/usr/lib/llvm-20/lib/libLLVM.so.20.1+0x4065ab1) (BuildId: b856c61f98abf0989f157f153740fe0fadfbb760)
    #11 0x7ff5c7f83c8f  (/usr/lib/llvm-20/lib/libLLVM.so.20.1+0x4067c8f) (BuildId: b856c61f98abf0989f157f153740fe0fadfbb760)
    #12 0x7ff5c7f8526a  (/usr/lib/llvm-20/lib/libLLVM.so.20.1+0x406926a) (BuildId: b856c61f98abf0989f157f153740fe0fadfbb760)
    #13 0x55ca91648523 in llvm::Target::createTargetMachine(llvm::StringRef, llvm::StringRef, llvm::StringRef, llvm::TargetOptions const&, std::optional<llvm::Reloc::Model>, std::optional<llvm::CodeModel::Model>, llvm::CodeGenOptLevel, bool) const /usr/lib/llvm-20/include/llvm/MC/TargetRegistry.h:462:12
    #14 0x55ca9163a09e in tsc::TargetRegistry::initializeAllTargets() /workspace/src/TargetRegistry.cpp:67:41
    #15 0x55ca9162bdcd in tsc::Compiler::initializeLLVM() /workspace/src/Compiler.cpp:349:14
    #16 0x55ca9162b8b7 in tsc::Compiler::Compiler(tsc::CompilerOptions const&) /workspace/src/Compiler.cpp:24:5
    #17 0x55ca915fd7b5 in main /workspace/src/main.cpp:191:18
    #18 0x7ff5c395a337  (/lib/x86_64-linux-gnu/libc.so.6+0x2a337) (BuildId: 467f544f15035abef911999cbc14489edd0555ab)
    #19 0x7ff5c395a3fa in __libc_start_main (/lib/x86_64-linux-gnu/libc.so.6+0x2a3fa) (BuildId: 467f544f15035abef911999cbc14489edd0555ab)
    #20 0x55ca91511b64 in _start (/workspace/build-asan/tsc+0x74b64) (BuildId: 73a10d7cc646a755f705b0ae57418e68578aec2f)

Indirect leak of 576 byte(s) in 3 object(s) allocated from:
    #0 0x55ca915fa191 in operator new(unsigned long) (/workspace/build-asan/tsc+0x15d191) (BuildId: 73a10d7cc646a755f705b0ae57418e68578aec2f)
    #1 0x7ff5c70d7bd0 in std::vector<std::vector<unsigned short, std::allocator<unsigned short>>, std::allocator<std::vector<unsigned short, std::allocator<unsigned short>>>>::_M_default_append(unsigned long) (/usr/lib/llvm-20/lib/libLLVM.so.20.1+0x31bbbd0) (BuildId: b856c61f98abf0989f157f153740fe0fadfbb760)
    #2 0x7ff5c7f7f9dc  (/usr/lib/llvm-20/lib/libLLVM.so.20.1+0x40639dc) (BuildId: b856c61f98abf0989f157f153740fe0fadfbb760)
    #3 0x7ff5c7f81823  (/usr/lib/llvm-20/lib/libLLVM.so.20.1+0x4065823) (BuildId: b856c61f98abf0989f157f153740fe0fadfbb760)
    #4 0x7ff5c7f83c8f  (/usr/lib/llvm-20/lib/libLLVM.so.20.1+0x4067c8f) (BuildId: b856c61f98abf0989f157f153740fe0fadfbb760)
    #5 0x7ff5c7f8526a  (/usr/lib/llvm-20/lib/libLLVM.so.20.1+0x406926a) (BuildId: b856c61f98abf0989f157f153740fe0fadfbb760)
    #6 0x55ca91648523 in llvm::Target::createTargetMachine(llvm::StringRef, llvm::StringRef, llvm::StringRef, llvm::TargetOptions const&, std::optional<llvm::Reloc::Model>, std::optional<llvm::CodeModel::Model>, llvm::CodeGenOptLevel, bool) const /usr/lib/llvm-20/include/llvm/MC/TargetRegistry.h:462:12
    #7 0x55ca9163a09e in tsc::TargetRegistry::initializeAllTargets() /workspace/src/TargetRegistry.cpp:67:41
    #8 0x55ca9162bdcd in tsc::Compiler::initializeLLVM() /workspace/src/Compiler.cpp:349:14
    #9 0x55ca9162b8b7 in tsc::Compiler::Compiler(tsc::CompilerOptions const&) /workspace/src/Compiler.cpp:24:5
    #10 0x55ca915fd7b5 in main /workspace/src/main.cpp:191:18
    #11 0x7ff5c395a337  (/lib/x86_64-linux-gnu/libc.so.6+0x2a337) (BuildId: 467f544f15035abef911999cbc14489edd0555ab)
    #12 0x7ff5c395a3fa in __libc_start_main (/lib/x86_64-linux-gnu/libc.so.6+0x2a3fa) (BuildId: 467f544f15035abef911999cbc14489edd0555ab)
    #13 0x55ca91511b64 in _start (/workspace/build-asan/tsc+0x74b64) (BuildId: 73a10d7cc646a755f705b0ae57418e68578aec2f)

Indirect leak of 576 byte(s) in 3 object(s) allocated from:
    #0 0x55ca915b5858 in malloc (/workspace/build-asan/tsc+0x118858) (BuildId: 73a10d7cc646a755f705b0ae57418e68578aec2f)
    #1 0x7ff5c4ec89b9 in llvm::SmallVectorBase<unsigned int>::grow_pod(void*, unsigned long, unsigned long) (/usr/lib/llvm-20/lib/libLLVM.so.20.1+0xfac9b9) (BuildId: b856c61f98abf0989f157f153740fe0fadfbb760)
    #2 0x7ff5c59b6bce  (/usr/lib/llvm-20/lib/libLLVM.so.20.1+0x1a9abce) (BuildId: b856c61f98abf0989f157f153740fe0fadfbb760)
    #3 0x7ff5c59b6dcb  (/usr/lib/llvm-20/lib/libLLVM.so.20.1+0x1a9adcb) (BuildId: b856c61f98abf0989f157f153740fe0fadfbb760)
    #4 0x7ff5c6f3b039  (/usr/lib/llvm-20/lib/libLLVM.so.20.1+0x301f039) (BuildId: b856c61f98abf0989f157f153740fe0fadfbb760)
    #5 0x7ff5c6f3af97  (/usr/lib/llvm-20/lib/libLLVM.so.20.1+0x301ef97) (BuildId: b856c61f98abf0989f157f153740fe0fadfbb760)
    #6 0x7ff5c6f3998b  (/usr/lib/llvm-20/lib/libLLVM.so.20.1+0x301d98b) (BuildId: b856c61f98abf0989f157f153740fe0fadfbb760)
    #7 0x7ff5c6f398a6  (/usr/lib/llvm-20/lib/libLLVM.so.20.1+0x301d8a6) (BuildId: b856c61f98abf0989f157f153740fe0fadfbb760)
    #8 0x7ff5c6f3a981  (/usr/lib/llvm-20/lib/libLLVM.so.20.1+0x301e981) (BuildId: b856c61f98abf0989f157f153740fe0fadfbb760)
    #9 0x7ff5c7f596cd  (/usr/lib/llvm-20/lib/libLLVM.so.20.1+0x403d6cd) (BuildId: b856c61f98abf0989f157f153740fe0fadfbb760)
    #10 0x7ff5c7f81ab1  (/usr/lib/llvm-20/lib/libLLVM.so.20.1+0x4065ab1) (BuildId: b856c61f98abf0989f157f153740fe0fadfbb760)
    #11 0x7ff5c7f83c8f  (/usr/lib/llvm-20/lib/libLLVM.so.20.1+0x4067c8f) (BuildId: b856c61f98abf0989f157f153740fe0fadfbb760)
    #12 0x7ff5c7f8526a  (/usr/lib/llvm-20/lib/libLLVM.so.20.1+0x406926a) (BuildId: b856c61f98abf0989f157f153740fe0fadfbb760)
    #13 0x55ca91648523 in llvm::Target::createTargetMachine(llvm::StringRef, llvm::StringRef, llvm::StringRef, llvm::TargetOptions const&, std::optional<llvm::Reloc::Model>, std::optional<llvm::CodeModel::Model>, llvm::CodeGenOptLevel, bool) const /usr/lib/llvm-20/include/llvm/MC/TargetRegistry.h:462:12
    #14 0x55ca9163a09e in tsc::TargetRegistry::initializeAllTargets() /workspace/src/TargetRegistry.cpp:67:41
    #15 0x55ca9162bdcd in tsc::Compiler::initializeLLVM() /workspace/src/Compiler.cpp:349:14
    #16 0x55ca9162b8b7 in tsc::Compiler::Compiler(tsc::CompilerOptions const&) /workspace/src/Compiler.cpp:24:5
    #17 0x55ca915fd7b5 in main /workspace/src/main.cpp:191:18
    #18 0x7ff5c395a337  (/lib/x86_64-linux-gnu/libc.so.6+0x2a337) (BuildId: 467f544f15035abef911999cbc14489edd0555ab)
    #19 0x7ff5c395a3fa in __libc_start_main (/lib/x86_64-linux-gnu/libc.so.6+0x2a3fa) (BuildId: 467f544f15035abef911999cbc14489edd0555ab)
    #20 0x55ca91511b64 in _start (/workspace/build-asan/tsc+0x74b64) (BuildId: 73a10d7cc646a755f705b0ae57418e68578aec2f)

Indirect leak of 576 byte(s) in 3 object(s) allocated from:
    #0 0x55ca915b5858 in malloc (/workspace/build-asan/tsc+0x118858) (BuildId: 73a10d7cc646a755f705b0ae57418e68578aec2f)
    #1 0x7ff5c4ec89b9 in llvm::SmallVectorBase<unsigned int>::grow_pod(void*, unsigned long, unsigned long) (/usr/lib/llvm-20/lib/libLLVM.so.20.1+0xfac9b9) (BuildId: b856c61f98abf0989f157f153740fe0fadfbb760)
    #2 0x7ff5c59b6bce  (/usr/lib/llvm-20/lib/libLLVM.so.20.1+0x1a9abce) (BuildId: b856c61f98abf0989f157f153740fe0fadfbb760)
    #3 0x7ff5c59b6dcb  (/usr/lib/llvm-20/lib/libLLVM.so.20.1+0x1a9adcb) (BuildId: b856c61f98abf0989f157f153740fe0fadfbb760)
    #4 0x7ff5c6f3b008  (/usr/lib/llvm-20/lib/libLLVM.so.20.1+0x301f008) (BuildId: b856c61f98abf0989f157f153740fe0fadfbb760)
    #5 0x7ff5c6f3af97  (/usr/lib/llvm-20/lib/libLLVM.so.20.1+0x301ef97) (BuildId: b856c61f98abf0989f157f153740fe0fadfbb760)
    #6 0x7ff5c6f3998b  (/usr/lib/llvm-20/lib/libLLVM.so.20.1+0x301d98b) (BuildId: b856c61f98abf0989f157f153740fe0fadfbb760)
    #7 0x7ff5c6f398a6  (/usr/lib/llvm-20/lib/libLLVM.so.20.1+0x301d8a6) (BuildId: b856c61f98abf0989f157f153740fe0fadfbb760)
    #8 0x7ff5c6f3a981  (/usr/lib/llvm-20/lib/libLLVM.so.20.1+0x301e981) (BuildId: b856c61f98abf0989f157f153740fe0fadfbb760)
    #9 0x7ff5c7f596cd  (/usr/lib/llvm-20/lib/libLLVM.so.20.1+0x403d6cd) (BuildId: b856c61f98abf0989f157f153740fe0fadfbb760)
    #10 0x7ff5c7f81ab1  (/usr/lib/llvm-20/lib/libLLVM.so.20.1+0x4065ab1) (BuildId: b856c61f98abf0989f157f153740fe0fadfbb760)
    #11 0x7ff5c7f83c8f  (/usr/lib/llvm-20/lib/libLLVM.so.20.1+0x4067c8f) (BuildId: b856c61f98abf0989f157f153740fe0fadfbb760)
    #12 0x7ff5c7f8526a  (/usr/lib/llvm-20/lib/libLLVM.so.20.1+0x406926a) (BuildId: b856c61f98abf0989f157f153740fe0fadfbb760)
    #13 0x55ca91648523 in llvm::Target::createTargetMachine(llvm::StringRef, llvm::StringRef, llvm::StringRef, llvm::TargetOptions const&, std::optional<llvm::Reloc::Model>, std::optional<llvm::CodeModel::Model>, llvm::CodeGenOptLevel, bool) const /usr/lib/llvm-20/include/llvm/MC/TargetRegistry.h:462:12
    #14 0x55ca9163a09e in tsc::TargetRegistry::initializeAllTargets() /workspace/src/TargetRegistry.cpp:67:41
    #15 0x55ca9162bdcd in tsc::Compiler::initializeLLVM() /workspace/src/Compiler.cpp:349:14
    #16 0x55ca9162b8b7 in tsc::Compiler::Compiler(tsc::CompilerOptions const&) /workspace/src/Compiler.cpp:24:5
    #17 0x55ca915fd7b5 in main /workspace/src/main.cpp:191:18
    #18 0x7ff5c395a337  (/lib/x86_64-linux-gnu/libc.so.6+0x2a337) (BuildId: 467f544f15035abef911999cbc14489edd0555ab)
    #19 0x7ff5c395a3fa in __libc_start_main (/lib/x86_64-linux-gnu/libc.so.6+0x2a3fa) (BuildId: 467f544f15035abef911999cbc14489edd0555ab)
    #20 0x55ca91511b64 in _start (/workspace/build-asan/tsc+0x74b64) (BuildId: 73a10d7cc646a755f705b0ae57418e68578aec2f)

Indirect leak of 576 byte(s) in 3 object(s) allocated from:
    #0 0x55ca915b5858 in malloc (/workspace/build-asan/tsc+0x118858) (BuildId: 73a10d7cc646a755f705b0ae57418e68578aec2f)
    #1 0x7ff5c4ec89b9 in llvm::SmallVectorBase<unsigned int>::grow_pod(void*, unsigned long, unsigned long) (/usr/lib/llvm-20/lib/libLLVM.so.20.1+0xfac9b9) (BuildId: b856c61f98abf0989f157f153740fe0fadfbb760)
    #2 0x7ff5c59b6bce  (/usr/lib/llvm-20/lib/libLLVM.so.20.1+0x1a9abce) (BuildId: b856c61f98abf0989f157f153740fe0fadfbb760)
    #3 0x7ff5c59b6dcb  (/usr/lib/llvm-20/lib/libLLVM.so.20.1+0x1a9adcb) (BuildId: b856c61f98abf0989f157f153740fe0fadfbb760)
    #4 0x7ff5c6f3b008  (/usr/lib/llvm-20/lib/libLLVM.so.20.1+0x301f008) (BuildId: b856c61f98abf0989f157f153740fe0fadfbb760)
    #5 0x7ff5c6f3af97  (/usr/lib/llvm-20/lib/libLLVM.so.20.1+0x301ef97) (BuildId: b856c61f98abf0989f157f153740fe0fadfbb760)
    #6 0x7ff5c6f3998b  (/usr/lib/llvm-20/lib/libLLVM.so.20.1+0x301d98b) (BuildId: b856c61f98abf0989f157f153740fe0fadfbb760)
    #7 0x7ff5c6f398a6  (/usr/lib/llvm-20/lib/libLLVM.so.20.1+0x301d8a6) (BuildId: b856c61f98abf0989f157f153740fe0fadfbb760)
    #8 0x7ff5c6f3aa71  (/usr/lib/llvm-20/lib/libLLVM.so.20.1+0x301ea71) (BuildId: b856c61f98abf0989f157f153740fe0fadfbb760)
    #9 0x7ff5c7f5966a  (/usr/lib/llvm-20/lib/libLLVM.so.20.1+0x403d66a) (BuildId: b856c61f98abf0989f157f153740fe0fadfbb760)
    #10 0x7ff5c7f81ab1  (/usr/lib/llvm-20/lib/libLLVM.so.20.1+0x4065ab1) (BuildId: b856c61f98abf0989f157f153740fe0fadfbb760)
    #11 0x7ff5c7f83c8f  (/usr/lib/llvm-20/lib/libLLVM.so.20.1+0x4067c8f) (BuildId: b856c61f98abf0989f157f153740fe0fadfbb760)
    #12 0x7ff5c7f8526a  (/usr/lib/llvm-20/lib/libLLVM.so.20.1+0x406926a) (BuildId: b856c61f98abf0989f157f153740fe0fadfbb760)
    #13 0x55ca91648523 in llvm::Target::createTargetMachine(llvm::StringRef, llvm::StringRef, llvm::StringRef, llvm::TargetOptions const&, std::optional<llvm::Reloc::Model>, std::optional<llvm::CodeModel::Model>, llvm::CodeGenOptLevel, bool) const /usr/lib/llvm-20/include/llvm/MC/TargetRegistry.h:462:12
    #14 0x55ca9163a09e in tsc::TargetRegistry::initializeAllTargets() /workspace/src/TargetRegistry.cpp:67:41
    #15 0x55ca9162bdcd in tsc::Compiler::initializeLLVM() /workspace/src/Compiler.cpp:349:14
    #16 0x55ca9162b8b7 in tsc::Compiler::Compiler(tsc::CompilerOptions const&) /workspace/src/Compiler.cpp:24:5
    #17 0x55ca915fd7b5 in main /workspace/src/main.cpp:191:18
    #18 0x7ff5c395a337  (/lib/x86_64-linux-gnu/libc.so.6+0x2a337) (BuildId: 467f544f15035abef911999cbc14489edd0555ab)
    #19 0x7ff5c395a3fa in __libc_start_main (/lib/x86_64-linux-gnu/libc.so.6+0x2a3fa) (BuildId: 467f544f15035abef911999cbc14489edd0555ab)
    #20 0x55ca91511b64 in _start (/workspace/build-asan/tsc+0x74b64) (BuildId: 73a10d7cc646a755f705b0ae57418e68578aec2f)

Indirect leak of 576 byte(s) in 12 object(s) allocated from:
    #0 0x55ca915fa191 in operator new(unsigned long) (/workspace/build-asan/tsc+0x15d191) (BuildId: 73a10d7cc646a755f705b0ae57418e68578aec2f)
    #1 0x7ff5c55781b6  (/usr/lib/llvm-20/lib/libLLVM.so.20.1+0x165c1b6) (BuildId: b856c61f98abf0989f157f153740fe0fadfbb760)
    #2 0x7ff5c557172f in llvm::TargetLoweringBase::initActions() (/usr/lib/llvm-20/lib/libLLVM.so.20.1+0x165572f) (BuildId: b856c61f98abf0989f157f153740fe0fadfbb760)
    #3 0x7ff5c557119a in llvm::TargetLoweringBase::TargetLoweringBase(llvm::TargetMachine const&) (/usr/lib/llvm-20/lib/libLLVM.so.20.1+0x165519a) (BuildId: b856c61f98abf0989f157f153740fe0fadfbb760)
    #4 0x7ff5c584e071 in llvm::TargetLowering::TargetLowering(llvm::TargetMachine const&) (/usr/lib/llvm-20/lib/libLLVM.so.20.1+0x1932071) (BuildId: b856c61f98abf0989f157f153740fe0fadfbb760)
    #5 0x7ff5c7b0bc5f  (/usr/lib/llvm-20/lib/libLLVM.so.20.1+0x3befc5f) (BuildId: b856c61f98abf0989f157f153740fe0fadfbb760)
    #6 0x7ff5c7b4db99  (/usr/lib/llvm-20/lib/libLLVM.so.20.1+0x3c31b99) (BuildId: b856c61f98abf0989f157f153740fe0fadfbb760)
    #7 0x7ff5c7b4e7de  (/usr/lib/llvm-20/lib/libLLVM.so.20.1+0x3c327de) (BuildId: b856c61f98abf0989f157f153740fe0fadfbb760)
    #8 0x7ff5c7b5ff58  (/usr/lib/llvm-20/lib/libLLVM.so.20.1+0x3c43f58) (BuildId: b856c61f98abf0989f157f153740fe0fadfbb760)
    #9 0x7ff5c7b61710  (/usr/lib/llvm-20/lib/libLLVM.so.20.1+0x3c45710) (BuildId: b856c61f98abf0989f157f153740fe0fadfbb760)
    #10 0x7ff5c7b62a6c  (/usr/lib/llvm-20/lib/libLLVM.so.20.1+0x3c46a6c) (BuildId: b856c61f98abf0989f157f153740fe0fadfbb760)
    #11 0x55ca91648523 in llvm::Target::createTargetMachine(llvm::StringRef, llvm::StringRef, llvm::StringRef, llvm::TargetOptions const&, std::optional<llvm::Reloc::Model>, std::optional<llvm::CodeModel::Model>, llvm::CodeGenOptLevel, bool) const /usr/lib/llvm-20/include/llvm/MC/TargetRegistry.h:462:12
    #12 0x55ca9163a09e in tsc::TargetRegistry::initializeAllTargets() /workspace/src/TargetRegistry.cpp:67:41
    #13 0x55ca9162bdcd in tsc::Compiler::initializeLLVM() /workspace/src/Compiler.cpp:349:14
    #14 0x55ca9162b8b7 in tsc::Compiler::Compiler(tsc::CompilerOptions const&) /workspace/src/Compiler.cpp:24:5
    #15 0x55ca915fd7b5 in main /workspace/src/main.cpp:191:18
    #16 0x7ff5c395a337  (/lib/x86_64-linux-gnu/libc.so.6+0x2a337) (BuildId: 467f544f15035abef911999cbc14489edd0555ab)
    #17 0x7ff5c395a3fa in __libc_start_main (/lib/x86_64-linux-gnu/libc.so.6+0x2a3fa) (BuildId: 467f544f15035abef911999cbc14489edd0555ab)
    #18 0x55ca91511b64 in _start (/workspace/build-asan/tsc+0x74b64) (BuildId: 73a10d7cc646a755f705b0ae57418e68578aec2f)

Indirect leak of 576 byte(s) in 12 object(s) allocated from:
    #0 0x55ca915fa191 in operator new(unsigned long) (/workspace/build-asan/tsc+0x15d191) (BuildId: 73a10d7cc646a755f705b0ae57418e68578aec2f)
    #1 0x7ff5c55781b6  (/usr/lib/llvm-20/lib/libLLVM.so.20.1+0x165c1b6) (BuildId: b856c61f98abf0989f157f153740fe0fadfbb760)
    #2 0x7ff5c557172f in llvm::TargetLoweringBase::initActions() (/usr/lib/llvm-20/lib/libLLVM.so.20.1+0x165572f) (BuildId: b856c61f98abf0989f157f153740fe0fadfbb760)
    #3 0x7ff5c557119a in llvm::TargetLoweringBase::TargetLoweringBase(llvm::TargetMachine const&) (/usr/lib/llvm-20/lib/libLLVM.so.20.1+0x165519a) (BuildId: b856c61f98abf0989f157f153740fe0fadfbb760)
    #4 0x7ff5c584e071 in llvm::TargetLowering::TargetLowering(llvm::TargetMachine const&) (/usr/lib/llvm-20/lib/libLLVM.so.20.1+0x1932071) (BuildId: b856c61f98abf0989f157f153740fe0fadfbb760)
    #5 0x7ff5c7b0bc5f  (/usr/lib/llvm-20/lib/libLLVM.so.20.1+0x3befc5f) (BuildId: b856c61f98abf0989f157f153740fe0fadfbb760)
    #6 0x7ff5c7ad53ae  (/usr/lib/llvm-20/lib/libLLVM.so.20.1+0x3bb93ae) (BuildId: b856c61f98abf0989f157f153740fe0fadfbb760)
    #7 0x7ff5c7b5ff58  (/usr/lib/llvm-20/lib/libLLVM.so.20.1+0x3c43f58) (BuildId: b856c61f98abf0989f157f153740fe0fadfbb760)
    #8 0x7ff5c7b61a19  (/usr/lib/llvm-20/lib/libLLVM.so.20.1+0x3c45a19) (BuildId: b856c61f98abf0989f157f153740fe0fadfbb760)
    #9 0x7ff5c7b62a6c  (/usr/lib/llvm-20/lib/libLLVM.so.20.1+0x3c46a6c) (BuildId: b856c61f98abf0989f157f153740fe0fadfbb760)
    #10 0x55ca91648523 in llvm::Target::createTargetMachine(llvm::StringRef, llvm::StringRef, llvm::StringRef, llvm::TargetOptions const&, std::optional<llvm::Reloc::Model>, std::optional<llvm::CodeModel::Model>, llvm::CodeGenOptLevel, bool) const /usr/lib/llvm-20/include/llvm/MC/TargetRegistry.h:462:12
    #11 0x55ca9163a09e in tsc::TargetRegistry::initializeAllTargets() /workspace/src/TargetRegistry.cpp:67:41
    #12 0x55ca9162bdcd in tsc::Compiler::initializeLLVM() /workspace/src/Compiler.cpp:349:14
    #13 0x55ca9162b8b7 in tsc::Compiler::Compiler(tsc::CompilerOptions const&) /workspace/src/Compiler.cpp:24:5
    #14 0x55ca915fd7b5 in main /workspace/src/main.cpp:191:18
    #15 0x7ff5c395a337  (/lib/x86_64-linux-gnu/libc.so.6+0x2a337) (BuildId: 467f544f15035abef911999cbc14489edd0555ab)
    #16 0x7ff5c395a3fa in __libc_start_main (/lib/x86_64-linux-gnu/libc.so.6+0x2a3fa) (BuildId: 467f544f15035abef911999cbc14489edd0555ab)
    #17 0x55ca91511b64 in _start (/workspace/build-asan/tsc+0x74b64) (BuildId: 73a10d7cc646a755f705b0ae57418e68578aec2f)

Indirect leak of 576 byte(s) in 12 object(s) allocated from:
    #0 0x55ca915fa191 in operator new(unsigned long) (/workspace/build-asan/tsc+0x15d191) (BuildId: 73a10d7cc646a755f705b0ae57418e68578aec2f)
    #1 0x7ff5c55781b6  (/usr/lib/llvm-20/lib/libLLVM.so.20.1+0x165c1b6) (BuildId: b856c61f98abf0989f157f153740fe0fadfbb760)
    #2 0x7ff5c557172f in llvm::TargetLoweringBase::initActions() (/usr/lib/llvm-20/lib/libLLVM.so.20.1+0x165572f) (BuildId: b856c61f98abf0989f157f153740fe0fadfbb760)
    #3 0x7ff5c557119a in llvm::TargetLoweringBase::TargetLoweringBase(llvm::TargetMachine const&) (/usr/lib/llvm-20/lib/libLLVM.so.20.1+0x165519a) (BuildId: b856c61f98abf0989f157f153740fe0fadfbb760)
    #4 0x7ff5c584e071 in llvm::TargetLowering::TargetLowering(llvm::TargetMachine const&) (/usr/lib/llvm-20/lib/libLLVM.so.20.1+0x1932071) (BuildId: b856c61f98abf0989f157f153740fe0fadfbb760)
    #5 0x7ff5c7b0bc5f  (/usr/lib/llvm-20/lib/libLLVM.so.20.1+0x3befc5f) (BuildId: b856c61f98abf0989f157f153740fe0fadfbb760)
    #6 0x7ff5c7b4db99  (/usr/lib/llvm-20/lib/libLLVM.so.20.1+0x3c31b99) (BuildId: b856c61f98abf0989f157f153740fe0fadfbb760)
    #7 0x7ff5c7b4e7de  (/usr/lib/llvm-20/lib/libLLVM.so.20.1+0x3c327de) (BuildId: b856c61f98abf0989f157f153740fe0fadfbb760)
    #8 0x7ff5c7b5ff58  (/usr/lib/llvm-20/lib/libLLVM.so.20.1+0x3c43f58) (BuildId: b856c61f98abf0989f157f153740fe0fadfbb760)
    #9 0x7ff5c7b6188a  (/usr/lib/llvm-20/lib/libLLVM.so.20.1+0x3c4588a) (BuildId: b856c61f98abf0989f157f153740fe0fadfbb760)
    #10 0x7ff5c7b62b2c  (/usr/lib/llvm-20/lib/libLLVM.so.20.1+0x3c46b2c) (BuildId: b856c61f98abf0989f157f153740fe0fadfbb760)
    #11 0x55ca91648523 in llvm::Target::createTargetMachine(llvm::StringRef, llvm::StringRef, llvm::StringRef, llvm::TargetOptions const&, std::optional<llvm::Reloc::Model>, std::optional<llvm::CodeModel::Model>, llvm::CodeGenOptLevel, bool) const /usr/lib/llvm-20/include/llvm/MC/TargetRegistry.h:462:12
    #12 0x55ca9163a09e in tsc::TargetRegistry::initializeAllTargets() /workspace/src/TargetRegistry.cpp:67:41
    #13 0x55ca9162bdcd in tsc::Compiler::initializeLLVM() /workspace/src/Compiler.cpp:349:14
    #14 0x55ca9162b8b7 in tsc::Compiler::Compiler(tsc::CompilerOptions const&) /workspace/src/Compiler.cpp:24:5
    #15 0x55ca915fd7b5 in main /workspace/src/main.cpp:191:18
    #16 0x7ff5c395a337  (/lib/x86_64-linux-gnu/libc.so.6+0x2a337) (BuildId: 467f544f15035abef911999cbc14489edd0555ab)
    #17 0x7ff5c395a3fa in __libc_start_main (/lib/x86_64-linux-gnu/libc.so.6+0x2a3fa) (BuildId: 467f544f15035abef911999cbc14489edd0555ab)
    #18 0x55ca91511b64 in _start (/workspace/build-asan/tsc+0x74b64) (BuildId: 73a10d7cc646a755f705b0ae57418e68578aec2f)

Indirect leak of 576 byte(s) in 12 object(s) allocated from:
    #0 0x55ca915fa191 in operator new(unsigned long) (/workspace/build-asan/tsc+0x15d191) (BuildId: 73a10d7cc646a755f705b0ae57418e68578aec2f)
    #1 0x7ff5c55781b6  (/usr/lib/llvm-20/lib/libLLVM.so.20.1+0x165c1b6) (BuildId: b856c61f98abf0989f157f153740fe0fadfbb760)
    #2 0x7ff5c557172f in llvm::TargetLoweringBase::initActions() (/usr/lib/llvm-20/lib/libLLVM.so.20.1+0x165572f) (BuildId: b856c61f98abf0989f157f153740fe0fadfbb760)
    #3 0x7ff5c557119a in llvm::TargetLoweringBase::TargetLoweringBase(llvm::TargetMachine const&) (/usr/lib/llvm-20/lib/libLLVM.so.20.1+0x165519a) (BuildId: b856c61f98abf0989f157f153740fe0fadfbb760)
    #4 0x7ff5c584e071 in llvm::TargetLowering::TargetLowering(llvm::TargetMachine const&) (/usr/lib/llvm-20/lib/libLLVM.so.20.1+0x1932071) (BuildId: b856c61f98abf0989f157f153740fe0fadfbb760)
    #5 0x7ff5c7b0bc5f  (/usr/lib/llvm-20/lib/libLLVM.so.20.1+0x3befc5f) (BuildId: b856c61f98abf0989f157f153740fe0fadfbb760)
    #6 0x7ff5c7b4db99  (/usr/lib/llvm-20/lib/libLLVM.so.20.1+0x3c31b99) (BuildId: b856c61f98abf0989f157f153740fe0fadfbb760)
    #7 0x7ff5c7b4e7de  (/usr/lib/llvm-20/lib/libLLVM.so.20.1+0x3c327de) (BuildId: b856c61f98abf0989f157f153740fe0fadfbb760)
    #8 0x7ff5c7b5ff58  (/usr/lib/llvm-20/lib/libLLVM.so.20.1+0x3c43f58) (BuildId: b856c61f98abf0989f157f153740fe0fadfbb760)
    #9 0x7ff5c7b61710  (/usr/lib/llvm-20/lib/libLLVM.so.20.1+0x3c45710) (BuildId: b856c61f98abf0989f157f153740fe0fadfbb760)
    #10 0x7ff5c7b62b2c  (/usr/lib/llvm-20/lib/libLLVM.so.20.1+0x3c46b2c) (BuildId: b856c61f98abf0989f157f153740fe0fadfbb760)
    #11 0x55ca91648523 in llvm::Target::createTargetMachine(llvm::StringRef, llvm::StringRef, llvm::StringRef, llvm::TargetOptions const&, std::optional<llvm::Reloc::Model>, std::optional<llvm::CodeModel::Model>, llvm::CodeGenOptLevel, bool) const /usr/lib/llvm-20/include/llvm/MC/TargetRegistry.h:462:12
    #12 0x55ca9163a09e in tsc::TargetRegistry::initializeAllTargets() /workspace/src/TargetRegistry.cpp:67:41
    #13 0x55ca9162bdcd in tsc::Compiler::initializeLLVM() /workspace/src/Compiler.cpp:349:14
    #14 0x55ca9162b8b7 in tsc::Compiler::Compiler(tsc::CompilerOptions const&) /workspace/src/Compiler.cpp:24:5
    #15 0x55ca915fd7b5 in main /workspace/src/main.cpp:191:18
    #16 0x7ff5c395a337  (/lib/x86_64-linux-gnu/libc.so.6+0x2a337) (BuildId: 467f544f15035abef911999cbc14489edd0555ab)
    #17 0x7ff5c395a3fa in __libc_start_main (/lib/x86_64-linux-gnu/libc.so.6+0x2a3fa) (BuildId: 467f544f15035abef911999cbc14489edd0555ab)
    #18 0x55ca91511b64 in _start (/workspace/build-asan/tsc+0x74b64) (BuildId: 73a10d7cc646a755f705b0ae57418e68578aec2f)

Indirect leak of 552 byte(s) in 3 object(s) allocated from:
    #0 0x55ca915fa191 in operator new(unsigned long) (/workspace/build-asan/tsc+0x15d191) (BuildId: 73a10d7cc646a755f705b0ae57418e68578aec2f)
    #1 0x7ff5c7f81a44  (/usr/lib/llvm-20/lib/libLLVM.so.20.1+0x4065a44) (BuildId: b856c61f98abf0989f157f153740fe0fadfbb760)
    #2 0x7ff5c7f83c8f  (/usr/lib/llvm-20/lib/libLLVM.so.20.1+0x4067c8f) (BuildId: b856c61f98abf0989f157f153740fe0fadfbb760)
    #3 0x7ff5c7f8526a  (/usr/lib/llvm-20/lib/libLLVM.so.20.1+0x406926a) (BuildId: b856c61f98abf0989f157f153740fe0fadfbb760)
    #4 0x55ca91648523 in llvm::Target::createTargetMachine(llvm::StringRef, llvm::StringRef, llvm::StringRef, llvm::TargetOptions const&, std::optional<llvm::Reloc::Model>, std::optional<llvm::CodeModel::Model>, llvm::CodeGenOptLevel, bool) const /usr/lib/llvm-20/include/llvm/MC/TargetRegistry.h:462:12
    #5 0x55ca9163a09e in tsc::TargetRegistry::initializeAllTargets() /workspace/src/TargetRegistry.cpp:67:41
    #6 0x55ca9162bdcd in tsc::Compiler::initializeLLVM() /workspace/src/Compiler.cpp:349:14
    #7 0x55ca9162b8b7 in tsc::Compiler::Compiler(tsc::CompilerOptions const&) /workspace/src/Compiler.cpp:24:5
    #8 0x55ca915fd7b5 in main /workspace/src/main.cpp:191:18
    #9 0x7ff5c395a337  (/lib/x86_64-linux-gnu/libc.so.6+0x2a337) (BuildId: 467f544f15035abef911999cbc14489edd0555ab)
    #10 0x7ff5c395a3fa in __libc_start_main (/lib/x86_64-linux-gnu/libc.so.6+0x2a3fa) (BuildId: 467f544f15035abef911999cbc14489edd0555ab)
    #11 0x55ca91511b64 in _start (/workspace/build-asan/tsc+0x74b64) (BuildId: 73a10d7cc646a755f705b0ae57418e68578aec2f)

Indirect leak of 512 byte(s) in 1 object(s) allocated from:
    #0 0x55ca915fa816 in operator new(unsigned long, std::align_val_t, std::nothrow_t const&) (/workspace/build-asan/tsc+0x15d816) (BuildId: 73a10d7cc646a755f705b0ae57418e68578aec2f)
    #1 0x7ff5c4ead983 in llvm::allocate_buffer(unsigned long, unsigned long) (/usr/lib/llvm-20/lib/libLLVM.so.20.1+0xf91983) (BuildId: b856c61f98abf0989f157f153740fe0fadfbb760)
    #2 0x7ff5c4e591be  (/usr/lib/llvm-20/lib/libLLVM.so.20.1+0xf3d1be) (BuildId: b856c61f98abf0989f157f153740fe0fadfbb760)
    #3 0x7ff5c4e53e8f  (/usr/lib/llvm-20/lib/libLLVM.so.20.1+0xf37e8f) (BuildId: b856c61f98abf0989f157f153740fe0fadfbb760)
    #4 0x7ff5c7be8214  (/usr/lib/llvm-20/lib/libLLVM.so.20.1+0x3ccc214) (BuildId: b856c61f98abf0989f157f153740fe0fadfbb760)
    #5 0x7ff5c7c055da  (/usr/lib/llvm-20/lib/libLLVM.so.20.1+0x3ce95da) (BuildId: b856c61f98abf0989f157f153740fe0fadfbb760)
    #6 0x7ff5c7c06006  (/usr/lib/llvm-20/lib/libLLVM.so.20.1+0x3cea006) (BuildId: b856c61f98abf0989f157f153740fe0fadfbb760)
    #7 0x7ff5c7c07e74  (/usr/lib/llvm-20/lib/libLLVM.so.20.1+0x3cebe74) (BuildId: b856c61f98abf0989f157f153740fe0fadfbb760)
    #8 0x55ca91648523 in llvm::Target::createTargetMachine(llvm::StringRef, llvm::StringRef, llvm::StringRef, llvm::TargetOptions const&, std::optional<llvm::Reloc::Model>, std::optional<llvm::CodeModel::Model>, llvm::CodeGenOptLevel, bool) const /usr/lib/llvm-20/include/llvm/MC/TargetRegistry.h:462:12
    #9 0x55ca9163a09e in tsc::TargetRegistry::initializeAllTargets() /workspace/src/TargetRegistry.cpp:67:41
    #10 0x55ca9162bdcd in tsc::Compiler::initializeLLVM() /workspace/src/Compiler.cpp:349:14
    #11 0x55ca9162b8b7 in tsc::Compiler::Compiler(tsc::CompilerOptions const&) /workspace/src/Compiler.cpp:24:5
    #12 0x55ca915fd7b5 in main /workspace/src/main.cpp:191:18
    #13 0x7ff5c395a337  (/lib/x86_64-linux-gnu/libc.so.6+0x2a337) (BuildId: 467f544f15035abef911999cbc14489edd0555ab)
    #14 0x7ff5c395a3fa in __libc_start_main (/lib/x86_64-linux-gnu/libc.so.6+0x2a3fa) (BuildId: 467f544f15035abef911999cbc14489edd0555ab)
    #15 0x55ca91511b64 in _start (/workspace/build-asan/tsc+0x74b64) (BuildId: 73a10d7cc646a755f705b0ae57418e68578aec2f)

Indirect leak of 512 byte(s) in 1 object(s) allocated from:
    #0 0x55ca915fa816 in operator new(unsigned long, std::align_val_t, std::nothrow_t const&) (/workspace/build-asan/tsc+0x15d816) (BuildId: 73a10d7cc646a755f705b0ae57418e68578aec2f)
    #1 0x7ff5c4ead983 in llvm::allocate_buffer(unsigned long, unsigned long) (/usr/lib/llvm-20/lib/libLLVM.so.20.1+0xf91983) (BuildId: b856c61f98abf0989f157f153740fe0fadfbb760)
    #2 0x7ff5c4e591be  (/usr/lib/llvm-20/lib/libLLVM.so.20.1+0xf3d1be) (BuildId: b856c61f98abf0989f157f153740fe0fadfbb760)
    #3 0x7ff5c4e53e8f  (/usr/lib/llvm-20/lib/libLLVM.so.20.1+0xf37e8f) (BuildId: b856c61f98abf0989f157f153740fe0fadfbb760)
    #4 0x7ff5c7be8214  (/usr/lib/llvm-20/lib/libLLVM.so.20.1+0x3ccc214) (BuildId: b856c61f98abf0989f157f153740fe0fadfbb760)
    #5 0x7ff5c7c055da  (/usr/lib/llvm-20/lib/libLLVM.so.20.1+0x3ce95da) (BuildId: b856c61f98abf0989f157f153740fe0fadfbb760)
    #6 0x7ff5c7c06006  (/usr/lib/llvm-20/lib/libLLVM.so.20.1+0x3cea006) (BuildId: b856c61f98abf0989f157f153740fe0fadfbb760)
    #7 0x7ff5c7c07f34  (/usr/lib/llvm-20/lib/libLLVM.so.20.1+0x3cebf34) (BuildId: b856c61f98abf0989f157f153740fe0fadfbb760)
    #8 0x55ca91648523 in llvm::Target::createTargetMachine(llvm::StringRef, llvm::StringRef, llvm::StringRef, llvm::TargetOptions const&, std::optional<llvm::Reloc::Model>, std::optional<llvm::CodeModel::Model>, llvm::CodeGenOptLevel, bool) const /usr/lib/llvm-20/include/llvm/MC/TargetRegistry.h:462:12
    #9 0x55ca9163a09e in tsc::TargetRegistry::initializeAllTargets() /workspace/src/TargetRegistry.cpp:67:41
    #10 0x55ca9162bdcd in tsc::Compiler::initializeLLVM() /workspace/src/Compiler.cpp:349:14
    #11 0x55ca9162b8b7 in tsc::Compiler::Compiler(tsc::CompilerOptions const&) /workspace/src/Compiler.cpp:24:5
    #12 0x55ca915fd7b5 in main /workspace/src/main.cpp:191:18
    #13 0x7ff5c395a337  (/lib/x86_64-linux-gnu/libc.so.6+0x2a337) (BuildId: 467f544f15035abef911999cbc14489edd0555ab)
    #14 0x7ff5c395a3fa in __libc_start_main (/lib/x86_64-linux-gnu/libc.so.6+0x2a3fa) (BuildId: 467f544f15035abef911999cbc14489edd0555ab)
    #15 0x55ca91511b64 in _start (/workspace/build-asan/tsc+0x74b64) (BuildId: 73a10d7cc646a755f705b0ae57418e68578aec2f)

Indirect leak of 504 byte(s) in 3 object(s) allocated from:
    #0 0x55ca915b5858 in malloc (/workspace/build-asan/tsc+0x118858) (BuildId: 73a10d7cc646a755f705b0ae57418e68578aec2f)
    #1 0x7ff5c4ec89b9 in llvm::SmallVectorBase<unsigned int>::grow_pod(void*, unsigned long, unsigned long) (/usr/lib/llvm-20/lib/libLLVM.so.20.1+0xfac9b9) (BuildId: b856c61f98abf0989f157f153740fe0fadfbb760)
    #2 0x7ff5c4ff84dc  (/usr/lib/llvm-20/lib/libLLVM.so.20.1+0x10dc4dc) (BuildId: b856c61f98abf0989f157f153740fe0fadfbb760)
    #3 0x7ff5c4ff4d11 in llvm::DataLayout::setPrimitiveSpec(char, unsigned int, llvm::Align, llvm::Align) (/usr/lib/llvm-20/lib/libLLVM.so.20.1+0x10d8d11) (BuildId: b856c61f98abf0989f157f153740fe0fadfbb760)
    #4 0x7ff5c4ff4783 in llvm::DataLayout::parsePrimitiveSpec(llvm::StringRef) (/usr/lib/llvm-20/lib/libLLVM.so.20.1+0x10d8783) (BuildId: b856c61f98abf0989f157f153740fe0fadfbb760)
    #5 0x7ff5c4ff5644 in llvm::DataLayout::parseSpecification(llvm::StringRef, llvm::SmallVectorImpl<unsigned int>&) (/usr/lib/llvm-20/lib/libLLVM.so.20.1+0x10d9644) (BuildId: b856c61f98abf0989f157f153740fe0fadfbb760)
    #6 0x7ff5c4ff3cb4 in llvm::DataLayout::parseLayoutString(llvm::StringRef) (/usr/lib/llvm-20/lib/libLLVM.so.20.1+0x10d7cb4) (BuildId: b856c61f98abf0989f157f153740fe0fadfbb760)
    #7 0x7ff5c4ff3744 in llvm::DataLayout::DataLayout(llvm::StringRef) (/usr/lib/llvm-20/lib/libLLVM.so.20.1+0x10d7744) (BuildId: b856c61f98abf0989f157f153740fe0fadfbb760)
    #8 0x7ff5c6ef490c in llvm::TargetMachine::TargetMachine(llvm::Target const&, llvm::StringRef, llvm::Triple const&, llvm::StringRef, llvm::StringRef, llvm::TargetOptions const&) (/usr/lib/llvm-20/lib/libLLVM.so.20.1+0x2fd890c) (BuildId: b856c61f98abf0989f157f153740fe0fadfbb760)
    #9 0x7ff5c52d0937 in llvm::CodeGenTargetMachineImpl::CodeGenTargetMachineImpl(llvm::Target const&, llvm::StringRef, llvm::Triple const&, llvm::StringRef, llvm::StringRef, llvm::TargetOptions const&, llvm::Reloc::Model, llvm::CodeModel::Model, llvm::CodeGenOptLevel) (/usr/lib/llvm-20/lib/libLLVM.so.20.1+0x13b4937) (BuildId: b856c61f98abf0989f157f153740fe0fadfbb760)
    #10 0x7ff5c7f83aea  (/usr/lib/llvm-20/lib/libLLVM.so.20.1+0x4067aea) (BuildId: b856c61f98abf0989f157f153740fe0fadfbb760)
    #11 0x7ff5c7f8526a  (/usr/lib/llvm-20/lib/libLLVM.so.20.1+0x406926a) (BuildId: b856c61f98abf0989f157f153740fe0fadfbb760)
    #12 0x55ca91648523 in llvm::Target::createTargetMachine(llvm::StringRef, llvm::StringRef, llvm::StringRef, llvm::TargetOptions const&, std::optional<llvm::Reloc::Model>, std::optional<llvm::CodeModel::Model>, llvm::CodeGenOptLevel, bool) const /usr/lib/llvm-20/include/llvm/MC/TargetRegistry.h:462:12
    #13 0x55ca9163a09e in tsc::TargetRegistry::initializeAllTargets() /workspace/src/TargetRegistry.cpp:67:41
    #14 0x55ca9162bdcd in tsc::Compiler::initializeLLVM() /workspace/src/Compiler.cpp:349:14
    #15 0x55ca9162b8b7 in tsc::Compiler::Compiler(tsc::CompilerOptions const&) /workspace/src/Compiler.cpp:24:5
    #16 0x55ca915fd7b5 in main /workspace/src/main.cpp:191:18
    #17 0x7ff5c395a337  (/lib/x86_64-linux-gnu/libc.so.6+0x2a337) (BuildId: 467f544f15035abef911999cbc14489edd0555ab)
    #18 0x7ff5c395a3fa in __libc_start_main (/lib/x86_64-linux-gnu/libc.so.6+0x2a3fa) (BuildId: 467f544f15035abef911999cbc14489edd0555ab)
    #19 0x55ca91511b64 in _start (/workspace/build-asan/tsc+0x74b64) (BuildId: 73a10d7cc646a755f705b0ae57418e68578aec2f)

Indirect leak of 480 byte(s) in 3 object(s) allocated from:
    #0 0x55ca915fa191 in operator new(unsigned long) (/workspace/build-asan/tsc+0x15d191) (BuildId: 73a10d7cc646a755f705b0ae57418e68578aec2f)
    #1 0x7ff5c7f81ad4  (/usr/lib/llvm-20/lib/libLLVM.so.20.1+0x4065ad4) (BuildId: b856c61f98abf0989f157f153740fe0fadfbb760)
    #2 0x7ff5c7f83c8f  (/usr/lib/llvm-20/lib/libLLVM.so.20.1+0x4067c8f) (BuildId: b856c61f98abf0989f157f153740fe0fadfbb760)
    #3 0x7ff5c7f8526a  (/usr/lib/llvm-20/lib/libLLVM.so.20.1+0x406926a) (BuildId: b856c61f98abf0989f157f153740fe0fadfbb760)
    #4 0x55ca91648523 in llvm::Target::createTargetMachine(llvm::StringRef, llvm::StringRef, llvm::StringRef, llvm::TargetOptions const&, std::optional<llvm::Reloc::Model>, std::optional<llvm::CodeModel::Model>, llvm::CodeGenOptLevel, bool) const /usr/lib/llvm-20/include/llvm/MC/TargetRegistry.h:462:12
    #5 0x55ca9163a09e in tsc::TargetRegistry::initializeAllTargets() /workspace/src/TargetRegistry.cpp:67:41
    #6 0x55ca9162bdcd in tsc::Compiler::initializeLLVM() /workspace/src/Compiler.cpp:349:14
    #7 0x55ca9162b8b7 in tsc::Compiler::Compiler(tsc::CompilerOptions const&) /workspace/src/Compiler.cpp:24:5
    #8 0x55ca915fd7b5 in main /workspace/src/main.cpp:191:18
    #9 0x7ff5c395a337  (/lib/x86_64-linux-gnu/libc.so.6+0x2a337) (BuildId: 467f544f15035abef911999cbc14489edd0555ab)
    #10 0x7ff5c395a3fa in __libc_start_main (/lib/x86_64-linux-gnu/libc.so.6+0x2a3fa) (BuildId: 467f544f15035abef911999cbc14489edd0555ab)
    #11 0x55ca91511b64 in _start (/workspace/build-asan/tsc+0x74b64) (BuildId: 73a10d7cc646a755f705b0ae57418e68578aec2f)

Indirect leak of 480 byte(s) in 3 object(s) allocated from:
    #0 0x55ca915fa191 in operator new(unsigned long) (/workspace/build-asan/tsc+0x15d191) (BuildId: 73a10d7cc646a755f705b0ae57418e68578aec2f)
    #1 0x7ff5c78a4390  (/usr/lib/llvm-20/lib/libLLVM.so.20.1+0x3988390) (BuildId: b856c61f98abf0989f157f153740fe0fadfbb760)
    #2 0x7ff5c78a49df  (/usr/lib/llvm-20/lib/libLLVM.so.20.1+0x39889df) (BuildId: b856c61f98abf0989f157f153740fe0fadfbb760)
    #3 0x7ff5c78a5f8a  (/usr/lib/llvm-20/lib/libLLVM.so.20.1+0x3989f8a) (BuildId: b856c61f98abf0989f157f153740fe0fadfbb760)
    #4 0x55ca91648523 in llvm::Target::createTargetMachine(llvm::StringRef, llvm::StringRef, llvm::StringRef, llvm::TargetOptions const&, std::optional<llvm::Reloc::Model>, std::optional<llvm::CodeModel::Model>, llvm::CodeGenOptLevel, bool) const /usr/lib/llvm-20/include/llvm/MC/TargetRegistry.h:462:12
    #5 0x55ca9163a09e in tsc::TargetRegistry::initializeAllTargets() /workspace/src/TargetRegistry.cpp:67:41
    #6 0x55ca9162bdcd in tsc::Compiler::initializeLLVM() /workspace/src/Compiler.cpp:349:14
    #7 0x55ca9162b8b7 in tsc::Compiler::Compiler(tsc::CompilerOptions const&) /workspace/src/Compiler.cpp:24:5
    #8 0x55ca915fd7b5 in main /workspace/src/main.cpp:191:18
    #9 0x7ff5c395a337  (/lib/x86_64-linux-gnu/libc.so.6+0x2a337) (BuildId: 467f544f15035abef911999cbc14489edd0555ab)
    #10 0x7ff5c395a3fa in __libc_start_main (/lib/x86_64-linux-gnu/libc.so.6+0x2a3fa) (BuildId: 467f544f15035abef911999cbc14489edd0555ab)
    #11 0x55ca91511b64 in _start (/workspace/build-asan/tsc+0x74b64) (BuildId: 73a10d7cc646a755f705b0ae57418e68578aec2f)

Indirect leak of 464 byte(s) in 2 object(s) allocated from:
    #0 0x55ca915fa191 in operator new(unsigned long) (/workspace/build-asan/tsc+0x15d191) (BuildId: 73a10d7cc646a755f705b0ae57418e68578aec2f)
    #1 0x7ff5c7eb1e83  (/usr/lib/llvm-20/lib/libLLVM.so.20.1+0x3f95e83) (BuildId: b856c61f98abf0989f157f153740fe0fadfbb760)
    #2 0x7ff5c52d06be in llvm::CodeGenTargetMachineImpl::initAsmInfo() (/usr/lib/llvm-20/lib/libLLVM.so.20.1+0x13b46be) (BuildId: b856c61f98abf0989f157f153740fe0fadfbb760)
    #3 0x7ff5c7e26a54  (/usr/lib/llvm-20/lib/libLLVM.so.20.1+0x3f0aa54) (BuildId: b856c61f98abf0989f157f153740fe0fadfbb760)
    #4 0x7ff5c7e295aa  (/usr/lib/llvm-20/lib/libLLVM.so.20.1+0x3f0d5aa) (BuildId: b856c61f98abf0989f157f153740fe0fadfbb760)
    #5 0x55ca91648523 in llvm::Target::createTargetMachine(llvm::StringRef, llvm::StringRef, llvm::StringRef, llvm::TargetOptions const&, std::optional<llvm::Reloc::Model>, std::optional<llvm::CodeModel::Model>, llvm::CodeGenOptLevel, bool) const /usr/lib/llvm-20/include/llvm/MC/TargetRegistry.h:462:12
    #6 0x55ca9163a09e in tsc::TargetRegistry::initializeAllTargets() /workspace/src/TargetRegistry.cpp:67:41
    #7 0x55ca9162bdcd in tsc::Compiler::initializeLLVM() /workspace/src/Compiler.cpp:349:14
    #8 0x55ca9162b8b7 in tsc::Compiler::Compiler(tsc::CompilerOptions const&) /workspace/src/Compiler.cpp:24:5
    #9 0x55ca915fd7b5 in main /workspace/src/main.cpp:191:18
    #10 0x7ff5c395a337  (/lib/x86_64-linux-gnu/libc.so.6+0x2a337) (BuildId: 467f544f15035abef911999cbc14489edd0555ab)
    #11 0x7ff5c395a3fa in __libc_start_main (/lib/x86_64-linux-gnu/libc.so.6+0x2a3fa) (BuildId: 467f544f15035abef911999cbc14489edd0555ab)
    #12 0x55ca91511b64 in _start (/workspace/build-asan/tsc+0x74b64) (BuildId: 73a10d7cc646a755f705b0ae57418e68578aec2f)

Indirect leak of 464 byte(s) in 2 object(s) allocated from:
    #0 0x55ca915fa191 in operator new(unsigned long) (/workspace/build-asan/tsc+0x15d191) (BuildId: 73a10d7cc646a755f705b0ae57418e68578aec2f)
    #1 0x7ff5c7853ceb  (/usr/lib/llvm-20/lib/libLLVM.so.20.1+0x3937ceb) (BuildId: b856c61f98abf0989f157f153740fe0fadfbb760)
    #2 0x7ff5c52d06be in llvm::CodeGenTargetMachineImpl::initAsmInfo() (/usr/lib/llvm-20/lib/libLLVM.so.20.1+0x13b46be) (BuildId: b856c61f98abf0989f157f153740fe0fadfbb760)
    #3 0x7ff5c778f4cf  (/usr/lib/llvm-20/lib/libLLVM.so.20.1+0x38734cf) (BuildId: b856c61f98abf0989f157f153740fe0fadfbb760)
    #4 0x7ff5c77915a4  (/usr/lib/llvm-20/lib/libLLVM.so.20.1+0x38755a4) (BuildId: b856c61f98abf0989f157f153740fe0fadfbb760)
    #5 0x55ca91648523 in llvm::Target::createTargetMachine(llvm::StringRef, llvm::StringRef, llvm::StringRef, llvm::TargetOptions const&, std::optional<llvm::Reloc::Model>, std::optional<llvm::CodeModel::Model>, llvm::CodeGenOptLevel, bool) const /usr/lib/llvm-20/include/llvm/MC/TargetRegistry.h:462:12
    #6 0x55ca9163a09e in tsc::TargetRegistry::initializeAllTargets() /workspace/src/TargetRegistry.cpp:67:41
    #7 0x55ca9162bdcd in tsc::Compiler::initializeLLVM() /workspace/src/Compiler.cpp:349:14
    #8 0x55ca9162b8b7 in tsc::Compiler::Compiler(tsc::CompilerOptions const&) /workspace/src/Compiler.cpp:24:5
    #9 0x55ca915fd7b5 in main /workspace/src/main.cpp:191:18
    #10 0x7ff5c395a337  (/lib/x86_64-linux-gnu/libc.so.6+0x2a337) (BuildId: 467f544f15035abef911999cbc14489edd0555ab)
    #11 0x7ff5c395a3fa in __libc_start_main (/lib/x86_64-linux-gnu/libc.so.6+0x2a3fa) (BuildId: 467f544f15035abef911999cbc14489edd0555ab)
    #12 0x55ca91511b64 in _start (/workspace/build-asan/tsc+0x74b64) (BuildId: 73a10d7cc646a755f705b0ae57418e68578aec2f)

Indirect leak of 464 byte(s) in 2 object(s) allocated from:
    #0 0x55ca915fa191 in operator new(unsigned long) (/workspace/build-asan/tsc+0x15d191) (BuildId: 73a10d7cc646a755f705b0ae57418e68578aec2f)
    #1 0x7ff5c80f7ba3  (/usr/lib/llvm-20/lib/libLLVM.so.20.1+0x41dbba3) (BuildId: b856c61f98abf0989f157f153740fe0fadfbb760)
    #2 0x7ff5c52d06be in llvm::CodeGenTargetMachineImpl::initAsmInfo() (/usr/lib/llvm-20/lib/libLLVM.so.20.1+0x13b46be) (BuildId: b856c61f98abf0989f157f153740fe0fadfbb760)
    #3 0x7ff5c80d8f3a  (/usr/lib/llvm-20/lib/libLLVM.so.20.1+0x41bcf3a) (BuildId: b856c61f98abf0989f157f153740fe0fadfbb760)
    #4 0x55ca91648523 in llvm::Target::createTargetMachine(llvm::StringRef, llvm::StringRef, llvm::StringRef, llvm::TargetOptions const&, std::optional<llvm::Reloc::Model>, std::optional<llvm::CodeModel::Model>, llvm::CodeGenOptLevel, bool) const /usr/lib/llvm-20/include/llvm/MC/TargetRegistry.h:462:12
    #5 0x55ca9163a09e in tsc::TargetRegistry::initializeAllTargets() /workspace/src/TargetRegistry.cpp:67:41
    #6 0x55ca9162bdcd in tsc::Compiler::initializeLLVM() /workspace/src/Compiler.cpp:349:14
    #7 0x55ca9162b8b7 in tsc::Compiler::Compiler(tsc::CompilerOptions const&) /workspace/src/Compiler.cpp:24:5
    #8 0x55ca915fd7b5 in main /workspace/src/main.cpp:191:18
    #9 0x7ff5c395a337  (/lib/x86_64-linux-gnu/libc.so.6+0x2a337) (BuildId: 467f544f15035abef911999cbc14489edd0555ab)
    #10 0x7ff5c395a3fa in __libc_start_main (/lib/x86_64-linux-gnu/libc.so.6+0x2a3fa) (BuildId: 467f544f15035abef911999cbc14489edd0555ab)
    #11 0x55ca91511b64 in _start (/workspace/build-asan/tsc+0x74b64) (BuildId: 73a10d7cc646a755f705b0ae57418e68578aec2f)

Indirect leak of 464 byte(s) in 2 object(s) allocated from:
    #0 0x55ca915fa191 in operator new(unsigned long) (/workspace/build-asan/tsc+0x15d191) (BuildId: 73a10d7cc646a755f705b0ae57418e68578aec2f)
    #1 0x7ff5c7ac94b3  (/usr/lib/llvm-20/lib/libLLVM.so.20.1+0x3bad4b3) (BuildId: b856c61f98abf0989f157f153740fe0fadfbb760)
    #2 0x7ff5c52d06be in llvm::CodeGenTargetMachineImpl::initAsmInfo() (/usr/lib/llvm-20/lib/libLLVM.so.20.1+0x13b46be) (BuildId: b856c61f98abf0989f157f153740fe0fadfbb760)
    #3 0x7ff5c7aa6971  (/usr/lib/llvm-20/lib/libLLVM.so.20.1+0x3b8a971) (BuildId: b856c61f98abf0989f157f153740fe0fadfbb760)
    #4 0x7ff5c7aa76ca  (/usr/lib/llvm-20/lib/libLLVM.so.20.1+0x3b8b6ca) (BuildId: b856c61f98abf0989f157f153740fe0fadfbb760)
    #5 0x55ca91648523 in llvm::Target::createTargetMachine(llvm::StringRef, llvm::StringRef, llvm::StringRef, llvm::TargetOptions const&, std::optional<llvm::Reloc::Model>, std::optional<llvm::CodeModel::Model>, llvm::CodeGenOptLevel, bool) const /usr/lib/llvm-20/include/llvm/MC/TargetRegistry.h:462:12
    #6 0x55ca9163a09e in tsc::TargetRegistry::initializeAllTargets() /workspace/src/TargetRegistry.cpp:67:41
    #7 0x55ca9162bdcd in tsc::Compiler::initializeLLVM() /workspace/src/Compiler.cpp:349:14
    #8 0x55ca9162b8b7 in tsc::Compiler::Compiler(tsc::CompilerOptions const&) /workspace/src/Compiler.cpp:24:5
    #9 0x55ca915fd7b5 in main /workspace/src/main.cpp:191:18
    #10 0x7ff5c395a337  (/lib/x86_64-linux-gnu/libc.so.6+0x2a337) (BuildId: 467f544f15035abef911999cbc14489edd0555ab)
    #11 0x7ff5c395a3fa in __libc_start_main (/lib/x86_64-linux-gnu/libc.so.6+0x2a3fa) (BuildId: 467f544f15035abef911999cbc14489edd0555ab)
    #12 0x55ca91511b64 in _start (/workspace/build-asan/tsc+0x74b64) (BuildId: 73a10d7cc646a755f705b0ae57418e68578aec2f)

Indirect leak of 464 byte(s) in 2 object(s) allocated from:
    #0 0x55ca915fa191 in operator new(unsigned long) (/workspace/build-asan/tsc+0x15d191) (BuildId: 73a10d7cc646a755f705b0ae57418e68578aec2f)
    #1 0x7ff5c7bacf43  (/usr/lib/llvm-20/lib/libLLVM.so.20.1+0x3c90f43) (BuildId: b856c61f98abf0989f157f153740fe0fadfbb760)
    #2 0x7ff5c52d06be in llvm::CodeGenTargetMachineImpl::initAsmInfo() (/usr/lib/llvm-20/lib/libLLVM.so.20.1+0x13b46be) (BuildId: b856c61f98abf0989f157f153740fe0fadfbb760)
    #3 0x7ff5c7b61a81  (/usr/lib/llvm-20/lib/libLLVM.so.20.1+0x3c45a81) (BuildId: b856c61f98abf0989f157f153740fe0fadfbb760)
    #4 0x7ff5c7b62a6c  (/usr/lib/llvm-20/lib/libLLVM.so.20.1+0x3c46a6c) (BuildId: b856c61f98abf0989f157f153740fe0fadfbb760)
    #5 0x55ca91648523 in llvm::Target::createTargetMachine(llvm::StringRef, llvm::StringRef, llvm::StringRef, llvm::TargetOptions const&, std::optional<llvm::Reloc::Model>, std::optional<llvm::CodeModel::Model>, llvm::CodeGenOptLevel, bool) const /usr/lib/llvm-20/include/llvm/MC/TargetRegistry.h:462:12
    #6 0x55ca9163a09e in tsc::TargetRegistry::initializeAllTargets() /workspace/src/TargetRegistry.cpp:67:41
    #7 0x55ca9162bdcd in tsc::Compiler::initializeLLVM() /workspace/src/Compiler.cpp:349:14
    #8 0x55ca9162b8b7 in tsc::Compiler::Compiler(tsc::CompilerOptions const&) /workspace/src/Compiler.cpp:24:5
    #9 0x55ca915fd7b5 in main /workspace/src/main.cpp:191:18
    #10 0x7ff5c395a337  (/lib/x86_64-linux-gnu/libc.so.6+0x2a337) (BuildId: 467f544f15035abef911999cbc14489edd0555ab)
    #11 0x7ff5c395a3fa in __libc_start_main (/lib/x86_64-linux-gnu/libc.so.6+0x2a3fa) (BuildId: 467f544f15035abef911999cbc14489edd0555ab)
    #12 0x55ca91511b64 in _start (/workspace/build-asan/tsc+0x74b64) (BuildId: 73a10d7cc646a755f705b0ae57418e68578aec2f)

Indirect leak of 464 byte(s) in 2 object(s) allocated from:
    #0 0x55ca915fa191 in operator new(unsigned long) (/workspace/build-asan/tsc+0x15d191) (BuildId: 73a10d7cc646a755f705b0ae57418e68578aec2f)
    #1 0x7ff5c7bacf43  (/usr/lib/llvm-20/lib/libLLVM.so.20.1+0x3c90f43) (BuildId: b856c61f98abf0989f157f153740fe0fadfbb760)
    #2 0x7ff5c52d06be in llvm::CodeGenTargetMachineImpl::initAsmInfo() (/usr/lib/llvm-20/lib/libLLVM.so.20.1+0x13b46be) (BuildId: b856c61f98abf0989f157f153740fe0fadfbb760)
    #3 0x7ff5c7b61a81  (/usr/lib/llvm-20/lib/libLLVM.so.20.1+0x3c45a81) (BuildId: b856c61f98abf0989f157f153740fe0fadfbb760)
    #4 0x7ff5c7b62b2c  (/usr/lib/llvm-20/lib/libLLVM.so.20.1+0x3c46b2c) (BuildId: b856c61f98abf0989f157f153740fe0fadfbb760)
    #5 0x55ca91648523 in llvm::Target::createTargetMachine(llvm::StringRef, llvm::StringRef, llvm::StringRef, llvm::TargetOptions const&, std::optional<llvm::Reloc::Model>, std::optional<llvm::CodeModel::Model>, llvm::CodeGenOptLevel, bool) const /usr/lib/llvm-20/include/llvm/MC/TargetRegistry.h:462:12
    #6 0x55ca9163a09e in tsc::TargetRegistry::initializeAllTargets() /workspace/src/TargetRegistry.cpp:67:41
    #7 0x55ca9162bdcd in tsc::Compiler::initializeLLVM() /workspace/src/Compiler.cpp:349:14
    #8 0x55ca9162b8b7 in tsc::Compiler::Compiler(tsc::CompilerOptions const&) /workspace/src/Compiler.cpp:24:5
    #9 0x55ca915fd7b5 in main /workspace/src/main.cpp:191:18
    #10 0x7ff5c395a337  (/lib/x86_64-linux-gnu/libc.so.6+0x2a337) (BuildId: 467f544f15035abef911999cbc14489edd0555ab)
    #11 0x7ff5c395a3fa in __libc_start_main (/lib/x86_64-linux-gnu/libc.so.6+0x2a3fa) (BuildId: 467f544f15035abef911999cbc14489edd0555ab)
    #12 0x55ca91511b64 in _start (/workspace/build-asan/tsc+0x74b64) (BuildId: 73a10d7cc646a755f705b0ae57418e68578aec2f)

Indirect leak of 464 byte(s) in 2 object(s) allocated from:
    #0 0x55ca915fa191 in operator new(unsigned long) (/workspace/build-asan/tsc+0x15d191) (BuildId: 73a10d7cc646a755f705b0ae57418e68578aec2f)
    #1 0x7ff5c83fc392  (/usr/lib/llvm-20/lib/libLLVM.so.20.1+0x44e0392) (BuildId: b856c61f98abf0989f157f153740fe0fadfbb760)
    #2 0x7ff5c52d06be in llvm::CodeGenTargetMachineImpl::initAsmInfo() (/usr/lib/llvm-20/lib/libLLVM.so.20.1+0x13b46be) (BuildId: b856c61f98abf0989f157f153740fe0fadfbb760)
    #3 0x7ff5c837bf6d  (/usr/lib/llvm-20/lib/libLLVM.so.20.1+0x445ff6d) (BuildId: b856c61f98abf0989f157f153740fe0fadfbb760)
    #4 0x7ff5c837de4d  (/usr/lib/llvm-20/lib/libLLVM.so.20.1+0x4461e4d) (BuildId: b856c61f98abf0989f157f153740fe0fadfbb760)
    #5 0x55ca91648523 in llvm::Target::createTargetMachine(llvm::StringRef, llvm::StringRef, llvm::StringRef, llvm::TargetOptions const&, std::optional<llvm::Reloc::Model>, std::optional<llvm::CodeModel::Model>, llvm::CodeGenOptLevel, bool) const /usr/lib/llvm-20/include/llvm/MC/TargetRegistry.h:462:12
    #6 0x55ca9163a09e in tsc::TargetRegistry::initializeAllTargets() /workspace/src/TargetRegistry.cpp:67:41
    #7 0x55ca9162bdcd in tsc::Compiler::initializeLLVM() /workspace/src/Compiler.cpp:349:14
    #8 0x55ca9162b8b7 in tsc::Compiler::Compiler(tsc::CompilerOptions const&) /workspace/src/Compiler.cpp:24:5
    #9 0x55ca915fd7b5 in main /workspace/src/main.cpp:191:18
    #10 0x7ff5c395a337  (/lib/x86_64-linux-gnu/libc.so.6+0x2a337) (BuildId: 467f544f15035abef911999cbc14489edd0555ab)
    #11 0x7ff5c395a3fa in __libc_start_main (/lib/x86_64-linux-gnu/libc.so.6+0x2a3fa) (BuildId: 467f544f15035abef911999cbc14489edd0555ab)
    #12 0x55ca91511b64 in _start (/workspace/build-asan/tsc+0x74b64) (BuildId: 73a10d7cc646a755f705b0ae57418e68578aec2f)

Indirect leak of 464 byte(s) in 2 object(s) allocated from:
    #0 0x55ca915fa191 in operator new(unsigned long) (/workspace/build-asan/tsc+0x15d191) (BuildId: 73a10d7cc646a755f705b0ae57418e68578aec2f)
    #1 0x7ff5c7853ceb  (/usr/lib/llvm-20/lib/libLLVM.so.20.1+0x3937ceb) (BuildId: b856c61f98abf0989f157f153740fe0fadfbb760)
    #2 0x7ff5c52d06be in llvm::CodeGenTargetMachineImpl::initAsmInfo() (/usr/lib/llvm-20/lib/libLLVM.so.20.1+0x13b46be) (BuildId: b856c61f98abf0989f157f153740fe0fadfbb760)
    #3 0x7ff5c778f4cf  (/usr/lib/llvm-20/lib/libLLVM.so.20.1+0x38734cf) (BuildId: b856c61f98abf0989f157f153740fe0fadfbb760)
    #4 0x7ff5c77914e4  (/usr/lib/llvm-20/lib/libLLVM.so.20.1+0x38754e4) (BuildId: b856c61f98abf0989f157f153740fe0fadfbb760)
    #5 0x55ca91648523 in llvm::Target::createTargetMachine(llvm::StringRef, llvm::StringRef, llvm::StringRef, llvm::TargetOptions const&, std::optional<llvm::Reloc::Model>, std::optional<llvm::CodeModel::Model>, llvm::CodeGenOptLevel, bool) const /usr/lib/llvm-20/include/llvm/MC/TargetRegistry.h:462:12
    #6 0x55ca9163a09e in tsc::TargetRegistry::initializeAllTargets() /workspace/src/TargetRegistry.cpp:67:41
    #7 0x55ca9162bdcd in tsc::Compiler::initializeLLVM() /workspace/src/Compiler.cpp:349:14
    #8 0x55ca9162b8b7 in tsc::Compiler::Compiler(tsc::CompilerOptions const&) /workspace/src/Compiler.cpp:24:5
    #9 0x55ca915fd7b5 in main /workspace/src/main.cpp:191:18
    #10 0x7ff5c395a337  (/lib/x86_64-linux-gnu/libc.so.6+0x2a337) (BuildId: 467f544f15035abef911999cbc14489edd0555ab)
    #11 0x7ff5c395a3fa in __libc_start_main (/lib/x86_64-linux-gnu/libc.so.6+0x2a3fa) (BuildId: 467f544f15035abef911999cbc14489edd0555ab)
    #12 0x55ca91511b64 in _start (/workspace/build-asan/tsc+0x74b64) (BuildId: 73a10d7cc646a755f705b0ae57418e68578aec2f)

Indirect leak of 456 byte(s) in 1 object(s) allocated from:
    #0 0x55ca915fa191 in operator new(unsigned long) (/workspace/build-asan/tsc+0x15d191) (BuildId: 73a10d7cc646a755f705b0ae57418e68578aec2f)
    #1 0x7ff5c78851ad  (/usr/lib/llvm-20/lib/libLLVM.so.20.1+0x39691ad) (BuildId: b856c61f98abf0989f157f153740fe0fadfbb760)
    #2 0x7ff5c52d081f in llvm::CodeGenTargetMachineImpl::initAsmInfo() (/usr/lib/llvm-20/lib/libLLVM.so.20.1+0x13b481f) (BuildId: b856c61f98abf0989f157f153740fe0fadfbb760)
    #3 0x7ff5c7878dae  (/usr/lib/llvm-20/lib/libLLVM.so.20.1+0x395cdae) (BuildId: b856c61f98abf0989f157f153740fe0fadfbb760)
    #4 0x7ff5c78792ea  (/usr/lib/llvm-20/lib/libLLVM.so.20.1+0x395d2ea) (BuildId: b856c61f98abf0989f157f153740fe0fadfbb760)
    #5 0x55ca91648523 in llvm::Target::createTargetMachine(llvm::StringRef, llvm::StringRef, llvm::StringRef, llvm::TargetOptions const&, std::optional<llvm::Reloc::Model>, std::optional<llvm::CodeModel::Model>, llvm::CodeGenOptLevel, bool) const /usr/lib/llvm-20/include/llvm/MC/TargetRegistry.h:462:12
    #6 0x55ca9163a09e in tsc::TargetRegistry::initializeAllTargets() /workspace/src/TargetRegistry.cpp:67:41
    #7 0x55ca9162bdcd in tsc::Compiler::initializeLLVM() /workspace/src/Compiler.cpp:349:14
    #8 0x55ca9162b8b7 in tsc::Compiler::Compiler(tsc::CompilerOptions const&) /workspace/src/Compiler.cpp:24:5
    #9 0x55ca915fd7b5 in main /workspace/src/main.cpp:191:18
    #10 0x7ff5c395a337  (/lib/x86_64-linux-gnu/libc.so.6+0x2a337) (BuildId: 467f544f15035abef911999cbc14489edd0555ab)
    #11 0x7ff5c395a3fa in __libc_start_main (/lib/x86_64-linux-gnu/libc.so.6+0x2a3fa) (BuildId: 467f544f15035abef911999cbc14489edd0555ab)
    #12 0x55ca91511b64 in _start (/workspace/build-asan/tsc+0x74b64) (BuildId: 73a10d7cc646a755f705b0ae57418e68578aec2f)

Indirect leak of 456 byte(s) in 1 object(s) allocated from:
    #0 0x55ca915fa191 in operator new(unsigned long) (/workspace/build-asan/tsc+0x15d191) (BuildId: 73a10d7cc646a755f705b0ae57418e68578aec2f)
    #1 0x7ff5c848b787  (/usr/lib/llvm-20/lib/libLLVM.so.20.1+0x456f787) (BuildId: b856c61f98abf0989f157f153740fe0fadfbb760)
    #2 0x7ff5c52d081f in llvm::CodeGenTargetMachineImpl::initAsmInfo() (/usr/lib/llvm-20/lib/libLLVM.so.20.1+0x13b481f) (BuildId: b856c61f98abf0989f157f153740fe0fadfbb760)
    #3 0x7ff5c84822a4  (/usr/lib/llvm-20/lib/libLLVM.so.20.1+0x45662a4) (BuildId: b856c61f98abf0989f157f153740fe0fadfbb760)
    #4 0x7ff5c8482b05  (/usr/lib/llvm-20/lib/libLLVM.so.20.1+0x4566b05) (BuildId: b856c61f98abf0989f157f153740fe0fadfbb760)
    #5 0x55ca91648523 in llvm::Target::createTargetMachine(llvm::StringRef, llvm::StringRef, llvm::StringRef, llvm::TargetOptions const&, std::optional<llvm::Reloc::Model>, std::optional<llvm::CodeModel::Model>, llvm::CodeGenOptLevel, bool) const /usr/lib/llvm-20/include/llvm/MC/TargetRegistry.h:462:12
    #6 0x55ca9163a09e in tsc::TargetRegistry::initializeAllTargets() /workspace/src/TargetRegistry.cpp:67:41
    #7 0x55ca9162bdcd in tsc::Compiler::initializeLLVM() /workspace/src/Compiler.cpp:349:14
    #8 0x55ca9162b8b7 in tsc::Compiler::Compiler(tsc::CompilerOptions const&) /workspace/src/Compiler.cpp:24:5
    #9 0x55ca915fd7b5 in main /workspace/src/main.cpp:191:18
    #10 0x7ff5c395a337  (/lib/x86_64-linux-gnu/libc.so.6+0x2a337) (BuildId: 467f544f15035abef911999cbc14489edd0555ab)
    #11 0x7ff5c395a3fa in __libc_start_main (/lib/x86_64-linux-gnu/libc.so.6+0x2a3fa) (BuildId: 467f544f15035abef911999cbc14489edd0555ab)
    #12 0x55ca91511b64 in _start (/workspace/build-asan/tsc+0x74b64) (BuildId: 73a10d7cc646a755f705b0ae57418e68578aec2f)

Indirect leak of 456 byte(s) in 1 object(s) allocated from:
    #0 0x55ca915fa191 in operator new(unsigned long) (/workspace/build-asan/tsc+0x15d191) (BuildId: 73a10d7cc646a755f705b0ae57418e68578aec2f)
    #1 0x7ff5c763cc3d  (/usr/lib/llvm-20/lib/libLLVM.so.20.1+0x3720c3d) (BuildId: b856c61f98abf0989f157f153740fe0fadfbb760)
    #2 0x7ff5c52d081f in llvm::CodeGenTargetMachineImpl::initAsmInfo() (/usr/lib/llvm-20/lib/libLLVM.so.20.1+0x13b481f) (BuildId: b856c61f98abf0989f157f153740fe0fadfbb760)
    #3 0x7ff5c733201a  (/usr/lib/llvm-20/lib/libLLVM.so.20.1+0x341601a) (BuildId: b856c61f98abf0989f157f153740fe0fadfbb760)
    #4 0x7ff5c73e5e9c  (/usr/lib/llvm-20/lib/libLLVM.so.20.1+0x34c9e9c) (BuildId: b856c61f98abf0989f157f153740fe0fadfbb760)
    #5 0x7ff5c73471fd  (/usr/lib/llvm-20/lib/libLLVM.so.20.1+0x342b1fd) (BuildId: b856c61f98abf0989f157f153740fe0fadfbb760)
    #6 0x55ca91648523 in llvm::Target::createTargetMachine(llvm::StringRef, llvm::StringRef, llvm::StringRef, llvm::TargetOptions const&, std::optional<llvm::Reloc::Model>, std::optional<llvm::CodeModel::Model>, llvm::CodeGenOptLevel, bool) const /usr/lib/llvm-20/include/llvm/MC/TargetRegistry.h:462:12
    #7 0x55ca9163a09e in tsc::TargetRegistry::initializeAllTargets() /workspace/src/TargetRegistry.cpp:67:41
    #8 0x55ca9162bdcd in tsc::Compiler::initializeLLVM() /workspace/src/Compiler.cpp:349:14
    #9 0x55ca9162b8b7 in tsc::Compiler::Compiler(tsc::CompilerOptions const&) /workspace/src/Compiler.cpp:24:5
    #10 0x55ca915fd7b5 in main /workspace/src/main.cpp:191:18
    #11 0x7ff5c395a337  (/lib/x86_64-linux-gnu/libc.so.6+0x2a337) (BuildId: 467f544f15035abef911999cbc14489edd0555ab)
    #12 0x7ff5c395a3fa in __libc_start_main (/lib/x86_64-linux-gnu/libc.so.6+0x2a3fa) (BuildId: 467f544f15035abef911999cbc14489edd0555ab)
    #13 0x55ca91511b64 in _start (/workspace/build-asan/tsc+0x74b64) (BuildId: 73a10d7cc646a755f705b0ae57418e68578aec2f)

Indirect leak of 456 byte(s) in 1 object(s) allocated from:
    #0 0x55ca915fa191 in operator new(unsigned long) (/workspace/build-asan/tsc+0x15d191) (BuildId: 73a10d7cc646a755f705b0ae57418e68578aec2f)
    #1 0x7ff5c763cc3d  (/usr/lib/llvm-20/lib/libLLVM.so.20.1+0x3720c3d) (BuildId: b856c61f98abf0989f157f153740fe0fadfbb760)
    #2 0x7ff5c52d081f in llvm::CodeGenTargetMachineImpl::initAsmInfo() (/usr/lib/llvm-20/lib/libLLVM.so.20.1+0x13b481f) (BuildId: b856c61f98abf0989f157f153740fe0fadfbb760)
    #3 0x7ff5c733201a  (/usr/lib/llvm-20/lib/libLLVM.so.20.1+0x341601a) (BuildId: b856c61f98abf0989f157f153740fe0fadfbb760)
    #4 0x7ff5c734729c  (/usr/lib/llvm-20/lib/libLLVM.so.20.1+0x342b29c) (BuildId: b856c61f98abf0989f157f153740fe0fadfbb760)
    #5 0x55ca91648523 in llvm::Target::createTargetMachine(llvm::StringRef, llvm::StringRef, llvm::StringRef, llvm::TargetOptions const&, std::optional<llvm::Reloc::Model>, std::optional<llvm::CodeModel::Model>, llvm::CodeGenOptLevel, bool) const /usr/lib/llvm-20/include/llvm/MC/TargetRegistry.h:462:12
    #6 0x55ca9163a09e in tsc::TargetRegistry::initializeAllTargets() /workspace/src/TargetRegistry.cpp:67:41
    #7 0x55ca9162bdcd in tsc::Compiler::initializeLLVM() /workspace/src/Compiler.cpp:349:14
    #8 0x55ca9162b8b7 in tsc::Compiler::Compiler(tsc::CompilerOptions const&) /workspace/src/Compiler.cpp:24:5
    #9 0x55ca915fd7b5 in main /workspace/src/main.cpp:191:18
    #10 0x7ff5c395a337  (/lib/x86_64-linux-gnu/libc.so.6+0x2a337) (BuildId: 467f544f15035abef911999cbc14489edd0555ab)
    #11 0x7ff5c395a3fa in __libc_start_main (/lib/x86_64-linux-gnu/libc.so.6+0x2a3fa) (BuildId: 467f544f15035abef911999cbc14489edd0555ab)
    #12 0x55ca91511b64 in _start (/workspace/build-asan/tsc+0x74b64) (BuildId: 73a10d7cc646a755f705b0ae57418e68578aec2f)

Indirect leak of 456 byte(s) in 1 object(s) allocated from:
    #0 0x55ca915fa191 in operator new(unsigned long) (/workspace/build-asan/tsc+0x15d191) (BuildId: 73a10d7cc646a755f705b0ae57418e68578aec2f)
    #1 0x7ff5c7a3a480  (/usr/lib/llvm-20/lib/libLLVM.so.20.1+0x3b1e480) (BuildId: b856c61f98abf0989f157f153740fe0fadfbb760)
    #2 0x7ff5c52d081f in llvm::CodeGenTargetMachineImpl::initAsmInfo() (/usr/lib/llvm-20/lib/libLLVM.so.20.1+0x13b481f) (BuildId: b856c61f98abf0989f157f153740fe0fadfbb760)
    #3 0x7ff5c79ce866  (/usr/lib/llvm-20/lib/libLLVM.so.20.1+0x3ab2866) (BuildId: b856c61f98abf0989f157f153740fe0fadfbb760)
    #4 0x7ff5c79d081a  (/usr/lib/llvm-20/lib/libLLVM.so.20.1+0x3ab481a) (BuildId: b856c61f98abf0989f157f153740fe0fadfbb760)
    #5 0x55ca91648523 in llvm::Target::createTargetMachine(llvm::StringRef, llvm::StringRef, llvm::StringRef, llvm::TargetOptions const&, std::optional<llvm::Reloc::Model>, std::optional<llvm::CodeModel::Model>, llvm::CodeGenOptLevel, bool) const /usr/lib/llvm-20/include/llvm/MC/TargetRegistry.h:462:12
    #6 0x55ca9163a09e in tsc::TargetRegistry::initializeAllTargets() /workspace/src/TargetRegistry.cpp:67:41
    #7 0x55ca9162bdcd in tsc::Compiler::initializeLLVM() /workspace/src/Compiler.cpp:349:14
    #8 0x55ca9162b8b7 in tsc::Compiler::Compiler(tsc::CompilerOptions const&) /workspace/src/Compiler.cpp:24:5
    #9 0x55ca915fd7b5 in main /workspace/src/main.cpp:191:18
    #10 0x7ff5c395a337  (/lib/x86_64-linux-gnu/libc.so.6+0x2a337) (BuildId: 467f544f15035abef911999cbc14489edd0555ab)
    #11 0x7ff5c395a3fa in __libc_start_main (/lib/x86_64-linux-gnu/libc.so.6+0x2a3fa) (BuildId: 467f544f15035abef911999cbc14489edd0555ab)
    #12 0x55ca91511b64 in _start (/workspace/build-asan/tsc+0x74b64) (BuildId: 73a10d7cc646a755f705b0ae57418e68578aec2f)

Indirect leak of 456 byte(s) in 1 object(s) allocated from:
    #0 0x55ca915fa191 in operator new(unsigned long) (/workspace/build-asan/tsc+0x15d191) (BuildId: 73a10d7cc646a755f705b0ae57418e68578aec2f)
    #1 0x7ff5c7c3146d  (/usr/lib/llvm-20/lib/libLLVM.so.20.1+0x3d1546d) (BuildId: b856c61f98abf0989f157f153740fe0fadfbb760)
    #2 0x7ff5c52d081f in llvm::CodeGenTargetMachineImpl::initAsmInfo() (/usr/lib/llvm-20/lib/libLLVM.so.20.1+0x13b481f) (BuildId: b856c61f98abf0989f157f153740fe0fadfbb760)
    #3 0x7ff5c7c060c4  (/usr/lib/llvm-20/lib/libLLVM.so.20.1+0x3cea0c4) (BuildId: b856c61f98abf0989f157f153740fe0fadfbb760)
    #4 0x7ff5c7c07e74  (/usr/lib/llvm-20/lib/libLLVM.so.20.1+0x3cebe74) (BuildId: b856c61f98abf0989f157f153740fe0fadfbb760)
    #5 0x55ca91648523 in llvm::Target::createTargetMachine(llvm::StringRef, llvm::StringRef, llvm::StringRef, llvm::TargetOptions const&, std::optional<llvm::Reloc::Model>, std::optional<llvm::CodeModel::Model>, llvm::CodeGenOptLevel, bool) const /usr/lib/llvm-20/include/llvm/MC/TargetRegistry.h:462:12
    #6 0x55ca9163a09e in tsc::TargetRegistry::initializeAllTargets() /workspace/src/TargetRegistry.cpp:67:41
    #7 0x55ca9162bdcd in tsc::Compiler::initializeLLVM() /workspace/src/Compiler.cpp:349:14
    #8 0x55ca9162b8b7 in tsc::Compiler::Compiler(tsc::CompilerOptions const&) /workspace/src/Compiler.cpp:24:5
    #9 0x55ca915fd7b5 in main /workspace/src/main.cpp:191:18
    #10 0x7ff5c395a337  (/lib/x86_64-linux-gnu/libc.so.6+0x2a337) (BuildId: 467f544f15035abef911999cbc14489edd0555ab)
    #11 0x7ff5c395a3fa in __libc_start_main (/lib/x86_64-linux-gnu/libc.so.6+0x2a3fa) (BuildId: 467f544f15035abef911999cbc14489edd0555ab)
    #12 0x55ca91511b64 in _start (/workspace/build-asan/tsc+0x74b64) (BuildId: 73a10d7cc646a755f705b0ae57418e68578aec2f)

Indirect leak of 456 byte(s) in 1 object(s) allocated from:
    #0 0x55ca915fa191 in operator new(unsigned long) (/workspace/build-asan/tsc+0x15d191) (BuildId: 73a10d7cc646a755f705b0ae57418e68578aec2f)
    #1 0x7ff5c843158b  (/usr/lib/llvm-20/lib/libLLVM.so.20.1+0x451558b) (BuildId: b856c61f98abf0989f157f153740fe0fadfbb760)
    #2 0x7ff5c52d081f in llvm::CodeGenTargetMachineImpl::initAsmInfo() (/usr/lib/llvm-20/lib/libLLVM.so.20.1+0x13b481f) (BuildId: b856c61f98abf0989f157f153740fe0fadfbb760)
    #3 0x7ff5c841cad0  (/usr/lib/llvm-20/lib/libLLVM.so.20.1+0x4500ad0) (BuildId: b856c61f98abf0989f157f153740fe0fadfbb760)
    #4 0x7ff5c841d0da  (/usr/lib/llvm-20/lib/libLLVM.so.20.1+0x45010da) (BuildId: b856c61f98abf0989f157f153740fe0fadfbb760)
    #5 0x55ca91648523 in llvm::Target::createTargetMachine(llvm::StringRef, llvm::StringRef, llvm::StringRef, llvm::TargetOptions const&, std::optional<llvm::Reloc::Model>, std::optional<llvm::CodeModel::Model>, llvm::CodeGenOptLevel, bool) const /usr/lib/llvm-20/include/llvm/MC/TargetRegistry.h:462:12
    #6 0x55ca9163a09e in tsc::TargetRegistry::initializeAllTargets() /workspace/src/TargetRegistry.cpp:67:41
    #7 0x55ca9162bdcd in tsc::Compiler::initializeLLVM() /workspace/src/Compiler.cpp:349:14
    #8 0x55ca9162b8b7 in tsc::Compiler::Compiler(tsc::CompilerOptions const&) /workspace/src/Compiler.cpp:24:5
    #9 0x55ca915fd7b5 in main /workspace/src/main.cpp:191:18
    #10 0x7ff5c395a337  (/lib/x86_64-linux-gnu/libc.so.6+0x2a337) (BuildId: 467f544f15035abef911999cbc14489edd0555ab)
    #11 0x7ff5c395a3fa in __libc_start_main (/lib/x86_64-linux-gnu/libc.so.6+0x2a3fa) (BuildId: 467f544f15035abef911999cbc14489edd0555ab)
    #12 0x55ca91511b64 in _start (/workspace/build-asan/tsc+0x74b64) (BuildId: 73a10d7cc646a755f705b0ae57418e68578aec2f)

Indirect leak of 456 byte(s) in 1 object(s) allocated from:
    #0 0x55ca915fa191 in operator new(unsigned long) (/workspace/build-asan/tsc+0x15d191) (BuildId: 73a10d7cc646a755f705b0ae57418e68578aec2f)
    #1 0x7ff5c803d276  (/usr/lib/llvm-20/lib/libLLVM.so.20.1+0x4121276) (BuildId: b856c61f98abf0989f157f153740fe0fadfbb760)
    #2 0x7ff5c52d081f in llvm::CodeGenTargetMachineImpl::initAsmInfo() (/usr/lib/llvm-20/lib/libLLVM.so.20.1+0x13b481f) (BuildId: b856c61f98abf0989f157f153740fe0fadfbb760)
    #3 0x7ff5c8007c26  (/usr/lib/llvm-20/lib/libLLVM.so.20.1+0x40ebc26) (BuildId: b856c61f98abf0989f157f153740fe0fadfbb760)
    #4 0x7ff5c8008a0d  (/usr/lib/llvm-20/lib/libLLVM.so.20.1+0x40eca0d) (BuildId: b856c61f98abf0989f157f153740fe0fadfbb760)
    #5 0x55ca91648523 in llvm::Target::createTargetMachine(llvm::StringRef, llvm::StringRef, llvm::StringRef, llvm::TargetOptions const&, std::optional<llvm::Reloc::Model>, std::optional<llvm::CodeModel::Model>, llvm::CodeGenOptLevel, bool) const /usr/lib/llvm-20/include/llvm/MC/TargetRegistry.h:462:12
    #6 0x55ca9163a09e in tsc::TargetRegistry::initializeAllTargets() /workspace/src/TargetRegistry.cpp:67:41
    #7 0x55ca9162bdcd in tsc::Compiler::initializeLLVM() /workspace/src/Compiler.cpp:349:14
    #8 0x55ca9162b8b7 in tsc::Compiler::Compiler(tsc::CompilerOptions const&) /workspace/src/Compiler.cpp:24:5
    #9 0x55ca915fd7b5 in main /workspace/src/main.cpp:191:18
    #10 0x7ff5c395a337  (/lib/x86_64-linux-gnu/libc.so.6+0x2a337) (BuildId: 467f544f15035abef911999cbc14489edd0555ab)
    #11 0x7ff5c395a3fa in __libc_start_main (/lib/x86_64-linux-gnu/libc.so.6+0x2a3fa) (BuildId: 467f544f15035abef911999cbc14489edd0555ab)
    #12 0x55ca91511b64 in _start (/workspace/build-asan/tsc+0x74b64) (BuildId: 73a10d7cc646a755f705b0ae57418e68578aec2f)

Indirect leak of 456 byte(s) in 1 object(s) allocated from:
    #0 0x55ca915fa191 in operator new(unsigned long) (/workspace/build-asan/tsc+0x15d191) (BuildId: 73a10d7cc646a755f705b0ae57418e68578aec2f)
    #1 0x7ff5c807f1e0  (/usr/lib/llvm-20/lib/libLLVM.so.20.1+0x41631e0) (BuildId: b856c61f98abf0989f157f153740fe0fadfbb760)
    #2 0x7ff5c52d081f in llvm::CodeGenTargetMachineImpl::initAsmInfo() (/usr/lib/llvm-20/lib/libLLVM.so.20.1+0x13b481f) (BuildId: b856c61f98abf0989f157f153740fe0fadfbb760)
    #3 0x7ff5c805e664  (/usr/lib/llvm-20/lib/libLLVM.so.20.1+0x4142664) (BuildId: b856c61f98abf0989f157f153740fe0fadfbb760)
    #4 0x7ff5c805ecda  (/usr/lib/llvm-20/lib/libLLVM.so.20.1+0x4142cda) (BuildId: b856c61f98abf0989f157f153740fe0fadfbb760)
    #5 0x55ca91648523 in llvm::Target::createTargetMachine(llvm::StringRef, llvm::StringRef, llvm::StringRef, llvm::TargetOptions const&, std::optional<llvm::Reloc::Model>, std::optional<llvm::CodeModel::Model>, llvm::CodeGenOptLevel, bool) const /usr/lib/llvm-20/include/llvm/MC/TargetRegistry.h:462:12
    #6 0x55ca9163a09e in tsc::TargetRegistry::initializeAllTargets() /workspace/src/TargetRegistry.cpp:67:41
    #7 0x55ca9162bdcd in tsc::Compiler::initializeLLVM() /workspace/src/Compiler.cpp:349:14
    #8 0x55ca9162b8b7 in tsc::Compiler::Compiler(tsc::CompilerOptions const&) /workspace/src/Compiler.cpp:24:5
    #9 0x55ca915fd7b5 in main /workspace/src/main.cpp:191:18
    #10 0x7ff5c395a337  (/lib/x86_64-linux-gnu/libc.so.6+0x2a337) (BuildId: 467f544f15035abef911999cbc14489edd0555ab)
    #11 0x7ff5c395a3fa in __libc_start_main (/lib/x86_64-linux-gnu/libc.so.6+0x2a3fa) (BuildId: 467f544f15035abef911999cbc14489edd0555ab)
    #12 0x55ca91511b64 in _start (/workspace/build-asan/tsc+0x74b64) (BuildId: 73a10d7cc646a755f705b0ae57418e68578aec2f)

Indirect leak of 456 byte(s) in 1 object(s) allocated from:
    #0 0x55ca915fa191 in operator new(unsigned long) (/workspace/build-asan/tsc+0x15d191) (BuildId: 73a10d7cc646a755f705b0ae57418e68578aec2f)
    #1 0x7ff5c7ee5cf0  (/usr/lib/llvm-20/lib/libLLVM.so.20.1+0x3fc9cf0) (BuildId: b856c61f98abf0989f157f153740fe0fadfbb760)
    #2 0x7ff5c52d081f in llvm::CodeGenTargetMachineImpl::initAsmInfo() (/usr/lib/llvm-20/lib/libLLVM.so.20.1+0x13b481f) (BuildId: b856c61f98abf0989f157f153740fe0fadfbb760)
    #3 0x7ff5c7ed4b76  (/usr/lib/llvm-20/lib/libLLVM.so.20.1+0x3fb8b76) (BuildId: b856c61f98abf0989f157f153740fe0fadfbb760)
    #4 0x7ff5c7ed569c  (/usr/lib/llvm-20/lib/libLLVM.so.20.1+0x3fb969c) (BuildId: b856c61f98abf0989f157f153740fe0fadfbb760)
    #5 0x55ca91648523 in llvm::Target::createTargetMachine(llvm::StringRef, llvm::StringRef, llvm::StringRef, llvm::TargetOptions const&, std::optional<llvm::Reloc::Model>, std::optional<llvm::CodeModel::Model>, llvm::CodeGenOptLevel, bool) const /usr/lib/llvm-20/include/llvm/MC/TargetRegistry.h:462:12
    #6 0x55ca9163a09e in tsc::TargetRegistry::initializeAllTargets() /workspace/src/TargetRegistry.cpp:67:41
    #7 0x55ca9162bdcd in tsc::Compiler::initializeLLVM() /workspace/src/Compiler.cpp:349:14
    #8 0x55ca9162b8b7 in tsc::Compiler::Compiler(tsc::CompilerOptions const&) /workspace/src/Compiler.cpp:24:5
    #9 0x55ca915fd7b5 in main /workspace/src/main.cpp:191:18
    #10 0x7ff5c395a337  (/lib/x86_64-linux-gnu/libc.so.6+0x2a337) (BuildId: 467f544f15035abef911999cbc14489edd0555ab)
    #11 0x7ff5c395a3fa in __libc_start_main (/lib/x86_64-linux-gnu/libc.so.6+0x2a3fa) (BuildId: 467f544f15035abef911999cbc14489edd0555ab)
    #12 0x55ca91511b64 in _start (/workspace/build-asan/tsc+0x74b64) (BuildId: 73a10d7cc646a755f705b0ae57418e68578aec2f)

Indirect leak of 456 byte(s) in 1 object(s) allocated from:
    #0 0x55ca915fa191 in operator new(unsigned long) (/workspace/build-asan/tsc+0x15d191) (BuildId: 73a10d7cc646a755f705b0ae57418e68578aec2f)
    #1 0x7ff5c7ee5e00  (/usr/lib/llvm-20/lib/libLLVM.so.20.1+0x3fc9e00) (BuildId: b856c61f98abf0989f157f153740fe0fadfbb760)
    #2 0x7ff5c52d081f in llvm::CodeGenTargetMachineImpl::initAsmInfo() (/usr/lib/llvm-20/lib/libLLVM.so.20.1+0x13b481f) (BuildId: b856c61f98abf0989f157f153740fe0fadfbb760)
    #3 0x7ff5c7ed4b76  (/usr/lib/llvm-20/lib/libLLVM.so.20.1+0x3fb8b76) (BuildId: b856c61f98abf0989f157f153740fe0fadfbb760)
    #4 0x7ff5c7ed575c  (/usr/lib/llvm-20/lib/libLLVM.so.20.1+0x3fb975c) (BuildId: b856c61f98abf0989f157f153740fe0fadfbb760)
    #5 0x55ca91648523 in llvm::Target::createTargetMachine(llvm::StringRef, llvm::StringRef, llvm::StringRef, llvm::TargetOptions const&, std::optional<llvm::Reloc::Model>, std::optional<llvm::CodeModel::Model>, llvm::CodeGenOptLevel, bool) const /usr/lib/llvm-20/include/llvm/MC/TargetRegistry.h:462:12
    #6 0x55ca9163a09e in tsc::TargetRegistry::initializeAllTargets() /workspace/src/TargetRegistry.cpp:67:41
    #7 0x55ca9162bdcd in tsc::Compiler::initializeLLVM() /workspace/src/Compiler.cpp:349:14
    #8 0x55ca9162b8b7 in tsc::Compiler::Compiler(tsc::CompilerOptions const&) /workspace/src/Compiler.cpp:24:5
    #9 0x55ca915fd7b5 in main /workspace/src/main.cpp:191:18
    #10 0x7ff5c395a337  (/lib/x86_64-linux-gnu/libc.so.6+0x2a337) (BuildId: 467f544f15035abef911999cbc14489edd0555ab)
    #11 0x7ff5c395a3fa in __libc_start_main (/lib/x86_64-linux-gnu/libc.so.6+0x2a3fa) (BuildId: 467f544f15035abef911999cbc14489edd0555ab)
    #12 0x55ca91511b64 in _start (/workspace/build-asan/tsc+0x74b64) (BuildId: 73a10d7cc646a755f705b0ae57418e68578aec2f)

Indirect leak of 456 byte(s) in 1 object(s) allocated from:
    #0 0x55ca915fa191 in operator new(unsigned long) (/workspace/build-asan/tsc+0x15d191) (BuildId: 73a10d7cc646a755f705b0ae57418e68578aec2f)
    #1 0x7ff5c719b05f  (/usr/lib/llvm-20/lib/libLLVM.so.20.1+0x327f05f) (BuildId: b856c61f98abf0989f157f153740fe0fadfbb760)
    #2 0x7ff5c52d081f in llvm::CodeGenTargetMachineImpl::initAsmInfo() (/usr/lib/llvm-20/lib/libLLVM.so.20.1+0x13b481f) (BuildId: b856c61f98abf0989f157f153740fe0fadfbb760)
    #3 0x7ff5c70ed3c9  (/usr/lib/llvm-20/lib/libLLVM.so.20.1+0x31d13c9) (BuildId: b856c61f98abf0989f157f153740fe0fadfbb760)
    #4 0x7ff5c70efddc  (/usr/lib/llvm-20/lib/libLLVM.so.20.1+0x31d3ddc) (BuildId: b856c61f98abf0989f157f153740fe0fadfbb760)
    #5 0x55ca91648523 in llvm::Target::createTargetMachine(llvm::StringRef, llvm::StringRef, llvm::StringRef, llvm::TargetOptions const&, std::optional<llvm::Reloc::Model>, std::optional<llvm::CodeModel::Model>, llvm::CodeGenOptLevel, bool) const /usr/lib/llvm-20/include/llvm/MC/TargetRegistry.h:462:12
    #6 0x55ca9163a09e in tsc::TargetRegistry::initializeAllTargets() /workspace/src/TargetRegistry.cpp:67:41
    #7 0x55ca9162bdcd in tsc::Compiler::initializeLLVM() /workspace/src/Compiler.cpp:349:14
    #8 0x55ca9162b8b7 in tsc::Compiler::Compiler(tsc::CompilerOptions const&) /workspace/src/Compiler.cpp:24:5
    #9 0x55ca915fd7b5 in main /workspace/src/main.cpp:191:18
    #10 0x7ff5c395a337  (/lib/x86_64-linux-gnu/libc.so.6+0x2a337) (BuildId: 467f544f15035abef911999cbc14489edd0555ab)
    #11 0x7ff5c395a3fa in __libc_start_main (/lib/x86_64-linux-gnu/libc.so.6+0x2a3fa) (BuildId: 467f544f15035abef911999cbc14489edd0555ab)
    #12 0x55ca91511b64 in _start (/workspace/build-asan/tsc+0x74b64) (BuildId: 73a10d7cc646a755f705b0ae57418e68578aec2f)

Indirect leak of 456 byte(s) in 1 object(s) allocated from:
    #0 0x55ca915fa191 in operator new(unsigned long) (/workspace/build-asan/tsc+0x15d191) (BuildId: 73a10d7cc646a755f705b0ae57418e68578aec2f)
    #1 0x7ff5c7a6aa4d  (/usr/lib/llvm-20/lib/libLLVM.so.20.1+0x3b4ea4d) (BuildId: b856c61f98abf0989f157f153740fe0fadfbb760)
    #2 0x7ff5c52d081f in llvm::CodeGenTargetMachineImpl::initAsmInfo() (/usr/lib/llvm-20/lib/libLLVM.so.20.1+0x13b481f) (BuildId: b856c61f98abf0989f157f153740fe0fadfbb760)
    #3 0x7ff5c7a52005  (/usr/lib/llvm-20/lib/libLLVM.so.20.1+0x3b36005) (BuildId: b856c61f98abf0989f157f153740fe0fadfbb760)
    #4 0x7ff5c7a525ca  (/usr/lib/llvm-20/lib/libLLVM.so.20.1+0x3b365ca) (BuildId: b856c61f98abf0989f157f153740fe0fadfbb760)
    #5 0x55ca91648523 in llvm::Target::createTargetMachine(llvm::StringRef, llvm::StringRef, llvm::StringRef, llvm::TargetOptions const&, std::optional<llvm::Reloc::Model>, std::optional<llvm::CodeModel::Model>, llvm::CodeGenOptLevel, bool) const /usr/lib/llvm-20/include/llvm/MC/TargetRegistry.h:462:12
    #6 0x55ca9163a09e in tsc::TargetRegistry::initializeAllTargets() /workspace/src/TargetRegistry.cpp:67:41
    #7 0x55ca9162bdcd in tsc::Compiler::initializeLLVM() /workspace/src/Compiler.cpp:349:14
    #8 0x55ca9162b8b7 in tsc::Compiler::Compiler(tsc::CompilerOptions const&) /workspace/src/Compiler.cpp:24:5
    #9 0x55ca915fd7b5 in main /workspace/src/main.cpp:191:18
    #10 0x7ff5c395a337  (/lib/x86_64-linux-gnu/libc.so.6+0x2a337) (BuildId: 467f544f15035abef911999cbc14489edd0555ab)
    #11 0x7ff5c395a3fa in __libc_start_main (/lib/x86_64-linux-gnu/libc.so.6+0x2a3fa) (BuildId: 467f544f15035abef911999cbc14489edd0555ab)
    #12 0x55ca91511b64 in _start (/workspace/build-asan/tsc+0x74b64) (BuildId: 73a10d7cc646a755f705b0ae57418e68578aec2f)

Indirect leak of 456 byte(s) in 1 object(s) allocated from:
    #0 0x55ca915fa191 in operator new(unsigned long) (/workspace/build-asan/tsc+0x15d191) (BuildId: 73a10d7cc646a755f705b0ae57418e68578aec2f)
    #1 0x7ff5c7bc51e2  (/usr/lib/llvm-20/lib/libLLVM.so.20.1+0x3ca91e2) (BuildId: b856c61f98abf0989f157f153740fe0fadfbb760)
    #2 0x7ff5c52d081f in llvm::CodeGenTargetMachineImpl::initAsmInfo() (/usr/lib/llvm-20/lib/libLLVM.so.20.1+0x13b481f) (BuildId: b856c61f98abf0989f157f153740fe0fadfbb760)
    #3 0x7ff5c7bc1f78  (/usr/lib/llvm-20/lib/libLLVM.so.20.1+0x3ca5f78) (BuildId: b856c61f98abf0989f157f153740fe0fadfbb760)
    #4 0x7ff5c7bc234a  (/usr/lib/llvm-20/lib/libLLVM.so.20.1+0x3ca634a) (BuildId: b856c61f98abf0989f157f153740fe0fadfbb760)
    #5 0x55ca91648523 in llvm::Target::createTargetMachine(llvm::StringRef, llvm::StringRef, llvm::StringRef, llvm::TargetOptions const&, std::optional<llvm::Reloc::Model>, std::optional<llvm::CodeModel::Model>, llvm::CodeGenOptLevel, bool) const /usr/lib/llvm-20/include/llvm/MC/TargetRegistry.h:462:12
    #6 0x55ca9163a09e in tsc::TargetRegistry::initializeAllTargets() /workspace/src/TargetRegistry.cpp:67:41
    #7 0x55ca9162bdcd in tsc::Compiler::initializeLLVM() /workspace/src/Compiler.cpp:349:14
    #8 0x55ca9162b8b7 in tsc::Compiler::Compiler(tsc::CompilerOptions const&) /workspace/src/Compiler.cpp:24:5
    #9 0x55ca915fd7b5 in main /workspace/src/main.cpp:191:18
    #10 0x7ff5c395a337  (/lib/x86_64-linux-gnu/libc.so.6+0x2a337) (BuildId: 467f544f15035abef911999cbc14489edd0555ab)
    #11 0x7ff5c395a3fa in __libc_start_main (/lib/x86_64-linux-gnu/libc.so.6+0x2a3fa) (BuildId: 467f544f15035abef911999cbc14489edd0555ab)
    #12 0x55ca91511b64 in _start (/workspace/build-asan/tsc+0x74b64) (BuildId: 73a10d7cc646a755f705b0ae57418e68578aec2f)

Indirect leak of 456 byte(s) in 1 object(s) allocated from:
    #0 0x55ca915fa191 in operator new(unsigned long) (/workspace/build-asan/tsc+0x15d191) (BuildId: 73a10d7cc646a755f705b0ae57418e68578aec2f)
    #1 0x7ff5c7c3146d  (/usr/lib/llvm-20/lib/libLLVM.so.20.1+0x3d1546d) (BuildId: b856c61f98abf0989f157f153740fe0fadfbb760)
    #2 0x7ff5c52d081f in llvm::CodeGenTargetMachineImpl::initAsmInfo() (/usr/lib/llvm-20/lib/libLLVM.so.20.1+0x13b481f) (BuildId: b856c61f98abf0989f157f153740fe0fadfbb760)
    #3 0x7ff5c7c060c4  (/usr/lib/llvm-20/lib/libLLVM.so.20.1+0x3cea0c4) (BuildId: b856c61f98abf0989f157f153740fe0fadfbb760)
    #4 0x7ff5c7c07f34  (/usr/lib/llvm-20/lib/libLLVM.so.20.1+0x3cebf34) (BuildId: b856c61f98abf0989f157f153740fe0fadfbb760)
    #5 0x55ca91648523 in llvm::Target::createTargetMachine(llvm::StringRef, llvm::StringRef, llvm::StringRef, llvm::TargetOptions const&, std::optional<llvm::Reloc::Model>, std::optional<llvm::CodeModel::Model>, llvm::CodeGenOptLevel, bool) const /usr/lib/llvm-20/include/llvm/MC/TargetRegistry.h:462:12
    #6 0x55ca9163a09e in tsc::TargetRegistry::initializeAllTargets() /workspace/src/TargetRegistry.cpp:67:41
    #7 0x55ca9162bdcd in tsc::Compiler::initializeLLVM() /workspace/src/Compiler.cpp:349:14
    #8 0x55ca9162b8b7 in tsc::Compiler::Compiler(tsc::CompilerOptions const&) /workspace/src/Compiler.cpp:24:5
    #9 0x55ca915fd7b5 in main /workspace/src/main.cpp:191:18
    #10 0x7ff5c395a337  (/lib/x86_64-linux-gnu/libc.so.6+0x2a337) (BuildId: 467f544f15035abef911999cbc14489edd0555ab)
    #11 0x7ff5c395a3fa in __libc_start_main (/lib/x86_64-linux-gnu/libc.so.6+0x2a3fa) (BuildId: 467f544f15035abef911999cbc14489edd0555ab)
    #12 0x55ca91511b64 in _start (/workspace/build-asan/tsc+0x74b64) (BuildId: 73a10d7cc646a755f705b0ae57418e68578aec2f)

Indirect leak of 456 byte(s) in 1 object(s) allocated from:
    #0 0x55ca915fa191 in operator new(unsigned long) (/workspace/build-asan/tsc+0x15d191) (BuildId: 73a10d7cc646a755f705b0ae57418e68578aec2f)
    #1 0x7ff5c846ad32  (/usr/lib/llvm-20/lib/libLLVM.so.20.1+0x454ed32) (BuildId: b856c61f98abf0989f157f153740fe0fadfbb760)
    #2 0x7ff5c52d081f in llvm::CodeGenTargetMachineImpl::initAsmInfo() (/usr/lib/llvm-20/lib/libLLVM.so.20.1+0x13b481f) (BuildId: b856c61f98abf0989f157f153740fe0fadfbb760)
    #3 0x7ff5c8457128  (/usr/lib/llvm-20/lib/libLLVM.so.20.1+0x453b128) (BuildId: b856c61f98abf0989f157f153740fe0fadfbb760)
    #4 0x7ff5c8457a7a  (/usr/lib/llvm-20/lib/libLLVM.so.20.1+0x453ba7a) (BuildId: b856c61f98abf0989f157f153740fe0fadfbb760)
    #5 0x55ca91648523 in llvm::Target::createTargetMachine(llvm::StringRef, llvm::StringRef, llvm::StringRef, llvm::TargetOptions const&, std::optional<llvm::Reloc::Model>, std::optional<llvm::CodeModel::Model>, llvm::CodeGenOptLevel, bool) const /usr/lib/llvm-20/include/llvm/MC/TargetRegistry.h:462:12
    #6 0x55ca9163a09e in tsc::TargetRegistry::initializeAllTargets() /workspace/src/TargetRegistry.cpp:67:41
    #7 0x55ca9162bdcd in tsc::Compiler::initializeLLVM() /workspace/src/Compiler.cpp:349:14
    #8 0x55ca9162b8b7 in tsc::Compiler::Compiler(tsc::CompilerOptions const&) /workspace/src/Compiler.cpp:24:5
    #9 0x55ca915fd7b5 in main /workspace/src/main.cpp:191:18
    #10 0x7ff5c395a337  (/lib/x86_64-linux-gnu/libc.so.6+0x2a337) (BuildId: 467f544f15035abef911999cbc14489edd0555ab)
    #11 0x7ff5c395a3fa in __libc_start_main (/lib/x86_64-linux-gnu/libc.so.6+0x2a3fa) (BuildId: 467f544f15035abef911999cbc14489edd0555ab)
    #12 0x55ca91511b64 in _start (/workspace/build-asan/tsc+0x74b64) (BuildId: 73a10d7cc646a755f705b0ae57418e68578aec2f)

Indirect leak of 456 byte(s) in 1 object(s) allocated from:
    #0 0x55ca915fa191 in operator new(unsigned long) (/workspace/build-asan/tsc+0x15d191) (BuildId: 73a10d7cc646a755f705b0ae57418e68578aec2f)
    #1 0x7ff5c7ee5cf0  (/usr/lib/llvm-20/lib/libLLVM.so.20.1+0x3fc9cf0) (BuildId: b856c61f98abf0989f157f153740fe0fadfbb760)
    #2 0x7ff5c52d081f in llvm::CodeGenTargetMachineImpl::initAsmInfo() (/usr/lib/llvm-20/lib/libLLVM.so.20.1+0x13b481f) (BuildId: b856c61f98abf0989f157f153740fe0fadfbb760)
    #3 0x7ff5c7ed4b76  (/usr/lib/llvm-20/lib/libLLVM.so.20.1+0x3fb8b76) (BuildId: b856c61f98abf0989f157f153740fe0fadfbb760)
    #4 0x7ff5c7ed581c  (/usr/lib/llvm-20/lib/libLLVM.so.20.1+0x3fb981c) (BuildId: b856c61f98abf0989f157f153740fe0fadfbb760)
    #5 0x55ca91648523 in llvm::Target::createTargetMachine(llvm::StringRef, llvm::StringRef, llvm::StringRef, llvm::TargetOptions const&, std::optional<llvm::Reloc::Model>, std::optional<llvm::CodeModel::Model>, llvm::CodeGenOptLevel, bool) const /usr/lib/llvm-20/include/llvm/MC/TargetRegistry.h:462:12
    #6 0x55ca9163a09e in tsc::TargetRegistry::initializeAllTargets() /workspace/src/TargetRegistry.cpp:67:41
    #7 0x55ca9162bdcd in tsc::Compiler::initializeLLVM() /workspace/src/Compiler.cpp:349:14
    #8 0x55ca9162b8b7 in tsc::Compiler::Compiler(tsc::CompilerOptions const&) /workspace/src/Compiler.cpp:24:5
    #9 0x55ca915fd7b5 in main /workspace/src/main.cpp:191:18
    #10 0x7ff5c395a337  (/lib/x86_64-linux-gnu/libc.so.6+0x2a337) (BuildId: 467f544f15035abef911999cbc14489edd0555ab)
    #11 0x7ff5c395a3fa in __libc_start_main (/lib/x86_64-linux-gnu/libc.so.6+0x2a3fa) (BuildId: 467f544f15035abef911999cbc14489edd0555ab)
    #12 0x55ca91511b64 in _start (/workspace/build-asan/tsc+0x74b64) (BuildId: 73a10d7cc646a755f705b0ae57418e68578aec2f)

Indirect leak of 432 byte(s) in 3 object(s) allocated from:
    #0 0x55ca915b5858 in malloc (/workspace/build-asan/tsc+0x118858) (BuildId: 73a10d7cc646a755f705b0ae57418e68578aec2f)
    #1 0x7ff5c4ec89b9 in llvm::SmallVectorBase<unsigned int>::grow_pod(void*, unsigned long, unsigned long) (/usr/lib/llvm-20/lib/libLLVM.so.20.1+0xfac9b9) (BuildId: b856c61f98abf0989f157f153740fe0fadfbb760)
    #2 0x7ff5c59b6bce  (/usr/lib/llvm-20/lib/libLLVM.so.20.1+0x1a9abce) (BuildId: b856c61f98abf0989f157f153740fe0fadfbb760)
    #3 0x7ff5c59b6dcb  (/usr/lib/llvm-20/lib/libLLVM.so.20.1+0x1a9adcb) (BuildId: b856c61f98abf0989f157f153740fe0fadfbb760)
    #4 0x7ff5c6f3b008  (/usr/lib/llvm-20/lib/libLLVM.so.20.1+0x301f008) (BuildId: b856c61f98abf0989f157f153740fe0fadfbb760)
    #5 0x7ff5c6f3af97  (/usr/lib/llvm-20/lib/libLLVM.so.20.1+0x301ef97) (BuildId: b856c61f98abf0989f157f153740fe0fadfbb760)
    #6 0x7ff5c6f3998b  (/usr/lib/llvm-20/lib/libLLVM.so.20.1+0x301d98b) (BuildId: b856c61f98abf0989f157f153740fe0fadfbb760)
    #7 0x7ff5c6f398a6  (/usr/lib/llvm-20/lib/libLLVM.so.20.1+0x301d8a6) (BuildId: b856c61f98abf0989f157f153740fe0fadfbb760)
    #8 0x7ff5c6f3a981  (/usr/lib/llvm-20/lib/libLLVM.so.20.1+0x301e981) (BuildId: b856c61f98abf0989f157f153740fe0fadfbb760)
    #9 0x7ff5c7f5a3ea  (/usr/lib/llvm-20/lib/libLLVM.so.20.1+0x403e3ea) (BuildId: b856c61f98abf0989f157f153740fe0fadfbb760)
    #10 0x7ff5c7f81ab1  (/usr/lib/llvm-20/lib/libLLVM.so.20.1+0x4065ab1) (BuildId: b856c61f98abf0989f157f153740fe0fadfbb760)
    #11 0x7ff5c7f83c8f  (/usr/lib/llvm-20/lib/libLLVM.so.20.1+0x4067c8f) (BuildId: b856c61f98abf0989f157f153740fe0fadfbb760)
    #12 0x7ff5c7f8526a  (/usr/lib/llvm-20/lib/libLLVM.so.20.1+0x406926a) (BuildId: b856c61f98abf0989f157f153740fe0fadfbb760)
    #13 0x55ca91648523 in llvm::Target::createTargetMachine(llvm::StringRef, llvm::StringRef, llvm::StringRef, llvm::TargetOptions const&, std::optional<llvm::Reloc::Model>, std::optional<llvm::CodeModel::Model>, llvm::CodeGenOptLevel, bool) const /usr/lib/llvm-20/include/llvm/MC/TargetRegistry.h:462:12
    #14 0x55ca9163a09e in tsc::TargetRegistry::initializeAllTargets() /workspace/src/TargetRegistry.cpp:67:41
    #15 0x55ca9162bdcd in tsc::Compiler::initializeLLVM() /workspace/src/Compiler.cpp:349:14
    #16 0x55ca9162b8b7 in tsc::Compiler::Compiler(tsc::CompilerOptions const&) /workspace/src/Compiler.cpp:24:5
    #17 0x55ca915fd7b5 in main /workspace/src/main.cpp:191:18
    #18 0x7ff5c395a337  (/lib/x86_64-linux-gnu/libc.so.6+0x2a337) (BuildId: 467f544f15035abef911999cbc14489edd0555ab)
    #19 0x7ff5c395a3fa in __libc_start_main (/lib/x86_64-linux-gnu/libc.so.6+0x2a3fa) (BuildId: 467f544f15035abef911999cbc14489edd0555ab)
    #20 0x55ca91511b64 in _start (/workspace/build-asan/tsc+0x74b64) (BuildId: 73a10d7cc646a755f705b0ae57418e68578aec2f)

Indirect leak of 432 byte(s) in 3 object(s) allocated from:
    #0 0x55ca915b5858 in malloc (/workspace/build-asan/tsc+0x118858) (BuildId: 73a10d7cc646a755f705b0ae57418e68578aec2f)
    #1 0x7ff5c4ec89b9 in llvm::SmallVectorBase<unsigned int>::grow_pod(void*, unsigned long, unsigned long) (/usr/lib/llvm-20/lib/libLLVM.so.20.1+0xfac9b9) (BuildId: b856c61f98abf0989f157f153740fe0fadfbb760)
    #2 0x7ff5c59b6bce  (/usr/lib/llvm-20/lib/libLLVM.so.20.1+0x1a9abce) (BuildId: b856c61f98abf0989f157f153740fe0fadfbb760)
    #3 0x7ff5c59b6dcb  (/usr/lib/llvm-20/lib/libLLVM.so.20.1+0x1a9adcb) (BuildId: b856c61f98abf0989f157f153740fe0fadfbb760)
    #4 0x7ff5c6f3998b  (/usr/lib/llvm-20/lib/libLLVM.so.20.1+0x301d98b) (BuildId: b856c61f98abf0989f157f153740fe0fadfbb760)
    #5 0x7ff5c6f398a6  (/usr/lib/llvm-20/lib/libLLVM.so.20.1+0x301d8a6) (BuildId: b856c61f98abf0989f157f153740fe0fadfbb760)
    #6 0x7ff5c7f5a563  (/usr/lib/llvm-20/lib/libLLVM.so.20.1+0x403e563) (BuildId: b856c61f98abf0989f157f153740fe0fadfbb760)
    #7 0x7ff5c7f81ab1  (/usr/lib/llvm-20/lib/libLLVM.so.20.1+0x4065ab1) (BuildId: b856c61f98abf0989f157f153740fe0fadfbb760)
    #8 0x7ff5c7f83c8f  (/usr/lib/llvm-20/lib/libLLVM.so.20.1+0x4067c8f) (BuildId: b856c61f98abf0989f157f153740fe0fadfbb760)
    #9 0x7ff5c7f8526a  (/usr/lib/llvm-20/lib/libLLVM.so.20.1+0x406926a) (BuildId: b856c61f98abf0989f157f153740fe0fadfbb760)
    #10 0x55ca91648523 in llvm::Target::createTargetMachine(llvm::StringRef, llvm::StringRef, llvm::StringRef, llvm::TargetOptions const&, std::optional<llvm::Reloc::Model>, std::optional<llvm::CodeModel::Model>, llvm::CodeGenOptLevel, bool) const /usr/lib/llvm-20/include/llvm/MC/TargetRegistry.h:462:12
    #11 0x55ca9163a09e in tsc::TargetRegistry::initializeAllTargets() /workspace/src/TargetRegistry.cpp:67:41
    #12 0x55ca9162bdcd in tsc::Compiler::initializeLLVM() /workspace/src/Compiler.cpp:349:14
    #13 0x55ca9162b8b7 in tsc::Compiler::Compiler(tsc::CompilerOptions const&) /workspace/src/Compiler.cpp:24:5
    #14 0x55ca915fd7b5 in main /workspace/src/main.cpp:191:18
    #15 0x7ff5c395a337  (/lib/x86_64-linux-gnu/libc.so.6+0x2a337) (BuildId: 467f544f15035abef911999cbc14489edd0555ab)
    #16 0x7ff5c395a3fa in __libc_start_main (/lib/x86_64-linux-gnu/libc.so.6+0x2a3fa) (BuildId: 467f544f15035abef911999cbc14489edd0555ab)
    #17 0x55ca91511b64 in _start (/workspace/build-asan/tsc+0x74b64) (BuildId: 73a10d7cc646a755f705b0ae57418e68578aec2f)

Indirect leak of 432 byte(s) in 3 object(s) allocated from:
    #0 0x55ca915b5858 in malloc (/workspace/build-asan/tsc+0x118858) (BuildId: 73a10d7cc646a755f705b0ae57418e68578aec2f)
    #1 0x7ff5c4ec89b9 in llvm::SmallVectorBase<unsigned int>::grow_pod(void*, unsigned long, unsigned long) (/usr/lib/llvm-20/lib/libLLVM.so.20.1+0xfac9b9) (BuildId: b856c61f98abf0989f157f153740fe0fadfbb760)
    #2 0x7ff5c59b6bce  (/usr/lib/llvm-20/lib/libLLVM.so.20.1+0x1a9abce) (BuildId: b856c61f98abf0989f157f153740fe0fadfbb760)
    #3 0x7ff5c59b6dcb  (/usr/lib/llvm-20/lib/libLLVM.so.20.1+0x1a9adcb) (BuildId: b856c61f98abf0989f157f153740fe0fadfbb760)
    #4 0x7ff5c6f3b008  (/usr/lib/llvm-20/lib/libLLVM.so.20.1+0x301f008) (BuildId: b856c61f98abf0989f157f153740fe0fadfbb760)
    #5 0x7ff5c6f3af97  (/usr/lib/llvm-20/lib/libLLVM.so.20.1+0x301ef97) (BuildId: b856c61f98abf0989f157f153740fe0fadfbb760)
    #6 0x7ff5c6f3998b  (/usr/lib/llvm-20/lib/libLLVM.so.20.1+0x301d98b) (BuildId: b856c61f98abf0989f157f153740fe0fadfbb760)
    #7 0x7ff5c6f398a6  (/usr/lib/llvm-20/lib/libLLVM.so.20.1+0x301d8a6) (BuildId: b856c61f98abf0989f157f153740fe0fadfbb760)
    #8 0x7ff5c6f3aa71  (/usr/lib/llvm-20/lib/libLLVM.so.20.1+0x301ea71) (BuildId: b856c61f98abf0989f157f153740fe0fadfbb760)
    #9 0x7ff5c7f59623  (/usr/lib/llvm-20/lib/libLLVM.so.20.1+0x403d623) (BuildId: b856c61f98abf0989f157f153740fe0fadfbb760)
    #10 0x7ff5c7f81ab1  (/usr/lib/llvm-20/lib/libLLVM.so.20.1+0x4065ab1) (BuildId: b856c61f98abf0989f157f153740fe0fadfbb760)
    #11 0x7ff5c7f83c8f  (/usr/lib/llvm-20/lib/libLLVM.so.20.1+0x4067c8f) (BuildId: b856c61f98abf0989f157f153740fe0fadfbb760)
    #12 0x7ff5c7f8526a  (/usr/lib/llvm-20/lib/libLLVM.so.20.1+0x406926a) (BuildId: b856c61f98abf0989f157f153740fe0fadfbb760)
    #13 0x55ca91648523 in llvm::Target::createTargetMachine(llvm::StringRef, llvm::StringRef, llvm::StringRef, llvm::TargetOptions const&, std::optional<llvm::Reloc::Model>, std::optional<llvm::CodeModel::Model>, llvm::CodeGenOptLevel, bool) const /usr/lib/llvm-20/include/llvm/MC/TargetRegistry.h:462:12
    #14 0x55ca9163a09e in tsc::TargetRegistry::initializeAllTargets() /workspace/src/TargetRegistry.cpp:67:41
    #15 0x55ca9162bdcd in tsc::Compiler::initializeLLVM() /workspace/src/Compiler.cpp:349:14
    #16 0x55ca9162b8b7 in tsc::Compiler::Compiler(tsc::CompilerOptions const&) /workspace/src/Compiler.cpp:24:5
    #17 0x55ca915fd7b5 in main /workspace/src/main.cpp:191:18
    #18 0x7ff5c395a337  (/lib/x86_64-linux-gnu/libc.so.6+0x2a337) (BuildId: 467f544f15035abef911999cbc14489edd0555ab)
    #19 0x7ff5c395a3fa in __libc_start_main (/lib/x86_64-linux-gnu/libc.so.6+0x2a3fa) (BuildId: 467f544f15035abef911999cbc14489edd0555ab)
    #20 0x55ca91511b64 in _start (/workspace/build-asan/tsc+0x74b64) (BuildId: 73a10d7cc646a755f705b0ae57418e68578aec2f)

Indirect leak of 432 byte(s) in 1 object(s) allocated from:
    #0 0x55ca915fa191 in operator new(unsigned long) (/workspace/build-asan/tsc+0x15d191) (BuildId: 73a10d7cc646a755f705b0ae57418e68578aec2f)
    #1 0x7ff5c70d7bd0 in std::vector<std::vector<unsigned short, std::allocator<unsigned short>>, std::allocator<std::vector<unsigned short, std::allocator<unsigned short>>>>::_M_default_append(unsigned long) (/usr/lib/llvm-20/lib/libLLVM.so.20.1+0x31bbbd0) (BuildId: b856c61f98abf0989f157f153740fe0fadfbb760)
    #2 0x7ff5c848b9c3  (/usr/lib/llvm-20/lib/libLLVM.so.20.1+0x456f9c3) (BuildId: b856c61f98abf0989f157f153740fe0fadfbb760)
    #3 0x7ff5c52d06be in llvm::CodeGenTargetMachineImpl::initAsmInfo() (/usr/lib/llvm-20/lib/libLLVM.so.20.1+0x13b46be) (BuildId: b856c61f98abf0989f157f153740fe0fadfbb760)
    #4 0x7ff5c84822a4  (/usr/lib/llvm-20/lib/libLLVM.so.20.1+0x45662a4) (BuildId: b856c61f98abf0989f157f153740fe0fadfbb760)
    #5 0x7ff5c8482b05  (/usr/lib/llvm-20/lib/libLLVM.so.20.1+0x4566b05) (BuildId: b856c61f98abf0989f157f153740fe0fadfbb760)
    #6 0x55ca91648523 in llvm::Target::createTargetMachine(llvm::StringRef, llvm::StringRef, llvm::StringRef, llvm::TargetOptions const&, std::optional<llvm::Reloc::Model>, std::optional<llvm::CodeModel::Model>, llvm::CodeGenOptLevel, bool) const /usr/lib/llvm-20/include/llvm/MC/TargetRegistry.h:462:12
    #7 0x55ca9163a09e in tsc::TargetRegistry::initializeAllTargets() /workspace/src/TargetRegistry.cpp:67:41
    #8 0x55ca9162bdcd in tsc::Compiler::initializeLLVM() /workspace/src/Compiler.cpp:349:14
    #9 0x55ca9162b8b7 in tsc::Compiler::Compiler(tsc::CompilerOptions const&) /workspace/src/Compiler.cpp:24:5
    #10 0x55ca915fd7b5 in main /workspace/src/main.cpp:191:18
    #11 0x7ff5c395a337  (/lib/x86_64-linux-gnu/libc.so.6+0x2a337) (BuildId: 467f544f15035abef911999cbc14489edd0555ab)
    #12 0x7ff5c395a3fa in __libc_start_main (/lib/x86_64-linux-gnu/libc.so.6+0x2a3fa) (BuildId: 467f544f15035abef911999cbc14489edd0555ab)
    #13 0x55ca91511b64 in _start (/workspace/build-asan/tsc+0x74b64) (BuildId: 73a10d7cc646a755f705b0ae57418e68578aec2f)

Indirect leak of 432 byte(s) in 3 object(s) allocated from:
    #0 0x55ca915b5858 in malloc (/workspace/build-asan/tsc+0x118858) (BuildId: 73a10d7cc646a755f705b0ae57418e68578aec2f)
    #1 0x7ff5c4ec89b9 in llvm::SmallVectorBase<unsigned int>::grow_pod(void*, unsigned long, unsigned long) (/usr/lib/llvm-20/lib/libLLVM.so.20.1+0xfac9b9) (BuildId: b856c61f98abf0989f157f153740fe0fadfbb760)
    #2 0x7ff5c59b6bce  (/usr/lib/llvm-20/lib/libLLVM.so.20.1+0x1a9abce) (BuildId: b856c61f98abf0989f157f153740fe0fadfbb760)
    #3 0x7ff5c59b6dcb  (/usr/lib/llvm-20/lib/libLLVM.so.20.1+0x1a9adcb) (BuildId: b856c61f98abf0989f157f153740fe0fadfbb760)
    #4 0x7ff5c6f3b039  (/usr/lib/llvm-20/lib/libLLVM.so.20.1+0x301f039) (BuildId: b856c61f98abf0989f157f153740fe0fadfbb760)
    #5 0x7ff5c6f3af97  (/usr/lib/llvm-20/lib/libLLVM.so.20.1+0x301ef97) (BuildId: b856c61f98abf0989f157f153740fe0fadfbb760)
    #6 0x7ff5c6f3998b  (/usr/lib/llvm-20/lib/libLLVM.so.20.1+0x301d98b) (BuildId: b856c61f98abf0989f157f153740fe0fadfbb760)
    #7 0x7ff5c6f398a6  (/usr/lib/llvm-20/lib/libLLVM.so.20.1+0x301d8a6) (BuildId: b856c61f98abf0989f157f153740fe0fadfbb760)
    #8 0x7ff5c6f3aa71  (/usr/lib/llvm-20/lib/libLLVM.so.20.1+0x301ea71) (BuildId: b856c61f98abf0989f157f153740fe0fadfbb760)
    #9 0x7ff5c7f5966a  (/usr/lib/llvm-20/lib/libLLVM.so.20.1+0x403d66a) (BuildId: b856c61f98abf0989f157f153740fe0fadfbb760)
    #10 0x7ff5c7f81ab1  (/usr/lib/llvm-20/lib/libLLVM.so.20.1+0x4065ab1) (BuildId: b856c61f98abf0989f157f153740fe0fadfbb760)
    #11 0x7ff5c7f83c8f  (/usr/lib/llvm-20/lib/libLLVM.so.20.1+0x4067c8f) (BuildId: b856c61f98abf0989f157f153740fe0fadfbb760)
    #12 0x7ff5c7f8526a  (/usr/lib/llvm-20/lib/libLLVM.so.20.1+0x406926a) (BuildId: b856c61f98abf0989f157f153740fe0fadfbb760)
    #13 0x55ca91648523 in llvm::Target::createTargetMachine(llvm::StringRef, llvm::StringRef, llvm::StringRef, llvm::TargetOptions const&, std::optional<llvm::Reloc::Model>, std::optional<llvm::CodeModel::Model>, llvm::CodeGenOptLevel, bool) const /usr/lib/llvm-20/include/llvm/MC/TargetRegistry.h:462:12
    #14 0x55ca9163a09e in tsc::TargetRegistry::initializeAllTargets() /workspace/src/TargetRegistry.cpp:67:41
    #15 0x55ca9162bdcd in tsc::Compiler::initializeLLVM() /workspace/src/Compiler.cpp:349:14
    #16 0x55ca9162b8b7 in tsc::Compiler::Compiler(tsc::CompilerOptions const&) /workspace/src/Compiler.cpp:24:5
    #17 0x55ca915fd7b5 in main /workspace/src/main.cpp:191:18
    #18 0x7ff5c395a337  (/lib/x86_64-linux-gnu/libc.so.6+0x2a337) (BuildId: 467f544f15035abef911999cbc14489edd0555ab)
    #19 0x7ff5c395a3fa in __libc_start_main (/lib/x86_64-linux-gnu/libc.so.6+0x2a3fa) (BuildId: 467f544f15035abef911999cbc14489edd0555ab)
    #20 0x55ca91511b64 in _start (/workspace/build-asan/tsc+0x74b64) (BuildId: 73a10d7cc646a755f705b0ae57418e68578aec2f)

Indirect leak of 432 byte(s) in 3 object(s) allocated from:
    #0 0x55ca915b5858 in malloc (/workspace/build-asan/tsc+0x118858) (BuildId: 73a10d7cc646a755f705b0ae57418e68578aec2f)
    #1 0x7ff5c4ec89b9 in llvm::SmallVectorBase<unsigned int>::grow_pod(void*, unsigned long, unsigned long) (/usr/lib/llvm-20/lib/libLLVM.so.20.1+0xfac9b9) (BuildId: b856c61f98abf0989f157f153740fe0fadfbb760)
    #2 0x7ff5c59b6bce  (/usr/lib/llvm-20/lib/libLLVM.so.20.1+0x1a9abce) (BuildId: b856c61f98abf0989f157f153740fe0fadfbb760)
    #3 0x7ff5c59b6dcb  (/usr/lib/llvm-20/lib/libLLVM.so.20.1+0x1a9adcb) (BuildId: b856c61f98abf0989f157f153740fe0fadfbb760)
    #4 0x7ff5c6f3b039  (/usr/lib/llvm-20/lib/libLLVM.so.20.1+0x301f039) (BuildId: b856c61f98abf0989f157f153740fe0fadfbb760)
    #5 0x7ff5c6f3af97  (/usr/lib/llvm-20/lib/libLLVM.so.20.1+0x301ef97) (BuildId: b856c61f98abf0989f157f153740fe0fadfbb760)
    #6 0x7ff5c6f3998b  (/usr/lib/llvm-20/lib/libLLVM.so.20.1+0x301d98b) (BuildId: b856c61f98abf0989f157f153740fe0fadfbb760)
    #7 0x7ff5c6f398a6  (/usr/lib/llvm-20/lib/libLLVM.so.20.1+0x301d8a6) (BuildId: b856c61f98abf0989f157f153740fe0fadfbb760)
    #8 0x7ff5c6f3a981  (/usr/lib/llvm-20/lib/libLLVM.so.20.1+0x301e981) (BuildId: b856c61f98abf0989f157f153740fe0fadfbb760)
    #9 0x7ff5c7f5a3ea  (/usr/lib/llvm-20/lib/libLLVM.so.20.1+0x403e3ea) (BuildId: b856c61f98abf0989f157f153740fe0fadfbb760)
    #10 0x7ff5c7f81ab1  (/usr/lib/llvm-20/lib/libLLVM.so.20.1+0x4065ab1) (BuildId: b856c61f98abf0989f157f153740fe0fadfbb760)
    #11 0x7ff5c7f83c8f  (/usr/lib/llvm-20/lib/libLLVM.so.20.1+0x4067c8f) (BuildId: b856c61f98abf0989f157f153740fe0fadfbb760)
    #12 0x7ff5c7f8526a  (/usr/lib/llvm-20/lib/libLLVM.so.20.1+0x406926a) (BuildId: b856c61f98abf0989f157f153740fe0fadfbb760)
    #13 0x55ca91648523 in llvm::Target::createTargetMachine(llvm::StringRef, llvm::StringRef, llvm::StringRef, llvm::TargetOptions const&, std::optional<llvm::Reloc::Model>, std::optional<llvm::CodeModel::Model>, llvm::CodeGenOptLevel, bool) const /usr/lib/llvm-20/include/llvm/MC/TargetRegistry.h:462:12
    #14 0x55ca9163a09e in tsc::TargetRegistry::initializeAllTargets() /workspace/src/TargetRegistry.cpp:67:41
    #15 0x55ca9162bdcd in tsc::Compiler::initializeLLVM() /workspace/src/Compiler.cpp:349:14
    #16 0x55ca9162b8b7 in tsc::Compiler::Compiler(tsc::CompilerOptions const&) /workspace/src/Compiler.cpp:24:5
    #17 0x55ca915fd7b5 in main /workspace/src/main.cpp:191:18
    #18 0x7ff5c395a337  (/lib/x86_64-linux-gnu/libc.so.6+0x2a337) (BuildId: 467f544f15035abef911999cbc14489edd0555ab)
    #19 0x7ff5c395a3fa in __libc_start_main (/lib/x86_64-linux-gnu/libc.so.6+0x2a3fa) (BuildId: 467f544f15035abef911999cbc14489edd0555ab)
    #20 0x55ca91511b64 in _start (/workspace/build-asan/tsc+0x74b64) (BuildId: 73a10d7cc646a755f705b0ae57418e68578aec2f)

Indirect leak of 432 byte(s) in 3 object(s) allocated from:
    #0 0x55ca915b5858 in malloc (/workspace/build-asan/tsc+0x118858) (BuildId: 73a10d7cc646a755f705b0ae57418e68578aec2f)
    #1 0x7ff5c4ec89b9 in llvm::SmallVectorBase<unsigned int>::grow_pod(void*, unsigned long, unsigned long) (/usr/lib/llvm-20/lib/libLLVM.so.20.1+0xfac9b9) (BuildId: b856c61f98abf0989f157f153740fe0fadfbb760)
    #2 0x7ff5c59b6bce  (/usr/lib/llvm-20/lib/libLLVM.so.20.1+0x1a9abce) (BuildId: b856c61f98abf0989f157f153740fe0fadfbb760)
    #3 0x7ff5c59b6dcb  (/usr/lib/llvm-20/lib/libLLVM.so.20.1+0x1a9adcb) (BuildId: b856c61f98abf0989f157f153740fe0fadfbb760)
    #4 0x7ff5c6f3b039  (/usr/lib/llvm-20/lib/libLLVM.so.20.1+0x301f039) (BuildId: b856c61f98abf0989f157f153740fe0fadfbb760)
    #5 0x7ff5c6f3af97  (/usr/lib/llvm-20/lib/libLLVM.so.20.1+0x301ef97) (BuildId: b856c61f98abf0989f157f153740fe0fadfbb760)
    #6 0x7ff5c6f3998b  (/usr/lib/llvm-20/lib/libLLVM.so.20.1+0x301d98b) (BuildId: b856c61f98abf0989f157f153740fe0fadfbb760)
    #7 0x7ff5c6f398a6  (/usr/lib/llvm-20/lib/libLLVM.so.20.1+0x301d8a6) (BuildId: b856c61f98abf0989f157f153740fe0fadfbb760)
    #8 0x7ff5c7f5a121  (/usr/lib/llvm-20/lib/libLLVM.so.20.1+0x403e121) (BuildId: b856c61f98abf0989f157f153740fe0fadfbb760)
    #9 0x7ff5c7f81ab1  (/usr/lib/llvm-20/lib/libLLVM.so.20.1+0x4065ab1) (BuildId: b856c61f98abf0989f157f153740fe0fadfbb760)
    #10 0x7ff5c7f83c8f  (/usr/lib/llvm-20/lib/libLLVM.so.20.1+0x4067c8f) (BuildId: b856c61f98abf0989f157f153740fe0fadfbb760)
    #11 0x7ff5c7f8526a  (/usr/lib/llvm-20/lib/libLLVM.so.20.1+0x406926a) (BuildId: b856c61f98abf0989f157f153740fe0fadfbb760)
    #12 0x55ca91648523 in llvm::Target::createTargetMachine(llvm::StringRef, llvm::StringRef, llvm::StringRef, llvm::TargetOptions const&, std::optional<llvm::Reloc::Model>, std::optional<llvm::CodeModel::Model>, llvm::CodeGenOptLevel, bool) const /usr/lib/llvm-20/include/llvm/MC/TargetRegistry.h:462:12
    #13 0x55ca9163a09e in tsc::TargetRegistry::initializeAllTargets() /workspace/src/TargetRegistry.cpp:67:41
    #14 0x55ca9162bdcd in tsc::Compiler::initializeLLVM() /workspace/src/Compiler.cpp:349:14
    #15 0x55ca9162b8b7 in tsc::Compiler::Compiler(tsc::CompilerOptions const&) /workspace/src/Compiler.cpp:24:5
    #16 0x55ca915fd7b5 in main /workspace/src/main.cpp:191:18
    #17 0x7ff5c395a337  (/lib/x86_64-linux-gnu/libc.so.6+0x2a337) (BuildId: 467f544f15035abef911999cbc14489edd0555ab)
    #18 0x7ff5c395a3fa in __libc_start_main (/lib/x86_64-linux-gnu/libc.so.6+0x2a3fa) (BuildId: 467f544f15035abef911999cbc14489edd0555ab)
    #19 0x55ca91511b64 in _start (/workspace/build-asan/tsc+0x74b64) (BuildId: 73a10d7cc646a755f705b0ae57418e68578aec2f)

Indirect leak of 432 byte(s) in 3 object(s) allocated from:
    #0 0x55ca915b5858 in malloc (/workspace/build-asan/tsc+0x118858) (BuildId: 73a10d7cc646a755f705b0ae57418e68578aec2f)
    #1 0x7ff5c4ec89b9 in llvm::SmallVectorBase<unsigned int>::grow_pod(void*, unsigned long, unsigned long) (/usr/lib/llvm-20/lib/libLLVM.so.20.1+0xfac9b9) (BuildId: b856c61f98abf0989f157f153740fe0fadfbb760)
    #2 0x7ff5c59b6bce  (/usr/lib/llvm-20/lib/libLLVM.so.20.1+0x1a9abce) (BuildId: b856c61f98abf0989f157f153740fe0fadfbb760)
    #3 0x7ff5c59b6dcb  (/usr/lib/llvm-20/lib/libLLVM.so.20.1+0x1a9adcb) (BuildId: b856c61f98abf0989f157f153740fe0fadfbb760)
    #4 0x7ff5c6f3998b  (/usr/lib/llvm-20/lib/libLLVM.so.20.1+0x301d98b) (BuildId: b856c61f98abf0989f157f153740fe0fadfbb760)
    #5 0x7ff5c6f398a6  (/usr/lib/llvm-20/lib/libLLVM.so.20.1+0x301d8a6) (BuildId: b856c61f98abf0989f157f153740fe0fadfbb760)
    #6 0x7ff5c7f595d3  (/usr/lib/llvm-20/lib/libLLVM.so.20.1+0x403d5d3) (BuildId: b856c61f98abf0989f157f153740fe0fadfbb760)
    #7 0x7ff5c7f81ab1  (/usr/lib/llvm-20/lib/libLLVM.so.20.1+0x4065ab1) (BuildId: b856c61f98abf0989f157f153740fe0fadfbb760)
    #8 0x7ff5c7f83c8f  (/usr/lib/llvm-20/lib/libLLVM.so.20.1+0x4067c8f) (BuildId: b856c61f98abf0989f157f153740fe0fadfbb760)
    #9 0x7ff5c7f8526a  (/usr/lib/llvm-20/lib/libLLVM.so.20.1+0x406926a) (BuildId: b856c61f98abf0989f157f153740fe0fadfbb760)
    #10 0x55ca91648523 in llvm::Target::createTargetMachine(llvm::StringRef, llvm::StringRef, llvm::StringRef, llvm::TargetOptions const&, std::optional<llvm::Reloc::Model>, std::optional<llvm::CodeModel::Model>, llvm::CodeGenOptLevel, bool) const /usr/lib/llvm-20/include/llvm/MC/TargetRegistry.h:462:12
    #11 0x55ca9163a09e in tsc::TargetRegistry::initializeAllTargets() /workspace/src/TargetRegistry.cpp:67:41
    #12 0x55ca9162bdcd in tsc::Compiler::initializeLLVM() /workspace/src/Compiler.cpp:349:14
    #13 0x55ca9162b8b7 in tsc::Compiler::Compiler(tsc::CompilerOptions const&) /workspace/src/Compiler.cpp:24:5
    #14 0x55ca915fd7b5 in main /workspace/src/main.cpp:191:18
    #15 0x7ff5c395a337  (/lib/x86_64-linux-gnu/libc.so.6+0x2a337) (BuildId: 467f544f15035abef911999cbc14489edd0555ab)
    #16 0x7ff5c395a3fa in __libc_start_main (/lib/x86_64-linux-gnu/libc.so.6+0x2a3fa) (BuildId: 467f544f15035abef911999cbc14489edd0555ab)
    #17 0x55ca91511b64 in _start (/workspace/build-asan/tsc+0x74b64) (BuildId: 73a10d7cc646a755f705b0ae57418e68578aec2f)

Indirect leak of 432 byte(s) in 3 object(s) allocated from:
    #0 0x55ca915b5858 in malloc (/workspace/build-asan/tsc+0x118858) (BuildId: 73a10d7cc646a755f705b0ae57418e68578aec2f)
    #1 0x7ff5c4ec89b9 in llvm::SmallVectorBase<unsigned int>::grow_pod(void*, unsigned long, unsigned long) (/usr/lib/llvm-20/lib/libLLVM.so.20.1+0xfac9b9) (BuildId: b856c61f98abf0989f157f153740fe0fadfbb760)
    #2 0x7ff5c59b6bce  (/usr/lib/llvm-20/lib/libLLVM.so.20.1+0x1a9abce) (BuildId: b856c61f98abf0989f157f153740fe0fadfbb760)
    #3 0x7ff5c59b6dcb  (/usr/lib/llvm-20/lib/libLLVM.so.20.1+0x1a9adcb) (BuildId: b856c61f98abf0989f157f153740fe0fadfbb760)
    #4 0x7ff5c6f3b039  (/usr/lib/llvm-20/lib/libLLVM.so.20.1+0x301f039) (BuildId: b856c61f98abf0989f157f153740fe0fadfbb760)
    #5 0x7ff5c6f3af97  (/usr/lib/llvm-20/lib/libLLVM.so.20.1+0x301ef97) (BuildId: b856c61f98abf0989f157f153740fe0fadfbb760)
    #6 0x7ff5c6f3998b  (/usr/lib/llvm-20/lib/libLLVM.so.20.1+0x301d98b) (BuildId: b856c61f98abf0989f157f153740fe0fadfbb760)
    #7 0x7ff5c6f398a6  (/usr/lib/llvm-20/lib/libLLVM.so.20.1+0x301d8a6) (BuildId: b856c61f98abf0989f157f153740fe0fadfbb760)
    #8 0x7ff5c6f3aa71  (/usr/lib/llvm-20/lib/libLLVM.so.20.1+0x301ea71) (BuildId: b856c61f98abf0989f157f153740fe0fadfbb760)
    #9 0x7ff5c7f5a5a9  (/usr/lib/llvm-20/lib/libLLVM.so.20.1+0x403e5a9) (BuildId: b856c61f98abf0989f157f153740fe0fadfbb760)
    #10 0x7ff5c7f81ab1  (/usr/lib/llvm-20/lib/libLLVM.so.20.1+0x4065ab1) (BuildId: b856c61f98abf0989f157f153740fe0fadfbb760)
    #11 0x7ff5c7f83c8f  (/usr/lib/llvm-20/lib/libLLVM.so.20.1+0x4067c8f) (BuildId: b856c61f98abf0989f157f153740fe0fadfbb760)
    #12 0x7ff5c7f8526a  (/usr/lib/llvm-20/lib/libLLVM.so.20.1+0x406926a) (BuildId: b856c61f98abf0989f157f153740fe0fadfbb760)
    #13 0x55ca91648523 in llvm::Target::createTargetMachine(llvm::StringRef, llvm::StringRef, llvm::StringRef, llvm::TargetOptions const&, std::optional<llvm::Reloc::Model>, std::optional<llvm::CodeModel::Model>, llvm::CodeGenOptLevel, bool) const /usr/lib/llvm-20/include/llvm/MC/TargetRegistry.h:462:12
    #14 0x55ca9163a09e in tsc::TargetRegistry::initializeAllTargets() /workspace/src/TargetRegistry.cpp:67:41
    #15 0x55ca9162bdcd in tsc::Compiler::initializeLLVM() /workspace/src/Compiler.cpp:349:14
    #16 0x55ca9162b8b7 in tsc::Compiler::Compiler(tsc::CompilerOptions const&) /workspace/src/Compiler.cpp:24:5
    #17 0x55ca915fd7b5 in main /workspace/src/main.cpp:191:18
    #18 0x7ff5c395a337  (/lib/x86_64-linux-gnu/libc.so.6+0x2a337) (BuildId: 467f544f15035abef911999cbc14489edd0555ab)
    #19 0x7ff5c395a3fa in __libc_start_main (/lib/x86_64-linux-gnu/libc.so.6+0x2a3fa) (BuildId: 467f544f15035abef911999cbc14489edd0555ab)
    #20 0x55ca91511b64 in _start (/workspace/build-asan/tsc+0x74b64) (BuildId: 73a10d7cc646a755f705b0ae57418e68578aec2f)

Indirect leak of 432 byte(s) in 3 object(s) allocated from:
    #0 0x55ca915b5858 in malloc (/workspace/build-asan/tsc+0x118858) (BuildId: 73a10d7cc646a755f705b0ae57418e68578aec2f)
    #1 0x7ff5c4ec89b9 in llvm::SmallVectorBase<unsigned int>::grow_pod(void*, unsigned long, unsigned long) (/usr/lib/llvm-20/lib/libLLVM.so.20.1+0xfac9b9) (BuildId: b856c61f98abf0989f157f153740fe0fadfbb760)
    #2 0x7ff5c59b6bce  (/usr/lib/llvm-20/lib/libLLVM.so.20.1+0x1a9abce) (BuildId: b856c61f98abf0989f157f153740fe0fadfbb760)
    #3 0x7ff5c59b6dcb  (/usr/lib/llvm-20/lib/libLLVM.so.20.1+0x1a9adcb) (BuildId: b856c61f98abf0989f157f153740fe0fadfbb760)
    #4 0x7ff5c6f3b008  (/usr/lib/llvm-20/lib/libLLVM.so.20.1+0x301f008) (BuildId: b856c61f98abf0989f157f153740fe0fadfbb760)
    #5 0x7ff5c6f3af97  (/usr/lib/llvm-20/lib/libLLVM.so.20.1+0x301ef97) (BuildId: b856c61f98abf0989f157f153740fe0fadfbb760)
    #6 0x7ff5c6f3998b  (/usr/lib/llvm-20/lib/libLLVM.so.20.1+0x301d98b) (BuildId: b856c61f98abf0989f157f153740fe0fadfbb760)
    #7 0x7ff5c6f398a6  (/usr/lib/llvm-20/lib/libLLVM.so.20.1+0x301d8a6) (BuildId: b856c61f98abf0989f157f153740fe0fadfbb760)
    #8 0x7ff5c6f3aa71  (/usr/lib/llvm-20/lib/libLLVM.so.20.1+0x301ea71) (BuildId: b856c61f98abf0989f157f153740fe0fadfbb760)
    #9 0x7ff5c7f5a5a9  (/usr/lib/llvm-20/lib/libLLVM.so.20.1+0x403e5a9) (BuildId: b856c61f98abf0989f157f153740fe0fadfbb760)
    #10 0x7ff5c7f81ab1  (/usr/lib/llvm-20/lib/libLLVM.so.20.1+0x4065ab1) (BuildId: b856c61f98abf0989f157f153740fe0fadfbb760)
    #11 0x7ff5c7f83c8f  (/usr/lib/llvm-20/lib/libLLVM.so.20.1+0x4067c8f) (BuildId: b856c61f98abf0989f157f153740fe0fadfbb760)
    #12 0x7ff5c7f8526a  (/usr/lib/llvm-20/lib/libLLVM.so.20.1+0x406926a) (BuildId: b856c61f98abf0989f157f153740fe0fadfbb760)
    #13 0x55ca91648523 in llvm::Target::createTargetMachine(llvm::StringRef, llvm::StringRef, llvm::StringRef, llvm::TargetOptions const&, std::optional<llvm::Reloc::Model>, std::optional<llvm::CodeModel::Model>, llvm::CodeGenOptLevel, bool) const /usr/lib/llvm-20/include/llvm/MC/TargetRegistry.h:462:12
    #14 0x55ca9163a09e in tsc::TargetRegistry::initializeAllTargets() /workspace/src/TargetRegistry.cpp:67:41
    #15 0x55ca9162bdcd in tsc::Compiler::initializeLLVM() /workspace/src/Compiler.cpp:349:14
    #16 0x55ca9162b8b7 in tsc::Compiler::Compiler(tsc::CompilerOptions const&) /workspace/src/Compiler.cpp:24:5
    #17 0x55ca915fd7b5 in main /workspace/src/main.cpp:191:18
    #18 0x7ff5c395a337  (/lib/x86_64-linux-gnu/libc.so.6+0x2a337) (BuildId: 467f544f15035abef911999cbc14489edd0555ab)
    #19 0x7ff5c395a3fa in __libc_start_main (/lib/x86_64-linux-gnu/libc.so.6+0x2a3fa) (BuildId: 467f544f15035abef911999cbc14489edd0555ab)
    #20 0x55ca91511b64 in _start (/workspace/build-asan/tsc+0x74b64) (BuildId: 73a10d7cc646a755f705b0ae57418e68578aec2f)

Indirect leak of 432 byte(s) in 3 object(s) allocated from:
    #0 0x55ca915b5858 in malloc (/workspace/build-asan/tsc+0x118858) (BuildId: 73a10d7cc646a755f705b0ae57418e68578aec2f)
    #1 0x7ff5c4ec89b9 in llvm::SmallVectorBase<unsigned int>::grow_pod(void*, unsigned long, unsigned long) (/usr/lib/llvm-20/lib/libLLVM.so.20.1+0xfac9b9) (BuildId: b856c61f98abf0989f157f153740fe0fadfbb760)
    #2 0x7ff5c59b6bce  (/usr/lib/llvm-20/lib/libLLVM.so.20.1+0x1a9abce) (BuildId: b856c61f98abf0989f157f153740fe0fadfbb760)
    #3 0x7ff5c59b6dcb  (/usr/lib/llvm-20/lib/libLLVM.so.20.1+0x1a9adcb) (BuildId: b856c61f98abf0989f157f153740fe0fadfbb760)
    #4 0x7ff5c6f3b008  (/usr/lib/llvm-20/lib/libLLVM.so.20.1+0x301f008) (BuildId: b856c61f98abf0989f157f153740fe0fadfbb760)
    #5 0x7ff5c6f3af97  (/usr/lib/llvm-20/lib/libLLVM.so.20.1+0x301ef97) (BuildId: b856c61f98abf0989f157f153740fe0fadfbb760)
    #6 0x7ff5c6f3998b  (/usr/lib/llvm-20/lib/libLLVM.so.20.1+0x301d98b) (BuildId: b856c61f98abf0989f157f153740fe0fadfbb760)
    #7 0x7ff5c6f398a6  (/usr/lib/llvm-20/lib/libLLVM.so.20.1+0x301d8a6) (BuildId: b856c61f98abf0989f157f153740fe0fadfbb760)
    #8 0x7ff5c6f3aa71  (/usr/lib/llvm-20/lib/libLLVM.so.20.1+0x301ea71) (BuildId: b856c61f98abf0989f157f153740fe0fadfbb760)
    #9 0x7ff5c7f5a5d5  (/usr/lib/llvm-20/lib/libLLVM.so.20.1+0x403e5d5) (BuildId: b856c61f98abf0989f157f153740fe0fadfbb760)
    #10 0x7ff5c7f81ab1  (/usr/lib/llvm-20/lib/libLLVM.so.20.1+0x4065ab1) (BuildId: b856c61f98abf0989f157f153740fe0fadfbb760)
    #11 0x7ff5c7f83c8f  (/usr/lib/llvm-20/lib/libLLVM.so.20.1+0x4067c8f) (BuildId: b856c61f98abf0989f157f153740fe0fadfbb760)
    #12 0x7ff5c7f8526a  (/usr/lib/llvm-20/lib/libLLVM.so.20.1+0x406926a) (BuildId: b856c61f98abf0989f157f153740fe0fadfbb760)
    #13 0x55ca91648523 in llvm::Target::createTargetMachine(llvm::StringRef, llvm::StringRef, llvm::StringRef, llvm::TargetOptions const&, std::optional<llvm::Reloc::Model>, std::optional<llvm::CodeModel::Model>, llvm::CodeGenOptLevel, bool) const /usr/lib/llvm-20/include/llvm/MC/TargetRegistry.h:462:12
    #14 0x55ca9163a09e in tsc::TargetRegistry::initializeAllTargets() /workspace/src/TargetRegistry.cpp:67:41
    #15 0x55ca9162bdcd in tsc::Compiler::initializeLLVM() /workspace/src/Compiler.cpp:349:14
    #16 0x55ca9162b8b7 in tsc::Compiler::Compiler(tsc::CompilerOptions const&) /workspace/src/Compiler.cpp:24:5
    #17 0x55ca915fd7b5 in main /workspace/src/main.cpp:191:18
    #18 0x7ff5c395a337  (/lib/x86_64-linux-gnu/libc.so.6+0x2a337) (BuildId: 467f544f15035abef911999cbc14489edd0555ab)
    #19 0x7ff5c395a3fa in __libc_start_main (/lib/x86_64-linux-gnu/libc.so.6+0x2a3fa) (BuildId: 467f544f15035abef911999cbc14489edd0555ab)
    #20 0x55ca91511b64 in _start (/workspace/build-asan/tsc+0x74b64) (BuildId: 73a10d7cc646a755f705b0ae57418e68578aec2f)

Indirect leak of 432 byte(s) in 3 object(s) allocated from:
    #0 0x55ca915b5858 in malloc (/workspace/build-asan/tsc+0x118858) (BuildId: 73a10d7cc646a755f705b0ae57418e68578aec2f)
    #1 0x7ff5c4ec89b9 in llvm::SmallVectorBase<unsigned int>::grow_pod(void*, unsigned long, unsigned long) (/usr/lib/llvm-20/lib/libLLVM.so.20.1+0xfac9b9) (BuildId: b856c61f98abf0989f157f153740fe0fadfbb760)
    #2 0x7ff5c59b6bce  (/usr/lib/llvm-20/lib/libLLVM.so.20.1+0x1a9abce) (BuildId: b856c61f98abf0989f157f153740fe0fadfbb760)
    #3 0x7ff5c59b6dcb  (/usr/lib/llvm-20/lib/libLLVM.so.20.1+0x1a9adcb) (BuildId: b856c61f98abf0989f157f153740fe0fadfbb760)
    #4 0x7ff5c6f3b008  (/usr/lib/llvm-20/lib/libLLVM.so.20.1+0x301f008) (BuildId: b856c61f98abf0989f157f153740fe0fadfbb760)
    #5 0x7ff5c6f3af97  (/usr/lib/llvm-20/lib/libLLVM.so.20.1+0x301ef97) (BuildId: b856c61f98abf0989f157f153740fe0fadfbb760)
    #6 0x7ff5c6f3998b  (/usr/lib/llvm-20/lib/libLLVM.so.20.1+0x301d98b) (BuildId: b856c61f98abf0989f157f153740fe0fadfbb760)
    #7 0x7ff5c6f398a6  (/usr/lib/llvm-20/lib/libLLVM.so.20.1+0x301d8a6) (BuildId: b856c61f98abf0989f157f153740fe0fadfbb760)
    #8 0x7ff5c6f3aa71  (/usr/lib/llvm-20/lib/libLLVM.so.20.1+0x301ea71) (BuildId: b856c61f98abf0989f157f153740fe0fadfbb760)
    #9 0x7ff5c7f596ae  (/usr/lib/llvm-20/lib/libLLVM.so.20.1+0x403d6ae) (BuildId: b856c61f98abf0989f157f153740fe0fadfbb760)
    #10 0x7ff5c7f81ab1  (/usr/lib/llvm-20/lib/libLLVM.so.20.1+0x4065ab1) (BuildId: b856c61f98abf0989f157f153740fe0fadfbb760)
    #11 0x7ff5c7f83c8f  (/usr/lib/llvm-20/lib/libLLVM.so.20.1+0x4067c8f) (BuildId: b856c61f98abf0989f157f153740fe0fadfbb760)
    #12 0x7ff5c7f8526a  (/usr/lib/llvm-20/lib/libLLVM.so.20.1+0x406926a) (BuildId: b856c61f98abf0989f157f153740fe0fadfbb760)
    #13 0x55ca91648523 in llvm::Target::createTargetMachine(llvm::StringRef, llvm::StringRef, llvm::StringRef, llvm::TargetOptions const&, std::optional<llvm::Reloc::Model>, std::optional<llvm::CodeModel::Model>, llvm::CodeGenOptLevel, bool) const /usr/lib/llvm-20/include/llvm/MC/TargetRegistry.h:462:12
    #14 0x55ca9163a09e in tsc::TargetRegistry::initializeAllTargets() /workspace/src/TargetRegistry.cpp:67:41
    #15 0x55ca9162bdcd in tsc::Compiler::initializeLLVM() /workspace/src/Compiler.cpp:349:14
    #16 0x55ca9162b8b7 in tsc::Compiler::Compiler(tsc::CompilerOptions const&) /workspace/src/Compiler.cpp:24:5
    #17 0x55ca915fd7b5 in main /workspace/src/main.cpp:191:18
    #18 0x7ff5c395a337  (/lib/x86_64-linux-gnu/libc.so.6+0x2a337) (BuildId: 467f544f15035abef911999cbc14489edd0555ab)
    #19 0x7ff5c395a3fa in __libc_start_main (/lib/x86_64-linux-gnu/libc.so.6+0x2a3fa) (BuildId: 467f544f15035abef911999cbc14489edd0555ab)
    #20 0x55ca91511b64 in _start (/workspace/build-asan/tsc+0x74b64) (BuildId: 73a10d7cc646a755f705b0ae57418e68578aec2f)

Indirect leak of 416 byte(s) in 4 object(s) allocated from:
    #0 0x55ca915fa191 in operator new(unsigned long) (/workspace/build-asan/tsc+0x15d191) (BuildId: 73a10d7cc646a755f705b0ae57418e68578aec2f)
    #1 0x7ff5c534e995 in void std::vector<llvm::MCCFIInstruction, std::allocator<llvm::MCCFIInstruction>>::_M_realloc_append<llvm::MCCFIInstruction const&>(llvm::MCCFIInstruction const&) (/usr/lib/llvm-20/lib/libLLVM.so.20.1+0x1432995) (BuildId: b856c61f98abf0989f157f153740fe0fadfbb760)
    #2 0x7ff5c719b0f8  (/usr/lib/llvm-20/lib/libLLVM.so.20.1+0x327f0f8) (BuildId: b856c61f98abf0989f157f153740fe0fadfbb760)
    #3 0x7ff5c52d081f in llvm::CodeGenTargetMachineImpl::initAsmInfo() (/usr/lib/llvm-20/lib/libLLVM.so.20.1+0x13b481f) (BuildId: b856c61f98abf0989f157f153740fe0fadfbb760)
    #4 0x7ff5c70ed3c9  (/usr/lib/llvm-20/lib/libLLVM.so.20.1+0x31d13c9) (BuildId: b856c61f98abf0989f157f153740fe0fadfbb760)
    #5 0x7ff5c70efd1c  (/usr/lib/llvm-20/lib/libLLVM.so.20.1+0x31d3d1c) (BuildId: b856c61f98abf0989f157f153740fe0fadfbb760)
    #6 0x55ca91648523 in llvm::Target::createTargetMachine(llvm::StringRef, llvm::StringRef, llvm::StringRef, llvm::TargetOptions const&, std::optional<llvm::Reloc::Model>, std::optional<llvm::CodeModel::Model>, llvm::CodeGenOptLevel, bool) const /usr/lib/llvm-20/include/llvm/MC/TargetRegistry.h:462:12
    #7 0x55ca9163a09e in tsc::TargetRegistry::initializeAllTargets() /workspace/src/TargetRegistry.cpp:67:41
    #8 0x55ca9162bdcd in tsc::Compiler::initializeLLVM() /workspace/src/Compiler.cpp:349:14
    #9 0x55ca9162b8b7 in tsc::Compiler::Compiler(tsc::CompilerOptions const&) /workspace/src/Compiler.cpp:24:5
    #10 0x55ca915fd7b5 in main /workspace/src/main.cpp:191:18
    #11 0x7ff5c395a337  (/lib/x86_64-linux-gnu/libc.so.6+0x2a337) (BuildId: 467f544f15035abef911999cbc14489edd0555ab)
    #12 0x7ff5c395a3fa in __libc_start_main (/lib/x86_64-linux-gnu/libc.so.6+0x2a3fa) (BuildId: 467f544f15035abef911999cbc14489edd0555ab)
    #13 0x55ca91511b64 in _start (/workspace/build-asan/tsc+0x74b64) (BuildId: 73a10d7cc646a755f705b0ae57418e68578aec2f)

Indirect leak of 416 byte(s) in 4 object(s) allocated from:
    #0 0x55ca915fa191 in operator new(unsigned long) (/workspace/build-asan/tsc+0x15d191) (BuildId: 73a10d7cc646a755f705b0ae57418e68578aec2f)
    #1 0x7ff5c534e995 in void std::vector<llvm::MCCFIInstruction, std::allocator<llvm::MCCFIInstruction>>::_M_realloc_append<llvm::MCCFIInstruction const&>(llvm::MCCFIInstruction const&) (/usr/lib/llvm-20/lib/libLLVM.so.20.1+0x1432995) (BuildId: b856c61f98abf0989f157f153740fe0fadfbb760)
    #2 0x7ff5c7d4c86d  (/usr/lib/llvm-20/lib/libLLVM.so.20.1+0x3e3086d) (BuildId: b856c61f98abf0989f157f153740fe0fadfbb760)
    #3 0x7ff5c52d081f in llvm::CodeGenTargetMachineImpl::initAsmInfo() (/usr/lib/llvm-20/lib/libLLVM.so.20.1+0x13b481f) (BuildId: b856c61f98abf0989f157f153740fe0fadfbb760)
    #4 0x7ff5c7d135ac  (/usr/lib/llvm-20/lib/libLLVM.so.20.1+0x3df75ac) (BuildId: b856c61f98abf0989f157f153740fe0fadfbb760)
    #5 0x7ff5c7d15bcd  (/usr/lib/llvm-20/lib/libLLVM.so.20.1+0x3df9bcd) (BuildId: b856c61f98abf0989f157f153740fe0fadfbb760)
    #6 0x55ca91648523 in llvm::Target::createTargetMachine(llvm::StringRef, llvm::StringRef, llvm::StringRef, llvm::TargetOptions const&, std::optional<llvm::Reloc::Model>, std::optional<llvm::CodeModel::Model>, llvm::CodeGenOptLevel, bool) const /usr/lib/llvm-20/include/llvm/MC/TargetRegistry.h:462:12
    #7 0x55ca9163a09e in tsc::TargetRegistry::initializeAllTargets() /workspace/src/TargetRegistry.cpp:67:41
    #8 0x55ca9162bdcd in tsc::Compiler::initializeLLVM() /workspace/src/Compiler.cpp:349:14
    #9 0x55ca9162b8b7 in tsc::Compiler::Compiler(tsc::CompilerOptions const&) /workspace/src/Compiler.cpp:24:5
    #10 0x55ca915fd7b5 in main /workspace/src/main.cpp:191:18
    #11 0x7ff5c395a337  (/lib/x86_64-linux-gnu/libc.so.6+0x2a337) (BuildId: 467f544f15035abef911999cbc14489edd0555ab)
    #12 0x7ff5c395a3fa in __libc_start_main (/lib/x86_64-linux-gnu/libc.so.6+0x2a3fa) (BuildId: 467f544f15035abef911999cbc14489edd0555ab)
    #13 0x55ca91511b64 in _start (/workspace/build-asan/tsc+0x74b64) (BuildId: 73a10d7cc646a755f705b0ae57418e68578aec2f)

Indirect leak of 416 byte(s) in 2 object(s) allocated from:
    #0 0x55ca915fa191 in operator new(unsigned long) (/workspace/build-asan/tsc+0x15d191) (BuildId: 73a10d7cc646a755f705b0ae57418e68578aec2f)
    #1 0x7ff5c534e995 in void std::vector<llvm::MCCFIInstruction, std::allocator<llvm::MCCFIInstruction>>::_M_realloc_append<llvm::MCCFIInstruction const&>(llvm::MCCFIInstruction const&) (/usr/lib/llvm-20/lib/libLLVM.so.20.1+0x1432995) (BuildId: b856c61f98abf0989f157f153740fe0fadfbb760)
    #2 0x7ff5c83fc25e  (/usr/lib/llvm-20/lib/libLLVM.so.20.1+0x44e025e) (BuildId: b856c61f98abf0989f157f153740fe0fadfbb760)
    #3 0x7ff5c52d081f in llvm::CodeGenTargetMachineImpl::initAsmInfo() (/usr/lib/llvm-20/lib/libLLVM.so.20.1+0x13b481f) (BuildId: b856c61f98abf0989f157f153740fe0fadfbb760)
    #4 0x7ff5c837bf6d  (/usr/lib/llvm-20/lib/libLLVM.so.20.1+0x445ff6d) (BuildId: b856c61f98abf0989f157f153740fe0fadfbb760)
    #5 0x7ff5c837de4d  (/usr/lib/llvm-20/lib/libLLVM.so.20.1+0x4461e4d) (BuildId: b856c61f98abf0989f157f153740fe0fadfbb760)
    #6 0x55ca91648523 in llvm::Target::createTargetMachine(llvm::StringRef, llvm::StringRef, llvm::StringRef, llvm::TargetOptions const&, std::optional<llvm::Reloc::Model>, std::optional<llvm::CodeModel::Model>, llvm::CodeGenOptLevel, bool) const /usr/lib/llvm-20/include/llvm/MC/TargetRegistry.h:462:12
    #7 0x55ca9163a09e in tsc::TargetRegistry::initializeAllTargets() /workspace/src/TargetRegistry.cpp:67:41
    #8 0x55ca9162bdcd in tsc::Compiler::initializeLLVM() /workspace/src/Compiler.cpp:349:14
    #9 0x55ca9162b8b7 in tsc::Compiler::Compiler(tsc::CompilerOptions const&) /workspace/src/Compiler.cpp:24:5
    #10 0x55ca915fd7b5 in main /workspace/src/main.cpp:191:18
    #11 0x7ff5c395a337  (/lib/x86_64-linux-gnu/libc.so.6+0x2a337) (BuildId: 467f544f15035abef911999cbc14489edd0555ab)
    #12 0x7ff5c395a3fa in __libc_start_main (/lib/x86_64-linux-gnu/libc.so.6+0x2a3fa) (BuildId: 467f544f15035abef911999cbc14489edd0555ab)
    #13 0x55ca91511b64 in _start (/workspace/build-asan/tsc+0x74b64) (BuildId: 73a10d7cc646a755f705b0ae57418e68578aec2f)

Indirect leak of 408 byte(s) in 1 object(s) allocated from:
    #0 0x55ca915fa191 in operator new(unsigned long) (/workspace/build-asan/tsc+0x15d191) (BuildId: 73a10d7cc646a755f705b0ae57418e68578aec2f)
    #1 0x7ff5c70d7bd0 in std::vector<std::vector<unsigned short, std::allocator<unsigned short>>, std::allocator<std::vector<unsigned short, std::allocator<unsigned short>>>>::_M_default_append(unsigned long) (/usr/lib/llvm-20/lib/libLLVM.so.20.1+0x31bbbd0) (BuildId: b856c61f98abf0989f157f153740fe0fadfbb760)
    #2 0x7ff5c841b121  (/usr/lib/llvm-20/lib/libLLVM.so.20.1+0x44ff121) (BuildId: b856c61f98abf0989f157f153740fe0fadfbb760)
    #3 0x7ff5c841b26c  (/usr/lib/llvm-20/lib/libLLVM.so.20.1+0x44ff26c) (BuildId: b856c61f98abf0989f157f153740fe0fadfbb760)
    #4 0x7ff5c841c61b  (/usr/lib/llvm-20/lib/libLLVM.so.20.1+0x450061b) (BuildId: b856c61f98abf0989f157f153740fe0fadfbb760)
    #5 0x7ff5c841ca9a  (/usr/lib/llvm-20/lib/libLLVM.so.20.1+0x4500a9a) (BuildId: b856c61f98abf0989f157f153740fe0fadfbb760)
    #6 0x7ff5c841d0da  (/usr/lib/llvm-20/lib/libLLVM.so.20.1+0x45010da) (BuildId: b856c61f98abf0989f157f153740fe0fadfbb760)
    #7 0x55ca91648523 in llvm::Target::createTargetMachine(llvm::StringRef, llvm::StringRef, llvm::StringRef, llvm::TargetOptions const&, std::optional<llvm::Reloc::Model>, std::optional<llvm::CodeModel::Model>, llvm::CodeGenOptLevel, bool) const /usr/lib/llvm-20/include/llvm/MC/TargetRegistry.h:462:12
    #8 0x55ca9163a09e in tsc::TargetRegistry::initializeAllTargets() /workspace/src/TargetRegistry.cpp:67:41
    #9 0x55ca9162bdcd in tsc::Compiler::initializeLLVM() /workspace/src/Compiler.cpp:349:14
    #10 0x55ca9162b8b7 in tsc::Compiler::Compiler(tsc::CompilerOptions const&) /workspace/src/Compiler.cpp:24:5
    #11 0x55ca915fd7b5 in main /workspace/src/main.cpp:191:18
    #12 0x7ff5c395a337  (/lib/x86_64-linux-gnu/libc.so.6+0x2a337) (BuildId: 467f544f15035abef911999cbc14489edd0555ab)
    #13 0x7ff5c395a3fa in __libc_start_main (/lib/x86_64-linux-gnu/libc.so.6+0x2a3fa) (BuildId: 467f544f15035abef911999cbc14489edd0555ab)
    #14 0x55ca91511b64 in _start (/workspace/build-asan/tsc+0x74b64) (BuildId: 73a10d7cc646a755f705b0ae57418e68578aec2f)

Indirect leak of 408 byte(s) in 1 object(s) allocated from:
    #0 0x55ca915fa191 in operator new(unsigned long) (/workspace/build-asan/tsc+0x15d191) (BuildId: 73a10d7cc646a755f705b0ae57418e68578aec2f)
    #1 0x7ff5c70d7bd0 in std::vector<std::vector<unsigned short, std::allocator<unsigned short>>, std::allocator<std::vector<unsigned short, std::allocator<unsigned short>>>>::_M_default_append(unsigned long) (/usr/lib/llvm-20/lib/libLLVM.so.20.1+0x31bbbd0) (BuildId: b856c61f98abf0989f157f153740fe0fadfbb760)
    #2 0x7ff5c84317f3  (/usr/lib/llvm-20/lib/libLLVM.so.20.1+0x45157f3) (BuildId: b856c61f98abf0989f157f153740fe0fadfbb760)
    #3 0x7ff5c52d06be in llvm::CodeGenTargetMachineImpl::initAsmInfo() (/usr/lib/llvm-20/lib/libLLVM.so.20.1+0x13b46be) (BuildId: b856c61f98abf0989f157f153740fe0fadfbb760)
    #4 0x7ff5c841cad0  (/usr/lib/llvm-20/lib/libLLVM.so.20.1+0x4500ad0) (BuildId: b856c61f98abf0989f157f153740fe0fadfbb760)
    #5 0x7ff5c841d0da  (/usr/lib/llvm-20/lib/libLLVM.so.20.1+0x45010da) (BuildId: b856c61f98abf0989f157f153740fe0fadfbb760)
    #6 0x55ca91648523 in llvm::Target::createTargetMachine(llvm::StringRef, llvm::StringRef, llvm::StringRef, llvm::TargetOptions const&, std::optional<llvm::Reloc::Model>, std::optional<llvm::CodeModel::Model>, llvm::CodeGenOptLevel, bool) const /usr/lib/llvm-20/include/llvm/MC/TargetRegistry.h:462:12
    #7 0x55ca9163a09e in tsc::TargetRegistry::initializeAllTargets() /workspace/src/TargetRegistry.cpp:67:41
    #8 0x55ca9162bdcd in tsc::Compiler::initializeLLVM() /workspace/src/Compiler.cpp:349:14
    #9 0x55ca9162b8b7 in tsc::Compiler::Compiler(tsc::CompilerOptions const&) /workspace/src/Compiler.cpp:24:5
    #10 0x55ca915fd7b5 in main /workspace/src/main.cpp:191:18
    #11 0x7ff5c395a337  (/lib/x86_64-linux-gnu/libc.so.6+0x2a337) (BuildId: 467f544f15035abef911999cbc14489edd0555ab)
    #12 0x7ff5c395a3fa in __libc_start_main (/lib/x86_64-linux-gnu/libc.so.6+0x2a3fa) (BuildId: 467f544f15035abef911999cbc14489edd0555ab)
    #13 0x55ca91511b64 in _start (/workspace/build-asan/tsc+0x74b64) (BuildId: 73a10d7cc646a755f705b0ae57418e68578aec2f)

Indirect leak of 360 byte(s) in 1 object(s) allocated from:
    #0 0x55ca915b5858 in malloc (/workspace/build-asan/tsc+0x118858) (BuildId: 73a10d7cc646a755f705b0ae57418e68578aec2f)
    #1 0x7ff5c4ec87d6 in llvm::SmallVectorBase<unsigned int>::mallocForGrow(void*, unsigned long, unsigned long, unsigned long&) (/usr/lib/llvm-20/lib/libLLVM.so.20.1+0xfac7d6) (BuildId: b856c61f98abf0989f157f153740fe0fadfbb760)
    #2 0x7ff5c6f39a5c  (/usr/lib/llvm-20/lib/libLLVM.so.20.1+0x301da5c) (BuildId: b856c61f98abf0989f157f153740fe0fadfbb760)
    #3 0x7ff5c6f39a01  (/usr/lib/llvm-20/lib/libLLVM.so.20.1+0x301da01) (BuildId: b856c61f98abf0989f157f153740fe0fadfbb760)
    #4 0x7ff5c6f39cfe  (/usr/lib/llvm-20/lib/libLLVM.so.20.1+0x301dcfe) (BuildId: b856c61f98abf0989f157f153740fe0fadfbb760)
    #5 0x7ff5c6f34f81  (/usr/lib/llvm-20/lib/libLLVM.so.20.1+0x3018f81) (BuildId: b856c61f98abf0989f157f153740fe0fadfbb760)
    #6 0x7ff5c8439317  (/usr/lib/llvm-20/lib/libLLVM.so.20.1+0x451d317) (BuildId: b856c61f98abf0989f157f153740fe0fadfbb760)
    #7 0x7ff5c84564e6  (/usr/lib/llvm-20/lib/libLLVM.so.20.1+0x453a4e6) (BuildId: b856c61f98abf0989f157f153740fe0fadfbb760)
    #8 0x7ff5c8457105  (/usr/lib/llvm-20/lib/libLLVM.so.20.1+0x453b105) (BuildId: b856c61f98abf0989f157f153740fe0fadfbb760)
    #9 0x7ff5c8457a7a  (/usr/lib/llvm-20/lib/libLLVM.so.20.1+0x453ba7a) (BuildId: b856c61f98abf0989f157f153740fe0fadfbb760)
    #10 0x55ca91648523 in llvm::Target::createTargetMachine(llvm::StringRef, llvm::StringRef, llvm::StringRef, llvm::TargetOptions const&, std::optional<llvm::Reloc::Model>, std::optional<llvm::CodeModel::Model>, llvm::CodeGenOptLevel, bool) const /usr/lib/llvm-20/include/llvm/MC/TargetRegistry.h:462:12
    #11 0x55ca9163a09e in tsc::TargetRegistry::initializeAllTargets() /workspace/src/TargetRegistry.cpp:67:41
    #12 0x55ca9162bdcd in tsc::Compiler::initializeLLVM() /workspace/src/Compiler.cpp:349:14
    #13 0x55ca9162b8b7 in tsc::Compiler::Compiler(tsc::CompilerOptions const&) /workspace/src/Compiler.cpp:24:5
    #14 0x55ca915fd7b5 in main /workspace/src/main.cpp:191:18
    #15 0x7ff5c395a337  (/lib/x86_64-linux-gnu/libc.so.6+0x2a337) (BuildId: 467f544f15035abef911999cbc14489edd0555ab)
    #16 0x7ff5c395a3fa in __libc_start_main (/lib/x86_64-linux-gnu/libc.so.6+0x2a3fa) (BuildId: 467f544f15035abef911999cbc14489edd0555ab)
    #17 0x55ca91511b64 in _start (/workspace/build-asan/tsc+0x74b64) (BuildId: 73a10d7cc646a755f705b0ae57418e68578aec2f)

Indirect leak of 360 byte(s) in 1 object(s) allocated from:
    #0 0x55ca915b5858 in malloc (/workspace/build-asan/tsc+0x118858) (BuildId: 73a10d7cc646a755f705b0ae57418e68578aec2f)
    #1 0x7ff5c4ec87d6 in llvm::SmallVectorBase<unsigned int>::mallocForGrow(void*, unsigned long, unsigned long, unsigned long&) (/usr/lib/llvm-20/lib/libLLVM.so.20.1+0xfac7d6) (BuildId: b856c61f98abf0989f157f153740fe0fadfbb760)
    #2 0x7ff5c6f39a5c  (/usr/lib/llvm-20/lib/libLLVM.so.20.1+0x301da5c) (BuildId: b856c61f98abf0989f157f153740fe0fadfbb760)
    #3 0x7ff5c6f39a01  (/usr/lib/llvm-20/lib/libLLVM.so.20.1+0x301da01) (BuildId: b856c61f98abf0989f157f153740fe0fadfbb760)
    #4 0x7ff5c6f39cfe  (/usr/lib/llvm-20/lib/libLLVM.so.20.1+0x301dcfe) (BuildId: b856c61f98abf0989f157f153740fe0fadfbb760)
    #5 0x7ff5c6f34f81  (/usr/lib/llvm-20/lib/libLLVM.so.20.1+0x3018f81) (BuildId: b856c61f98abf0989f157f153740fe0fadfbb760)
    #6 0x7ff5c843942c  (/usr/lib/llvm-20/lib/libLLVM.so.20.1+0x451d42c) (BuildId: b856c61f98abf0989f157f153740fe0fadfbb760)
    #7 0x7ff5c84564e6  (/usr/lib/llvm-20/lib/libLLVM.so.20.1+0x453a4e6) (BuildId: b856c61f98abf0989f157f153740fe0fadfbb760)
    #8 0x7ff5c8457105  (/usr/lib/llvm-20/lib/libLLVM.so.20.1+0x453b105) (BuildId: b856c61f98abf0989f157f153740fe0fadfbb760)
    #9 0x7ff5c8457a7a  (/usr/lib/llvm-20/lib/libLLVM.so.20.1+0x453ba7a) (BuildId: b856c61f98abf0989f157f153740fe0fadfbb760)
    #10 0x55ca91648523 in llvm::Target::createTargetMachine(llvm::StringRef, llvm::StringRef, llvm::StringRef, llvm::TargetOptions const&, std::optional<llvm::Reloc::Model>, std::optional<llvm::CodeModel::Model>, llvm::CodeGenOptLevel, bool) const /usr/lib/llvm-20/include/llvm/MC/TargetRegistry.h:462:12
    #11 0x55ca9163a09e in tsc::TargetRegistry::initializeAllTargets() /workspace/src/TargetRegistry.cpp:67:41
    #12 0x55ca9162bdcd in tsc::Compiler::initializeLLVM() /workspace/src/Compiler.cpp:349:14
    #13 0x55ca9162b8b7 in tsc::Compiler::Compiler(tsc::CompilerOptions const&) /workspace/src/Compiler.cpp:24:5
    #14 0x55ca915fd7b5 in main /workspace/src/main.cpp:191:18
    #15 0x7ff5c395a337  (/lib/x86_64-linux-gnu/libc.so.6+0x2a337) (BuildId: 467f544f15035abef911999cbc14489edd0555ab)
    #16 0x7ff5c395a3fa in __libc_start_main (/lib/x86_64-linux-gnu/libc.so.6+0x2a3fa) (BuildId: 467f544f15035abef911999cbc14489edd0555ab)
    #17 0x55ca91511b64 in _start (/workspace/build-asan/tsc+0x74b64) (BuildId: 73a10d7cc646a755f705b0ae57418e68578aec2f)

Indirect leak of 360 byte(s) in 4 object(s) allocated from:
    #0 0x55ca915fa191 in operator new(unsigned long) (/workspace/build-asan/tsc+0x15d191) (BuildId: 73a10d7cc646a755f705b0ae57418e68578aec2f)
    #1 0x7ff5c4ff3807 in llvm::DataLayout::parseLayoutString(llvm::StringRef) (/usr/lib/llvm-20/lib/libLLVM.so.20.1+0x10d7807) (BuildId: b856c61f98abf0989f157f153740fe0fadfbb760)
    #2 0x7ff5c4ff3744 in llvm::DataLayout::DataLayout(llvm::StringRef) (/usr/lib/llvm-20/lib/libLLVM.so.20.1+0x10d7744) (BuildId: b856c61f98abf0989f157f153740fe0fadfbb760)
    #3 0x7ff5c6ef490c in llvm::TargetMachine::TargetMachine(llvm::Target const&, llvm::StringRef, llvm::Triple const&, llvm::StringRef, llvm::StringRef, llvm::TargetOptions const&) (/usr/lib/llvm-20/lib/libLLVM.so.20.1+0x2fd890c) (BuildId: b856c61f98abf0989f157f153740fe0fadfbb760)
    #4 0x7ff5c52d0937 in llvm::CodeGenTargetMachineImpl::CodeGenTargetMachineImpl(llvm::Target const&, llvm::StringRef, llvm::Triple const&, llvm::StringRef, llvm::StringRef, llvm::TargetOptions const&, llvm::Reloc::Model, llvm::CodeModel::Model, llvm::CodeGenOptLevel) (/usr/lib/llvm-20/lib/libLLVM.so.20.1+0x13b4937) (BuildId: b856c61f98abf0989f157f153740fe0fadfbb760)
    #5 0x7ff5c70ed2b8  (/usr/lib/llvm-20/lib/libLLVM.so.20.1+0x31d12b8) (BuildId: b856c61f98abf0989f157f153740fe0fadfbb760)
    #6 0x7ff5c70efd1c  (/usr/lib/llvm-20/lib/libLLVM.so.20.1+0x31d3d1c) (BuildId: b856c61f98abf0989f157f153740fe0fadfbb760)
    #7 0x55ca91648523 in llvm::Target::createTargetMachine(llvm::StringRef, llvm::StringRef, llvm::StringRef, llvm::TargetOptions const&, std::optional<llvm::Reloc::Model>, std::optional<llvm::CodeModel::Model>, llvm::CodeGenOptLevel, bool) const /usr/lib/llvm-20/include/llvm/MC/TargetRegistry.h:462:12
    #8 0x55ca9163a09e in tsc::TargetRegistry::initializeAllTargets() /workspace/src/TargetRegistry.cpp:67:41
    #9 0x55ca9162bdcd in tsc::Compiler::initializeLLVM() /workspace/src/Compiler.cpp:349:14
    #10 0x55ca9162b8b7 in tsc::Compiler::Compiler(tsc::CompilerOptions const&) /workspace/src/Compiler.cpp:24:5
    #11 0x55ca915fd7b5 in main /workspace/src/main.cpp:191:18
    #12 0x7ff5c395a337  (/lib/x86_64-linux-gnu/libc.so.6+0x2a337) (BuildId: 467f544f15035abef911999cbc14489edd0555ab)
    #13 0x7ff5c395a3fa in __libc_start_main (/lib/x86_64-linux-gnu/libc.so.6+0x2a3fa) (BuildId: 467f544f15035abef911999cbc14489edd0555ab)
    #14 0x55ca91511b64 in _start (/workspace/build-asan/tsc+0x74b64) (BuildId: 73a10d7cc646a755f705b0ae57418e68578aec2f)

Indirect leak of 360 byte(s) in 1 object(s) allocated from:
    #0 0x55ca915b5858 in malloc (/workspace/build-asan/tsc+0x118858) (BuildId: 73a10d7cc646a755f705b0ae57418e68578aec2f)
    #1 0x7ff5c4ec87d6 in llvm::SmallVectorBase<unsigned int>::mallocForGrow(void*, unsigned long, unsigned long, unsigned long&) (/usr/lib/llvm-20/lib/libLLVM.so.20.1+0xfac7d6) (BuildId: b856c61f98abf0989f157f153740fe0fadfbb760)
    #2 0x7ff5c6f39a5c  (/usr/lib/llvm-20/lib/libLLVM.so.20.1+0x301da5c) (BuildId: b856c61f98abf0989f157f153740fe0fadfbb760)
    #3 0x7ff5c6f39a01  (/usr/lib/llvm-20/lib/libLLVM.so.20.1+0x301da01) (BuildId: b856c61f98abf0989f157f153740fe0fadfbb760)
    #4 0x7ff5c6f39cfe  (/usr/lib/llvm-20/lib/libLLVM.so.20.1+0x301dcfe) (BuildId: b856c61f98abf0989f157f153740fe0fadfbb760)
    #5 0x7ff5c6f34f81  (/usr/lib/llvm-20/lib/libLLVM.so.20.1+0x3018f81) (BuildId: b856c61f98abf0989f157f153740fe0fadfbb760)
    #6 0x7ff5c8439226  (/usr/lib/llvm-20/lib/libLLVM.so.20.1+0x451d226) (BuildId: b856c61f98abf0989f157f153740fe0fadfbb760)
    #7 0x7ff5c84564e6  (/usr/lib/llvm-20/lib/libLLVM.so.20.1+0x453a4e6) (BuildId: b856c61f98abf0989f157f153740fe0fadfbb760)
    #8 0x7ff5c8457105  (/usr/lib/llvm-20/lib/libLLVM.so.20.1+0x453b105) (BuildId: b856c61f98abf0989f157f153740fe0fadfbb760)
    #9 0x7ff5c8457a7a  (/usr/lib/llvm-20/lib/libLLVM.so.20.1+0x453ba7a) (BuildId: b856c61f98abf0989f157f153740fe0fadfbb760)
    #10 0x55ca91648523 in llvm::Target::createTargetMachine(llvm::StringRef, llvm::StringRef, llvm::StringRef, llvm::TargetOptions const&, std::optional<llvm::Reloc::Model>, std::optional<llvm::CodeModel::Model>, llvm::CodeGenOptLevel, bool) const /usr/lib/llvm-20/include/llvm/MC/TargetRegistry.h:462:12
    #11 0x55ca9163a09e in tsc::TargetRegistry::initializeAllTargets() /workspace/src/TargetRegistry.cpp:67:41
    #12 0x55ca9162bdcd in tsc::Compiler::initializeLLVM() /workspace/src/Compiler.cpp:349:14
    #13 0x55ca9162b8b7 in tsc::Compiler::Compiler(tsc::CompilerOptions const&) /workspace/src/Compiler.cpp:24:5
    #14 0x55ca915fd7b5 in main /workspace/src/main.cpp:191:18
    #15 0x7ff5c395a337  (/lib/x86_64-linux-gnu/libc.so.6+0x2a337) (BuildId: 467f544f15035abef911999cbc14489edd0555ab)
    #16 0x7ff5c395a3fa in __libc_start_main (/lib/x86_64-linux-gnu/libc.so.6+0x2a3fa) (BuildId: 467f544f15035abef911999cbc14489edd0555ab)
    #17 0x55ca91511b64 in _start (/workspace/build-asan/tsc+0x74b64) (BuildId: 73a10d7cc646a755f705b0ae57418e68578aec2f)

Indirect leak of 340 byte(s) in 1 object(s) allocated from:
    #0 0x55ca915b5858 in malloc (/workspace/build-asan/tsc+0x118858) (BuildId: 73a10d7cc646a755f705b0ae57418e68578aec2f)
    #1 0x7ff5c4ec89b9 in llvm::SmallVectorBase<unsigned int>::grow_pod(void*, unsigned long, unsigned long) (/usr/lib/llvm-20/lib/libLLVM.so.20.1+0xfac9b9) (BuildId: b856c61f98abf0989f157f153740fe0fadfbb760)
    #2 0x7ff5c4ff8687  (/usr/lib/llvm-20/lib/libLLVM.so.20.1+0x10dc687) (BuildId: b856c61f98abf0989f157f153740fe0fadfbb760)
    #3 0x7ff5c4ff55a9 in llvm::DataLayout::setPointerSpec(unsigned int, unsigned int, llvm::Align, llvm::Align, unsigned int, bool) (/usr/lib/llvm-20/lib/libLLVM.so.20.1+0x10d95a9) (BuildId: b856c61f98abf0989f157f153740fe0fadfbb760)
    #4 0x7ff5c4ff52a0 in llvm::DataLayout::parsePointerSpec(llvm::StringRef) (/usr/lib/llvm-20/lib/libLLVM.so.20.1+0x10d92a0) (BuildId: b856c61f98abf0989f157f153740fe0fadfbb760)
    #5 0x7ff5c4ff5791 in llvm::DataLayout::parseSpecification(llvm::StringRef, llvm::SmallVectorImpl<unsigned int>&) (/usr/lib/llvm-20/lib/libLLVM.so.20.1+0x10d9791) (BuildId: b856c61f98abf0989f157f153740fe0fadfbb760)
    #6 0x7ff5c4ff3cb4 in llvm::DataLayout::parseLayoutString(llvm::StringRef) (/usr/lib/llvm-20/lib/libLLVM.so.20.1+0x10d7cb4) (BuildId: b856c61f98abf0989f157f153740fe0fadfbb760)
    #7 0x7ff5c4ff3744 in llvm::DataLayout::DataLayout(llvm::StringRef) (/usr/lib/llvm-20/lib/libLLVM.so.20.1+0x10d7744) (BuildId: b856c61f98abf0989f157f153740fe0fadfbb760)
    #8 0x7ff5c6ef490c in llvm::TargetMachine::TargetMachine(llvm::Target const&, llvm::StringRef, llvm::Triple const&, llvm::StringRef, llvm::StringRef, llvm::TargetOptions const&) (/usr/lib/llvm-20/lib/libLLVM.so.20.1+0x2fd890c) (BuildId: b856c61f98abf0989f157f153740fe0fadfbb760)
    #9 0x7ff5c52d0937 in llvm::CodeGenTargetMachineImpl::CodeGenTargetMachineImpl(llvm::Target const&, llvm::StringRef, llvm::Triple const&, llvm::StringRef, llvm::StringRef, llvm::TargetOptions const&, llvm::Reloc::Model, llvm::CodeModel::Model, llvm::CodeGenOptLevel) (/usr/lib/llvm-20/lib/libLLVM.so.20.1+0x13b4937) (BuildId: b856c61f98abf0989f157f153740fe0fadfbb760)
    #10 0x7ff5c7331fcf  (/usr/lib/llvm-20/lib/libLLVM.so.20.1+0x3415fcf) (BuildId: b856c61f98abf0989f157f153740fe0fadfbb760)
    #11 0x7ff5c73e5e9c  (/usr/lib/llvm-20/lib/libLLVM.so.20.1+0x34c9e9c) (BuildId: b856c61f98abf0989f157f153740fe0fadfbb760)
    #12 0x7ff5c73471fd  (/usr/lib/llvm-20/lib/libLLVM.so.20.1+0x342b1fd) (BuildId: b856c61f98abf0989f157f153740fe0fadfbb760)
    #13 0x55ca91648523 in llvm::Target::createTargetMachine(llvm::StringRef, llvm::StringRef, llvm::StringRef, llvm::TargetOptions const&, std::optional<llvm::Reloc::Model>, std::optional<llvm::CodeModel::Model>, llvm::CodeGenOptLevel, bool) const /usr/lib/llvm-20/include/llvm/MC/TargetRegistry.h:462:12
    #14 0x55ca9163a09e in tsc::TargetRegistry::initializeAllTargets() /workspace/src/TargetRegistry.cpp:67:41
    #15 0x55ca9162bdcd in tsc::Compiler::initializeLLVM() /workspace/src/Compiler.cpp:349:14
    #16 0x55ca9162b8b7 in tsc::Compiler::Compiler(tsc::CompilerOptions const&) /workspace/src/Compiler.cpp:24:5
    #17 0x55ca915fd7b5 in main /workspace/src/main.cpp:191:18
    #18 0x7ff5c395a337  (/lib/x86_64-linux-gnu/libc.so.6+0x2a337) (BuildId: 467f544f15035abef911999cbc14489edd0555ab)
    #19 0x7ff5c395a3fa in __libc_start_main (/lib/x86_64-linux-gnu/libc.so.6+0x2a3fa) (BuildId: 467f544f15035abef911999cbc14489edd0555ab)
    #20 0x55ca91511b64 in _start (/workspace/build-asan/tsc+0x74b64) (BuildId: 73a10d7cc646a755f705b0ae57418e68578aec2f)

Indirect leak of 340 byte(s) in 1 object(s) allocated from:
    #0 0x55ca915b5858 in malloc (/workspace/build-asan/tsc+0x118858) (BuildId: 73a10d7cc646a755f705b0ae57418e68578aec2f)
    #1 0x7ff5c4ec89b9 in llvm::SmallVectorBase<unsigned int>::grow_pod(void*, unsigned long, unsigned long) (/usr/lib/llvm-20/lib/libLLVM.so.20.1+0xfac9b9) (BuildId: b856c61f98abf0989f157f153740fe0fadfbb760)
    #2 0x7ff5c4ff8687  (/usr/lib/llvm-20/lib/libLLVM.so.20.1+0x10dc687) (BuildId: b856c61f98abf0989f157f153740fe0fadfbb760)
    #3 0x7ff5c4ff55a9 in llvm::DataLayout::setPointerSpec(unsigned int, unsigned int, llvm::Align, llvm::Align, unsigned int, bool) (/usr/lib/llvm-20/lib/libLLVM.so.20.1+0x10d95a9) (BuildId: b856c61f98abf0989f157f153740fe0fadfbb760)
    #4 0x7ff5c4ff52a0 in llvm::DataLayout::parsePointerSpec(llvm::StringRef) (/usr/lib/llvm-20/lib/libLLVM.so.20.1+0x10d92a0) (BuildId: b856c61f98abf0989f157f153740fe0fadfbb760)
    #5 0x7ff5c4ff5791 in llvm::DataLayout::parseSpecification(llvm::StringRef, llvm::SmallVectorImpl<unsigned int>&) (/usr/lib/llvm-20/lib/libLLVM.so.20.1+0x10d9791) (BuildId: b856c61f98abf0989f157f153740fe0fadfbb760)
    #6 0x7ff5c4ff3cb4 in llvm::DataLayout::parseLayoutString(llvm::StringRef) (/usr/lib/llvm-20/lib/libLLVM.so.20.1+0x10d7cb4) (BuildId: b856c61f98abf0989f157f153740fe0fadfbb760)
    #7 0x7ff5c4ff3744 in llvm::DataLayout::DataLayout(llvm::StringRef) (/usr/lib/llvm-20/lib/libLLVM.so.20.1+0x10d7744) (BuildId: b856c61f98abf0989f157f153740fe0fadfbb760)
    #8 0x7ff5c6ef490c in llvm::TargetMachine::TargetMachine(llvm::Target const&, llvm::StringRef, llvm::Triple const&, llvm::StringRef, llvm::StringRef, llvm::TargetOptions const&) (/usr/lib/llvm-20/lib/libLLVM.so.20.1+0x2fd890c) (BuildId: b856c61f98abf0989f157f153740fe0fadfbb760)
    #9 0x7ff5c52d0937 in llvm::CodeGenTargetMachineImpl::CodeGenTargetMachineImpl(llvm::Target const&, llvm::StringRef, llvm::Triple const&, llvm::StringRef, llvm::StringRef, llvm::TargetOptions const&, llvm::Reloc::Model, llvm::CodeModel::Model, llvm::CodeGenOptLevel) (/usr/lib/llvm-20/lib/libLLVM.so.20.1+0x13b4937) (BuildId: b856c61f98abf0989f157f153740fe0fadfbb760)
    #10 0x7ff5c7331fcf  (/usr/lib/llvm-20/lib/libLLVM.so.20.1+0x3415fcf) (BuildId: b856c61f98abf0989f157f153740fe0fadfbb760)
    #11 0x7ff5c734729c  (/usr/lib/llvm-20/lib/libLLVM.so.20.1+0x342b29c) (BuildId: b856c61f98abf0989f157f153740fe0fadfbb760)
    #12 0x55ca91648523 in llvm::Target::createTargetMachine(llvm::StringRef, llvm::StringRef, llvm::StringRef, llvm::TargetOptions const&, std::optional<llvm::Reloc::Model>, std::optional<llvm::CodeModel::Model>, llvm::CodeGenOptLevel, bool) const /usr/lib/llvm-20/include/llvm/MC/TargetRegistry.h:462:12
    #13 0x55ca9163a09e in tsc::TargetRegistry::initializeAllTargets() /workspace/src/TargetRegistry.cpp:67:41
    #14 0x55ca9162bdcd in tsc::Compiler::initializeLLVM() /workspace/src/Compiler.cpp:349:14
    #15 0x55ca9162b8b7 in tsc::Compiler::Compiler(tsc::CompilerOptions const&) /workspace/src/Compiler.cpp:24:5
    #16 0x55ca915fd7b5 in main /workspace/src/main.cpp:191:18
    #17 0x7ff5c395a337  (/lib/x86_64-linux-gnu/libc.so.6+0x2a337) (BuildId: 467f544f15035abef911999cbc14489edd0555ab)
    #18 0x7ff5c395a3fa in __libc_start_main (/lib/x86_64-linux-gnu/libc.so.6+0x2a3fa) (BuildId: 467f544f15035abef911999cbc14489edd0555ab)
    #19 0x55ca91511b64 in _start (/workspace/build-asan/tsc+0x74b64) (BuildId: 73a10d7cc646a755f705b0ae57418e68578aec2f)

Indirect leak of 336 byte(s) in 3 object(s) allocated from:
    #0 0x55ca915b5858 in malloc (/workspace/build-asan/tsc+0x118858) (BuildId: 73a10d7cc646a755f705b0ae57418e68578aec2f)
    #1 0x7ff5c4ec89b9 in llvm::SmallVectorBase<unsigned int>::grow_pod(void*, unsigned long, unsigned long) (/usr/lib/llvm-20/lib/libLLVM.so.20.1+0xfac9b9) (BuildId: b856c61f98abf0989f157f153740fe0fadfbb760)
    #2 0x7ff5c59b6bce  (/usr/lib/llvm-20/lib/libLLVM.so.20.1+0x1a9abce) (BuildId: b856c61f98abf0989f157f153740fe0fadfbb760)
    #3 0x7ff5c59b6dcb  (/usr/lib/llvm-20/lib/libLLVM.so.20.1+0x1a9adcb) (BuildId: b856c61f98abf0989f157f153740fe0fadfbb760)
    #4 0x7ff5c6f3b008  (/usr/lib/llvm-20/lib/libLLVM.so.20.1+0x301f008) (BuildId: b856c61f98abf0989f157f153740fe0fadfbb760)
    #5 0x7ff5c6f3af97  (/usr/lib/llvm-20/lib/libLLVM.so.20.1+0x301ef97) (BuildId: b856c61f98abf0989f157f153740fe0fadfbb760)
    #6 0x7ff5c6f3998b  (/usr/lib/llvm-20/lib/libLLVM.so.20.1+0x301d98b) (BuildId: b856c61f98abf0989f157f153740fe0fadfbb760)
    #7 0x7ff5c6f398a6  (/usr/lib/llvm-20/lib/libLLVM.so.20.1+0x301d8a6) (BuildId: b856c61f98abf0989f157f153740fe0fadfbb760)
    #8 0x7ff5c6f3aa71  (/usr/lib/llvm-20/lib/libLLVM.so.20.1+0x301ea71) (BuildId: b856c61f98abf0989f157f153740fe0fadfbb760)
    #9 0x7ff5c7f5a262  (/usr/lib/llvm-20/lib/libLLVM.so.20.1+0x403e262) (BuildId: b856c61f98abf0989f157f153740fe0fadfbb760)
    #10 0x7ff5c7f81ab1  (/usr/lib/llvm-20/lib/libLLVM.so.20.1+0x4065ab1) (BuildId: b856c61f98abf0989f157f153740fe0fadfbb760)
    #11 0x7ff5c7f83c8f  (/usr/lib/llvm-20/lib/libLLVM.so.20.1+0x4067c8f) (BuildId: b856c61f98abf0989f157f153740fe0fadfbb760)
    #12 0x7ff5c7f8526a  (/usr/lib/llvm-20/lib/libLLVM.so.20.1+0x406926a) (BuildId: b856c61f98abf0989f157f153740fe0fadfbb760)
    #13 0x55ca91648523 in llvm::Target::createTargetMachine(llvm::StringRef, llvm::StringRef, llvm::StringRef, llvm::TargetOptions const&, std::optional<llvm::Reloc::Model>, std::optional<llvm::CodeModel::Model>, llvm::CodeGenOptLevel, bool) const /usr/lib/llvm-20/include/llvm/MC/TargetRegistry.h:462:12
    #14 0x55ca9163a09e in tsc::TargetRegistry::initializeAllTargets() /workspace/src/TargetRegistry.cpp:67:41
    #15 0x55ca9162bdcd in tsc::Compiler::initializeLLVM() /workspace/src/Compiler.cpp:349:14
    #16 0x55ca9162b8b7 in tsc::Compiler::Compiler(tsc::CompilerOptions const&) /workspace/src/Compiler.cpp:24:5
    #17 0x55ca915fd7b5 in main /workspace/src/main.cpp:191:18
    #18 0x7ff5c395a337  (/lib/x86_64-linux-gnu/libc.so.6+0x2a337) (BuildId: 467f544f15035abef911999cbc14489edd0555ab)
    #19 0x7ff5c395a3fa in __libc_start_main (/lib/x86_64-linux-gnu/libc.so.6+0x2a3fa) (BuildId: 467f544f15035abef911999cbc14489edd0555ab)
    #20 0x55ca91511b64 in _start (/workspace/build-asan/tsc+0x74b64) (BuildId: 73a10d7cc646a755f705b0ae57418e68578aec2f)

Indirect leak of 320 byte(s) in 2 object(s) allocated from:
    #0 0x55ca915fa191 in operator new(unsigned long) (/workspace/build-asan/tsc+0x15d191) (BuildId: 73a10d7cc646a755f705b0ae57418e68578aec2f)
    #1 0x7ff5c7b6093d  (/usr/lib/llvm-20/lib/libLLVM.so.20.1+0x3c4493d) (BuildId: b856c61f98abf0989f157f153740fe0fadfbb760)
    #2 0x7ff5c7b6188a  (/usr/lib/llvm-20/lib/libLLVM.so.20.1+0x3c4588a) (BuildId: b856c61f98abf0989f157f153740fe0fadfbb760)
    #3 0x7ff5c7b62a6c  (/usr/lib/llvm-20/lib/libLLVM.so.20.1+0x3c46a6c) (BuildId: b856c61f98abf0989f157f153740fe0fadfbb760)
    #4 0x55ca91648523 in llvm::Target::createTargetMachine(llvm::StringRef, llvm::StringRef, llvm::StringRef, llvm::TargetOptions const&, std::optional<llvm::Reloc::Model>, std::optional<llvm::CodeModel::Model>, llvm::CodeGenOptLevel, bool) const /usr/lib/llvm-20/include/llvm/MC/TargetRegistry.h:462:12
    #5 0x55ca9163a09e in tsc::TargetRegistry::initializeAllTargets() /workspace/src/TargetRegistry.cpp:67:41
    #6 0x55ca9162bdcd in tsc::Compiler::initializeLLVM() /workspace/src/Compiler.cpp:349:14
    #7 0x55ca9162b8b7 in tsc::Compiler::Compiler(tsc::CompilerOptions const&) /workspace/src/Compiler.cpp:24:5
    #8 0x55ca915fd7b5 in main /workspace/src/main.cpp:191:18
    #9 0x7ff5c395a337  (/lib/x86_64-linux-gnu/libc.so.6+0x2a337) (BuildId: 467f544f15035abef911999cbc14489edd0555ab)
    #10 0x7ff5c395a3fa in __libc_start_main (/lib/x86_64-linux-gnu/libc.so.6+0x2a3fa) (BuildId: 467f544f15035abef911999cbc14489edd0555ab)
    #11 0x55ca91511b64 in _start (/workspace/build-asan/tsc+0x74b64) (BuildId: 73a10d7cc646a755f705b0ae57418e68578aec2f)

Indirect leak of 320 byte(s) in 2 object(s) allocated from:
    #0 0x55ca915fa191 in operator new(unsigned long) (/workspace/build-asan/tsc+0x15d191) (BuildId: 73a10d7cc646a755f705b0ae57418e68578aec2f)
    #1 0x7ff5c7b6093d  (/usr/lib/llvm-20/lib/libLLVM.so.20.1+0x3c4493d) (BuildId: b856c61f98abf0989f157f153740fe0fadfbb760)
    #2 0x7ff5c7b61710  (/usr/lib/llvm-20/lib/libLLVM.so.20.1+0x3c45710) (BuildId: b856c61f98abf0989f157f153740fe0fadfbb760)
    #3 0x7ff5c7b62a6c  (/usr/lib/llvm-20/lib/libLLVM.so.20.1+0x3c46a6c) (BuildId: b856c61f98abf0989f157f153740fe0fadfbb760)
    #4 0x55ca91648523 in llvm::Target::createTargetMachine(llvm::StringRef, llvm::StringRef, llvm::StringRef, llvm::TargetOptions const&, std::optional<llvm::Reloc::Model>, std::optional<llvm::CodeModel::Model>, llvm::CodeGenOptLevel, bool) const /usr/lib/llvm-20/include/llvm/MC/TargetRegistry.h:462:12
    #5 0x55ca9163a09e in tsc::TargetRegistry::initializeAllTargets() /workspace/src/TargetRegistry.cpp:67:41
    #6 0x55ca9162bdcd in tsc::Compiler::initializeLLVM() /workspace/src/Compiler.cpp:349:14
    #7 0x55ca9162b8b7 in tsc::Compiler::Compiler(tsc::CompilerOptions const&) /workspace/src/Compiler.cpp:24:5
    #8 0x55ca915fd7b5 in main /workspace/src/main.cpp:191:18
    #9 0x7ff5c395a337  (/lib/x86_64-linux-gnu/libc.so.6+0x2a337) (BuildId: 467f544f15035abef911999cbc14489edd0555ab)
    #10 0x7ff5c395a3fa in __libc_start_main (/lib/x86_64-linux-gnu/libc.so.6+0x2a3fa) (BuildId: 467f544f15035abef911999cbc14489edd0555ab)
    #11 0x55ca91511b64 in _start (/workspace/build-asan/tsc+0x74b64) (BuildId: 73a10d7cc646a755f705b0ae57418e68578aec2f)

Indirect leak of 320 byte(s) in 2 object(s) allocated from:
    #0 0x55ca915fa191 in operator new(unsigned long) (/workspace/build-asan/tsc+0x15d191) (BuildId: 73a10d7cc646a755f705b0ae57418e68578aec2f)
    #1 0x7ff5c7b6093d  (/usr/lib/llvm-20/lib/libLLVM.so.20.1+0x3c4493d) (BuildId: b856c61f98abf0989f157f153740fe0fadfbb760)
    #2 0x7ff5c7b61a19  (/usr/lib/llvm-20/lib/libLLVM.so.20.1+0x3c45a19) (BuildId: b856c61f98abf0989f157f153740fe0fadfbb760)
    #3 0x7ff5c7b62b2c  (/usr/lib/llvm-20/lib/libLLVM.so.20.1+0x3c46b2c) (BuildId: b856c61f98abf0989f157f153740fe0fadfbb760)
    #4 0x55ca91648523 in llvm::Target::createTargetMachine(llvm::StringRef, llvm::StringRef, llvm::StringRef, llvm::TargetOptions const&, std::optional<llvm::Reloc::Model>, std::optional<llvm::CodeModel::Model>, llvm::CodeGenOptLevel, bool) const /usr/lib/llvm-20/include/llvm/MC/TargetRegistry.h:462:12
    #5 0x55ca9163a09e in tsc::TargetRegistry::initializeAllTargets() /workspace/src/TargetRegistry.cpp:67:41
    #6 0x55ca9162bdcd in tsc::Compiler::initializeLLVM() /workspace/src/Compiler.cpp:349:14
    #7 0x55ca9162b8b7 in tsc::Compiler::Compiler(tsc::CompilerOptions const&) /workspace/src/Compiler.cpp:24:5
    #8 0x55ca915fd7b5 in main /workspace/src/main.cpp:191:18
    #9 0x7ff5c395a337  (/lib/x86_64-linux-gnu/libc.so.6+0x2a337) (BuildId: 467f544f15035abef911999cbc14489edd0555ab)
    #10 0x7ff5c395a3fa in __libc_start_main (/lib/x86_64-linux-gnu/libc.so.6+0x2a3fa) (BuildId: 467f544f15035abef911999cbc14489edd0555ab)
    #11 0x55ca91511b64 in _start (/workspace/build-asan/tsc+0x74b64) (BuildId: 73a10d7cc646a755f705b0ae57418e68578aec2f)

Indirect leak of 320 byte(s) in 2 object(s) allocated from:
    #0 0x55ca915fa191 in operator new(unsigned long) (/workspace/build-asan/tsc+0x15d191) (BuildId: 73a10d7cc646a755f705b0ae57418e68578aec2f)
    #1 0x7ff5c7b6093d  (/usr/lib/llvm-20/lib/libLLVM.so.20.1+0x3c4493d) (BuildId: b856c61f98abf0989f157f153740fe0fadfbb760)
    #2 0x7ff5c7b6188a  (/usr/lib/llvm-20/lib/libLLVM.so.20.1+0x3c4588a) (BuildId: b856c61f98abf0989f157f153740fe0fadfbb760)
    #3 0x7ff5c7b62b2c  (/usr/lib/llvm-20/lib/libLLVM.so.20.1+0x3c46b2c) (BuildId: b856c61f98abf0989f157f153740fe0fadfbb760)
    #4 0x55ca91648523 in llvm::Target::createTargetMachine(llvm::StringRef, llvm::StringRef, llvm::StringRef, llvm::TargetOptions const&, std::optional<llvm::Reloc::Model>, std::optional<llvm::CodeModel::Model>, llvm::CodeGenOptLevel, bool) const /usr/lib/llvm-20/include/llvm/MC/TargetRegistry.h:462:12
    #5 0x55ca9163a09e in tsc::TargetRegistry::initializeAllTargets() /workspace/src/TargetRegistry.cpp:67:41
    #6 0x55ca9162bdcd in tsc::Compiler::initializeLLVM() /workspace/src/Compiler.cpp:349:14
    #7 0x55ca9162b8b7 in tsc::Compiler::Compiler(tsc::CompilerOptions const&) /workspace/src/Compiler.cpp:24:5
    #8 0x55ca915fd7b5 in main /workspace/src/main.cpp:191:18
    #9 0x7ff5c395a337  (/lib/x86_64-linux-gnu/libc.so.6+0x2a337) (BuildId: 467f544f15035abef911999cbc14489edd0555ab)
    #10 0x7ff5c395a3fa in __libc_start_main (/lib/x86_64-linux-gnu/libc.so.6+0x2a3fa) (BuildId: 467f544f15035abef911999cbc14489edd0555ab)
    #11 0x55ca91511b64 in _start (/workspace/build-asan/tsc+0x74b64) (BuildId: 73a10d7cc646a755f705b0ae57418e68578aec2f)

Indirect leak of 320 byte(s) in 2 object(s) allocated from:
    #0 0x55ca915fa191 in operator new(unsigned long) (/workspace/build-asan/tsc+0x15d191) (BuildId: 73a10d7cc646a755f705b0ae57418e68578aec2f)
    #1 0x7ff5c7b6093d  (/usr/lib/llvm-20/lib/libLLVM.so.20.1+0x3c4493d) (BuildId: b856c61f98abf0989f157f153740fe0fadfbb760)
    #2 0x7ff5c7b61710  (/usr/lib/llvm-20/lib/libLLVM.so.20.1+0x3c45710) (BuildId: b856c61f98abf0989f157f153740fe0fadfbb760)
    #3 0x7ff5c7b62b2c  (/usr/lib/llvm-20/lib/libLLVM.so.20.1+0x3c46b2c) (BuildId: b856c61f98abf0989f157f153740fe0fadfbb760)
    #4 0x55ca91648523 in llvm::Target::createTargetMachine(llvm::StringRef, llvm::StringRef, llvm::StringRef, llvm::TargetOptions const&, std::optional<llvm::Reloc::Model>, std::optional<llvm::CodeModel::Model>, llvm::CodeGenOptLevel, bool) const /usr/lib/llvm-20/include/llvm/MC/TargetRegistry.h:462:12
    #5 0x55ca9163a09e in tsc::TargetRegistry::initializeAllTargets() /workspace/src/TargetRegistry.cpp:67:41
    #6 0x55ca9162bdcd in tsc::Compiler::initializeLLVM() /workspace/src/Compiler.cpp:349:14
    #7 0x55ca9162b8b7 in tsc::Compiler::Compiler(tsc::CompilerOptions const&) /workspace/src/Compiler.cpp:24:5
    #8 0x55ca915fd7b5 in main /workspace/src/main.cpp:191:18
    #9 0x7ff5c395a337  (/lib/x86_64-linux-gnu/libc.so.6+0x2a337) (BuildId: 467f544f15035abef911999cbc14489edd0555ab)
    #10 0x7ff5c395a3fa in __libc_start_main (/lib/x86_64-linux-gnu/libc.so.6+0x2a3fa) (BuildId: 467f544f15035abef911999cbc14489edd0555ab)
    #11 0x55ca91511b64 in _start (/workspace/build-asan/tsc+0x74b64) (BuildId: 73a10d7cc646a755f705b0ae57418e68578aec2f)

Indirect leak of 320 byte(s) in 2 object(s) allocated from:
    #0 0x55ca915fa191 in operator new(unsigned long) (/workspace/build-asan/tsc+0x15d191) (BuildId: 73a10d7cc646a755f705b0ae57418e68578aec2f)
    #1 0x7ff5c59b82b5  (/usr/lib/llvm-20/lib/libLLVM.so.20.1+0x1a9c2b5) (BuildId: b856c61f98abf0989f157f153740fe0fadfbb760)
    #2 0x7ff5c6f3998b  (/usr/lib/llvm-20/lib/libLLVM.so.20.1+0x301d98b) (BuildId: b856c61f98abf0989f157f153740fe0fadfbb760)
    #3 0x7ff5c6f398a6  (/usr/lib/llvm-20/lib/libLLVM.so.20.1+0x301d8a6) (BuildId: b856c61f98abf0989f157f153740fe0fadfbb760)
    #4 0x7ff5c7b28b85  (/usr/lib/llvm-20/lib/libLLVM.so.20.1+0x3c0cb85) (BuildId: b856c61f98abf0989f157f153740fe0fadfbb760)
    #5 0x7ff5c7b6091a  (/usr/lib/llvm-20/lib/libLLVM.so.20.1+0x3c4491a) (BuildId: b856c61f98abf0989f157f153740fe0fadfbb760)
    #6 0x7ff5c7b61710  (/usr/lib/llvm-20/lib/libLLVM.so.20.1+0x3c45710) (BuildId: b856c61f98abf0989f157f153740fe0fadfbb760)
    #7 0x7ff5c7b62b2c  (/usr/lib/llvm-20/lib/libLLVM.so.20.1+0x3c46b2c) (BuildId: b856c61f98abf0989f157f153740fe0fadfbb760)
    #8 0x55ca91648523 in llvm::Target::createTargetMachine(llvm::StringRef, llvm::StringRef, llvm::StringRef, llvm::TargetOptions const&, std::optional<llvm::Reloc::Model>, std::optional<llvm::CodeModel::Model>, llvm::CodeGenOptLevel, bool) const /usr/lib/llvm-20/include/llvm/MC/TargetRegistry.h:462:12
    #9 0x55ca9163a09e in tsc::TargetRegistry::initializeAllTargets() /workspace/src/TargetRegistry.cpp:67:41
    #10 0x55ca9162bdcd in tsc::Compiler::initializeLLVM() /workspace/src/Compiler.cpp:349:14
    #11 0x55ca9162b8b7 in tsc::Compiler::Compiler(tsc::CompilerOptions const&) /workspace/src/Compiler.cpp:24:5
    #12 0x55ca915fd7b5 in main /workspace/src/main.cpp:191:18
    #13 0x7ff5c395a337  (/lib/x86_64-linux-gnu/libc.so.6+0x2a337) (BuildId: 467f544f15035abef911999cbc14489edd0555ab)
    #14 0x7ff5c395a3fa in __libc_start_main (/lib/x86_64-linux-gnu/libc.so.6+0x2a3fa) (BuildId: 467f544f15035abef911999cbc14489edd0555ab)
    #15 0x55ca91511b64 in _start (/workspace/build-asan/tsc+0x74b64) (BuildId: 73a10d7cc646a755f705b0ae57418e68578aec2f)

Indirect leak of 320 byte(s) in 2 object(s) allocated from:
    #0 0x55ca915fa191 in operator new(unsigned long) (/workspace/build-asan/tsc+0x15d191) (BuildId: 73a10d7cc646a755f705b0ae57418e68578aec2f)
    #1 0x7ff5c59b82b5  (/usr/lib/llvm-20/lib/libLLVM.so.20.1+0x1a9c2b5) (BuildId: b856c61f98abf0989f157f153740fe0fadfbb760)
    #2 0x7ff5c6f3998b  (/usr/lib/llvm-20/lib/libLLVM.so.20.1+0x301d98b) (BuildId: b856c61f98abf0989f157f153740fe0fadfbb760)
    #3 0x7ff5c6f398a6  (/usr/lib/llvm-20/lib/libLLVM.so.20.1+0x301d8a6) (BuildId: b856c61f98abf0989f157f153740fe0fadfbb760)
    #4 0x7ff5c7b28b85  (/usr/lib/llvm-20/lib/libLLVM.so.20.1+0x3c0cb85) (BuildId: b856c61f98abf0989f157f153740fe0fadfbb760)
    #5 0x7ff5c7b6091a  (/usr/lib/llvm-20/lib/libLLVM.so.20.1+0x3c4491a) (BuildId: b856c61f98abf0989f157f153740fe0fadfbb760)
    #6 0x7ff5c7b6188a  (/usr/lib/llvm-20/lib/libLLVM.so.20.1+0x3c4588a) (BuildId: b856c61f98abf0989f157f153740fe0fadfbb760)
    #7 0x7ff5c7b62b2c  (/usr/lib/llvm-20/lib/libLLVM.so.20.1+0x3c46b2c) (BuildId: b856c61f98abf0989f157f153740fe0fadfbb760)
    #8 0x55ca91648523 in llvm::Target::createTargetMachine(llvm::StringRef, llvm::StringRef, llvm::StringRef, llvm::TargetOptions const&, std::optional<llvm::Reloc::Model>, std::optional<llvm::CodeModel::Model>, llvm::CodeGenOptLevel, bool) const /usr/lib/llvm-20/include/llvm/MC/TargetRegistry.h:462:12
    #9 0x55ca9163a09e in tsc::TargetRegistry::initializeAllTargets() /workspace/src/TargetRegistry.cpp:67:41
    #10 0x55ca9162bdcd in tsc::Compiler::initializeLLVM() /workspace/src/Compiler.cpp:349:14
    #11 0x55ca9162b8b7 in tsc::Compiler::Compiler(tsc::CompilerOptions const&) /workspace/src/Compiler.cpp:24:5
    #12 0x55ca915fd7b5 in main /workspace/src/main.cpp:191:18
    #13 0x7ff5c395a337  (/lib/x86_64-linux-gnu/libc.so.6+0x2a337) (BuildId: 467f544f15035abef911999cbc14489edd0555ab)
    #14 0x7ff5c395a3fa in __libc_start_main (/lib/x86_64-linux-gnu/libc.so.6+0x2a3fa) (BuildId: 467f544f15035abef911999cbc14489edd0555ab)
    #15 0x55ca91511b64 in _start (/workspace/build-asan/tsc+0x74b64) (BuildId: 73a10d7cc646a755f705b0ae57418e68578aec2f)

Indirect leak of 320 byte(s) in 2 object(s) allocated from:
    #0 0x55ca915fa191 in operator new(unsigned long) (/workspace/build-asan/tsc+0x15d191) (BuildId: 73a10d7cc646a755f705b0ae57418e68578aec2f)
    #1 0x7ff5c59b82b5  (/usr/lib/llvm-20/lib/libLLVM.so.20.1+0x1a9c2b5) (BuildId: b856c61f98abf0989f157f153740fe0fadfbb760)
    #2 0x7ff5c6f3998b  (/usr/lib/llvm-20/lib/libLLVM.so.20.1+0x301d98b) (BuildId: b856c61f98abf0989f157f153740fe0fadfbb760)
    #3 0x7ff5c6f398a6  (/usr/lib/llvm-20/lib/libLLVM.so.20.1+0x301d8a6) (BuildId: b856c61f98abf0989f157f153740fe0fadfbb760)
    #4 0x7ff5c7b28b85  (/usr/lib/llvm-20/lib/libLLVM.so.20.1+0x3c0cb85) (BuildId: b856c61f98abf0989f157f153740fe0fadfbb760)
    #5 0x7ff5c7b6091a  (/usr/lib/llvm-20/lib/libLLVM.so.20.1+0x3c4491a) (BuildId: b856c61f98abf0989f157f153740fe0fadfbb760)
    #6 0x7ff5c7b61710  (/usr/lib/llvm-20/lib/libLLVM.so.20.1+0x3c45710) (BuildId: b856c61f98abf0989f157f153740fe0fadfbb760)
    #7 0x7ff5c7b62a6c  (/usr/lib/llvm-20/lib/libLLVM.so.20.1+0x3c46a6c) (BuildId: b856c61f98abf0989f157f153740fe0fadfbb760)
    #8 0x55ca91648523 in llvm::Target::createTargetMachine(llvm::StringRef, llvm::StringRef, llvm::StringRef, llvm::TargetOptions const&, std::optional<llvm::Reloc::Model>, std::optional<llvm::CodeModel::Model>, llvm::CodeGenOptLevel, bool) const /usr/lib/llvm-20/include/llvm/MC/TargetRegistry.h:462:12
    #9 0x55ca9163a09e in tsc::TargetRegistry::initializeAllTargets() /workspace/src/TargetRegistry.cpp:67:41
    #10 0x55ca9162bdcd in tsc::Compiler::initializeLLVM() /workspace/src/Compiler.cpp:349:14
    #11 0x55ca9162b8b7 in tsc::Compiler::Compiler(tsc::CompilerOptions const&) /workspace/src/Compiler.cpp:24:5
    #12 0x55ca915fd7b5 in main /workspace/src/main.cpp:191:18
    #13 0x7ff5c395a337  (/lib/x86_64-linux-gnu/libc.so.6+0x2a337) (BuildId: 467f544f15035abef911999cbc14489edd0555ab)
    #14 0x7ff5c395a3fa in __libc_start_main (/lib/x86_64-linux-gnu/libc.so.6+0x2a3fa) (BuildId: 467f544f15035abef911999cbc14489edd0555ab)
    #15 0x55ca91511b64 in _start (/workspace/build-asan/tsc+0x74b64) (BuildId: 73a10d7cc646a755f705b0ae57418e68578aec2f)

Indirect leak of 320 byte(s) in 2 object(s) allocated from:
    #0 0x55ca915fa191 in operator new(unsigned long) (/workspace/build-asan/tsc+0x15d191) (BuildId: 73a10d7cc646a755f705b0ae57418e68578aec2f)
    #1 0x7ff5c59b82b5  (/usr/lib/llvm-20/lib/libLLVM.so.20.1+0x1a9c2b5) (BuildId: b856c61f98abf0989f157f153740fe0fadfbb760)
    #2 0x7ff5c6f3998b  (/usr/lib/llvm-20/lib/libLLVM.so.20.1+0x301d98b) (BuildId: b856c61f98abf0989f157f153740fe0fadfbb760)
    #3 0x7ff5c6f398a6  (/usr/lib/llvm-20/lib/libLLVM.so.20.1+0x301d8a6) (BuildId: b856c61f98abf0989f157f153740fe0fadfbb760)
    #4 0x7ff5c7b28b85  (/usr/lib/llvm-20/lib/libLLVM.so.20.1+0x3c0cb85) (BuildId: b856c61f98abf0989f157f153740fe0fadfbb760)
    #5 0x7ff5c7b6091a  (/usr/lib/llvm-20/lib/libLLVM.so.20.1+0x3c4491a) (BuildId: b856c61f98abf0989f157f153740fe0fadfbb760)
    #6 0x7ff5c7b61a19  (/usr/lib/llvm-20/lib/libLLVM.so.20.1+0x3c45a19) (BuildId: b856c61f98abf0989f157f153740fe0fadfbb760)
    #7 0x7ff5c7b62b2c  (/usr/lib/llvm-20/lib/libLLVM.so.20.1+0x3c46b2c) (BuildId: b856c61f98abf0989f157f153740fe0fadfbb760)
    #8 0x55ca91648523 in llvm::Target::createTargetMachine(llvm::StringRef, llvm::StringRef, llvm::StringRef, llvm::TargetOptions const&, std::optional<llvm::Reloc::Model>, std::optional<llvm::CodeModel::Model>, llvm::CodeGenOptLevel, bool) const /usr/lib/llvm-20/include/llvm/MC/TargetRegistry.h:462:12
    #9 0x55ca9163a09e in tsc::TargetRegistry::initializeAllTargets() /workspace/src/TargetRegistry.cpp:67:41
    #10 0x55ca9162bdcd in tsc::Compiler::initializeLLVM() /workspace/src/Compiler.cpp:349:14
    #11 0x55ca9162b8b7 in tsc::Compiler::Compiler(tsc::CompilerOptions const&) /workspace/src/Compiler.cpp:24:5
    #12 0x55ca915fd7b5 in main /workspace/src/main.cpp:191:18
    #13 0x7ff5c395a337  (/lib/x86_64-linux-gnu/libc.so.6+0x2a337) (BuildId: 467f544f15035abef911999cbc14489edd0555ab)
    #14 0x7ff5c395a3fa in __libc_start_main (/lib/x86_64-linux-gnu/libc.so.6+0x2a3fa) (BuildId: 467f544f15035abef911999cbc14489edd0555ab)
    #15 0x55ca91511b64 in _start (/workspace/build-asan/tsc+0x74b64) (BuildId: 73a10d7cc646a755f705b0ae57418e68578aec2f)

Indirect leak of 320 byte(s) in 2 object(s) allocated from:
    #0 0x55ca915fa191 in operator new(unsigned long) (/workspace/build-asan/tsc+0x15d191) (BuildId: 73a10d7cc646a755f705b0ae57418e68578aec2f)
    #1 0x7ff5c7b6093d  (/usr/lib/llvm-20/lib/libLLVM.so.20.1+0x3c4493d) (BuildId: b856c61f98abf0989f157f153740fe0fadfbb760)
    #2 0x7ff5c7b61a19  (/usr/lib/llvm-20/lib/libLLVM.so.20.1+0x3c45a19) (BuildId: b856c61f98abf0989f157f153740fe0fadfbb760)
    #3 0x7ff5c7b62a6c  (/usr/lib/llvm-20/lib/libLLVM.so.20.1+0x3c46a6c) (BuildId: b856c61f98abf0989f157f153740fe0fadfbb760)
    #4 0x55ca91648523 in llvm::Target::createTargetMachine(llvm::StringRef, llvm::StringRef, llvm::StringRef, llvm::TargetOptions const&, std::optional<llvm::Reloc::Model>, std::optional<llvm::CodeModel::Model>, llvm::CodeGenOptLevel, bool) const /usr/lib/llvm-20/include/llvm/MC/TargetRegistry.h:462:12
    #5 0x55ca9163a09e in tsc::TargetRegistry::initializeAllTargets() /workspace/src/TargetRegistry.cpp:67:41
    #6 0x55ca9162bdcd in tsc::Compiler::initializeLLVM() /workspace/src/Compiler.cpp:349:14
    #7 0x55ca9162b8b7 in tsc::Compiler::Compiler(tsc::CompilerOptions const&) /workspace/src/Compiler.cpp:24:5
    #8 0x55ca915fd7b5 in main /workspace/src/main.cpp:191:18
    #9 0x7ff5c395a337  (/lib/x86_64-linux-gnu/libc.so.6+0x2a337) (BuildId: 467f544f15035abef911999cbc14489edd0555ab)
    #10 0x7ff5c395a3fa in __libc_start_main (/lib/x86_64-linux-gnu/libc.so.6+0x2a3fa) (BuildId: 467f544f15035abef911999cbc14489edd0555ab)
    #11 0x55ca91511b64 in _start (/workspace/build-asan/tsc+0x74b64) (BuildId: 73a10d7cc646a755f705b0ae57418e68578aec2f)

Indirect leak of 320 byte(s) in 2 object(s) allocated from:
    #0 0x55ca915fa191 in operator new(unsigned long) (/workspace/build-asan/tsc+0x15d191) (BuildId: 73a10d7cc646a755f705b0ae57418e68578aec2f)
    #1 0x7ff5c59b82b5  (/usr/lib/llvm-20/lib/libLLVM.so.20.1+0x1a9c2b5) (BuildId: b856c61f98abf0989f157f153740fe0fadfbb760)
    #2 0x7ff5c6f3998b  (/usr/lib/llvm-20/lib/libLLVM.so.20.1+0x301d98b) (BuildId: b856c61f98abf0989f157f153740fe0fadfbb760)
    #3 0x7ff5c6f398a6  (/usr/lib/llvm-20/lib/libLLVM.so.20.1+0x301d8a6) (BuildId: b856c61f98abf0989f157f153740fe0fadfbb760)
    #4 0x7ff5c7b28b85  (/usr/lib/llvm-20/lib/libLLVM.so.20.1+0x3c0cb85) (BuildId: b856c61f98abf0989f157f153740fe0fadfbb760)
    #5 0x7ff5c7b6091a  (/usr/lib/llvm-20/lib/libLLVM.so.20.1+0x3c4491a) (BuildId: b856c61f98abf0989f157f153740fe0fadfbb760)
    #6 0x7ff5c7b61a19  (/usr/lib/llvm-20/lib/libLLVM.so.20.1+0x3c45a19) (BuildId: b856c61f98abf0989f157f153740fe0fadfbb760)
    #7 0x7ff5c7b62a6c  (/usr/lib/llvm-20/lib/libLLVM.so.20.1+0x3c46a6c) (BuildId: b856c61f98abf0989f157f153740fe0fadfbb760)
    #8 0x55ca91648523 in llvm::Target::createTargetMachine(llvm::StringRef, llvm::StringRef, llvm::StringRef, llvm::TargetOptions const&, std::optional<llvm::Reloc::Model>, std::optional<llvm::CodeModel::Model>, llvm::CodeGenOptLevel, bool) const /usr/lib/llvm-20/include/llvm/MC/TargetRegistry.h:462:12
    #9 0x55ca9163a09e in tsc::TargetRegistry::initializeAllTargets() /workspace/src/TargetRegistry.cpp:67:41
    #10 0x55ca9162bdcd in tsc::Compiler::initializeLLVM() /workspace/src/Compiler.cpp:349:14
    #11 0x55ca9162b8b7 in tsc::Compiler::Compiler(tsc::CompilerOptions const&) /workspace/src/Compiler.cpp:24:5
    #12 0x55ca915fd7b5 in main /workspace/src/main.cpp:191:18
    #13 0x7ff5c395a337  (/lib/x86_64-linux-gnu/libc.so.6+0x2a337) (BuildId: 467f544f15035abef911999cbc14489edd0555ab)
    #14 0x7ff5c395a3fa in __libc_start_main (/lib/x86_64-linux-gnu/libc.so.6+0x2a3fa) (BuildId: 467f544f15035abef911999cbc14489edd0555ab)
    #15 0x55ca91511b64 in _start (/workspace/build-asan/tsc+0x74b64) (BuildId: 73a10d7cc646a755f705b0ae57418e68578aec2f)

Indirect leak of 320 byte(s) in 2 object(s) allocated from:
    #0 0x55ca915fa191 in operator new(unsigned long) (/workspace/build-asan/tsc+0x15d191) (BuildId: 73a10d7cc646a755f705b0ae57418e68578aec2f)
    #1 0x7ff5c59b82b5  (/usr/lib/llvm-20/lib/libLLVM.so.20.1+0x1a9c2b5) (BuildId: b856c61f98abf0989f157f153740fe0fadfbb760)
    #2 0x7ff5c6f3998b  (/usr/lib/llvm-20/lib/libLLVM.so.20.1+0x301d98b) (BuildId: b856c61f98abf0989f157f153740fe0fadfbb760)
    #3 0x7ff5c6f398a6  (/usr/lib/llvm-20/lib/libLLVM.so.20.1+0x301d8a6) (BuildId: b856c61f98abf0989f157f153740fe0fadfbb760)
    #4 0x7ff5c7b28b85  (/usr/lib/llvm-20/lib/libLLVM.so.20.1+0x3c0cb85) (BuildId: b856c61f98abf0989f157f153740fe0fadfbb760)
    #5 0x7ff5c7b6091a  (/usr/lib/llvm-20/lib/libLLVM.so.20.1+0x3c4491a) (BuildId: b856c61f98abf0989f157f153740fe0fadfbb760)
    #6 0x7ff5c7b6188a  (/usr/lib/llvm-20/lib/libLLVM.so.20.1+0x3c4588a) (BuildId: b856c61f98abf0989f157f153740fe0fadfbb760)
    #7 0x7ff5c7b62a6c  (/usr/lib/llvm-20/lib/libLLVM.so.20.1+0x3c46a6c) (BuildId: b856c61f98abf0989f157f153740fe0fadfbb760)
    #8 0x55ca91648523 in llvm::Target::createTargetMachine(llvm::StringRef, llvm::StringRef, llvm::StringRef, llvm::TargetOptions const&, std::optional<llvm::Reloc::Model>, std::optional<llvm::CodeModel::Model>, llvm::CodeGenOptLevel, bool) const /usr/lib/llvm-20/include/llvm/MC/TargetRegistry.h:462:12
    #9 0x55ca9163a09e in tsc::TargetRegistry::initializeAllTargets() /workspace/src/TargetRegistry.cpp:67:41
    #10 0x55ca9162bdcd in tsc::Compiler::initializeLLVM() /workspace/src/Compiler.cpp:349:14
    #11 0x55ca9162b8b7 in tsc::Compiler::Compiler(tsc::CompilerOptions const&) /workspace/src/Compiler.cpp:24:5
    #12 0x55ca915fd7b5 in main /workspace/src/main.cpp:191:18
    #13 0x7ff5c395a337  (/lib/x86_64-linux-gnu/libc.so.6+0x2a337) (BuildId: 467f544f15035abef911999cbc14489edd0555ab)
    #14 0x7ff5c395a3fa in __libc_start_main (/lib/x86_64-linux-gnu/libc.so.6+0x2a3fa) (BuildId: 467f544f15035abef911999cbc14489edd0555ab)
    #15 0x55ca91511b64 in _start (/workspace/build-asan/tsc+0x74b64) (BuildId: 73a10d7cc646a755f705b0ae57418e68578aec2f)

Indirect leak of 304 byte(s) in 1 object(s) allocated from:
    #0 0x55ca915fa191 in operator new(unsigned long) (/workspace/build-asan/tsc+0x15d191) (BuildId: 73a10d7cc646a755f705b0ae57418e68578aec2f)
    #1 0x7ff5c719b473  (/usr/lib/llvm-20/lib/libLLVM.so.20.1+0x327f473) (BuildId: b856c61f98abf0989f157f153740fe0fadfbb760)
    #2 0x7ff5c52d0793 in llvm::CodeGenTargetMachineImpl::initAsmInfo() (/usr/lib/llvm-20/lib/libLLVM.so.20.1+0x13b4793) (BuildId: b856c61f98abf0989f157f153740fe0fadfbb760)
    #3 0x7ff5c70ed3c9  (/usr/lib/llvm-20/lib/libLLVM.so.20.1+0x31d13c9) (BuildId: b856c61f98abf0989f157f153740fe0fadfbb760)
    #4 0x7ff5c70efddc  (/usr/lib/llvm-20/lib/libLLVM.so.20.1+0x31d3ddc) (BuildId: b856c61f98abf0989f157f153740fe0fadfbb760)
    #5 0x55ca91648523 in llvm::Target::createTargetMachine(llvm::StringRef, llvm::StringRef, llvm::StringRef, llvm::TargetOptions const&, std::optional<llvm::Reloc::Model>, std::optional<llvm::CodeModel::Model>, llvm::CodeGenOptLevel, bool) const /usr/lib/llvm-20/include/llvm/MC/TargetRegistry.h:462:12
    #6 0x55ca9163a09e in tsc::TargetRegistry::initializeAllTargets() /workspace/src/TargetRegistry.cpp:67:41
    #7 0x55ca9162bdcd in tsc::Compiler::initializeLLVM() /workspace/src/Compiler.cpp:349:14
    #8 0x55ca9162b8b7 in tsc::Compiler::Compiler(tsc::CompilerOptions const&) /workspace/src/Compiler.cpp:24:5
    #9 0x55ca915fd7b5 in main /workspace/src/main.cpp:191:18
    #10 0x7ff5c395a337  (/lib/x86_64-linux-gnu/libc.so.6+0x2a337) (BuildId: 467f544f15035abef911999cbc14489edd0555ab)
    #11 0x7ff5c395a3fa in __libc_start_main (/lib/x86_64-linux-gnu/libc.so.6+0x2a3fa) (BuildId: 467f544f15035abef911999cbc14489edd0555ab)
    #12 0x55ca91511b64 in _start (/workspace/build-asan/tsc+0x74b64) (BuildId: 73a10d7cc646a755f705b0ae57418e68578aec2f)

Indirect leak of 304 byte(s) in 1 object(s) allocated from:
    #0 0x55ca915fa191 in operator new(unsigned long) (/workspace/build-asan/tsc+0x15d191) (BuildId: 73a10d7cc646a755f705b0ae57418e68578aec2f)
    #1 0x7ff5c763c596  (/usr/lib/llvm-20/lib/libLLVM.so.20.1+0x3720596) (BuildId: b856c61f98abf0989f157f153740fe0fadfbb760)
    #2 0x7ff5c52d0793 in llvm::CodeGenTargetMachineImpl::initAsmInfo() (/usr/lib/llvm-20/lib/libLLVM.so.20.1+0x13b4793) (BuildId: b856c61f98abf0989f157f153740fe0fadfbb760)
    #3 0x7ff5c733201a  (/usr/lib/llvm-20/lib/libLLVM.so.20.1+0x341601a) (BuildId: b856c61f98abf0989f157f153740fe0fadfbb760)
    #4 0x7ff5c734729c  (/usr/lib/llvm-20/lib/libLLVM.so.20.1+0x342b29c) (BuildId: b856c61f98abf0989f157f153740fe0fadfbb760)
    #5 0x55ca91648523 in llvm::Target::createTargetMachine(llvm::StringRef, llvm::StringRef, llvm::StringRef, llvm::TargetOptions const&, std::optional<llvm::Reloc::Model>, std::optional<llvm::CodeModel::Model>, llvm::CodeGenOptLevel, bool) const /usr/lib/llvm-20/include/llvm/MC/TargetRegistry.h:462:12
    #6 0x55ca9163a09e in tsc::TargetRegistry::initializeAllTargets() /workspace/src/TargetRegistry.cpp:67:41
    #7 0x55ca9162bdcd in tsc::Compiler::initializeLLVM() /workspace/src/Compiler.cpp:349:14
    #8 0x55ca9162b8b7 in tsc::Compiler::Compiler(tsc::CompilerOptions const&) /workspace/src/Compiler.cpp:24:5
    #9 0x55ca915fd7b5 in main /workspace/src/main.cpp:191:18
    #10 0x7ff5c395a337  (/lib/x86_64-linux-gnu/libc.so.6+0x2a337) (BuildId: 467f544f15035abef911999cbc14489edd0555ab)
    #11 0x7ff5c395a3fa in __libc_start_main (/lib/x86_64-linux-gnu/libc.so.6+0x2a3fa) (BuildId: 467f544f15035abef911999cbc14489edd0555ab)
    #12 0x55ca91511b64 in _start (/workspace/build-asan/tsc+0x74b64) (BuildId: 73a10d7cc646a755f705b0ae57418e68578aec2f)

Indirect leak of 304 byte(s) in 1 object(s) allocated from:
    #0 0x55ca915fa191 in operator new(unsigned long) (/workspace/build-asan/tsc+0x15d191) (BuildId: 73a10d7cc646a755f705b0ae57418e68578aec2f)
    #1 0x7ff5c7884f3d  (/usr/lib/llvm-20/lib/libLLVM.so.20.1+0x3968f3d) (BuildId: b856c61f98abf0989f157f153740fe0fadfbb760)
    #2 0x7ff5c52d0793 in llvm::CodeGenTargetMachineImpl::initAsmInfo() (/usr/lib/llvm-20/lib/libLLVM.so.20.1+0x13b4793) (BuildId: b856c61f98abf0989f157f153740fe0fadfbb760)
    #3 0x7ff5c7878dae  (/usr/lib/llvm-20/lib/libLLVM.so.20.1+0x395cdae) (BuildId: b856c61f98abf0989f157f153740fe0fadfbb760)
    #4 0x7ff5c78792ea  (/usr/lib/llvm-20/lib/libLLVM.so.20.1+0x395d2ea) (BuildId: b856c61f98abf0989f157f153740fe0fadfbb760)
    #5 0x55ca91648523 in llvm::Target::createTargetMachine(llvm::StringRef, llvm::StringRef, llvm::StringRef, llvm::TargetOptions const&, std::optional<llvm::Reloc::Model>, std::optional<llvm::CodeModel::Model>, llvm::CodeGenOptLevel, bool) const /usr/lib/llvm-20/include/llvm/MC/TargetRegistry.h:462:12
    #6 0x55ca9163a09e in tsc::TargetRegistry::initializeAllTargets() /workspace/src/TargetRegistry.cpp:67:41
    #7 0x55ca9162bdcd in tsc::Compiler::initializeLLVM() /workspace/src/Compiler.cpp:349:14
    #8 0x55ca9162b8b7 in tsc::Compiler::Compiler(tsc::CompilerOptions const&) /workspace/src/Compiler.cpp:24:5
    #9 0x55ca915fd7b5 in main /workspace/src/main.cpp:191:18
    #10 0x7ff5c395a337  (/lib/x86_64-linux-gnu/libc.so.6+0x2a337) (BuildId: 467f544f15035abef911999cbc14489edd0555ab)
    #11 0x7ff5c395a3fa in __libc_start_main (/lib/x86_64-linux-gnu/libc.so.6+0x2a3fa) (BuildId: 467f544f15035abef911999cbc14489edd0555ab)
    #12 0x55ca91511b64 in _start (/workspace/build-asan/tsc+0x74b64) (BuildId: 73a10d7cc646a755f705b0ae57418e68578aec2f)

Indirect leak of 304 byte(s) in 1 object(s) allocated from:
    #0 0x55ca915fa191 in operator new(unsigned long) (/workspace/build-asan/tsc+0x15d191) (BuildId: 73a10d7cc646a755f705b0ae57418e68578aec2f)
    #1 0x7ff5c7a39959  (/usr/lib/llvm-20/lib/libLLVM.so.20.1+0x3b1d959) (BuildId: b856c61f98abf0989f157f153740fe0fadfbb760)
    #2 0x7ff5c52d0793 in llvm::CodeGenTargetMachineImpl::initAsmInfo() (/usr/lib/llvm-20/lib/libLLVM.so.20.1+0x13b4793) (BuildId: b856c61f98abf0989f157f153740fe0fadfbb760)
    #3 0x7ff5c79ce866  (/usr/lib/llvm-20/lib/libLLVM.so.20.1+0x3ab2866) (BuildId: b856c61f98abf0989f157f153740fe0fadfbb760)
    #4 0x7ff5c79d081a  (/usr/lib/llvm-20/lib/libLLVM.so.20.1+0x3ab481a) (BuildId: b856c61f98abf0989f157f153740fe0fadfbb760)
    #5 0x55ca91648523 in llvm::Target::createTargetMachine(llvm::StringRef, llvm::StringRef, llvm::StringRef, llvm::TargetOptions const&, std::optional<llvm::Reloc::Model>, std::optional<llvm::CodeModel::Model>, llvm::CodeGenOptLevel, bool) const /usr/lib/llvm-20/include/llvm/MC/TargetRegistry.h:462:12
    #6 0x55ca9163a09e in tsc::TargetRegistry::initializeAllTargets() /workspace/src/TargetRegistry.cpp:67:41
    #7 0x55ca9162bdcd in tsc::Compiler::initializeLLVM() /workspace/src/Compiler.cpp:349:14
    #8 0x55ca9162b8b7 in tsc::Compiler::Compiler(tsc::CompilerOptions const&) /workspace/src/Compiler.cpp:24:5
    #9 0x55ca915fd7b5 in main /workspace/src/main.cpp:191:18
    #10 0x7ff5c395a337  (/lib/x86_64-linux-gnu/libc.so.6+0x2a337) (BuildId: 467f544f15035abef911999cbc14489edd0555ab)
    #11 0x7ff5c395a3fa in __libc_start_main (/lib/x86_64-linux-gnu/libc.so.6+0x2a3fa) (BuildId: 467f544f15035abef911999cbc14489edd0555ab)
    #12 0x55ca91511b64 in _start (/workspace/build-asan/tsc+0x74b64) (BuildId: 73a10d7cc646a755f705b0ae57418e68578aec2f)

Indirect leak of 304 byte(s) in 1 object(s) allocated from:
    #0 0x55ca915fa191 in operator new(unsigned long) (/workspace/build-asan/tsc+0x15d191) (BuildId: 73a10d7cc646a755f705b0ae57418e68578aec2f)
    #1 0x7ff5c7c3127d  (/usr/lib/llvm-20/lib/libLLVM.so.20.1+0x3d1527d) (BuildId: b856c61f98abf0989f157f153740fe0fadfbb760)
    #2 0x7ff5c52d0793 in llvm::CodeGenTargetMachineImpl::initAsmInfo() (/usr/lib/llvm-20/lib/libLLVM.so.20.1+0x13b4793) (BuildId: b856c61f98abf0989f157f153740fe0fadfbb760)
    #3 0x7ff5c7c060c4  (/usr/lib/llvm-20/lib/libLLVM.so.20.1+0x3cea0c4) (BuildId: b856c61f98abf0989f157f153740fe0fadfbb760)
    #4 0x7ff5c7c07f34  (/usr/lib/llvm-20/lib/libLLVM.so.20.1+0x3cebf34) (BuildId: b856c61f98abf0989f157f153740fe0fadfbb760)
    #5 0x55ca91648523 in llvm::Target::createTargetMachine(llvm::StringRef, llvm::StringRef, llvm::StringRef, llvm::TargetOptions const&, std::optional<llvm::Reloc::Model>, std::optional<llvm::CodeModel::Model>, llvm::CodeGenOptLevel, bool) const /usr/lib/llvm-20/include/llvm/MC/TargetRegistry.h:462:12
    #6 0x55ca9163a09e in tsc::TargetRegistry::initializeAllTargets() /workspace/src/TargetRegistry.cpp:67:41
    #7 0x55ca9162bdcd in tsc::Compiler::initializeLLVM() /workspace/src/Compiler.cpp:349:14
    #8 0x55ca9162b8b7 in tsc::Compiler::Compiler(tsc::CompilerOptions const&) /workspace/src/Compiler.cpp:24:5
    #9 0x55ca915fd7b5 in main /workspace/src/main.cpp:191:18
    #10 0x7ff5c395a337  (/lib/x86_64-linux-gnu/libc.so.6+0x2a337) (BuildId: 467f544f15035abef911999cbc14489edd0555ab)
    #11 0x7ff5c395a3fa in __libc_start_main (/lib/x86_64-linux-gnu/libc.so.6+0x2a3fa) (BuildId: 467f544f15035abef911999cbc14489edd0555ab)
    #12 0x55ca91511b64 in _start (/workspace/build-asan/tsc+0x74b64) (BuildId: 73a10d7cc646a755f705b0ae57418e68578aec2f)

Indirect leak of 304 byte(s) in 1 object(s) allocated from:
    #0 0x55ca915fa191 in operator new(unsigned long) (/workspace/build-asan/tsc+0x15d191) (BuildId: 73a10d7cc646a755f705b0ae57418e68578aec2f)
    #1 0x7ff5c807f4ff  (/usr/lib/llvm-20/lib/libLLVM.so.20.1+0x41634ff) (BuildId: b856c61f98abf0989f157f153740fe0fadfbb760)
    #2 0x7ff5c52d0793 in llvm::CodeGenTargetMachineImpl::initAsmInfo() (/usr/lib/llvm-20/lib/libLLVM.so.20.1+0x13b4793) (BuildId: b856c61f98abf0989f157f153740fe0fadfbb760)
    #3 0x7ff5c805e664  (/usr/lib/llvm-20/lib/libLLVM.so.20.1+0x4142664) (BuildId: b856c61f98abf0989f157f153740fe0fadfbb760)
    #4 0x7ff5c805ecda  (/usr/lib/llvm-20/lib/libLLVM.so.20.1+0x4142cda) (BuildId: b856c61f98abf0989f157f153740fe0fadfbb760)
    #5 0x55ca91648523 in llvm::Target::createTargetMachine(llvm::StringRef, llvm::StringRef, llvm::StringRef, llvm::TargetOptions const&, std::optional<llvm::Reloc::Model>, std::optional<llvm::CodeModel::Model>, llvm::CodeGenOptLevel, bool) const /usr/lib/llvm-20/include/llvm/MC/TargetRegistry.h:462:12
    #6 0x55ca9163a09e in tsc::TargetRegistry::initializeAllTargets() /workspace/src/TargetRegistry.cpp:67:41
    #7 0x55ca9162bdcd in tsc::Compiler::initializeLLVM() /workspace/src/Compiler.cpp:349:14
    #8 0x55ca9162b8b7 in tsc::Compiler::Compiler(tsc::CompilerOptions const&) /workspace/src/Compiler.cpp:24:5
    #9 0x55ca915fd7b5 in main /workspace/src/main.cpp:191:18
    #10 0x7ff5c395a337  (/lib/x86_64-linux-gnu/libc.so.6+0x2a337) (BuildId: 467f544f15035abef911999cbc14489edd0555ab)
    #11 0x7ff5c395a3fa in __libc_start_main (/lib/x86_64-linux-gnu/libc.so.6+0x2a3fa) (BuildId: 467f544f15035abef911999cbc14489edd0555ab)
    #12 0x55ca91511b64 in _start (/workspace/build-asan/tsc+0x74b64) (BuildId: 73a10d7cc646a755f705b0ae57418e68578aec2f)

Indirect leak of 304 byte(s) in 1 object(s) allocated from:
    #0 0x55ca915fa191 in operator new(unsigned long) (/workspace/build-asan/tsc+0x15d191) (BuildId: 73a10d7cc646a755f705b0ae57418e68578aec2f)
    #1 0x7ff5c843188d  (/usr/lib/llvm-20/lib/libLLVM.so.20.1+0x451588d) (BuildId: b856c61f98abf0989f157f153740fe0fadfbb760)
    #2 0x7ff5c52d0793 in llvm::CodeGenTargetMachineImpl::initAsmInfo() (/usr/lib/llvm-20/lib/libLLVM.so.20.1+0x13b4793) (BuildId: b856c61f98abf0989f157f153740fe0fadfbb760)
    #3 0x7ff5c841cad0  (/usr/lib/llvm-20/lib/libLLVM.so.20.1+0x4500ad0) (BuildId: b856c61f98abf0989f157f153740fe0fadfbb760)
    #4 0x7ff5c841d0da  (/usr/lib/llvm-20/lib/libLLVM.so.20.1+0x45010da) (BuildId: b856c61f98abf0989f157f153740fe0fadfbb760)
    #5 0x55ca91648523 in llvm::Target::createTargetMachine(llvm::StringRef, llvm::StringRef, llvm::StringRef, llvm::TargetOptions const&, std::optional<llvm::Reloc::Model>, std::optional<llvm::CodeModel::Model>, llvm::CodeGenOptLevel, bool) const /usr/lib/llvm-20/include/llvm/MC/TargetRegistry.h:462:12
    #6 0x55ca9163a09e in tsc::TargetRegistry::initializeAllTargets() /workspace/src/TargetRegistry.cpp:67:41
    #7 0x55ca9162bdcd in tsc::Compiler::initializeLLVM() /workspace/src/Compiler.cpp:349:14
    #8 0x55ca9162b8b7 in tsc::Compiler::Compiler(tsc::CompilerOptions const&) /workspace/src/Compiler.cpp:24:5
    #9 0x55ca915fd7b5 in main /workspace/src/main.cpp:191:18
    #10 0x7ff5c395a337  (/lib/x86_64-linux-gnu/libc.so.6+0x2a337) (BuildId: 467f544f15035abef911999cbc14489edd0555ab)
    #11 0x7ff5c395a3fa in __libc_start_main (/lib/x86_64-linux-gnu/libc.so.6+0x2a3fa) (BuildId: 467f544f15035abef911999cbc14489edd0555ab)
    #12 0x55ca91511b64 in _start (/workspace/build-asan/tsc+0x74b64) (BuildId: 73a10d7cc646a755f705b0ae57418e68578aec2f)

Indirect leak of 304 byte(s) in 1 object(s) allocated from:
    #0 0x55ca915fa191 in operator new(unsigned long) (/workspace/build-asan/tsc+0x15d191) (BuildId: 73a10d7cc646a755f705b0ae57418e68578aec2f)
    #1 0x7ff5c7bc55ad  (/usr/lib/llvm-20/lib/libLLVM.so.20.1+0x3ca95ad) (BuildId: b856c61f98abf0989f157f153740fe0fadfbb760)
    #2 0x7ff5c52d0793 in llvm::CodeGenTargetMachineImpl::initAsmInfo() (/usr/lib/llvm-20/lib/libLLVM.so.20.1+0x13b4793) (BuildId: b856c61f98abf0989f157f153740fe0fadfbb760)
    #3 0x7ff5c7bc1f78  (/usr/lib/llvm-20/lib/libLLVM.so.20.1+0x3ca5f78) (BuildId: b856c61f98abf0989f157f153740fe0fadfbb760)
    #4 0x7ff5c7bc234a  (/usr/lib/llvm-20/lib/libLLVM.so.20.1+0x3ca634a) (BuildId: b856c61f98abf0989f157f153740fe0fadfbb760)
    #5 0x55ca91648523 in llvm::Target::createTargetMachine(llvm::StringRef, llvm::StringRef, llvm::StringRef, llvm::TargetOptions const&, std::optional<llvm::Reloc::Model>, std::optional<llvm::CodeModel::Model>, llvm::CodeGenOptLevel, bool) const /usr/lib/llvm-20/include/llvm/MC/TargetRegistry.h:462:12
    #6 0x55ca9163a09e in tsc::TargetRegistry::initializeAllTargets() /workspace/src/TargetRegistry.cpp:67:41
    #7 0x55ca9162bdcd in tsc::Compiler::initializeLLVM() /workspace/src/Compiler.cpp:349:14
    #8 0x55ca9162b8b7 in tsc::Compiler::Compiler(tsc::CompilerOptions const&) /workspace/src/Compiler.cpp:24:5
    #9 0x55ca915fd7b5 in main /workspace/src/main.cpp:191:18
    #10 0x7ff5c395a337  (/lib/x86_64-linux-gnu/libc.so.6+0x2a337) (BuildId: 467f544f15035abef911999cbc14489edd0555ab)
    #11 0x7ff5c395a3fa in __libc_start_main (/lib/x86_64-linux-gnu/libc.so.6+0x2a3fa) (BuildId: 467f544f15035abef911999cbc14489edd0555ab)
    #12 0x55ca91511b64 in _start (/workspace/build-asan/tsc+0x74b64) (BuildId: 73a10d7cc646a755f705b0ae57418e68578aec2f)

Indirect leak of 304 byte(s) in 1 object(s) allocated from:
    #0 0x55ca915fa191 in operator new(unsigned long) (/workspace/build-asan/tsc+0x15d191) (BuildId: 73a10d7cc646a755f705b0ae57418e68578aec2f)
    #1 0x7ff5c803d59d  (/usr/lib/llvm-20/lib/libLLVM.so.20.1+0x412159d) (BuildId: b856c61f98abf0989f157f153740fe0fadfbb760)
    #2 0x7ff5c52d0793 in llvm::CodeGenTargetMachineImpl::initAsmInfo() (/usr/lib/llvm-20/lib/libLLVM.so.20.1+0x13b4793) (BuildId: b856c61f98abf0989f157f153740fe0fadfbb760)
    #3 0x7ff5c8007c26  (/usr/lib/llvm-20/lib/libLLVM.so.20.1+0x40ebc26) (BuildId: b856c61f98abf0989f157f153740fe0fadfbb760)
    #4 0x7ff5c8008a0d  (/usr/lib/llvm-20/lib/libLLVM.so.20.1+0x40eca0d) (BuildId: b856c61f98abf0989f157f153740fe0fadfbb760)
    #5 0x55ca91648523 in llvm::Target::createTargetMachine(llvm::StringRef, llvm::StringRef, llvm::StringRef, llvm::TargetOptions const&, std::optional<llvm::Reloc::Model>, std::optional<llvm::CodeModel::Model>, llvm::CodeGenOptLevel, bool) const /usr/lib/llvm-20/include/llvm/MC/TargetRegistry.h:462:12
    #6 0x55ca9163a09e in tsc::TargetRegistry::initializeAllTargets() /workspace/src/TargetRegistry.cpp:67:41
    #7 0x55ca9162bdcd in tsc::Compiler::initializeLLVM() /workspace/src/Compiler.cpp:349:14
    #8 0x55ca9162b8b7 in tsc::Compiler::Compiler(tsc::CompilerOptions const&) /workspace/src/Compiler.cpp:24:5
    #9 0x55ca915fd7b5 in main /workspace/src/main.cpp:191:18
    #10 0x7ff5c395a337  (/lib/x86_64-linux-gnu/libc.so.6+0x2a337) (BuildId: 467f544f15035abef911999cbc14489edd0555ab)
    #11 0x7ff5c395a3fa in __libc_start_main (/lib/x86_64-linux-gnu/libc.so.6+0x2a3fa) (BuildId: 467f544f15035abef911999cbc14489edd0555ab)
    #12 0x55ca91511b64 in _start (/workspace/build-asan/tsc+0x74b64) (BuildId: 73a10d7cc646a755f705b0ae57418e68578aec2f)

Indirect leak of 304 byte(s) in 1 object(s) allocated from:
    #0 0x55ca915fa191 in operator new(unsigned long) (/workspace/build-asan/tsc+0x15d191) (BuildId: 73a10d7cc646a755f705b0ae57418e68578aec2f)
    #1 0x7ff5c763c596  (/usr/lib/llvm-20/lib/libLLVM.so.20.1+0x3720596) (BuildId: b856c61f98abf0989f157f153740fe0fadfbb760)
    #2 0x7ff5c52d0793 in llvm::CodeGenTargetMachineImpl::initAsmInfo() (/usr/lib/llvm-20/lib/libLLVM.so.20.1+0x13b4793) (BuildId: b856c61f98abf0989f157f153740fe0fadfbb760)
    #3 0x7ff5c733201a  (/usr/lib/llvm-20/lib/libLLVM.so.20.1+0x341601a) (BuildId: b856c61f98abf0989f157f153740fe0fadfbb760)
    #4 0x7ff5c73e5e9c  (/usr/lib/llvm-20/lib/libLLVM.so.20.1+0x34c9e9c) (BuildId: b856c61f98abf0989f157f153740fe0fadfbb760)
    #5 0x7ff5c73471fd  (/usr/lib/llvm-20/lib/libLLVM.so.20.1+0x342b1fd) (BuildId: b856c61f98abf0989f157f153740fe0fadfbb760)
    #6 0x55ca91648523 in llvm::Target::createTargetMachine(llvm::StringRef, llvm::StringRef, llvm::StringRef, llvm::TargetOptions const&, std::optional<llvm::Reloc::Model>, std::optional<llvm::CodeModel::Model>, llvm::CodeGenOptLevel, bool) const /usr/lib/llvm-20/include/llvm/MC/TargetRegistry.h:462:12
    #7 0x55ca9163a09e in tsc::TargetRegistry::initializeAllTargets() /workspace/src/TargetRegistry.cpp:67:41
    #8 0x55ca9162bdcd in tsc::Compiler::initializeLLVM() /workspace/src/Compiler.cpp:349:14
    #9 0x55ca9162b8b7 in tsc::Compiler::Compiler(tsc::CompilerOptions const&) /workspace/src/Compiler.cpp:24:5
    #10 0x55ca915fd7b5 in main /workspace/src/main.cpp:191:18
    #11 0x7ff5c395a337  (/lib/x86_64-linux-gnu/libc.so.6+0x2a337) (BuildId: 467f544f15035abef911999cbc14489edd0555ab)
    #12 0x7ff5c395a3fa in __libc_start_main (/lib/x86_64-linux-gnu/libc.so.6+0x2a3fa) (BuildId: 467f544f15035abef911999cbc14489edd0555ab)
    #13 0x55ca91511b64 in _start (/workspace/build-asan/tsc+0x74b64) (BuildId: 73a10d7cc646a755f705b0ae57418e68578aec2f)

Indirect leak of 304 byte(s) in 1 object(s) allocated from:
    #0 0x55ca915fa191 in operator new(unsigned long) (/workspace/build-asan/tsc+0x15d191) (BuildId: 73a10d7cc646a755f705b0ae57418e68578aec2f)
    #1 0x7ff5c7c3127d  (/usr/lib/llvm-20/lib/libLLVM.so.20.1+0x3d1527d) (BuildId: b856c61f98abf0989f157f153740fe0fadfbb760)
    #2 0x7ff5c52d0793 in llvm::CodeGenTargetMachineImpl::initAsmInfo() (/usr/lib/llvm-20/lib/libLLVM.so.20.1+0x13b4793) (BuildId: b856c61f98abf0989f157f153740fe0fadfbb760)
    #3 0x7ff5c7c060c4  (/usr/lib/llvm-20/lib/libLLVM.so.20.1+0x3cea0c4) (BuildId: b856c61f98abf0989f157f153740fe0fadfbb760)
    #4 0x7ff5c7c07e74  (/usr/lib/llvm-20/lib/libLLVM.so.20.1+0x3cebe74) (BuildId: b856c61f98abf0989f157f153740fe0fadfbb760)
    #5 0x55ca91648523 in llvm::Target::createTargetMachine(llvm::StringRef, llvm::StringRef, llvm::StringRef, llvm::TargetOptions const&, std::optional<llvm::Reloc::Model>, std::optional<llvm::CodeModel::Model>, llvm::CodeGenOptLevel, bool) const /usr/lib/llvm-20/include/llvm/MC/TargetRegistry.h:462:12
    #6 0x55ca9163a09e in tsc::TargetRegistry::initializeAllTargets() /workspace/src/TargetRegistry.cpp:67:41
    #7 0x55ca9162bdcd in tsc::Compiler::initializeLLVM() /workspace/src/Compiler.cpp:349:14
    #8 0x55ca9162b8b7 in tsc::Compiler::Compiler(tsc::CompilerOptions const&) /workspace/src/Compiler.cpp:24:5
    #9 0x55ca915fd7b5 in main /workspace/src/main.cpp:191:18
    #10 0x7ff5c395a337  (/lib/x86_64-linux-gnu/libc.so.6+0x2a337) (BuildId: 467f544f15035abef911999cbc14489edd0555ab)
    #11 0x7ff5c395a3fa in __libc_start_main (/lib/x86_64-linux-gnu/libc.so.6+0x2a3fa) (BuildId: 467f544f15035abef911999cbc14489edd0555ab)
    #12 0x55ca91511b64 in _start (/workspace/build-asan/tsc+0x74b64) (BuildId: 73a10d7cc646a755f705b0ae57418e68578aec2f)

Indirect leak of 304 byte(s) in 1 object(s) allocated from:
    #0 0x55ca915fa191 in operator new(unsigned long) (/workspace/build-asan/tsc+0x15d191) (BuildId: 73a10d7cc646a755f705b0ae57418e68578aec2f)
    #1 0x7ff5c7a6a6fd  (/usr/lib/llvm-20/lib/libLLVM.so.20.1+0x3b4e6fd) (BuildId: b856c61f98abf0989f157f153740fe0fadfbb760)
    #2 0x7ff5c52d0793 in llvm::CodeGenTargetMachineImpl::initAsmInfo() (/usr/lib/llvm-20/lib/libLLVM.so.20.1+0x13b4793) (BuildId: b856c61f98abf0989f157f153740fe0fadfbb760)
    #3 0x7ff5c7a52005  (/usr/lib/llvm-20/lib/libLLVM.so.20.1+0x3b36005) (BuildId: b856c61f98abf0989f157f153740fe0fadfbb760)
    #4 0x7ff5c7a525ca  (/usr/lib/llvm-20/lib/libLLVM.so.20.1+0x3b365ca) (BuildId: b856c61f98abf0989f157f153740fe0fadfbb760)
    #5 0x55ca91648523 in llvm::Target::createTargetMachine(llvm::StringRef, llvm::StringRef, llvm::StringRef, llvm::TargetOptions const&, std::optional<llvm::Reloc::Model>, std::optional<llvm::CodeModel::Model>, llvm::CodeGenOptLevel, bool) const /usr/lib/llvm-20/include/llvm/MC/TargetRegistry.h:462:12
    #6 0x55ca9163a09e in tsc::TargetRegistry::initializeAllTargets() /workspace/src/TargetRegistry.cpp:67:41
    #7 0x55ca9162bdcd in tsc::Compiler::initializeLLVM() /workspace/src/Compiler.cpp:349:14
    #8 0x55ca9162b8b7 in tsc::Compiler::Compiler(tsc::CompilerOptions const&) /workspace/src/Compiler.cpp:24:5
    #9 0x55ca915fd7b5 in main /workspace/src/main.cpp:191:18
    #10 0x7ff5c395a337  (/lib/x86_64-linux-gnu/libc.so.6+0x2a337) (BuildId: 467f544f15035abef911999cbc14489edd0555ab)
    #11 0x7ff5c395a3fa in __libc_start_main (/lib/x86_64-linux-gnu/libc.so.6+0x2a3fa) (BuildId: 467f544f15035abef911999cbc14489edd0555ab)
    #12 0x55ca91511b64 in _start (/workspace/build-asan/tsc+0x74b64) (BuildId: 73a10d7cc646a755f705b0ae57418e68578aec2f)

Indirect leak of 304 byte(s) in 1 object(s) allocated from:
    #0 0x55ca915fa191 in operator new(unsigned long) (/workspace/build-asan/tsc+0x15d191) (BuildId: 73a10d7cc646a755f705b0ae57418e68578aec2f)
    #1 0x7ff5c846b37b  (/usr/lib/llvm-20/lib/libLLVM.so.20.1+0x454f37b) (BuildId: b856c61f98abf0989f157f153740fe0fadfbb760)
    #2 0x7ff5c52d0793 in llvm::CodeGenTargetMachineImpl::initAsmInfo() (/usr/lib/llvm-20/lib/libLLVM.so.20.1+0x13b4793) (BuildId: b856c61f98abf0989f157f153740fe0fadfbb760)
    #3 0x7ff5c8457128  (/usr/lib/llvm-20/lib/libLLVM.so.20.1+0x453b128) (BuildId: b856c61f98abf0989f157f153740fe0fadfbb760)
    #4 0x7ff5c8457a7a  (/usr/lib/llvm-20/lib/libLLVM.so.20.1+0x453ba7a) (BuildId: b856c61f98abf0989f157f153740fe0fadfbb760)
    #5 0x55ca91648523 in llvm::Target::createTargetMachine(llvm::StringRef, llvm::StringRef, llvm::StringRef, llvm::TargetOptions const&, std::optional<llvm::Reloc::Model>, std::optional<llvm::CodeModel::Model>, llvm::CodeGenOptLevel, bool) const /usr/lib/llvm-20/include/llvm/MC/TargetRegistry.h:462:12
    #6 0x55ca9163a09e in tsc::TargetRegistry::initializeAllTargets() /workspace/src/TargetRegistry.cpp:67:41
    #7 0x55ca9162bdcd in tsc::Compiler::initializeLLVM() /workspace/src/Compiler.cpp:349:14
    #8 0x55ca9162b8b7 in tsc::Compiler::Compiler(tsc::CompilerOptions const&) /workspace/src/Compiler.cpp:24:5
    #9 0x55ca915fd7b5 in main /workspace/src/main.cpp:191:18
    #10 0x7ff5c395a337  (/lib/x86_64-linux-gnu/libc.so.6+0x2a337) (BuildId: 467f544f15035abef911999cbc14489edd0555ab)
    #11 0x7ff5c395a3fa in __libc_start_main (/lib/x86_64-linux-gnu/libc.so.6+0x2a3fa) (BuildId: 467f544f15035abef911999cbc14489edd0555ab)
    #12 0x55ca91511b64 in _start (/workspace/build-asan/tsc+0x74b64) (BuildId: 73a10d7cc646a755f705b0ae57418e68578aec2f)

Indirect leak of 304 byte(s) in 1 object(s) allocated from:
    #0 0x55ca915fa191 in operator new(unsigned long) (/workspace/build-asan/tsc+0x15d191) (BuildId: 73a10d7cc646a755f705b0ae57418e68578aec2f)
    #1 0x7ff5c848ba5d  (/usr/lib/llvm-20/lib/libLLVM.so.20.1+0x456fa5d) (BuildId: b856c61f98abf0989f157f153740fe0fadfbb760)
    #2 0x7ff5c52d0793 in llvm::CodeGenTargetMachineImpl::initAsmInfo() (/usr/lib/llvm-20/lib/libLLVM.so.20.1+0x13b4793) (BuildId: b856c61f98abf0989f157f153740fe0fadfbb760)
    #3 0x7ff5c84822a4  (/usr/lib/llvm-20/lib/libLLVM.so.20.1+0x45662a4) (BuildId: b856c61f98abf0989f157f153740fe0fadfbb760)
    #4 0x7ff5c8482b05  (/usr/lib/llvm-20/lib/libLLVM.so.20.1+0x4566b05) (BuildId: b856c61f98abf0989f157f153740fe0fadfbb760)
    #5 0x55ca91648523 in llvm::Target::createTargetMachine(llvm::StringRef, llvm::StringRef, llvm::StringRef, llvm::TargetOptions const&, std::optional<llvm::Reloc::Model>, std::optional<llvm::CodeModel::Model>, llvm::CodeGenOptLevel, bool) const /usr/lib/llvm-20/include/llvm/MC/TargetRegistry.h:462:12
    #6 0x55ca9163a09e in tsc::TargetRegistry::initializeAllTargets() /workspace/src/TargetRegistry.cpp:67:41
    #7 0x55ca9162bdcd in tsc::Compiler::initializeLLVM() /workspace/src/Compiler.cpp:349:14
    #8 0x55ca9162b8b7 in tsc::Compiler::Compiler(tsc::CompilerOptions const&) /workspace/src/Compiler.cpp:24:5
    #9 0x55ca915fd7b5 in main /workspace/src/main.cpp:191:18
    #10 0x7ff5c395a337  (/lib/x86_64-linux-gnu/libc.so.6+0x2a337) (BuildId: 467f544f15035abef911999cbc14489edd0555ab)
    #11 0x7ff5c395a3fa in __libc_start_main (/lib/x86_64-linux-gnu/libc.so.6+0x2a3fa) (BuildId: 467f544f15035abef911999cbc14489edd0555ab)
    #12 0x55ca91511b64 in _start (/workspace/build-asan/tsc+0x74b64) (BuildId: 73a10d7cc646a755f705b0ae57418e68578aec2f)

Indirect leak of 304 byte(s) in 1 object(s) allocated from:
    #0 0x55ca915fa191 in operator new(unsigned long) (/workspace/build-asan/tsc+0x15d191) (BuildId: 73a10d7cc646a755f705b0ae57418e68578aec2f)
    #1 0x7ff5c7ee613e  (/usr/lib/llvm-20/lib/libLLVM.so.20.1+0x3fca13e) (BuildId: b856c61f98abf0989f157f153740fe0fadfbb760)
    #2 0x7ff5c52d0793 in llvm::CodeGenTargetMachineImpl::initAsmInfo() (/usr/lib/llvm-20/lib/libLLVM.so.20.1+0x13b4793) (BuildId: b856c61f98abf0989f157f153740fe0fadfbb760)
    #3 0x7ff5c7ed4b76  (/usr/lib/llvm-20/lib/libLLVM.so.20.1+0x3fb8b76) (BuildId: b856c61f98abf0989f157f153740fe0fadfbb760)
    #4 0x7ff5c7ed581c  (/usr/lib/llvm-20/lib/libLLVM.so.20.1+0x3fb981c) (BuildId: b856c61f98abf0989f157f153740fe0fadfbb760)
    #5 0x55ca91648523 in llvm::Target::createTargetMachine(llvm::StringRef, llvm::StringRef, llvm::StringRef, llvm::TargetOptions const&, std::optional<llvm::Reloc::Model>, std::optional<llvm::CodeModel::Model>, llvm::CodeGenOptLevel, bool) const /usr/lib/llvm-20/include/llvm/MC/TargetRegistry.h:462:12
    #6 0x55ca9163a09e in tsc::TargetRegistry::initializeAllTargets() /workspace/src/TargetRegistry.cpp:67:41
    #7 0x55ca9162bdcd in tsc::Compiler::initializeLLVM() /workspace/src/Compiler.cpp:349:14
    #8 0x55ca9162b8b7 in tsc::Compiler::Compiler(tsc::CompilerOptions const&) /workspace/src/Compiler.cpp:24:5
    #9 0x55ca915fd7b5 in main /workspace/src/main.cpp:191:18
    #10 0x7ff5c395a337  (/lib/x86_64-linux-gnu/libc.so.6+0x2a337) (BuildId: 467f544f15035abef911999cbc14489edd0555ab)
    #11 0x7ff5c395a3fa in __libc_start_main (/lib/x86_64-linux-gnu/libc.so.6+0x2a3fa) (BuildId: 467f544f15035abef911999cbc14489edd0555ab)
    #12 0x55ca91511b64 in _start (/workspace/build-asan/tsc+0x74b64) (BuildId: 73a10d7cc646a755f705b0ae57418e68578aec2f)

Indirect leak of 304 byte(s) in 1 object(s) allocated from:
    #0 0x55ca915fa191 in operator new(unsigned long) (/workspace/build-asan/tsc+0x15d191) (BuildId: 73a10d7cc646a755f705b0ae57418e68578aec2f)
    #1 0x7ff5c7ee613e  (/usr/lib/llvm-20/lib/libLLVM.so.20.1+0x3fca13e) (BuildId: b856c61f98abf0989f157f153740fe0fadfbb760)
    #2 0x7ff5c52d0793 in llvm::CodeGenTargetMachineImpl::initAsmInfo() (/usr/lib/llvm-20/lib/libLLVM.so.20.1+0x13b4793) (BuildId: b856c61f98abf0989f157f153740fe0fadfbb760)
    #3 0x7ff5c7ed4b76  (/usr/lib/llvm-20/lib/libLLVM.so.20.1+0x3fb8b76) (BuildId: b856c61f98abf0989f157f153740fe0fadfbb760)
    #4 0x7ff5c7ed569c  (/usr/lib/llvm-20/lib/libLLVM.so.20.1+0x3fb969c) (BuildId: b856c61f98abf0989f157f153740fe0fadfbb760)
    #5 0x55ca91648523 in llvm::Target::createTargetMachine(llvm::StringRef, llvm::StringRef, llvm::StringRef, llvm::TargetOptions const&, std::optional<llvm::Reloc::Model>, std::optional<llvm::CodeModel::Model>, llvm::CodeGenOptLevel, bool) const /usr/lib/llvm-20/include/llvm/MC/TargetRegistry.h:462:12
    #6 0x55ca9163a09e in tsc::TargetRegistry::initializeAllTargets() /workspace/src/TargetRegistry.cpp:67:41
    #7 0x55ca9162bdcd in tsc::Compiler::initializeLLVM() /workspace/src/Compiler.cpp:349:14
    #8 0x55ca9162b8b7 in tsc::Compiler::Compiler(tsc::CompilerOptions const&) /workspace/src/Compiler.cpp:24:5
    #9 0x55ca915fd7b5 in main /workspace/src/main.cpp:191:18
    #10 0x7ff5c395a337  (/lib/x86_64-linux-gnu/libc.so.6+0x2a337) (BuildId: 467f544f15035abef911999cbc14489edd0555ab)
    #11 0x7ff5c395a3fa in __libc_start_main (/lib/x86_64-linux-gnu/libc.so.6+0x2a3fa) (BuildId: 467f544f15035abef911999cbc14489edd0555ab)
    #12 0x55ca91511b64 in _start (/workspace/build-asan/tsc+0x74b64) (BuildId: 73a10d7cc646a755f705b0ae57418e68578aec2f)

Indirect leak of 304 byte(s) in 1 object(s) allocated from:
    #0 0x55ca915fa191 in operator new(unsigned long) (/workspace/build-asan/tsc+0x15d191) (BuildId: 73a10d7cc646a755f705b0ae57418e68578aec2f)
    #1 0x7ff5c7ee613e  (/usr/lib/llvm-20/lib/libLLVM.so.20.1+0x3fca13e) (BuildId: b856c61f98abf0989f157f153740fe0fadfbb760)
    #2 0x7ff5c52d0793 in llvm::CodeGenTargetMachineImpl::initAsmInfo() (/usr/lib/llvm-20/lib/libLLVM.so.20.1+0x13b4793) (BuildId: b856c61f98abf0989f157f153740fe0fadfbb760)
    #3 0x7ff5c7ed4b76  (/usr/lib/llvm-20/lib/libLLVM.so.20.1+0x3fb8b76) (BuildId: b856c61f98abf0989f157f153740fe0fadfbb760)
    #4 0x7ff5c7ed575c  (/usr/lib/llvm-20/lib/libLLVM.so.20.1+0x3fb975c) (BuildId: b856c61f98abf0989f157f153740fe0fadfbb760)
    #5 0x55ca91648523 in llvm::Target::createTargetMachine(llvm::StringRef, llvm::StringRef, llvm::StringRef, llvm::TargetOptions const&, std::optional<llvm::Reloc::Model>, std::optional<llvm::CodeModel::Model>, llvm::CodeGenOptLevel, bool) const /usr/lib/llvm-20/include/llvm/MC/TargetRegistry.h:462:12
    #6 0x55ca9163a09e in tsc::TargetRegistry::initializeAllTargets() /workspace/src/TargetRegistry.cpp:67:41
    #7 0x55ca9162bdcd in tsc::Compiler::initializeLLVM() /workspace/src/Compiler.cpp:349:14
    #8 0x55ca9162b8b7 in tsc::Compiler::Compiler(tsc::CompilerOptions const&) /workspace/src/Compiler.cpp:24:5
    #9 0x55ca915fd7b5 in main /workspace/src/main.cpp:191:18
    #10 0x7ff5c395a337  (/lib/x86_64-linux-gnu/libc.so.6+0x2a337) (BuildId: 467f544f15035abef911999cbc14489edd0555ab)
    #11 0x7ff5c395a3fa in __libc_start_main (/lib/x86_64-linux-gnu/libc.so.6+0x2a3fa) (BuildId: 467f544f15035abef911999cbc14489edd0555ab)
    #12 0x55ca91511b64 in _start (/workspace/build-asan/tsc+0x74b64) (BuildId: 73a10d7cc646a755f705b0ae57418e68578aec2f)

Indirect leak of 294 byte(s) in 3 object(s) allocated from:
    #0 0x55ca915fa191 in operator new(unsigned long) (/workspace/build-asan/tsc+0x15d191) (BuildId: 73a10d7cc646a755f705b0ae57418e68578aec2f)
    #1 0x7ff5c4ff3807 in llvm::DataLayout::parseLayoutString(llvm::StringRef) (/usr/lib/llvm-20/lib/libLLVM.so.20.1+0x10d7807) (BuildId: b856c61f98abf0989f157f153740fe0fadfbb760)
    #2 0x7ff5c4ff3744 in llvm::DataLayout::DataLayout(llvm::StringRef) (/usr/lib/llvm-20/lib/libLLVM.so.20.1+0x10d7744) (BuildId: b856c61f98abf0989f157f153740fe0fadfbb760)
    #3 0x7ff5c6ef490c in llvm::TargetMachine::TargetMachine(llvm::Target const&, llvm::StringRef, llvm::Triple const&, llvm::StringRef, llvm::StringRef, llvm::TargetOptions const&) (/usr/lib/llvm-20/lib/libLLVM.so.20.1+0x2fd890c) (BuildId: b856c61f98abf0989f157f153740fe0fadfbb760)
    #4 0x7ff5c52d0937 in llvm::CodeGenTargetMachineImpl::CodeGenTargetMachineImpl(llvm::Target const&, llvm::StringRef, llvm::Triple const&, llvm::StringRef, llvm::StringRef, llvm::TargetOptions const&, llvm::Reloc::Model, llvm::CodeModel::Model, llvm::CodeGenOptLevel) (/usr/lib/llvm-20/lib/libLLVM.so.20.1+0x13b4937) (BuildId: b856c61f98abf0989f157f153740fe0fadfbb760)
    #5 0x7ff5c7f83aea  (/usr/lib/llvm-20/lib/libLLVM.so.20.1+0x4067aea) (BuildId: b856c61f98abf0989f157f153740fe0fadfbb760)
    #6 0x7ff5c7f8526a  (/usr/lib/llvm-20/lib/libLLVM.so.20.1+0x406926a) (BuildId: b856c61f98abf0989f157f153740fe0fadfbb760)
    #7 0x55ca91648523 in llvm::Target::createTargetMachine(llvm::StringRef, llvm::StringRef, llvm::StringRef, llvm::TargetOptions const&, std::optional<llvm::Reloc::Model>, std::optional<llvm::CodeModel::Model>, llvm::CodeGenOptLevel, bool) const /usr/lib/llvm-20/include/llvm/MC/TargetRegistry.h:462:12
    #8 0x55ca9163a09e in tsc::TargetRegistry::initializeAllTargets() /workspace/src/TargetRegistry.cpp:67:41
    #9 0x55ca9162bdcd in tsc::Compiler::initializeLLVM() /workspace/src/Compiler.cpp:349:14
    #10 0x55ca9162b8b7 in tsc::Compiler::Compiler(tsc::CompilerOptions const&) /workspace/src/Compiler.cpp:24:5
    #11 0x55ca915fd7b5 in main /workspace/src/main.cpp:191:18
    #12 0x7ff5c395a337  (/lib/x86_64-linux-gnu/libc.so.6+0x2a337) (BuildId: 467f544f15035abef911999cbc14489edd0555ab)
    #13 0x7ff5c395a3fa in __libc_start_main (/lib/x86_64-linux-gnu/libc.so.6+0x2a3fa) (BuildId: 467f544f15035abef911999cbc14489edd0555ab)
    #14 0x55ca91511b64 in _start (/workspace/build-asan/tsc+0x74b64) (BuildId: 73a10d7cc646a755f705b0ae57418e68578aec2f)

Indirect leak of 288 byte(s) in 6 object(s) allocated from:
    #0 0x55ca915fa191 in operator new(unsigned long) (/workspace/build-asan/tsc+0x15d191) (BuildId: 73a10d7cc646a755f705b0ae57418e68578aec2f)
    #1 0x7ff5c55781b6  (/usr/lib/llvm-20/lib/libLLVM.so.20.1+0x165c1b6) (BuildId: b856c61f98abf0989f157f153740fe0fadfbb760)
    #2 0x7ff5c7be8e53  (/usr/lib/llvm-20/lib/libLLVM.so.20.1+0x3ccce53) (BuildId: b856c61f98abf0989f157f153740fe0fadfbb760)
    #3 0x7ff5c7c055da  (/usr/lib/llvm-20/lib/libLLVM.so.20.1+0x3ce95da) (BuildId: b856c61f98abf0989f157f153740fe0fadfbb760)
    #4 0x7ff5c7c06006  (/usr/lib/llvm-20/lib/libLLVM.so.20.1+0x3cea006) (BuildId: b856c61f98abf0989f157f153740fe0fadfbb760)
    #5 0x7ff5c7c07e74  (/usr/lib/llvm-20/lib/libLLVM.so.20.1+0x3cebe74) (BuildId: b856c61f98abf0989f157f153740fe0fadfbb760)
    #6 0x55ca91648523 in llvm::Target::createTargetMachine(llvm::StringRef, llvm::StringRef, llvm::StringRef, llvm::TargetOptions const&, std::optional<llvm::Reloc::Model>, std::optional<llvm::CodeModel::Model>, llvm::CodeGenOptLevel, bool) const /usr/lib/llvm-20/include/llvm/MC/TargetRegistry.h:462:12
    #7 0x55ca9163a09e in tsc::TargetRegistry::initializeAllTargets() /workspace/src/TargetRegistry.cpp:67:41
    #8 0x55ca9162bdcd in tsc::Compiler::initializeLLVM() /workspace/src/Compiler.cpp:349:14
    #9 0x55ca9162b8b7 in tsc::Compiler::Compiler(tsc::CompilerOptions const&) /workspace/src/Compiler.cpp:24:5
    #10 0x55ca915fd7b5 in main /workspace/src/main.cpp:191:18
    #11 0x7ff5c395a337  (/lib/x86_64-linux-gnu/libc.so.6+0x2a337) (BuildId: 467f544f15035abef911999cbc14489edd0555ab)
    #12 0x7ff5c395a3fa in __libc_start_main (/lib/x86_64-linux-gnu/libc.so.6+0x2a3fa) (BuildId: 467f544f15035abef911999cbc14489edd0555ab)
    #13 0x55ca91511b64 in _start (/workspace/build-asan/tsc+0x74b64) (BuildId: 73a10d7cc646a755f705b0ae57418e68578aec2f)

Indirect leak of 288 byte(s) in 6 object(s) allocated from:
    #0 0x55ca915fa191 in operator new(unsigned long) (/workspace/build-asan/tsc+0x15d191) (BuildId: 73a10d7cc646a755f705b0ae57418e68578aec2f)
    #1 0x7ff5c55781b6  (/usr/lib/llvm-20/lib/libLLVM.so.20.1+0x165c1b6) (BuildId: b856c61f98abf0989f157f153740fe0fadfbb760)
    #2 0x7ff5c557172f in llvm::TargetLoweringBase::initActions() (/usr/lib/llvm-20/lib/libLLVM.so.20.1+0x165572f) (BuildId: b856c61f98abf0989f157f153740fe0fadfbb760)
    #3 0x7ff5c557119a in llvm::TargetLoweringBase::TargetLoweringBase(llvm::TargetMachine const&) (/usr/lib/llvm-20/lib/libLLVM.so.20.1+0x165519a) (BuildId: b856c61f98abf0989f157f153740fe0fadfbb760)
    #4 0x7ff5c584e071 in llvm::TargetLowering::TargetLowering(llvm::TargetMachine const&) (/usr/lib/llvm-20/lib/libLLVM.so.20.1+0x1932071) (BuildId: b856c61f98abf0989f157f153740fe0fadfbb760)
    #5 0x7ff5c7be81af  (/usr/lib/llvm-20/lib/libLLVM.so.20.1+0x3ccc1af) (BuildId: b856c61f98abf0989f157f153740fe0fadfbb760)
    #6 0x7ff5c7c055da  (/usr/lib/llvm-20/lib/libLLVM.so.20.1+0x3ce95da) (BuildId: b856c61f98abf0989f157f153740fe0fadfbb760)
    #7 0x7ff5c7c06006  (/usr/lib/llvm-20/lib/libLLVM.so.20.1+0x3cea006) (BuildId: b856c61f98abf0989f157f153740fe0fadfbb760)
    #8 0x7ff5c7c07e74  (/usr/lib/llvm-20/lib/libLLVM.so.20.1+0x3cebe74) (BuildId: b856c61f98abf0989f157f153740fe0fadfbb760)
    #9 0x55ca91648523 in llvm::Target::createTargetMachine(llvm::StringRef, llvm::StringRef, llvm::StringRef, llvm::TargetOptions const&, std::optional<llvm::Reloc::Model>, std::optional<llvm::CodeModel::Model>, llvm::CodeGenOptLevel, bool) const /usr/lib/llvm-20/include/llvm/MC/TargetRegistry.h:462:12
    #10 0x55ca9163a09e in tsc::TargetRegistry::initializeAllTargets() /workspace/src/TargetRegistry.cpp:67:41
    #11 0x55ca9162bdcd in tsc::Compiler::initializeLLVM() /workspace/src/Compiler.cpp:349:14
    #12 0x55ca9162b8b7 in tsc::Compiler::Compiler(tsc::CompilerOptions const&) /workspace/src/Compiler.cpp:24:5
    #13 0x55ca915fd7b5 in main /workspace/src/main.cpp:191:18
    #14 0x7ff5c395a337  (/lib/x86_64-linux-gnu/libc.so.6+0x2a337) (BuildId: 467f544f15035abef911999cbc14489edd0555ab)
    #15 0x7ff5c395a3fa in __libc_start_main (/lib/x86_64-linux-gnu/libc.so.6+0x2a3fa) (BuildId: 467f544f15035abef911999cbc14489edd0555ab)
    #16 0x55ca91511b64 in _start (/workspace/build-asan/tsc+0x74b64) (BuildId: 73a10d7cc646a755f705b0ae57418e68578aec2f)

Indirect leak of 288 byte(s) in 6 object(s) allocated from:
    #0 0x55ca915fa191 in operator new(unsigned long) (/workspace/build-asan/tsc+0x15d191) (BuildId: 73a10d7cc646a755f705b0ae57418e68578aec2f)
    #1 0x7ff5c55781b6  (/usr/lib/llvm-20/lib/libLLVM.so.20.1+0x165c1b6) (BuildId: b856c61f98abf0989f157f153740fe0fadfbb760)
    #2 0x7ff5c7be8e53  (/usr/lib/llvm-20/lib/libLLVM.so.20.1+0x3ccce53) (BuildId: b856c61f98abf0989f157f153740fe0fadfbb760)
    #3 0x7ff5c7c055da  (/usr/lib/llvm-20/lib/libLLVM.so.20.1+0x3ce95da) (BuildId: b856c61f98abf0989f157f153740fe0fadfbb760)
    #4 0x7ff5c7c06006  (/usr/lib/llvm-20/lib/libLLVM.so.20.1+0x3cea006) (BuildId: b856c61f98abf0989f157f153740fe0fadfbb760)
    #5 0x7ff5c7c07f34  (/usr/lib/llvm-20/lib/libLLVM.so.20.1+0x3cebf34) (BuildId: b856c61f98abf0989f157f153740fe0fadfbb760)
    #6 0x55ca91648523 in llvm::Target::createTargetMachine(llvm::StringRef, llvm::StringRef, llvm::StringRef, llvm::TargetOptions const&, std::optional<llvm::Reloc::Model>, std::optional<llvm::CodeModel::Model>, llvm::CodeGenOptLevel, bool) const /usr/lib/llvm-20/include/llvm/MC/TargetRegistry.h:462:12
    #7 0x55ca9163a09e in tsc::TargetRegistry::initializeAllTargets() /workspace/src/TargetRegistry.cpp:67:41
    #8 0x55ca9162bdcd in tsc::Compiler::initializeLLVM() /workspace/src/Compiler.cpp:349:14
    #9 0x55ca9162b8b7 in tsc::Compiler::Compiler(tsc::CompilerOptions const&) /workspace/src/Compiler.cpp:24:5
    #10 0x55ca915fd7b5 in main /workspace/src/main.cpp:191:18
    #11 0x7ff5c395a337  (/lib/x86_64-linux-gnu/libc.so.6+0x2a337) (BuildId: 467f544f15035abef911999cbc14489edd0555ab)
    #12 0x7ff5c395a3fa in __libc_start_main (/lib/x86_64-linux-gnu/libc.so.6+0x2a3fa) (BuildId: 467f544f15035abef911999cbc14489edd0555ab)
    #13 0x55ca91511b64 in _start (/workspace/build-asan/tsc+0x74b64) (BuildId: 73a10d7cc646a755f705b0ae57418e68578aec2f)

Indirect leak of 288 byte(s) in 1 object(s) allocated from:
    #0 0x55ca915b5858 in malloc (/workspace/build-asan/tsc+0x118858) (BuildId: 73a10d7cc646a755f705b0ae57418e68578aec2f)
    #1 0x7ff5c4ec89b9 in llvm::SmallVectorBase<unsigned int>::grow_pod(void*, unsigned long, unsigned long) (/usr/lib/llvm-20/lib/libLLVM.so.20.1+0xfac9b9) (BuildId: b856c61f98abf0989f157f153740fe0fadfbb760)
    #2 0x7ff5c59b802e in llvm::SmallVectorImpl<llvm::LegalityPredicates::TypePairAndMemDesc>::operator=(llvm::SmallVectorImpl<llvm::LegalityPredicates::TypePairAndMemDesc> const&) (/usr/lib/llvm-20/lib/libLLVM.so.20.1+0x1a9c02e) (BuildId: b856c61f98abf0989f157f153740fe0fadfbb760)
    #3 0x7ff5c59b82f4  (/usr/lib/llvm-20/lib/libLLVM.so.20.1+0x1a9c2f4) (BuildId: b856c61f98abf0989f157f153740fe0fadfbb760)
    #4 0x7ff5c6f3998b  (/usr/lib/llvm-20/lib/libLLVM.so.20.1+0x301d98b) (BuildId: b856c61f98abf0989f157f153740fe0fadfbb760)
    #5 0x7ff5c6f398a6  (/usr/lib/llvm-20/lib/libLLVM.so.20.1+0x301d8a6) (BuildId: b856c61f98abf0989f157f153740fe0fadfbb760)
    #6 0x7ff5c84393f1  (/usr/lib/llvm-20/lib/libLLVM.so.20.1+0x451d3f1) (BuildId: b856c61f98abf0989f157f153740fe0fadfbb760)
    #7 0x7ff5c84564e6  (/usr/lib/llvm-20/lib/libLLVM.so.20.1+0x453a4e6) (BuildId: b856c61f98abf0989f157f153740fe0fadfbb760)
    #8 0x7ff5c8457105  (/usr/lib/llvm-20/lib/libLLVM.so.20.1+0x453b105) (BuildId: b856c61f98abf0989f157f153740fe0fadfbb760)
    #9 0x7ff5c8457a7a  (/usr/lib/llvm-20/lib/libLLVM.so.20.1+0x453ba7a) (BuildId: b856c61f98abf0989f157f153740fe0fadfbb760)
    #10 0x55ca91648523 in llvm::Target::createTargetMachine(llvm::StringRef, llvm::StringRef, llvm::StringRef, llvm::TargetOptions const&, std::optional<llvm::Reloc::Model>, std::optional<llvm::CodeModel::Model>, llvm::CodeGenOptLevel, bool) const /usr/lib/llvm-20/include/llvm/MC/TargetRegistry.h:462:12
    #11 0x55ca9163a09e in tsc::TargetRegistry::initializeAllTargets() /workspace/src/TargetRegistry.cpp:67:41
    #12 0x55ca9162bdcd in tsc::Compiler::initializeLLVM() /workspace/src/Compiler.cpp:349:14
    #13 0x55ca9162b8b7 in tsc::Compiler::Compiler(tsc::CompilerOptions const&) /workspace/src/Compiler.cpp:24:5
    #14 0x55ca915fd7b5 in main /workspace/src/main.cpp:191:18
    #15 0x7ff5c395a337  (/lib/x86_64-linux-gnu/libc.so.6+0x2a337) (BuildId: 467f544f15035abef911999cbc14489edd0555ab)
    #16 0x7ff5c395a3fa in __libc_start_main (/lib/x86_64-linux-gnu/libc.so.6+0x2a3fa) (BuildId: 467f544f15035abef911999cbc14489edd0555ab)
    #17 0x55ca91511b64 in _start (/workspace/build-asan/tsc+0x74b64) (BuildId: 73a10d7cc646a755f705b0ae57418e68578aec2f)

Indirect leak of 288 byte(s) in 6 object(s) allocated from:
    #0 0x55ca915fa191 in operator new(unsigned long) (/workspace/build-asan/tsc+0x15d191) (BuildId: 73a10d7cc646a755f705b0ae57418e68578aec2f)
    #1 0x7ff5c55781b6  (/usr/lib/llvm-20/lib/libLLVM.so.20.1+0x165c1b6) (BuildId: b856c61f98abf0989f157f153740fe0fadfbb760)
    #2 0x7ff5c557172f in llvm::TargetLoweringBase::initActions() (/usr/lib/llvm-20/lib/libLLVM.so.20.1+0x165572f) (BuildId: b856c61f98abf0989f157f153740fe0fadfbb760)
    #3 0x7ff5c557119a in llvm::TargetLoweringBase::TargetLoweringBase(llvm::TargetMachine const&) (/usr/lib/llvm-20/lib/libLLVM.so.20.1+0x165519a) (BuildId: b856c61f98abf0989f157f153740fe0fadfbb760)
    #4 0x7ff5c584e071 in llvm::TargetLowering::TargetLowering(llvm::TargetMachine const&) (/usr/lib/llvm-20/lib/libLLVM.so.20.1+0x1932071) (BuildId: b856c61f98abf0989f157f153740fe0fadfbb760)
    #5 0x7ff5c7be81af  (/usr/lib/llvm-20/lib/libLLVM.so.20.1+0x3ccc1af) (BuildId: b856c61f98abf0989f157f153740fe0fadfbb760)
    #6 0x7ff5c7c055da  (/usr/lib/llvm-20/lib/libLLVM.so.20.1+0x3ce95da) (BuildId: b856c61f98abf0989f157f153740fe0fadfbb760)
    #7 0x7ff5c7c06006  (/usr/lib/llvm-20/lib/libLLVM.so.20.1+0x3cea006) (BuildId: b856c61f98abf0989f157f153740fe0fadfbb760)
    #8 0x7ff5c7c07f34  (/usr/lib/llvm-20/lib/libLLVM.so.20.1+0x3cebf34) (BuildId: b856c61f98abf0989f157f153740fe0fadfbb760)
    #9 0x55ca91648523 in llvm::Target::createTargetMachine(llvm::StringRef, llvm::StringRef, llvm::StringRef, llvm::TargetOptions const&, std::optional<llvm::Reloc::Model>, std::optional<llvm::CodeModel::Model>, llvm::CodeGenOptLevel, bool) const /usr/lib/llvm-20/include/llvm/MC/TargetRegistry.h:462:12
    #10 0x55ca9163a09e in tsc::TargetRegistry::initializeAllTargets() /workspace/src/TargetRegistry.cpp:67:41
    #11 0x55ca9162bdcd in tsc::Compiler::initializeLLVM() /workspace/src/Compiler.cpp:349:14
    #12 0x55ca9162b8b7 in tsc::Compiler::Compiler(tsc::CompilerOptions const&) /workspace/src/Compiler.cpp:24:5
    #13 0x55ca915fd7b5 in main /workspace/src/main.cpp:191:18
    #14 0x7ff5c395a337  (/lib/x86_64-linux-gnu/libc.so.6+0x2a337) (BuildId: 467f544f15035abef911999cbc14489edd0555ab)
    #15 0x7ff5c395a3fa in __libc_start_main (/lib/x86_64-linux-gnu/libc.so.6+0x2a3fa) (BuildId: 467f544f15035abef911999cbc14489edd0555ab)
    #16 0x55ca91511b64 in _start (/workspace/build-asan/tsc+0x74b64) (BuildId: 73a10d7cc646a755f705b0ae57418e68578aec2f)

Indirect leak of 288 byte(s) in 6 object(s) allocated from:
    #0 0x55ca915fa191 in operator new(unsigned long) (/workspace/build-asan/tsc+0x15d191) (BuildId: 73a10d7cc646a755f705b0ae57418e68578aec2f)
    #1 0x7ff5c55781b6  (/usr/lib/llvm-20/lib/libLLVM.so.20.1+0x165c1b6) (BuildId: b856c61f98abf0989f157f153740fe0fadfbb760)
    #2 0x7ff5c557172f in llvm::TargetLoweringBase::initActions() (/usr/lib/llvm-20/lib/libLLVM.so.20.1+0x165572f) (BuildId: b856c61f98abf0989f157f153740fe0fadfbb760)
    #3 0x7ff5c557119a in llvm::TargetLoweringBase::TargetLoweringBase(llvm::TargetMachine const&) (/usr/lib/llvm-20/lib/libLLVM.so.20.1+0x165519a) (BuildId: b856c61f98abf0989f157f153740fe0fadfbb760)
    #4 0x7ff5c584e071 in llvm::TargetLowering::TargetLowering(llvm::TargetMachine const&) (/usr/lib/llvm-20/lib/libLLVM.so.20.1+0x1932071) (BuildId: b856c61f98abf0989f157f153740fe0fadfbb760)
    #5 0x7ff5c8049285  (/usr/lib/llvm-20/lib/libLLVM.so.20.1+0x412d285) (BuildId: b856c61f98abf0989f157f153740fe0fadfbb760)
    #6 0x7ff5c805df2c  (/usr/lib/llvm-20/lib/libLLVM.so.20.1+0x4141f2c) (BuildId: b856c61f98abf0989f157f153740fe0fadfbb760)
    #7 0x7ff5c805e60e  (/usr/lib/llvm-20/lib/libLLVM.so.20.1+0x414260e) (BuildId: b856c61f98abf0989f157f153740fe0fadfbb760)
    #8 0x7ff5c805ecda  (/usr/lib/llvm-20/lib/libLLVM.so.20.1+0x4142cda) (BuildId: b856c61f98abf0989f157f153740fe0fadfbb760)
    #9 0x55ca91648523 in llvm::Target::createTargetMachine(llvm::StringRef, llvm::StringRef, llvm::StringRef, llvm::TargetOptions const&, std::optional<llvm::Reloc::Model>, std::optional<llvm::CodeModel::Model>, llvm::CodeGenOptLevel, bool) const /usr/lib/llvm-20/include/llvm/MC/TargetRegistry.h:462:12
    #10 0x55ca9163a09e in tsc::TargetRegistry::initializeAllTargets() /workspace/src/TargetRegistry.cpp:67:41
    #11 0x55ca9162bdcd in tsc::Compiler::initializeLLVM() /workspace/src/Compiler.cpp:349:14
    #12 0x55ca9162b8b7 in tsc::Compiler::Compiler(tsc::CompilerOptions const&) /workspace/src/Compiler.cpp:24:5
    #13 0x55ca915fd7b5 in main /workspace/src/main.cpp:191:18
    #14 0x7ff5c395a337  (/lib/x86_64-linux-gnu/libc.so.6+0x2a337) (BuildId: 467f544f15035abef911999cbc14489edd0555ab)
    #15 0x7ff5c395a3fa in __libc_start_main (/lib/x86_64-linux-gnu/libc.so.6+0x2a3fa) (BuildId: 467f544f15035abef911999cbc14489edd0555ab)
    #16 0x55ca91511b64 in _start (/workspace/build-asan/tsc+0x74b64) (BuildId: 73a10d7cc646a755f705b0ae57418e68578aec2f)

Indirect leak of 288 byte(s) in 6 object(s) allocated from:
    #0 0x55ca915fa191 in operator new(unsigned long) (/workspace/build-asan/tsc+0x15d191) (BuildId: 73a10d7cc646a755f705b0ae57418e68578aec2f)
    #1 0x7ff5c55781b6  (/usr/lib/llvm-20/lib/libLLVM.so.20.1+0x165c1b6) (BuildId: b856c61f98abf0989f157f153740fe0fadfbb760)
    #2 0x7ff5c557172f in llvm::TargetLoweringBase::initActions() (/usr/lib/llvm-20/lib/libLLVM.so.20.1+0x165572f) (BuildId: b856c61f98abf0989f157f153740fe0fadfbb760)
    #3 0x7ff5c557119a in llvm::TargetLoweringBase::TargetLoweringBase(llvm::TargetMachine const&) (/usr/lib/llvm-20/lib/libLLVM.so.20.1+0x165519a) (BuildId: b856c61f98abf0989f157f153740fe0fadfbb760)
    #4 0x7ff5c584e071 in llvm::TargetLowering::TargetLowering(llvm::TargetMachine const&) (/usr/lib/llvm-20/lib/libLLVM.so.20.1+0x1932071) (BuildId: b856c61f98abf0989f157f153740fe0fadfbb760)
    #5 0x7ff5c844335b  (/usr/lib/llvm-20/lib/libLLVM.so.20.1+0x452735b) (BuildId: b856c61f98abf0989f157f153740fe0fadfbb760)
    #6 0x7ff5c84563d8  (/usr/lib/llvm-20/lib/libLLVM.so.20.1+0x453a3d8) (BuildId: b856c61f98abf0989f157f153740fe0fadfbb760)
    #7 0x7ff5c8457105  (/usr/lib/llvm-20/lib/libLLVM.so.20.1+0x453b105) (BuildId: b856c61f98abf0989f157f153740fe0fadfbb760)
    #8 0x7ff5c8457a7a  (/usr/lib/llvm-20/lib/libLLVM.so.20.1+0x453ba7a) (BuildId: b856c61f98abf0989f157f153740fe0fadfbb760)
    #9 0x55ca91648523 in llvm::Target::createTargetMachine(llvm::StringRef, llvm::StringRef, llvm::StringRef, llvm::TargetOptions const&, std::optional<llvm::Reloc::Model>, std::optional<llvm::CodeModel::Model>, llvm::CodeGenOptLevel, bool) const /usr/lib/llvm-20/include/llvm/MC/TargetRegistry.h:462:12
    #10 0x55ca9163a09e in tsc::TargetRegistry::initializeAllTargets() /workspace/src/TargetRegistry.cpp:67:41
    #11 0x55ca9162bdcd in tsc::Compiler::initializeLLVM() /workspace/src/Compiler.cpp:349:14
    #12 0x55ca9162b8b7 in tsc::Compiler::Compiler(tsc::CompilerOptions const&) /workspace/src/Compiler.cpp:24:5
    #13 0x55ca915fd7b5 in main /workspace/src/main.cpp:191:18
    #14 0x7ff5c395a337  (/lib/x86_64-linux-gnu/libc.so.6+0x2a337) (BuildId: 467f544f15035abef911999cbc14489edd0555ab)
    #15 0x7ff5c395a3fa in __libc_start_main (/lib/x86_64-linux-gnu/libc.so.6+0x2a3fa) (BuildId: 467f544f15035abef911999cbc14489edd0555ab)
    #16 0x55ca91511b64 in _start (/workspace/build-asan/tsc+0x74b64) (BuildId: 73a10d7cc646a755f705b0ae57418e68578aec2f)

Indirect leak of 288 byte(s) in 3 object(s) allocated from:
    #0 0x55ca915b5858 in malloc (/workspace/build-asan/tsc+0x118858) (BuildId: 73a10d7cc646a755f705b0ae57418e68578aec2f)
    #1 0x7ff5c4ec87d6 in llvm::SmallVectorBase<unsigned int>::mallocForGrow(void*, unsigned long, unsigned long, unsigned long&) (/usr/lib/llvm-20/lib/libLLVM.so.20.1+0xfac7d6) (BuildId: b856c61f98abf0989f157f153740fe0fadfbb760)
    #2 0x7ff5c5a01f3c in llvm::SmallVectorTemplateBase<std::function<std::vector<std::pair<unsigned short, llvm::LegacyLegalizeActions::LegacyLegalizeAction>, std::allocator<std::pair<unsigned short, llvm::LegacyLegalizeActions::LegacyLegalizeAction>>> (std::vector<std::pair<unsigned short, llvm::LegacyLegalizeActions::LegacyLegalizeAction>, std::allocator<std::pair<unsigned short, llvm::LegacyLegalizeActions::LegacyLegalizeAction>>> const&)>, false>::grow(unsigned long) (/usr/lib/llvm-20/lib/libLLVM.so.20.1+0x1ae5f3c) (BuildId: b856c61f98abf0989f157f153740fe0fadfbb760)
    #3 0x7ff5c59ff333  (/usr/lib/llvm-20/lib/libLLVM.so.20.1+0x1ae3333) (BuildId: b856c61f98abf0989f157f153740fe0fadfbb760)
    #4 0x7ff5c59ff1eb in llvm::LegacyLegalizerInfo::LegacyLegalizerInfo() (/usr/lib/llvm-20/lib/libLLVM.so.20.1+0x1ae31eb) (BuildId: b856c61f98abf0989f157f153740fe0fadfbb760)
    #5 0x7ff5c788b02b  (/usr/lib/llvm-20/lib/libLLVM.so.20.1+0x396f02b) (BuildId: b856c61f98abf0989f157f153740fe0fadfbb760)
    #6 0x7ff5c78a436d  (/usr/lib/llvm-20/lib/libLLVM.so.20.1+0x398836d) (BuildId: b856c61f98abf0989f157f153740fe0fadfbb760)
    #7 0x7ff5c78a49df  (/usr/lib/llvm-20/lib/libLLVM.so.20.1+0x39889df) (BuildId: b856c61f98abf0989f157f153740fe0fadfbb760)
    #8 0x7ff5c78a5f8a  (/usr/lib/llvm-20/lib/libLLVM.so.20.1+0x3989f8a) (BuildId: b856c61f98abf0989f157f153740fe0fadfbb760)
    #9 0x55ca91648523 in llvm::Target::createTargetMachine(llvm::StringRef, llvm::StringRef, llvm::StringRef, llvm::TargetOptions const&, std::optional<llvm::Reloc::Model>, std::optional<llvm::CodeModel::Model>, llvm::CodeGenOptLevel, bool) const /usr/lib/llvm-20/include/llvm/MC/TargetRegistry.h:462:12
    #10 0x55ca9163a09e in tsc::TargetRegistry::initializeAllTargets() /workspace/src/TargetRegistry.cpp:67:41
    #11 0x55ca9162bdcd in tsc::Compiler::initializeLLVM() /workspace/src/Compiler.cpp:349:14
    #12 0x55ca9162b8b7 in tsc::Compiler::Compiler(tsc::CompilerOptions const&) /workspace/src/Compiler.cpp:24:5
    #13 0x55ca915fd7b5 in main /workspace/src/main.cpp:191:18
    #14 0x7ff5c395a337  (/lib/x86_64-linux-gnu/libc.so.6+0x2a337) (BuildId: 467f544f15035abef911999cbc14489edd0555ab)
    #15 0x7ff5c395a3fa in __libc_start_main (/lib/x86_64-linux-gnu/libc.so.6+0x2a3fa) (BuildId: 467f544f15035abef911999cbc14489edd0555ab)
    #16 0x55ca91511b64 in _start (/workspace/build-asan/tsc+0x74b64) (BuildId: 73a10d7cc646a755f705b0ae57418e68578aec2f)

Indirect leak of 288 byte(s) in 6 object(s) allocated from:
    #0 0x55ca915fa191 in operator new(unsigned long) (/workspace/build-asan/tsc+0x15d191) (BuildId: 73a10d7cc646a755f705b0ae57418e68578aec2f)
    #1 0x7ff5c55781b6  (/usr/lib/llvm-20/lib/libLLVM.so.20.1+0x165c1b6) (BuildId: b856c61f98abf0989f157f153740fe0fadfbb760)
    #2 0x7ff5c557172f in llvm::TargetLoweringBase::initActions() (/usr/lib/llvm-20/lib/libLLVM.so.20.1+0x165572f) (BuildId: b856c61f98abf0989f157f153740fe0fadfbb760)
    #3 0x7ff5c557119a in llvm::TargetLoweringBase::TargetLoweringBase(llvm::TargetMachine const&) (/usr/lib/llvm-20/lib/libLLVM.so.20.1+0x165519a) (BuildId: b856c61f98abf0989f157f153740fe0fadfbb760)
    #4 0x7ff5c584e071 in llvm::TargetLowering::TargetLowering(llvm::TargetMachine const&) (/usr/lib/llvm-20/lib/libLLVM.so.20.1+0x1932071) (BuildId: b856c61f98abf0989f157f153740fe0fadfbb760)
    #5 0x7ff5c840e03b  (/usr/lib/llvm-20/lib/libLLVM.so.20.1+0x44f203b) (BuildId: b856c61f98abf0989f157f153740fe0fadfbb760)
    #6 0x7ff5c841c63c  (/usr/lib/llvm-20/lib/libLLVM.so.20.1+0x450063c) (BuildId: b856c61f98abf0989f157f153740fe0fadfbb760)
    #7 0x7ff5c841ca9a  (/usr/lib/llvm-20/lib/libLLVM.so.20.1+0x4500a9a) (BuildId: b856c61f98abf0989f157f153740fe0fadfbb760)
    #8 0x7ff5c841d0da  (/usr/lib/llvm-20/lib/libLLVM.so.20.1+0x45010da) (BuildId: b856c61f98abf0989f157f153740fe0fadfbb760)
    #9 0x55ca91648523 in llvm::Target::createTargetMachine(llvm::StringRef, llvm::StringRef, llvm::StringRef, llvm::TargetOptions const&, std::optional<llvm::Reloc::Model>, std::optional<llvm::CodeModel::Model>, llvm::CodeGenOptLevel, bool) const /usr/lib/llvm-20/include/llvm/MC/TargetRegistry.h:462:12
    #10 0x55ca9163a09e in tsc::TargetRegistry::initializeAllTargets() /workspace/src/TargetRegistry.cpp:67:41
    #11 0x55ca9162bdcd in tsc::Compiler::initializeLLVM() /workspace/src/Compiler.cpp:349:14
    #12 0x55ca9162b8b7 in tsc::Compiler::Compiler(tsc::CompilerOptions const&) /workspace/src/Compiler.cpp:24:5
    #13 0x55ca915fd7b5 in main /workspace/src/main.cpp:191:18
    #14 0x7ff5c395a337  (/lib/x86_64-linux-gnu/libc.so.6+0x2a337) (BuildId: 467f544f15035abef911999cbc14489edd0555ab)
    #15 0x7ff5c395a3fa in __libc_start_main (/lib/x86_64-linux-gnu/libc.so.6+0x2a3fa) (BuildId: 467f544f15035abef911999cbc14489edd0555ab)
    #16 0x55ca91511b64 in _start (/workspace/build-asan/tsc+0x74b64) (BuildId: 73a10d7cc646a755f705b0ae57418e68578aec2f)

Indirect leak of 288 byte(s) in 6 object(s) allocated from:
    #0 0x55ca915fa191 in operator new(unsigned long) (/workspace/build-asan/tsc+0x15d191) (BuildId: 73a10d7cc646a755f705b0ae57418e68578aec2f)
    #1 0x7ff5c55781b6  (/usr/lib/llvm-20/lib/libLLVM.so.20.1+0x165c1b6) (BuildId: b856c61f98abf0989f157f153740fe0fadfbb760)
    #2 0x7ff5c557172f in llvm::TargetLoweringBase::initActions() (/usr/lib/llvm-20/lib/libLLVM.so.20.1+0x165572f) (BuildId: b856c61f98abf0989f157f153740fe0fadfbb760)
    #3 0x7ff5c557119a in llvm::TargetLoweringBase::TargetLoweringBase(llvm::TargetMachine const&) (/usr/lib/llvm-20/lib/libLLVM.so.20.1+0x165519a) (BuildId: b856c61f98abf0989f157f153740fe0fadfbb760)
    #4 0x7ff5c584e071 in llvm::TargetLowering::TargetLowering(llvm::TargetMachine const&) (/usr/lib/llvm-20/lib/libLLVM.so.20.1+0x1932071) (BuildId: b856c61f98abf0989f157f153740fe0fadfbb760)
    #5 0x7ff5c7867eb5  (/usr/lib/llvm-20/lib/libLLVM.so.20.1+0x394beb5) (BuildId: b856c61f98abf0989f157f153740fe0fadfbb760)
    #6 0x7ff5c78787ea  (/usr/lib/llvm-20/lib/libLLVM.so.20.1+0x395c7ea) (BuildId: b856c61f98abf0989f157f153740fe0fadfbb760)
    #7 0x7ff5c7878d2d  (/usr/lib/llvm-20/lib/libLLVM.so.20.1+0x395cd2d) (BuildId: b856c61f98abf0989f157f153740fe0fadfbb760)
    #8 0x7ff5c78792ea  (/usr/lib/llvm-20/lib/libLLVM.so.20.1+0x395d2ea) (BuildId: b856c61f98abf0989f157f153740fe0fadfbb760)
    #9 0x55ca91648523 in llvm::Target::createTargetMachine(llvm::StringRef, llvm::StringRef, llvm::StringRef, llvm::TargetOptions const&, std::optional<llvm::Reloc::Model>, std::optional<llvm::CodeModel::Model>, llvm::CodeGenOptLevel, bool) const /usr/lib/llvm-20/include/llvm/MC/TargetRegistry.h:462:12
    #10 0x55ca9163a09e in tsc::TargetRegistry::initializeAllTargets() /workspace/src/TargetRegistry.cpp:67:41
    #11 0x55ca9162bdcd in tsc::Compiler::initializeLLVM() /workspace/src/Compiler.cpp:349:14
    #12 0x55ca9162b8b7 in tsc::Compiler::Compiler(tsc::CompilerOptions const&) /workspace/src/Compiler.cpp:24:5
    #13 0x55ca915fd7b5 in main /workspace/src/main.cpp:191:18
    #14 0x7ff5c395a337  (/lib/x86_64-linux-gnu/libc.so.6+0x2a337) (BuildId: 467f544f15035abef911999cbc14489edd0555ab)
    #15 0x7ff5c395a3fa in __libc_start_main (/lib/x86_64-linux-gnu/libc.so.6+0x2a3fa) (BuildId: 467f544f15035abef911999cbc14489edd0555ab)
    #16 0x55ca91511b64 in _start (/workspace/build-asan/tsc+0x74b64) (BuildId: 73a10d7cc646a755f705b0ae57418e68578aec2f)

Indirect leak of 288 byte(s) in 6 object(s) allocated from:
    #0 0x55ca915fa191 in operator new(unsigned long) (/workspace/build-asan/tsc+0x15d191) (BuildId: 73a10d7cc646a755f705b0ae57418e68578aec2f)
    #1 0x7ff5c55781b6  (/usr/lib/llvm-20/lib/libLLVM.so.20.1+0x165c1b6) (BuildId: b856c61f98abf0989f157f153740fe0fadfbb760)
    #2 0x7ff5c557172f in llvm::TargetLoweringBase::initActions() (/usr/lib/llvm-20/lib/libLLVM.so.20.1+0x165572f) (BuildId: b856c61f98abf0989f157f153740fe0fadfbb760)
    #3 0x7ff5c557119a in llvm::TargetLoweringBase::TargetLoweringBase(llvm::TargetMachine const&) (/usr/lib/llvm-20/lib/libLLVM.so.20.1+0x165519a) (BuildId: b856c61f98abf0989f157f153740fe0fadfbb760)
    #4 0x7ff5c584e071 in llvm::TargetLowering::TargetLowering(llvm::TargetMachine const&) (/usr/lib/llvm-20/lib/libLLVM.so.20.1+0x1932071) (BuildId: b856c61f98abf0989f157f153740fe0fadfbb760)
    #5 0x7ff5c798099f  (/usr/lib/llvm-20/lib/libLLVM.so.20.1+0x3a6499f) (BuildId: b856c61f98abf0989f157f153740fe0fadfbb760)
    #6 0x7ff5c79c938a  (/usr/lib/llvm-20/lib/libLLVM.so.20.1+0x3aad38a) (BuildId: b856c61f98abf0989f157f153740fe0fadfbb760)
    #7 0x7ff5c79ce7f6  (/usr/lib/llvm-20/lib/libLLVM.so.20.1+0x3ab27f6) (BuildId: b856c61f98abf0989f157f153740fe0fadfbb760)
    #8 0x7ff5c79d081a  (/usr/lib/llvm-20/lib/libLLVM.so.20.1+0x3ab481a) (BuildId: b856c61f98abf0989f157f153740fe0fadfbb760)
    #9 0x55ca91648523 in llvm::Target::createTargetMachine(llvm::StringRef, llvm::StringRef, llvm::StringRef, llvm::TargetOptions const&, std::optional<llvm::Reloc::Model>, std::optional<llvm::CodeModel::Model>, llvm::CodeGenOptLevel, bool) const /usr/lib/llvm-20/include/llvm/MC/TargetRegistry.h:462:12
    #10 0x55ca9163a09e in tsc::TargetRegistry::initializeAllTargets() /workspace/src/TargetRegistry.cpp:67:41
    #11 0x55ca9162bdcd in tsc::Compiler::initializeLLVM() /workspace/src/Compiler.cpp:349:14
    #12 0x55ca9162b8b7 in tsc::Compiler::Compiler(tsc::CompilerOptions const&) /workspace/src/Compiler.cpp:24:5
    #13 0x55ca915fd7b5 in main /workspace/src/main.cpp:191:18
    #14 0x7ff5c395a337  (/lib/x86_64-linux-gnu/libc.so.6+0x2a337) (BuildId: 467f544f15035abef911999cbc14489edd0555ab)
    #15 0x7ff5c395a3fa in __libc_start_main (/lib/x86_64-linux-gnu/libc.so.6+0x2a3fa) (BuildId: 467f544f15035abef911999cbc14489edd0555ab)
    #16 0x55ca91511b64 in _start (/workspace/build-asan/tsc+0x74b64) (BuildId: 73a10d7cc646a755f705b0ae57418e68578aec2f)

Indirect leak of 288 byte(s) in 6 object(s) allocated from:
    #0 0x55ca915fa191 in operator new(unsigned long) (/workspace/build-asan/tsc+0x15d191) (BuildId: 73a10d7cc646a755f705b0ae57418e68578aec2f)
    #1 0x7ff5c55781b6  (/usr/lib/llvm-20/lib/libLLVM.so.20.1+0x165c1b6) (BuildId: b856c61f98abf0989f157f153740fe0fadfbb760)
    #2 0x7ff5c557172f in llvm::TargetLoweringBase::initActions() (/usr/lib/llvm-20/lib/libLLVM.so.20.1+0x165572f) (BuildId: b856c61f98abf0989f157f153740fe0fadfbb760)
    #3 0x7ff5c557119a in llvm::TargetLoweringBase::TargetLoweringBase(llvm::TargetMachine const&) (/usr/lib/llvm-20/lib/libLLVM.so.20.1+0x165519a) (BuildId: b856c61f98abf0989f157f153740fe0fadfbb760)
    #4 0x7ff5c584e071 in llvm::TargetLowering::TargetLowering(llvm::TargetMachine const&) (/usr/lib/llvm-20/lib/libLLVM.so.20.1+0x1932071) (BuildId: b856c61f98abf0989f157f153740fe0fadfbb760)
    #5 0x7ff5c7a487b5  (/usr/lib/llvm-20/lib/libLLVM.so.20.1+0x3b2c7b5) (BuildId: b856c61f98abf0989f157f153740fe0fadfbb760)
    #6 0x7ff5c7a51bca  (/usr/lib/llvm-20/lib/libLLVM.so.20.1+0x3b35bca) (BuildId: b856c61f98abf0989f157f153740fe0fadfbb760)
    #7 0x7ff5c7a51fc0  (/usr/lib/llvm-20/lib/libLLVM.so.20.1+0x3b35fc0) (BuildId: b856c61f98abf0989f157f153740fe0fadfbb760)
    #8 0x7ff5c7a525ca  (/usr/lib/llvm-20/lib/libLLVM.so.20.1+0x3b365ca) (BuildId: b856c61f98abf0989f157f153740fe0fadfbb760)
    #9 0x55ca91648523 in llvm::Target::createTargetMachine(llvm::StringRef, llvm::StringRef, llvm::StringRef, llvm::TargetOptions const&, std::optional<llvm::Reloc::Model>, std::optional<llvm::CodeModel::Model>, llvm::CodeGenOptLevel, bool) const /usr/lib/llvm-20/include/llvm/MC/TargetRegistry.h:462:12
    #10 0x55ca9163a09e in tsc::TargetRegistry::initializeAllTargets() /workspace/src/TargetRegistry.cpp:67:41
    #11 0x55ca9162bdcd in tsc::Compiler::initializeLLVM() /workspace/src/Compiler.cpp:349:14
    #12 0x55ca9162b8b7 in tsc::Compiler::Compiler(tsc::CompilerOptions const&) /workspace/src/Compiler.cpp:24:5
    #13 0x55ca915fd7b5 in main /workspace/src/main.cpp:191:18
    #14 0x7ff5c395a337  (/lib/x86_64-linux-gnu/libc.so.6+0x2a337) (BuildId: 467f544f15035abef911999cbc14489edd0555ab)
    #15 0x7ff5c395a3fa in __libc_start_main (/lib/x86_64-linux-gnu/libc.so.6+0x2a3fa) (BuildId: 467f544f15035abef911999cbc14489edd0555ab)
    #16 0x55ca91511b64 in _start (/workspace/build-asan/tsc+0x74b64) (BuildId: 73a10d7cc646a755f705b0ae57418e68578aec2f)

Indirect leak of 288 byte(s) in 3 object(s) allocated from:
    #0 0x55ca915b5858 in malloc (/workspace/build-asan/tsc+0x118858) (BuildId: 73a10d7cc646a755f705b0ae57418e68578aec2f)
    #1 0x7ff5c4ec87d6 in llvm::SmallVectorBase<unsigned int>::mallocForGrow(void*, unsigned long, unsigned long, unsigned long&) (/usr/lib/llvm-20/lib/libLLVM.so.20.1+0xfac7d6) (BuildId: b856c61f98abf0989f157f153740fe0fadfbb760)
    #2 0x7ff5c5a01f3c in llvm::SmallVectorTemplateBase<std::function<std::vector<std::pair<unsigned short, llvm::LegacyLegalizeActions::LegacyLegalizeAction>, std::allocator<std::pair<unsigned short, llvm::LegacyLegalizeActions::LegacyLegalizeAction>>> (std::vector<std::pair<unsigned short, llvm::LegacyLegalizeActions::LegacyLegalizeAction>, std::allocator<std::pair<unsigned short, llvm::LegacyLegalizeActions::LegacyLegalizeAction>>> const&)>, false>::grow(unsigned long) (/usr/lib/llvm-20/lib/libLLVM.so.20.1+0x1ae5f3c) (BuildId: b856c61f98abf0989f157f153740fe0fadfbb760)
    #3 0x7ff5c59ff333  (/usr/lib/llvm-20/lib/libLLVM.so.20.1+0x1ae3333) (BuildId: b856c61f98abf0989f157f153740fe0fadfbb760)
    #4 0x7ff5c59ff1eb in llvm::LegacyLegalizerInfo::LegacyLegalizerInfo() (/usr/lib/llvm-20/lib/libLLVM.so.20.1+0x1ae31eb) (BuildId: b856c61f98abf0989f157f153740fe0fadfbb760)
    #5 0x7ff5c7f58893  (/usr/lib/llvm-20/lib/libLLVM.so.20.1+0x403c893) (BuildId: b856c61f98abf0989f157f153740fe0fadfbb760)
    #6 0x7ff5c7f81ab1  (/usr/lib/llvm-20/lib/libLLVM.so.20.1+0x4065ab1) (BuildId: b856c61f98abf0989f157f153740fe0fadfbb760)
    #7 0x7ff5c7f83c8f  (/usr/lib/llvm-20/lib/libLLVM.so.20.1+0x4067c8f) (BuildId: b856c61f98abf0989f157f153740fe0fadfbb760)
    #8 0x7ff5c7f8526a  (/usr/lib/llvm-20/lib/libLLVM.so.20.1+0x406926a) (BuildId: b856c61f98abf0989f157f153740fe0fadfbb760)
    #9 0x55ca91648523 in llvm::Target::createTargetMachine(llvm::StringRef, llvm::StringRef, llvm::StringRef, llvm::TargetOptions const&, std::optional<llvm::Reloc::Model>, std::optional<llvm::CodeModel::Model>, llvm::CodeGenOptLevel, bool) const /usr/lib/llvm-20/include/llvm/MC/TargetRegistry.h:462:12
    #10 0x55ca9163a09e in tsc::TargetRegistry::initializeAllTargets() /workspace/src/TargetRegistry.cpp:67:41
    #11 0x55ca9162bdcd in tsc::Compiler::initializeLLVM() /workspace/src/Compiler.cpp:349:14
    #12 0x55ca9162b8b7 in tsc::Compiler::Compiler(tsc::CompilerOptions const&) /workspace/src/Compiler.cpp:24:5
    #13 0x55ca915fd7b5 in main /workspace/src/main.cpp:191:18
    #14 0x7ff5c395a337  (/lib/x86_64-linux-gnu/libc.so.6+0x2a337) (BuildId: 467f544f15035abef911999cbc14489edd0555ab)
    #15 0x7ff5c395a3fa in __libc_start_main (/lib/x86_64-linux-gnu/libc.so.6+0x2a3fa) (BuildId: 467f544f15035abef911999cbc14489edd0555ab)
    #16 0x55ca91511b64 in _start (/workspace/build-asan/tsc+0x74b64) (BuildId: 73a10d7cc646a755f705b0ae57418e68578aec2f)

Indirect leak of 288 byte(s) in 6 object(s) allocated from:
    #0 0x55ca915fa191 in operator new(unsigned long) (/workspace/build-asan/tsc+0x15d191) (BuildId: 73a10d7cc646a755f705b0ae57418e68578aec2f)
    #1 0x7ff5c55781b6  (/usr/lib/llvm-20/lib/libLLVM.so.20.1+0x165c1b6) (BuildId: b856c61f98abf0989f157f153740fe0fadfbb760)
    #2 0x7ff5c557172f in llvm::TargetLoweringBase::initActions() (/usr/lib/llvm-20/lib/libLLVM.so.20.1+0x165572f) (BuildId: b856c61f98abf0989f157f153740fe0fadfbb760)
    #3 0x7ff5c557119a in llvm::TargetLoweringBase::TargetLoweringBase(llvm::TargetMachine const&) (/usr/lib/llvm-20/lib/libLLVM.so.20.1+0x165519a) (BuildId: b856c61f98abf0989f157f153740fe0fadfbb760)
    #4 0x7ff5c584e071 in llvm::TargetLowering::TargetLowering(llvm::TargetMachine const&) (/usr/lib/llvm-20/lib/libLLVM.so.20.1+0x1932071) (BuildId: b856c61f98abf0989f157f153740fe0fadfbb760)
    #5 0x7ff5c7bb5bf5  (/usr/lib/llvm-20/lib/libLLVM.so.20.1+0x3c99bf5) (BuildId: b856c61f98abf0989f157f153740fe0fadfbb760)
    #6 0x7ff5c7bc131e  (/usr/lib/llvm-20/lib/libLLVM.so.20.1+0x3ca531e) (BuildId: b856c61f98abf0989f157f153740fe0fadfbb760)
    #7 0x7ff5c7bc1f46  (/usr/lib/llvm-20/lib/libLLVM.so.20.1+0x3ca5f46) (BuildId: b856c61f98abf0989f157f153740fe0fadfbb760)
    #8 0x7ff5c7bc234a  (/usr/lib/llvm-20/lib/libLLVM.so.20.1+0x3ca634a) (BuildId: b856c61f98abf0989f157f153740fe0fadfbb760)
    #9 0x55ca91648523 in llvm::Target::createTargetMachine(llvm::StringRef, llvm::StringRef, llvm::StringRef, llvm::TargetOptions const&, std::optional<llvm::Reloc::Model>, std::optional<llvm::CodeModel::Model>, llvm::CodeGenOptLevel, bool) const /usr/lib/llvm-20/include/llvm/MC/TargetRegistry.h:462:12
    #10 0x55ca9163a09e in tsc::TargetRegistry::initializeAllTargets() /workspace/src/TargetRegistry.cpp:67:41
    #11 0x55ca9162bdcd in tsc::Compiler::initializeLLVM() /workspace/src/Compiler.cpp:349:14
    #12 0x55ca9162b8b7 in tsc::Compiler::Compiler(tsc::CompilerOptions const&) /workspace/src/Compiler.cpp:24:5
    #13 0x55ca915fd7b5 in main /workspace/src/main.cpp:191:18
    #14 0x7ff5c395a337  (/lib/x86_64-linux-gnu/libc.so.6+0x2a337) (BuildId: 467f544f15035abef911999cbc14489edd0555ab)
    #15 0x7ff5c395a3fa in __libc_start_main (/lib/x86_64-linux-gnu/libc.so.6+0x2a3fa) (BuildId: 467f544f15035abef911999cbc14489edd0555ab)
    #16 0x55ca91511b64 in _start (/workspace/build-asan/tsc+0x74b64) (BuildId: 73a10d7cc646a755f705b0ae57418e68578aec2f)

Indirect leak of 240 byte(s) in 3 object(s) allocated from:
    #0 0x55ca915b5858 in malloc (/workspace/build-asan/tsc+0x118858) (BuildId: 73a10d7cc646a755f705b0ae57418e68578aec2f)
    #1 0x7ff5c4ec89b9 in llvm::SmallVectorBase<unsigned int>::grow_pod(void*, unsigned long, unsigned long) (/usr/lib/llvm-20/lib/libLLVM.so.20.1+0xfac9b9) (BuildId: b856c61f98abf0989f157f153740fe0fadfbb760)
    #2 0x7ff5c59b6bce  (/usr/lib/llvm-20/lib/libLLVM.so.20.1+0x1a9abce) (BuildId: b856c61f98abf0989f157f153740fe0fadfbb760)
    #3 0x7ff5c59b6dcb  (/usr/lib/llvm-20/lib/libLLVM.so.20.1+0x1a9adcb) (BuildId: b856c61f98abf0989f157f153740fe0fadfbb760)
    #4 0x7ff5c6f3b039  (/usr/lib/llvm-20/lib/libLLVM.so.20.1+0x301f039) (BuildId: b856c61f98abf0989f157f153740fe0fadfbb760)
    #5 0x7ff5c6f3af97  (/usr/lib/llvm-20/lib/libLLVM.so.20.1+0x301ef97) (BuildId: b856c61f98abf0989f157f153740fe0fadfbb760)
    #6 0x7ff5c6f3998b  (/usr/lib/llvm-20/lib/libLLVM.so.20.1+0x301d98b) (BuildId: b856c61f98abf0989f157f153740fe0fadfbb760)
    #7 0x7ff5c6f398a6  (/usr/lib/llvm-20/lib/libLLVM.so.20.1+0x301d8a6) (BuildId: b856c61f98abf0989f157f153740fe0fadfbb760)
    #8 0x7ff5c6f3aa71  (/usr/lib/llvm-20/lib/libLLVM.so.20.1+0x301ea71) (BuildId: b856c61f98abf0989f157f153740fe0fadfbb760)
    #9 0x7ff5c7f593c0  (/usr/lib/llvm-20/lib/libLLVM.so.20.1+0x403d3c0) (BuildId: b856c61f98abf0989f157f153740fe0fadfbb760)
    #10 0x7ff5c7f81ab1  (/usr/lib/llvm-20/lib/libLLVM.so.20.1+0x4065ab1) (BuildId: b856c61f98abf0989f157f153740fe0fadfbb760)
    #11 0x7ff5c7f83c8f  (/usr/lib/llvm-20/lib/libLLVM.so.20.1+0x4067c8f) (BuildId: b856c61f98abf0989f157f153740fe0fadfbb760)
    #12 0x7ff5c7f8526a  (/usr/lib/llvm-20/lib/libLLVM.so.20.1+0x406926a) (BuildId: b856c61f98abf0989f157f153740fe0fadfbb760)
    #13 0x55ca91648523 in llvm::Target::createTargetMachine(llvm::StringRef, llvm::StringRef, llvm::StringRef, llvm::TargetOptions const&, std::optional<llvm::Reloc::Model>, std::optional<llvm::CodeModel::Model>, llvm::CodeGenOptLevel, bool) const /usr/lib/llvm-20/include/llvm/MC/TargetRegistry.h:462:12
    #14 0x55ca9163a09e in tsc::TargetRegistry::initializeAllTargets() /workspace/src/TargetRegistry.cpp:67:41
    #15 0x55ca9162bdcd in tsc::Compiler::initializeLLVM() /workspace/src/Compiler.cpp:349:14
    #16 0x55ca9162b8b7 in tsc::Compiler::Compiler(tsc::CompilerOptions const&) /workspace/src/Compiler.cpp:24:5
    #17 0x55ca915fd7b5 in main /workspace/src/main.cpp:191:18
    #18 0x7ff5c395a337  (/lib/x86_64-linux-gnu/libc.so.6+0x2a337) (BuildId: 467f544f15035abef911999cbc14489edd0555ab)
    #19 0x7ff5c395a3fa in __libc_start_main (/lib/x86_64-linux-gnu/libc.so.6+0x2a3fa) (BuildId: 467f544f15035abef911999cbc14489edd0555ab)
    #20 0x55ca91511b64 in _start (/workspace/build-asan/tsc+0x74b64) (BuildId: 73a10d7cc646a755f705b0ae57418e68578aec2f)

Indirect leak of 240 byte(s) in 3 object(s) allocated from:
    #0 0x55ca915b5858 in malloc (/workspace/build-asan/tsc+0x118858) (BuildId: 73a10d7cc646a755f705b0ae57418e68578aec2f)
    #1 0x7ff5c4ec89b9 in llvm::SmallVectorBase<unsigned int>::grow_pod(void*, unsigned long, unsigned long) (/usr/lib/llvm-20/lib/libLLVM.so.20.1+0xfac9b9) (BuildId: b856c61f98abf0989f157f153740fe0fadfbb760)
    #2 0x7ff5c59b6bce  (/usr/lib/llvm-20/lib/libLLVM.so.20.1+0x1a9abce) (BuildId: b856c61f98abf0989f157f153740fe0fadfbb760)
    #3 0x7ff5c59b6dcb  (/usr/lib/llvm-20/lib/libLLVM.so.20.1+0x1a9adcb) (BuildId: b856c61f98abf0989f157f153740fe0fadfbb760)
    #4 0x7ff5c6f3b008  (/usr/lib/llvm-20/lib/libLLVM.so.20.1+0x301f008) (BuildId: b856c61f98abf0989f157f153740fe0fadfbb760)
    #5 0x7ff5c6f3af97  (/usr/lib/llvm-20/lib/libLLVM.so.20.1+0x301ef97) (BuildId: b856c61f98abf0989f157f153740fe0fadfbb760)
    #6 0x7ff5c6f3998b  (/usr/lib/llvm-20/lib/libLLVM.so.20.1+0x301d98b) (BuildId: b856c61f98abf0989f157f153740fe0fadfbb760)
    #7 0x7ff5c6f398a6  (/usr/lib/llvm-20/lib/libLLVM.so.20.1+0x301d8a6) (BuildId: b856c61f98abf0989f157f153740fe0fadfbb760)
    #8 0x7ff5c6f3aa71  (/usr/lib/llvm-20/lib/libLLVM.so.20.1+0x301ea71) (BuildId: b856c61f98abf0989f157f153740fe0fadfbb760)
    #9 0x7ff5c7f59b53  (/usr/lib/llvm-20/lib/libLLVM.so.20.1+0x403db53) (BuildId: b856c61f98abf0989f157f153740fe0fadfbb760)
    #10 0x7ff5c7f81ab1  (/usr/lib/llvm-20/lib/libLLVM.so.20.1+0x4065ab1) (BuildId: b856c61f98abf0989f157f153740fe0fadfbb760)
    #11 0x7ff5c7f83c8f  (/usr/lib/llvm-20/lib/libLLVM.so.20.1+0x4067c8f) (BuildId: b856c61f98abf0989f157f153740fe0fadfbb760)
    #12 0x7ff5c7f8526a  (/usr/lib/llvm-20/lib/libLLVM.so.20.1+0x406926a) (BuildId: b856c61f98abf0989f157f153740fe0fadfbb760)
    #13 0x55ca91648523 in llvm::Target::createTargetMachine(llvm::StringRef, llvm::StringRef, llvm::StringRef, llvm::TargetOptions const&, std::optional<llvm::Reloc::Model>, std::optional<llvm::CodeModel::Model>, llvm::CodeGenOptLevel, bool) const /usr/lib/llvm-20/include/llvm/MC/TargetRegistry.h:462:12
    #14 0x55ca9163a09e in tsc::TargetRegistry::initializeAllTargets() /workspace/src/TargetRegistry.cpp:67:41
    #15 0x55ca9162bdcd in tsc::Compiler::initializeLLVM() /workspace/src/Compiler.cpp:349:14
    #16 0x55ca9162b8b7 in tsc::Compiler::Compiler(tsc::CompilerOptions const&) /workspace/src/Compiler.cpp:24:5
    #17 0x55ca915fd7b5 in main /workspace/src/main.cpp:191:18
    #18 0x7ff5c395a337  (/lib/x86_64-linux-gnu/libc.so.6+0x2a337) (BuildId: 467f544f15035abef911999cbc14489edd0555ab)
    #19 0x7ff5c395a3fa in __libc_start_main (/lib/x86_64-linux-gnu/libc.so.6+0x2a3fa) (BuildId: 467f544f15035abef911999cbc14489edd0555ab)
    #20 0x55ca91511b64 in _start (/workspace/build-asan/tsc+0x74b64) (BuildId: 73a10d7cc646a755f705b0ae57418e68578aec2f)

Indirect leak of 240 byte(s) in 3 object(s) allocated from:
    #0 0x55ca915b5858 in malloc (/workspace/build-asan/tsc+0x118858) (BuildId: 73a10d7cc646a755f705b0ae57418e68578aec2f)
    #1 0x7ff5c4ec89b9 in llvm::SmallVectorBase<unsigned int>::grow_pod(void*, unsigned long, unsigned long) (/usr/lib/llvm-20/lib/libLLVM.so.20.1+0xfac9b9) (BuildId: b856c61f98abf0989f157f153740fe0fadfbb760)
    #2 0x7ff5c59b6bce  (/usr/lib/llvm-20/lib/libLLVM.so.20.1+0x1a9abce) (BuildId: b856c61f98abf0989f157f153740fe0fadfbb760)
    #3 0x7ff5c59b6dcb  (/usr/lib/llvm-20/lib/libLLVM.so.20.1+0x1a9adcb) (BuildId: b856c61f98abf0989f157f153740fe0fadfbb760)
    #4 0x7ff5c6f3b008  (/usr/lib/llvm-20/lib/libLLVM.so.20.1+0x301f008) (BuildId: b856c61f98abf0989f157f153740fe0fadfbb760)
    #5 0x7ff5c6f3af97  (/usr/lib/llvm-20/lib/libLLVM.so.20.1+0x301ef97) (BuildId: b856c61f98abf0989f157f153740fe0fadfbb760)
    #6 0x7ff5c6f3998b  (/usr/lib/llvm-20/lib/libLLVM.so.20.1+0x301d98b) (BuildId: b856c61f98abf0989f157f153740fe0fadfbb760)
    #7 0x7ff5c6f398a6  (/usr/lib/llvm-20/lib/libLLVM.so.20.1+0x301d8a6) (BuildId: b856c61f98abf0989f157f153740fe0fadfbb760)
    #8 0x7ff5c7f5931d  (/usr/lib/llvm-20/lib/libLLVM.so.20.1+0x403d31d) (BuildId: b856c61f98abf0989f157f153740fe0fadfbb760)
    #9 0x7ff5c7f81ab1  (/usr/lib/llvm-20/lib/libLLVM.so.20.1+0x4065ab1) (BuildId: b856c61f98abf0989f157f153740fe0fadfbb760)
    #10 0x7ff5c7f83c8f  (/usr/lib/llvm-20/lib/libLLVM.so.20.1+0x4067c8f) (BuildId: b856c61f98abf0989f157f153740fe0fadfbb760)
    #11 0x7ff5c7f8526a  (/usr/lib/llvm-20/lib/libLLVM.so.20.1+0x406926a) (BuildId: b856c61f98abf0989f157f153740fe0fadfbb760)
    #12 0x55ca91648523 in llvm::Target::createTargetMachine(llvm::StringRef, llvm::StringRef, llvm::StringRef, llvm::TargetOptions const&, std::optional<llvm::Reloc::Model>, std::optional<llvm::CodeModel::Model>, llvm::CodeGenOptLevel, bool) const /usr/lib/llvm-20/include/llvm/MC/TargetRegistry.h:462:12
    #13 0x55ca9163a09e in tsc::TargetRegistry::initializeAllTargets() /workspace/src/TargetRegistry.cpp:67:41
    #14 0x55ca9162bdcd in tsc::Compiler::initializeLLVM() /workspace/src/Compiler.cpp:349:14
    #15 0x55ca9162b8b7 in tsc::Compiler::Compiler(tsc::CompilerOptions const&) /workspace/src/Compiler.cpp:24:5
    #16 0x55ca915fd7b5 in main /workspace/src/main.cpp:191:18
    #17 0x7ff5c395a337  (/lib/x86_64-linux-gnu/libc.so.6+0x2a337) (BuildId: 467f544f15035abef911999cbc14489edd0555ab)
    #18 0x7ff5c395a3fa in __libc_start_main (/lib/x86_64-linux-gnu/libc.so.6+0x2a3fa) (BuildId: 467f544f15035abef911999cbc14489edd0555ab)
    #19 0x55ca91511b64 in _start (/workspace/build-asan/tsc+0x74b64) (BuildId: 73a10d7cc646a755f705b0ae57418e68578aec2f)

Indirect leak of 240 byte(s) in 3 object(s) allocated from:
    #0 0x55ca915b5858 in malloc (/workspace/build-asan/tsc+0x118858) (BuildId: 73a10d7cc646a755f705b0ae57418e68578aec2f)
    #1 0x7ff5c4ec89b9 in llvm::SmallVectorBase<unsigned int>::grow_pod(void*, unsigned long, unsigned long) (/usr/lib/llvm-20/lib/libLLVM.so.20.1+0xfac9b9) (BuildId: b856c61f98abf0989f157f153740fe0fadfbb760)
    #2 0x7ff5c59b6bce  (/usr/lib/llvm-20/lib/libLLVM.so.20.1+0x1a9abce) (BuildId: b856c61f98abf0989f157f153740fe0fadfbb760)
    #3 0x7ff5c59b6dcb  (/usr/lib/llvm-20/lib/libLLVM.so.20.1+0x1a9adcb) (BuildId: b856c61f98abf0989f157f153740fe0fadfbb760)
    #4 0x7ff5c6f3b008  (/usr/lib/llvm-20/lib/libLLVM.so.20.1+0x301f008) (BuildId: b856c61f98abf0989f157f153740fe0fadfbb760)
    #5 0x7ff5c6f3af97  (/usr/lib/llvm-20/lib/libLLVM.so.20.1+0x301ef97) (BuildId: b856c61f98abf0989f157f153740fe0fadfbb760)
    #6 0x7ff5c6f3998b  (/usr/lib/llvm-20/lib/libLLVM.so.20.1+0x301d98b) (BuildId: b856c61f98abf0989f157f153740fe0fadfbb760)
    #7 0x7ff5c6f398a6  (/usr/lib/llvm-20/lib/libLLVM.so.20.1+0x301d8a6) (BuildId: b856c61f98abf0989f157f153740fe0fadfbb760)
    #8 0x7ff5c7f59ed6  (/usr/lib/llvm-20/lib/libLLVM.so.20.1+0x403ded6) (BuildId: b856c61f98abf0989f157f153740fe0fadfbb760)
    #9 0x7ff5c7f81ab1  (/usr/lib/llvm-20/lib/libLLVM.so.20.1+0x4065ab1) (BuildId: b856c61f98abf0989f157f153740fe0fadfbb760)
    #10 0x7ff5c7f83c8f  (/usr/lib/llvm-20/lib/libLLVM.so.20.1+0x4067c8f) (BuildId: b856c61f98abf0989f157f153740fe0fadfbb760)
    #11 0x7ff5c7f8526a  (/usr/lib/llvm-20/lib/libLLVM.so.20.1+0x406926a) (BuildId: b856c61f98abf0989f157f153740fe0fadfbb760)
    #12 0x55ca91648523 in llvm::Target::createTargetMachine(llvm::StringRef, llvm::StringRef, llvm::StringRef, llvm::TargetOptions const&, std::optional<llvm::Reloc::Model>, std::optional<llvm::CodeModel::Model>, llvm::CodeGenOptLevel, bool) const /usr/lib/llvm-20/include/llvm/MC/TargetRegistry.h:462:12
    #13 0x55ca9163a09e in tsc::TargetRegistry::initializeAllTargets() /workspace/src/TargetRegistry.cpp:67:41
    #14 0x55ca9162bdcd in tsc::Compiler::initializeLLVM() /workspace/src/Compiler.cpp:349:14
    #15 0x55ca9162b8b7 in tsc::Compiler::Compiler(tsc::CompilerOptions const&) /workspace/src/Compiler.cpp:24:5
    #16 0x55ca915fd7b5 in main /workspace/src/main.cpp:191:18
    #17 0x7ff5c395a337  (/lib/x86_64-linux-gnu/libc.so.6+0x2a337) (BuildId: 467f544f15035abef911999cbc14489edd0555ab)
    #18 0x7ff5c395a3fa in __libc_start_main (/lib/x86_64-linux-gnu/libc.so.6+0x2a3fa) (BuildId: 467f544f15035abef911999cbc14489edd0555ab)
    #19 0x55ca91511b64 in _start (/workspace/build-asan/tsc+0x74b64) (BuildId: 73a10d7cc646a755f705b0ae57418e68578aec2f)

Indirect leak of 240 byte(s) in 3 object(s) allocated from:
    #0 0x55ca915b5858 in malloc (/workspace/build-asan/tsc+0x118858) (BuildId: 73a10d7cc646a755f705b0ae57418e68578aec2f)
    #1 0x7ff5c4ec89b9 in llvm::SmallVectorBase<unsigned int>::grow_pod(void*, unsigned long, unsigned long) (/usr/lib/llvm-20/lib/libLLVM.so.20.1+0xfac9b9) (BuildId: b856c61f98abf0989f157f153740fe0fadfbb760)
    #2 0x7ff5c59b6bce  (/usr/lib/llvm-20/lib/libLLVM.so.20.1+0x1a9abce) (BuildId: b856c61f98abf0989f157f153740fe0fadfbb760)
    #3 0x7ff5c59b6dcb  (/usr/lib/llvm-20/lib/libLLVM.so.20.1+0x1a9adcb) (BuildId: b856c61f98abf0989f157f153740fe0fadfbb760)
    #4 0x7ff5c6f3b008  (/usr/lib/llvm-20/lib/libLLVM.so.20.1+0x301f008) (BuildId: b856c61f98abf0989f157f153740fe0fadfbb760)
    #5 0x7ff5c6f3af97  (/usr/lib/llvm-20/lib/libLLVM.so.20.1+0x301ef97) (BuildId: b856c61f98abf0989f157f153740fe0fadfbb760)
    #6 0x7ff5c6f3998b  (/usr/lib/llvm-20/lib/libLLVM.so.20.1+0x301d98b) (BuildId: b856c61f98abf0989f157f153740fe0fadfbb760)
    #7 0x7ff5c6f398a6  (/usr/lib/llvm-20/lib/libLLVM.so.20.1+0x301d8a6) (BuildId: b856c61f98abf0989f157f153740fe0fadfbb760)
    #8 0x7ff5c6f3aa71  (/usr/lib/llvm-20/lib/libLLVM.so.20.1+0x301ea71) (BuildId: b856c61f98abf0989f157f153740fe0fadfbb760)
    #9 0x7ff5c7f59e1e  (/usr/lib/llvm-20/lib/libLLVM.so.20.1+0x403de1e) (BuildId: b856c61f98abf0989f157f153740fe0fadfbb760)
    #10 0x7ff5c7f81ab1  (/usr/lib/llvm-20/lib/libLLVM.so.20.1+0x4065ab1) (BuildId: b856c61f98abf0989f157f153740fe0fadfbb760)
    #11 0x7ff5c7f83c8f  (/usr/lib/llvm-20/lib/libLLVM.so.20.1+0x4067c8f) (BuildId: b856c61f98abf0989f157f153740fe0fadfbb760)
    #12 0x7ff5c7f8526a  (/usr/lib/llvm-20/lib/libLLVM.so.20.1+0x406926a) (BuildId: b856c61f98abf0989f157f153740fe0fadfbb760)
    #13 0x55ca91648523 in llvm::Target::createTargetMachine(llvm::StringRef, llvm::StringRef, llvm::StringRef, llvm::TargetOptions const&, std::optional<llvm::Reloc::Model>, std::optional<llvm::CodeModel::Model>, llvm::CodeGenOptLevel, bool) const /usr/lib/llvm-20/include/llvm/MC/TargetRegistry.h:462:12
    #14 0x55ca9163a09e in tsc::TargetRegistry::initializeAllTargets() /workspace/src/TargetRegistry.cpp:67:41
    #15 0x55ca9162bdcd in tsc::Compiler::initializeLLVM() /workspace/src/Compiler.cpp:349:14
    #16 0x55ca9162b8b7 in tsc::Compiler::Compiler(tsc::CompilerOptions const&) /workspace/src/Compiler.cpp:24:5
    #17 0x55ca915fd7b5 in main /workspace/src/main.cpp:191:18
    #18 0x7ff5c395a337  (/lib/x86_64-linux-gnu/libc.so.6+0x2a337) (BuildId: 467f544f15035abef911999cbc14489edd0555ab)
    #19 0x7ff5c395a3fa in __libc_start_main (/lib/x86_64-linux-gnu/libc.so.6+0x2a3fa) (BuildId: 467f544f15035abef911999cbc14489edd0555ab)
    #20 0x55ca91511b64 in _start (/workspace/build-asan/tsc+0x74b64) (BuildId: 73a10d7cc646a755f705b0ae57418e68578aec2f)

Indirect leak of 240 byte(s) in 3 object(s) allocated from:
    #0 0x55ca915b5858 in malloc (/workspace/build-asan/tsc+0x118858) (BuildId: 73a10d7cc646a755f705b0ae57418e68578aec2f)
    #1 0x7ff5c4ec89b9 in llvm::SmallVectorBase<unsigned int>::grow_pod(void*, unsigned long, unsigned long) (/usr/lib/llvm-20/lib/libLLVM.so.20.1+0xfac9b9) (BuildId: b856c61f98abf0989f157f153740fe0fadfbb760)
    #2 0x7ff5c59b6bce  (/usr/lib/llvm-20/lib/libLLVM.so.20.1+0x1a9abce) (BuildId: b856c61f98abf0989f157f153740fe0fadfbb760)
    #3 0x7ff5c59b6dcb  (/usr/lib/llvm-20/lib/libLLVM.so.20.1+0x1a9adcb) (BuildId: b856c61f98abf0989f157f153740fe0fadfbb760)
    #4 0x7ff5c6f3b039  (/usr/lib/llvm-20/lib/libLLVM.so.20.1+0x301f039) (BuildId: b856c61f98abf0989f157f153740fe0fadfbb760)
    #5 0x7ff5c6f3af97  (/usr/lib/llvm-20/lib/libLLVM.so.20.1+0x301ef97) (BuildId: b856c61f98abf0989f157f153740fe0fadfbb760)
    #6 0x7ff5c6f3998b  (/usr/lib/llvm-20/lib/libLLVM.so.20.1+0x301d98b) (BuildId: b856c61f98abf0989f157f153740fe0fadfbb760)
    #7 0x7ff5c6f398a6  (/usr/lib/llvm-20/lib/libLLVM.so.20.1+0x301d8a6) (BuildId: b856c61f98abf0989f157f153740fe0fadfbb760)
    #8 0x7ff5c6f3aa71  (/usr/lib/llvm-20/lib/libLLVM.so.20.1+0x301ea71) (BuildId: b856c61f98abf0989f157f153740fe0fadfbb760)
    #9 0x7ff5c7f59cc3  (/usr/lib/llvm-20/lib/libLLVM.so.20.1+0x403dcc3) (BuildId: b856c61f98abf0989f157f153740fe0fadfbb760)
    #10 0x7ff5c7f81ab1  (/usr/lib/llvm-20/lib/libLLVM.so.20.1+0x4065ab1) (BuildId: b856c61f98abf0989f157f153740fe0fadfbb760)
    #11 0x7ff5c7f83c8f  (/usr/lib/llvm-20/lib/libLLVM.so.20.1+0x4067c8f) (BuildId: b856c61f98abf0989f157f153740fe0fadfbb760)
    #12 0x7ff5c7f8526a  (/usr/lib/llvm-20/lib/libLLVM.so.20.1+0x406926a) (BuildId: b856c61f98abf0989f157f153740fe0fadfbb760)
    #13 0x55ca91648523 in llvm::Target::createTargetMachine(llvm::StringRef, llvm::StringRef, llvm::StringRef, llvm::TargetOptions const&, std::optional<llvm::Reloc::Model>, std::optional<llvm::CodeModel::Model>, llvm::CodeGenOptLevel, bool) const /usr/lib/llvm-20/include/llvm/MC/TargetRegistry.h:462:12
    #14 0x55ca9163a09e in tsc::TargetRegistry::initializeAllTargets() /workspace/src/TargetRegistry.cpp:67:41
    #15 0x55ca9162bdcd in tsc::Compiler::initializeLLVM() /workspace/src/Compiler.cpp:349:14
    #16 0x55ca9162b8b7 in tsc::Compiler::Compiler(tsc::CompilerOptions const&) /workspace/src/Compiler.cpp:24:5
    #17 0x55ca915fd7b5 in main /workspace/src/main.cpp:191:18
    #18 0x7ff5c395a337  (/lib/x86_64-linux-gnu/libc.so.6+0x2a337) (BuildId: 467f544f15035abef911999cbc14489edd0555ab)
    #19 0x7ff5c395a3fa in __libc_start_main (/lib/x86_64-linux-gnu/libc.so.6+0x2a3fa) (BuildId: 467f544f15035abef911999cbc14489edd0555ab)
    #20 0x55ca91511b64 in _start (/workspace/build-asan/tsc+0x74b64) (BuildId: 73a10d7cc646a755f705b0ae57418e68578aec2f)

Indirect leak of 240 byte(s) in 3 object(s) allocated from:
    #0 0x55ca915b5858 in malloc (/workspace/build-asan/tsc+0x118858) (BuildId: 73a10d7cc646a755f705b0ae57418e68578aec2f)
    #1 0x7ff5c4ec89b9 in llvm::SmallVectorBase<unsigned int>::grow_pod(void*, unsigned long, unsigned long) (/usr/lib/llvm-20/lib/libLLVM.so.20.1+0xfac9b9) (BuildId: b856c61f98abf0989f157f153740fe0fadfbb760)
    #2 0x7ff5c59b6bce  (/usr/lib/llvm-20/lib/libLLVM.so.20.1+0x1a9abce) (BuildId: b856c61f98abf0989f157f153740fe0fadfbb760)
    #3 0x7ff5c59b6dcb  (/usr/lib/llvm-20/lib/libLLVM.so.20.1+0x1a9adcb) (BuildId: b856c61f98abf0989f157f153740fe0fadfbb760)
    #4 0x7ff5c6f3b039  (/usr/lib/llvm-20/lib/libLLVM.so.20.1+0x301f039) (BuildId: b856c61f98abf0989f157f153740fe0fadfbb760)
    #5 0x7ff5c6f3af97  (/usr/lib/llvm-20/lib/libLLVM.so.20.1+0x301ef97) (BuildId: b856c61f98abf0989f157f153740fe0fadfbb760)
    #6 0x7ff5c6f3998b  (/usr/lib/llvm-20/lib/libLLVM.so.20.1+0x301d98b) (BuildId: b856c61f98abf0989f157f153740fe0fadfbb760)
    #7 0x7ff5c6f398a6  (/usr/lib/llvm-20/lib/libLLVM.so.20.1+0x301d8a6) (BuildId: b856c61f98abf0989f157f153740fe0fadfbb760)
    #8 0x7ff5c6f3aa71  (/usr/lib/llvm-20/lib/libLLVM.so.20.1+0x301ea71) (BuildId: b856c61f98abf0989f157f153740fe0fadfbb760)
    #9 0x7ff5c7f5a1f5  (/usr/lib/llvm-20/lib/libLLVM.so.20.1+0x403e1f5) (BuildId: b856c61f98abf0989f157f153740fe0fadfbb760)
    #10 0x7ff5c7f81ab1  (/usr/lib/llvm-20/lib/libLLVM.so.20.1+0x4065ab1) (BuildId: b856c61f98abf0989f157f153740fe0fadfbb760)
    #11 0x7ff5c7f83c8f  (/usr/lib/llvm-20/lib/libLLVM.so.20.1+0x4067c8f) (BuildId: b856c61f98abf0989f157f153740fe0fadfbb760)
    #12 0x7ff5c7f8526a  (/usr/lib/llvm-20/lib/libLLVM.so.20.1+0x406926a) (BuildId: b856c61f98abf0989f157f153740fe0fadfbb760)
    #13 0x55ca91648523 in llvm::Target::createTargetMachine(llvm::StringRef, llvm::StringRef, llvm::StringRef, llvm::TargetOptions const&, std::optional<llvm::Reloc::Model>, std::optional<llvm::CodeModel::Model>, llvm::CodeGenOptLevel, bool) const /usr/lib/llvm-20/include/llvm/MC/TargetRegistry.h:462:12
    #14 0x55ca9163a09e in tsc::TargetRegistry::initializeAllTargets() /workspace/src/TargetRegistry.cpp:67:41
    #15 0x55ca9162bdcd in tsc::Compiler::initializeLLVM() /workspace/src/Compiler.cpp:349:14
    #16 0x55ca9162b8b7 in tsc::Compiler::Compiler(tsc::CompilerOptions const&) /workspace/src/Compiler.cpp:24:5
    #17 0x55ca915fd7b5 in main /workspace/src/main.cpp:191:18
    #18 0x7ff5c395a337  (/lib/x86_64-linux-gnu/libc.so.6+0x2a337) (BuildId: 467f544f15035abef911999cbc14489edd0555ab)
    #19 0x7ff5c395a3fa in __libc_start_main (/lib/x86_64-linux-gnu/libc.so.6+0x2a3fa) (BuildId: 467f544f15035abef911999cbc14489edd0555ab)
    #20 0x55ca91511b64 in _start (/workspace/build-asan/tsc+0x74b64) (BuildId: 73a10d7cc646a755f705b0ae57418e68578aec2f)

Indirect leak of 240 byte(s) in 3 object(s) allocated from:
    #0 0x55ca915b5858 in malloc (/workspace/build-asan/tsc+0x118858) (BuildId: 73a10d7cc646a755f705b0ae57418e68578aec2f)
    #1 0x7ff5c4ec89b9 in llvm::SmallVectorBase<unsigned int>::grow_pod(void*, unsigned long, unsigned long) (/usr/lib/llvm-20/lib/libLLVM.so.20.1+0xfac9b9) (BuildId: b856c61f98abf0989f157f153740fe0fadfbb760)
    #2 0x7ff5c59b6bce  (/usr/lib/llvm-20/lib/libLLVM.so.20.1+0x1a9abce) (BuildId: b856c61f98abf0989f157f153740fe0fadfbb760)
    #3 0x7ff5c59b6dcb  (/usr/lib/llvm-20/lib/libLLVM.so.20.1+0x1a9adcb) (BuildId: b856c61f98abf0989f157f153740fe0fadfbb760)
    #4 0x7ff5c6f3b008  (/usr/lib/llvm-20/lib/libLLVM.so.20.1+0x301f008) (BuildId: b856c61f98abf0989f157f153740fe0fadfbb760)
    #5 0x7ff5c6f3af97  (/usr/lib/llvm-20/lib/libLLVM.so.20.1+0x301ef97) (BuildId: b856c61f98abf0989f157f153740fe0fadfbb760)
    #6 0x7ff5c6f3998b  (/usr/lib/llvm-20/lib/libLLVM.so.20.1+0x301d98b) (BuildId: b856c61f98abf0989f157f153740fe0fadfbb760)
    #7 0x7ff5c6f398a6  (/usr/lib/llvm-20/lib/libLLVM.so.20.1+0x301d8a6) (BuildId: b856c61f98abf0989f157f153740fe0fadfbb760)
    #8 0x7ff5c7f591f1  (/usr/lib/llvm-20/lib/libLLVM.so.20.1+0x403d1f1) (BuildId: b856c61f98abf0989f157f153740fe0fadfbb760)
    #9 0x7ff5c7f81ab1  (/usr/lib/llvm-20/lib/libLLVM.so.20.1+0x4065ab1) (BuildId: b856c61f98abf0989f157f153740fe0fadfbb760)
    #10 0x7ff5c7f83c8f  (/usr/lib/llvm-20/lib/libLLVM.so.20.1+0x4067c8f) (BuildId: b856c61f98abf0989f157f153740fe0fadfbb760)
    #11 0x7ff5c7f8526a  (/usr/lib/llvm-20/lib/libLLVM.so.20.1+0x406926a) (BuildId: b856c61f98abf0989f157f153740fe0fadfbb760)
    #12 0x55ca91648523 in llvm::Target::createTargetMachine(llvm::StringRef, llvm::StringRef, llvm::StringRef, llvm::TargetOptions const&, std::optional<llvm::Reloc::Model>, std::optional<llvm::CodeModel::Model>, llvm::CodeGenOptLevel, bool) const /usr/lib/llvm-20/include/llvm/MC/TargetRegistry.h:462:12
    #13 0x55ca9163a09e in tsc::TargetRegistry::initializeAllTargets() /workspace/src/TargetRegistry.cpp:67:41
    #14 0x55ca9162bdcd in tsc::Compiler::initializeLLVM() /workspace/src/Compiler.cpp:349:14
    #15 0x55ca9162b8b7 in tsc::Compiler::Compiler(tsc::CompilerOptions const&) /workspace/src/Compiler.cpp:24:5
    #16 0x55ca915fd7b5 in main /workspace/src/main.cpp:191:18
    #17 0x7ff5c395a337  (/lib/x86_64-linux-gnu/libc.so.6+0x2a337) (BuildId: 467f544f15035abef911999cbc14489edd0555ab)
    #18 0x7ff5c395a3fa in __libc_start_main (/lib/x86_64-linux-gnu/libc.so.6+0x2a3fa) (BuildId: 467f544f15035abef911999cbc14489edd0555ab)
    #19 0x55ca91511b64 in _start (/workspace/build-asan/tsc+0x74b64) (BuildId: 73a10d7cc646a755f705b0ae57418e68578aec2f)

Indirect leak of 240 byte(s) in 3 object(s) allocated from:
    #0 0x55ca915b5858 in malloc (/workspace/build-asan/tsc+0x118858) (BuildId: 73a10d7cc646a755f705b0ae57418e68578aec2f)
    #1 0x7ff5c4ec89b9 in llvm::SmallVectorBase<unsigned int>::grow_pod(void*, unsigned long, unsigned long) (/usr/lib/llvm-20/lib/libLLVM.so.20.1+0xfac9b9) (BuildId: b856c61f98abf0989f157f153740fe0fadfbb760)
    #2 0x7ff5c59b6bce  (/usr/lib/llvm-20/lib/libLLVM.so.20.1+0x1a9abce) (BuildId: b856c61f98abf0989f157f153740fe0fadfbb760)
    #3 0x7ff5c59b6dcb  (/usr/lib/llvm-20/lib/libLLVM.so.20.1+0x1a9adcb) (BuildId: b856c61f98abf0989f157f153740fe0fadfbb760)
    #4 0x7ff5c6f3b039  (/usr/lib/llvm-20/lib/libLLVM.so.20.1+0x301f039) (BuildId: b856c61f98abf0989f157f153740fe0fadfbb760)
    #5 0x7ff5c6f3af97  (/usr/lib/llvm-20/lib/libLLVM.so.20.1+0x301ef97) (BuildId: b856c61f98abf0989f157f153740fe0fadfbb760)
    #6 0x7ff5c6f3998b  (/usr/lib/llvm-20/lib/libLLVM.so.20.1+0x301d98b) (BuildId: b856c61f98abf0989f157f153740fe0fadfbb760)
    #7 0x7ff5c6f398a6  (/usr/lib/llvm-20/lib/libLLVM.so.20.1+0x301d8a6) (BuildId: b856c61f98abf0989f157f153740fe0fadfbb760)
    #8 0x7ff5c6f3aa71  (/usr/lib/llvm-20/lib/libLLVM.so.20.1+0x301ea71) (BuildId: b856c61f98abf0989f157f153740fe0fadfbb760)
    #9 0x7ff5c7f5a262  (/usr/lib/llvm-20/lib/libLLVM.so.20.1+0x403e262) (BuildId: b856c61f98abf0989f157f153740fe0fadfbb760)
    #10 0x7ff5c7f81ab1  (/usr/lib/llvm-20/lib/libLLVM.so.20.1+0x4065ab1) (BuildId: b856c61f98abf0989f157f153740fe0fadfbb760)
    #11 0x7ff5c7f83c8f  (/usr/lib/llvm-20/lib/libLLVM.so.20.1+0x4067c8f) (BuildId: b856c61f98abf0989f157f153740fe0fadfbb760)
    #12 0x7ff5c7f8526a  (/usr/lib/llvm-20/lib/libLLVM.so.20.1+0x406926a) (BuildId: b856c61f98abf0989f157f153740fe0fadfbb760)
    #13 0x55ca91648523 in llvm::Target::createTargetMachine(llvm::StringRef, llvm::StringRef, llvm::StringRef, llvm::TargetOptions const&, std::optional<llvm::Reloc::Model>, std::optional<llvm::CodeModel::Model>, llvm::CodeGenOptLevel, bool) const /usr/lib/llvm-20/include/llvm/MC/TargetRegistry.h:462:12
    #14 0x55ca9163a09e in tsc::TargetRegistry::initializeAllTargets() /workspace/src/TargetRegistry.cpp:67:41
    #15 0x55ca9162bdcd in tsc::Compiler::initializeLLVM() /workspace/src/Compiler.cpp:349:14
    #16 0x55ca9162b8b7 in tsc::Compiler::Compiler(tsc::CompilerOptions const&) /workspace/src/Compiler.cpp:24:5
    #17 0x55ca915fd7b5 in main /workspace/src/main.cpp:191:18
    #18 0x7ff5c395a337  (/lib/x86_64-linux-gnu/libc.so.6+0x2a337) (BuildId: 467f544f15035abef911999cbc14489edd0555ab)
    #19 0x7ff5c395a3fa in __libc_start_main (/lib/x86_64-linux-gnu/libc.so.6+0x2a3fa) (BuildId: 467f544f15035abef911999cbc14489edd0555ab)
    #20 0x55ca91511b64 in _start (/workspace/build-asan/tsc+0x74b64) (BuildId: 73a10d7cc646a755f705b0ae57418e68578aec2f)

Indirect leak of 240 byte(s) in 3 object(s) allocated from:
    #0 0x55ca915b5858 in malloc (/workspace/build-asan/tsc+0x118858) (BuildId: 73a10d7cc646a755f705b0ae57418e68578aec2f)
    #1 0x7ff5c4ec89b9 in llvm::SmallVectorBase<unsigned int>::grow_pod(void*, unsigned long, unsigned long) (/usr/lib/llvm-20/lib/libLLVM.so.20.1+0xfac9b9) (BuildId: b856c61f98abf0989f157f153740fe0fadfbb760)
    #2 0x7ff5c59b6bce  (/usr/lib/llvm-20/lib/libLLVM.so.20.1+0x1a9abce) (BuildId: b856c61f98abf0989f157f153740fe0fadfbb760)
    #3 0x7ff5c59b6dcb  (/usr/lib/llvm-20/lib/libLLVM.so.20.1+0x1a9adcb) (BuildId: b856c61f98abf0989f157f153740fe0fadfbb760)
    #4 0x7ff5c6f3b039  (/usr/lib/llvm-20/lib/libLLVM.so.20.1+0x301f039) (BuildId: b856c61f98abf0989f157f153740fe0fadfbb760)
    #5 0x7ff5c6f3af97  (/usr/lib/llvm-20/lib/libLLVM.so.20.1+0x301ef97) (BuildId: b856c61f98abf0989f157f153740fe0fadfbb760)
    #6 0x7ff5c6f3998b  (/usr/lib/llvm-20/lib/libLLVM.so.20.1+0x301d98b) (BuildId: b856c61f98abf0989f157f153740fe0fadfbb760)
    #7 0x7ff5c6f398a6  (/usr/lib/llvm-20/lib/libLLVM.so.20.1+0x301d8a6) (BuildId: b856c61f98abf0989f157f153740fe0fadfbb760)
    #8 0x7ff5c6f3aa71  (/usr/lib/llvm-20/lib/libLLVM.so.20.1+0x301ea71) (BuildId: b856c61f98abf0989f157f153740fe0fadfbb760)
    #9 0x7ff5c7f5a236  (/usr/lib/llvm-20/lib/libLLVM.so.20.1+0x403e236) (BuildId: b856c61f98abf0989f157f153740fe0fadfbb760)
    #10 0x7ff5c7f81ab1  (/usr/lib/llvm-20/lib/libLLVM.so.20.1+0x4065ab1) (BuildId: b856c61f98abf0989f157f153740fe0fadfbb760)
    #11 0x7ff5c7f83c8f  (/usr/lib/llvm-20/lib/libLLVM.so.20.1+0x4067c8f) (BuildId: b856c61f98abf0989f157f153740fe0fadfbb760)
    #12 0x7ff5c7f8526a  (/usr/lib/llvm-20/lib/libLLVM.so.20.1+0x406926a) (BuildId: b856c61f98abf0989f157f153740fe0fadfbb760)
    #13 0x55ca91648523 in llvm::Target::createTargetMachine(llvm::StringRef, llvm::StringRef, llvm::StringRef, llvm::TargetOptions const&, std::optional<llvm::Reloc::Model>, std::optional<llvm::CodeModel::Model>, llvm::CodeGenOptLevel, bool) const /usr/lib/llvm-20/include/llvm/MC/TargetRegistry.h:462:12
    #14 0x55ca9163a09e in tsc::TargetRegistry::initializeAllTargets() /workspace/src/TargetRegistry.cpp:67:41
    #15 0x55ca9162bdcd in tsc::Compiler::initializeLLVM() /workspace/src/Compiler.cpp:349:14
    #16 0x55ca9162b8b7 in tsc::Compiler::Compiler(tsc::CompilerOptions const&) /workspace/src/Compiler.cpp:24:5
    #17 0x55ca915fd7b5 in main /workspace/src/main.cpp:191:18
    #18 0x7ff5c395a337  (/lib/x86_64-linux-gnu/libc.so.6+0x2a337) (BuildId: 467f544f15035abef911999cbc14489edd0555ab)
    #19 0x7ff5c395a3fa in __libc_start_main (/lib/x86_64-linux-gnu/libc.so.6+0x2a3fa) (BuildId: 467f544f15035abef911999cbc14489edd0555ab)
    #20 0x55ca91511b64 in _start (/workspace/build-asan/tsc+0x74b64) (BuildId: 73a10d7cc646a755f705b0ae57418e68578aec2f)

Indirect leak of 240 byte(s) in 3 object(s) allocated from:
    #0 0x55ca915b5858 in malloc (/workspace/build-asan/tsc+0x118858) (BuildId: 73a10d7cc646a755f705b0ae57418e68578aec2f)
    #1 0x7ff5c4ec89b9 in llvm::SmallVectorBase<unsigned int>::grow_pod(void*, unsigned long, unsigned long) (/usr/lib/llvm-20/lib/libLLVM.so.20.1+0xfac9b9) (BuildId: b856c61f98abf0989f157f153740fe0fadfbb760)
    #2 0x7ff5c59b6bce  (/usr/lib/llvm-20/lib/libLLVM.so.20.1+0x1a9abce) (BuildId: b856c61f98abf0989f157f153740fe0fadfbb760)
    #3 0x7ff5c59b6dcb  (/usr/lib/llvm-20/lib/libLLVM.so.20.1+0x1a9adcb) (BuildId: b856c61f98abf0989f157f153740fe0fadfbb760)
    #4 0x7ff5c6f3b039  (/usr/lib/llvm-20/lib/libLLVM.so.20.1+0x301f039) (BuildId: b856c61f98abf0989f157f153740fe0fadfbb760)
    #5 0x7ff5c6f3af97  (/usr/lib/llvm-20/lib/libLLVM.so.20.1+0x301ef97) (BuildId: b856c61f98abf0989f157f153740fe0fadfbb760)
    #6 0x7ff5c6f3998b  (/usr/lib/llvm-20/lib/libLLVM.so.20.1+0x301d98b) (BuildId: b856c61f98abf0989f157f153740fe0fadfbb760)
    #7 0x7ff5c6f398a6  (/usr/lib/llvm-20/lib/libLLVM.so.20.1+0x301d8a6) (BuildId: b856c61f98abf0989f157f153740fe0fadfbb760)
    #8 0x7ff5c7f59d77  (/usr/lib/llvm-20/lib/libLLVM.so.20.1+0x403dd77) (BuildId: b856c61f98abf0989f157f153740fe0fadfbb760)
    #9 0x7ff5c7f81ab1  (/usr/lib/llvm-20/lib/libLLVM.so.20.1+0x4065ab1) (BuildId: b856c61f98abf0989f157f153740fe0fadfbb760)
    #10 0x7ff5c7f83c8f  (/usr/lib/llvm-20/lib/libLLVM.so.20.1+0x4067c8f) (BuildId: b856c61f98abf0989f157f153740fe0fadfbb760)
    #11 0x7ff5c7f8526a  (/usr/lib/llvm-20/lib/libLLVM.so.20.1+0x406926a) (BuildId: b856c61f98abf0989f157f153740fe0fadfbb760)
    #12 0x55ca91648523 in llvm::Target::createTargetMachine(llvm::StringRef, llvm::StringRef, llvm::StringRef, llvm::TargetOptions const&, std::optional<llvm::Reloc::Model>, std::optional<llvm::CodeModel::Model>, llvm::CodeGenOptLevel, bool) const /usr/lib/llvm-20/include/llvm/MC/TargetRegistry.h:462:12
    #13 0x55ca9163a09e in tsc::TargetRegistry::initializeAllTargets() /workspace/src/TargetRegistry.cpp:67:41
    #14 0x55ca9162bdcd in tsc::Compiler::initializeLLVM() /workspace/src/Compiler.cpp:349:14
    #15 0x55ca9162b8b7 in tsc::Compiler::Compiler(tsc::CompilerOptions const&) /workspace/src/Compiler.cpp:24:5
    #16 0x55ca915fd7b5 in main /workspace/src/main.cpp:191:18
    #17 0x7ff5c395a337  (/lib/x86_64-linux-gnu/libc.so.6+0x2a337) (BuildId: 467f544f15035abef911999cbc14489edd0555ab)
    #18 0x7ff5c395a3fa in __libc_start_main (/lib/x86_64-linux-gnu/libc.so.6+0x2a3fa) (BuildId: 467f544f15035abef911999cbc14489edd0555ab)
    #19 0x55ca91511b64 in _start (/workspace/build-asan/tsc+0x74b64) (BuildId: 73a10d7cc646a755f705b0ae57418e68578aec2f)

Indirect leak of 240 byte(s) in 3 object(s) allocated from:
    #0 0x55ca915b5858 in malloc (/workspace/build-asan/tsc+0x118858) (BuildId: 73a10d7cc646a755f705b0ae57418e68578aec2f)
    #1 0x7ff5c4ec89b9 in llvm::SmallVectorBase<unsigned int>::grow_pod(void*, unsigned long, unsigned long) (/usr/lib/llvm-20/lib/libLLVM.so.20.1+0xfac9b9) (BuildId: b856c61f98abf0989f157f153740fe0fadfbb760)
    #2 0x7ff5c59b6bce  (/usr/lib/llvm-20/lib/libLLVM.so.20.1+0x1a9abce) (BuildId: b856c61f98abf0989f157f153740fe0fadfbb760)
    #3 0x7ff5c59b6dcb  (/usr/lib/llvm-20/lib/libLLVM.so.20.1+0x1a9adcb) (BuildId: b856c61f98abf0989f157f153740fe0fadfbb760)
    #4 0x7ff5c6f3b008  (/usr/lib/llvm-20/lib/libLLVM.so.20.1+0x301f008) (BuildId: b856c61f98abf0989f157f153740fe0fadfbb760)
    #5 0x7ff5c6f3af97  (/usr/lib/llvm-20/lib/libLLVM.so.20.1+0x301ef97) (BuildId: b856c61f98abf0989f157f153740fe0fadfbb760)
    #6 0x7ff5c6f3998b  (/usr/lib/llvm-20/lib/libLLVM.so.20.1+0x301d98b) (BuildId: b856c61f98abf0989f157f153740fe0fadfbb760)
    #7 0x7ff5c6f398a6  (/usr/lib/llvm-20/lib/libLLVM.so.20.1+0x301d8a6) (BuildId: b856c61f98abf0989f157f153740fe0fadfbb760)
    #8 0x7ff5c7f59c23  (/usr/lib/llvm-20/lib/libLLVM.so.20.1+0x403dc23) (BuildId: b856c61f98abf0989f157f153740fe0fadfbb760)
    #9 0x7ff5c7f81ab1  (/usr/lib/llvm-20/lib/libLLVM.so.20.1+0x4065ab1) (BuildId: b856c61f98abf0989f157f153740fe0fadfbb760)
    #10 0x7ff5c7f83c8f  (/usr/lib/llvm-20/lib/libLLVM.so.20.1+0x4067c8f) (BuildId: b856c61f98abf0989f157f153740fe0fadfbb760)
    #11 0x7ff5c7f8526a  (/usr/lib/llvm-20/lib/libLLVM.so.20.1+0x406926a) (BuildId: b856c61f98abf0989f157f153740fe0fadfbb760)
    #12 0x55ca91648523 in llvm::Target::createTargetMachine(llvm::StringRef, llvm::StringRef, llvm::StringRef, llvm::TargetOptions const&, std::optional<llvm::Reloc::Model>, std::optional<llvm::CodeModel::Model>, llvm::CodeGenOptLevel, bool) const /usr/lib/llvm-20/include/llvm/MC/TargetRegistry.h:462:12
    #13 0x55ca9163a09e in tsc::TargetRegistry::initializeAllTargets() /workspace/src/TargetRegistry.cpp:67:41
    #14 0x55ca9162bdcd in tsc::Compiler::initializeLLVM() /workspace/src/Compiler.cpp:349:14
    #15 0x55ca9162b8b7 in tsc::Compiler::Compiler(tsc::CompilerOptions const&) /workspace/src/Compiler.cpp:24:5
    #16 0x55ca915fd7b5 in main /workspace/src/main.cpp:191:18
    #17 0x7ff5c395a337  (/lib/x86_64-linux-gnu/libc.so.6+0x2a337) (BuildId: 467f544f15035abef911999cbc14489edd0555ab)
    #18 0x7ff5c395a3fa in __libc_start_main (/lib/x86_64-linux-gnu/libc.so.6+0x2a3fa) (BuildId: 467f544f15035abef911999cbc14489edd0555ab)
    #19 0x55ca91511b64 in _start (/workspace/build-asan/tsc+0x74b64) (BuildId: 73a10d7cc646a755f705b0ae57418e68578aec2f)

Indirect leak of 240 byte(s) in 3 object(s) allocated from:
    #0 0x55ca915b5858 in malloc (/workspace/build-asan/tsc+0x118858) (BuildId: 73a10d7cc646a755f705b0ae57418e68578aec2f)
    #1 0x7ff5c4ec89b9 in llvm::SmallVectorBase<unsigned int>::grow_pod(void*, unsigned long, unsigned long) (/usr/lib/llvm-20/lib/libLLVM.so.20.1+0xfac9b9) (BuildId: b856c61f98abf0989f157f153740fe0fadfbb760)
    #2 0x7ff5c59b6bce  (/usr/lib/llvm-20/lib/libLLVM.so.20.1+0x1a9abce) (BuildId: b856c61f98abf0989f157f153740fe0fadfbb760)
    #3 0x7ff5c59b6dcb  (/usr/lib/llvm-20/lib/libLLVM.so.20.1+0x1a9adcb) (BuildId: b856c61f98abf0989f157f153740fe0fadfbb760)
    #4 0x7ff5c6f3998b  (/usr/lib/llvm-20/lib/libLLVM.so.20.1+0x301d98b) (BuildId: b856c61f98abf0989f157f153740fe0fadfbb760)
    #5 0x7ff5c6f398a6  (/usr/lib/llvm-20/lib/libLLVM.so.20.1+0x301d8a6) (BuildId: b856c61f98abf0989f157f153740fe0fadfbb760)
    #6 0x7ff5c7f5944c  (/usr/lib/llvm-20/lib/libLLVM.so.20.1+0x403d44c) (BuildId: b856c61f98abf0989f157f153740fe0fadfbb760)
    #7 0x7ff5c7f81ab1  (/usr/lib/llvm-20/lib/libLLVM.so.20.1+0x4065ab1) (BuildId: b856c61f98abf0989f157f153740fe0fadfbb760)
    #8 0x7ff5c7f83c8f  (/usr/lib/llvm-20/lib/libLLVM.so.20.1+0x4067c8f) (BuildId: b856c61f98abf0989f157f153740fe0fadfbb760)
    #9 0x7ff5c7f8526a  (/usr/lib/llvm-20/lib/libLLVM.so.20.1+0x406926a) (BuildId: b856c61f98abf0989f157f153740fe0fadfbb760)
    #10 0x55ca91648523 in llvm::Target::createTargetMachine(llvm::StringRef, llvm::StringRef, llvm::StringRef, llvm::TargetOptions const&, std::optional<llvm::Reloc::Model>, std::optional<llvm::CodeModel::Model>, llvm::CodeGenOptLevel, bool) const /usr/lib/llvm-20/include/llvm/MC/TargetRegistry.h:462:12
    #11 0x55ca9163a09e in tsc::TargetRegistry::initializeAllTargets() /workspace/src/TargetRegistry.cpp:67:41
    #12 0x55ca9162bdcd in tsc::Compiler::initializeLLVM() /workspace/src/Compiler.cpp:349:14
    #13 0x55ca9162b8b7 in tsc::Compiler::Compiler(tsc::CompilerOptions const&) /workspace/src/Compiler.cpp:24:5
    #14 0x55ca915fd7b5 in main /workspace/src/main.cpp:191:18
    #15 0x7ff5c395a337  (/lib/x86_64-linux-gnu/libc.so.6+0x2a337) (BuildId: 467f544f15035abef911999cbc14489edd0555ab)
    #16 0x7ff5c395a3fa in __libc_start_main (/lib/x86_64-linux-gnu/libc.so.6+0x2a3fa) (BuildId: 467f544f15035abef911999cbc14489edd0555ab)
    #17 0x55ca91511b64 in _start (/workspace/build-asan/tsc+0x74b64) (BuildId: 73a10d7cc646a755f705b0ae57418e68578aec2f)

Indirect leak of 240 byte(s) in 3 object(s) allocated from:
    #0 0x55ca915b5858 in malloc (/workspace/build-asan/tsc+0x118858) (BuildId: 73a10d7cc646a755f705b0ae57418e68578aec2f)
    #1 0x7ff5c4ec89b9 in llvm::SmallVectorBase<unsigned int>::grow_pod(void*, unsigned long, unsigned long) (/usr/lib/llvm-20/lib/libLLVM.so.20.1+0xfac9b9) (BuildId: b856c61f98abf0989f157f153740fe0fadfbb760)
    #2 0x7ff5c59b6bce  (/usr/lib/llvm-20/lib/libLLVM.so.20.1+0x1a9abce) (BuildId: b856c61f98abf0989f157f153740fe0fadfbb760)
    #3 0x7ff5c59b6dcb  (/usr/lib/llvm-20/lib/libLLVM.so.20.1+0x1a9adcb) (BuildId: b856c61f98abf0989f157f153740fe0fadfbb760)
    #4 0x7ff5c6f3b008  (/usr/lib/llvm-20/lib/libLLVM.so.20.1+0x301f008) (BuildId: b856c61f98abf0989f157f153740fe0fadfbb760)
    #5 0x7ff5c6f3af97  (/usr/lib/llvm-20/lib/libLLVM.so.20.1+0x301ef97) (BuildId: b856c61f98abf0989f157f153740fe0fadfbb760)
    #6 0x7ff5c6f3998b  (/usr/lib/llvm-20/lib/libLLVM.so.20.1+0x301d98b) (BuildId: b856c61f98abf0989f157f153740fe0fadfbb760)
    #7 0x7ff5c6f398a6  (/usr/lib/llvm-20/lib/libLLVM.so.20.1+0x301d8a6) (BuildId: b856c61f98abf0989f157f153740fe0fadfbb760)
    #8 0x7ff5c6f3aa71  (/usr/lib/llvm-20/lib/libLLVM.so.20.1+0x301ea71) (BuildId: b856c61f98abf0989f157f153740fe0fadfbb760)
    #9 0x7ff5c7f593c0  (/usr/lib/llvm-20/lib/libLLVM.so.20.1+0x403d3c0) (BuildId: b856c61f98abf0989f157f153740fe0fadfbb760)
    #10 0x7ff5c7f81ab1  (/usr/lib/llvm-20/lib/libLLVM.so.20.1+0x4065ab1) (BuildId: b856c61f98abf0989f157f153740fe0fadfbb760)
    #11 0x7ff5c7f83c8f  (/usr/lib/llvm-20/lib/libLLVM.so.20.1+0x4067c8f) (BuildId: b856c61f98abf0989f157f153740fe0fadfbb760)
    #12 0x7ff5c7f8526a  (/usr/lib/llvm-20/lib/libLLVM.so.20.1+0x406926a) (BuildId: b856c61f98abf0989f157f153740fe0fadfbb760)
    #13 0x55ca91648523 in llvm::Target::createTargetMachine(llvm::StringRef, llvm::StringRef, llvm::StringRef, llvm::TargetOptions const&, std::optional<llvm::Reloc::Model>, std::optional<llvm::CodeModel::Model>, llvm::CodeGenOptLevel, bool) const /usr/lib/llvm-20/include/llvm/MC/TargetRegistry.h:462:12
    #14 0x55ca9163a09e in tsc::TargetRegistry::initializeAllTargets() /workspace/src/TargetRegistry.cpp:67:41
    #15 0x55ca9162bdcd in tsc::Compiler::initializeLLVM() /workspace/src/Compiler.cpp:349:14
    #16 0x55ca9162b8b7 in tsc::Compiler::Compiler(tsc::CompilerOptions const&) /workspace/src/Compiler.cpp:24:5
    #17 0x55ca915fd7b5 in main /workspace/src/main.cpp:191:18
    #18 0x7ff5c395a337  (/lib/x86_64-linux-gnu/libc.so.6+0x2a337) (BuildId: 467f544f15035abef911999cbc14489edd0555ab)
    #19 0x7ff5c395a3fa in __libc_start_main (/lib/x86_64-linux-gnu/libc.so.6+0x2a3fa) (BuildId: 467f544f15035abef911999cbc14489edd0555ab)
    #20 0x55ca91511b64 in _start (/workspace/build-asan/tsc+0x74b64) (BuildId: 73a10d7cc646a755f705b0ae57418e68578aec2f)

Indirect leak of 240 byte(s) in 3 object(s) allocated from:
    #0 0x55ca915b5858 in malloc (/workspace/build-asan/tsc+0x118858) (BuildId: 73a10d7cc646a755f705b0ae57418e68578aec2f)
    #1 0x7ff5c4ec89b9 in llvm::SmallVectorBase<unsigned int>::grow_pod(void*, unsigned long, unsigned long) (/usr/lib/llvm-20/lib/libLLVM.so.20.1+0xfac9b9) (BuildId: b856c61f98abf0989f157f153740fe0fadfbb760)
    #2 0x7ff5c59b6bce  (/usr/lib/llvm-20/lib/libLLVM.so.20.1+0x1a9abce) (BuildId: b856c61f98abf0989f157f153740fe0fadfbb760)
    #3 0x7ff5c59b6dcb  (/usr/lib/llvm-20/lib/libLLVM.so.20.1+0x1a9adcb) (BuildId: b856c61f98abf0989f157f153740fe0fadfbb760)
    #4 0x7ff5c6f3b039  (/usr/lib/llvm-20/lib/libLLVM.so.20.1+0x301f039) (BuildId: b856c61f98abf0989f157f153740fe0fadfbb760)
    #5 0x7ff5c6f3af97  (/usr/lib/llvm-20/lib/libLLVM.so.20.1+0x301ef97) (BuildId: b856c61f98abf0989f157f153740fe0fadfbb760)
    #6 0x7ff5c6f3998b  (/usr/lib/llvm-20/lib/libLLVM.so.20.1+0x301d98b) (BuildId: b856c61f98abf0989f157f153740fe0fadfbb760)
    #7 0x7ff5c6f398a6  (/usr/lib/llvm-20/lib/libLLVM.so.20.1+0x301d8a6) (BuildId: b856c61f98abf0989f157f153740fe0fadfbb760)
    #8 0x7ff5c7f591f1  (/usr/lib/llvm-20/lib/libLLVM.so.20.1+0x403d1f1) (BuildId: b856c61f98abf0989f157f153740fe0fadfbb760)
    #9 0x7ff5c7f81ab1  (/usr/lib/llvm-20/lib/libLLVM.so.20.1+0x4065ab1) (BuildId: b856c61f98abf0989f157f153740fe0fadfbb760)
    #10 0x7ff5c7f83c8f  (/usr/lib/llvm-20/lib/libLLVM.so.20.1+0x4067c8f) (BuildId: b856c61f98abf0989f157f153740fe0fadfbb760)
    #11 0x7ff5c7f8526a  (/usr/lib/llvm-20/lib/libLLVM.so.20.1+0x406926a) (BuildId: b856c61f98abf0989f157f153740fe0fadfbb760)
    #12 0x55ca91648523 in llvm::Target::createTargetMachine(llvm::StringRef, llvm::StringRef, llvm::StringRef, llvm::TargetOptions const&, std::optional<llvm::Reloc::Model>, std::optional<llvm::CodeModel::Model>, llvm::CodeGenOptLevel, bool) const /usr/lib/llvm-20/include/llvm/MC/TargetRegistry.h:462:12
    #13 0x55ca9163a09e in tsc::TargetRegistry::initializeAllTargets() /workspace/src/TargetRegistry.cpp:67:41
    #14 0x55ca9162bdcd in tsc::Compiler::initializeLLVM() /workspace/src/Compiler.cpp:349:14
    #15 0x55ca9162b8b7 in tsc::Compiler::Compiler(tsc::CompilerOptions const&) /workspace/src/Compiler.cpp:24:5
    #16 0x55ca915fd7b5 in main /workspace/src/main.cpp:191:18
    #17 0x7ff5c395a337  (/lib/x86_64-linux-gnu/libc.so.6+0x2a337) (BuildId: 467f544f15035abef911999cbc14489edd0555ab)
    #18 0x7ff5c395a3fa in __libc_start_main (/lib/x86_64-linux-gnu/libc.so.6+0x2a3fa) (BuildId: 467f544f15035abef911999cbc14489edd0555ab)
    #19 0x55ca91511b64 in _start (/workspace/build-asan/tsc+0x74b64) (BuildId: 73a10d7cc646a755f705b0ae57418e68578aec2f)

Indirect leak of 232 byte(s) in 1 object(s) allocated from:
    #0 0x55ca915fa191 in operator new(unsigned long) (/workspace/build-asan/tsc+0x15d191) (BuildId: 73a10d7cc646a755f705b0ae57418e68578aec2f)
    #1 0x7ff5c763c237  (/usr/lib/llvm-20/lib/libLLVM.so.20.1+0x3720237) (BuildId: b856c61f98abf0989f157f153740fe0fadfbb760)
    #2 0x7ff5c52d06be in llvm::CodeGenTargetMachineImpl::initAsmInfo() (/usr/lib/llvm-20/lib/libLLVM.so.20.1+0x13b46be) (BuildId: b856c61f98abf0989f157f153740fe0fadfbb760)
    #3 0x7ff5c733201a  (/usr/lib/llvm-20/lib/libLLVM.so.20.1+0x341601a) (BuildId: b856c61f98abf0989f157f153740fe0fadfbb760)
    #4 0x7ff5c73e5e9c  (/usr/lib/llvm-20/lib/libLLVM.so.20.1+0x34c9e9c) (BuildId: b856c61f98abf0989f157f153740fe0fadfbb760)
    #5 0x7ff5c73471fd  (/usr/lib/llvm-20/lib/libLLVM.so.20.1+0x342b1fd) (BuildId: b856c61f98abf0989f157f153740fe0fadfbb760)
    #6 0x55ca91648523 in llvm::Target::createTargetMachine(llvm::StringRef, llvm::StringRef, llvm::StringRef, llvm::TargetOptions const&, std::optional<llvm::Reloc::Model>, std::optional<llvm::CodeModel::Model>, llvm::CodeGenOptLevel, bool) const /usr/lib/llvm-20/include/llvm/MC/TargetRegistry.h:462:12
    #7 0x55ca9163a09e in tsc::TargetRegistry::initializeAllTargets() /workspace/src/TargetRegistry.cpp:67:41
    #8 0x55ca9162bdcd in tsc::Compiler::initializeLLVM() /workspace/src/Compiler.cpp:349:14
    #9 0x55ca9162b8b7 in tsc::Compiler::Compiler(tsc::CompilerOptions const&) /workspace/src/Compiler.cpp:24:5
    #10 0x55ca915fd7b5 in main /workspace/src/main.cpp:191:18
    #11 0x7ff5c395a337  (/lib/x86_64-linux-gnu/libc.so.6+0x2a337) (BuildId: 467f544f15035abef911999cbc14489edd0555ab)
    #12 0x7ff5c395a3fa in __libc_start_main (/lib/x86_64-linux-gnu/libc.so.6+0x2a3fa) (BuildId: 467f544f15035abef911999cbc14489edd0555ab)
    #13 0x55ca91511b64 in _start (/workspace/build-asan/tsc+0x74b64) (BuildId: 73a10d7cc646a755f705b0ae57418e68578aec2f)

Indirect leak of 232 byte(s) in 1 object(s) allocated from:
    #0 0x55ca915fa191 in operator new(unsigned long) (/workspace/build-asan/tsc+0x15d191) (BuildId: 73a10d7cc646a755f705b0ae57418e68578aec2f)
    #1 0x7ff5c7884d83  (/usr/lib/llvm-20/lib/libLLVM.so.20.1+0x3968d83) (BuildId: b856c61f98abf0989f157f153740fe0fadfbb760)
    #2 0x7ff5c52d06be in llvm::CodeGenTargetMachineImpl::initAsmInfo() (/usr/lib/llvm-20/lib/libLLVM.so.20.1+0x13b46be) (BuildId: b856c61f98abf0989f157f153740fe0fadfbb760)
    #3 0x7ff5c7878dae  (/usr/lib/llvm-20/lib/libLLVM.so.20.1+0x395cdae) (BuildId: b856c61f98abf0989f157f153740fe0fadfbb760)
    #4 0x7ff5c78792ea  (/usr/lib/llvm-20/lib/libLLVM.so.20.1+0x395d2ea) (BuildId: b856c61f98abf0989f157f153740fe0fadfbb760)
    #5 0x55ca91648523 in llvm::Target::createTargetMachine(llvm::StringRef, llvm::StringRef, llvm::StringRef, llvm::TargetOptions const&, std::optional<llvm::Reloc::Model>, std::optional<llvm::CodeModel::Model>, llvm::CodeGenOptLevel, bool) const /usr/lib/llvm-20/include/llvm/MC/TargetRegistry.h:462:12
    #6 0x55ca9163a09e in tsc::TargetRegistry::initializeAllTargets() /workspace/src/TargetRegistry.cpp:67:41
    #7 0x55ca9162bdcd in tsc::Compiler::initializeLLVM() /workspace/src/Compiler.cpp:349:14
    #8 0x55ca9162b8b7 in tsc::Compiler::Compiler(tsc::CompilerOptions const&) /workspace/src/Compiler.cpp:24:5
    #9 0x55ca915fd7b5 in main /workspace/src/main.cpp:191:18
    #10 0x7ff5c395a337  (/lib/x86_64-linux-gnu/libc.so.6+0x2a337) (BuildId: 467f544f15035abef911999cbc14489edd0555ab)
    #11 0x7ff5c395a3fa in __libc_start_main (/lib/x86_64-linux-gnu/libc.so.6+0x2a3fa) (BuildId: 467f544f15035abef911999cbc14489edd0555ab)
    #12 0x55ca91511b64 in _start (/workspace/build-asan/tsc+0x74b64) (BuildId: 73a10d7cc646a755f705b0ae57418e68578aec2f)

Indirect leak of 232 byte(s) in 1 object(s) allocated from:
    #0 0x55ca915fa191 in operator new(unsigned long) (/workspace/build-asan/tsc+0x15d191) (BuildId: 73a10d7cc646a755f705b0ae57418e68578aec2f)
    #1 0x7ff5c7a6a483  (/usr/lib/llvm-20/lib/libLLVM.so.20.1+0x3b4e483) (BuildId: b856c61f98abf0989f157f153740fe0fadfbb760)
    #2 0x7ff5c52d06be in llvm::CodeGenTargetMachineImpl::initAsmInfo() (/usr/lib/llvm-20/lib/libLLVM.so.20.1+0x13b46be) (BuildId: b856c61f98abf0989f157f153740fe0fadfbb760)
    #3 0x7ff5c7a52005  (/usr/lib/llvm-20/lib/libLLVM.so.20.1+0x3b36005) (BuildId: b856c61f98abf0989f157f153740fe0fadfbb760)
    #4 0x7ff5c7a525ca  (/usr/lib/llvm-20/lib/libLLVM.so.20.1+0x3b365ca) (BuildId: b856c61f98abf0989f157f153740fe0fadfbb760)
    #5 0x55ca91648523 in llvm::Target::createTargetMachine(llvm::StringRef, llvm::StringRef, llvm::StringRef, llvm::TargetOptions const&, std::optional<llvm::Reloc::Model>, std::optional<llvm::CodeModel::Model>, llvm::CodeGenOptLevel, bool) const /usr/lib/llvm-20/include/llvm/MC/TargetRegistry.h:462:12
    #6 0x55ca9163a09e in tsc::TargetRegistry::initializeAllTargets() /workspace/src/TargetRegistry.cpp:67:41
    #7 0x55ca9162bdcd in tsc::Compiler::initializeLLVM() /workspace/src/Compiler.cpp:349:14
    #8 0x55ca9162b8b7 in tsc::Compiler::Compiler(tsc::CompilerOptions const&) /workspace/src/Compiler.cpp:24:5
    #9 0x55ca915fd7b5 in main /workspace/src/main.cpp:191:18
    #10 0x7ff5c395a337  (/lib/x86_64-linux-gnu/libc.so.6+0x2a337) (BuildId: 467f544f15035abef911999cbc14489edd0555ab)
    #11 0x7ff5c395a3fa in __libc_start_main (/lib/x86_64-linux-gnu/libc.so.6+0x2a3fa) (BuildId: 467f544f15035abef911999cbc14489edd0555ab)
    #12 0x55ca91511b64 in _start (/workspace/build-asan/tsc+0x74b64) (BuildId: 73a10d7cc646a755f705b0ae57418e68578aec2f)

Indirect leak of 232 byte(s) in 1 object(s) allocated from:
    #0 0x55ca915fa191 in operator new(unsigned long) (/workspace/build-asan/tsc+0x15d191) (BuildId: 73a10d7cc646a755f705b0ae57418e68578aec2f)
    #1 0x7ff5c7ee5f53  (/usr/lib/llvm-20/lib/libLLVM.so.20.1+0x3fc9f53) (BuildId: b856c61f98abf0989f157f153740fe0fadfbb760)
    #2 0x7ff5c52d06be in llvm::CodeGenTargetMachineImpl::initAsmInfo() (/usr/lib/llvm-20/lib/libLLVM.so.20.1+0x13b46be) (BuildId: b856c61f98abf0989f157f153740fe0fadfbb760)
    #3 0x7ff5c7ed4b76  (/usr/lib/llvm-20/lib/libLLVM.so.20.1+0x3fb8b76) (BuildId: b856c61f98abf0989f157f153740fe0fadfbb760)
    #4 0x7ff5c7ed575c  (/usr/lib/llvm-20/lib/libLLVM.so.20.1+0x3fb975c) (BuildId: b856c61f98abf0989f157f153740fe0fadfbb760)
    #5 0x55ca91648523 in llvm::Target::createTargetMachine(llvm::StringRef, llvm::StringRef, llvm::StringRef, llvm::TargetOptions const&, std::optional<llvm::Reloc::Model>, std::optional<llvm::CodeModel::Model>, llvm::CodeGenOptLevel, bool) const /usr/lib/llvm-20/include/llvm/MC/TargetRegistry.h:462:12
    #6 0x55ca9163a09e in tsc::TargetRegistry::initializeAllTargets() /workspace/src/TargetRegistry.cpp:67:41
    #7 0x55ca9162bdcd in tsc::Compiler::initializeLLVM() /workspace/src/Compiler.cpp:349:14
    #8 0x55ca9162b8b7 in tsc::Compiler::Compiler(tsc::CompilerOptions const&) /workspace/src/Compiler.cpp:24:5
    #9 0x55ca915fd7b5 in main /workspace/src/main.cpp:191:18
    #10 0x7ff5c395a337  (/lib/x86_64-linux-gnu/libc.so.6+0x2a337) (BuildId: 467f544f15035abef911999cbc14489edd0555ab)
    #11 0x7ff5c395a3fa in __libc_start_main (/lib/x86_64-linux-gnu/libc.so.6+0x2a3fa) (BuildId: 467f544f15035abef911999cbc14489edd0555ab)
    #12 0x55ca91511b64 in _start (/workspace/build-asan/tsc+0x74b64) (BuildId: 73a10d7cc646a755f705b0ae57418e68578aec2f)

Indirect leak of 232 byte(s) in 1 object(s) allocated from:
    #0 0x55ca915fa191 in operator new(unsigned long) (/workspace/build-asan/tsc+0x15d191) (BuildId: 73a10d7cc646a755f705b0ae57418e68578aec2f)
    #1 0x7ff5c7ee5f53  (/usr/lib/llvm-20/lib/libLLVM.so.20.1+0x3fc9f53) (BuildId: b856c61f98abf0989f157f153740fe0fadfbb760)
    #2 0x7ff5c52d06be in llvm::CodeGenTargetMachineImpl::initAsmInfo() (/usr/lib/llvm-20/lib/libLLVM.so.20.1+0x13b46be) (BuildId: b856c61f98abf0989f157f153740fe0fadfbb760)
    #3 0x7ff5c7ed4b76  (/usr/lib/llvm-20/lib/libLLVM.so.20.1+0x3fb8b76) (BuildId: b856c61f98abf0989f157f153740fe0fadfbb760)
    #4 0x7ff5c7ed581c  (/usr/lib/llvm-20/lib/libLLVM.so.20.1+0x3fb981c) (BuildId: b856c61f98abf0989f157f153740fe0fadfbb760)
    #5 0x55ca91648523 in llvm::Target::createTargetMachine(llvm::StringRef, llvm::StringRef, llvm::StringRef, llvm::TargetOptions const&, std::optional<llvm::Reloc::Model>, std::optional<llvm::CodeModel::Model>, llvm::CodeGenOptLevel, bool) const /usr/lib/llvm-20/include/llvm/MC/TargetRegistry.h:462:12
    #6 0x55ca9163a09e in tsc::TargetRegistry::initializeAllTargets() /workspace/src/TargetRegistry.cpp:67:41
    #7 0x55ca9162bdcd in tsc::Compiler::initializeLLVM() /workspace/src/Compiler.cpp:349:14
    #8 0x55ca9162b8b7 in tsc::Compiler::Compiler(tsc::CompilerOptions const&) /workspace/src/Compiler.cpp:24:5
    #9 0x55ca915fd7b5 in main /workspace/src/main.cpp:191:18
    #10 0x7ff5c395a337  (/lib/x86_64-linux-gnu/libc.so.6+0x2a337) (BuildId: 467f544f15035abef911999cbc14489edd0555ab)
    #11 0x7ff5c395a3fa in __libc_start_main (/lib/x86_64-linux-gnu/libc.so.6+0x2a3fa) (BuildId: 467f544f15035abef911999cbc14489edd0555ab)
    #12 0x55ca91511b64 in _start (/workspace/build-asan/tsc+0x74b64) (BuildId: 73a10d7cc646a755f705b0ae57418e68578aec2f)

Indirect leak of 232 byte(s) in 1 object(s) allocated from:
    #0 0x55ca915fa191 in operator new(unsigned long) (/workspace/build-asan/tsc+0x15d191) (BuildId: 73a10d7cc646a755f705b0ae57418e68578aec2f)
    #1 0x7ff5c803d3d3  (/usr/lib/llvm-20/lib/libLLVM.so.20.1+0x41213d3) (BuildId: b856c61f98abf0989f157f153740fe0fadfbb760)
    #2 0x7ff5c52d06be in llvm::CodeGenTargetMachineImpl::initAsmInfo() (/usr/lib/llvm-20/lib/libLLVM.so.20.1+0x13b46be) (BuildId: b856c61f98abf0989f157f153740fe0fadfbb760)
    #3 0x7ff5c8007c26  (/usr/lib/llvm-20/lib/libLLVM.so.20.1+0x40ebc26) (BuildId: b856c61f98abf0989f157f153740fe0fadfbb760)
    #4 0x7ff5c8008a0d  (/usr/lib/llvm-20/lib/libLLVM.so.20.1+0x40eca0d) (BuildId: b856c61f98abf0989f157f153740fe0fadfbb760)
    #5 0x55ca91648523 in llvm::Target::createTargetMachine(llvm::StringRef, llvm::StringRef, llvm::StringRef, llvm::TargetOptions const&, std::optional<llvm::Reloc::Model>, std::optional<llvm::CodeModel::Model>, llvm::CodeGenOptLevel, bool) const /usr/lib/llvm-20/include/llvm/MC/TargetRegistry.h:462:12
    #6 0x55ca9163a09e in tsc::TargetRegistry::initializeAllTargets() /workspace/src/TargetRegistry.cpp:67:41
    #7 0x55ca9162bdcd in tsc::Compiler::initializeLLVM() /workspace/src/Compiler.cpp:349:14
    #8 0x55ca9162b8b7 in tsc::Compiler::Compiler(tsc::CompilerOptions const&) /workspace/src/Compiler.cpp:24:5
    #9 0x55ca915fd7b5 in main /workspace/src/main.cpp:191:18
    #10 0x7ff5c395a337  (/lib/x86_64-linux-gnu/libc.so.6+0x2a337) (BuildId: 467f544f15035abef911999cbc14489edd0555ab)
    #11 0x7ff5c395a3fa in __libc_start_main (/lib/x86_64-linux-gnu/libc.so.6+0x2a3fa) (BuildId: 467f544f15035abef911999cbc14489edd0555ab)
    #12 0x55ca91511b64 in _start (/workspace/build-asan/tsc+0x74b64) (BuildId: 73a10d7cc646a755f705b0ae57418e68578aec2f)

Indirect leak of 232 byte(s) in 1 object(s) allocated from:
    #0 0x55ca915fa191 in operator new(unsigned long) (/workspace/build-asan/tsc+0x15d191) (BuildId: 73a10d7cc646a755f705b0ae57418e68578aec2f)
    #1 0x7ff5c807f323  (/usr/lib/llvm-20/lib/libLLVM.so.20.1+0x4163323) (BuildId: b856c61f98abf0989f157f153740fe0fadfbb760)
    #2 0x7ff5c52d06be in llvm::CodeGenTargetMachineImpl::initAsmInfo() (/usr/lib/llvm-20/lib/libLLVM.so.20.1+0x13b46be) (BuildId: b856c61f98abf0989f157f153740fe0fadfbb760)
    #3 0x7ff5c805e664  (/usr/lib/llvm-20/lib/libLLVM.so.20.1+0x4142664) (BuildId: b856c61f98abf0989f157f153740fe0fadfbb760)
    #4 0x7ff5c805ecda  (/usr/lib/llvm-20/lib/libLLVM.so.20.1+0x4142cda) (BuildId: b856c61f98abf0989f157f153740fe0fadfbb760)
    #5 0x55ca91648523 in llvm::Target::createTargetMachine(llvm::StringRef, llvm::StringRef, llvm::StringRef, llvm::TargetOptions const&, std::optional<llvm::Reloc::Model>, std::optional<llvm::CodeModel::Model>, llvm::CodeGenOptLevel, bool) const /usr/lib/llvm-20/include/llvm/MC/TargetRegistry.h:462:12
    #6 0x55ca9163a09e in tsc::TargetRegistry::initializeAllTargets() /workspace/src/TargetRegistry.cpp:67:41
    #7 0x55ca9162bdcd in tsc::Compiler::initializeLLVM() /workspace/src/Compiler.cpp:349:14
    #8 0x55ca9162b8b7 in tsc::Compiler::Compiler(tsc::CompilerOptions const&) /workspace/src/Compiler.cpp:24:5
    #9 0x55ca915fd7b5 in main /workspace/src/main.cpp:191:18
    #10 0x7ff5c395a337  (/lib/x86_64-linux-gnu/libc.so.6+0x2a337) (BuildId: 467f544f15035abef911999cbc14489edd0555ab)
    #11 0x7ff5c395a3fa in __libc_start_main (/lib/x86_64-linux-gnu/libc.so.6+0x2a3fa) (BuildId: 467f544f15035abef911999cbc14489edd0555ab)
    #12 0x55ca91511b64 in _start (/workspace/build-asan/tsc+0x74b64) (BuildId: 73a10d7cc646a755f705b0ae57418e68578aec2f)

Indirect leak of 232 byte(s) in 1 object(s) allocated from:
    #0 0x55ca915fa191 in operator new(unsigned long) (/workspace/build-asan/tsc+0x15d191) (BuildId: 73a10d7cc646a755f705b0ae57418e68578aec2f)
    #1 0x7ff5c84316c3  (/usr/lib/llvm-20/lib/libLLVM.so.20.1+0x45156c3) (BuildId: b856c61f98abf0989f157f153740fe0fadfbb760)
    #2 0x7ff5c52d06be in llvm::CodeGenTargetMachineImpl::initAsmInfo() (/usr/lib/llvm-20/lib/libLLVM.so.20.1+0x13b46be) (BuildId: b856c61f98abf0989f157f153740fe0fadfbb760)
    #3 0x7ff5c841cad0  (/usr/lib/llvm-20/lib/libLLVM.so.20.1+0x4500ad0) (BuildId: b856c61f98abf0989f157f153740fe0fadfbb760)
    #4 0x7ff5c841d0da  (/usr/lib/llvm-20/lib/libLLVM.so.20.1+0x45010da) (BuildId: b856c61f98abf0989f157f153740fe0fadfbb760)
    #5 0x55ca91648523 in llvm::Target::createTargetMachine(llvm::StringRef, llvm::StringRef, llvm::StringRef, llvm::TargetOptions const&, std::optional<llvm::Reloc::Model>, std::optional<llvm::CodeModel::Model>, llvm::CodeGenOptLevel, bool) const /usr/lib/llvm-20/include/llvm/MC/TargetRegistry.h:462:12
    #6 0x55ca9163a09e in tsc::TargetRegistry::initializeAllTargets() /workspace/src/TargetRegistry.cpp:67:41
    #7 0x55ca9162bdcd in tsc::Compiler::initializeLLVM() /workspace/src/Compiler.cpp:349:14
    #8 0x55ca9162b8b7 in tsc::Compiler::Compiler(tsc::CompilerOptions const&) /workspace/src/Compiler.cpp:24:5
    #9 0x55ca915fd7b5 in main /workspace/src/main.cpp:191:18
    #10 0x7ff5c395a337  (/lib/x86_64-linux-gnu/libc.so.6+0x2a337) (BuildId: 467f544f15035abef911999cbc14489edd0555ab)
    #11 0x7ff5c395a3fa in __libc_start_main (/lib/x86_64-linux-gnu/libc.so.6+0x2a3fa) (BuildId: 467f544f15035abef911999cbc14489edd0555ab)
    #12 0x55ca91511b64 in _start (/workspace/build-asan/tsc+0x74b64) (BuildId: 73a10d7cc646a755f705b0ae57418e68578aec2f)

Indirect leak of 232 byte(s) in 1 object(s) allocated from:
    #0 0x55ca915fa191 in operator new(unsigned long) (/workspace/build-asan/tsc+0x15d191) (BuildId: 73a10d7cc646a755f705b0ae57418e68578aec2f)
    #1 0x7ff5c848b893  (/usr/lib/llvm-20/lib/libLLVM.so.20.1+0x456f893) (BuildId: b856c61f98abf0989f157f153740fe0fadfbb760)
    #2 0x7ff5c52d06be in llvm::CodeGenTargetMachineImpl::initAsmInfo() (/usr/lib/llvm-20/lib/libLLVM.so.20.1+0x13b46be) (BuildId: b856c61f98abf0989f157f153740fe0fadfbb760)
    #3 0x7ff5c84822a4  (/usr/lib/llvm-20/lib/libLLVM.so.20.1+0x45662a4) (BuildId: b856c61f98abf0989f157f153740fe0fadfbb760)
    #4 0x7ff5c8482b05  (/usr/lib/llvm-20/lib/libLLVM.so.20.1+0x4566b05) (BuildId: b856c61f98abf0989f157f153740fe0fadfbb760)
    #5 0x55ca91648523 in llvm::Target::createTargetMachine(llvm::StringRef, llvm::StringRef, llvm::StringRef, llvm::TargetOptions const&, std::optional<llvm::Reloc::Model>, std::optional<llvm::CodeModel::Model>, llvm::CodeGenOptLevel, bool) const /usr/lib/llvm-20/include/llvm/MC/TargetRegistry.h:462:12
    #6 0x55ca9163a09e in tsc::TargetRegistry::initializeAllTargets() /workspace/src/TargetRegistry.cpp:67:41
    #7 0x55ca9162bdcd in tsc::Compiler::initializeLLVM() /workspace/src/Compiler.cpp:349:14
    #8 0x55ca9162b8b7 in tsc::Compiler::Compiler(tsc::CompilerOptions const&) /workspace/src/Compiler.cpp:24:5
    #9 0x55ca915fd7b5 in main /workspace/src/main.cpp:191:18
    #10 0x7ff5c395a337  (/lib/x86_64-linux-gnu/libc.so.6+0x2a337) (BuildId: 467f544f15035abef911999cbc14489edd0555ab)
    #11 0x7ff5c395a3fa in __libc_start_main (/lib/x86_64-linux-gnu/libc.so.6+0x2a3fa) (BuildId: 467f544f15035abef911999cbc14489edd0555ab)
    #12 0x55ca91511b64 in _start (/workspace/build-asan/tsc+0x74b64) (BuildId: 73a10d7cc646a755f705b0ae57418e68578aec2f)

Indirect leak of 232 byte(s) in 1 object(s) allocated from:
    #0 0x55ca915fa191 in operator new(unsigned long) (/workspace/build-asan/tsc+0x15d191) (BuildId: 73a10d7cc646a755f705b0ae57418e68578aec2f)
    #1 0x7ff5c846b053  (/usr/lib/llvm-20/lib/libLLVM.so.20.1+0x454f053) (BuildId: b856c61f98abf0989f157f153740fe0fadfbb760)
    #2 0x7ff5c52d06be in llvm::CodeGenTargetMachineImpl::initAsmInfo() (/usr/lib/llvm-20/lib/libLLVM.so.20.1+0x13b46be) (BuildId: b856c61f98abf0989f157f153740fe0fadfbb760)
    #3 0x7ff5c8457128  (/usr/lib/llvm-20/lib/libLLVM.so.20.1+0x453b128) (BuildId: b856c61f98abf0989f157f153740fe0fadfbb760)
    #4 0x7ff5c8457a7a  (/usr/lib/llvm-20/lib/libLLVM.so.20.1+0x453ba7a) (BuildId: b856c61f98abf0989f157f153740fe0fadfbb760)
    #5 0x55ca91648523 in llvm::Target::createTargetMachine(llvm::StringRef, llvm::StringRef, llvm::StringRef, llvm::TargetOptions const&, std::optional<llvm::Reloc::Model>, std::optional<llvm::CodeModel::Model>, llvm::CodeGenOptLevel, bool) const /usr/lib/llvm-20/include/llvm/MC/TargetRegistry.h:462:12
    #6 0x55ca9163a09e in tsc::TargetRegistry::initializeAllTargets() /workspace/src/TargetRegistry.cpp:67:41
    #7 0x55ca9162bdcd in tsc::Compiler::initializeLLVM() /workspace/src/Compiler.cpp:349:14
    #8 0x55ca9162b8b7 in tsc::Compiler::Compiler(tsc::CompilerOptions const&) /workspace/src/Compiler.cpp:24:5
    #9 0x55ca915fd7b5 in main /workspace/src/main.cpp:191:18
    #10 0x7ff5c395a337  (/lib/x86_64-linux-gnu/libc.so.6+0x2a337) (BuildId: 467f544f15035abef911999cbc14489edd0555ab)
    #11 0x7ff5c395a3fa in __libc_start_main (/lib/x86_64-linux-gnu/libc.so.6+0x2a3fa) (BuildId: 467f544f15035abef911999cbc14489edd0555ab)
    #12 0x55ca91511b64 in _start (/workspace/build-asan/tsc+0x74b64) (BuildId: 73a10d7cc646a755f705b0ae57418e68578aec2f)

Indirect leak of 232 byte(s) in 1 object(s) allocated from:
    #0 0x55ca915fa191 in operator new(unsigned long) (/workspace/build-asan/tsc+0x15d191) (BuildId: 73a10d7cc646a755f705b0ae57418e68578aec2f)
    #1 0x7ff5c7ee5f53  (/usr/lib/llvm-20/lib/libLLVM.so.20.1+0x3fc9f53) (BuildId: b856c61f98abf0989f157f153740fe0fadfbb760)
    #2 0x7ff5c52d06be in llvm::CodeGenTargetMachineImpl::initAsmInfo() (/usr/lib/llvm-20/lib/libLLVM.so.20.1+0x13b46be) (BuildId: b856c61f98abf0989f157f153740fe0fadfbb760)
    #3 0x7ff5c7ed4b76  (/usr/lib/llvm-20/lib/libLLVM.so.20.1+0x3fb8b76) (BuildId: b856c61f98abf0989f157f153740fe0fadfbb760)
    #4 0x7ff5c7ed569c  (/usr/lib/llvm-20/lib/libLLVM.so.20.1+0x3fb969c) (BuildId: b856c61f98abf0989f157f153740fe0fadfbb760)
    #5 0x55ca91648523 in llvm::Target::createTargetMachine(llvm::StringRef, llvm::StringRef, llvm::StringRef, llvm::TargetOptions const&, std::optional<llvm::Reloc::Model>, std::optional<llvm::CodeModel::Model>, llvm::CodeGenOptLevel, bool) const /usr/lib/llvm-20/include/llvm/MC/TargetRegistry.h:462:12
    #6 0x55ca9163a09e in tsc::TargetRegistry::initializeAllTargets() /workspace/src/TargetRegistry.cpp:67:41
    #7 0x55ca9162bdcd in tsc::Compiler::initializeLLVM() /workspace/src/Compiler.cpp:349:14
    #8 0x55ca9162b8b7 in tsc::Compiler::Compiler(tsc::CompilerOptions const&) /workspace/src/Compiler.cpp:24:5
    #9 0x55ca915fd7b5 in main /workspace/src/main.cpp:191:18
    #10 0x7ff5c395a337  (/lib/x86_64-linux-gnu/libc.so.6+0x2a337) (BuildId: 467f544f15035abef911999cbc14489edd0555ab)
    #11 0x7ff5c395a3fa in __libc_start_main (/lib/x86_64-linux-gnu/libc.so.6+0x2a3fa) (BuildId: 467f544f15035abef911999cbc14489edd0555ab)
    #12 0x55ca91511b64 in _start (/workspace/build-asan/tsc+0x74b64) (BuildId: 73a10d7cc646a755f705b0ae57418e68578aec2f)

Indirect leak of 232 byte(s) in 1 object(s) allocated from:
    #0 0x55ca915fa191 in operator new(unsigned long) (/workspace/build-asan/tsc+0x15d191) (BuildId: 73a10d7cc646a755f705b0ae57418e68578aec2f)
    #1 0x7ff5c7c31103  (/usr/lib/llvm-20/lib/libLLVM.so.20.1+0x3d15103) (BuildId: b856c61f98abf0989f157f153740fe0fadfbb760)
    #2 0x7ff5c52d06be in llvm::CodeGenTargetMachineImpl::initAsmInfo() (/usr/lib/llvm-20/lib/libLLVM.so.20.1+0x13b46be) (BuildId: b856c61f98abf0989f157f153740fe0fadfbb760)
    #3 0x7ff5c7c060c4  (/usr/lib/llvm-20/lib/libLLVM.so.20.1+0x3cea0c4) (BuildId: b856c61f98abf0989f157f153740fe0fadfbb760)
    #4 0x7ff5c7c07e74  (/usr/lib/llvm-20/lib/libLLVM.so.20.1+0x3cebe74) (BuildId: b856c61f98abf0989f157f153740fe0fadfbb760)
    #5 0x55ca91648523 in llvm::Target::createTargetMachine(llvm::StringRef, llvm::StringRef, llvm::StringRef, llvm::TargetOptions const&, std::optional<llvm::Reloc::Model>, std::optional<llvm::CodeModel::Model>, llvm::CodeGenOptLevel, bool) const /usr/lib/llvm-20/include/llvm/MC/TargetRegistry.h:462:12
    #6 0x55ca9163a09e in tsc::TargetRegistry::initializeAllTargets() /workspace/src/TargetRegistry.cpp:67:41
    #7 0x55ca9162bdcd in tsc::Compiler::initializeLLVM() /workspace/src/Compiler.cpp:349:14
    #8 0x55ca9162b8b7 in tsc::Compiler::Compiler(tsc::CompilerOptions const&) /workspace/src/Compiler.cpp:24:5
    #9 0x55ca915fd7b5 in main /workspace/src/main.cpp:191:18
    #10 0x7ff5c395a337  (/lib/x86_64-linux-gnu/libc.so.6+0x2a337) (BuildId: 467f544f15035abef911999cbc14489edd0555ab)
    #11 0x7ff5c395a3fa in __libc_start_main (/lib/x86_64-linux-gnu/libc.so.6+0x2a3fa) (BuildId: 467f544f15035abef911999cbc14489edd0555ab)
    #12 0x55ca91511b64 in _start (/workspace/build-asan/tsc+0x74b64) (BuildId: 73a10d7cc646a755f705b0ae57418e68578aec2f)

Indirect leak of 232 byte(s) in 1 object(s) allocated from:
    #0 0x55ca915fa191 in operator new(unsigned long) (/workspace/build-asan/tsc+0x15d191) (BuildId: 73a10d7cc646a755f705b0ae57418e68578aec2f)
    #1 0x7ff5c7c31103  (/usr/lib/llvm-20/lib/libLLVM.so.20.1+0x3d15103) (BuildId: b856c61f98abf0989f157f153740fe0fadfbb760)
    #2 0x7ff5c52d06be in llvm::CodeGenTargetMachineImpl::initAsmInfo() (/usr/lib/llvm-20/lib/libLLVM.so.20.1+0x13b46be) (BuildId: b856c61f98abf0989f157f153740fe0fadfbb760)
    #3 0x7ff5c7c060c4  (/usr/lib/llvm-20/lib/libLLVM.so.20.1+0x3cea0c4) (BuildId: b856c61f98abf0989f157f153740fe0fadfbb760)
    #4 0x7ff5c7c07f34  (/usr/lib/llvm-20/lib/libLLVM.so.20.1+0x3cebf34) (BuildId: b856c61f98abf0989f157f153740fe0fadfbb760)
    #5 0x55ca91648523 in llvm::Target::createTargetMachine(llvm::StringRef, llvm::StringRef, llvm::StringRef, llvm::TargetOptions const&, std::optional<llvm::Reloc::Model>, std::optional<llvm::CodeModel::Model>, llvm::CodeGenOptLevel, bool) const /usr/lib/llvm-20/include/llvm/MC/TargetRegistry.h:462:12
    #6 0x55ca9163a09e in tsc::TargetRegistry::initializeAllTargets() /workspace/src/TargetRegistry.cpp:67:41
    #7 0x55ca9162bdcd in tsc::Compiler::initializeLLVM() /workspace/src/Compiler.cpp:349:14
    #8 0x55ca9162b8b7 in tsc::Compiler::Compiler(tsc::CompilerOptions const&) /workspace/src/Compiler.cpp:24:5
    #9 0x55ca915fd7b5 in main /workspace/src/main.cpp:191:18
    #10 0x7ff5c395a337  (/lib/x86_64-linux-gnu/libc.so.6+0x2a337) (BuildId: 467f544f15035abef911999cbc14489edd0555ab)
    #11 0x7ff5c395a3fa in __libc_start_main (/lib/x86_64-linux-gnu/libc.so.6+0x2a3fa) (BuildId: 467f544f15035abef911999cbc14489edd0555ab)
    #12 0x55ca91511b64 in _start (/workspace/build-asan/tsc+0x74b64) (BuildId: 73a10d7cc646a755f705b0ae57418e68578aec2f)

Indirect leak of 232 byte(s) in 1 object(s) allocated from:
    #0 0x55ca915fa191 in operator new(unsigned long) (/workspace/build-asan/tsc+0x15d191) (BuildId: 73a10d7cc646a755f705b0ae57418e68578aec2f)
    #1 0x7ff5c7bc53e3  (/usr/lib/llvm-20/lib/libLLVM.so.20.1+0x3ca93e3) (BuildId: b856c61f98abf0989f157f153740fe0fadfbb760)
    #2 0x7ff5c52d06be in llvm::CodeGenTargetMachineImpl::initAsmInfo() (/usr/lib/llvm-20/lib/libLLVM.so.20.1+0x13b46be) (BuildId: b856c61f98abf0989f157f153740fe0fadfbb760)
    #3 0x7ff5c7bc1f78  (/usr/lib/llvm-20/lib/libLLVM.so.20.1+0x3ca5f78) (BuildId: b856c61f98abf0989f157f153740fe0fadfbb760)
    #4 0x7ff5c7bc234a  (/usr/lib/llvm-20/lib/libLLVM.so.20.1+0x3ca634a) (BuildId: b856c61f98abf0989f157f153740fe0fadfbb760)
    #5 0x55ca91648523 in llvm::Target::createTargetMachine(llvm::StringRef, llvm::StringRef, llvm::StringRef, llvm::TargetOptions const&, std::optional<llvm::Reloc::Model>, std::optional<llvm::CodeModel::Model>, llvm::CodeGenOptLevel, bool) const /usr/lib/llvm-20/include/llvm/MC/TargetRegistry.h:462:12
    #6 0x55ca9163a09e in tsc::TargetRegistry::initializeAllTargets() /workspace/src/TargetRegistry.cpp:67:41
    #7 0x55ca9162bdcd in tsc::Compiler::initializeLLVM() /workspace/src/Compiler.cpp:349:14
    #8 0x55ca9162b8b7 in tsc::Compiler::Compiler(tsc::CompilerOptions const&) /workspace/src/Compiler.cpp:24:5
    #9 0x55ca915fd7b5 in main /workspace/src/main.cpp:191:18
    #10 0x7ff5c395a337  (/lib/x86_64-linux-gnu/libc.so.6+0x2a337) (BuildId: 467f544f15035abef911999cbc14489edd0555ab)
    #11 0x7ff5c395a3fa in __libc_start_main (/lib/x86_64-linux-gnu/libc.so.6+0x2a3fa) (BuildId: 467f544f15035abef911999cbc14489edd0555ab)
    #12 0x55ca91511b64 in _start (/workspace/build-asan/tsc+0x74b64) (BuildId: 73a10d7cc646a755f705b0ae57418e68578aec2f)

Indirect leak of 232 byte(s) in 1 object(s) allocated from:
    #0 0x55ca915fa191 in operator new(unsigned long) (/workspace/build-asan/tsc+0x15d191) (BuildId: 73a10d7cc646a755f705b0ae57418e68578aec2f)
    #1 0x7ff5c7a3a573  (/usr/lib/llvm-20/lib/libLLVM.so.20.1+0x3b1e573) (BuildId: b856c61f98abf0989f157f153740fe0fadfbb760)
    #2 0x7ff5c52d06be in llvm::CodeGenTargetMachineImpl::initAsmInfo() (/usr/lib/llvm-20/lib/libLLVM.so.20.1+0x13b46be) (BuildId: b856c61f98abf0989f157f153740fe0fadfbb760)
    #3 0x7ff5c79ce866  (/usr/lib/llvm-20/lib/libLLVM.so.20.1+0x3ab2866) (BuildId: b856c61f98abf0989f157f153740fe0fadfbb760)
    #4 0x7ff5c79d081a  (/usr/lib/llvm-20/lib/libLLVM.so.20.1+0x3ab481a) (BuildId: b856c61f98abf0989f157f153740fe0fadfbb760)
    #5 0x55ca91648523 in llvm::Target::createTargetMachine(llvm::StringRef, llvm::StringRef, llvm::StringRef, llvm::TargetOptions const&, std::optional<llvm::Reloc::Model>, std::optional<llvm::CodeModel::Model>, llvm::CodeGenOptLevel, bool) const /usr/lib/llvm-20/include/llvm/MC/TargetRegistry.h:462:12
    #6 0x55ca9163a09e in tsc::TargetRegistry::initializeAllTargets() /workspace/src/TargetRegistry.cpp:67:41
    #7 0x55ca9162bdcd in tsc::Compiler::initializeLLVM() /workspace/src/Compiler.cpp:349:14
    #8 0x55ca9162b8b7 in tsc::Compiler::Compiler(tsc::CompilerOptions const&) /workspace/src/Compiler.cpp:24:5
    #9 0x55ca915fd7b5 in main /workspace/src/main.cpp:191:18
    #10 0x7ff5c395a337  (/lib/x86_64-linux-gnu/libc.so.6+0x2a337) (BuildId: 467f544f15035abef911999cbc14489edd0555ab)
    #11 0x7ff5c395a3fa in __libc_start_main (/lib/x86_64-linux-gnu/libc.so.6+0x2a3fa) (BuildId: 467f544f15035abef911999cbc14489edd0555ab)
    #12 0x55ca91511b64 in _start (/workspace/build-asan/tsc+0x74b64) (BuildId: 73a10d7cc646a755f705b0ae57418e68578aec2f)

Indirect leak of 232 byte(s) in 1 object(s) allocated from:
    #0 0x55ca915fa191 in operator new(unsigned long) (/workspace/build-asan/tsc+0x15d191) (BuildId: 73a10d7cc646a755f705b0ae57418e68578aec2f)
    #1 0x7ff5c719b1cb  (/usr/lib/llvm-20/lib/libLLVM.so.20.1+0x327f1cb) (BuildId: b856c61f98abf0989f157f153740fe0fadfbb760)
    #2 0x7ff5c52d06be in llvm::CodeGenTargetMachineImpl::initAsmInfo() (/usr/lib/llvm-20/lib/libLLVM.so.20.1+0x13b46be) (BuildId: b856c61f98abf0989f157f153740fe0fadfbb760)
    #3 0x7ff5c70ed3c9  (/usr/lib/llvm-20/lib/libLLVM.so.20.1+0x31d13c9) (BuildId: b856c61f98abf0989f157f153740fe0fadfbb760)
    #4 0x7ff5c70efddc  (/usr/lib/llvm-20/lib/libLLVM.so.20.1+0x31d3ddc) (BuildId: b856c61f98abf0989f157f153740fe0fadfbb760)
    #5 0x55ca91648523 in llvm::Target::createTargetMachine(llvm::StringRef, llvm::StringRef, llvm::StringRef, llvm::TargetOptions const&, std::optional<llvm::Reloc::Model>, std::optional<llvm::CodeModel::Model>, llvm::CodeGenOptLevel, bool) const /usr/lib/llvm-20/include/llvm/MC/TargetRegistry.h:462:12
    #6 0x55ca9163a09e in tsc::TargetRegistry::initializeAllTargets() /workspace/src/TargetRegistry.cpp:67:41
    #7 0x55ca9162bdcd in tsc::Compiler::initializeLLVM() /workspace/src/Compiler.cpp:349:14
    #8 0x55ca9162b8b7 in tsc::Compiler::Compiler(tsc::CompilerOptions const&) /workspace/src/Compiler.cpp:24:5
    #9 0x55ca915fd7b5 in main /workspace/src/main.cpp:191:18
    #10 0x7ff5c395a337  (/lib/x86_64-linux-gnu/libc.so.6+0x2a337) (BuildId: 467f544f15035abef911999cbc14489edd0555ab)
    #11 0x7ff5c395a3fa in __libc_start_main (/lib/x86_64-linux-gnu/libc.so.6+0x2a3fa) (BuildId: 467f544f15035abef911999cbc14489edd0555ab)
    #12 0x55ca91511b64 in _start (/workspace/build-asan/tsc+0x74b64) (BuildId: 73a10d7cc646a755f705b0ae57418e68578aec2f)

Indirect leak of 232 byte(s) in 1 object(s) allocated from:
    #0 0x55ca915fa191 in operator new(unsigned long) (/workspace/build-asan/tsc+0x15d191) (BuildId: 73a10d7cc646a755f705b0ae57418e68578aec2f)
    #1 0x7ff5c763c237  (/usr/lib/llvm-20/lib/libLLVM.so.20.1+0x3720237) (BuildId: b856c61f98abf0989f157f153740fe0fadfbb760)
    #2 0x7ff5c52d06be in llvm::CodeGenTargetMachineImpl::initAsmInfo() (/usr/lib/llvm-20/lib/libLLVM.so.20.1+0x13b46be) (BuildId: b856c61f98abf0989f157f153740fe0fadfbb760)
    #3 0x7ff5c733201a  (/usr/lib/llvm-20/lib/libLLVM.so.20.1+0x341601a) (BuildId: b856c61f98abf0989f157f153740fe0fadfbb760)
    #4 0x7ff5c734729c  (/usr/lib/llvm-20/lib/libLLVM.so.20.1+0x342b29c) (BuildId: b856c61f98abf0989f157f153740fe0fadfbb760)
    #5 0x55ca91648523 in llvm::Target::createTargetMachine(llvm::StringRef, llvm::StringRef, llvm::StringRef, llvm::TargetOptions const&, std::optional<llvm::Reloc::Model>, std::optional<llvm::CodeModel::Model>, llvm::CodeGenOptLevel, bool) const /usr/lib/llvm-20/include/llvm/MC/TargetRegistry.h:462:12
    #6 0x55ca9163a09e in tsc::TargetRegistry::initializeAllTargets() /workspace/src/TargetRegistry.cpp:67:41
    #7 0x55ca9162bdcd in tsc::Compiler::initializeLLVM() /workspace/src/Compiler.cpp:349:14
    #8 0x55ca9162b8b7 in tsc::Compiler::Compiler(tsc::CompilerOptions const&) /workspace/src/Compiler.cpp:24:5
    #9 0x55ca915fd7b5 in main /workspace/src/main.cpp:191:18
    #10 0x7ff5c395a337  (/lib/x86_64-linux-gnu/libc.so.6+0x2a337) (BuildId: 467f544f15035abef911999cbc14489edd0555ab)
    #11 0x7ff5c395a3fa in __libc_start_main (/lib/x86_64-linux-gnu/libc.so.6+0x2a3fa) (BuildId: 467f544f15035abef911999cbc14489edd0555ab)
    #12 0x55ca91511b64 in _start (/workspace/build-asan/tsc+0x74b64) (BuildId: 73a10d7cc646a755f705b0ae57418e68578aec2f)

Indirect leak of 229 byte(s) in 1 object(s) allocated from:
    #0 0x55ca915fa191 in operator new(unsigned long) (/workspace/build-asan/tsc+0x15d191) (BuildId: 73a10d7cc646a755f705b0ae57418e68578aec2f)
    #1 0x7ff5c4ff3807 in llvm::DataLayout::parseLayoutString(llvm::StringRef) (/usr/lib/llvm-20/lib/libLLVM.so.20.1+0x10d7807) (BuildId: b856c61f98abf0989f157f153740fe0fadfbb760)
    #2 0x7ff5c4ff3744 in llvm::DataLayout::DataLayout(llvm::StringRef) (/usr/lib/llvm-20/lib/libLLVM.so.20.1+0x10d7744) (BuildId: b856c61f98abf0989f157f153740fe0fadfbb760)
    #3 0x7ff5c6ef490c in llvm::TargetMachine::TargetMachine(llvm::Target const&, llvm::StringRef, llvm::Triple const&, llvm::StringRef, llvm::StringRef, llvm::TargetOptions const&) (/usr/lib/llvm-20/lib/libLLVM.so.20.1+0x2fd890c) (BuildId: b856c61f98abf0989f157f153740fe0fadfbb760)
    #4 0x7ff5c52d0937 in llvm::CodeGenTargetMachineImpl::CodeGenTargetMachineImpl(llvm::Target const&, llvm::StringRef, llvm::Triple const&, llvm::StringRef, llvm::StringRef, llvm::TargetOptions const&, llvm::Reloc::Model, llvm::CodeModel::Model, llvm::CodeGenOptLevel) (/usr/lib/llvm-20/lib/libLLVM.so.20.1+0x13b4937) (BuildId: b856c61f98abf0989f157f153740fe0fadfbb760)
    #5 0x7ff5c7331fcf  (/usr/lib/llvm-20/lib/libLLVM.so.20.1+0x3415fcf) (BuildId: b856c61f98abf0989f157f153740fe0fadfbb760)
    #6 0x7ff5c73e5e9c  (/usr/lib/llvm-20/lib/libLLVM.so.20.1+0x34c9e9c) (BuildId: b856c61f98abf0989f157f153740fe0fadfbb760)
    #7 0x7ff5c73471fd  (/usr/lib/llvm-20/lib/libLLVM.so.20.1+0x342b1fd) (BuildId: b856c61f98abf0989f157f153740fe0fadfbb760)
    #8 0x55ca91648523 in llvm::Target::createTargetMachine(llvm::StringRef, llvm::StringRef, llvm::StringRef, llvm::TargetOptions const&, std::optional<llvm::Reloc::Model>, std::optional<llvm::CodeModel::Model>, llvm::CodeGenOptLevel, bool) const /usr/lib/llvm-20/include/llvm/MC/TargetRegistry.h:462:12
    #9 0x55ca9163a09e in tsc::TargetRegistry::initializeAllTargets() /workspace/src/TargetRegistry.cpp:67:41
    #10 0x55ca9162bdcd in tsc::Compiler::initializeLLVM() /workspace/src/Compiler.cpp:349:14
    #11 0x55ca9162b8b7 in tsc::Compiler::Compiler(tsc::CompilerOptions const&) /workspace/src/Compiler.cpp:24:5
    #12 0x55ca915fd7b5 in main /workspace/src/main.cpp:191:18
    #13 0x7ff5c395a337  (/lib/x86_64-linux-gnu/libc.so.6+0x2a337) (BuildId: 467f544f15035abef911999cbc14489edd0555ab)
    #14 0x7ff5c395a3fa in __libc_start_main (/lib/x86_64-linux-gnu/libc.so.6+0x2a3fa) (BuildId: 467f544f15035abef911999cbc14489edd0555ab)
    #15 0x55ca91511b64 in _start (/workspace/build-asan/tsc+0x74b64) (BuildId: 73a10d7cc646a755f705b0ae57418e68578aec2f)

Indirect leak of 229 byte(s) in 1 object(s) allocated from:
    #0 0x55ca915fa191 in operator new(unsigned long) (/workspace/build-asan/tsc+0x15d191) (BuildId: 73a10d7cc646a755f705b0ae57418e68578aec2f)
    #1 0x7ff5c4ff3807 in llvm::DataLayout::parseLayoutString(llvm::StringRef) (/usr/lib/llvm-20/lib/libLLVM.so.20.1+0x10d7807) (BuildId: b856c61f98abf0989f157f153740fe0fadfbb760)
    #2 0x7ff5c4ff3744 in llvm::DataLayout::DataLayout(llvm::StringRef) (/usr/lib/llvm-20/lib/libLLVM.so.20.1+0x10d7744) (BuildId: b856c61f98abf0989f157f153740fe0fadfbb760)
    #3 0x7ff5c6ef490c in llvm::TargetMachine::TargetMachine(llvm::Target const&, llvm::StringRef, llvm::Triple const&, llvm::StringRef, llvm::StringRef, llvm::TargetOptions const&) (/usr/lib/llvm-20/lib/libLLVM.so.20.1+0x2fd890c) (BuildId: b856c61f98abf0989f157f153740fe0fadfbb760)
    #4 0x7ff5c52d0937 in llvm::CodeGenTargetMachineImpl::CodeGenTargetMachineImpl(llvm::Target const&, llvm::StringRef, llvm::Triple const&, llvm::StringRef, llvm::StringRef, llvm::TargetOptions const&, llvm::Reloc::Model, llvm::CodeModel::Model, llvm::CodeGenOptLevel) (/usr/lib/llvm-20/lib/libLLVM.so.20.1+0x13b4937) (BuildId: b856c61f98abf0989f157f153740fe0fadfbb760)
    #5 0x7ff5c7331fcf  (/usr/lib/llvm-20/lib/libLLVM.so.20.1+0x3415fcf) (BuildId: b856c61f98abf0989f157f153740fe0fadfbb760)
    #6 0x7ff5c734729c  (/usr/lib/llvm-20/lib/libLLVM.so.20.1+0x342b29c) (BuildId: b856c61f98abf0989f157f153740fe0fadfbb760)
    #7 0x55ca91648523 in llvm::Target::createTargetMachine(llvm::StringRef, llvm::StringRef, llvm::StringRef, llvm::TargetOptions const&, std::optional<llvm::Reloc::Model>, std::optional<llvm::CodeModel::Model>, llvm::CodeGenOptLevel, bool) const /usr/lib/llvm-20/include/llvm/MC/TargetRegistry.h:462:12
    #8 0x55ca9163a09e in tsc::TargetRegistry::initializeAllTargets() /workspace/src/TargetRegistry.cpp:67:41
    #9 0x55ca9162bdcd in tsc::Compiler::initializeLLVM() /workspace/src/Compiler.cpp:349:14
    #10 0x55ca9162b8b7 in tsc::Compiler::Compiler(tsc::CompilerOptions const&) /workspace/src/Compiler.cpp:24:5
    #11 0x55ca915fd7b5 in main /workspace/src/main.cpp:191:18
    #12 0x7ff5c395a337  (/lib/x86_64-linux-gnu/libc.so.6+0x2a337) (BuildId: 467f544f15035abef911999cbc14489edd0555ab)
    #13 0x7ff5c395a3fa in __libc_start_main (/lib/x86_64-linux-gnu/libc.so.6+0x2a3fa) (BuildId: 467f544f15035abef911999cbc14489edd0555ab)
    #14 0x55ca91511b64 in _start (/workspace/build-asan/tsc+0x74b64) (BuildId: 73a10d7cc646a755f705b0ae57418e68578aec2f)

Indirect leak of 216 byte(s) in 3 object(s) allocated from:
    #0 0x55ca915b5858 in malloc (/workspace/build-asan/tsc+0x118858) (BuildId: 73a10d7cc646a755f705b0ae57418e68578aec2f)
    #1 0x7ff5c4ec89b9 in llvm::SmallVectorBase<unsigned int>::grow_pod(void*, unsigned long, unsigned long) (/usr/lib/llvm-20/lib/libLLVM.so.20.1+0xfac9b9) (BuildId: b856c61f98abf0989f157f153740fe0fadfbb760)
    #2 0x7ff5c59b6bce  (/usr/lib/llvm-20/lib/libLLVM.so.20.1+0x1a9abce) (BuildId: b856c61f98abf0989f157f153740fe0fadfbb760)
    #3 0x7ff5c59b6dcb  (/usr/lib/llvm-20/lib/libLLVM.so.20.1+0x1a9adcb) (BuildId: b856c61f98abf0989f157f153740fe0fadfbb760)
    #4 0x7ff5c6f3b008  (/usr/lib/llvm-20/lib/libLLVM.so.20.1+0x301f008) (BuildId: b856c61f98abf0989f157f153740fe0fadfbb760)
    #5 0x7ff5c6f3af97  (/usr/lib/llvm-20/lib/libLLVM.so.20.1+0x301ef97) (BuildId: b856c61f98abf0989f157f153740fe0fadfbb760)
    #6 0x7ff5c6f3998b  (/usr/lib/llvm-20/lib/libLLVM.so.20.1+0x301d98b) (BuildId: b856c61f98abf0989f157f153740fe0fadfbb760)
    #7 0x7ff5c6f398a6  (/usr/lib/llvm-20/lib/libLLVM.so.20.1+0x301d8a6) (BuildId: b856c61f98abf0989f157f153740fe0fadfbb760)
    #8 0x7ff5c7f5a121  (/usr/lib/llvm-20/lib/libLLVM.so.20.1+0x403e121) (BuildId: b856c61f98abf0989f157f153740fe0fadfbb760)
    #9 0x7ff5c7f81ab1  (/usr/lib/llvm-20/lib/libLLVM.so.20.1+0x4065ab1) (BuildId: b856c61f98abf0989f157f153740fe0fadfbb760)
    #10 0x7ff5c7f83c8f  (/usr/lib/llvm-20/lib/libLLVM.so.20.1+0x4067c8f) (BuildId: b856c61f98abf0989f157f153740fe0fadfbb760)
    #11 0x7ff5c7f8526a  (/usr/lib/llvm-20/lib/libLLVM.so.20.1+0x406926a) (BuildId: b856c61f98abf0989f157f153740fe0fadfbb760)
    #12 0x55ca91648523 in llvm::Target::createTargetMachine(llvm::StringRef, llvm::StringRef, llvm::StringRef, llvm::TargetOptions const&, std::optional<llvm::Reloc::Model>, std::optional<llvm::CodeModel::Model>, llvm::CodeGenOptLevel, bool) const /usr/lib/llvm-20/include/llvm/MC/TargetRegistry.h:462:12
    #13 0x55ca9163a09e in tsc::TargetRegistry::initializeAllTargets() /workspace/src/TargetRegistry.cpp:67:41
    #14 0x55ca9162bdcd in tsc::Compiler::initializeLLVM() /workspace/src/Compiler.cpp:349:14
    #15 0x55ca9162b8b7 in tsc::Compiler::Compiler(tsc::CompilerOptions const&) /workspace/src/Compiler.cpp:24:5
    #16 0x55ca915fd7b5 in main /workspace/src/main.cpp:191:18
    #17 0x7ff5c395a337  (/lib/x86_64-linux-gnu/libc.so.6+0x2a337) (BuildId: 467f544f15035abef911999cbc14489edd0555ab)
    #18 0x7ff5c395a3fa in __libc_start_main (/lib/x86_64-linux-gnu/libc.so.6+0x2a3fa) (BuildId: 467f544f15035abef911999cbc14489edd0555ab)
    #19 0x55ca91511b64 in _start (/workspace/build-asan/tsc+0x74b64) (BuildId: 73a10d7cc646a755f705b0ae57418e68578aec2f)

Indirect leak of 216 byte(s) in 3 object(s) allocated from:
    #0 0x55ca915b5858 in malloc (/workspace/build-asan/tsc+0x118858) (BuildId: 73a10d7cc646a755f705b0ae57418e68578aec2f)
    #1 0x7ff5c4ec87d6 in llvm::SmallVectorBase<unsigned int>::mallocForGrow(void*, unsigned long, unsigned long, unsigned long&) (/usr/lib/llvm-20/lib/libLLVM.so.20.1+0xfac7d6) (BuildId: b856c61f98abf0989f157f153740fe0fadfbb760)
    #2 0x7ff5c5a01e2c in llvm::SmallVectorTemplateBase<std::vector<std::pair<unsigned short, llvm::LegacyLegalizeActions::LegacyLegalizeAction>, std::allocator<std::pair<unsigned short, llvm::LegacyLegalizeActions::LegacyLegalizeAction>>>, false>::grow(unsigned long) (/usr/lib/llvm-20/lib/libLLVM.so.20.1+0x1ae5e2c) (BuildId: b856c61f98abf0989f157f153740fe0fadfbb760)
    #3 0x7ff5c5a01a32  (/usr/lib/llvm-20/lib/libLLVM.so.20.1+0x1ae5a32) (BuildId: b856c61f98abf0989f157f153740fe0fadfbb760)
    #4 0x7ff5c59fed33 in llvm::LegacyLegalizerInfo::LegacyLegalizerInfo() (/usr/lib/llvm-20/lib/libLLVM.so.20.1+0x1ae2d33) (BuildId: b856c61f98abf0989f157f153740fe0fadfbb760)
    #5 0x7ff5c7f58893  (/usr/lib/llvm-20/lib/libLLVM.so.20.1+0x403c893) (BuildId: b856c61f98abf0989f157f153740fe0fadfbb760)
    #6 0x7ff5c7f81ab1  (/usr/lib/llvm-20/lib/libLLVM.so.20.1+0x4065ab1) (BuildId: b856c61f98abf0989f157f153740fe0fadfbb760)
    #7 0x7ff5c7f83c8f  (/usr/lib/llvm-20/lib/libLLVM.so.20.1+0x4067c8f) (BuildId: b856c61f98abf0989f157f153740fe0fadfbb760)
    #8 0x7ff5c7f8526a  (/usr/lib/llvm-20/lib/libLLVM.so.20.1+0x406926a) (BuildId: b856c61f98abf0989f157f153740fe0fadfbb760)
    #9 0x55ca91648523 in llvm::Target::createTargetMachine(llvm::StringRef, llvm::StringRef, llvm::StringRef, llvm::TargetOptions const&, std::optional<llvm::Reloc::Model>, std::optional<llvm::CodeModel::Model>, llvm::CodeGenOptLevel, bool) const /usr/lib/llvm-20/include/llvm/MC/TargetRegistry.h:462:12
    #10 0x55ca9163a09e in tsc::TargetRegistry::initializeAllTargets() /workspace/src/TargetRegistry.cpp:67:41
    #11 0x55ca9162bdcd in tsc::Compiler::initializeLLVM() /workspace/src/Compiler.cpp:349:14
    #12 0x55ca9162b8b7 in tsc::Compiler::Compiler(tsc::CompilerOptions const&) /workspace/src/Compiler.cpp:24:5
    #13 0x55ca915fd7b5 in main /workspace/src/main.cpp:191:18
    #14 0x7ff5c395a337  (/lib/x86_64-linux-gnu/libc.so.6+0x2a337) (BuildId: 467f544f15035abef911999cbc14489edd0555ab)
    #15 0x7ff5c395a3fa in __libc_start_main (/lib/x86_64-linux-gnu/libc.so.6+0x2a3fa) (BuildId: 467f544f15035abef911999cbc14489edd0555ab)
    #16 0x55ca91511b64 in _start (/workspace/build-asan/tsc+0x74b64) (BuildId: 73a10d7cc646a755f705b0ae57418e68578aec2f)

Indirect leak of 216 byte(s) in 3 object(s) allocated from:
    #0 0x55ca915b5858 in malloc (/workspace/build-asan/tsc+0x118858) (BuildId: 73a10d7cc646a755f705b0ae57418e68578aec2f)
    #1 0x7ff5c4ec87d6 in llvm::SmallVectorBase<unsigned int>::mallocForGrow(void*, unsigned long, unsigned long, unsigned long&) (/usr/lib/llvm-20/lib/libLLVM.so.20.1+0xfac7d6) (BuildId: b856c61f98abf0989f157f153740fe0fadfbb760)
    #2 0x7ff5c5a01e2c in llvm::SmallVectorTemplateBase<std::vector<std::pair<unsigned short, llvm::LegacyLegalizeActions::LegacyLegalizeAction>, std::allocator<std::pair<unsigned short, llvm::LegacyLegalizeActions::LegacyLegalizeAction>>>, false>::grow(unsigned long) (/usr/lib/llvm-20/lib/libLLVM.so.20.1+0x1ae5e2c) (BuildId: b856c61f98abf0989f157f153740fe0fadfbb760)
    #3 0x7ff5c5a01a32  (/usr/lib/llvm-20/lib/libLLVM.so.20.1+0x1ae5a32) (BuildId: b856c61f98abf0989f157f153740fe0fadfbb760)
    #4 0x7ff5c59fed33 in llvm::LegacyLegalizerInfo::LegacyLegalizerInfo() (/usr/lib/llvm-20/lib/libLLVM.so.20.1+0x1ae2d33) (BuildId: b856c61f98abf0989f157f153740fe0fadfbb760)
    #5 0x7ff5c788b02b  (/usr/lib/llvm-20/lib/libLLVM.so.20.1+0x396f02b) (BuildId: b856c61f98abf0989f157f153740fe0fadfbb760)
    #6 0x7ff5c78a436d  (/usr/lib/llvm-20/lib/libLLVM.so.20.1+0x398836d) (BuildId: b856c61f98abf0989f157f153740fe0fadfbb760)
    #7 0x7ff5c78a49df  (/usr/lib/llvm-20/lib/libLLVM.so.20.1+0x39889df) (BuildId: b856c61f98abf0989f157f153740fe0fadfbb760)
    #8 0x7ff5c78a5f8a  (/usr/lib/llvm-20/lib/libLLVM.so.20.1+0x3989f8a) (BuildId: b856c61f98abf0989f157f153740fe0fadfbb760)
    #9 0x55ca91648523 in llvm::Target::createTargetMachine(llvm::StringRef, llvm::StringRef, llvm::StringRef, llvm::TargetOptions const&, std::optional<llvm::Reloc::Model>, std::optional<llvm::CodeModel::Model>, llvm::CodeGenOptLevel, bool) const /usr/lib/llvm-20/include/llvm/MC/TargetRegistry.h:462:12
    #10 0x55ca9163a09e in tsc::TargetRegistry::initializeAllTargets() /workspace/src/TargetRegistry.cpp:67:41
    #11 0x55ca9162bdcd in tsc::Compiler::initializeLLVM() /workspace/src/Compiler.cpp:349:14
    #12 0x55ca9162b8b7 in tsc::Compiler::Compiler(tsc::CompilerOptions const&) /workspace/src/Compiler.cpp:24:5
    #13 0x55ca915fd7b5 in main /workspace/src/main.cpp:191:18
    #14 0x7ff5c395a337  (/lib/x86_64-linux-gnu/libc.so.6+0x2a337) (BuildId: 467f544f15035abef911999cbc14489edd0555ab)
    #15 0x7ff5c395a3fa in __libc_start_main (/lib/x86_64-linux-gnu/libc.so.6+0x2a3fa) (BuildId: 467f544f15035abef911999cbc14489edd0555ab)
    #16 0x55ca91511b64 in _start (/workspace/build-asan/tsc+0x74b64) (BuildId: 73a10d7cc646a755f705b0ae57418e68578aec2f)

Indirect leak of 216 byte(s) in 3 object(s) allocated from:
    #0 0x55ca915b5858 in malloc (/workspace/build-asan/tsc+0x118858) (BuildId: 73a10d7cc646a755f705b0ae57418e68578aec2f)
    #1 0x7ff5c4ec87d6 in llvm::SmallVectorBase<unsigned int>::mallocForGrow(void*, unsigned long, unsigned long, unsigned long&) (/usr/lib/llvm-20/lib/libLLVM.so.20.1+0xfac7d6) (BuildId: b856c61f98abf0989f157f153740fe0fadfbb760)
    #2 0x7ff5c5a01e2c in llvm::SmallVectorTemplateBase<std::vector<std::pair<unsigned short, llvm::LegacyLegalizeActions::LegacyLegalizeAction>, std::allocator<std::pair<unsigned short, llvm::LegacyLegalizeActions::LegacyLegalizeAction>>>, false>::grow(unsigned long) (/usr/lib/llvm-20/lib/libLLVM.so.20.1+0x1ae5e2c) (BuildId: b856c61f98abf0989f157f153740fe0fadfbb760)
    #3 0x7ff5c5a01a32  (/usr/lib/llvm-20/lib/libLLVM.so.20.1+0x1ae5a32) (BuildId: b856c61f98abf0989f157f153740fe0fadfbb760)
    #4 0x7ff5c59fece3 in llvm::LegacyLegalizerInfo::LegacyLegalizerInfo() (/usr/lib/llvm-20/lib/libLLVM.so.20.1+0x1ae2ce3) (BuildId: b856c61f98abf0989f157f153740fe0fadfbb760)
    #5 0x7ff5c788b02b  (/usr/lib/llvm-20/lib/libLLVM.so.20.1+0x396f02b) (BuildId: b856c61f98abf0989f157f153740fe0fadfbb760)
    #6 0x7ff5c78a436d  (/usr/lib/llvm-20/lib/libLLVM.so.20.1+0x398836d) (BuildId: b856c61f98abf0989f157f153740fe0fadfbb760)
    #7 0x7ff5c78a49df  (/usr/lib/llvm-20/lib/libLLVM.so.20.1+0x39889df) (BuildId: b856c61f98abf0989f157f153740fe0fadfbb760)
    #8 0x7ff5c78a5f8a  (/usr/lib/llvm-20/lib/libLLVM.so.20.1+0x3989f8a) (BuildId: b856c61f98abf0989f157f153740fe0fadfbb760)
    #9 0x55ca91648523 in llvm::Target::createTargetMachine(llvm::StringRef, llvm::StringRef, llvm::StringRef, llvm::TargetOptions const&, std::optional<llvm::Reloc::Model>, std::optional<llvm::CodeModel::Model>, llvm::CodeGenOptLevel, bool) const /usr/lib/llvm-20/include/llvm/MC/TargetRegistry.h:462:12
    #10 0x55ca9163a09e in tsc::TargetRegistry::initializeAllTargets() /workspace/src/TargetRegistry.cpp:67:41
    #11 0x55ca9162bdcd in tsc::Compiler::initializeLLVM() /workspace/src/Compiler.cpp:349:14
    #12 0x55ca9162b8b7 in tsc::Compiler::Compiler(tsc::CompilerOptions const&) /workspace/src/Compiler.cpp:24:5
    #13 0x55ca915fd7b5 in main /workspace/src/main.cpp:191:18
    #14 0x7ff5c395a337  (/lib/x86_64-linux-gnu/libc.so.6+0x2a337) (BuildId: 467f544f15035abef911999cbc14489edd0555ab)
    #15 0x7ff5c395a3fa in __libc_start_main (/lib/x86_64-linux-gnu/libc.so.6+0x2a3fa) (BuildId: 467f544f15035abef911999cbc14489edd0555ab)
    #16 0x55ca91511b64 in _start (/workspace/build-asan/tsc+0x74b64) (BuildId: 73a10d7cc646a755f705b0ae57418e68578aec2f)

Indirect leak of 216 byte(s) in 3 object(s) allocated from:
    #0 0x55ca915b5858 in malloc (/workspace/build-asan/tsc+0x118858) (BuildId: 73a10d7cc646a755f705b0ae57418e68578aec2f)
    #1 0x7ff5c4ec87d6 in llvm::SmallVectorBase<unsigned int>::mallocForGrow(void*, unsigned long, unsigned long, unsigned long&) (/usr/lib/llvm-20/lib/libLLVM.so.20.1+0xfac7d6) (BuildId: b856c61f98abf0989f157f153740fe0fadfbb760)
    #2 0x7ff5c5a01e2c in llvm::SmallVectorTemplateBase<std::vector<std::pair<unsigned short, llvm::LegacyLegalizeActions::LegacyLegalizeAction>, std::allocator<std::pair<unsigned short, llvm::LegacyLegalizeActions::LegacyLegalizeAction>>>, false>::grow(unsigned long) (/usr/lib/llvm-20/lib/libLLVM.so.20.1+0x1ae5e2c) (BuildId: b856c61f98abf0989f157f153740fe0fadfbb760)
    #3 0x7ff5c5a01a32  (/usr/lib/llvm-20/lib/libLLVM.so.20.1+0x1ae5a32) (BuildId: b856c61f98abf0989f157f153740fe0fadfbb760)
    #4 0x7ff5c59fec93 in llvm::LegacyLegalizerInfo::LegacyLegalizerInfo() (/usr/lib/llvm-20/lib/libLLVM.so.20.1+0x1ae2c93) (BuildId: b856c61f98abf0989f157f153740fe0fadfbb760)
    #5 0x7ff5c788b02b  (/usr/lib/llvm-20/lib/libLLVM.so.20.1+0x396f02b) (BuildId: b856c61f98abf0989f157f153740fe0fadfbb760)
    #6 0x7ff5c78a436d  (/usr/lib/llvm-20/lib/libLLVM.so.20.1+0x398836d) (BuildId: b856c61f98abf0989f157f153740fe0fadfbb760)
    #7 0x7ff5c78a49df  (/usr/lib/llvm-20/lib/libLLVM.so.20.1+0x39889df) (BuildId: b856c61f98abf0989f157f153740fe0fadfbb760)
    #8 0x7ff5c78a5f8a  (/usr/lib/llvm-20/lib/libLLVM.so.20.1+0x3989f8a) (BuildId: b856c61f98abf0989f157f153740fe0fadfbb760)
    #9 0x55ca91648523 in llvm::Target::createTargetMachine(llvm::StringRef, llvm::StringRef, llvm::StringRef, llvm::TargetOptions const&, std::optional<llvm::Reloc::Model>, std::optional<llvm::CodeModel::Model>, llvm::CodeGenOptLevel, bool) const /usr/lib/llvm-20/include/llvm/MC/TargetRegistry.h:462:12
    #10 0x55ca9163a09e in tsc::TargetRegistry::initializeAllTargets() /workspace/src/TargetRegistry.cpp:67:41
    #11 0x55ca9162bdcd in tsc::Compiler::initializeLLVM() /workspace/src/Compiler.cpp:349:14
    #12 0x55ca9162b8b7 in tsc::Compiler::Compiler(tsc::CompilerOptions const&) /workspace/src/Compiler.cpp:24:5
    #13 0x55ca915fd7b5 in main /workspace/src/main.cpp:191:18
    #14 0x7ff5c395a337  (/lib/x86_64-linux-gnu/libc.so.6+0x2a337) (BuildId: 467f544f15035abef911999cbc14489edd0555ab)
    #15 0x7ff5c395a3fa in __libc_start_main (/lib/x86_64-linux-gnu/libc.so.6+0x2a3fa) (BuildId: 467f544f15035abef911999cbc14489edd0555ab)
    #16 0x55ca91511b64 in _start (/workspace/build-asan/tsc+0x74b64) (BuildId: 73a10d7cc646a755f705b0ae57418e68578aec2f)

Indirect leak of 216 byte(s) in 3 object(s) allocated from:
    #0 0x55ca915b5858 in malloc (/workspace/build-asan/tsc+0x118858) (BuildId: 73a10d7cc646a755f705b0ae57418e68578aec2f)
    #1 0x7ff5c4ec89b9 in llvm::SmallVectorBase<unsigned int>::grow_pod(void*, unsigned long, unsigned long) (/usr/lib/llvm-20/lib/libLLVM.so.20.1+0xfac9b9) (BuildId: b856c61f98abf0989f157f153740fe0fadfbb760)
    #2 0x7ff5c59b6bce  (/usr/lib/llvm-20/lib/libLLVM.so.20.1+0x1a9abce) (BuildId: b856c61f98abf0989f157f153740fe0fadfbb760)
    #3 0x7ff5c59b6dcb  (/usr/lib/llvm-20/lib/libLLVM.so.20.1+0x1a9adcb) (BuildId: b856c61f98abf0989f157f153740fe0fadfbb760)
    #4 0x7ff5c6f3b008  (/usr/lib/llvm-20/lib/libLLVM.so.20.1+0x301f008) (BuildId: b856c61f98abf0989f157f153740fe0fadfbb760)
    #5 0x7ff5c6f3af97  (/usr/lib/llvm-20/lib/libLLVM.so.20.1+0x301ef97) (BuildId: b856c61f98abf0989f157f153740fe0fadfbb760)
    #6 0x7ff5c6f3998b  (/usr/lib/llvm-20/lib/libLLVM.so.20.1+0x301d98b) (BuildId: b856c61f98abf0989f157f153740fe0fadfbb760)
    #7 0x7ff5c6f398a6  (/usr/lib/llvm-20/lib/libLLVM.so.20.1+0x301d8a6) (BuildId: b856c61f98abf0989f157f153740fe0fadfbb760)
    #8 0x7ff5c7f59ffd  (/usr/lib/llvm-20/lib/libLLVM.so.20.1+0x403dffd) (BuildId: b856c61f98abf0989f157f153740fe0fadfbb760)
    #9 0x7ff5c7f81ab1  (/usr/lib/llvm-20/lib/libLLVM.so.20.1+0x4065ab1) (BuildId: b856c61f98abf0989f157f153740fe0fadfbb760)
    #10 0x7ff5c7f83c8f  (/usr/lib/llvm-20/lib/libLLVM.so.20.1+0x4067c8f) (BuildId: b856c61f98abf0989f157f153740fe0fadfbb760)
    #11 0x7ff5c7f8526a  (/usr/lib/llvm-20/lib/libLLVM.so.20.1+0x406926a) (BuildId: b856c61f98abf0989f157f153740fe0fadfbb760)
    #12 0x55ca91648523 in llvm::Target::createTargetMachine(llvm::StringRef, llvm::StringRef, llvm::StringRef, llvm::TargetOptions const&, std::optional<llvm::Reloc::Model>, std::optional<llvm::CodeModel::Model>, llvm::CodeGenOptLevel, bool) const /usr/lib/llvm-20/include/llvm/MC/TargetRegistry.h:462:12
    #13 0x55ca9163a09e in tsc::TargetRegistry::initializeAllTargets() /workspace/src/TargetRegistry.cpp:67:41
    #14 0x55ca9162bdcd in tsc::Compiler::initializeLLVM() /workspace/src/Compiler.cpp:349:14
    #15 0x55ca9162b8b7 in tsc::Compiler::Compiler(tsc::CompilerOptions const&) /workspace/src/Compiler.cpp:24:5
    #16 0x55ca915fd7b5 in main /workspace/src/main.cpp:191:18
    #17 0x7ff5c395a337  (/lib/x86_64-linux-gnu/libc.so.6+0x2a337) (BuildId: 467f544f15035abef911999cbc14489edd0555ab)
    #18 0x7ff5c395a3fa in __libc_start_main (/lib/x86_64-linux-gnu/libc.so.6+0x2a3fa) (BuildId: 467f544f15035abef911999cbc14489edd0555ab)
    #19 0x55ca91511b64 in _start (/workspace/build-asan/tsc+0x74b64) (BuildId: 73a10d7cc646a755f705b0ae57418e68578aec2f)

Indirect leak of 216 byte(s) in 3 object(s) allocated from:
    #0 0x55ca915b5858 in malloc (/workspace/build-asan/tsc+0x118858) (BuildId: 73a10d7cc646a755f705b0ae57418e68578aec2f)
    #1 0x7ff5c4ec87d6 in llvm::SmallVectorBase<unsigned int>::mallocForGrow(void*, unsigned long, unsigned long, unsigned long&) (/usr/lib/llvm-20/lib/libLLVM.so.20.1+0xfac7d6) (BuildId: b856c61f98abf0989f157f153740fe0fadfbb760)
    #2 0x7ff5c5a01e2c in llvm::SmallVectorTemplateBase<std::vector<std::pair<unsigned short, llvm::LegacyLegalizeActions::LegacyLegalizeAction>, std::allocator<std::pair<unsigned short, llvm::LegacyLegalizeActions::LegacyLegalizeAction>>>, false>::grow(unsigned long) (/usr/lib/llvm-20/lib/libLLVM.so.20.1+0x1ae5e2c) (BuildId: b856c61f98abf0989f157f153740fe0fadfbb760)
    #3 0x7ff5c5a01a32  (/usr/lib/llvm-20/lib/libLLVM.so.20.1+0x1ae5a32) (BuildId: b856c61f98abf0989f157f153740fe0fadfbb760)
    #4 0x7ff5c59fedcf in llvm::LegacyLegalizerInfo::LegacyLegalizerInfo() (/usr/lib/llvm-20/lib/libLLVM.so.20.1+0x1ae2dcf) (BuildId: b856c61f98abf0989f157f153740fe0fadfbb760)
    #5 0x7ff5c7f58893  (/usr/lib/llvm-20/lib/libLLVM.so.20.1+0x403c893) (BuildId: b856c61f98abf0989f157f153740fe0fadfbb760)
    #6 0x7ff5c7f81ab1  (/usr/lib/llvm-20/lib/libLLVM.so.20.1+0x4065ab1) (BuildId: b856c61f98abf0989f157f153740fe0fadfbb760)
    #7 0x7ff5c7f83c8f  (/usr/lib/llvm-20/lib/libLLVM.so.20.1+0x4067c8f) (BuildId: b856c61f98abf0989f157f153740fe0fadfbb760)
    #8 0x7ff5c7f8526a  (/usr/lib/llvm-20/lib/libLLVM.so.20.1+0x406926a) (BuildId: b856c61f98abf0989f157f153740fe0fadfbb760)
    #9 0x55ca91648523 in llvm::Target::createTargetMachine(llvm::StringRef, llvm::StringRef, llvm::StringRef, llvm::TargetOptions const&, std::optional<llvm::Reloc::Model>, std::optional<llvm::CodeModel::Model>, llvm::CodeGenOptLevel, bool) const /usr/lib/llvm-20/include/llvm/MC/TargetRegistry.h:462:12
    #10 0x55ca9163a09e in tsc::TargetRegistry::initializeAllTargets() /workspace/src/TargetRegistry.cpp:67:41
    #11 0x55ca9162bdcd in tsc::Compiler::initializeLLVM() /workspace/src/Compiler.cpp:349:14
    #12 0x55ca9162b8b7 in tsc::Compiler::Compiler(tsc::CompilerOptions const&) /workspace/src/Compiler.cpp:24:5
    #13 0x55ca915fd7b5 in main /workspace/src/main.cpp:191:18
    #14 0x7ff5c395a337  (/lib/x86_64-linux-gnu/libc.so.6+0x2a337) (BuildId: 467f544f15035abef911999cbc14489edd0555ab)
    #15 0x7ff5c395a3fa in __libc_start_main (/lib/x86_64-linux-gnu/libc.so.6+0x2a3fa) (BuildId: 467f544f15035abef911999cbc14489edd0555ab)
    #16 0x55ca91511b64 in _start (/workspace/build-asan/tsc+0x74b64) (BuildId: 73a10d7cc646a755f705b0ae57418e68578aec2f)

Indirect leak of 216 byte(s) in 3 object(s) allocated from:
    #0 0x55ca915b5858 in malloc (/workspace/build-asan/tsc+0x118858) (BuildId: 73a10d7cc646a755f705b0ae57418e68578aec2f)
    #1 0x7ff5c4ec87d6 in llvm::SmallVectorBase<unsigned int>::mallocForGrow(void*, unsigned long, unsigned long, unsigned long&) (/usr/lib/llvm-20/lib/libLLVM.so.20.1+0xfac7d6) (BuildId: b856c61f98abf0989f157f153740fe0fadfbb760)
    #2 0x7ff5c5a01e2c in llvm::SmallVectorTemplateBase<std::vector<std::pair<unsigned short, llvm::LegacyLegalizeActions::LegacyLegalizeAction>, std::allocator<std::pair<unsigned short, llvm::LegacyLegalizeActions::LegacyLegalizeAction>>>, false>::grow(unsigned long) (/usr/lib/llvm-20/lib/libLLVM.so.20.1+0x1ae5e2c) (BuildId: b856c61f98abf0989f157f153740fe0fadfbb760)
    #3 0x7ff5c5a01a32  (/usr/lib/llvm-20/lib/libLLVM.so.20.1+0x1ae5a32) (BuildId: b856c61f98abf0989f157f153740fe0fadfbb760)
    #4 0x7ff5c59fece3 in llvm::LegacyLegalizerInfo::LegacyLegalizerInfo() (/usr/lib/llvm-20/lib/libLLVM.so.20.1+0x1ae2ce3) (BuildId: b856c61f98abf0989f157f153740fe0fadfbb760)
    #5 0x7ff5c7f58893  (/usr/lib/llvm-20/lib/libLLVM.so.20.1+0x403c893) (BuildId: b856c61f98abf0989f157f153740fe0fadfbb760)
    #6 0x7ff5c7f81ab1  (/usr/lib/llvm-20/lib/libLLVM.so.20.1+0x4065ab1) (BuildId: b856c61f98abf0989f157f153740fe0fadfbb760)
    #7 0x7ff5c7f83c8f  (/usr/lib/llvm-20/lib/libLLVM.so.20.1+0x4067c8f) (BuildId: b856c61f98abf0989f157f153740fe0fadfbb760)
    #8 0x7ff5c7f8526a  (/usr/lib/llvm-20/lib/libLLVM.so.20.1+0x406926a) (BuildId: b856c61f98abf0989f157f153740fe0fadfbb760)
    #9 0x55ca91648523 in llvm::Target::createTargetMachine(llvm::StringRef, llvm::StringRef, llvm::StringRef, llvm::TargetOptions const&, std::optional<llvm::Reloc::Model>, std::optional<llvm::CodeModel::Model>, llvm::CodeGenOptLevel, bool) const /usr/lib/llvm-20/include/llvm/MC/TargetRegistry.h:462:12
    #10 0x55ca9163a09e in tsc::TargetRegistry::initializeAllTargets() /workspace/src/TargetRegistry.cpp:67:41
    #11 0x55ca9162bdcd in tsc::Compiler::initializeLLVM() /workspace/src/Compiler.cpp:349:14
    #12 0x55ca9162b8b7 in tsc::Compiler::Compiler(tsc::CompilerOptions const&) /workspace/src/Compiler.cpp:24:5
    #13 0x55ca915fd7b5 in main /workspace/src/main.cpp:191:18
    #14 0x7ff5c395a337  (/lib/x86_64-linux-gnu/libc.so.6+0x2a337) (BuildId: 467f544f15035abef911999cbc14489edd0555ab)
    #15 0x7ff5c395a3fa in __libc_start_main (/lib/x86_64-linux-gnu/libc.so.6+0x2a3fa) (BuildId: 467f544f15035abef911999cbc14489edd0555ab)
    #16 0x55ca91511b64 in _start (/workspace/build-asan/tsc+0x74b64) (BuildId: 73a10d7cc646a755f705b0ae57418e68578aec2f)

Indirect leak of 216 byte(s) in 3 object(s) allocated from:
    #0 0x55ca915b5858 in malloc (/workspace/build-asan/tsc+0x118858) (BuildId: 73a10d7cc646a755f705b0ae57418e68578aec2f)
    #1 0x7ff5c4ec87d6 in llvm::SmallVectorBase<unsigned int>::mallocForGrow(void*, unsigned long, unsigned long, unsigned long&) (/usr/lib/llvm-20/lib/libLLVM.so.20.1+0xfac7d6) (BuildId: b856c61f98abf0989f157f153740fe0fadfbb760)
    #2 0x7ff5c5a01e2c in llvm::SmallVectorTemplateBase<std::vector<std::pair<unsigned short, llvm::LegacyLegalizeActions::LegacyLegalizeAction>, std::allocator<std::pair<unsigned short, llvm::LegacyLegalizeActions::LegacyLegalizeAction>>>, false>::grow(unsigned long) (/usr/lib/llvm-20/lib/libLLVM.so.20.1+0x1ae5e2c) (BuildId: b856c61f98abf0989f157f153740fe0fadfbb760)
    #3 0x7ff5c5a01a32  (/usr/lib/llvm-20/lib/libLLVM.so.20.1+0x1ae5a32) (BuildId: b856c61f98abf0989f157f153740fe0fadfbb760)
    #4 0x7ff5c59fec93 in llvm::LegacyLegalizerInfo::LegacyLegalizerInfo() (/usr/lib/llvm-20/lib/libLLVM.so.20.1+0x1ae2c93) (BuildId: b856c61f98abf0989f157f153740fe0fadfbb760)
    #5 0x7ff5c7f58893  (/usr/lib/llvm-20/lib/libLLVM.so.20.1+0x403c893) (BuildId: b856c61f98abf0989f157f153740fe0fadfbb760)
    #6 0x7ff5c7f81ab1  (/usr/lib/llvm-20/lib/libLLVM.so.20.1+0x4065ab1) (BuildId: b856c61f98abf0989f157f153740fe0fadfbb760)
    #7 0x7ff5c7f83c8f  (/usr/lib/llvm-20/lib/libLLVM.so.20.1+0x4067c8f) (BuildId: b856c61f98abf0989f157f153740fe0fadfbb760)
    #8 0x7ff5c7f8526a  (/usr/lib/llvm-20/lib/libLLVM.so.20.1+0x406926a) (BuildId: b856c61f98abf0989f157f153740fe0fadfbb760)
    #9 0x55ca91648523 in llvm::Target::createTargetMachine(llvm::StringRef, llvm::StringRef, llvm::StringRef, llvm::TargetOptions const&, std::optional<llvm::Reloc::Model>, std::optional<llvm::CodeModel::Model>, llvm::CodeGenOptLevel, bool) const /usr/lib/llvm-20/include/llvm/MC/TargetRegistry.h:462:12
    #10 0x55ca9163a09e in tsc::TargetRegistry::initializeAllTargets() /workspace/src/TargetRegistry.cpp:67:41
    #11 0x55ca9162bdcd in tsc::Compiler::initializeLLVM() /workspace/src/Compiler.cpp:349:14
    #12 0x55ca9162b8b7 in tsc::Compiler::Compiler(tsc::CompilerOptions const&) /workspace/src/Compiler.cpp:24:5
    #13 0x55ca915fd7b5 in main /workspace/src/main.cpp:191:18
    #14 0x7ff5c395a337  (/lib/x86_64-linux-gnu/libc.so.6+0x2a337) (BuildId: 467f544f15035abef911999cbc14489edd0555ab)
    #15 0x7ff5c395a3fa in __libc_start_main (/lib/x86_64-linux-gnu/libc.so.6+0x2a3fa) (BuildId: 467f544f15035abef911999cbc14489edd0555ab)
    #16 0x55ca91511b64 in _start (/workspace/build-asan/tsc+0x74b64) (BuildId: 73a10d7cc646a755f705b0ae57418e68578aec2f)

Indirect leak of 216 byte(s) in 3 object(s) allocated from:
    #0 0x55ca915b5858 in malloc (/workspace/build-asan/tsc+0x118858) (BuildId: 73a10d7cc646a755f705b0ae57418e68578aec2f)
    #1 0x7ff5c4ec87d6 in llvm::SmallVectorBase<unsigned int>::mallocForGrow(void*, unsigned long, unsigned long, unsigned long&) (/usr/lib/llvm-20/lib/libLLVM.so.20.1+0xfac7d6) (BuildId: b856c61f98abf0989f157f153740fe0fadfbb760)
    #2 0x7ff5c5a01e2c in llvm::SmallVectorTemplateBase<std::vector<std::pair<unsigned short, llvm::LegacyLegalizeActions::LegacyLegalizeAction>, std::allocator<std::pair<unsigned short, llvm::LegacyLegalizeActions::LegacyLegalizeAction>>>, false>::grow(unsigned long) (/usr/lib/llvm-20/lib/libLLVM.so.20.1+0x1ae5e2c) (BuildId: b856c61f98abf0989f157f153740fe0fadfbb760)
    #3 0x7ff5c5a01a32  (/usr/lib/llvm-20/lib/libLLVM.so.20.1+0x1ae5a32) (BuildId: b856c61f98abf0989f157f153740fe0fadfbb760)
    #4 0x7ff5c59fedcf in llvm::LegacyLegalizerInfo::LegacyLegalizerInfo() (/usr/lib/llvm-20/lib/libLLVM.so.20.1+0x1ae2dcf) (BuildId: b856c61f98abf0989f157f153740fe0fadfbb760)
    #5 0x7ff5c788b02b  (/usr/lib/llvm-20/lib/libLLVM.so.20.1+0x396f02b) (BuildId: b856c61f98abf0989f157f153740fe0fadfbb760)
    #6 0x7ff5c78a436d  (/usr/lib/llvm-20/lib/libLLVM.so.20.1+0x398836d) (BuildId: b856c61f98abf0989f157f153740fe0fadfbb760)
    #7 0x7ff5c78a49df  (/usr/lib/llvm-20/lib/libLLVM.so.20.1+0x39889df) (BuildId: b856c61f98abf0989f157f153740fe0fadfbb760)
    #8 0x7ff5c78a5f8a  (/usr/lib/llvm-20/lib/libLLVM.so.20.1+0x3989f8a) (BuildId: b856c61f98abf0989f157f153740fe0fadfbb760)
    #9 0x55ca91648523 in llvm::Target::createTargetMachine(llvm::StringRef, llvm::StringRef, llvm::StringRef, llvm::TargetOptions const&, std::optional<llvm::Reloc::Model>, std::optional<llvm::CodeModel::Model>, llvm::CodeGenOptLevel, bool) const /usr/lib/llvm-20/include/llvm/MC/TargetRegistry.h:462:12
    #10 0x55ca9163a09e in tsc::TargetRegistry::initializeAllTargets() /workspace/src/TargetRegistry.cpp:67:41
    #11 0x55ca9162bdcd in tsc::Compiler::initializeLLVM() /workspace/src/Compiler.cpp:349:14
    #12 0x55ca9162b8b7 in tsc::Compiler::Compiler(tsc::CompilerOptions const&) /workspace/src/Compiler.cpp:24:5
    #13 0x55ca915fd7b5 in main /workspace/src/main.cpp:191:18
    #14 0x7ff5c395a337  (/lib/x86_64-linux-gnu/libc.so.6+0x2a337) (BuildId: 467f544f15035abef911999cbc14489edd0555ab)
    #15 0x7ff5c395a3fa in __libc_start_main (/lib/x86_64-linux-gnu/libc.so.6+0x2a3fa) (BuildId: 467f544f15035abef911999cbc14489edd0555ab)
    #16 0x55ca91511b64 in _start (/workspace/build-asan/tsc+0x74b64) (BuildId: 73a10d7cc646a755f705b0ae57418e68578aec2f)

Indirect leak of 208 byte(s) in 1 object(s) allocated from:
    #0 0x55ca915fa191 in operator new(unsigned long) (/workspace/build-asan/tsc+0x15d191) (BuildId: 73a10d7cc646a755f705b0ae57418e68578aec2f)
    #1 0x7ff5c534e995 in void std::vector<llvm::MCCFIInstruction, std::allocator<llvm::MCCFIInstruction>>::_M_realloc_append<llvm::MCCFIInstruction const&>(llvm::MCCFIInstruction const&) (/usr/lib/llvm-20/lib/libLLVM.so.20.1+0x1432995) (BuildId: b856c61f98abf0989f157f153740fe0fadfbb760)
    #2 0x7ff5c7bc52ec  (/usr/lib/llvm-20/lib/libLLVM.so.20.1+0x3ca92ec) (BuildId: b856c61f98abf0989f157f153740fe0fadfbb760)
    #3 0x7ff5c52d081f in llvm::CodeGenTargetMachineImpl::initAsmInfo() (/usr/lib/llvm-20/lib/libLLVM.so.20.1+0x13b481f) (BuildId: b856c61f98abf0989f157f153740fe0fadfbb760)
    #4 0x7ff5c7bc1f78  (/usr/lib/llvm-20/lib/libLLVM.so.20.1+0x3ca5f78) (BuildId: b856c61f98abf0989f157f153740fe0fadfbb760)
    #5 0x7ff5c7bc234a  (/usr/lib/llvm-20/lib/libLLVM.so.20.1+0x3ca634a) (BuildId: b856c61f98abf0989f157f153740fe0fadfbb760)
    #6 0x55ca91648523 in llvm::Target::createTargetMachine(llvm::StringRef, llvm::StringRef, llvm::StringRef, llvm::TargetOptions const&, std::optional<llvm::Reloc::Model>, std::optional<llvm::CodeModel::Model>, llvm::CodeGenOptLevel, bool) const /usr/lib/llvm-20/include/llvm/MC/TargetRegistry.h:462:12
    #7 0x55ca9163a09e in tsc::TargetRegistry::initializeAllTargets() /workspace/src/TargetRegistry.cpp:67:41
    #8 0x55ca9162bdcd in tsc::Compiler::initializeLLVM() /workspace/src/Compiler.cpp:349:14
    #9 0x55ca9162b8b7 in tsc::Compiler::Compiler(tsc::CompilerOptions const&) /workspace/src/Compiler.cpp:24:5
    #10 0x55ca915fd7b5 in main /workspace/src/main.cpp:191:18
    #11 0x7ff5c395a337  (/lib/x86_64-linux-gnu/libc.so.6+0x2a337) (BuildId: 467f544f15035abef911999cbc14489edd0555ab)
    #12 0x7ff5c395a3fa in __libc_start_main (/lib/x86_64-linux-gnu/libc.so.6+0x2a3fa) (BuildId: 467f544f15035abef911999cbc14489edd0555ab)
    #13 0x55ca91511b64 in _start (/workspace/build-asan/tsc+0x74b64) (BuildId: 73a10d7cc646a755f705b0ae57418e68578aec2f)

Indirect leak of 208 byte(s) in 1 object(s) allocated from:
    #0 0x55ca915fa191 in operator new(unsigned long) (/workspace/build-asan/tsc+0x15d191) (BuildId: 73a10d7cc646a755f705b0ae57418e68578aec2f)
    #1 0x7ff5c534e995 in void std::vector<llvm::MCCFIInstruction, std::allocator<llvm::MCCFIInstruction>>::_M_realloc_append<llvm::MCCFIInstruction const&>(llvm::MCCFIInstruction const&) (/usr/lib/llvm-20/lib/libLLVM.so.20.1+0x1432995) (BuildId: b856c61f98abf0989f157f153740fe0fadfbb760)
    #2 0x7ff5c846af9a  (/usr/lib/llvm-20/lib/libLLVM.so.20.1+0x454ef9a) (BuildId: b856c61f98abf0989f157f153740fe0fadfbb760)
    #3 0x7ff5c52d081f in llvm::CodeGenTargetMachineImpl::initAsmInfo() (/usr/lib/llvm-20/lib/libLLVM.so.20.1+0x13b481f) (BuildId: b856c61f98abf0989f157f153740fe0fadfbb760)
    #4 0x7ff5c8457128  (/usr/lib/llvm-20/lib/libLLVM.so.20.1+0x453b128) (BuildId: b856c61f98abf0989f157f153740fe0fadfbb760)
    #5 0x7ff5c8457a7a  (/usr/lib/llvm-20/lib/libLLVM.so.20.1+0x453ba7a) (BuildId: b856c61f98abf0989f157f153740fe0fadfbb760)
    #6 0x55ca91648523 in llvm::Target::createTargetMachine(llvm::StringRef, llvm::StringRef, llvm::StringRef, llvm::TargetOptions const&, std::optional<llvm::Reloc::Model>, std::optional<llvm::CodeModel::Model>, llvm::CodeGenOptLevel, bool) const /usr/lib/llvm-20/include/llvm/MC/TargetRegistry.h:462:12
    #7 0x55ca9163a09e in tsc::TargetRegistry::initializeAllTargets() /workspace/src/TargetRegistry.cpp:67:41
    #8 0x55ca9162bdcd in tsc::Compiler::initializeLLVM() /workspace/src/Compiler.cpp:349:14
    #9 0x55ca9162b8b7 in tsc::Compiler::Compiler(tsc::CompilerOptions const&) /workspace/src/Compiler.cpp:24:5
    #10 0x55ca915fd7b5 in main /workspace/src/main.cpp:191:18
    #11 0x7ff5c395a337  (/lib/x86_64-linux-gnu/libc.so.6+0x2a337) (BuildId: 467f544f15035abef911999cbc14489edd0555ab)
    #12 0x7ff5c395a3fa in __libc_start_main (/lib/x86_64-linux-gnu/libc.so.6+0x2a3fa) (BuildId: 467f544f15035abef911999cbc14489edd0555ab)
    #13 0x55ca91511b64 in _start (/workspace/build-asan/tsc+0x74b64) (BuildId: 73a10d7cc646a755f705b0ae57418e68578aec2f)

Indirect leak of 208 byte(s) in 2 object(s) allocated from:
    #0 0x55ca915fa191 in operator new(unsigned long) (/workspace/build-asan/tsc+0x15d191) (BuildId: 73a10d7cc646a755f705b0ae57418e68578aec2f)
    #1 0x7ff5c534e995 in void std::vector<llvm::MCCFIInstruction, std::allocator<llvm::MCCFIInstruction>>::_M_realloc_append<llvm::MCCFIInstruction const&>(llvm::MCCFIInstruction const&) (/usr/lib/llvm-20/lib/libLLVM.so.20.1+0x1432995) (BuildId: b856c61f98abf0989f157f153740fe0fadfbb760)
    #2 0x7ff5c7ac98bc  (/usr/lib/llvm-20/lib/libLLVM.so.20.1+0x3bad8bc) (BuildId: b856c61f98abf0989f157f153740fe0fadfbb760)
    #3 0x7ff5c52d081f in llvm::CodeGenTargetMachineImpl::initAsmInfo() (/usr/lib/llvm-20/lib/libLLVM.so.20.1+0x13b481f) (BuildId: b856c61f98abf0989f157f153740fe0fadfbb760)
    #4 0x7ff5c7aa6971  (/usr/lib/llvm-20/lib/libLLVM.so.20.1+0x3b8a971) (BuildId: b856c61f98abf0989f157f153740fe0fadfbb760)
    #5 0x7ff5c7aa76ca  (/usr/lib/llvm-20/lib/libLLVM.so.20.1+0x3b8b6ca) (BuildId: b856c61f98abf0989f157f153740fe0fadfbb760)
    #6 0x55ca91648523 in llvm::Target::createTargetMachine(llvm::StringRef, llvm::StringRef, llvm::StringRef, llvm::TargetOptions const&, std::optional<llvm::Reloc::Model>, std::optional<llvm::CodeModel::Model>, llvm::CodeGenOptLevel, bool) const /usr/lib/llvm-20/include/llvm/MC/TargetRegistry.h:462:12
    #7 0x55ca9163a09e in tsc::TargetRegistry::initializeAllTargets() /workspace/src/TargetRegistry.cpp:67:41
    #8 0x55ca9162bdcd in tsc::Compiler::initializeLLVM() /workspace/src/Compiler.cpp:349:14
    #9 0x55ca9162b8b7 in tsc::Compiler::Compiler(tsc::CompilerOptions const&) /workspace/src/Compiler.cpp:24:5
    #10 0x55ca915fd7b5 in main /workspace/src/main.cpp:191:18
    #11 0x7ff5c395a337  (/lib/x86_64-linux-gnu/libc.so.6+0x2a337) (BuildId: 467f544f15035abef911999cbc14489edd0555ab)
    #12 0x7ff5c395a3fa in __libc_start_main (/lib/x86_64-linux-gnu/libc.so.6+0x2a3fa) (BuildId: 467f544f15035abef911999cbc14489edd0555ab)
    #13 0x55ca91511b64 in _start (/workspace/build-asan/tsc+0x74b64) (BuildId: 73a10d7cc646a755f705b0ae57418e68578aec2f)

Indirect leak of 208 byte(s) in 2 object(s) allocated from:
    #0 0x55ca915fa191 in operator new(unsigned long) (/workspace/build-asan/tsc+0x15d191) (BuildId: 73a10d7cc646a755f705b0ae57418e68578aec2f)
    #1 0x7ff5c534e995 in void std::vector<llvm::MCCFIInstruction, std::allocator<llvm::MCCFIInstruction>>::_M_realloc_append<llvm::MCCFIInstruction const&>(llvm::MCCFIInstruction const&) (/usr/lib/llvm-20/lib/libLLVM.so.20.1+0x1432995) (BuildId: b856c61f98abf0989f157f153740fe0fadfbb760)
    #2 0x7ff5c7bace87  (/usr/lib/llvm-20/lib/libLLVM.so.20.1+0x3c90e87) (BuildId: b856c61f98abf0989f157f153740fe0fadfbb760)
    #3 0x7ff5c52d081f in llvm::CodeGenTargetMachineImpl::initAsmInfo() (/usr/lib/llvm-20/lib/libLLVM.so.20.1+0x13b481f) (BuildId: b856c61f98abf0989f157f153740fe0fadfbb760)
    #4 0x7ff5c7b61a81  (/usr/lib/llvm-20/lib/libLLVM.so.20.1+0x3c45a81) (BuildId: b856c61f98abf0989f157f153740fe0fadfbb760)
    #5 0x7ff5c7b62b2c  (/usr/lib/llvm-20/lib/libLLVM.so.20.1+0x3c46b2c) (BuildId: b856c61f98abf0989f157f153740fe0fadfbb760)
    #6 0x55ca91648523 in llvm::Target::createTargetMachine(llvm::StringRef, llvm::StringRef, llvm::StringRef, llvm::TargetOptions const&, std::optional<llvm::Reloc::Model>, std::optional<llvm::CodeModel::Model>, llvm::CodeGenOptLevel, bool) const /usr/lib/llvm-20/include/llvm/MC/TargetRegistry.h:462:12
    #7 0x55ca9163a09e in tsc::TargetRegistry::initializeAllTargets() /workspace/src/TargetRegistry.cpp:67:41
    #8 0x55ca9162bdcd in tsc::Compiler::initializeLLVM() /workspace/src/Compiler.cpp:349:14
    #9 0x55ca9162b8b7 in tsc::Compiler::Compiler(tsc::CompilerOptions const&) /workspace/src/Compiler.cpp:24:5
    #10 0x55ca915fd7b5 in main /workspace/src/main.cpp:191:18
    #11 0x7ff5c395a337  (/lib/x86_64-linux-gnu/libc.so.6+0x2a337) (BuildId: 467f544f15035abef911999cbc14489edd0555ab)
    #12 0x7ff5c395a3fa in __libc_start_main (/lib/x86_64-linux-gnu/libc.so.6+0x2a3fa) (BuildId: 467f544f15035abef911999cbc14489edd0555ab)
    #13 0x55ca91511b64 in _start (/workspace/build-asan/tsc+0x74b64) (BuildId: 73a10d7cc646a755f705b0ae57418e68578aec2f)

Indirect leak of 208 byte(s) in 2 object(s) allocated from:
    #0 0x55ca915fa191 in operator new(unsigned long) (/workspace/build-asan/tsc+0x15d191) (BuildId: 73a10d7cc646a755f705b0ae57418e68578aec2f)
    #1 0x7ff5c534e995 in void std::vector<llvm::MCCFIInstruction, std::allocator<llvm::MCCFIInstruction>>::_M_realloc_append<llvm::MCCFIInstruction const&>(llvm::MCCFIInstruction const&) (/usr/lib/llvm-20/lib/libLLVM.so.20.1+0x1432995) (BuildId: b856c61f98abf0989f157f153740fe0fadfbb760)
    #2 0x7ff5c7eb1d6c  (/usr/lib/llvm-20/lib/libLLVM.so.20.1+0x3f95d6c) (BuildId: b856c61f98abf0989f157f153740fe0fadfbb760)
    #3 0x7ff5c52d081f in llvm::CodeGenTargetMachineImpl::initAsmInfo() (/usr/lib/llvm-20/lib/libLLVM.so.20.1+0x13b481f) (BuildId: b856c61f98abf0989f157f153740fe0fadfbb760)
    #4 0x7ff5c7e26a54  (/usr/lib/llvm-20/lib/libLLVM.so.20.1+0x3f0aa54) (BuildId: b856c61f98abf0989f157f153740fe0fadfbb760)
    #5 0x7ff5c7e295aa  (/usr/lib/llvm-20/lib/libLLVM.so.20.1+0x3f0d5aa) (BuildId: b856c61f98abf0989f157f153740fe0fadfbb760)
    #6 0x55ca91648523 in llvm::Target::createTargetMachine(llvm::StringRef, llvm::StringRef, llvm::StringRef, llvm::TargetOptions const&, std::optional<llvm::Reloc::Model>, std::optional<llvm::CodeModel::Model>, llvm::CodeGenOptLevel, bool) const /usr/lib/llvm-20/include/llvm/MC/TargetRegistry.h:462:12
    #7 0x55ca9163a09e in tsc::TargetRegistry::initializeAllTargets() /workspace/src/TargetRegistry.cpp:67:41
    #8 0x55ca9162bdcd in tsc::Compiler::initializeLLVM() /workspace/src/Compiler.cpp:349:14
    #9 0x55ca9162b8b7 in tsc::Compiler::Compiler(tsc::CompilerOptions const&) /workspace/src/Compiler.cpp:24:5
    #10 0x55ca915fd7b5 in main /workspace/src/main.cpp:191:18
    #11 0x7ff5c395a337  (/lib/x86_64-linux-gnu/libc.so.6+0x2a337) (BuildId: 467f544f15035abef911999cbc14489edd0555ab)
    #12 0x7ff5c395a3fa in __libc_start_main (/lib/x86_64-linux-gnu/libc.so.6+0x2a3fa) (BuildId: 467f544f15035abef911999cbc14489edd0555ab)
    #13 0x55ca91511b64 in _start (/workspace/build-asan/tsc+0x74b64) (BuildId: 73a10d7cc646a755f705b0ae57418e68578aec2f)

Indirect leak of 208 byte(s) in 2 object(s) allocated from:
    #0 0x55ca915fa191 in operator new(unsigned long) (/workspace/build-asan/tsc+0x15d191) (BuildId: 73a10d7cc646a755f705b0ae57418e68578aec2f)
    #1 0x7ff5c534e995 in void std::vector<llvm::MCCFIInstruction, std::allocator<llvm::MCCFIInstruction>>::_M_realloc_append<llvm::MCCFIInstruction const&>(llvm::MCCFIInstruction const&) (/usr/lib/llvm-20/lib/libLLVM.so.20.1+0x1432995) (BuildId: b856c61f98abf0989f157f153740fe0fadfbb760)
    #2 0x7ff5c7bace87  (/usr/lib/llvm-20/lib/libLLVM.so.20.1+0x3c90e87) (BuildId: b856c61f98abf0989f157f153740fe0fadfbb760)
    #3 0x7ff5c52d081f in llvm::CodeGenTargetMachineImpl::initAsmInfo() (/usr/lib/llvm-20/lib/libLLVM.so.20.1+0x13b481f) (BuildId: b856c61f98abf0989f157f153740fe0fadfbb760)
    #4 0x7ff5c7b61a81  (/usr/lib/llvm-20/lib/libLLVM.so.20.1+0x3c45a81) (BuildId: b856c61f98abf0989f157f153740fe0fadfbb760)
    #5 0x7ff5c7b62a6c  (/usr/lib/llvm-20/lib/libLLVM.so.20.1+0x3c46a6c) (BuildId: b856c61f98abf0989f157f153740fe0fadfbb760)
    #6 0x55ca91648523 in llvm::Target::createTargetMachine(llvm::StringRef, llvm::StringRef, llvm::StringRef, llvm::TargetOptions const&, std::optional<llvm::Reloc::Model>, std::optional<llvm::CodeModel::Model>, llvm::CodeGenOptLevel, bool) const /usr/lib/llvm-20/include/llvm/MC/TargetRegistry.h:462:12
    #7 0x55ca9163a09e in tsc::TargetRegistry::initializeAllTargets() /workspace/src/TargetRegistry.cpp:67:41
    #8 0x55ca9162bdcd in tsc::Compiler::initializeLLVM() /workspace/src/Compiler.cpp:349:14
    #9 0x55ca9162b8b7 in tsc::Compiler::Compiler(tsc::CompilerOptions const&) /workspace/src/Compiler.cpp:24:5
    #10 0x55ca915fd7b5 in main /workspace/src/main.cpp:191:18
    #11 0x7ff5c395a337  (/lib/x86_64-linux-gnu/libc.so.6+0x2a337) (BuildId: 467f544f15035abef911999cbc14489edd0555ab)
    #12 0x7ff5c395a3fa in __libc_start_main (/lib/x86_64-linux-gnu/libc.so.6+0x2a3fa) (BuildId: 467f544f15035abef911999cbc14489edd0555ab)
    #13 0x55ca91511b64 in _start (/workspace/build-asan/tsc+0x74b64) (BuildId: 73a10d7cc646a755f705b0ae57418e68578aec2f)

Indirect leak of 208 byte(s) in 2 object(s) allocated from:
    #0 0x55ca915fa191 in operator new(unsigned long) (/workspace/build-asan/tsc+0x15d191) (BuildId: 73a10d7cc646a755f705b0ae57418e68578aec2f)
    #1 0x7ff5c534e995 in void std::vector<llvm::MCCFIInstruction, std::allocator<llvm::MCCFIInstruction>>::_M_realloc_append<llvm::MCCFIInstruction const&>(llvm::MCCFIInstruction const&) (/usr/lib/llvm-20/lib/libLLVM.so.20.1+0x1432995) (BuildId: b856c61f98abf0989f157f153740fe0fadfbb760)
    #2 0x7ff5c7853b98  (/usr/lib/llvm-20/lib/libLLVM.so.20.1+0x3937b98) (BuildId: b856c61f98abf0989f157f153740fe0fadfbb760)
    #3 0x7ff5c52d081f in llvm::CodeGenTargetMachineImpl::initAsmInfo() (/usr/lib/llvm-20/lib/libLLVM.so.20.1+0x13b481f) (BuildId: b856c61f98abf0989f157f153740fe0fadfbb760)
    #4 0x7ff5c778f4cf  (/usr/lib/llvm-20/lib/libLLVM.so.20.1+0x38734cf) (BuildId: b856c61f98abf0989f157f153740fe0fadfbb760)
    #5 0x7ff5c77914e4  (/usr/lib/llvm-20/lib/libLLVM.so.20.1+0x38754e4) (BuildId: b856c61f98abf0989f157f153740fe0fadfbb760)
    #6 0x55ca91648523 in llvm::Target::createTargetMachine(llvm::StringRef, llvm::StringRef, llvm::StringRef, llvm::TargetOptions const&, std::optional<llvm::Reloc::Model>, std::optional<llvm::CodeModel::Model>, llvm::CodeGenOptLevel, bool) const /usr/lib/llvm-20/include/llvm/MC/TargetRegistry.h:462:12
    #7 0x55ca9163a09e in tsc::TargetRegistry::initializeAllTargets() /workspace/src/TargetRegistry.cpp:67:41
    #8 0x55ca9162bdcd in tsc::Compiler::initializeLLVM() /workspace/src/Compiler.cpp:349:14
    #9 0x55ca9162b8b7 in tsc::Compiler::Compiler(tsc::CompilerOptions const&) /workspace/src/Compiler.cpp:24:5
    #10 0x55ca915fd7b5 in main /workspace/src/main.cpp:191:18
    #11 0x7ff5c395a337  (/lib/x86_64-linux-gnu/libc.so.6+0x2a337) (BuildId: 467f544f15035abef911999cbc14489edd0555ab)
    #12 0x7ff5c395a3fa in __libc_start_main (/lib/x86_64-linux-gnu/libc.so.6+0x2a3fa) (BuildId: 467f544f15035abef911999cbc14489edd0555ab)
    #13 0x55ca91511b64 in _start (/workspace/build-asan/tsc+0x74b64) (BuildId: 73a10d7cc646a755f705b0ae57418e68578aec2f)

Indirect leak of 208 byte(s) in 2 object(s) allocated from:
    #0 0x55ca915fa191 in operator new(unsigned long) (/workspace/build-asan/tsc+0x15d191) (BuildId: 73a10d7cc646a755f705b0ae57418e68578aec2f)
    #1 0x7ff5c534e995 in void std::vector<llvm::MCCFIInstruction, std::allocator<llvm::MCCFIInstruction>>::_M_realloc_append<llvm::MCCFIInstruction const&>(llvm::MCCFIInstruction const&) (/usr/lib/llvm-20/lib/libLLVM.so.20.1+0x1432995) (BuildId: b856c61f98abf0989f157f153740fe0fadfbb760)
    #2 0x7ff5c7853b98  (/usr/lib/llvm-20/lib/libLLVM.so.20.1+0x3937b98) (BuildId: b856c61f98abf0989f157f153740fe0fadfbb760)
    #3 0x7ff5c52d081f in llvm::CodeGenTargetMachineImpl::initAsmInfo() (/usr/lib/llvm-20/lib/libLLVM.so.20.1+0x13b481f) (BuildId: b856c61f98abf0989f157f153740fe0fadfbb760)
    #4 0x7ff5c778f4cf  (/usr/lib/llvm-20/lib/libLLVM.so.20.1+0x38734cf) (BuildId: b856c61f98abf0989f157f153740fe0fadfbb760)
    #5 0x7ff5c77915a4  (/usr/lib/llvm-20/lib/libLLVM.so.20.1+0x38755a4) (BuildId: b856c61f98abf0989f157f153740fe0fadfbb760)
    #6 0x55ca91648523 in llvm::Target::createTargetMachine(llvm::StringRef, llvm::StringRef, llvm::StringRef, llvm::TargetOptions const&, std::optional<llvm::Reloc::Model>, std::optional<llvm::CodeModel::Model>, llvm::CodeGenOptLevel, bool) const /usr/lib/llvm-20/include/llvm/MC/TargetRegistry.h:462:12
    #7 0x55ca9163a09e in tsc::TargetRegistry::initializeAllTargets() /workspace/src/TargetRegistry.cpp:67:41
    #8 0x55ca9162bdcd in tsc::Compiler::initializeLLVM() /workspace/src/Compiler.cpp:349:14
    #9 0x55ca9162b8b7 in tsc::Compiler::Compiler(tsc::CompilerOptions const&) /workspace/src/Compiler.cpp:24:5
    #10 0x55ca915fd7b5 in main /workspace/src/main.cpp:191:18
    #11 0x7ff5c395a337  (/lib/x86_64-linux-gnu/libc.so.6+0x2a337) (BuildId: 467f544f15035abef911999cbc14489edd0555ab)
    #12 0x7ff5c395a3fa in __libc_start_main (/lib/x86_64-linux-gnu/libc.so.6+0x2a3fa) (BuildId: 467f544f15035abef911999cbc14489edd0555ab)
    #13 0x55ca91511b64 in _start (/workspace/build-asan/tsc+0x74b64) (BuildId: 73a10d7cc646a755f705b0ae57418e68578aec2f)

Indirect leak of 192 byte(s) in 3 object(s) allocated from:
    #0 0x55ca915fa191 in operator new(unsigned long) (/workspace/build-asan/tsc+0x15d191) (BuildId: 73a10d7cc646a755f705b0ae57418e68578aec2f)
    #1 0x7ff5c6f3afe5  (/usr/lib/llvm-20/lib/libLLVM.so.20.1+0x301efe5) (BuildId: b856c61f98abf0989f157f153740fe0fadfbb760)
    #2 0x7ff5c6f3af97  (/usr/lib/llvm-20/lib/libLLVM.so.20.1+0x301ef97) (BuildId: b856c61f98abf0989f157f153740fe0fadfbb760)
    #3 0x7ff5c6f3998b  (/usr/lib/llvm-20/lib/libLLVM.so.20.1+0x301d98b) (BuildId: b856c61f98abf0989f157f153740fe0fadfbb760)
    #4 0x7ff5c6f398a6  (/usr/lib/llvm-20/lib/libLLVM.so.20.1+0x301d8a6) (BuildId: b856c61f98abf0989f157f153740fe0fadfbb760)
    #5 0x7ff5c6f3aa71  (/usr/lib/llvm-20/lib/libLLVM.so.20.1+0x301ea71) (BuildId: b856c61f98abf0989f157f153740fe0fadfbb760)
    #6 0x7ff5c7f5a262  (/usr/lib/llvm-20/lib/libLLVM.so.20.1+0x403e262) (BuildId: b856c61f98abf0989f157f153740fe0fadfbb760)
    #7 0x7ff5c7f81ab1  (/usr/lib/llvm-20/lib/libLLVM.so.20.1+0x4065ab1) (BuildId: b856c61f98abf0989f157f153740fe0fadfbb760)
    #8 0x7ff5c7f83c8f  (/usr/lib/llvm-20/lib/libLLVM.so.20.1+0x4067c8f) (BuildId: b856c61f98abf0989f157f153740fe0fadfbb760)
    #9 0x7ff5c7f8526a  (/usr/lib/llvm-20/lib/libLLVM.so.20.1+0x406926a) (BuildId: b856c61f98abf0989f157f153740fe0fadfbb760)
    #10 0x55ca91648523 in llvm::Target::createTargetMachine(llvm::StringRef, llvm::StringRef, llvm::StringRef, llvm::TargetOptions const&, std::optional<llvm::Reloc::Model>, std::optional<llvm::CodeModel::Model>, llvm::CodeGenOptLevel, bool) const /usr/lib/llvm-20/include/llvm/MC/TargetRegistry.h:462:12
    #11 0x55ca9163a09e in tsc::TargetRegistry::initializeAllTargets() /workspace/src/TargetRegistry.cpp:67:41
    #12 0x55ca9162bdcd in tsc::Compiler::initializeLLVM() /workspace/src/Compiler.cpp:349:14
    #13 0x55ca9162b8b7 in tsc::Compiler::Compiler(tsc::CompilerOptions const&) /workspace/src/Compiler.cpp:24:5
    #14 0x55ca915fd7b5 in main /workspace/src/main.cpp:191:18
    #15 0x7ff5c395a337  (/lib/x86_64-linux-gnu/libc.so.6+0x2a337) (BuildId: 467f544f15035abef911999cbc14489edd0555ab)
    #16 0x7ff5c395a3fa in __libc_start_main (/lib/x86_64-linux-gnu/libc.so.6+0x2a3fa) (BuildId: 467f544f15035abef911999cbc14489edd0555ab)
    #17 0x55ca91511b64 in _start (/workspace/build-asan/tsc+0x74b64) (BuildId: 73a10d7cc646a755f705b0ae57418e68578aec2f)

Indirect leak of 192 byte(s) in 2 object(s) allocated from:
    #0 0x55ca915b5858 in malloc (/workspace/build-asan/tsc+0x118858) (BuildId: 73a10d7cc646a755f705b0ae57418e68578aec2f)
    #1 0x7ff5c4ec87d6 in llvm::SmallVectorBase<unsigned int>::mallocForGrow(void*, unsigned long, unsigned long, unsigned long&) (/usr/lib/llvm-20/lib/libLLVM.so.20.1+0xfac7d6) (BuildId: b856c61f98abf0989f157f153740fe0fadfbb760)
    #2 0x7ff5c5a01f3c in llvm::SmallVectorTemplateBase<std::function<std::vector<std::pair<unsigned short, llvm::LegacyLegalizeActions::LegacyLegalizeAction>, std::allocator<std::pair<unsigned short, llvm::LegacyLegalizeActions::LegacyLegalizeAction>>> (std::vector<std::pair<unsigned short, llvm::LegacyLegalizeActions::LegacyLegalizeAction>, std::allocator<std::pair<unsigned short, llvm::LegacyLegalizeActions::LegacyLegalizeAction>>> const&)>, false>::grow(unsigned long) (/usr/lib/llvm-20/lib/libLLVM.so.20.1+0x1ae5f3c) (BuildId: b856c61f98abf0989f157f153740fe0fadfbb760)
    #3 0x7ff5c59ff333  (/usr/lib/llvm-20/lib/libLLVM.so.20.1+0x1ae3333) (BuildId: b856c61f98abf0989f157f153740fe0fadfbb760)
    #4 0x7ff5c59ff1eb in llvm::LegacyLegalizerInfo::LegacyLegalizerInfo() (/usr/lib/llvm-20/lib/libLLVM.so.20.1+0x1ae31eb) (BuildId: b856c61f98abf0989f157f153740fe0fadfbb760)
    #5 0x7ff5c7b28493  (/usr/lib/llvm-20/lib/libLLVM.so.20.1+0x3c0c493) (BuildId: b856c61f98abf0989f157f153740fe0fadfbb760)
    #6 0x7ff5c7b6091a  (/usr/lib/llvm-20/lib/libLLVM.so.20.1+0x3c4491a) (BuildId: b856c61f98abf0989f157f153740fe0fadfbb760)
    #7 0x7ff5c7b6188a  (/usr/lib/llvm-20/lib/libLLVM.so.20.1+0x3c4588a) (BuildId: b856c61f98abf0989f157f153740fe0fadfbb760)
    #8 0x7ff5c7b62b2c  (/usr/lib/llvm-20/lib/libLLVM.so.20.1+0x3c46b2c) (BuildId: b856c61f98abf0989f157f153740fe0fadfbb760)
    #9 0x55ca91648523 in llvm::Target::createTargetMachine(llvm::StringRef, llvm::StringRef, llvm::StringRef, llvm::TargetOptions const&, std::optional<llvm::Reloc::Model>, std::optional<llvm::CodeModel::Model>, llvm::CodeGenOptLevel, bool) const /usr/lib/llvm-20/include/llvm/MC/TargetRegistry.h:462:12
    #10 0x55ca9163a09e in tsc::TargetRegistry::initializeAllTargets() /workspace/src/TargetRegistry.cpp:67:41
    #11 0x55ca9162bdcd in tsc::Compiler::initializeLLVM() /workspace/src/Compiler.cpp:349:14
    #12 0x55ca9162b8b7 in tsc::Compiler::Compiler(tsc::CompilerOptions const&) /workspace/src/Compiler.cpp:24:5
    #13 0x55ca915fd7b5 in main /workspace/src/main.cpp:191:18
    #14 0x7ff5c395a337  (/lib/x86_64-linux-gnu/libc.so.6+0x2a337) (BuildId: 467f544f15035abef911999cbc14489edd0555ab)
    #15 0x7ff5c395a3fa in __libc_start_main (/lib/x86_64-linux-gnu/libc.so.6+0x2a3fa) (BuildId: 467f544f15035abef911999cbc14489edd0555ab)
    #16 0x55ca91511b64 in _start (/workspace/build-asan/tsc+0x74b64) (BuildId: 73a10d7cc646a755f705b0ae57418e68578aec2f)

Indirect leak of 192 byte(s) in 4 object(s) allocated from:
    #0 0x55ca915fa191 in operator new(unsigned long) (/workspace/build-asan/tsc+0x15d191) (BuildId: 73a10d7cc646a755f705b0ae57418e68578aec2f)
    #1 0x7ff5c55781b6  (/usr/lib/llvm-20/lib/libLLVM.so.20.1+0x165c1b6) (BuildId: b856c61f98abf0989f157f153740fe0fadfbb760)
    #2 0x7ff5c7be8c51  (/usr/lib/llvm-20/lib/libLLVM.so.20.1+0x3cccc51) (BuildId: b856c61f98abf0989f157f153740fe0fadfbb760)
    #3 0x7ff5c7c055da  (/usr/lib/llvm-20/lib/libLLVM.so.20.1+0x3ce95da) (BuildId: b856c61f98abf0989f157f153740fe0fadfbb760)
    #4 0x7ff5c7c06006  (/usr/lib/llvm-20/lib/libLLVM.so.20.1+0x3cea006) (BuildId: b856c61f98abf0989f157f153740fe0fadfbb760)
    #5 0x7ff5c7c07e74  (/usr/lib/llvm-20/lib/libLLVM.so.20.1+0x3cebe74) (BuildId: b856c61f98abf0989f157f153740fe0fadfbb760)
    #6 0x55ca91648523 in llvm::Target::createTargetMachine(llvm::StringRef, llvm::StringRef, llvm::StringRef, llvm::TargetOptions const&, std::optional<llvm::Reloc::Model>, std::optional<llvm::CodeModel::Model>, llvm::CodeGenOptLevel, bool) const /usr/lib/llvm-20/include/llvm/MC/TargetRegistry.h:462:12
    #7 0x55ca9163a09e in tsc::TargetRegistry::initializeAllTargets() /workspace/src/TargetRegistry.cpp:67:41
    #8 0x55ca9162bdcd in tsc::Compiler::initializeLLVM() /workspace/src/Compiler.cpp:349:14
    #9 0x55ca9162b8b7 in tsc::Compiler::Compiler(tsc::CompilerOptions const&) /workspace/src/Compiler.cpp:24:5
    #10 0x55ca915fd7b5 in main /workspace/src/main.cpp:191:18
    #11 0x7ff5c395a337  (/lib/x86_64-linux-gnu/libc.so.6+0x2a337) (BuildId: 467f544f15035abef911999cbc14489edd0555ab)
    #12 0x7ff5c395a3fa in __libc_start_main (/lib/x86_64-linux-gnu/libc.so.6+0x2a3fa) (BuildId: 467f544f15035abef911999cbc14489edd0555ab)
    #13 0x55ca91511b64 in _start (/workspace/build-asan/tsc+0x74b64) (BuildId: 73a10d7cc646a755f705b0ae57418e68578aec2f)

Indirect leak of 192 byte(s) in 3 object(s) allocated from:
    #0 0x55ca915fa191 in operator new(unsigned long) (/workspace/build-asan/tsc+0x15d191) (BuildId: 73a10d7cc646a755f705b0ae57418e68578aec2f)
    #1 0x7ff5c6f3afe5  (/usr/lib/llvm-20/lib/libLLVM.so.20.1+0x301efe5) (BuildId: b856c61f98abf0989f157f153740fe0fadfbb760)
    #2 0x7ff5c6f3af97  (/usr/lib/llvm-20/lib/libLLVM.so.20.1+0x301ef97) (BuildId: b856c61f98abf0989f157f153740fe0fadfbb760)
    #3 0x7ff5c6f3998b  (/usr/lib/llvm-20/lib/libLLVM.so.20.1+0x301d98b) (BuildId: b856c61f98abf0989f157f153740fe0fadfbb760)
    #4 0x7ff5c6f398a6  (/usr/lib/llvm-20/lib/libLLVM.so.20.1+0x301d8a6) (BuildId: b856c61f98abf0989f157f153740fe0fadfbb760)
    #5 0x7ff5c6f3a981  (/usr/lib/llvm-20/lib/libLLVM.so.20.1+0x301e981) (BuildId: b856c61f98abf0989f157f153740fe0fadfbb760)
    #6 0x7ff5c7f5a3ea  (/usr/lib/llvm-20/lib/libLLVM.so.20.1+0x403e3ea) (BuildId: b856c61f98abf0989f157f153740fe0fadfbb760)
    #7 0x7ff5c7f81ab1  (/usr/lib/llvm-20/lib/libLLVM.so.20.1+0x4065ab1) (BuildId: b856c61f98abf0989f157f153740fe0fadfbb760)
    #8 0x7ff5c7f83c8f  (/usr/lib/llvm-20/lib/libLLVM.so.20.1+0x4067c8f) (BuildId: b856c61f98abf0989f157f153740fe0fadfbb760)
    #9 0x7ff5c7f8526a  (/usr/lib/llvm-20/lib/libLLVM.so.20.1+0x406926a) (BuildId: b856c61f98abf0989f157f153740fe0fadfbb760)
    #10 0x55ca91648523 in llvm::Target::createTargetMachine(llvm::StringRef, llvm::StringRef, llvm::StringRef, llvm::TargetOptions const&, std::optional<llvm::Reloc::Model>, std::optional<llvm::CodeModel::Model>, llvm::CodeGenOptLevel, bool) const /usr/lib/llvm-20/include/llvm/MC/TargetRegistry.h:462:12
    #11 0x55ca9163a09e in tsc::TargetRegistry::initializeAllTargets() /workspace/src/TargetRegistry.cpp:67:41
    #12 0x55ca9162bdcd in tsc::Compiler::initializeLLVM() /workspace/src/Compiler.cpp:349:14
    #13 0x55ca9162b8b7 in tsc::Compiler::Compiler(tsc::CompilerOptions const&) /workspace/src/Compiler.cpp:24:5
    #14 0x55ca915fd7b5 in main /workspace/src/main.cpp:191:18
    #15 0x7ff5c395a337  (/lib/x86_64-linux-gnu/libc.so.6+0x2a337) (BuildId: 467f544f15035abef911999cbc14489edd0555ab)
    #16 0x7ff5c395a3fa in __libc_start_main (/lib/x86_64-linux-gnu/libc.so.6+0x2a3fa) (BuildId: 467f544f15035abef911999cbc14489edd0555ab)
    #17 0x55ca91511b64 in _start (/workspace/build-asan/tsc+0x74b64) (BuildId: 73a10d7cc646a755f705b0ae57418e68578aec2f)

Indirect leak of 192 byte(s) in 3 object(s) allocated from:
    #0 0x55ca915fa191 in operator new(unsigned long) (/workspace/build-asan/tsc+0x15d191) (BuildId: 73a10d7cc646a755f705b0ae57418e68578aec2f)
    #1 0x7ff5c6f3afe5  (/usr/lib/llvm-20/lib/libLLVM.so.20.1+0x301efe5) (BuildId: b856c61f98abf0989f157f153740fe0fadfbb760)
    #2 0x7ff5c6f3af97  (/usr/lib/llvm-20/lib/libLLVM.so.20.1+0x301ef97) (BuildId: b856c61f98abf0989f157f153740fe0fadfbb760)
    #3 0x7ff5c6f3998b  (/usr/lib/llvm-20/lib/libLLVM.so.20.1+0x301d98b) (BuildId: b856c61f98abf0989f157f153740fe0fadfbb760)
    #4 0x7ff5c6f398a6  (/usr/lib/llvm-20/lib/libLLVM.so.20.1+0x301d8a6) (BuildId: b856c61f98abf0989f157f153740fe0fadfbb760)
    #5 0x7ff5c6f3aa71  (/usr/lib/llvm-20/lib/libLLVM.so.20.1+0x301ea71) (BuildId: b856c61f98abf0989f157f153740fe0fadfbb760)
    #6 0x7ff5c7f5a5d5  (/usr/lib/llvm-20/lib/libLLVM.so.20.1+0x403e5d5) (BuildId: b856c61f98abf0989f157f153740fe0fadfbb760)
    #7 0x7ff5c7f81ab1  (/usr/lib/llvm-20/lib/libLLVM.so.20.1+0x4065ab1) (BuildId: b856c61f98abf0989f157f153740fe0fadfbb760)
    #8 0x7ff5c7f83c8f  (/usr/lib/llvm-20/lib/libLLVM.so.20.1+0x4067c8f) (BuildId: b856c61f98abf0989f157f153740fe0fadfbb760)
    #9 0x7ff5c7f8526a  (/usr/lib/llvm-20/lib/libLLVM.so.20.1+0x406926a) (BuildId: b856c61f98abf0989f157f153740fe0fadfbb760)
    #10 0x55ca91648523 in llvm::Target::createTargetMachine(llvm::StringRef, llvm::StringRef, llvm::StringRef, llvm::TargetOptions const&, std::optional<llvm::Reloc::Model>, std::optional<llvm::CodeModel::Model>, llvm::CodeGenOptLevel, bool) const /usr/lib/llvm-20/include/llvm/MC/TargetRegistry.h:462:12
    #11 0x55ca9163a09e in tsc::TargetRegistry::initializeAllTargets() /workspace/src/TargetRegistry.cpp:67:41
    #12 0x55ca9162bdcd in tsc::Compiler::initializeLLVM() /workspace/src/Compiler.cpp:349:14
    #13 0x55ca9162b8b7 in tsc::Compiler::Compiler(tsc::CompilerOptions const&) /workspace/src/Compiler.cpp:24:5
    #14 0x55ca915fd7b5 in main /workspace/src/main.cpp:191:18
    #15 0x7ff5c395a337  (/lib/x86_64-linux-gnu/libc.so.6+0x2a337) (BuildId: 467f544f15035abef911999cbc14489edd0555ab)
    #16 0x7ff5c395a3fa in __libc_start_main (/lib/x86_64-linux-gnu/libc.so.6+0x2a3fa) (BuildId: 467f544f15035abef911999cbc14489edd0555ab)
    #17 0x55ca91511b64 in _start (/workspace/build-asan/tsc+0x74b64) (BuildId: 73a10d7cc646a755f705b0ae57418e68578aec2f)

Indirect leak of 192 byte(s) in 4 object(s) allocated from:
    #0 0x55ca915fa191 in operator new(unsigned long) (/workspace/build-asan/tsc+0x15d191) (BuildId: 73a10d7cc646a755f705b0ae57418e68578aec2f)
    #1 0x7ff5c55781b6  (/usr/lib/llvm-20/lib/libLLVM.so.20.1+0x165c1b6) (BuildId: b856c61f98abf0989f157f153740fe0fadfbb760)
    #2 0x7ff5c7be8c51  (/usr/lib/llvm-20/lib/libLLVM.so.20.1+0x3cccc51) (BuildId: b856c61f98abf0989f157f153740fe0fadfbb760)
    #3 0x7ff5c7c055da  (/usr/lib/llvm-20/lib/libLLVM.so.20.1+0x3ce95da) (BuildId: b856c61f98abf0989f157f153740fe0fadfbb760)
    #4 0x7ff5c7c06006  (/usr/lib/llvm-20/lib/libLLVM.so.20.1+0x3cea006) (BuildId: b856c61f98abf0989f157f153740fe0fadfbb760)
    #5 0x7ff5c7c07f34  (/usr/lib/llvm-20/lib/libLLVM.so.20.1+0x3cebf34) (BuildId: b856c61f98abf0989f157f153740fe0fadfbb760)
    #6 0x55ca91648523 in llvm::Target::createTargetMachine(llvm::StringRef, llvm::StringRef, llvm::StringRef, llvm::TargetOptions const&, std::optional<llvm::Reloc::Model>, std::optional<llvm::CodeModel::Model>, llvm::CodeGenOptLevel, bool) const /usr/lib/llvm-20/include/llvm/MC/TargetRegistry.h:462:12
    #7 0x55ca9163a09e in tsc::TargetRegistry::initializeAllTargets() /workspace/src/TargetRegistry.cpp:67:41
    #8 0x55ca9162bdcd in tsc::Compiler::initializeLLVM() /workspace/src/Compiler.cpp:349:14
    #9 0x55ca9162b8b7 in tsc::Compiler::Compiler(tsc::CompilerOptions const&) /workspace/src/Compiler.cpp:24:5
    #10 0x55ca915fd7b5 in main /workspace/src/main.cpp:191:18
    #11 0x7ff5c395a337  (/lib/x86_64-linux-gnu/libc.so.6+0x2a337) (BuildId: 467f544f15035abef911999cbc14489edd0555ab)
    #12 0x7ff5c395a3fa in __libc_start_main (/lib/x86_64-linux-gnu/libc.so.6+0x2a3fa) (BuildId: 467f544f15035abef911999cbc14489edd0555ab)
    #13 0x55ca91511b64 in _start (/workspace/build-asan/tsc+0x74b64) (BuildId: 73a10d7cc646a755f705b0ae57418e68578aec2f)

Indirect leak of 192 byte(s) in 2 object(s) allocated from:
    #0 0x55ca915b5858 in malloc (/workspace/build-asan/tsc+0x118858) (BuildId: 73a10d7cc646a755f705b0ae57418e68578aec2f)
    #1 0x7ff5c4ec87d6 in llvm::SmallVectorBase<unsigned int>::mallocForGrow(void*, unsigned long, unsigned long, unsigned long&) (/usr/lib/llvm-20/lib/libLLVM.so.20.1+0xfac7d6) (BuildId: b856c61f98abf0989f157f153740fe0fadfbb760)
    #2 0x7ff5c5a01f3c in llvm::SmallVectorTemplateBase<std::function<std::vector<std::pair<unsigned short, llvm::LegacyLegalizeActions::LegacyLegalizeAction>, std::allocator<std::pair<unsigned short, llvm::LegacyLegalizeActions::LegacyLegalizeAction>>> (std::vector<std::pair<unsigned short, llvm::LegacyLegalizeActions::LegacyLegalizeAction>, std::allocator<std::pair<unsigned short, llvm::LegacyLegalizeActions::LegacyLegalizeAction>>> const&)>, false>::grow(unsigned long) (/usr/lib/llvm-20/lib/libLLVM.so.20.1+0x1ae5f3c) (BuildId: b856c61f98abf0989f157f153740fe0fadfbb760)
    #3 0x7ff5c59ff333  (/usr/lib/llvm-20/lib/libLLVM.so.20.1+0x1ae3333) (BuildId: b856c61f98abf0989f157f153740fe0fadfbb760)
    #4 0x7ff5c59ff1eb in llvm::LegacyLegalizerInfo::LegacyLegalizerInfo() (/usr/lib/llvm-20/lib/libLLVM.so.20.1+0x1ae31eb) (BuildId: b856c61f98abf0989f157f153740fe0fadfbb760)
    #5 0x7ff5c7b28493  (/usr/lib/llvm-20/lib/libLLVM.so.20.1+0x3c0c493) (BuildId: b856c61f98abf0989f157f153740fe0fadfbb760)
    #6 0x7ff5c7b6091a  (/usr/lib/llvm-20/lib/libLLVM.so.20.1+0x3c4491a) (BuildId: b856c61f98abf0989f157f153740fe0fadfbb760)
    #7 0x7ff5c7b61a19  (/usr/lib/llvm-20/lib/libLLVM.so.20.1+0x3c45a19) (BuildId: b856c61f98abf0989f157f153740fe0fadfbb760)
    #8 0x7ff5c7b62b2c  (/usr/lib/llvm-20/lib/libLLVM.so.20.1+0x3c46b2c) (BuildId: b856c61f98abf0989f157f153740fe0fadfbb760)
    #9 0x55ca91648523 in llvm::Target::createTargetMachine(llvm::StringRef, llvm::StringRef, llvm::StringRef, llvm::TargetOptions const&, std::optional<llvm::Reloc::Model>, std::optional<llvm::CodeModel::Model>, llvm::CodeGenOptLevel, bool) const /usr/lib/llvm-20/include/llvm/MC/TargetRegistry.h:462:12
    #10 0x55ca9163a09e in tsc::TargetRegistry::initializeAllTargets() /workspace/src/TargetRegistry.cpp:67:41
    #11 0x55ca9162bdcd in tsc::Compiler::initializeLLVM() /workspace/src/Compiler.cpp:349:14
    #12 0x55ca9162b8b7 in tsc::Compiler::Compiler(tsc::CompilerOptions const&) /workspace/src/Compiler.cpp:24:5
    #13 0x55ca915fd7b5 in main /workspace/src/main.cpp:191:18
    #14 0x7ff5c395a337  (/lib/x86_64-linux-gnu/libc.so.6+0x2a337) (BuildId: 467f544f15035abef911999cbc14489edd0555ab)
    #15 0x7ff5c395a3fa in __libc_start_main (/lib/x86_64-linux-gnu/libc.so.6+0x2a3fa) (BuildId: 467f544f15035abef911999cbc14489edd0555ab)
    #16 0x55ca91511b64 in _start (/workspace/build-asan/tsc+0x74b64) (BuildId: 73a10d7cc646a755f705b0ae57418e68578aec2f)

Indirect leak of 192 byte(s) in 4 object(s) allocated from:
    #0 0x55ca915fa191 in operator new(unsigned long) (/workspace/build-asan/tsc+0x15d191) (BuildId: 73a10d7cc646a755f705b0ae57418e68578aec2f)
    #1 0x7ff5c7d4c8e1  (/usr/lib/llvm-20/lib/libLLVM.so.20.1+0x3e308e1) (BuildId: b856c61f98abf0989f157f153740fe0fadfbb760)
    #2 0x7ff5c52d0707 in llvm::CodeGenTargetMachineImpl::initAsmInfo() (/usr/lib/llvm-20/lib/libLLVM.so.20.1+0x13b4707) (BuildId: b856c61f98abf0989f157f153740fe0fadfbb760)
    #3 0x7ff5c7d135ac  (/usr/lib/llvm-20/lib/libLLVM.so.20.1+0x3df75ac) (BuildId: b856c61f98abf0989f157f153740fe0fadfbb760)
    #4 0x7ff5c7d15bcd  (/usr/lib/llvm-20/lib/libLLVM.so.20.1+0x3df9bcd) (BuildId: b856c61f98abf0989f157f153740fe0fadfbb760)
    #5 0x55ca91648523 in llvm::Target::createTargetMachine(llvm::StringRef, llvm::StringRef, llvm::StringRef, llvm::TargetOptions const&, std::optional<llvm::Reloc::Model>, std::optional<llvm::CodeModel::Model>, llvm::CodeGenOptLevel, bool) const /usr/lib/llvm-20/include/llvm/MC/TargetRegistry.h:462:12
    #6 0x55ca9163a09e in tsc::TargetRegistry::initializeAllTargets() /workspace/src/TargetRegistry.cpp:67:41
    #7 0x55ca9162bdcd in tsc::Compiler::initializeLLVM() /workspace/src/Compiler.cpp:349:14
    #8 0x55ca9162b8b7 in tsc::Compiler::Compiler(tsc::CompilerOptions const&) /workspace/src/Compiler.cpp:24:5
    #9 0x55ca915fd7b5 in main /workspace/src/main.cpp:191:18
    #10 0x7ff5c395a337  (/lib/x86_64-linux-gnu/libc.so.6+0x2a337) (BuildId: 467f544f15035abef911999cbc14489edd0555ab)
    #11 0x7ff5c395a3fa in __libc_start_main (/lib/x86_64-linux-gnu/libc.so.6+0x2a3fa) (BuildId: 467f544f15035abef911999cbc14489edd0555ab)
    #12 0x55ca91511b64 in _start (/workspace/build-asan/tsc+0x74b64) (BuildId: 73a10d7cc646a755f705b0ae57418e68578aec2f)

Indirect leak of 192 byte(s) in 2 object(s) allocated from:
    #0 0x55ca915b5858 in malloc (/workspace/build-asan/tsc+0x118858) (BuildId: 73a10d7cc646a755f705b0ae57418e68578aec2f)
    #1 0x7ff5c4ec87d6 in llvm::SmallVectorBase<unsigned int>::mallocForGrow(void*, unsigned long, unsigned long, unsigned long&) (/usr/lib/llvm-20/lib/libLLVM.so.20.1+0xfac7d6) (BuildId: b856c61f98abf0989f157f153740fe0fadfbb760)
    #2 0x7ff5c5a01f3c in llvm::SmallVectorTemplateBase<std::function<std::vector<std::pair<unsigned short, llvm::LegacyLegalizeActions::LegacyLegalizeAction>, std::allocator<std::pair<unsigned short, llvm::LegacyLegalizeActions::LegacyLegalizeAction>>> (std::vector<std::pair<unsigned short, llvm::LegacyLegalizeActions::LegacyLegalizeAction>, std::allocator<std::pair<unsigned short, llvm::LegacyLegalizeActions::LegacyLegalizeAction>>> const&)>, false>::grow(unsigned long) (/usr/lib/llvm-20/lib/libLLVM.so.20.1+0x1ae5f3c) (BuildId: b856c61f98abf0989f157f153740fe0fadfbb760)
    #3 0x7ff5c59ff333  (/usr/lib/llvm-20/lib/libLLVM.so.20.1+0x1ae3333) (BuildId: b856c61f98abf0989f157f153740fe0fadfbb760)
    #4 0x7ff5c59ff1eb in llvm::LegacyLegalizerInfo::LegacyLegalizerInfo() (/usr/lib/llvm-20/lib/libLLVM.so.20.1+0x1ae31eb) (BuildId: b856c61f98abf0989f157f153740fe0fadfbb760)
    #5 0x7ff5c7b28493  (/usr/lib/llvm-20/lib/libLLVM.so.20.1+0x3c0c493) (BuildId: b856c61f98abf0989f157f153740fe0fadfbb760)
    #6 0x7ff5c7b6091a  (/usr/lib/llvm-20/lib/libLLVM.so.20.1+0x3c4491a) (BuildId: b856c61f98abf0989f157f153740fe0fadfbb760)
    #7 0x7ff5c7b61710  (/usr/lib/llvm-20/lib/libLLVM.so.20.1+0x3c45710) (BuildId: b856c61f98abf0989f157f153740fe0fadfbb760)
    #8 0x7ff5c7b62a6c  (/usr/lib/llvm-20/lib/libLLVM.so.20.1+0x3c46a6c) (BuildId: b856c61f98abf0989f157f153740fe0fadfbb760)
    #9 0x55ca91648523 in llvm::Target::createTargetMachine(llvm::StringRef, llvm::StringRef, llvm::StringRef, llvm::TargetOptions const&, std::optional<llvm::Reloc::Model>, std::optional<llvm::CodeModel::Model>, llvm::CodeGenOptLevel, bool) const /usr/lib/llvm-20/include/llvm/MC/TargetRegistry.h:462:12
    #10 0x55ca9163a09e in tsc::TargetRegistry::initializeAllTargets() /workspace/src/TargetRegistry.cpp:67:41
    #11 0x55ca9162bdcd in tsc::Compiler::initializeLLVM() /workspace/src/Compiler.cpp:349:14
    #12 0x55ca9162b8b7 in tsc::Compiler::Compiler(tsc::CompilerOptions const&) /workspace/src/Compiler.cpp:24:5
    #13 0x55ca915fd7b5 in main /workspace/src/main.cpp:191:18
    #14 0x7ff5c395a337  (/lib/x86_64-linux-gnu/libc.so.6+0x2a337) (BuildId: 467f544f15035abef911999cbc14489edd0555ab)
    #15 0x7ff5c395a3fa in __libc_start_main (/lib/x86_64-linux-gnu/libc.so.6+0x2a3fa) (BuildId: 467f544f15035abef911999cbc14489edd0555ab)
    #16 0x55ca91511b64 in _start (/workspace/build-asan/tsc+0x74b64) (BuildId: 73a10d7cc646a755f705b0ae57418e68578aec2f)

Indirect leak of 192 byte(s) in 2 object(s) allocated from:
    #0 0x55ca915b5858 in malloc (/workspace/build-asan/tsc+0x118858) (BuildId: 73a10d7cc646a755f705b0ae57418e68578aec2f)
    #1 0x7ff5c4ec87d6 in llvm::SmallVectorBase<unsigned int>::mallocForGrow(void*, unsigned long, unsigned long, unsigned long&) (/usr/lib/llvm-20/lib/libLLVM.so.20.1+0xfac7d6) (BuildId: b856c61f98abf0989f157f153740fe0fadfbb760)
    #2 0x7ff5c5a01f3c in llvm::SmallVectorTemplateBase<std::function<std::vector<std::pair<unsigned short, llvm::LegacyLegalizeActions::LegacyLegalizeAction>, std::allocator<std::pair<unsigned short, llvm::LegacyLegalizeActions::LegacyLegalizeAction>>> (std::vector<std::pair<unsigned short, llvm::LegacyLegalizeActions::LegacyLegalizeAction>, std::allocator<std::pair<unsigned short, llvm::LegacyLegalizeActions::LegacyLegalizeAction>>> const&)>, false>::grow(unsigned long) (/usr/lib/llvm-20/lib/libLLVM.so.20.1+0x1ae5f3c) (BuildId: b856c61f98abf0989f157f153740fe0fadfbb760)
    #3 0x7ff5c59ff333  (/usr/lib/llvm-20/lib/libLLVM.so.20.1+0x1ae3333) (BuildId: b856c61f98abf0989f157f153740fe0fadfbb760)
    #4 0x7ff5c59ff1eb in llvm::LegacyLegalizerInfo::LegacyLegalizerInfo() (/usr/lib/llvm-20/lib/libLLVM.so.20.1+0x1ae31eb) (BuildId: b856c61f98abf0989f157f153740fe0fadfbb760)
    #5 0x7ff5c7b28493  (/usr/lib/llvm-20/lib/libLLVM.so.20.1+0x3c0c493) (BuildId: b856c61f98abf0989f157f153740fe0fadfbb760)
    #6 0x7ff5c7b6091a  (/usr/lib/llvm-20/lib/libLLVM.so.20.1+0x3c4491a) (BuildId: b856c61f98abf0989f157f153740fe0fadfbb760)
    #7 0x7ff5c7b6188a  (/usr/lib/llvm-20/lib/libLLVM.so.20.1+0x3c4588a) (BuildId: b856c61f98abf0989f157f153740fe0fadfbb760)
    #8 0x7ff5c7b62a6c  (/usr/lib/llvm-20/lib/libLLVM.so.20.1+0x3c46a6c) (BuildId: b856c61f98abf0989f157f153740fe0fadfbb760)
    #9 0x55ca91648523 in llvm::Target::createTargetMachine(llvm::StringRef, llvm::StringRef, llvm::StringRef, llvm::TargetOptions const&, std::optional<llvm::Reloc::Model>, std::optional<llvm::CodeModel::Model>, llvm::CodeGenOptLevel, bool) const /usr/lib/llvm-20/include/llvm/MC/TargetRegistry.h:462:12
    #10 0x55ca9163a09e in tsc::TargetRegistry::initializeAllTargets() /workspace/src/TargetRegistry.cpp:67:41
    #11 0x55ca9162bdcd in tsc::Compiler::initializeLLVM() /workspace/src/Compiler.cpp:349:14
    #12 0x55ca9162b8b7 in tsc::Compiler::Compiler(tsc::CompilerOptions const&) /workspace/src/Compiler.cpp:24:5
    #13 0x55ca915fd7b5 in main /workspace/src/main.cpp:191:18
    #14 0x7ff5c395a337  (/lib/x86_64-linux-gnu/libc.so.6+0x2a337) (BuildId: 467f544f15035abef911999cbc14489edd0555ab)
    #15 0x7ff5c395a3fa in __libc_start_main (/lib/x86_64-linux-gnu/libc.so.6+0x2a3fa) (BuildId: 467f544f15035abef911999cbc14489edd0555ab)
    #16 0x55ca91511b64 in _start (/workspace/build-asan/tsc+0x74b64) (BuildId: 73a10d7cc646a755f705b0ae57418e68578aec2f)

Indirect leak of 192 byte(s) in 3 object(s) allocated from:
    #0 0x55ca915fa191 in operator new(unsigned long) (/workspace/build-asan/tsc+0x15d191) (BuildId: 73a10d7cc646a755f705b0ae57418e68578aec2f)
    #1 0x7ff5c6f3afe5  (/usr/lib/llvm-20/lib/libLLVM.so.20.1+0x301efe5) (BuildId: b856c61f98abf0989f157f153740fe0fadfbb760)
    #2 0x7ff5c6f3af97  (/usr/lib/llvm-20/lib/libLLVM.so.20.1+0x301ef97) (BuildId: b856c61f98abf0989f157f153740fe0fadfbb760)
    #3 0x7ff5c6f3998b  (/usr/lib/llvm-20/lib/libLLVM.so.20.1+0x301d98b) (BuildId: b856c61f98abf0989f157f153740fe0fadfbb760)
    #4 0x7ff5c6f398a6  (/usr/lib/llvm-20/lib/libLLVM.so.20.1+0x301d8a6) (BuildId: b856c61f98abf0989f157f153740fe0fadfbb760)
    #5 0x7ff5c7f59c23  (/usr/lib/llvm-20/lib/libLLVM.so.20.1+0x403dc23) (BuildId: b856c61f98abf0989f157f153740fe0fadfbb760)
    #6 0x7ff5c7f81ab1  (/usr/lib/llvm-20/lib/libLLVM.so.20.1+0x4065ab1) (BuildId: b856c61f98abf0989f157f153740fe0fadfbb760)
    #7 0x7ff5c7f83c8f  (/usr/lib/llvm-20/lib/libLLVM.so.20.1+0x4067c8f) (BuildId: b856c61f98abf0989f157f153740fe0fadfbb760)
    #8 0x7ff5c7f8526a  (/usr/lib/llvm-20/lib/libLLVM.so.20.1+0x406926a) (BuildId: b856c61f98abf0989f157f153740fe0fadfbb760)
    #9 0x55ca91648523 in llvm::Target::createTargetMachine(llvm::StringRef, llvm::StringRef, llvm::StringRef, llvm::TargetOptions const&, std::optional<llvm::Reloc::Model>, std::optional<llvm::CodeModel::Model>, llvm::CodeGenOptLevel, bool) const /usr/lib/llvm-20/include/llvm/MC/TargetRegistry.h:462:12
    #10 0x55ca9163a09e in tsc::TargetRegistry::initializeAllTargets() /workspace/src/TargetRegistry.cpp:67:41
    #11 0x55ca9162bdcd in tsc::Compiler::initializeLLVM() /workspace/src/Compiler.cpp:349:14
    #12 0x55ca9162b8b7 in tsc::Compiler::Compiler(tsc::CompilerOptions const&) /workspace/src/Compiler.cpp:24:5
    #13 0x55ca915fd7b5 in main /workspace/src/main.cpp:191:18
    #14 0x7ff5c395a337  (/lib/x86_64-linux-gnu/libc.so.6+0x2a337) (BuildId: 467f544f15035abef911999cbc14489edd0555ab)
    #15 0x7ff5c395a3fa in __libc_start_main (/lib/x86_64-linux-gnu/libc.so.6+0x2a3fa) (BuildId: 467f544f15035abef911999cbc14489edd0555ab)
    #16 0x55ca91511b64 in _start (/workspace/build-asan/tsc+0x74b64) (BuildId: 73a10d7cc646a755f705b0ae57418e68578aec2f)

Indirect leak of 192 byte(s) in 3 object(s) allocated from:
    #0 0x55ca915fa191 in operator new(unsigned long) (/workspace/build-asan/tsc+0x15d191) (BuildId: 73a10d7cc646a755f705b0ae57418e68578aec2f)
    #1 0x7ff5c6f3afe5  (/usr/lib/llvm-20/lib/libLLVM.so.20.1+0x301efe5) (BuildId: b856c61f98abf0989f157f153740fe0fadfbb760)
    #2 0x7ff5c6f3af97  (/usr/lib/llvm-20/lib/libLLVM.so.20.1+0x301ef97) (BuildId: b856c61f98abf0989f157f153740fe0fadfbb760)
    #3 0x7ff5c6f3998b  (/usr/lib/llvm-20/lib/libLLVM.so.20.1+0x301d98b) (BuildId: b856c61f98abf0989f157f153740fe0fadfbb760)
    #4 0x7ff5c6f398a6  (/usr/lib/llvm-20/lib/libLLVM.so.20.1+0x301d8a6) (BuildId: b856c61f98abf0989f157f153740fe0fadfbb760)
    #5 0x7ff5c6f3aa71  (/usr/lib/llvm-20/lib/libLLVM.so.20.1+0x301ea71) (BuildId: b856c61f98abf0989f157f153740fe0fadfbb760)
    #6 0x7ff5c7f59cc3  (/usr/lib/llvm-20/lib/libLLVM.so.20.1+0x403dcc3) (BuildId: b856c61f98abf0989f157f153740fe0fadfbb760)
    #7 0x7ff5c7f81ab1  (/usr/lib/llvm-20/lib/libLLVM.so.20.1+0x4065ab1) (BuildId: b856c61f98abf0989f157f153740fe0fadfbb760)
    #8 0x7ff5c7f83c8f  (/usr/lib/llvm-20/lib/libLLVM.so.20.1+0x4067c8f) (BuildId: b856c61f98abf0989f157f153740fe0fadfbb760)
    #9 0x7ff5c7f8526a  (/usr/lib/llvm-20/lib/libLLVM.so.20.1+0x406926a) (BuildId: b856c61f98abf0989f157f153740fe0fadfbb760)
    #10 0x55ca91648523 in llvm::Target::createTargetMachine(llvm::StringRef, llvm::StringRef, llvm::StringRef, llvm::TargetOptions const&, std::optional<llvm::Reloc::Model>, std::optional<llvm::CodeModel::Model>, llvm::CodeGenOptLevel, bool) const /usr/lib/llvm-20/include/llvm/MC/TargetRegistry.h:462:12
    #11 0x55ca9163a09e in tsc::TargetRegistry::initializeAllTargets() /workspace/src/TargetRegistry.cpp:67:41
    #12 0x55ca9162bdcd in tsc::Compiler::initializeLLVM() /workspace/src/Compiler.cpp:349:14
    #13 0x55ca9162b8b7 in tsc::Compiler::Compiler(tsc::CompilerOptions const&) /workspace/src/Compiler.cpp:24:5
    #14 0x55ca915fd7b5 in main /workspace/src/main.cpp:191:18
    #15 0x7ff5c395a337  (/lib/x86_64-linux-gnu/libc.so.6+0x2a337) (BuildId: 467f544f15035abef911999cbc14489edd0555ab)
    #16 0x7ff5c395a3fa in __libc_start_main (/lib/x86_64-linux-gnu/libc.so.6+0x2a3fa) (BuildId: 467f544f15035abef911999cbc14489edd0555ab)
    #17 0x55ca91511b64 in _start (/workspace/build-asan/tsc+0x74b64) (BuildId: 73a10d7cc646a755f705b0ae57418e68578aec2f)

Indirect leak of 192 byte(s) in 2 object(s) allocated from:
    #0 0x55ca915b5858 in malloc (/workspace/build-asan/tsc+0x118858) (BuildId: 73a10d7cc646a755f705b0ae57418e68578aec2f)
    #1 0x7ff5c4ec87d6 in llvm::SmallVectorBase<unsigned int>::mallocForGrow(void*, unsigned long, unsigned long, unsigned long&) (/usr/lib/llvm-20/lib/libLLVM.so.20.1+0xfac7d6) (BuildId: b856c61f98abf0989f157f153740fe0fadfbb760)
    #2 0x7ff5c5a01f3c in llvm::SmallVectorTemplateBase<std::function<std::vector<std::pair<unsigned short, llvm::LegacyLegalizeActions::LegacyLegalizeAction>, std::allocator<std::pair<unsigned short, llvm::LegacyLegalizeActions::LegacyLegalizeAction>>> (std::vector<std::pair<unsigned short, llvm::LegacyLegalizeActions::LegacyLegalizeAction>, std::allocator<std::pair<unsigned short, llvm::LegacyLegalizeActions::LegacyLegalizeAction>>> const&)>, false>::grow(unsigned long) (/usr/lib/llvm-20/lib/libLLVM.so.20.1+0x1ae5f3c) (BuildId: b856c61f98abf0989f157f153740fe0fadfbb760)
    #3 0x7ff5c59ff333  (/usr/lib/llvm-20/lib/libLLVM.so.20.1+0x1ae3333) (BuildId: b856c61f98abf0989f157f153740fe0fadfbb760)
    #4 0x7ff5c59ff1eb in llvm::LegacyLegalizerInfo::LegacyLegalizerInfo() (/usr/lib/llvm-20/lib/libLLVM.so.20.1+0x1ae31eb) (BuildId: b856c61f98abf0989f157f153740fe0fadfbb760)
    #5 0x7ff5c7b28493  (/usr/lib/llvm-20/lib/libLLVM.so.20.1+0x3c0c493) (BuildId: b856c61f98abf0989f157f153740fe0fadfbb760)
    #6 0x7ff5c7b6091a  (/usr/lib/llvm-20/lib/libLLVM.so.20.1+0x3c4491a) (BuildId: b856c61f98abf0989f157f153740fe0fadfbb760)
    #7 0x7ff5c7b61a19  (/usr/lib/llvm-20/lib/libLLVM.so.20.1+0x3c45a19) (BuildId: b856c61f98abf0989f157f153740fe0fadfbb760)
    #8 0x7ff5c7b62a6c  (/usr/lib/llvm-20/lib/libLLVM.so.20.1+0x3c46a6c) (BuildId: b856c61f98abf0989f157f153740fe0fadfbb760)
    #9 0x55ca91648523 in llvm::Target::createTargetMachine(llvm::StringRef, llvm::StringRef, llvm::StringRef, llvm::TargetOptions const&, std::optional<llvm::Reloc::Model>, std::optional<llvm::CodeModel::Model>, llvm::CodeGenOptLevel, bool) const /usr/lib/llvm-20/include/llvm/MC/TargetRegistry.h:462:12
    #10 0x55ca9163a09e in tsc::TargetRegistry::initializeAllTargets() /workspace/src/TargetRegistry.cpp:67:41
    #11 0x55ca9162bdcd in tsc::Compiler::initializeLLVM() /workspace/src/Compiler.cpp:349:14
    #12 0x55ca9162b8b7 in tsc::Compiler::Compiler(tsc::CompilerOptions const&) /workspace/src/Compiler.cpp:24:5
    #13 0x55ca915fd7b5 in main /workspace/src/main.cpp:191:18
    #14 0x7ff5c395a337  (/lib/x86_64-linux-gnu/libc.so.6+0x2a337) (BuildId: 467f544f15035abef911999cbc14489edd0555ab)
    #15 0x7ff5c395a3fa in __libc_start_main (/lib/x86_64-linux-gnu/libc.so.6+0x2a3fa) (BuildId: 467f544f15035abef911999cbc14489edd0555ab)
    #16 0x55ca91511b64 in _start (/workspace/build-asan/tsc+0x74b64) (BuildId: 73a10d7cc646a755f705b0ae57418e68578aec2f)

Indirect leak of 192 byte(s) in 3 object(s) allocated from:
    #0 0x55ca915fa191 in operator new(unsigned long) (/workspace/build-asan/tsc+0x15d191) (BuildId: 73a10d7cc646a755f705b0ae57418e68578aec2f)
    #1 0x7ff5c6f3afe5  (/usr/lib/llvm-20/lib/libLLVM.so.20.1+0x301efe5) (BuildId: b856c61f98abf0989f157f153740fe0fadfbb760)
    #2 0x7ff5c6f3af97  (/usr/lib/llvm-20/lib/libLLVM.so.20.1+0x301ef97) (BuildId: b856c61f98abf0989f157f153740fe0fadfbb760)
    #3 0x7ff5c6f3998b  (/usr/lib/llvm-20/lib/libLLVM.so.20.1+0x301d98b) (BuildId: b856c61f98abf0989f157f153740fe0fadfbb760)
    #4 0x7ff5c6f398a6  (/usr/lib/llvm-20/lib/libLLVM.so.20.1+0x301d8a6) (BuildId: b856c61f98abf0989f157f153740fe0fadfbb760)
    #5 0x7ff5c6f3aa71  (/usr/lib/llvm-20/lib/libLLVM.so.20.1+0x301ea71) (BuildId: b856c61f98abf0989f157f153740fe0fadfbb760)
    #6 0x7ff5c7f5a5a9  (/usr/lib/llvm-20/lib/libLLVM.so.20.1+0x403e5a9) (BuildId: b856c61f98abf0989f157f153740fe0fadfbb760)
    #7 0x7ff5c7f81ab1  (/usr/lib/llvm-20/lib/libLLVM.so.20.1+0x4065ab1) (BuildId: b856c61f98abf0989f157f153740fe0fadfbb760)
    #8 0x7ff5c7f83c8f  (/usr/lib/llvm-20/lib/libLLVM.so.20.1+0x4067c8f) (BuildId: b856c61f98abf0989f157f153740fe0fadfbb760)
    #9 0x7ff5c7f8526a  (/usr/lib/llvm-20/lib/libLLVM.so.20.1+0x406926a) (BuildId: b856c61f98abf0989f157f153740fe0fadfbb760)
    #10 0x55ca91648523 in llvm::Target::createTargetMachine(llvm::StringRef, llvm::StringRef, llvm::StringRef, llvm::TargetOptions const&, std::optional<llvm::Reloc::Model>, std::optional<llvm::CodeModel::Model>, llvm::CodeGenOptLevel, bool) const /usr/lib/llvm-20/include/llvm/MC/TargetRegistry.h:462:12
    #11 0x55ca9163a09e in tsc::TargetRegistry::initializeAllTargets() /workspace/src/TargetRegistry.cpp:67:41
    #12 0x55ca9162bdcd in tsc::Compiler::initializeLLVM() /workspace/src/Compiler.cpp:349:14
    #13 0x55ca9162b8b7 in tsc::Compiler::Compiler(tsc::CompilerOptions const&) /workspace/src/Compiler.cpp:24:5
    #14 0x55ca915fd7b5 in main /workspace/src/main.cpp:191:18
    #15 0x7ff5c395a337  (/lib/x86_64-linux-gnu/libc.so.6+0x2a337) (BuildId: 467f544f15035abef911999cbc14489edd0555ab)
    #16 0x7ff5c395a3fa in __libc_start_main (/lib/x86_64-linux-gnu/libc.so.6+0x2a3fa) (BuildId: 467f544f15035abef911999cbc14489edd0555ab)
    #17 0x55ca91511b64 in _start (/workspace/build-asan/tsc+0x74b64) (BuildId: 73a10d7cc646a755f705b0ae57418e68578aec2f)

Indirect leak of 192 byte(s) in 3 object(s) allocated from:
    #0 0x55ca915fa191 in operator new(unsigned long) (/workspace/build-asan/tsc+0x15d191) (BuildId: 73a10d7cc646a755f705b0ae57418e68578aec2f)
    #1 0x7ff5c6f3afe5  (/usr/lib/llvm-20/lib/libLLVM.so.20.1+0x301efe5) (BuildId: b856c61f98abf0989f157f153740fe0fadfbb760)
    #2 0x7ff5c6f3af97  (/usr/lib/llvm-20/lib/libLLVM.so.20.1+0x301ef97) (BuildId: b856c61f98abf0989f157f153740fe0fadfbb760)
    #3 0x7ff5c6f3998b  (/usr/lib/llvm-20/lib/libLLVM.so.20.1+0x301d98b) (BuildId: b856c61f98abf0989f157f153740fe0fadfbb760)
    #4 0x7ff5c6f398a6  (/usr/lib/llvm-20/lib/libLLVM.so.20.1+0x301d8a6) (BuildId: b856c61f98abf0989f157f153740fe0fadfbb760)
    #5 0x7ff5c6f3aa71  (/usr/lib/llvm-20/lib/libLLVM.so.20.1+0x301ea71) (BuildId: b856c61f98abf0989f157f153740fe0fadfbb760)
    #6 0x7ff5c7f5a236  (/usr/lib/llvm-20/lib/libLLVM.so.20.1+0x403e236) (BuildId: b856c61f98abf0989f157f153740fe0fadfbb760)
    #7 0x7ff5c7f81ab1  (/usr/lib/llvm-20/lib/libLLVM.so.20.1+0x4065ab1) (BuildId: b856c61f98abf0989f157f153740fe0fadfbb760)
    #8 0x7ff5c7f83c8f  (/usr/lib/llvm-20/lib/libLLVM.so.20.1+0x4067c8f) (BuildId: b856c61f98abf0989f157f153740fe0fadfbb760)
    #9 0x7ff5c7f8526a  (/usr/lib/llvm-20/lib/libLLVM.so.20.1+0x406926a) (BuildId: b856c61f98abf0989f157f153740fe0fadfbb760)
    #10 0x55ca91648523 in llvm::Target::createTargetMachine(llvm::StringRef, llvm::StringRef, llvm::StringRef, llvm::TargetOptions const&, std::optional<llvm::Reloc::Model>, std::optional<llvm::CodeModel::Model>, llvm::CodeGenOptLevel, bool) const /usr/lib/llvm-20/include/llvm/MC/TargetRegistry.h:462:12
    #11 0x55ca9163a09e in tsc::TargetRegistry::initializeAllTargets() /workspace/src/TargetRegistry.cpp:67:41
    #12 0x55ca9162bdcd in tsc::Compiler::initializeLLVM() /workspace/src/Compiler.cpp:349:14
    #13 0x55ca9162b8b7 in tsc::Compiler::Compiler(tsc::CompilerOptions const&) /workspace/src/Compiler.cpp:24:5
    #14 0x55ca915fd7b5 in main /workspace/src/main.cpp:191:18
    #15 0x7ff5c395a337  (/lib/x86_64-linux-gnu/libc.so.6+0x2a337) (BuildId: 467f544f15035abef911999cbc14489edd0555ab)
    #16 0x7ff5c395a3fa in __libc_start_main (/lib/x86_64-linux-gnu/libc.so.6+0x2a3fa) (BuildId: 467f544f15035abef911999cbc14489edd0555ab)
    #17 0x55ca91511b64 in _start (/workspace/build-asan/tsc+0x74b64) (BuildId: 73a10d7cc646a755f705b0ae57418e68578aec2f)

Indirect leak of 192 byte(s) in 2 object(s) allocated from:
    #0 0x55ca915b5858 in malloc (/workspace/build-asan/tsc+0x118858) (BuildId: 73a10d7cc646a755f705b0ae57418e68578aec2f)
    #1 0x7ff5c4ec87d6 in llvm::SmallVectorBase<unsigned int>::mallocForGrow(void*, unsigned long, unsigned long, unsigned long&) (/usr/lib/llvm-20/lib/libLLVM.so.20.1+0xfac7d6) (BuildId: b856c61f98abf0989f157f153740fe0fadfbb760)
    #2 0x7ff5c5a01f3c in llvm::SmallVectorTemplateBase<std::function<std::vector<std::pair<unsigned short, llvm::LegacyLegalizeActions::LegacyLegalizeAction>, std::allocator<std::pair<unsigned short, llvm::LegacyLegalizeActions::LegacyLegalizeAction>>> (std::vector<std::pair<unsigned short, llvm::LegacyLegalizeActions::LegacyLegalizeAction>, std::allocator<std::pair<unsigned short, llvm::LegacyLegalizeActions::LegacyLegalizeAction>>> const&)>, false>::grow(unsigned long) (/usr/lib/llvm-20/lib/libLLVM.so.20.1+0x1ae5f3c) (BuildId: b856c61f98abf0989f157f153740fe0fadfbb760)
    #3 0x7ff5c59ff333  (/usr/lib/llvm-20/lib/libLLVM.so.20.1+0x1ae3333) (BuildId: b856c61f98abf0989f157f153740fe0fadfbb760)
    #4 0x7ff5c59ff1eb in llvm::LegacyLegalizerInfo::LegacyLegalizerInfo() (/usr/lib/llvm-20/lib/libLLVM.so.20.1+0x1ae31eb) (BuildId: b856c61f98abf0989f157f153740fe0fadfbb760)
    #5 0x7ff5c7b28493  (/usr/lib/llvm-20/lib/libLLVM.so.20.1+0x3c0c493) (BuildId: b856c61f98abf0989f157f153740fe0fadfbb760)
    #6 0x7ff5c7b6091a  (/usr/lib/llvm-20/lib/libLLVM.so.20.1+0x3c4491a) (BuildId: b856c61f98abf0989f157f153740fe0fadfbb760)
    #7 0x7ff5c7b61710  (/usr/lib/llvm-20/lib/libLLVM.so.20.1+0x3c45710) (BuildId: b856c61f98abf0989f157f153740fe0fadfbb760)
    #8 0x7ff5c7b62b2c  (/usr/lib/llvm-20/lib/libLLVM.so.20.1+0x3c46b2c) (BuildId: b856c61f98abf0989f157f153740fe0fadfbb760)
    #9 0x55ca91648523 in llvm::Target::createTargetMachine(llvm::StringRef, llvm::StringRef, llvm::StringRef, llvm::TargetOptions const&, std::optional<llvm::Reloc::Model>, std::optional<llvm::CodeModel::Model>, llvm::CodeGenOptLevel, bool) const /usr/lib/llvm-20/include/llvm/MC/TargetRegistry.h:462:12
    #10 0x55ca9163a09e in tsc::TargetRegistry::initializeAllTargets() /workspace/src/TargetRegistry.cpp:67:41
    #11 0x55ca9162bdcd in tsc::Compiler::initializeLLVM() /workspace/src/Compiler.cpp:349:14
    #12 0x55ca9162b8b7 in tsc::Compiler::Compiler(tsc::CompilerOptions const&) /workspace/src/Compiler.cpp:24:5
    #13 0x55ca915fd7b5 in main /workspace/src/main.cpp:191:18
    #14 0x7ff5c395a337  (/lib/x86_64-linux-gnu/libc.so.6+0x2a337) (BuildId: 467f544f15035abef911999cbc14489edd0555ab)
    #15 0x7ff5c395a3fa in __libc_start_main (/lib/x86_64-linux-gnu/libc.so.6+0x2a3fa) (BuildId: 467f544f15035abef911999cbc14489edd0555ab)
    #16 0x55ca91511b64 in _start (/workspace/build-asan/tsc+0x74b64) (BuildId: 73a10d7cc646a755f705b0ae57418e68578aec2f)

Indirect leak of 192 byte(s) in 3 object(s) allocated from:
    #0 0x55ca915fa191 in operator new(unsigned long) (/workspace/build-asan/tsc+0x15d191) (BuildId: 73a10d7cc646a755f705b0ae57418e68578aec2f)
    #1 0x7ff5c6f3afe5  (/usr/lib/llvm-20/lib/libLLVM.so.20.1+0x301efe5) (BuildId: b856c61f98abf0989f157f153740fe0fadfbb760)
    #2 0x7ff5c6f3af97  (/usr/lib/llvm-20/lib/libLLVM.so.20.1+0x301ef97) (BuildId: b856c61f98abf0989f157f153740fe0fadfbb760)
    #3 0x7ff5c6f3998b  (/usr/lib/llvm-20/lib/libLLVM.so.20.1+0x301d98b) (BuildId: b856c61f98abf0989f157f153740fe0fadfbb760)
    #4 0x7ff5c6f398a6  (/usr/lib/llvm-20/lib/libLLVM.so.20.1+0x301d8a6) (BuildId: b856c61f98abf0989f157f153740fe0fadfbb760)
    #5 0x7ff5c7f5a121  (/usr/lib/llvm-20/lib/libLLVM.so.20.1+0x403e121) (BuildId: b856c61f98abf0989f157f153740fe0fadfbb760)
    #6 0x7ff5c7f81ab1  (/usr/lib/llvm-20/lib/libLLVM.so.20.1+0x4065ab1) (BuildId: b856c61f98abf0989f157f153740fe0fadfbb760)
    #7 0x7ff5c7f83c8f  (/usr/lib/llvm-20/lib/libLLVM.so.20.1+0x4067c8f) (BuildId: b856c61f98abf0989f157f153740fe0fadfbb760)
    #8 0x7ff5c7f8526a  (/usr/lib/llvm-20/lib/libLLVM.so.20.1+0x406926a) (BuildId: b856c61f98abf0989f157f153740fe0fadfbb760)
    #9 0x55ca91648523 in llvm::Target::createTargetMachine(llvm::StringRef, llvm::StringRef, llvm::StringRef, llvm::TargetOptions const&, std::optional<llvm::Reloc::Model>, std::optional<llvm::CodeModel::Model>, llvm::CodeGenOptLevel, bool) const /usr/lib/llvm-20/include/llvm/MC/TargetRegistry.h:462:12
    #10 0x55ca9163a09e in tsc::TargetRegistry::initializeAllTargets() /workspace/src/TargetRegistry.cpp:67:41
    #11 0x55ca9162bdcd in tsc::Compiler::initializeLLVM() /workspace/src/Compiler.cpp:349:14
    #12 0x55ca9162b8b7 in tsc::Compiler::Compiler(tsc::CompilerOptions const&) /workspace/src/Compiler.cpp:24:5
    #13 0x55ca915fd7b5 in main /workspace/src/main.cpp:191:18
    #14 0x7ff5c395a337  (/lib/x86_64-linux-gnu/libc.so.6+0x2a337) (BuildId: 467f544f15035abef911999cbc14489edd0555ab)
    #15 0x7ff5c395a3fa in __libc_start_main (/lib/x86_64-linux-gnu/libc.so.6+0x2a3fa) (BuildId: 467f544f15035abef911999cbc14489edd0555ab)
    #16 0x55ca91511b64 in _start (/workspace/build-asan/tsc+0x74b64) (BuildId: 73a10d7cc646a755f705b0ae57418e68578aec2f)

Indirect leak of 192 byte(s) in 3 object(s) allocated from:
    #0 0x55ca915fa191 in operator new(unsigned long) (/workspace/build-asan/tsc+0x15d191) (BuildId: 73a10d7cc646a755f705b0ae57418e68578aec2f)
    #1 0x7ff5c6f3afe5  (/usr/lib/llvm-20/lib/libLLVM.so.20.1+0x301efe5) (BuildId: b856c61f98abf0989f157f153740fe0fadfbb760)
    #2 0x7ff5c6f3af97  (/usr/lib/llvm-20/lib/libLLVM.so.20.1+0x301ef97) (BuildId: b856c61f98abf0989f157f153740fe0fadfbb760)
    #3 0x7ff5c6f3998b  (/usr/lib/llvm-20/lib/libLLVM.so.20.1+0x301d98b) (BuildId: b856c61f98abf0989f157f153740fe0fadfbb760)
    #4 0x7ff5c6f398a6  (/usr/lib/llvm-20/lib/libLLVM.so.20.1+0x301d8a6) (BuildId: b856c61f98abf0989f157f153740fe0fadfbb760)
    #5 0x7ff5c7f59d77  (/usr/lib/llvm-20/lib/libLLVM.so.20.1+0x403dd77) (BuildId: b856c61f98abf0989f157f153740fe0fadfbb760)
    #6 0x7ff5c7f81ab1  (/usr/lib/llvm-20/lib/libLLVM.so.20.1+0x4065ab1) (BuildId: b856c61f98abf0989f157f153740fe0fadfbb760)
    #7 0x7ff5c7f83c8f  (/usr/lib/llvm-20/lib/libLLVM.so.20.1+0x4067c8f) (BuildId: b856c61f98abf0989f157f153740fe0fadfbb760)
    #8 0x7ff5c7f8526a  (/usr/lib/llvm-20/lib/libLLVM.so.20.1+0x406926a) (BuildId: b856c61f98abf0989f157f153740fe0fadfbb760)
    #9 0x55ca91648523 in llvm::Target::createTargetMachine(llvm::StringRef, llvm::StringRef, llvm::StringRef, llvm::TargetOptions const&, std::optional<llvm::Reloc::Model>, std::optional<llvm::CodeModel::Model>, llvm::CodeGenOptLevel, bool) const /usr/lib/llvm-20/include/llvm/MC/TargetRegistry.h:462:12
    #10 0x55ca9163a09e in tsc::TargetRegistry::initializeAllTargets() /workspace/src/TargetRegistry.cpp:67:41
    #11 0x55ca9162bdcd in tsc::Compiler::initializeLLVM() /workspace/src/Compiler.cpp:349:14
    #12 0x55ca9162b8b7 in tsc::Compiler::Compiler(tsc::CompilerOptions const&) /workspace/src/Compiler.cpp:24:5
    #13 0x55ca915fd7b5 in main /workspace/src/main.cpp:191:18
    #14 0x7ff5c395a337  (/lib/x86_64-linux-gnu/libc.so.6+0x2a337) (BuildId: 467f544f15035abef911999cbc14489edd0555ab)
    #15 0x7ff5c395a3fa in __libc_start_main (/lib/x86_64-linux-gnu/libc.so.6+0x2a3fa) (BuildId: 467f544f15035abef911999cbc14489edd0555ab)
    #16 0x55ca91511b64 in _start (/workspace/build-asan/tsc+0x74b64) (BuildId: 73a10d7cc646a755f705b0ae57418e68578aec2f)

Indirect leak of 192 byte(s) in 3 object(s) allocated from:
    #0 0x55ca915fa191 in operator new(unsigned long) (/workspace/build-asan/tsc+0x15d191) (BuildId: 73a10d7cc646a755f705b0ae57418e68578aec2f)
    #1 0x7ff5c6f3afe5  (/usr/lib/llvm-20/lib/libLLVM.so.20.1+0x301efe5) (BuildId: b856c61f98abf0989f157f153740fe0fadfbb760)
    #2 0x7ff5c6f3af97  (/usr/lib/llvm-20/lib/libLLVM.so.20.1+0x301ef97) (BuildId: b856c61f98abf0989f157f153740fe0fadfbb760)
    #3 0x7ff5c6f3998b  (/usr/lib/llvm-20/lib/libLLVM.so.20.1+0x301d98b) (BuildId: b856c61f98abf0989f157f153740fe0fadfbb760)
    #4 0x7ff5c6f398a6  (/usr/lib/llvm-20/lib/libLLVM.so.20.1+0x301d8a6) (BuildId: b856c61f98abf0989f157f153740fe0fadfbb760)
    #5 0x7ff5c6f3aa71  (/usr/lib/llvm-20/lib/libLLVM.so.20.1+0x301ea71) (BuildId: b856c61f98abf0989f157f153740fe0fadfbb760)
    #6 0x7ff5c7f59b53  (/usr/lib/llvm-20/lib/libLLVM.so.20.1+0x403db53) (BuildId: b856c61f98abf0989f157f153740fe0fadfbb760)
    #7 0x7ff5c7f81ab1  (/usr/lib/llvm-20/lib/libLLVM.so.20.1+0x4065ab1) (BuildId: b856c61f98abf0989f157f153740fe0fadfbb760)
    #8 0x7ff5c7f83c8f  (/usr/lib/llvm-20/lib/libLLVM.so.20.1+0x4067c8f) (BuildId: b856c61f98abf0989f157f153740fe0fadfbb760)
    #9 0x7ff5c7f8526a  (/usr/lib/llvm-20/lib/libLLVM.so.20.1+0x406926a) (BuildId: b856c61f98abf0989f157f153740fe0fadfbb760)
    #10 0x55ca91648523 in llvm::Target::createTargetMachine(llvm::StringRef, llvm::StringRef, llvm::StringRef, llvm::TargetOptions const&, std::optional<llvm::Reloc::Model>, std::optional<llvm::CodeModel::Model>, llvm::CodeGenOptLevel, bool) const /usr/lib/llvm-20/include/llvm/MC/TargetRegistry.h:462:12
    #11 0x55ca9163a09e in tsc::TargetRegistry::initializeAllTargets() /workspace/src/TargetRegistry.cpp:67:41
    #12 0x55ca9162bdcd in tsc::Compiler::initializeLLVM() /workspace/src/Compiler.cpp:349:14
    #13 0x55ca9162b8b7 in tsc::Compiler::Compiler(tsc::CompilerOptions const&) /workspace/src/Compiler.cpp:24:5
    #14 0x55ca915fd7b5 in main /workspace/src/main.cpp:191:18
    #15 0x7ff5c395a337  (/lib/x86_64-linux-gnu/libc.so.6+0x2a337) (BuildId: 467f544f15035abef911999cbc14489edd0555ab)
    #16 0x7ff5c395a3fa in __libc_start_main (/lib/x86_64-linux-gnu/libc.so.6+0x2a3fa) (BuildId: 467f544f15035abef911999cbc14489edd0555ab)
    #17 0x55ca91511b64 in _start (/workspace/build-asan/tsc+0x74b64) (BuildId: 73a10d7cc646a755f705b0ae57418e68578aec2f)

Indirect leak of 192 byte(s) in 3 object(s) allocated from:
    #0 0x55ca915fa191 in operator new(unsigned long) (/workspace/build-asan/tsc+0x15d191) (BuildId: 73a10d7cc646a755f705b0ae57418e68578aec2f)
    #1 0x7ff5c6f3afe5  (/usr/lib/llvm-20/lib/libLLVM.so.20.1+0x301efe5) (BuildId: b856c61f98abf0989f157f153740fe0fadfbb760)
    #2 0x7ff5c6f3af97  (/usr/lib/llvm-20/lib/libLLVM.so.20.1+0x301ef97) (BuildId: b856c61f98abf0989f157f153740fe0fadfbb760)
    #3 0x7ff5c6f3998b  (/usr/lib/llvm-20/lib/libLLVM.so.20.1+0x301d98b) (BuildId: b856c61f98abf0989f157f153740fe0fadfbb760)
    #4 0x7ff5c6f398a6  (/usr/lib/llvm-20/lib/libLLVM.so.20.1+0x301d8a6) (BuildId: b856c61f98abf0989f157f153740fe0fadfbb760)
    #5 0x7ff5c7f599b6  (/usr/lib/llvm-20/lib/libLLVM.so.20.1+0x403d9b6) (BuildId: b856c61f98abf0989f157f153740fe0fadfbb760)
    #6 0x7ff5c7f81ab1  (/usr/lib/llvm-20/lib/libLLVM.so.20.1+0x4065ab1) (BuildId: b856c61f98abf0989f157f153740fe0fadfbb760)
    #7 0x7ff5c7f83c8f  (/usr/lib/llvm-20/lib/libLLVM.so.20.1+0x4067c8f) (BuildId: b856c61f98abf0989f157f153740fe0fadfbb760)
    #8 0x7ff5c7f8526a  (/usr/lib/llvm-20/lib/libLLVM.so.20.1+0x406926a) (BuildId: b856c61f98abf0989f157f153740fe0fadfbb760)
    #9 0x55ca91648523 in llvm::Target::createTargetMachine(llvm::StringRef, llvm::StringRef, llvm::StringRef, llvm::TargetOptions const&, std::optional<llvm::Reloc::Model>, std::optional<llvm::CodeModel::Model>, llvm::CodeGenOptLevel, bool) const /usr/lib/llvm-20/include/llvm/MC/TargetRegistry.h:462:12
    #10 0x55ca9163a09e in tsc::TargetRegistry::initializeAllTargets() /workspace/src/TargetRegistry.cpp:67:41
    #11 0x55ca9162bdcd in tsc::Compiler::initializeLLVM() /workspace/src/Compiler.cpp:349:14
    #12 0x55ca9162b8b7 in tsc::Compiler::Compiler(tsc::CompilerOptions const&) /workspace/src/Compiler.cpp:24:5
    #13 0x55ca915fd7b5 in main /workspace/src/main.cpp:191:18
    #14 0x7ff5c395a337  (/lib/x86_64-linux-gnu/libc.so.6+0x2a337) (BuildId: 467f544f15035abef911999cbc14489edd0555ab)
    #15 0x7ff5c395a3fa in __libc_start_main (/lib/x86_64-linux-gnu/libc.so.6+0x2a3fa) (BuildId: 467f544f15035abef911999cbc14489edd0555ab)
    #16 0x55ca91511b64 in _start (/workspace/build-asan/tsc+0x74b64) (BuildId: 73a10d7cc646a755f705b0ae57418e68578aec2f)

Indirect leak of 192 byte(s) in 3 object(s) allocated from:
    #0 0x55ca915fa191 in operator new(unsigned long) (/workspace/build-asan/tsc+0x15d191) (BuildId: 73a10d7cc646a755f705b0ae57418e68578aec2f)
    #1 0x7ff5c6f3afe5  (/usr/lib/llvm-20/lib/libLLVM.so.20.1+0x301efe5) (BuildId: b856c61f98abf0989f157f153740fe0fadfbb760)
    #2 0x7ff5c6f3af97  (/usr/lib/llvm-20/lib/libLLVM.so.20.1+0x301ef97) (BuildId: b856c61f98abf0989f157f153740fe0fadfbb760)
    #3 0x7ff5c6f3998b  (/usr/lib/llvm-20/lib/libLLVM.so.20.1+0x301d98b) (BuildId: b856c61f98abf0989f157f153740fe0fadfbb760)
    #4 0x7ff5c6f398a6  (/usr/lib/llvm-20/lib/libLLVM.so.20.1+0x301d8a6) (BuildId: b856c61f98abf0989f157f153740fe0fadfbb760)
    #5 0x7ff5c6f3a981  (/usr/lib/llvm-20/lib/libLLVM.so.20.1+0x301e981) (BuildId: b856c61f98abf0989f157f153740fe0fadfbb760)
    #6 0x7ff5c7f59793  (/usr/lib/llvm-20/lib/libLLVM.so.20.1+0x403d793) (BuildId: b856c61f98abf0989f157f153740fe0fadfbb760)
    #7 0x7ff5c7f81ab1  (/usr/lib/llvm-20/lib/libLLVM.so.20.1+0x4065ab1) (BuildId: b856c61f98abf0989f157f153740fe0fadfbb760)
    #8 0x7ff5c7f83c8f  (/usr/lib/llvm-20/lib/libLLVM.so.20.1+0x4067c8f) (BuildId: b856c61f98abf0989f157f153740fe0fadfbb760)
    #9 0x7ff5c7f8526a  (/usr/lib/llvm-20/lib/libLLVM.so.20.1+0x406926a) (BuildId: b856c61f98abf0989f157f153740fe0fadfbb760)
    #10 0x55ca91648523 in llvm::Target::createTargetMachine(llvm::StringRef, llvm::StringRef, llvm::StringRef, llvm::TargetOptions const&, std::optional<llvm::Reloc::Model>, std::optional<llvm::CodeModel::Model>, llvm::CodeGenOptLevel, bool) const /usr/lib/llvm-20/include/llvm/MC/TargetRegistry.h:462:12
    #11 0x55ca9163a09e in tsc::TargetRegistry::initializeAllTargets() /workspace/src/TargetRegistry.cpp:67:41
    #12 0x55ca9162bdcd in tsc::Compiler::initializeLLVM() /workspace/src/Compiler.cpp:349:14
    #13 0x55ca9162b8b7 in tsc::Compiler::Compiler(tsc::CompilerOptions const&) /workspace/src/Compiler.cpp:24:5
    #14 0x55ca915fd7b5 in main /workspace/src/main.cpp:191:18
    #15 0x7ff5c395a337  (/lib/x86_64-linux-gnu/libc.so.6+0x2a337) (BuildId: 467f544f15035abef911999cbc14489edd0555ab)
    #16 0x7ff5c395a3fa in __libc_start_main (/lib/x86_64-linux-gnu/libc.so.6+0x2a3fa) (BuildId: 467f544f15035abef911999cbc14489edd0555ab)
    #17 0x55ca91511b64 in _start (/workspace/build-asan/tsc+0x74b64) (BuildId: 73a10d7cc646a755f705b0ae57418e68578aec2f)

Indirect leak of 192 byte(s) in 3 object(s) allocated from:
    #0 0x55ca915fa191 in operator new(unsigned long) (/workspace/build-asan/tsc+0x15d191) (BuildId: 73a10d7cc646a755f705b0ae57418e68578aec2f)
    #1 0x7ff5c6f3afe5  (/usr/lib/llvm-20/lib/libLLVM.so.20.1+0x301efe5) (BuildId: b856c61f98abf0989f157f153740fe0fadfbb760)
    #2 0x7ff5c6f3af97  (/usr/lib/llvm-20/lib/libLLVM.so.20.1+0x301ef97) (BuildId: b856c61f98abf0989f157f153740fe0fadfbb760)
    #3 0x7ff5c6f3998b  (/usr/lib/llvm-20/lib/libLLVM.so.20.1+0x301d98b) (BuildId: b856c61f98abf0989f157f153740fe0fadfbb760)
    #4 0x7ff5c6f398a6  (/usr/lib/llvm-20/lib/libLLVM.so.20.1+0x301d8a6) (BuildId: b856c61f98abf0989f157f153740fe0fadfbb760)
    #5 0x7ff5c6f3a981  (/usr/lib/llvm-20/lib/libLLVM.so.20.1+0x301e981) (BuildId: b856c61f98abf0989f157f153740fe0fadfbb760)
    #6 0x7ff5c7f596cd  (/usr/lib/llvm-20/lib/libLLVM.so.20.1+0x403d6cd) (BuildId: b856c61f98abf0989f157f153740fe0fadfbb760)
    #7 0x7ff5c7f81ab1  (/usr/lib/llvm-20/lib/libLLVM.so.20.1+0x4065ab1) (BuildId: b856c61f98abf0989f157f153740fe0fadfbb760)
    #8 0x7ff5c7f83c8f  (/usr/lib/llvm-20/lib/libLLVM.so.20.1+0x4067c8f) (BuildId: b856c61f98abf0989f157f153740fe0fadfbb760)
    #9 0x7ff5c7f8526a  (/usr/lib/llvm-20/lib/libLLVM.so.20.1+0x406926a) (BuildId: b856c61f98abf0989f157f153740fe0fadfbb760)
    #10 0x55ca91648523 in llvm::Target::createTargetMachine(llvm::StringRef, llvm::StringRef, llvm::StringRef, llvm::TargetOptions const&, std::optional<llvm::Reloc::Model>, std::optional<llvm::CodeModel::Model>, llvm::CodeGenOptLevel, bool) const /usr/lib/llvm-20/include/llvm/MC/TargetRegistry.h:462:12
    #11 0x55ca9163a09e in tsc::TargetRegistry::initializeAllTargets() /workspace/src/TargetRegistry.cpp:67:41
    #12 0x55ca9162bdcd in tsc::Compiler::initializeLLVM() /workspace/src/Compiler.cpp:349:14
    #13 0x55ca9162b8b7 in tsc::Compiler::Compiler(tsc::CompilerOptions const&) /workspace/src/Compiler.cpp:24:5
    #14 0x55ca915fd7b5 in main /workspace/src/main.cpp:191:18
    #15 0x7ff5c395a337  (/lib/x86_64-linux-gnu/libc.so.6+0x2a337) (BuildId: 467f544f15035abef911999cbc14489edd0555ab)
    #16 0x7ff5c395a3fa in __libc_start_main (/lib/x86_64-linux-gnu/libc.so.6+0x2a3fa) (BuildId: 467f544f15035abef911999cbc14489edd0555ab)
    #17 0x55ca91511b64 in _start (/workspace/build-asan/tsc+0x74b64) (BuildId: 73a10d7cc646a755f705b0ae57418e68578aec2f)

Indirect leak of 192 byte(s) in 3 object(s) allocated from:
    #0 0x55ca915fa191 in operator new(unsigned long) (/workspace/build-asan/tsc+0x15d191) (BuildId: 73a10d7cc646a755f705b0ae57418e68578aec2f)
    #1 0x7ff5c6f3afe5  (/usr/lib/llvm-20/lib/libLLVM.so.20.1+0x301efe5) (BuildId: b856c61f98abf0989f157f153740fe0fadfbb760)
    #2 0x7ff5c6f3af97  (/usr/lib/llvm-20/lib/libLLVM.so.20.1+0x301ef97) (BuildId: b856c61f98abf0989f157f153740fe0fadfbb760)
    #3 0x7ff5c6f3998b  (/usr/lib/llvm-20/lib/libLLVM.so.20.1+0x301d98b) (BuildId: b856c61f98abf0989f157f153740fe0fadfbb760)
    #4 0x7ff5c6f398a6  (/usr/lib/llvm-20/lib/libLLVM.so.20.1+0x301d8a6) (BuildId: b856c61f98abf0989f157f153740fe0fadfbb760)
    #5 0x7ff5c6f3aa71  (/usr/lib/llvm-20/lib/libLLVM.so.20.1+0x301ea71) (BuildId: b856c61f98abf0989f157f153740fe0fadfbb760)
    #6 0x7ff5c7f596ae  (/usr/lib/llvm-20/lib/libLLVM.so.20.1+0x403d6ae) (BuildId: b856c61f98abf0989f157f153740fe0fadfbb760)
    #7 0x7ff5c7f81ab1  (/usr/lib/llvm-20/lib/libLLVM.so.20.1+0x4065ab1) (BuildId: b856c61f98abf0989f157f153740fe0fadfbb760)
    #8 0x7ff5c7f83c8f  (/usr/lib/llvm-20/lib/libLLVM.so.20.1+0x4067c8f) (BuildId: b856c61f98abf0989f157f153740fe0fadfbb760)
    #9 0x7ff5c7f8526a  (/usr/lib/llvm-20/lib/libLLVM.so.20.1+0x406926a) (BuildId: b856c61f98abf0989f157f153740fe0fadfbb760)
    #10 0x55ca91648523 in llvm::Target::createTargetMachine(llvm::StringRef, llvm::StringRef, llvm::StringRef, llvm::TargetOptions const&, std::optional<llvm::Reloc::Model>, std::optional<llvm::CodeModel::Model>, llvm::CodeGenOptLevel, bool) const /usr/lib/llvm-20/include/llvm/MC/TargetRegistry.h:462:12
    #11 0x55ca9163a09e in tsc::TargetRegistry::initializeAllTargets() /workspace/src/TargetRegistry.cpp:67:41
    #12 0x55ca9162bdcd in tsc::Compiler::initializeLLVM() /workspace/src/Compiler.cpp:349:14
    #13 0x55ca9162b8b7 in tsc::Compiler::Compiler(tsc::CompilerOptions const&) /workspace/src/Compiler.cpp:24:5
    #14 0x55ca915fd7b5 in main /workspace/src/main.cpp:191:18
    #15 0x7ff5c395a337  (/lib/x86_64-linux-gnu/libc.so.6+0x2a337) (BuildId: 467f544f15035abef911999cbc14489edd0555ab)
    #16 0x7ff5c395a3fa in __libc_start_main (/lib/x86_64-linux-gnu/libc.so.6+0x2a3fa) (BuildId: 467f544f15035abef911999cbc14489edd0555ab)
    #17 0x55ca91511b64 in _start (/workspace/build-asan/tsc+0x74b64) (BuildId: 73a10d7cc646a755f705b0ae57418e68578aec2f)

Indirect leak of 192 byte(s) in 3 object(s) allocated from:
    #0 0x55ca915fa191 in operator new(unsigned long) (/workspace/build-asan/tsc+0x15d191) (BuildId: 73a10d7cc646a755f705b0ae57418e68578aec2f)
    #1 0x7ff5c6f3afe5  (/usr/lib/llvm-20/lib/libLLVM.so.20.1+0x301efe5) (BuildId: b856c61f98abf0989f157f153740fe0fadfbb760)
    #2 0x7ff5c6f3af97  (/usr/lib/llvm-20/lib/libLLVM.so.20.1+0x301ef97) (BuildId: b856c61f98abf0989f157f153740fe0fadfbb760)
    #3 0x7ff5c6f3998b  (/usr/lib/llvm-20/lib/libLLVM.so.20.1+0x301d98b) (BuildId: b856c61f98abf0989f157f153740fe0fadfbb760)
    #4 0x7ff5c6f398a6  (/usr/lib/llvm-20/lib/libLLVM.so.20.1+0x301d8a6) (BuildId: b856c61f98abf0989f157f153740fe0fadfbb760)
    #5 0x7ff5c6f3aa71  (/usr/lib/llvm-20/lib/libLLVM.so.20.1+0x301ea71) (BuildId: b856c61f98abf0989f157f153740fe0fadfbb760)
    #6 0x7ff5c7f5966a  (/usr/lib/llvm-20/lib/libLLVM.so.20.1+0x403d66a) (BuildId: b856c61f98abf0989f157f153740fe0fadfbb760)
    #7 0x7ff5c7f81ab1  (/usr/lib/llvm-20/lib/libLLVM.so.20.1+0x4065ab1) (BuildId: b856c61f98abf0989f157f153740fe0fadfbb760)
    #8 0x7ff5c7f83c8f  (/usr/lib/llvm-20/lib/libLLVM.so.20.1+0x4067c8f) (BuildId: b856c61f98abf0989f157f153740fe0fadfbb760)
    #9 0x7ff5c7f8526a  (/usr/lib/llvm-20/lib/libLLVM.so.20.1+0x406926a) (BuildId: b856c61f98abf0989f157f153740fe0fadfbb760)
    #10 0x55ca91648523 in llvm::Target::createTargetMachine(llvm::StringRef, llvm::StringRef, llvm::StringRef, llvm::TargetOptions const&, std::optional<llvm::Reloc::Model>, std::optional<llvm::CodeModel::Model>, llvm::CodeGenOptLevel, bool) const /usr/lib/llvm-20/include/llvm/MC/TargetRegistry.h:462:12
    #11 0x55ca9163a09e in tsc::TargetRegistry::initializeAllTargets() /workspace/src/TargetRegistry.cpp:67:41
    #12 0x55ca9162bdcd in tsc::Compiler::initializeLLVM() /workspace/src/Compiler.cpp:349:14
    #13 0x55ca9162b8b7 in tsc::Compiler::Compiler(tsc::CompilerOptions const&) /workspace/src/Compiler.cpp:24:5
    #14 0x55ca915fd7b5 in main /workspace/src/main.cpp:191:18
    #15 0x7ff5c395a337  (/lib/x86_64-linux-gnu/libc.so.6+0x2a337) (BuildId: 467f544f15035abef911999cbc14489edd0555ab)
    #16 0x7ff5c395a3fa in __libc_start_main (/lib/x86_64-linux-gnu/libc.so.6+0x2a3fa) (BuildId: 467f544f15035abef911999cbc14489edd0555ab)
    #17 0x55ca91511b64 in _start (/workspace/build-asan/tsc+0x74b64) (BuildId: 73a10d7cc646a755f705b0ae57418e68578aec2f)

Indirect leak of 192 byte(s) in 3 object(s) allocated from:
    #0 0x55ca915fa191 in operator new(unsigned long) (/workspace/build-asan/tsc+0x15d191) (BuildId: 73a10d7cc646a755f705b0ae57418e68578aec2f)
    #1 0x7ff5c6f3afe5  (/usr/lib/llvm-20/lib/libLLVM.so.20.1+0x301efe5) (BuildId: b856c61f98abf0989f157f153740fe0fadfbb760)
    #2 0x7ff5c6f3af97  (/usr/lib/llvm-20/lib/libLLVM.so.20.1+0x301ef97) (BuildId: b856c61f98abf0989f157f153740fe0fadfbb760)
    #3 0x7ff5c6f3998b  (/usr/lib/llvm-20/lib/libLLVM.so.20.1+0x301d98b) (BuildId: b856c61f98abf0989f157f153740fe0fadfbb760)
    #4 0x7ff5c6f398a6  (/usr/lib/llvm-20/lib/libLLVM.so.20.1+0x301d8a6) (BuildId: b856c61f98abf0989f157f153740fe0fadfbb760)
    #5 0x7ff5c6f3aa71  (/usr/lib/llvm-20/lib/libLLVM.so.20.1+0x301ea71) (BuildId: b856c61f98abf0989f157f153740fe0fadfbb760)
    #6 0x7ff5c7f59623  (/usr/lib/llvm-20/lib/libLLVM.so.20.1+0x403d623) (BuildId: b856c61f98abf0989f157f153740fe0fadfbb760)
    #7 0x7ff5c7f81ab1  (/usr/lib/llvm-20/lib/libLLVM.so.20.1+0x4065ab1) (BuildId: b856c61f98abf0989f157f153740fe0fadfbb760)
    #8 0x7ff5c7f83c8f  (/usr/lib/llvm-20/lib/libLLVM.so.20.1+0x4067c8f) (BuildId: b856c61f98abf0989f157f153740fe0fadfbb760)
    #9 0x7ff5c7f8526a  (/usr/lib/llvm-20/lib/libLLVM.so.20.1+0x406926a) (BuildId: b856c61f98abf0989f157f153740fe0fadfbb760)
    #10 0x55ca91648523 in llvm::Target::createTargetMachine(llvm::StringRef, llvm::StringRef, llvm::StringRef, llvm::TargetOptions const&, std::optional<llvm::Reloc::Model>, std::optional<llvm::CodeModel::Model>, llvm::CodeGenOptLevel, bool) const /usr/lib/llvm-20/include/llvm/MC/TargetRegistry.h:462:12
    #11 0x55ca9163a09e in tsc::TargetRegistry::initializeAllTargets() /workspace/src/TargetRegistry.cpp:67:41
    #12 0x55ca9162bdcd in tsc::Compiler::initializeLLVM() /workspace/src/Compiler.cpp:349:14
    #13 0x55ca9162b8b7 in tsc::Compiler::Compiler(tsc::CompilerOptions const&) /workspace/src/Compiler.cpp:24:5
    #14 0x55ca915fd7b5 in main /workspace/src/main.cpp:191:18
    #15 0x7ff5c395a337  (/lib/x86_64-linux-gnu/libc.so.6+0x2a337) (BuildId: 467f544f15035abef911999cbc14489edd0555ab)
    #16 0x7ff5c395a3fa in __libc_start_main (/lib/x86_64-linux-gnu/libc.so.6+0x2a3fa) (BuildId: 467f544f15035abef911999cbc14489edd0555ab)
    #17 0x55ca91511b64 in _start (/workspace/build-asan/tsc+0x74b64) (BuildId: 73a10d7cc646a755f705b0ae57418e68578aec2f)

Indirect leak of 192 byte(s) in 3 object(s) allocated from:
    #0 0x55ca915fa191 in operator new(unsigned long) (/workspace/build-asan/tsc+0x15d191) (BuildId: 73a10d7cc646a755f705b0ae57418e68578aec2f)
    #1 0x7ff5c6f3afe5  (/usr/lib/llvm-20/lib/libLLVM.so.20.1+0x301efe5) (BuildId: b856c61f98abf0989f157f153740fe0fadfbb760)
    #2 0x7ff5c6f3af97  (/usr/lib/llvm-20/lib/libLLVM.so.20.1+0x301ef97) (BuildId: b856c61f98abf0989f157f153740fe0fadfbb760)
    #3 0x7ff5c6f3998b  (/usr/lib/llvm-20/lib/libLLVM.so.20.1+0x301d98b) (BuildId: b856c61f98abf0989f157f153740fe0fadfbb760)
    #4 0x7ff5c6f398a6  (/usr/lib/llvm-20/lib/libLLVM.so.20.1+0x301d8a6) (BuildId: b856c61f98abf0989f157f153740fe0fadfbb760)
    #5 0x7ff5c6f3aa71  (/usr/lib/llvm-20/lib/libLLVM.so.20.1+0x301ea71) (BuildId: b856c61f98abf0989f157f153740fe0fadfbb760)
    #6 0x7ff5c7f593c0  (/usr/lib/llvm-20/lib/libLLVM.so.20.1+0x403d3c0) (BuildId: b856c61f98abf0989f157f153740fe0fadfbb760)
    #7 0x7ff5c7f81ab1  (/usr/lib/llvm-20/lib/libLLVM.so.20.1+0x4065ab1) (BuildId: b856c61f98abf0989f157f153740fe0fadfbb760)
    #8 0x7ff5c7f83c8f  (/usr/lib/llvm-20/lib/libLLVM.so.20.1+0x4067c8f) (BuildId: b856c61f98abf0989f157f153740fe0fadfbb760)
    #9 0x7ff5c7f8526a  (/usr/lib/llvm-20/lib/libLLVM.so.20.1+0x406926a) (BuildId: b856c61f98abf0989f157f153740fe0fadfbb760)
    #10 0x55ca91648523 in llvm::Target::createTargetMachine(llvm::StringRef, llvm::StringRef, llvm::StringRef, llvm::TargetOptions const&, std::optional<llvm::Reloc::Model>, std::optional<llvm::CodeModel::Model>, llvm::CodeGenOptLevel, bool) const /usr/lib/llvm-20/include/llvm/MC/TargetRegistry.h:462:12
    #11 0x55ca9163a09e in tsc::TargetRegistry::initializeAllTargets() /workspace/src/TargetRegistry.cpp:67:41
    #12 0x55ca9162bdcd in tsc::Compiler::initializeLLVM() /workspace/src/Compiler.cpp:349:14
    #13 0x55ca9162b8b7 in tsc::Compiler::Compiler(tsc::CompilerOptions const&) /workspace/src/Compiler.cpp:24:5
    #14 0x55ca915fd7b5 in main /workspace/src/main.cpp:191:18
    #15 0x7ff5c395a337  (/lib/x86_64-linux-gnu/libc.so.6+0x2a337) (BuildId: 467f544f15035abef911999cbc14489edd0555ab)
    #16 0x7ff5c395a3fa in __libc_start_main (/lib/x86_64-linux-gnu/libc.so.6+0x2a3fa) (BuildId: 467f544f15035abef911999cbc14489edd0555ab)
    #17 0x55ca91511b64 in _start (/workspace/build-asan/tsc+0x74b64) (BuildId: 73a10d7cc646a755f705b0ae57418e68578aec2f)

Indirect leak of 192 byte(s) in 3 object(s) allocated from:
    #0 0x55ca915fa191 in operator new(unsigned long) (/workspace/build-asan/tsc+0x15d191) (BuildId: 73a10d7cc646a755f705b0ae57418e68578aec2f)
    #1 0x7ff5c6f3afe5  (/usr/lib/llvm-20/lib/libLLVM.so.20.1+0x301efe5) (BuildId: b856c61f98abf0989f157f153740fe0fadfbb760)
    #2 0x7ff5c6f3af97  (/usr/lib/llvm-20/lib/libLLVM.so.20.1+0x301ef97) (BuildId: b856c61f98abf0989f157f153740fe0fadfbb760)
    #3 0x7ff5c6f3998b  (/usr/lib/llvm-20/lib/libLLVM.so.20.1+0x301d98b) (BuildId: b856c61f98abf0989f157f153740fe0fadfbb760)
    #4 0x7ff5c6f398a6  (/usr/lib/llvm-20/lib/libLLVM.so.20.1+0x301d8a6) (BuildId: b856c61f98abf0989f157f153740fe0fadfbb760)
    #5 0x7ff5c7f5931d  (/usr/lib/llvm-20/lib/libLLVM.so.20.1+0x403d31d) (BuildId: b856c61f98abf0989f157f153740fe0fadfbb760)
    #6 0x7ff5c7f81ab1  (/usr/lib/llvm-20/lib/libLLVM.so.20.1+0x4065ab1) (BuildId: b856c61f98abf0989f157f153740fe0fadfbb760)
    #7 0x7ff5c7f83c8f  (/usr/lib/llvm-20/lib/libLLVM.so.20.1+0x4067c8f) (BuildId: b856c61f98abf0989f157f153740fe0fadfbb760)
    #8 0x7ff5c7f8526a  (/usr/lib/llvm-20/lib/libLLVM.so.20.1+0x406926a) (BuildId: b856c61f98abf0989f157f153740fe0fadfbb760)
    #9 0x55ca91648523 in llvm::Target::createTargetMachine(llvm::StringRef, llvm::StringRef, llvm::StringRef, llvm::TargetOptions const&, std::optional<llvm::Reloc::Model>, std::optional<llvm::CodeModel::Model>, llvm::CodeGenOptLevel, bool) const /usr/lib/llvm-20/include/llvm/MC/TargetRegistry.h:462:12
    #10 0x55ca9163a09e in tsc::TargetRegistry::initializeAllTargets() /workspace/src/TargetRegistry.cpp:67:41
    #11 0x55ca9162bdcd in tsc::Compiler::initializeLLVM() /workspace/src/Compiler.cpp:349:14
    #12 0x55ca9162b8b7 in tsc::Compiler::Compiler(tsc::CompilerOptions const&) /workspace/src/Compiler.cpp:24:5
    #13 0x55ca915fd7b5 in main /workspace/src/main.cpp:191:18
    #14 0x7ff5c395a337  (/lib/x86_64-linux-gnu/libc.so.6+0x2a337) (BuildId: 467f544f15035abef911999cbc14489edd0555ab)
    #15 0x7ff5c395a3fa in __libc_start_main (/lib/x86_64-linux-gnu/libc.so.6+0x2a3fa) (BuildId: 467f544f15035abef911999cbc14489edd0555ab)
    #16 0x55ca91511b64 in _start (/workspace/build-asan/tsc+0x74b64) (BuildId: 73a10d7cc646a755f705b0ae57418e68578aec2f)

Indirect leak of 192 byte(s) in 3 object(s) allocated from:
    #0 0x55ca915fa191 in operator new(unsigned long) (/workspace/build-asan/tsc+0x15d191) (BuildId: 73a10d7cc646a755f705b0ae57418e68578aec2f)
    #1 0x7ff5c6f3afe5  (/usr/lib/llvm-20/lib/libLLVM.so.20.1+0x301efe5) (BuildId: b856c61f98abf0989f157f153740fe0fadfbb760)
    #2 0x7ff5c6f3af97  (/usr/lib/llvm-20/lib/libLLVM.so.20.1+0x301ef97) (BuildId: b856c61f98abf0989f157f153740fe0fadfbb760)
    #3 0x7ff5c6f3998b  (/usr/lib/llvm-20/lib/libLLVM.so.20.1+0x301d98b) (BuildId: b856c61f98abf0989f157f153740fe0fadfbb760)
    #4 0x7ff5c6f398a6  (/usr/lib/llvm-20/lib/libLLVM.so.20.1+0x301d8a6) (BuildId: b856c61f98abf0989f157f153740fe0fadfbb760)
    #5 0x7ff5c7f591f1  (/usr/lib/llvm-20/lib/libLLVM.so.20.1+0x403d1f1) (BuildId: b856c61f98abf0989f157f153740fe0fadfbb760)
    #6 0x7ff5c7f81ab1  (/usr/lib/llvm-20/lib/libLLVM.so.20.1+0x4065ab1) (BuildId: b856c61f98abf0989f157f153740fe0fadfbb760)
    #7 0x7ff5c7f83c8f  (/usr/lib/llvm-20/lib/libLLVM.so.20.1+0x4067c8f) (BuildId: b856c61f98abf0989f157f153740fe0fadfbb760)
    #8 0x7ff5c7f8526a  (/usr/lib/llvm-20/lib/libLLVM.so.20.1+0x406926a) (BuildId: b856c61f98abf0989f157f153740fe0fadfbb760)
    #9 0x55ca91648523 in llvm::Target::createTargetMachine(llvm::StringRef, llvm::StringRef, llvm::StringRef, llvm::TargetOptions const&, std::optional<llvm::Reloc::Model>, std::optional<llvm::CodeModel::Model>, llvm::CodeGenOptLevel, bool) const /usr/lib/llvm-20/include/llvm/MC/TargetRegistry.h:462:12
    #10 0x55ca9163a09e in tsc::TargetRegistry::initializeAllTargets() /workspace/src/TargetRegistry.cpp:67:41
    #11 0x55ca9162bdcd in tsc::Compiler::initializeLLVM() /workspace/src/Compiler.cpp:349:14
    #12 0x55ca9162b8b7 in tsc::Compiler::Compiler(tsc::CompilerOptions const&) /workspace/src/Compiler.cpp:24:5
    #13 0x55ca915fd7b5 in main /workspace/src/main.cpp:191:18
    #14 0x7ff5c395a337  (/lib/x86_64-linux-gnu/libc.so.6+0x2a337) (BuildId: 467f544f15035abef911999cbc14489edd0555ab)
    #15 0x7ff5c395a3fa in __libc_start_main (/lib/x86_64-linux-gnu/libc.so.6+0x2a3fa) (BuildId: 467f544f15035abef911999cbc14489edd0555ab)
    #16 0x55ca91511b64 in _start (/workspace/build-asan/tsc+0x74b64) (BuildId: 73a10d7cc646a755f705b0ae57418e68578aec2f)

Indirect leak of 192 byte(s) in 3 object(s) allocated from:
    #0 0x55ca915fa191 in operator new(unsigned long) (/workspace/build-asan/tsc+0x15d191) (BuildId: 73a10d7cc646a755f705b0ae57418e68578aec2f)
    #1 0x7ff5c6f3afe5  (/usr/lib/llvm-20/lib/libLLVM.so.20.1+0x301efe5) (BuildId: b856c61f98abf0989f157f153740fe0fadfbb760)
    #2 0x7ff5c6f3af97  (/usr/lib/llvm-20/lib/libLLVM.so.20.1+0x301ef97) (BuildId: b856c61f98abf0989f157f153740fe0fadfbb760)
    #3 0x7ff5c6f3998b  (/usr/lib/llvm-20/lib/libLLVM.so.20.1+0x301d98b) (BuildId: b856c61f98abf0989f157f153740fe0fadfbb760)
    #4 0x7ff5c6f398a6  (/usr/lib/llvm-20/lib/libLLVM.so.20.1+0x301d8a6) (BuildId: b856c61f98abf0989f157f153740fe0fadfbb760)
    #5 0x7ff5c6f3aa71  (/usr/lib/llvm-20/lib/libLLVM.so.20.1+0x301ea71) (BuildId: b856c61f98abf0989f157f153740fe0fadfbb760)
    #6 0x7ff5c7f59e1e  (/usr/lib/llvm-20/lib/libLLVM.so.20.1+0x403de1e) (BuildId: b856c61f98abf0989f157f153740fe0fadfbb760)
    #7 0x7ff5c7f81ab1  (/usr/lib/llvm-20/lib/libLLVM.so.20.1+0x4065ab1) (BuildId: b856c61f98abf0989f157f153740fe0fadfbb760)
    #8 0x7ff5c7f83c8f  (/usr/lib/llvm-20/lib/libLLVM.so.20.1+0x4067c8f) (BuildId: b856c61f98abf0989f157f153740fe0fadfbb760)
    #9 0x7ff5c7f8526a  (/usr/lib/llvm-20/lib/libLLVM.so.20.1+0x406926a) (BuildId: b856c61f98abf0989f157f153740fe0fadfbb760)
    #10 0x55ca91648523 in llvm::Target::createTargetMachine(llvm::StringRef, llvm::StringRef, llvm::StringRef, llvm::TargetOptions const&, std::optional<llvm::Reloc::Model>, std::optional<llvm::CodeModel::Model>, llvm::CodeGenOptLevel, bool) const /usr/lib/llvm-20/include/llvm/MC/TargetRegistry.h:462:12
    #11 0x55ca9163a09e in tsc::TargetRegistry::initializeAllTargets() /workspace/src/TargetRegistry.cpp:67:41
    #12 0x55ca9162bdcd in tsc::Compiler::initializeLLVM() /workspace/src/Compiler.cpp:349:14
    #13 0x55ca9162b8b7 in tsc::Compiler::Compiler(tsc::CompilerOptions const&) /workspace/src/Compiler.cpp:24:5
    #14 0x55ca915fd7b5 in main /workspace/src/main.cpp:191:18
    #15 0x7ff5c395a337  (/lib/x86_64-linux-gnu/libc.so.6+0x2a337) (BuildId: 467f544f15035abef911999cbc14489edd0555ab)
    #16 0x7ff5c395a3fa in __libc_start_main (/lib/x86_64-linux-gnu/libc.so.6+0x2a3fa) (BuildId: 467f544f15035abef911999cbc14489edd0555ab)
    #17 0x55ca91511b64 in _start (/workspace/build-asan/tsc+0x74b64) (BuildId: 73a10d7cc646a755f705b0ae57418e68578aec2f)

Indirect leak of 192 byte(s) in 4 object(s) allocated from:
    #0 0x55ca915fa191 in operator new(unsigned long) (/workspace/build-asan/tsc+0x15d191) (BuildId: 73a10d7cc646a755f705b0ae57418e68578aec2f)
    #1 0x7ff5c719b161  (/usr/lib/llvm-20/lib/libLLVM.so.20.1+0x327f161) (BuildId: b856c61f98abf0989f157f153740fe0fadfbb760)
    #2 0x7ff5c52d0707 in llvm::CodeGenTargetMachineImpl::initAsmInfo() (/usr/lib/llvm-20/lib/libLLVM.so.20.1+0x13b4707) (BuildId: b856c61f98abf0989f157f153740fe0fadfbb760)
    #3 0x7ff5c70ed3c9  (/usr/lib/llvm-20/lib/libLLVM.so.20.1+0x31d13c9) (BuildId: b856c61f98abf0989f157f153740fe0fadfbb760)
    #4 0x7ff5c70efd1c  (/usr/lib/llvm-20/lib/libLLVM.so.20.1+0x31d3d1c) (BuildId: b856c61f98abf0989f157f153740fe0fadfbb760)
    #5 0x55ca91648523 in llvm::Target::createTargetMachine(llvm::StringRef, llvm::StringRef, llvm::StringRef, llvm::TargetOptions const&, std::optional<llvm::Reloc::Model>, std::optional<llvm::CodeModel::Model>, llvm::CodeGenOptLevel, bool) const /usr/lib/llvm-20/include/llvm/MC/TargetRegistry.h:462:12
    #6 0x55ca9163a09e in tsc::TargetRegistry::initializeAllTargets() /workspace/src/TargetRegistry.cpp:67:41
    #7 0x55ca9162bdcd in tsc::Compiler::initializeLLVM() /workspace/src/Compiler.cpp:349:14
    #8 0x55ca9162b8b7 in tsc::Compiler::Compiler(tsc::CompilerOptions const&) /workspace/src/Compiler.cpp:24:5
    #9 0x55ca915fd7b5 in main /workspace/src/main.cpp:191:18
    #10 0x7ff5c395a337  (/lib/x86_64-linux-gnu/libc.so.6+0x2a337) (BuildId: 467f544f15035abef911999cbc14489edd0555ab)
    #11 0x7ff5c395a3fa in __libc_start_main (/lib/x86_64-linux-gnu/libc.so.6+0x2a3fa) (BuildId: 467f544f15035abef911999cbc14489edd0555ab)
    #12 0x55ca91511b64 in _start (/workspace/build-asan/tsc+0x74b64) (BuildId: 73a10d7cc646a755f705b0ae57418e68578aec2f)

Indirect leak of 192 byte(s) in 3 object(s) allocated from:
    #0 0x55ca915fa191 in operator new(unsigned long) (/workspace/build-asan/tsc+0x15d191) (BuildId: 73a10d7cc646a755f705b0ae57418e68578aec2f)
    #1 0x7ff5c6f3afe5  (/usr/lib/llvm-20/lib/libLLVM.so.20.1+0x301efe5) (BuildId: b856c61f98abf0989f157f153740fe0fadfbb760)
    #2 0x7ff5c6f3af97  (/usr/lib/llvm-20/lib/libLLVM.so.20.1+0x301ef97) (BuildId: b856c61f98abf0989f157f153740fe0fadfbb760)
    #3 0x7ff5c6f3998b  (/usr/lib/llvm-20/lib/libLLVM.so.20.1+0x301d98b) (BuildId: b856c61f98abf0989f157f153740fe0fadfbb760)
    #4 0x7ff5c6f398a6  (/usr/lib/llvm-20/lib/libLLVM.so.20.1+0x301d8a6) (BuildId: b856c61f98abf0989f157f153740fe0fadfbb760)
    #5 0x7ff5c7f59ffd  (/usr/lib/llvm-20/lib/libLLVM.so.20.1+0x403dffd) (BuildId: b856c61f98abf0989f157f153740fe0fadfbb760)
    #6 0x7ff5c7f81ab1  (/usr/lib/llvm-20/lib/libLLVM.so.20.1+0x4065ab1) (BuildId: b856c61f98abf0989f157f153740fe0fadfbb760)
    #7 0x7ff5c7f83c8f  (/usr/lib/llvm-20/lib/libLLVM.so.20.1+0x4067c8f) (BuildId: b856c61f98abf0989f157f153740fe0fadfbb760)
    #8 0x7ff5c7f8526a  (/usr/lib/llvm-20/lib/libLLVM.so.20.1+0x406926a) (BuildId: b856c61f98abf0989f157f153740fe0fadfbb760)
    #9 0x55ca91648523 in llvm::Target::createTargetMachine(llvm::StringRef, llvm::StringRef, llvm::StringRef, llvm::TargetOptions const&, std::optional<llvm::Reloc::Model>, std::optional<llvm::CodeModel::Model>, llvm::CodeGenOptLevel, bool) const /usr/lib/llvm-20/include/llvm/MC/TargetRegistry.h:462:12
    #10 0x55ca9163a09e in tsc::TargetRegistry::initializeAllTargets() /workspace/src/TargetRegistry.cpp:67:41
    #11 0x55ca9162bdcd in tsc::Compiler::initializeLLVM() /workspace/src/Compiler.cpp:349:14
    #12 0x55ca9162b8b7 in tsc::Compiler::Compiler(tsc::CompilerOptions const&) /workspace/src/Compiler.cpp:24:5
    #13 0x55ca915fd7b5 in main /workspace/src/main.cpp:191:18
    #14 0x7ff5c395a337  (/lib/x86_64-linux-gnu/libc.so.6+0x2a337) (BuildId: 467f544f15035abef911999cbc14489edd0555ab)
    #15 0x7ff5c395a3fa in __libc_start_main (/lib/x86_64-linux-gnu/libc.so.6+0x2a3fa) (BuildId: 467f544f15035abef911999cbc14489edd0555ab)
    #16 0x55ca91511b64 in _start (/workspace/build-asan/tsc+0x74b64) (BuildId: 73a10d7cc646a755f705b0ae57418e68578aec2f)

Indirect leak of 192 byte(s) in 3 object(s) allocated from:
    #0 0x55ca915fa191 in operator new(unsigned long) (/workspace/build-asan/tsc+0x15d191) (BuildId: 73a10d7cc646a755f705b0ae57418e68578aec2f)
    #1 0x7ff5c6f3afe5  (/usr/lib/llvm-20/lib/libLLVM.so.20.1+0x301efe5) (BuildId: b856c61f98abf0989f157f153740fe0fadfbb760)
    #2 0x7ff5c6f3af97  (/usr/lib/llvm-20/lib/libLLVM.so.20.1+0x301ef97) (BuildId: b856c61f98abf0989f157f153740fe0fadfbb760)
    #3 0x7ff5c6f3998b  (/usr/lib/llvm-20/lib/libLLVM.so.20.1+0x301d98b) (BuildId: b856c61f98abf0989f157f153740fe0fadfbb760)
    #4 0x7ff5c6f398a6  (/usr/lib/llvm-20/lib/libLLVM.so.20.1+0x301d8a6) (BuildId: b856c61f98abf0989f157f153740fe0fadfbb760)
    #5 0x7ff5c7f59ed6  (/usr/lib/llvm-20/lib/libLLVM.so.20.1+0x403ded6) (BuildId: b856c61f98abf0989f157f153740fe0fadfbb760)
    #6 0x7ff5c7f81ab1  (/usr/lib/llvm-20/lib/libLLVM.so.20.1+0x4065ab1) (BuildId: b856c61f98abf0989f157f153740fe0fadfbb760)
    #7 0x7ff5c7f83c8f  (/usr/lib/llvm-20/lib/libLLVM.so.20.1+0x4067c8f) (BuildId: b856c61f98abf0989f157f153740fe0fadfbb760)
    #8 0x7ff5c7f8526a  (/usr/lib/llvm-20/lib/libLLVM.so.20.1+0x406926a) (BuildId: b856c61f98abf0989f157f153740fe0fadfbb760)
    #9 0x55ca91648523 in llvm::Target::createTargetMachine(llvm::StringRef, llvm::StringRef, llvm::StringRef, llvm::TargetOptions const&, std::optional<llvm::Reloc::Model>, std::optional<llvm::CodeModel::Model>, llvm::CodeGenOptLevel, bool) const /usr/lib/llvm-20/include/llvm/MC/TargetRegistry.h:462:12
    #10 0x55ca9163a09e in tsc::TargetRegistry::initializeAllTargets() /workspace/src/TargetRegistry.cpp:67:41
    #11 0x55ca9162bdcd in tsc::Compiler::initializeLLVM() /workspace/src/Compiler.cpp:349:14
    #12 0x55ca9162b8b7 in tsc::Compiler::Compiler(tsc::CompilerOptions const&) /workspace/src/Compiler.cpp:24:5
    #13 0x55ca915fd7b5 in main /workspace/src/main.cpp:191:18
    #14 0x7ff5c395a337  (/lib/x86_64-linux-gnu/libc.so.6+0x2a337) (BuildId: 467f544f15035abef911999cbc14489edd0555ab)
    #15 0x7ff5c395a3fa in __libc_start_main (/lib/x86_64-linux-gnu/libc.so.6+0x2a3fa) (BuildId: 467f544f15035abef911999cbc14489edd0555ab)
    #16 0x55ca91511b64 in _start (/workspace/build-asan/tsc+0x74b64) (BuildId: 73a10d7cc646a755f705b0ae57418e68578aec2f)

Indirect leak of 192 byte(s) in 3 object(s) allocated from:
    #0 0x55ca915fa191 in operator new(unsigned long) (/workspace/build-asan/tsc+0x15d191) (BuildId: 73a10d7cc646a755f705b0ae57418e68578aec2f)
    #1 0x7ff5c6f3afe5  (/usr/lib/llvm-20/lib/libLLVM.so.20.1+0x301efe5) (BuildId: b856c61f98abf0989f157f153740fe0fadfbb760)
    #2 0x7ff5c6f3af97  (/usr/lib/llvm-20/lib/libLLVM.so.20.1+0x301ef97) (BuildId: b856c61f98abf0989f157f153740fe0fadfbb760)
    #3 0x7ff5c6f3998b  (/usr/lib/llvm-20/lib/libLLVM.so.20.1+0x301d98b) (BuildId: b856c61f98abf0989f157f153740fe0fadfbb760)
    #4 0x7ff5c6f398a6  (/usr/lib/llvm-20/lib/libLLVM.so.20.1+0x301d8a6) (BuildId: b856c61f98abf0989f157f153740fe0fadfbb760)
    #5 0x7ff5c6f3aa71  (/usr/lib/llvm-20/lib/libLLVM.so.20.1+0x301ea71) (BuildId: b856c61f98abf0989f157f153740fe0fadfbb760)
    #6 0x7ff5c7f5a1f5  (/usr/lib/llvm-20/lib/libLLVM.so.20.1+0x403e1f5) (BuildId: b856c61f98abf0989f157f153740fe0fadfbb760)
    #7 0x7ff5c7f81ab1  (/usr/lib/llvm-20/lib/libLLVM.so.20.1+0x4065ab1) (BuildId: b856c61f98abf0989f157f153740fe0fadfbb760)
    #8 0x7ff5c7f83c8f  (/usr/lib/llvm-20/lib/libLLVM.so.20.1+0x4067c8f) (BuildId: b856c61f98abf0989f157f153740fe0fadfbb760)
    #9 0x7ff5c7f8526a  (/usr/lib/llvm-20/lib/libLLVM.so.20.1+0x406926a) (BuildId: b856c61f98abf0989f157f153740fe0fadfbb760)
    #10 0x55ca91648523 in llvm::Target::createTargetMachine(llvm::StringRef, llvm::StringRef, llvm::StringRef, llvm::TargetOptions const&, std::optional<llvm::Reloc::Model>, std::optional<llvm::CodeModel::Model>, llvm::CodeGenOptLevel, bool) const /usr/lib/llvm-20/include/llvm/MC/TargetRegistry.h:462:12
    #11 0x55ca9163a09e in tsc::TargetRegistry::initializeAllTargets() /workspace/src/TargetRegistry.cpp:67:41
    #12 0x55ca9162bdcd in tsc::Compiler::initializeLLVM() /workspace/src/Compiler.cpp:349:14
    #13 0x55ca9162b8b7 in tsc::Compiler::Compiler(tsc::CompilerOptions const&) /workspace/src/Compiler.cpp:24:5
    #14 0x55ca915fd7b5 in main /workspace/src/main.cpp:191:18
    #15 0x7ff5c395a337  (/lib/x86_64-linux-gnu/libc.so.6+0x2a337) (BuildId: 467f544f15035abef911999cbc14489edd0555ab)
    #16 0x7ff5c395a3fa in __libc_start_main (/lib/x86_64-linux-gnu/libc.so.6+0x2a3fa) (BuildId: 467f544f15035abef911999cbc14489edd0555ab)
    #17 0x55ca91511b64 in _start (/workspace/build-asan/tsc+0x74b64) (BuildId: 73a10d7cc646a755f705b0ae57418e68578aec2f)

Indirect leak of 176 byte(s) in 2 object(s) allocated from:
    #0 0x55ca915fa191 in operator new(unsigned long) (/workspace/build-asan/tsc+0x15d191) (BuildId: 73a10d7cc646a755f705b0ae57418e68578aec2f)
    #1 0x7ff5c59b7232  (/usr/lib/llvm-20/lib/libLLVM.so.20.1+0x1a9b232) (BuildId: b856c61f98abf0989f157f153740fe0fadfbb760)
    #2 0x7ff5c6f3998b  (/usr/lib/llvm-20/lib/libLLVM.so.20.1+0x301d98b) (BuildId: b856c61f98abf0989f157f153740fe0fadfbb760)
    #3 0x7ff5c6f398a6  (/usr/lib/llvm-20/lib/libLLVM.so.20.1+0x301d8a6) (BuildId: b856c61f98abf0989f157f153740fe0fadfbb760)
    #4 0x7ff5c7b29824  (/usr/lib/llvm-20/lib/libLLVM.so.20.1+0x3c0d824) (BuildId: b856c61f98abf0989f157f153740fe0fadfbb760)
    #5 0x7ff5c7b6091a  (/usr/lib/llvm-20/lib/libLLVM.so.20.1+0x3c4491a) (BuildId: b856c61f98abf0989f157f153740fe0fadfbb760)
    #6 0x7ff5c7b61710  (/usr/lib/llvm-20/lib/libLLVM.so.20.1+0x3c45710) (BuildId: b856c61f98abf0989f157f153740fe0fadfbb760)
    #7 0x7ff5c7b62b2c  (/usr/lib/llvm-20/lib/libLLVM.so.20.1+0x3c46b2c) (BuildId: b856c61f98abf0989f157f153740fe0fadfbb760)
    #8 0x55ca91648523 in llvm::Target::createTargetMachine(llvm::StringRef, llvm::StringRef, llvm::StringRef, llvm::TargetOptions const&, std::optional<llvm::Reloc::Model>, std::optional<llvm::CodeModel::Model>, llvm::CodeGenOptLevel, bool) const /usr/lib/llvm-20/include/llvm/MC/TargetRegistry.h:462:12
    #9 0x55ca9163a09e in tsc::TargetRegistry::initializeAllTargets() /workspace/src/TargetRegistry.cpp:67:41
    #10 0x55ca9162bdcd in tsc::Compiler::initializeLLVM() /workspace/src/Compiler.cpp:349:14
    #11 0x55ca9162b8b7 in tsc::Compiler::Compiler(tsc::CompilerOptions const&) /workspace/src/Compiler.cpp:24:5
    #12 0x55ca915fd7b5 in main /workspace/src/main.cpp:191:18
    #13 0x7ff5c395a337  (/lib/x86_64-linux-gnu/libc.so.6+0x2a337) (BuildId: 467f544f15035abef911999cbc14489edd0555ab)
    #14 0x7ff5c395a3fa in __libc_start_main (/lib/x86_64-linux-gnu/libc.so.6+0x2a3fa) (BuildId: 467f544f15035abef911999cbc14489edd0555ab)
    #15 0x55ca91511b64 in _start (/workspace/build-asan/tsc+0x74b64) (BuildId: 73a10d7cc646a755f705b0ae57418e68578aec2f)

Indirect leak of 176 byte(s) in 2 object(s) allocated from:
    #0 0x55ca915fa191 in operator new(unsigned long) (/workspace/build-asan/tsc+0x15d191) (BuildId: 73a10d7cc646a755f705b0ae57418e68578aec2f)
    #1 0x7ff5c59b7232  (/usr/lib/llvm-20/lib/libLLVM.so.20.1+0x1a9b232) (BuildId: b856c61f98abf0989f157f153740fe0fadfbb760)
    #2 0x7ff5c6f3998b  (/usr/lib/llvm-20/lib/libLLVM.so.20.1+0x301d98b) (BuildId: b856c61f98abf0989f157f153740fe0fadfbb760)
    #3 0x7ff5c6f398a6  (/usr/lib/llvm-20/lib/libLLVM.so.20.1+0x301d8a6) (BuildId: b856c61f98abf0989f157f153740fe0fadfbb760)
    #4 0x7ff5c7b28ae5  (/usr/lib/llvm-20/lib/libLLVM.so.20.1+0x3c0cae5) (BuildId: b856c61f98abf0989f157f153740fe0fadfbb760)
    #5 0x7ff5c7b6091a  (/usr/lib/llvm-20/lib/libLLVM.so.20.1+0x3c4491a) (BuildId: b856c61f98abf0989f157f153740fe0fadfbb760)
    #6 0x7ff5c7b6188a  (/usr/lib/llvm-20/lib/libLLVM.so.20.1+0x3c4588a) (BuildId: b856c61f98abf0989f157f153740fe0fadfbb760)
    #7 0x7ff5c7b62b2c  (/usr/lib/llvm-20/lib/libLLVM.so.20.1+0x3c46b2c) (BuildId: b856c61f98abf0989f157f153740fe0fadfbb760)
    #8 0x55ca91648523 in llvm::Target::createTargetMachine(llvm::StringRef, llvm::StringRef, llvm::StringRef, llvm::TargetOptions const&, std::optional<llvm::Reloc::Model>, std::optional<llvm::CodeModel::Model>, llvm::CodeGenOptLevel, bool) const /usr/lib/llvm-20/include/llvm/MC/TargetRegistry.h:462:12
    #9 0x55ca9163a09e in tsc::TargetRegistry::initializeAllTargets() /workspace/src/TargetRegistry.cpp:67:41
    #10 0x55ca9162bdcd in tsc::Compiler::initializeLLVM() /workspace/src/Compiler.cpp:349:14
    #11 0x55ca9162b8b7 in tsc::Compiler::Compiler(tsc::CompilerOptions const&) /workspace/src/Compiler.cpp:24:5
    #12 0x55ca915fd7b5 in main /workspace/src/main.cpp:191:18
    #13 0x7ff5c395a337  (/lib/x86_64-linux-gnu/libc.so.6+0x2a337) (BuildId: 467f544f15035abef911999cbc14489edd0555ab)
    #14 0x7ff5c395a3fa in __libc_start_main (/lib/x86_64-linux-gnu/libc.so.6+0x2a3fa) (BuildId: 467f544f15035abef911999cbc14489edd0555ab)
    #15 0x55ca91511b64 in _start (/workspace/build-asan/tsc+0x74b64) (BuildId: 73a10d7cc646a755f705b0ae57418e68578aec2f)

Indirect leak of 176 byte(s) in 2 object(s) allocated from:
    #0 0x55ca915fa191 in operator new(unsigned long) (/workspace/build-asan/tsc+0x15d191) (BuildId: 73a10d7cc646a755f705b0ae57418e68578aec2f)
    #1 0x7ff5c59b7232  (/usr/lib/llvm-20/lib/libLLVM.so.20.1+0x1a9b232) (BuildId: b856c61f98abf0989f157f153740fe0fadfbb760)
    #2 0x7ff5c6f3998b  (/usr/lib/llvm-20/lib/libLLVM.so.20.1+0x301d98b) (BuildId: b856c61f98abf0989f157f153740fe0fadfbb760)
    #3 0x7ff5c6f398a6  (/usr/lib/llvm-20/lib/libLLVM.so.20.1+0x301d8a6) (BuildId: b856c61f98abf0989f157f153740fe0fadfbb760)
    #4 0x7ff5c7b29bf6  (/usr/lib/llvm-20/lib/libLLVM.so.20.1+0x3c0dbf6) (BuildId: b856c61f98abf0989f157f153740fe0fadfbb760)
    #5 0x7ff5c7b6091a  (/usr/lib/llvm-20/lib/libLLVM.so.20.1+0x3c4491a) (BuildId: b856c61f98abf0989f157f153740fe0fadfbb760)
    #6 0x7ff5c7b61710  (/usr/lib/llvm-20/lib/libLLVM.so.20.1+0x3c45710) (BuildId: b856c61f98abf0989f157f153740fe0fadfbb760)
    #7 0x7ff5c7b62b2c  (/usr/lib/llvm-20/lib/libLLVM.so.20.1+0x3c46b2c) (BuildId: b856c61f98abf0989f157f153740fe0fadfbb760)
    #8 0x55ca91648523 in llvm::Target::createTargetMachine(llvm::StringRef, llvm::StringRef, llvm::StringRef, llvm::TargetOptions const&, std::optional<llvm::Reloc::Model>, std::optional<llvm::CodeModel::Model>, llvm::CodeGenOptLevel, bool) const /usr/lib/llvm-20/include/llvm/MC/TargetRegistry.h:462:12
    #9 0x55ca9163a09e in tsc::TargetRegistry::initializeAllTargets() /workspace/src/TargetRegistry.cpp:67:41
    #10 0x55ca9162bdcd in tsc::Compiler::initializeLLVM() /workspace/src/Compiler.cpp:349:14
    #11 0x55ca9162b8b7 in tsc::Compiler::Compiler(tsc::CompilerOptions const&) /workspace/src/Compiler.cpp:24:5
    #12 0x55ca915fd7b5 in main /workspace/src/main.cpp:191:18
    #13 0x7ff5c395a337  (/lib/x86_64-linux-gnu/libc.so.6+0x2a337) (BuildId: 467f544f15035abef911999cbc14489edd0555ab)
    #14 0x7ff5c395a3fa in __libc_start_main (/lib/x86_64-linux-gnu/libc.so.6+0x2a3fa) (BuildId: 467f544f15035abef911999cbc14489edd0555ab)
    #15 0x55ca91511b64 in _start (/workspace/build-asan/tsc+0x74b64) (BuildId: 73a10d7cc646a755f705b0ae57418e68578aec2f)

Indirect leak of 176 byte(s) in 2 object(s) allocated from:
    #0 0x55ca915fa191 in operator new(unsigned long) (/workspace/build-asan/tsc+0x15d191) (BuildId: 73a10d7cc646a755f705b0ae57418e68578aec2f)
    #1 0x7ff5c59b7232  (/usr/lib/llvm-20/lib/libLLVM.so.20.1+0x1a9b232) (BuildId: b856c61f98abf0989f157f153740fe0fadfbb760)
    #2 0x7ff5c6f3998b  (/usr/lib/llvm-20/lib/libLLVM.so.20.1+0x301d98b) (BuildId: b856c61f98abf0989f157f153740fe0fadfbb760)
    #3 0x7ff5c6f398a6  (/usr/lib/llvm-20/lib/libLLVM.so.20.1+0x301d8a6) (BuildId: b856c61f98abf0989f157f153740fe0fadfbb760)
    #4 0x7ff5c7b2939b  (/usr/lib/llvm-20/lib/libLLVM.so.20.1+0x3c0d39b) (BuildId: b856c61f98abf0989f157f153740fe0fadfbb760)
    #5 0x7ff5c7b6091a  (/usr/lib/llvm-20/lib/libLLVM.so.20.1+0x3c4491a) (BuildId: b856c61f98abf0989f157f153740fe0fadfbb760)
    #6 0x7ff5c7b6188a  (/usr/lib/llvm-20/lib/libLLVM.so.20.1+0x3c4588a) (BuildId: b856c61f98abf0989f157f153740fe0fadfbb760)
    #7 0x7ff5c7b62b2c  (/usr/lib/llvm-20/lib/libLLVM.so.20.1+0x3c46b2c) (BuildId: b856c61f98abf0989f157f153740fe0fadfbb760)
    #8 0x55ca91648523 in llvm::Target::createTargetMachine(llvm::StringRef, llvm::StringRef, llvm::StringRef, llvm::TargetOptions const&, std::optional<llvm::Reloc::Model>, std::optional<llvm::CodeModel::Model>, llvm::CodeGenOptLevel, bool) const /usr/lib/llvm-20/include/llvm/MC/TargetRegistry.h:462:12
    #9 0x55ca9163a09e in tsc::TargetRegistry::initializeAllTargets() /workspace/src/TargetRegistry.cpp:67:41
    #10 0x55ca9162bdcd in tsc::Compiler::initializeLLVM() /workspace/src/Compiler.cpp:349:14
    #11 0x55ca9162b8b7 in tsc::Compiler::Compiler(tsc::CompilerOptions const&) /workspace/src/Compiler.cpp:24:5
    #12 0x55ca915fd7b5 in main /workspace/src/main.cpp:191:18
    #13 0x7ff5c395a337  (/lib/x86_64-linux-gnu/libc.so.6+0x2a337) (BuildId: 467f544f15035abef911999cbc14489edd0555ab)
    #14 0x7ff5c395a3fa in __libc_start_main (/lib/x86_64-linux-gnu/libc.so.6+0x2a3fa) (BuildId: 467f544f15035abef911999cbc14489edd0555ab)
    #15 0x55ca91511b64 in _start (/workspace/build-asan/tsc+0x74b64) (BuildId: 73a10d7cc646a755f705b0ae57418e68578aec2f)

Indirect leak of 176 byte(s) in 2 object(s) allocated from:
    #0 0x55ca915fa191 in operator new(unsigned long) (/workspace/build-asan/tsc+0x15d191) (BuildId: 73a10d7cc646a755f705b0ae57418e68578aec2f)
    #1 0x7ff5c59b7232  (/usr/lib/llvm-20/lib/libLLVM.so.20.1+0x1a9b232) (BuildId: b856c61f98abf0989f157f153740fe0fadfbb760)
    #2 0x7ff5c6f3998b  (/usr/lib/llvm-20/lib/libLLVM.so.20.1+0x301d98b) (BuildId: b856c61f98abf0989f157f153740fe0fadfbb760)
    #3 0x7ff5c6f398a6  (/usr/lib/llvm-20/lib/libLLVM.so.20.1+0x301d8a6) (BuildId: b856c61f98abf0989f157f153740fe0fadfbb760)
    #4 0x7ff5c7b29794  (/usr/lib/llvm-20/lib/libLLVM.so.20.1+0x3c0d794) (BuildId: b856c61f98abf0989f157f153740fe0fadfbb760)
    #5 0x7ff5c7b6091a  (/usr/lib/llvm-20/lib/libLLVM.so.20.1+0x3c4491a) (BuildId: b856c61f98abf0989f157f153740fe0fadfbb760)
    #6 0x7ff5c7b6188a  (/usr/lib/llvm-20/lib/libLLVM.so.20.1+0x3c4588a) (BuildId: b856c61f98abf0989f157f153740fe0fadfbb760)
    #7 0x7ff5c7b62b2c  (/usr/lib/llvm-20/lib/libLLVM.so.20.1+0x3c46b2c) (BuildId: b856c61f98abf0989f157f153740fe0fadfbb760)
    #8 0x55ca91648523 in llvm::Target::createTargetMachine(llvm::StringRef, llvm::StringRef, llvm::StringRef, llvm::TargetOptions const&, std::optional<llvm::Reloc::Model>, std::optional<llvm::CodeModel::Model>, llvm::CodeGenOptLevel, bool) const /usr/lib/llvm-20/include/llvm/MC/TargetRegistry.h:462:12
    #9 0x55ca9163a09e in tsc::TargetRegistry::initializeAllTargets() /workspace/src/TargetRegistry.cpp:67:41
    #10 0x55ca9162bdcd in tsc::Compiler::initializeLLVM() /workspace/src/Compiler.cpp:349:14
    #11 0x55ca9162b8b7 in tsc::Compiler::Compiler(tsc::CompilerOptions const&) /workspace/src/Compiler.cpp:24:5
    #12 0x55ca915fd7b5 in main /workspace/src/main.cpp:191:18
    #13 0x7ff5c395a337  (/lib/x86_64-linux-gnu/libc.so.6+0x2a337) (BuildId: 467f544f15035abef911999cbc14489edd0555ab)
    #14 0x7ff5c395a3fa in __libc_start_main (/lib/x86_64-linux-gnu/libc.so.6+0x2a3fa) (BuildId: 467f544f15035abef911999cbc14489edd0555ab)
    #15 0x55ca91511b64 in _start (/workspace/build-asan/tsc+0x74b64) (BuildId: 73a10d7cc646a755f705b0ae57418e68578aec2f)

Indirect leak of 176 byte(s) in 2 object(s) allocated from:
    #0 0x55ca915fa191 in operator new(unsigned long) (/workspace/build-asan/tsc+0x15d191) (BuildId: 73a10d7cc646a755f705b0ae57418e68578aec2f)
    #1 0x7ff5c59b7232  (/usr/lib/llvm-20/lib/libLLVM.so.20.1+0x1a9b232) (BuildId: b856c61f98abf0989f157f153740fe0fadfbb760)
    #2 0x7ff5c6f3998b  (/usr/lib/llvm-20/lib/libLLVM.so.20.1+0x301d98b) (BuildId: b856c61f98abf0989f157f153740fe0fadfbb760)
    #3 0x7ff5c6f398a6  (/usr/lib/llvm-20/lib/libLLVM.so.20.1+0x301d8a6) (BuildId: b856c61f98abf0989f157f153740fe0fadfbb760)
    #4 0x7ff5c7b2919e  (/usr/lib/llvm-20/lib/libLLVM.so.20.1+0x3c0d19e) (BuildId: b856c61f98abf0989f157f153740fe0fadfbb760)
    #5 0x7ff5c7b6091a  (/usr/lib/llvm-20/lib/libLLVM.so.20.1+0x3c4491a) (BuildId: b856c61f98abf0989f157f153740fe0fadfbb760)
    #6 0x7ff5c7b6188a  (/usr/lib/llvm-20/lib/libLLVM.so.20.1+0x3c4588a) (BuildId: b856c61f98abf0989f157f153740fe0fadfbb760)
    #7 0x7ff5c7b62b2c  (/usr/lib/llvm-20/lib/libLLVM.so.20.1+0x3c46b2c) (BuildId: b856c61f98abf0989f157f153740fe0fadfbb760)
    #8 0x55ca91648523 in llvm::Target::createTargetMachine(llvm::StringRef, llvm::StringRef, llvm::StringRef, llvm::TargetOptions const&, std::optional<llvm::Reloc::Model>, std::optional<llvm::CodeModel::Model>, llvm::CodeGenOptLevel, bool) const /usr/lib/llvm-20/include/llvm/MC/TargetRegistry.h:462:12
    #9 0x55ca9163a09e in tsc::TargetRegistry::initializeAllTargets() /workspace/src/TargetRegistry.cpp:67:41
    #10 0x55ca9162bdcd in tsc::Compiler::initializeLLVM() /workspace/src/Compiler.cpp:349:14
    #11 0x55ca9162b8b7 in tsc::Compiler::Compiler(tsc::CompilerOptions const&) /workspace/src/Compiler.cpp:24:5
    #12 0x55ca915fd7b5 in main /workspace/src/main.cpp:191:18
    #13 0x7ff5c395a337  (/lib/x86_64-linux-gnu/libc.so.6+0x2a337) (BuildId: 467f544f15035abef911999cbc14489edd0555ab)
    #14 0x7ff5c395a3fa in __libc_start_main (/lib/x86_64-linux-gnu/libc.so.6+0x2a3fa) (BuildId: 467f544f15035abef911999cbc14489edd0555ab)
    #15 0x55ca91511b64 in _start (/workspace/build-asan/tsc+0x74b64) (BuildId: 73a10d7cc646a755f705b0ae57418e68578aec2f)

Indirect leak of 176 byte(s) in 2 object(s) allocated from:
    #0 0x55ca915fa191 in operator new(unsigned long) (/workspace/build-asan/tsc+0x15d191) (BuildId: 73a10d7cc646a755f705b0ae57418e68578aec2f)
    #1 0x7ff5c59b7232  (/usr/lib/llvm-20/lib/libLLVM.so.20.1+0x1a9b232) (BuildId: b856c61f98abf0989f157f153740fe0fadfbb760)
    #2 0x7ff5c6f3998b  (/usr/lib/llvm-20/lib/libLLVM.so.20.1+0x301d98b) (BuildId: b856c61f98abf0989f157f153740fe0fadfbb760)
    #3 0x7ff5c6f398a6  (/usr/lib/llvm-20/lib/libLLVM.so.20.1+0x301d8a6) (BuildId: b856c61f98abf0989f157f153740fe0fadfbb760)
    #4 0x7ff5c7b29b91  (/usr/lib/llvm-20/lib/libLLVM.so.20.1+0x3c0db91) (BuildId: b856c61f98abf0989f157f153740fe0fadfbb760)
    #5 0x7ff5c7b6091a  (/usr/lib/llvm-20/lib/libLLVM.so.20.1+0x3c4491a) (BuildId: b856c61f98abf0989f157f153740fe0fadfbb760)
    #6 0x7ff5c7b6188a  (/usr/lib/llvm-20/lib/libLLVM.so.20.1+0x3c4588a) (BuildId: b856c61f98abf0989f157f153740fe0fadfbb760)
    #7 0x7ff5c7b62b2c  (/usr/lib/llvm-20/lib/libLLVM.so.20.1+0x3c46b2c) (BuildId: b856c61f98abf0989f157f153740fe0fadfbb760)
    #8 0x55ca91648523 in llvm::Target::createTargetMachine(llvm::StringRef, llvm::StringRef, llvm::StringRef, llvm::TargetOptions const&, std::optional<llvm::Reloc::Model>, std::optional<llvm::CodeModel::Model>, llvm::CodeGenOptLevel, bool) const /usr/lib/llvm-20/include/llvm/MC/TargetRegistry.h:462:12
    #9 0x55ca9163a09e in tsc::TargetRegistry::initializeAllTargets() /workspace/src/TargetRegistry.cpp:67:41
    #10 0x55ca9162bdcd in tsc::Compiler::initializeLLVM() /workspace/src/Compiler.cpp:349:14
    #11 0x55ca9162b8b7 in tsc::Compiler::Compiler(tsc::CompilerOptions const&) /workspace/src/Compiler.cpp:24:5
    #12 0x55ca915fd7b5 in main /workspace/src/main.cpp:191:18
    #13 0x7ff5c395a337  (/lib/x86_64-linux-gnu/libc.so.6+0x2a337) (BuildId: 467f544f15035abef911999cbc14489edd0555ab)
    #14 0x7ff5c395a3fa in __libc_start_main (/lib/x86_64-linux-gnu/libc.so.6+0x2a3fa) (BuildId: 467f544f15035abef911999cbc14489edd0555ab)
    #15 0x55ca91511b64 in _start (/workspace/build-asan/tsc+0x74b64) (BuildId: 73a10d7cc646a755f705b0ae57418e68578aec2f)

Indirect leak of 176 byte(s) in 2 object(s) allocated from:
    #0 0x55ca915fa191 in operator new(unsigned long) (/workspace/build-asan/tsc+0x15d191) (BuildId: 73a10d7cc646a755f705b0ae57418e68578aec2f)
    #1 0x7ff5c59b7232  (/usr/lib/llvm-20/lib/libLLVM.so.20.1+0x1a9b232) (BuildId: b856c61f98abf0989f157f153740fe0fadfbb760)
    #2 0x7ff5c6f3998b  (/usr/lib/llvm-20/lib/libLLVM.so.20.1+0x301d98b) (BuildId: b856c61f98abf0989f157f153740fe0fadfbb760)
    #3 0x7ff5c6f398a6  (/usr/lib/llvm-20/lib/libLLVM.so.20.1+0x301d8a6) (BuildId: b856c61f98abf0989f157f153740fe0fadfbb760)
    #4 0x7ff5c7b29aa8  (/usr/lib/llvm-20/lib/libLLVM.so.20.1+0x3c0daa8) (BuildId: b856c61f98abf0989f157f153740fe0fadfbb760)
    #5 0x7ff5c7b6091a  (/usr/lib/llvm-20/lib/libLLVM.so.20.1+0x3c4491a) (BuildId: b856c61f98abf0989f157f153740fe0fadfbb760)
    #6 0x7ff5c7b6188a  (/usr/lib/llvm-20/lib/libLLVM.so.20.1+0x3c4588a) (BuildId: b856c61f98abf0989f157f153740fe0fadfbb760)
    #7 0x7ff5c7b62b2c  (/usr/lib/llvm-20/lib/libLLVM.so.20.1+0x3c46b2c) (BuildId: b856c61f98abf0989f157f153740fe0fadfbb760)
    #8 0x55ca91648523 in llvm::Target::createTargetMachine(llvm::StringRef, llvm::StringRef, llvm::StringRef, llvm::TargetOptions const&, std::optional<llvm::Reloc::Model>, std::optional<llvm::CodeModel::Model>, llvm::CodeGenOptLevel, bool) const /usr/lib/llvm-20/include/llvm/MC/TargetRegistry.h:462:12
    #9 0x55ca9163a09e in tsc::TargetRegistry::initializeAllTargets() /workspace/src/TargetRegistry.cpp:67:41
    #10 0x55ca9162bdcd in tsc::Compiler::initializeLLVM() /workspace/src/Compiler.cpp:349:14
    #11 0x55ca9162b8b7 in tsc::Compiler::Compiler(tsc::CompilerOptions const&) /workspace/src/Compiler.cpp:24:5
    #12 0x55ca915fd7b5 in main /workspace/src/main.cpp:191:18
    #13 0x7ff5c395a337  (/lib/x86_64-linux-gnu/libc.so.6+0x2a337) (BuildId: 467f544f15035abef911999cbc14489edd0555ab)
    #14 0x7ff5c395a3fa in __libc_start_main (/lib/x86_64-linux-gnu/libc.so.6+0x2a3fa) (BuildId: 467f544f15035abef911999cbc14489edd0555ab)
    #15 0x55ca91511b64 in _start (/workspace/build-asan/tsc+0x74b64) (BuildId: 73a10d7cc646a755f705b0ae57418e68578aec2f)

Indirect leak of 176 byte(s) in 2 object(s) allocated from:
    #0 0x55ca915fa191 in operator new(unsigned long) (/workspace/build-asan/tsc+0x15d191) (BuildId: 73a10d7cc646a755f705b0ae57418e68578aec2f)
    #1 0x7ff5c59b7232  (/usr/lib/llvm-20/lib/libLLVM.so.20.1+0x1a9b232) (BuildId: b856c61f98abf0989f157f153740fe0fadfbb760)
    #2 0x7ff5c6f3998b  (/usr/lib/llvm-20/lib/libLLVM.so.20.1+0x301d98b) (BuildId: b856c61f98abf0989f157f153740fe0fadfbb760)
    #3 0x7ff5c6f398a6  (/usr/lib/llvm-20/lib/libLLVM.so.20.1+0x301d8a6) (BuildId: b856c61f98abf0989f157f153740fe0fadfbb760)
    #4 0x7ff5c7b29882  (/usr/lib/llvm-20/lib/libLLVM.so.20.1+0x3c0d882) (BuildId: b856c61f98abf0989f157f153740fe0fadfbb760)
    #5 0x7ff5c7b6091a  (/usr/lib/llvm-20/lib/libLLVM.so.20.1+0x3c4491a) (BuildId: b856c61f98abf0989f157f153740fe0fadfbb760)
    #6 0x7ff5c7b6188a  (/usr/lib/llvm-20/lib/libLLVM.so.20.1+0x3c4588a) (BuildId: b856c61f98abf0989f157f153740fe0fadfbb760)
    #7 0x7ff5c7b62b2c  (/usr/lib/llvm-20/lib/libLLVM.so.20.1+0x3c46b2c) (BuildId: b856c61f98abf0989f157f153740fe0fadfbb760)
    #8 0x55ca91648523 in llvm::Target::createTargetMachine(llvm::StringRef, llvm::StringRef, llvm::StringRef, llvm::TargetOptions const&, std::optional<llvm::Reloc::Model>, std::optional<llvm::CodeModel::Model>, llvm::CodeGenOptLevel, bool) const /usr/lib/llvm-20/include/llvm/MC/TargetRegistry.h:462:12
    #9 0x55ca9163a09e in tsc::TargetRegistry::initializeAllTargets() /workspace/src/TargetRegistry.cpp:67:41
    #10 0x55ca9162bdcd in tsc::Compiler::initializeLLVM() /workspace/src/Compiler.cpp:349:14
    #11 0x55ca9162b8b7 in tsc::Compiler::Compiler(tsc::CompilerOptions const&) /workspace/src/Compiler.cpp:24:5
    #12 0x55ca915fd7b5 in main /workspace/src/main.cpp:191:18
    #13 0x7ff5c395a337  (/lib/x86_64-linux-gnu/libc.so.6+0x2a337) (BuildId: 467f544f15035abef911999cbc14489edd0555ab)
    #14 0x7ff5c395a3fa in __libc_start_main (/lib/x86_64-linux-gnu/libc.so.6+0x2a3fa) (BuildId: 467f544f15035abef911999cbc14489edd0555ab)
    #15 0x55ca91511b64 in _start (/workspace/build-asan/tsc+0x74b64) (BuildId: 73a10d7cc646a755f705b0ae57418e68578aec2f)

Indirect leak of 176 byte(s) in 2 object(s) allocated from:
    #0 0x55ca915fa191 in operator new(unsigned long) (/workspace/build-asan/tsc+0x15d191) (BuildId: 73a10d7cc646a755f705b0ae57418e68578aec2f)
    #1 0x7ff5c59b7232  (/usr/lib/llvm-20/lib/libLLVM.so.20.1+0x1a9b232) (BuildId: b856c61f98abf0989f157f153740fe0fadfbb760)
    #2 0x7ff5c6f3998b  (/usr/lib/llvm-20/lib/libLLVM.so.20.1+0x301d98b) (BuildId: b856c61f98abf0989f157f153740fe0fadfbb760)
    #3 0x7ff5c6f398a6  (/usr/lib/llvm-20/lib/libLLVM.so.20.1+0x301d8a6) (BuildId: b856c61f98abf0989f157f153740fe0fadfbb760)
    #4 0x7ff5c7b28e38  (/usr/lib/llvm-20/lib/libLLVM.so.20.1+0x3c0ce38) (BuildId: b856c61f98abf0989f157f153740fe0fadfbb760)
    #5 0x7ff5c7b6091a  (/usr/lib/llvm-20/lib/libLLVM.so.20.1+0x3c4491a) (BuildId: b856c61f98abf0989f157f153740fe0fadfbb760)
    #6 0x7ff5c7b61a19  (/usr/lib/llvm-20/lib/libLLVM.so.20.1+0x3c45a19) (BuildId: b856c61f98abf0989f157f153740fe0fadfbb760)
    #7 0x7ff5c7b62b2c  (/usr/lib/llvm-20/lib/libLLVM.so.20.1+0x3c46b2c) (BuildId: b856c61f98abf0989f157f153740fe0fadfbb760)
    #8 0x55ca91648523 in llvm::Target::createTargetMachine(llvm::StringRef, llvm::StringRef, llvm::StringRef, llvm::TargetOptions const&, std::optional<llvm::Reloc::Model>, std::optional<llvm::CodeModel::Model>, llvm::CodeGenOptLevel, bool) const /usr/lib/llvm-20/include/llvm/MC/TargetRegistry.h:462:12
    #9 0x55ca9163a09e in tsc::TargetRegistry::initializeAllTargets() /workspace/src/TargetRegistry.cpp:67:41
    #10 0x55ca9162bdcd in tsc::Compiler::initializeLLVM() /workspace/src/Compiler.cpp:349:14
    #11 0x55ca9162b8b7 in tsc::Compiler::Compiler(tsc::CompilerOptions const&) /workspace/src/Compiler.cpp:24:5
    #12 0x55ca915fd7b5 in main /workspace/src/main.cpp:191:18
    #13 0x7ff5c395a337  (/lib/x86_64-linux-gnu/libc.so.6+0x2a337) (BuildId: 467f544f15035abef911999cbc14489edd0555ab)
    #14 0x7ff5c395a3fa in __libc_start_main (/lib/x86_64-linux-gnu/libc.so.6+0x2a3fa) (BuildId: 467f544f15035abef911999cbc14489edd0555ab)
    #15 0x55ca91511b64 in _start (/workspace/build-asan/tsc+0x74b64) (BuildId: 73a10d7cc646a755f705b0ae57418e68578aec2f)

Indirect leak of 176 byte(s) in 2 object(s) allocated from:
    #0 0x55ca915fa191 in operator new(unsigned long) (/workspace/build-asan/tsc+0x15d191) (BuildId: 73a10d7cc646a755f705b0ae57418e68578aec2f)
    #1 0x7ff5c59b7232  (/usr/lib/llvm-20/lib/libLLVM.so.20.1+0x1a9b232) (BuildId: b856c61f98abf0989f157f153740fe0fadfbb760)
    #2 0x7ff5c6f3998b  (/usr/lib/llvm-20/lib/libLLVM.so.20.1+0x301d98b) (BuildId: b856c61f98abf0989f157f153740fe0fadfbb760)
    #3 0x7ff5c6f398a6  (/usr/lib/llvm-20/lib/libLLVM.so.20.1+0x301d8a6) (BuildId: b856c61f98abf0989f157f153740fe0fadfbb760)
    #4 0x7ff5c7b29336  (/usr/lib/llvm-20/lib/libLLVM.so.20.1+0x3c0d336) (BuildId: b856c61f98abf0989f157f153740fe0fadfbb760)
    #5 0x7ff5c7b6091a  (/usr/lib/llvm-20/lib/libLLVM.so.20.1+0x3c4491a) (BuildId: b856c61f98abf0989f157f153740fe0fadfbb760)
    #6 0x7ff5c7b61a19  (/usr/lib/llvm-20/lib/libLLVM.so.20.1+0x3c45a19) (BuildId: b856c61f98abf0989f157f153740fe0fadfbb760)
    #7 0x7ff5c7b62b2c  (/usr/lib/llvm-20/lib/libLLVM.so.20.1+0x3c46b2c) (BuildId: b856c61f98abf0989f157f153740fe0fadfbb760)
    #8 0x55ca91648523 in llvm::Target::createTargetMachine(llvm::StringRef, llvm::StringRef, llvm::StringRef, llvm::TargetOptions const&, std::optional<llvm::Reloc::Model>, std::optional<llvm::CodeModel::Model>, llvm::CodeGenOptLevel, bool) const /usr/lib/llvm-20/include/llvm/MC/TargetRegistry.h:462:12
    #9 0x55ca9163a09e in tsc::TargetRegistry::initializeAllTargets() /workspace/src/TargetRegistry.cpp:67:41
    #10 0x55ca9162bdcd in tsc::Compiler::initializeLLVM() /workspace/src/Compiler.cpp:349:14
    #11 0x55ca9162b8b7 in tsc::Compiler::Compiler(tsc::CompilerOptions const&) /workspace/src/Compiler.cpp:24:5
    #12 0x55ca915fd7b5 in main /workspace/src/main.cpp:191:18
    #13 0x7ff5c395a337  (/lib/x86_64-linux-gnu/libc.so.6+0x2a337) (BuildId: 467f544f15035abef911999cbc14489edd0555ab)
    #14 0x7ff5c395a3fa in __libc_start_main (/lib/x86_64-linux-gnu/libc.so.6+0x2a3fa) (BuildId: 467f544f15035abef911999cbc14489edd0555ab)
    #15 0x55ca91511b64 in _start (/workspace/build-asan/tsc+0x74b64) (BuildId: 73a10d7cc646a755f705b0ae57418e68578aec2f)

Indirect leak of 176 byte(s) in 2 object(s) allocated from:
    #0 0x55ca915fa191 in operator new(unsigned long) (/workspace/build-asan/tsc+0x15d191) (BuildId: 73a10d7cc646a755f705b0ae57418e68578aec2f)
    #1 0x7ff5c59b7232  (/usr/lib/llvm-20/lib/libLLVM.so.20.1+0x1a9b232) (BuildId: b856c61f98abf0989f157f153740fe0fadfbb760)
    #2 0x7ff5c6f3998b  (/usr/lib/llvm-20/lib/libLLVM.so.20.1+0x301d98b) (BuildId: b856c61f98abf0989f157f153740fe0fadfbb760)
    #3 0x7ff5c6f398a6  (/usr/lib/llvm-20/lib/libLLVM.so.20.1+0x301d8a6) (BuildId: b856c61f98abf0989f157f153740fe0fadfbb760)
    #4 0x7ff5c7b28a80  (/usr/lib/llvm-20/lib/libLLVM.so.20.1+0x3c0ca80) (BuildId: b856c61f98abf0989f157f153740fe0fadfbb760)
    #5 0x7ff5c7b6091a  (/usr/lib/llvm-20/lib/libLLVM.so.20.1+0x3c4491a) (BuildId: b856c61f98abf0989f157f153740fe0fadfbb760)
    #6 0x7ff5c7b61a19  (/usr/lib/llvm-20/lib/libLLVM.so.20.1+0x3c45a19) (BuildId: b856c61f98abf0989f157f153740fe0fadfbb760)
    #7 0x7ff5c7b62b2c  (/usr/lib/llvm-20/lib/libLLVM.so.20.1+0x3c46b2c) (BuildId: b856c61f98abf0989f157f153740fe0fadfbb760)
    #8 0x55ca91648523 in llvm::Target::createTargetMachine(llvm::StringRef, llvm::StringRef, llvm::StringRef, llvm::TargetOptions const&, std::optional<llvm::Reloc::Model>, std::optional<llvm::CodeModel::Model>, llvm::CodeGenOptLevel, bool) const /usr/lib/llvm-20/include/llvm/MC/TargetRegistry.h:462:12
    #9 0x55ca9163a09e in tsc::TargetRegistry::initializeAllTargets() /workspace/src/TargetRegistry.cpp:67:41
    #10 0x55ca9162bdcd in tsc::Compiler::initializeLLVM() /workspace/src/Compiler.cpp:349:14
    #11 0x55ca9162b8b7 in tsc::Compiler::Compiler(tsc::CompilerOptions const&) /workspace/src/Compiler.cpp:24:5
    #12 0x55ca915fd7b5 in main /workspace/src/main.cpp:191:18
    #13 0x7ff5c395a337  (/lib/x86_64-linux-gnu/libc.so.6+0x2a337) (BuildId: 467f544f15035abef911999cbc14489edd0555ab)
    #14 0x7ff5c395a3fa in __libc_start_main (/lib/x86_64-linux-gnu/libc.so.6+0x2a3fa) (BuildId: 467f544f15035abef911999cbc14489edd0555ab)
    #15 0x55ca91511b64 in _start (/workspace/build-asan/tsc+0x74b64) (BuildId: 73a10d7cc646a755f705b0ae57418e68578aec2f)

Indirect leak of 176 byte(s) in 2 object(s) allocated from:
    #0 0x55ca915fa191 in operator new(unsigned long) (/workspace/build-asan/tsc+0x15d191) (BuildId: 73a10d7cc646a755f705b0ae57418e68578aec2f)
    #1 0x7ff5c59b7232  (/usr/lib/llvm-20/lib/libLLVM.so.20.1+0x1a9b232) (BuildId: b856c61f98abf0989f157f153740fe0fadfbb760)
    #2 0x7ff5c6f3998b  (/usr/lib/llvm-20/lib/libLLVM.so.20.1+0x301d98b) (BuildId: b856c61f98abf0989f157f153740fe0fadfbb760)
    #3 0x7ff5c6f398a6  (/usr/lib/llvm-20/lib/libLLVM.so.20.1+0x301d8a6) (BuildId: b856c61f98abf0989f157f153740fe0fadfbb760)
    #4 0x7ff5c7b29736  (/usr/lib/llvm-20/lib/libLLVM.so.20.1+0x3c0d736) (BuildId: b856c61f98abf0989f157f153740fe0fadfbb760)
    #5 0x7ff5c7b6091a  (/usr/lib/llvm-20/lib/libLLVM.so.20.1+0x3c4491a) (BuildId: b856c61f98abf0989f157f153740fe0fadfbb760)
    #6 0x7ff5c7b61a19  (/usr/lib/llvm-20/lib/libLLVM.so.20.1+0x3c45a19) (BuildId: b856c61f98abf0989f157f153740fe0fadfbb760)
    #7 0x7ff5c7b62b2c  (/usr/lib/llvm-20/lib/libLLVM.so.20.1+0x3c46b2c) (BuildId: b856c61f98abf0989f157f153740fe0fadfbb760)
    #8 0x55ca91648523 in llvm::Target::createTargetMachine(llvm::StringRef, llvm::StringRef, llvm::StringRef, llvm::TargetOptions const&, std::optional<llvm::Reloc::Model>, std::optional<llvm::CodeModel::Model>, llvm::CodeGenOptLevel, bool) const /usr/lib/llvm-20/include/llvm/MC/TargetRegistry.h:462:12
    #9 0x55ca9163a09e in tsc::TargetRegistry::initializeAllTargets() /workspace/src/TargetRegistry.cpp:67:41
    #10 0x55ca9162bdcd in tsc::Compiler::initializeLLVM() /workspace/src/Compiler.cpp:349:14
    #11 0x55ca9162b8b7 in tsc::Compiler::Compiler(tsc::CompilerOptions const&) /workspace/src/Compiler.cpp:24:5
    #12 0x55ca915fd7b5 in main /workspace/src/main.cpp:191:18
    #13 0x7ff5c395a337  (/lib/x86_64-linux-gnu/libc.so.6+0x2a337) (BuildId: 467f544f15035abef911999cbc14489edd0555ab)
    #14 0x7ff5c395a3fa in __libc_start_main (/lib/x86_64-linux-gnu/libc.so.6+0x2a3fa) (BuildId: 467f544f15035abef911999cbc14489edd0555ab)
    #15 0x55ca91511b64 in _start (/workspace/build-asan/tsc+0x74b64) (BuildId: 73a10d7cc646a755f705b0ae57418e68578aec2f)

Indirect leak of 176 byte(s) in 2 object(s) allocated from:
    #0 0x55ca915fa191 in operator new(unsigned long) (/workspace/build-asan/tsc+0x15d191) (BuildId: 73a10d7cc646a755f705b0ae57418e68578aec2f)
    #1 0x7ff5c59b7232  (/usr/lib/llvm-20/lib/libLLVM.so.20.1+0x1a9b232) (BuildId: b856c61f98abf0989f157f153740fe0fadfbb760)
    #2 0x7ff5c6f3998b  (/usr/lib/llvm-20/lib/libLLVM.so.20.1+0x301d98b) (BuildId: b856c61f98abf0989f157f153740fe0fadfbb760)
    #3 0x7ff5c6f398a6  (/usr/lib/llvm-20/lib/libLLVM.so.20.1+0x301d8a6) (BuildId: b856c61f98abf0989f157f153740fe0fadfbb760)
    #4 0x7ff5c7b294cb  (/usr/lib/llvm-20/lib/libLLVM.so.20.1+0x3c0d4cb) (BuildId: b856c61f98abf0989f157f153740fe0fadfbb760)
    #5 0x7ff5c7b6091a  (/usr/lib/llvm-20/lib/libLLVM.so.20.1+0x3c4491a) (BuildId: b856c61f98abf0989f157f153740fe0fadfbb760)
    #6 0x7ff5c7b61710  (/usr/lib/llvm-20/lib/libLLVM.so.20.1+0x3c45710) (BuildId: b856c61f98abf0989f157f153740fe0fadfbb760)
    #7 0x7ff5c7b62b2c  (/usr/lib/llvm-20/lib/libLLVM.so.20.1+0x3c46b2c) (BuildId: b856c61f98abf0989f157f153740fe0fadfbb760)
    #8 0x55ca91648523 in llvm::Target::createTargetMachine(llvm::StringRef, llvm::StringRef, llvm::StringRef, llvm::TargetOptions const&, std::optional<llvm::Reloc::Model>, std::optional<llvm::CodeModel::Model>, llvm::CodeGenOptLevel, bool) const /usr/lib/llvm-20/include/llvm/MC/TargetRegistry.h:462:12
    #9 0x55ca9163a09e in tsc::TargetRegistry::initializeAllTargets() /workspace/src/TargetRegistry.cpp:67:41
    #10 0x55ca9162bdcd in tsc::Compiler::initializeLLVM() /workspace/src/Compiler.cpp:349:14
    #11 0x55ca9162b8b7 in tsc::Compiler::Compiler(tsc::CompilerOptions const&) /workspace/src/Compiler.cpp:24:5
    #12 0x55ca915fd7b5 in main /workspace/src/main.cpp:191:18
    #13 0x7ff5c395a337  (/lib/x86_64-linux-gnu/libc.so.6+0x2a337) (BuildId: 467f544f15035abef911999cbc14489edd0555ab)
    #14 0x7ff5c395a3fa in __libc_start_main (/lib/x86_64-linux-gnu/libc.so.6+0x2a3fa) (BuildId: 467f544f15035abef911999cbc14489edd0555ab)
    #15 0x55ca91511b64 in _start (/workspace/build-asan/tsc+0x74b64) (BuildId: 73a10d7cc646a755f705b0ae57418e68578aec2f)

Indirect leak of 176 byte(s) in 2 object(s) allocated from:
    #0 0x55ca915fa191 in operator new(unsigned long) (/workspace/build-asan/tsc+0x15d191) (BuildId: 73a10d7cc646a755f705b0ae57418e68578aec2f)
    #1 0x7ff5c59b7232  (/usr/lib/llvm-20/lib/libLLVM.so.20.1+0x1a9b232) (BuildId: b856c61f98abf0989f157f153740fe0fadfbb760)
    #2 0x7ff5c6f3998b  (/usr/lib/llvm-20/lib/libLLVM.so.20.1+0x301d98b) (BuildId: b856c61f98abf0989f157f153740fe0fadfbb760)
    #3 0x7ff5c6f398a6  (/usr/lib/llvm-20/lib/libLLVM.so.20.1+0x301d8a6) (BuildId: b856c61f98abf0989f157f153740fe0fadfbb760)
    #4 0x7ff5c7b29aa8  (/usr/lib/llvm-20/lib/libLLVM.so.20.1+0x3c0daa8) (BuildId: b856c61f98abf0989f157f153740fe0fadfbb760)
    #5 0x7ff5c7b6091a  (/usr/lib/llvm-20/lib/libLLVM.so.20.1+0x3c4491a) (BuildId: b856c61f98abf0989f157f153740fe0fadfbb760)
    #6 0x7ff5c7b61a19  (/usr/lib/llvm-20/lib/libLLVM.so.20.1+0x3c45a19) (BuildId: b856c61f98abf0989f157f153740fe0fadfbb760)
    #7 0x7ff5c7b62b2c  (/usr/lib/llvm-20/lib/libLLVM.so.20.1+0x3c46b2c) (BuildId: b856c61f98abf0989f157f153740fe0fadfbb760)
    #8 0x55ca91648523 in llvm::Target::createTargetMachine(llvm::StringRef, llvm::StringRef, llvm::StringRef, llvm::TargetOptions const&, std::optional<llvm::Reloc::Model>, std::optional<llvm::CodeModel::Model>, llvm::CodeGenOptLevel, bool) const /usr/lib/llvm-20/include/llvm/MC/TargetRegistry.h:462:12
    #9 0x55ca9163a09e in tsc::TargetRegistry::initializeAllTargets() /workspace/src/TargetRegistry.cpp:67:41
    #10 0x55ca9162bdcd in tsc::Compiler::initializeLLVM() /workspace/src/Compiler.cpp:349:14
    #11 0x55ca9162b8b7 in tsc::Compiler::Compiler(tsc::CompilerOptions const&) /workspace/src/Compiler.cpp:24:5
    #12 0x55ca915fd7b5 in main /workspace/src/main.cpp:191:18
    #13 0x7ff5c395a337  (/lib/x86_64-linux-gnu/libc.so.6+0x2a337) (BuildId: 467f544f15035abef911999cbc14489edd0555ab)
    #14 0x7ff5c395a3fa in __libc_start_main (/lib/x86_64-linux-gnu/libc.so.6+0x2a3fa) (BuildId: 467f544f15035abef911999cbc14489edd0555ab)
    #15 0x55ca91511b64 in _start (/workspace/build-asan/tsc+0x74b64) (BuildId: 73a10d7cc646a755f705b0ae57418e68578aec2f)

Indirect leak of 176 byte(s) in 2 object(s) allocated from:
    #0 0x55ca915fa191 in operator new(unsigned long) (/workspace/build-asan/tsc+0x15d191) (BuildId: 73a10d7cc646a755f705b0ae57418e68578aec2f)
    #1 0x7ff5c59b7232  (/usr/lib/llvm-20/lib/libLLVM.so.20.1+0x1a9b232) (BuildId: b856c61f98abf0989f157f153740fe0fadfbb760)
    #2 0x7ff5c6f3998b  (/usr/lib/llvm-20/lib/libLLVM.so.20.1+0x301d98b) (BuildId: b856c61f98abf0989f157f153740fe0fadfbb760)
    #3 0x7ff5c6f398a6  (/usr/lib/llvm-20/lib/libLLVM.so.20.1+0x301d8a6) (BuildId: b856c61f98abf0989f157f153740fe0fadfbb760)
    #4 0x7ff5c7b2919e  (/usr/lib/llvm-20/lib/libLLVM.so.20.1+0x3c0d19e) (BuildId: b856c61f98abf0989f157f153740fe0fadfbb760)
    #5 0x7ff5c7b6091a  (/usr/lib/llvm-20/lib/libLLVM.so.20.1+0x3c4491a) (BuildId: b856c61f98abf0989f157f153740fe0fadfbb760)
    #6 0x7ff5c7b61710  (/usr/lib/llvm-20/lib/libLLVM.so.20.1+0x3c45710) (BuildId: b856c61f98abf0989f157f153740fe0fadfbb760)
    #7 0x7ff5c7b62a6c  (/usr/lib/llvm-20/lib/libLLVM.so.20.1+0x3c46a6c) (BuildId: b856c61f98abf0989f157f153740fe0fadfbb760)
    #8 0x55ca91648523 in llvm::Target::createTargetMachine(llvm::StringRef, llvm::StringRef, llvm::StringRef, llvm::TargetOptions const&, std::optional<llvm::Reloc::Model>, std::optional<llvm::CodeModel::Model>, llvm::CodeGenOptLevel, bool) const /usr/lib/llvm-20/include/llvm/MC/TargetRegistry.h:462:12
    #9 0x55ca9163a09e in tsc::TargetRegistry::initializeAllTargets() /workspace/src/TargetRegistry.cpp:67:41
    #10 0x55ca9162bdcd in tsc::Compiler::initializeLLVM() /workspace/src/Compiler.cpp:349:14
    #11 0x55ca9162b8b7 in tsc::Compiler::Compiler(tsc::CompilerOptions const&) /workspace/src/Compiler.cpp:24:5
    #12 0x55ca915fd7b5 in main /workspace/src/main.cpp:191:18
    #13 0x7ff5c395a337  (/lib/x86_64-linux-gnu/libc.so.6+0x2a337) (BuildId: 467f544f15035abef911999cbc14489edd0555ab)
    #14 0x7ff5c395a3fa in __libc_start_main (/lib/x86_64-linux-gnu/libc.so.6+0x2a3fa) (BuildId: 467f544f15035abef911999cbc14489edd0555ab)
    #15 0x55ca91511b64 in _start (/workspace/build-asan/tsc+0x74b64) (BuildId: 73a10d7cc646a755f705b0ae57418e68578aec2f)

Indirect leak of 176 byte(s) in 2 object(s) allocated from:
    #0 0x55ca915fa191 in operator new(unsigned long) (/workspace/build-asan/tsc+0x15d191) (BuildId: 73a10d7cc646a755f705b0ae57418e68578aec2f)
    #1 0x7ff5c59b7232  (/usr/lib/llvm-20/lib/libLLVM.so.20.1+0x1a9b232) (BuildId: b856c61f98abf0989f157f153740fe0fadfbb760)
    #2 0x7ff5c6f3998b  (/usr/lib/llvm-20/lib/libLLVM.so.20.1+0x301d98b) (BuildId: b856c61f98abf0989f157f153740fe0fadfbb760)
    #3 0x7ff5c6f398a6  (/usr/lib/llvm-20/lib/libLLVM.so.20.1+0x301d8a6) (BuildId: b856c61f98abf0989f157f153740fe0fadfbb760)
    #4 0x7ff5c7b29882  (/usr/lib/llvm-20/lib/libLLVM.so.20.1+0x3c0d882) (BuildId: b856c61f98abf0989f157f153740fe0fadfbb760)
    #5 0x7ff5c7b6091a  (/usr/lib/llvm-20/lib/libLLVM.so.20.1+0x3c4491a) (BuildId: b856c61f98abf0989f157f153740fe0fadfbb760)
    #6 0x7ff5c7b61710  (/usr/lib/llvm-20/lib/libLLVM.so.20.1+0x3c45710) (BuildId: b856c61f98abf0989f157f153740fe0fadfbb760)
    #7 0x7ff5c7b62a6c  (/usr/lib/llvm-20/lib/libLLVM.so.20.1+0x3c46a6c) (BuildId: b856c61f98abf0989f157f153740fe0fadfbb760)
    #8 0x55ca91648523 in llvm::Target::createTargetMachine(llvm::StringRef, llvm::StringRef, llvm::StringRef, llvm::TargetOptions const&, std::optional<llvm::Reloc::Model>, std::optional<llvm::CodeModel::Model>, llvm::CodeGenOptLevel, bool) const /usr/lib/llvm-20/include/llvm/MC/TargetRegistry.h:462:12
    #9 0x55ca9163a09e in tsc::TargetRegistry::initializeAllTargets() /workspace/src/TargetRegistry.cpp:67:41
    #10 0x55ca9162bdcd in tsc::Compiler::initializeLLVM() /workspace/src/Compiler.cpp:349:14
    #11 0x55ca9162b8b7 in tsc::Compiler::Compiler(tsc::CompilerOptions const&) /workspace/src/Compiler.cpp:24:5
    #12 0x55ca915fd7b5 in main /workspace/src/main.cpp:191:18
    #13 0x7ff5c395a337  (/lib/x86_64-linux-gnu/libc.so.6+0x2a337) (BuildId: 467f544f15035abef911999cbc14489edd0555ab)
    #14 0x7ff5c395a3fa in __libc_start_main (/lib/x86_64-linux-gnu/libc.so.6+0x2a3fa) (BuildId: 467f544f15035abef911999cbc14489edd0555ab)
    #15 0x55ca91511b64 in _start (/workspace/build-asan/tsc+0x74b64) (BuildId: 73a10d7cc646a755f705b0ae57418e68578aec2f)

Indirect leak of 176 byte(s) in 2 object(s) allocated from:
    #0 0x55ca915fa191 in operator new(unsigned long) (/workspace/build-asan/tsc+0x15d191) (BuildId: 73a10d7cc646a755f705b0ae57418e68578aec2f)
    #1 0x7ff5c59b7232  (/usr/lib/llvm-20/lib/libLLVM.so.20.1+0x1a9b232) (BuildId: b856c61f98abf0989f157f153740fe0fadfbb760)
    #2 0x7ff5c6f3998b  (/usr/lib/llvm-20/lib/libLLVM.so.20.1+0x301d98b) (BuildId: b856c61f98abf0989f157f153740fe0fadfbb760)
    #3 0x7ff5c6f398a6  (/usr/lib/llvm-20/lib/libLLVM.so.20.1+0x301d8a6) (BuildId: b856c61f98abf0989f157f153740fe0fadfbb760)
    #4 0x7ff5c7b28a80  (/usr/lib/llvm-20/lib/libLLVM.so.20.1+0x3c0ca80) (BuildId: b856c61f98abf0989f157f153740fe0fadfbb760)
    #5 0x7ff5c7b6091a  (/usr/lib/llvm-20/lib/libLLVM.so.20.1+0x3c4491a) (BuildId: b856c61f98abf0989f157f153740fe0fadfbb760)
    #6 0x7ff5c7b6188a  (/usr/lib/llvm-20/lib/libLLVM.so.20.1+0x3c4588a) (BuildId: b856c61f98abf0989f157f153740fe0fadfbb760)
    #7 0x7ff5c7b62a6c  (/usr/lib/llvm-20/lib/libLLVM.so.20.1+0x3c46a6c) (BuildId: b856c61f98abf0989f157f153740fe0fadfbb760)
    #8 0x55ca91648523 in llvm::Target::createTargetMachine(llvm::StringRef, llvm::StringRef, llvm::StringRef, llvm::TargetOptions const&, std::optional<llvm::Reloc::Model>, std::optional<llvm::CodeModel::Model>, llvm::CodeGenOptLevel, bool) const /usr/lib/llvm-20/include/llvm/MC/TargetRegistry.h:462:12
    #9 0x55ca9163a09e in tsc::TargetRegistry::initializeAllTargets() /workspace/src/TargetRegistry.cpp:67:41
    #10 0x55ca9162bdcd in tsc::Compiler::initializeLLVM() /workspace/src/Compiler.cpp:349:14
    #11 0x55ca9162b8b7 in tsc::Compiler::Compiler(tsc::CompilerOptions const&) /workspace/src/Compiler.cpp:24:5
    #12 0x55ca915fd7b5 in main /workspace/src/main.cpp:191:18
    #13 0x7ff5c395a337  (/lib/x86_64-linux-gnu/libc.so.6+0x2a337) (BuildId: 467f544f15035abef911999cbc14489edd0555ab)
    #14 0x7ff5c395a3fa in __libc_start_main (/lib/x86_64-linux-gnu/libc.so.6+0x2a3fa) (BuildId: 467f544f15035abef911999cbc14489edd0555ab)
    #15 0x55ca91511b64 in _start (/workspace/build-asan/tsc+0x74b64) (BuildId: 73a10d7cc646a755f705b0ae57418e68578aec2f)

Indirect leak of 176 byte(s) in 2 object(s) allocated from:
    #0 0x55ca915fa191 in operator new(unsigned long) (/workspace/build-asan/tsc+0x15d191) (BuildId: 73a10d7cc646a755f705b0ae57418e68578aec2f)
    #1 0x7ff5c59b7232  (/usr/lib/llvm-20/lib/libLLVM.so.20.1+0x1a9b232) (BuildId: b856c61f98abf0989f157f153740fe0fadfbb760)
    #2 0x7ff5c6f3998b  (/usr/lib/llvm-20/lib/libLLVM.so.20.1+0x301d98b) (BuildId: b856c61f98abf0989f157f153740fe0fadfbb760)
    #3 0x7ff5c6f398a6  (/usr/lib/llvm-20/lib/libLLVM.so.20.1+0x301d8a6) (BuildId: b856c61f98abf0989f157f153740fe0fadfbb760)
    #4 0x7ff5c7b28e38  (/usr/lib/llvm-20/lib/libLLVM.so.20.1+0x3c0ce38) (BuildId: b856c61f98abf0989f157f153740fe0fadfbb760)
    #5 0x7ff5c7b6091a  (/usr/lib/llvm-20/lib/libLLVM.so.20.1+0x3c4491a) (BuildId: b856c61f98abf0989f157f153740fe0fadfbb760)
    #6 0x7ff5c7b6188a  (/usr/lib/llvm-20/lib/libLLVM.so.20.1+0x3c4588a) (BuildId: b856c61f98abf0989f157f153740fe0fadfbb760)
    #7 0x7ff5c7b62a6c  (/usr/lib/llvm-20/lib/libLLVM.so.20.1+0x3c46a6c) (BuildId: b856c61f98abf0989f157f153740fe0fadfbb760)
    #8 0x55ca91648523 in llvm::Target::createTargetMachine(llvm::StringRef, llvm::StringRef, llvm::StringRef, llvm::TargetOptions const&, std::optional<llvm::Reloc::Model>, std::optional<llvm::CodeModel::Model>, llvm::CodeGenOptLevel, bool) const /usr/lib/llvm-20/include/llvm/MC/TargetRegistry.h:462:12
    #9 0x55ca9163a09e in tsc::TargetRegistry::initializeAllTargets() /workspace/src/TargetRegistry.cpp:67:41
    #10 0x55ca9162bdcd in tsc::Compiler::initializeLLVM() /workspace/src/Compiler.cpp:349:14
    #11 0x55ca9162b8b7 in tsc::Compiler::Compiler(tsc::CompilerOptions const&) /workspace/src/Compiler.cpp:24:5
    #12 0x55ca915fd7b5 in main /workspace/src/main.cpp:191:18
    #13 0x7ff5c395a337  (/lib/x86_64-linux-gnu/libc.so.6+0x2a337) (BuildId: 467f544f15035abef911999cbc14489edd0555ab)
    #14 0x7ff5c395a3fa in __libc_start_main (/lib/x86_64-linux-gnu/libc.so.6+0x2a3fa) (BuildId: 467f544f15035abef911999cbc14489edd0555ab)
    #15 0x55ca91511b64 in _start (/workspace/build-asan/tsc+0x74b64) (BuildId: 73a10d7cc646a755f705b0ae57418e68578aec2f)

Indirect leak of 176 byte(s) in 2 object(s) allocated from:
    #0 0x55ca915fa191 in operator new(unsigned long) (/workspace/build-asan/tsc+0x15d191) (BuildId: 73a10d7cc646a755f705b0ae57418e68578aec2f)
    #1 0x7ff5c59b7232  (/usr/lib/llvm-20/lib/libLLVM.so.20.1+0x1a9b232) (BuildId: b856c61f98abf0989f157f153740fe0fadfbb760)
    #2 0x7ff5c6f3998b  (/usr/lib/llvm-20/lib/libLLVM.so.20.1+0x301d98b) (BuildId: b856c61f98abf0989f157f153740fe0fadfbb760)
    #3 0x7ff5c6f398a6  (/usr/lib/llvm-20/lib/libLLVM.so.20.1+0x301d8a6) (BuildId: b856c61f98abf0989f157f153740fe0fadfbb760)
    #4 0x7ff5c7b294cb  (/usr/lib/llvm-20/lib/libLLVM.so.20.1+0x3c0d4cb) (BuildId: b856c61f98abf0989f157f153740fe0fadfbb760)
    #5 0x7ff5c7b6091a  (/usr/lib/llvm-20/lib/libLLVM.so.20.1+0x3c4491a) (BuildId: b856c61f98abf0989f157f153740fe0fadfbb760)
    #6 0x7ff5c7b6188a  (/usr/lib/llvm-20/lib/libLLVM.so.20.1+0x3c4588a) (BuildId: b856c61f98abf0989f157f153740fe0fadfbb760)
    #7 0x7ff5c7b62a6c  (/usr/lib/llvm-20/lib/libLLVM.so.20.1+0x3c46a6c) (BuildId: b856c61f98abf0989f157f153740fe0fadfbb760)
    #8 0x55ca91648523 in llvm::Target::createTargetMachine(llvm::StringRef, llvm::StringRef, llvm::StringRef, llvm::TargetOptions const&, std::optional<llvm::Reloc::Model>, std::optional<llvm::CodeModel::Model>, llvm::CodeGenOptLevel, bool) const /usr/lib/llvm-20/include/llvm/MC/TargetRegistry.h:462:12
    #9 0x55ca9163a09e in tsc::TargetRegistry::initializeAllTargets() /workspace/src/TargetRegistry.cpp:67:41
    #10 0x55ca9162bdcd in tsc::Compiler::initializeLLVM() /workspace/src/Compiler.cpp:349:14
    #11 0x55ca9162b8b7 in tsc::Compiler::Compiler(tsc::CompilerOptions const&) /workspace/src/Compiler.cpp:24:5
    #12 0x55ca915fd7b5 in main /workspace/src/main.cpp:191:18
    #13 0x7ff5c395a337  (/lib/x86_64-linux-gnu/libc.so.6+0x2a337) (BuildId: 467f544f15035abef911999cbc14489edd0555ab)
    #14 0x7ff5c395a3fa in __libc_start_main (/lib/x86_64-linux-gnu/libc.so.6+0x2a3fa) (BuildId: 467f544f15035abef911999cbc14489edd0555ab)
    #15 0x55ca91511b64 in _start (/workspace/build-asan/tsc+0x74b64) (BuildId: 73a10d7cc646a755f705b0ae57418e68578aec2f)

Indirect leak of 176 byte(s) in 2 object(s) allocated from:
    #0 0x55ca915fa191 in operator new(unsigned long) (/workspace/build-asan/tsc+0x15d191) (BuildId: 73a10d7cc646a755f705b0ae57418e68578aec2f)
    #1 0x7ff5c59b7232  (/usr/lib/llvm-20/lib/libLLVM.so.20.1+0x1a9b232) (BuildId: b856c61f98abf0989f157f153740fe0fadfbb760)
    #2 0x7ff5c6f3998b  (/usr/lib/llvm-20/lib/libLLVM.so.20.1+0x301d98b) (BuildId: b856c61f98abf0989f157f153740fe0fadfbb760)
    #3 0x7ff5c6f398a6  (/usr/lib/llvm-20/lib/libLLVM.so.20.1+0x301d8a6) (BuildId: b856c61f98abf0989f157f153740fe0fadfbb760)
    #4 0x7ff5c7b29736  (/usr/lib/llvm-20/lib/libLLVM.so.20.1+0x3c0d736) (BuildId: b856c61f98abf0989f157f153740fe0fadfbb760)
    #5 0x7ff5c7b6091a  (/usr/lib/llvm-20/lib/libLLVM.so.20.1+0x3c4491a) (BuildId: b856c61f98abf0989f157f153740fe0fadfbb760)
    #6 0x7ff5c7b6188a  (/usr/lib/llvm-20/lib/libLLVM.so.20.1+0x3c4588a) (BuildId: b856c61f98abf0989f157f153740fe0fadfbb760)
    #7 0x7ff5c7b62a6c  (/usr/lib/llvm-20/lib/libLLVM.so.20.1+0x3c46a6c) (BuildId: b856c61f98abf0989f157f153740fe0fadfbb760)
    #8 0x55ca91648523 in llvm::Target::createTargetMachine(llvm::StringRef, llvm::StringRef, llvm::StringRef, llvm::TargetOptions const&, std::optional<llvm::Reloc::Model>, std::optional<llvm::CodeModel::Model>, llvm::CodeGenOptLevel, bool) const /usr/lib/llvm-20/include/llvm/MC/TargetRegistry.h:462:12
    #9 0x55ca9163a09e in tsc::TargetRegistry::initializeAllTargets() /workspace/src/TargetRegistry.cpp:67:41
    #10 0x55ca9162bdcd in tsc::Compiler::initializeLLVM() /workspace/src/Compiler.cpp:349:14
    #11 0x55ca9162b8b7 in tsc::Compiler::Compiler(tsc::CompilerOptions const&) /workspace/src/Compiler.cpp:24:5
    #12 0x55ca915fd7b5 in main /workspace/src/main.cpp:191:18
    #13 0x7ff5c395a337  (/lib/x86_64-linux-gnu/libc.so.6+0x2a337) (BuildId: 467f544f15035abef911999cbc14489edd0555ab)
    #14 0x7ff5c395a3fa in __libc_start_main (/lib/x86_64-linux-gnu/libc.so.6+0x2a3fa) (BuildId: 467f544f15035abef911999cbc14489edd0555ab)
    #15 0x55ca91511b64 in _start (/workspace/build-asan/tsc+0x74b64) (BuildId: 73a10d7cc646a755f705b0ae57418e68578aec2f)

Indirect leak of 176 byte(s) in 2 object(s) allocated from:
    #0 0x55ca915fa191 in operator new(unsigned long) (/workspace/build-asan/tsc+0x15d191) (BuildId: 73a10d7cc646a755f705b0ae57418e68578aec2f)
    #1 0x7ff5c59b7232  (/usr/lib/llvm-20/lib/libLLVM.so.20.1+0x1a9b232) (BuildId: b856c61f98abf0989f157f153740fe0fadfbb760)
    #2 0x7ff5c6f3998b  (/usr/lib/llvm-20/lib/libLLVM.so.20.1+0x301d98b) (BuildId: b856c61f98abf0989f157f153740fe0fadfbb760)
    #3 0x7ff5c6f398a6  (/usr/lib/llvm-20/lib/libLLVM.so.20.1+0x301d8a6) (BuildId: b856c61f98abf0989f157f153740fe0fadfbb760)
    #4 0x7ff5c7b29824  (/usr/lib/llvm-20/lib/libLLVM.so.20.1+0x3c0d824) (BuildId: b856c61f98abf0989f157f153740fe0fadfbb760)
    #5 0x7ff5c7b6091a  (/usr/lib/llvm-20/lib/libLLVM.so.20.1+0x3c4491a) (BuildId: b856c61f98abf0989f157f153740fe0fadfbb760)
    #6 0x7ff5c7b6188a  (/usr/lib/llvm-20/lib/libLLVM.so.20.1+0x3c4588a) (BuildId: b856c61f98abf0989f157f153740fe0fadfbb760)
    #7 0x7ff5c7b62a6c  (/usr/lib/llvm-20/lib/libLLVM.so.20.1+0x3c46a6c) (BuildId: b856c61f98abf0989f157f153740fe0fadfbb760)
    #8 0x55ca91648523 in llvm::Target::createTargetMachine(llvm::StringRef, llvm::StringRef, llvm::StringRef, llvm::TargetOptions const&, std::optional<llvm::Reloc::Model>, std::optional<llvm::CodeModel::Model>, llvm::CodeGenOptLevel, bool) const /usr/lib/llvm-20/include/llvm/MC/TargetRegistry.h:462:12
    #9 0x55ca9163a09e in tsc::TargetRegistry::initializeAllTargets() /workspace/src/TargetRegistry.cpp:67:41
    #10 0x55ca9162bdcd in tsc::Compiler::initializeLLVM() /workspace/src/Compiler.cpp:349:14
    #11 0x55ca9162b8b7 in tsc::Compiler::Compiler(tsc::CompilerOptions const&) /workspace/src/Compiler.cpp:24:5
    #12 0x55ca915fd7b5 in main /workspace/src/main.cpp:191:18
    #13 0x7ff5c395a337  (/lib/x86_64-linux-gnu/libc.so.6+0x2a337) (BuildId: 467f544f15035abef911999cbc14489edd0555ab)
    #14 0x7ff5c395a3fa in __libc_start_main (/lib/x86_64-linux-gnu/libc.so.6+0x2a3fa) (BuildId: 467f544f15035abef911999cbc14489edd0555ab)
    #15 0x55ca91511b64 in _start (/workspace/build-asan/tsc+0x74b64) (BuildId: 73a10d7cc646a755f705b0ae57418e68578aec2f)

Indirect leak of 176 byte(s) in 2 object(s) allocated from:
    #0 0x55ca915fa191 in operator new(unsigned long) (/workspace/build-asan/tsc+0x15d191) (BuildId: 73a10d7cc646a755f705b0ae57418e68578aec2f)
    #1 0x7ff5c59b7232  (/usr/lib/llvm-20/lib/libLLVM.so.20.1+0x1a9b232) (BuildId: b856c61f98abf0989f157f153740fe0fadfbb760)
    #2 0x7ff5c6f3998b  (/usr/lib/llvm-20/lib/libLLVM.so.20.1+0x301d98b) (BuildId: b856c61f98abf0989f157f153740fe0fadfbb760)
    #3 0x7ff5c6f398a6  (/usr/lib/llvm-20/lib/libLLVM.so.20.1+0x301d8a6) (BuildId: b856c61f98abf0989f157f153740fe0fadfbb760)
    #4 0x7ff5c7b29bf6  (/usr/lib/llvm-20/lib/libLLVM.so.20.1+0x3c0dbf6) (BuildId: b856c61f98abf0989f157f153740fe0fadfbb760)
    #5 0x7ff5c7b6091a  (/usr/lib/llvm-20/lib/libLLVM.so.20.1+0x3c4491a) (BuildId: b856c61f98abf0989f157f153740fe0fadfbb760)
    #6 0x7ff5c7b61a19  (/usr/lib/llvm-20/lib/libLLVM.so.20.1+0x3c45a19) (BuildId: b856c61f98abf0989f157f153740fe0fadfbb760)
    #7 0x7ff5c7b62a6c  (/usr/lib/llvm-20/lib/libLLVM.so.20.1+0x3c46a6c) (BuildId: b856c61f98abf0989f157f153740fe0fadfbb760)
    #8 0x55ca91648523 in llvm::Target::createTargetMachine(llvm::StringRef, llvm::StringRef, llvm::StringRef, llvm::TargetOptions const&, std::optional<llvm::Reloc::Model>, std::optional<llvm::CodeModel::Model>, llvm::CodeGenOptLevel, bool) const /usr/lib/llvm-20/include/llvm/MC/TargetRegistry.h:462:12
    #9 0x55ca9163a09e in tsc::TargetRegistry::initializeAllTargets() /workspace/src/TargetRegistry.cpp:67:41
    #10 0x55ca9162bdcd in tsc::Compiler::initializeLLVM() /workspace/src/Compiler.cpp:349:14
    #11 0x55ca9162b8b7 in tsc::Compiler::Compiler(tsc::CompilerOptions const&) /workspace/src/Compiler.cpp:24:5
    #12 0x55ca915fd7b5 in main /workspace/src/main.cpp:191:18
    #13 0x7ff5c395a337  (/lib/x86_64-linux-gnu/libc.so.6+0x2a337) (BuildId: 467f544f15035abef911999cbc14489edd0555ab)
    #14 0x7ff5c395a3fa in __libc_start_main (/lib/x86_64-linux-gnu/libc.so.6+0x2a3fa) (BuildId: 467f544f15035abef911999cbc14489edd0555ab)
    #15 0x55ca91511b64 in _start (/workspace/build-asan/tsc+0x74b64) (BuildId: 73a10d7cc646a755f705b0ae57418e68578aec2f)

Indirect leak of 176 byte(s) in 2 object(s) allocated from:
    #0 0x55ca915fa191 in operator new(unsigned long) (/workspace/build-asan/tsc+0x15d191) (BuildId: 73a10d7cc646a755f705b0ae57418e68578aec2f)
    #1 0x7ff5c59b7232  (/usr/lib/llvm-20/lib/libLLVM.so.20.1+0x1a9b232) (BuildId: b856c61f98abf0989f157f153740fe0fadfbb760)
    #2 0x7ff5c6f3998b  (/usr/lib/llvm-20/lib/libLLVM.so.20.1+0x301d98b) (BuildId: b856c61f98abf0989f157f153740fe0fadfbb760)
    #3 0x7ff5c6f398a6  (/usr/lib/llvm-20/lib/libLLVM.so.20.1+0x301d8a6) (BuildId: b856c61f98abf0989f157f153740fe0fadfbb760)
    #4 0x7ff5c7b29bf6  (/usr/lib/llvm-20/lib/libLLVM.so.20.1+0x3c0dbf6) (BuildId: b856c61f98abf0989f157f153740fe0fadfbb760)
    #5 0x7ff5c7b6091a  (/usr/lib/llvm-20/lib/libLLVM.so.20.1+0x3c4491a) (BuildId: b856c61f98abf0989f157f153740fe0fadfbb760)
    #6 0x7ff5c7b6188a  (/usr/lib/llvm-20/lib/libLLVM.so.20.1+0x3c4588a) (BuildId: b856c61f98abf0989f157f153740fe0fadfbb760)
    #7 0x7ff5c7b62a6c  (/usr/lib/llvm-20/lib/libLLVM.so.20.1+0x3c46a6c) (BuildId: b856c61f98abf0989f157f153740fe0fadfbb760)
    #8 0x55ca91648523 in llvm::Target::createTargetMachine(llvm::StringRef, llvm::StringRef, llvm::StringRef, llvm::TargetOptions const&, std::optional<llvm::Reloc::Model>, std::optional<llvm::CodeModel::Model>, llvm::CodeGenOptLevel, bool) const /usr/lib/llvm-20/include/llvm/MC/TargetRegistry.h:462:12
    #9 0x55ca9163a09e in tsc::TargetRegistry::initializeAllTargets() /workspace/src/TargetRegistry.cpp:67:41
    #10 0x55ca9162bdcd in tsc::Compiler::initializeLLVM() /workspace/src/Compiler.cpp:349:14
    #11 0x55ca9162b8b7 in tsc::Compiler::Compiler(tsc::CompilerOptions const&) /workspace/src/Compiler.cpp:24:5
    #12 0x55ca915fd7b5 in main /workspace/src/main.cpp:191:18
    #13 0x7ff5c395a337  (/lib/x86_64-linux-gnu/libc.so.6+0x2a337) (BuildId: 467f544f15035abef911999cbc14489edd0555ab)
    #14 0x7ff5c395a3fa in __libc_start_main (/lib/x86_64-linux-gnu/libc.so.6+0x2a3fa) (BuildId: 467f544f15035abef911999cbc14489edd0555ab)
    #15 0x55ca91511b64 in _start (/workspace/build-asan/tsc+0x74b64) (BuildId: 73a10d7cc646a755f705b0ae57418e68578aec2f)

Indirect leak of 176 byte(s) in 2 object(s) allocated from:
    #0 0x55ca915fa191 in operator new(unsigned long) (/workspace/build-asan/tsc+0x15d191) (BuildId: 73a10d7cc646a755f705b0ae57418e68578aec2f)
    #1 0x7ff5c59b7232  (/usr/lib/llvm-20/lib/libLLVM.so.20.1+0x1a9b232) (BuildId: b856c61f98abf0989f157f153740fe0fadfbb760)
    #2 0x7ff5c6f3998b  (/usr/lib/llvm-20/lib/libLLVM.so.20.1+0x301d98b) (BuildId: b856c61f98abf0989f157f153740fe0fadfbb760)
    #3 0x7ff5c6f398a6  (/usr/lib/llvm-20/lib/libLLVM.so.20.1+0x301d8a6) (BuildId: b856c61f98abf0989f157f153740fe0fadfbb760)
    #4 0x7ff5c7b29aa8  (/usr/lib/llvm-20/lib/libLLVM.so.20.1+0x3c0daa8) (BuildId: b856c61f98abf0989f157f153740fe0fadfbb760)
    #5 0x7ff5c7b6091a  (/usr/lib/llvm-20/lib/libLLVM.so.20.1+0x3c4491a) (BuildId: b856c61f98abf0989f157f153740fe0fadfbb760)
    #6 0x7ff5c7b61a19  (/usr/lib/llvm-20/lib/libLLVM.so.20.1+0x3c45a19) (BuildId: b856c61f98abf0989f157f153740fe0fadfbb760)
    #7 0x7ff5c7b62a6c  (/usr/lib/llvm-20/lib/libLLVM.so.20.1+0x3c46a6c) (BuildId: b856c61f98abf0989f157f153740fe0fadfbb760)
    #8 0x55ca91648523 in llvm::Target::createTargetMachine(llvm::StringRef, llvm::StringRef, llvm::StringRef, llvm::TargetOptions const&, std::optional<llvm::Reloc::Model>, std::optional<llvm::CodeModel::Model>, llvm::CodeGenOptLevel, bool) const /usr/lib/llvm-20/include/llvm/MC/TargetRegistry.h:462:12
    #9 0x55ca9163a09e in tsc::TargetRegistry::initializeAllTargets() /workspace/src/TargetRegistry.cpp:67:41
    #10 0x55ca9162bdcd in tsc::Compiler::initializeLLVM() /workspace/src/Compiler.cpp:349:14
    #11 0x55ca9162b8b7 in tsc::Compiler::Compiler(tsc::CompilerOptions const&) /workspace/src/Compiler.cpp:24:5
    #12 0x55ca915fd7b5 in main /workspace/src/main.cpp:191:18
    #13 0x7ff5c395a337  (/lib/x86_64-linux-gnu/libc.so.6+0x2a337) (BuildId: 467f544f15035abef911999cbc14489edd0555ab)
    #14 0x7ff5c395a3fa in __libc_start_main (/lib/x86_64-linux-gnu/libc.so.6+0x2a3fa) (BuildId: 467f544f15035abef911999cbc14489edd0555ab)
    #15 0x55ca91511b64 in _start (/workspace/build-asan/tsc+0x74b64) (BuildId: 73a10d7cc646a755f705b0ae57418e68578aec2f)

Indirect leak of 176 byte(s) in 2 object(s) allocated from:
    #0 0x55ca915fa191 in operator new(unsigned long) (/workspace/build-asan/tsc+0x15d191) (BuildId: 73a10d7cc646a755f705b0ae57418e68578aec2f)
    #1 0x7ff5c59b7232  (/usr/lib/llvm-20/lib/libLLVM.so.20.1+0x1a9b232) (BuildId: b856c61f98abf0989f157f153740fe0fadfbb760)
    #2 0x7ff5c6f3998b  (/usr/lib/llvm-20/lib/libLLVM.so.20.1+0x301d98b) (BuildId: b856c61f98abf0989f157f153740fe0fadfbb760)
    #3 0x7ff5c6f398a6  (/usr/lib/llvm-20/lib/libLLVM.so.20.1+0x301d8a6) (BuildId: b856c61f98abf0989f157f153740fe0fadfbb760)
    #4 0x7ff5c7b29824  (/usr/lib/llvm-20/lib/libLLVM.so.20.1+0x3c0d824) (BuildId: b856c61f98abf0989f157f153740fe0fadfbb760)
    #5 0x7ff5c7b6091a  (/usr/lib/llvm-20/lib/libLLVM.so.20.1+0x3c4491a) (BuildId: b856c61f98abf0989f157f153740fe0fadfbb760)
    #6 0x7ff5c7b61a19  (/usr/lib/llvm-20/lib/libLLVM.so.20.1+0x3c45a19) (BuildId: b856c61f98abf0989f157f153740fe0fadfbb760)
    #7 0x7ff5c7b62a6c  (/usr/lib/llvm-20/lib/libLLVM.so.20.1+0x3c46a6c) (BuildId: b856c61f98abf0989f157f153740fe0fadfbb760)
    #8 0x55ca91648523 in llvm::Target::createTargetMachine(llvm::StringRef, llvm::StringRef, llvm::StringRef, llvm::TargetOptions const&, std::optional<llvm::Reloc::Model>, std::optional<llvm::CodeModel::Model>, llvm::CodeGenOptLevel, bool) const /usr/lib/llvm-20/include/llvm/MC/TargetRegistry.h:462:12
    #9 0x55ca9163a09e in tsc::TargetRegistry::initializeAllTargets() /workspace/src/TargetRegistry.cpp:67:41
    #10 0x55ca9162bdcd in tsc::Compiler::initializeLLVM() /workspace/src/Compiler.cpp:349:14
    #11 0x55ca9162b8b7 in tsc::Compiler::Compiler(tsc::CompilerOptions const&) /workspace/src/Compiler.cpp:24:5
    #12 0x55ca915fd7b5 in main /workspace/src/main.cpp:191:18
    #13 0x7ff5c395a337  (/lib/x86_64-linux-gnu/libc.so.6+0x2a337) (BuildId: 467f544f15035abef911999cbc14489edd0555ab)
    #14 0x7ff5c395a3fa in __libc_start_main (/lib/x86_64-linux-gnu/libc.so.6+0x2a3fa) (BuildId: 467f544f15035abef911999cbc14489edd0555ab)
    #15 0x55ca91511b64 in _start (/workspace/build-asan/tsc+0x74b64) (BuildId: 73a10d7cc646a755f705b0ae57418e68578aec2f)

Indirect leak of 176 byte(s) in 2 object(s) allocated from:
    #0 0x55ca915fa191 in operator new(unsigned long) (/workspace/build-asan/tsc+0x15d191) (BuildId: 73a10d7cc646a755f705b0ae57418e68578aec2f)
    #1 0x7ff5c59b7232  (/usr/lib/llvm-20/lib/libLLVM.so.20.1+0x1a9b232) (BuildId: b856c61f98abf0989f157f153740fe0fadfbb760)
    #2 0x7ff5c6f3998b  (/usr/lib/llvm-20/lib/libLLVM.so.20.1+0x301d98b) (BuildId: b856c61f98abf0989f157f153740fe0fadfbb760)
    #3 0x7ff5c6f398a6  (/usr/lib/llvm-20/lib/libLLVM.so.20.1+0x301d8a6) (BuildId: b856c61f98abf0989f157f153740fe0fadfbb760)
    #4 0x7ff5c7b2939b  (/usr/lib/llvm-20/lib/libLLVM.so.20.1+0x3c0d39b) (BuildId: b856c61f98abf0989f157f153740fe0fadfbb760)
    #5 0x7ff5c7b6091a  (/usr/lib/llvm-20/lib/libLLVM.so.20.1+0x3c4491a) (BuildId: b856c61f98abf0989f157f153740fe0fadfbb760)
    #6 0x7ff5c7b61710  (/usr/lib/llvm-20/lib/libLLVM.so.20.1+0x3c45710) (BuildId: b856c61f98abf0989f157f153740fe0fadfbb760)
    #7 0x7ff5c7b62b2c  (/usr/lib/llvm-20/lib/libLLVM.so.20.1+0x3c46b2c) (BuildId: b856c61f98abf0989f157f153740fe0fadfbb760)
    #8 0x55ca91648523 in llvm::Target::createTargetMachine(llvm::StringRef, llvm::StringRef, llvm::StringRef, llvm::TargetOptions const&, std::optional<llvm::Reloc::Model>, std::optional<llvm::CodeModel::Model>, llvm::CodeGenOptLevel, bool) const /usr/lib/llvm-20/include/llvm/MC/TargetRegistry.h:462:12
    #9 0x55ca9163a09e in tsc::TargetRegistry::initializeAllTargets() /workspace/src/TargetRegistry.cpp:67:41
    #10 0x55ca9162bdcd in tsc::Compiler::initializeLLVM() /workspace/src/Compiler.cpp:349:14
    #11 0x55ca9162b8b7 in tsc::Compiler::Compiler(tsc::CompilerOptions const&) /workspace/src/Compiler.cpp:24:5
    #12 0x55ca915fd7b5 in main /workspace/src/main.cpp:191:18
    #13 0x7ff5c395a337  (/lib/x86_64-linux-gnu/libc.so.6+0x2a337) (BuildId: 467f544f15035abef911999cbc14489edd0555ab)
    #14 0x7ff5c395a3fa in __libc_start_main (/lib/x86_64-linux-gnu/libc.so.6+0x2a3fa) (BuildId: 467f544f15035abef911999cbc14489edd0555ab)
    #15 0x55ca91511b64 in _start (/workspace/build-asan/tsc+0x74b64) (BuildId: 73a10d7cc646a755f705b0ae57418e68578aec2f)

Indirect leak of 176 byte(s) in 2 object(s) allocated from:
    #0 0x55ca915fa191 in operator new(unsigned long) (/workspace/build-asan/tsc+0x15d191) (BuildId: 73a10d7cc646a755f705b0ae57418e68578aec2f)
    #1 0x7ff5c59b7232  (/usr/lib/llvm-20/lib/libLLVM.so.20.1+0x1a9b232) (BuildId: b856c61f98abf0989f157f153740fe0fadfbb760)
    #2 0x7ff5c6f3998b  (/usr/lib/llvm-20/lib/libLLVM.so.20.1+0x301d98b) (BuildId: b856c61f98abf0989f157f153740fe0fadfbb760)
    #3 0x7ff5c6f398a6  (/usr/lib/llvm-20/lib/libLLVM.so.20.1+0x301d8a6) (BuildId: b856c61f98abf0989f157f153740fe0fadfbb760)
    #4 0x7ff5c7b29736  (/usr/lib/llvm-20/lib/libLLVM.so.20.1+0x3c0d736) (BuildId: b856c61f98abf0989f157f153740fe0fadfbb760)
    #5 0x7ff5c7b6091a  (/usr/lib/llvm-20/lib/libLLVM.so.20.1+0x3c4491a) (BuildId: b856c61f98abf0989f157f153740fe0fadfbb760)
    #6 0x7ff5c7b61a19  (/usr/lib/llvm-20/lib/libLLVM.so.20.1+0x3c45a19) (BuildId: b856c61f98abf0989f157f153740fe0fadfbb760)
    #7 0x7ff5c7b62a6c  (/usr/lib/llvm-20/lib/libLLVM.so.20.1+0x3c46a6c) (BuildId: b856c61f98abf0989f157f153740fe0fadfbb760)
    #8 0x55ca91648523 in llvm::Target::createTargetMachine(llvm::StringRef, llvm::StringRef, llvm::StringRef, llvm::TargetOptions const&, std::optional<llvm::Reloc::Model>, std::optional<llvm::CodeModel::Model>, llvm::CodeGenOptLevel, bool) const /usr/lib/llvm-20/include/llvm/MC/TargetRegistry.h:462:12
    #9 0x55ca9163a09e in tsc::TargetRegistry::initializeAllTargets() /workspace/src/TargetRegistry.cpp:67:41
    #10 0x55ca9162bdcd in tsc::Compiler::initializeLLVM() /workspace/src/Compiler.cpp:349:14
    #11 0x55ca9162b8b7 in tsc::Compiler::Compiler(tsc::CompilerOptions const&) /workspace/src/Compiler.cpp:24:5
    #12 0x55ca915fd7b5 in main /workspace/src/main.cpp:191:18
    #13 0x7ff5c395a337  (/lib/x86_64-linux-gnu/libc.so.6+0x2a337) (BuildId: 467f544f15035abef911999cbc14489edd0555ab)
    #14 0x7ff5c395a3fa in __libc_start_main (/lib/x86_64-linux-gnu/libc.so.6+0x2a3fa) (BuildId: 467f544f15035abef911999cbc14489edd0555ab)
    #15 0x55ca91511b64 in _start (/workspace/build-asan/tsc+0x74b64) (BuildId: 73a10d7cc646a755f705b0ae57418e68578aec2f)

Indirect leak of 176 byte(s) in 2 object(s) allocated from:
    #0 0x55ca915fa191 in operator new(unsigned long) (/workspace/build-asan/tsc+0x15d191) (BuildId: 73a10d7cc646a755f705b0ae57418e68578aec2f)
    #1 0x7ff5c59b7232  (/usr/lib/llvm-20/lib/libLLVM.so.20.1+0x1a9b232) (BuildId: b856c61f98abf0989f157f153740fe0fadfbb760)
    #2 0x7ff5c6f3998b  (/usr/lib/llvm-20/lib/libLLVM.so.20.1+0x301d98b) (BuildId: b856c61f98abf0989f157f153740fe0fadfbb760)
    #3 0x7ff5c6f398a6  (/usr/lib/llvm-20/lib/libLLVM.so.20.1+0x301d8a6) (BuildId: b856c61f98abf0989f157f153740fe0fadfbb760)
    #4 0x7ff5c7b294cb  (/usr/lib/llvm-20/lib/libLLVM.so.20.1+0x3c0d4cb) (BuildId: b856c61f98abf0989f157f153740fe0fadfbb760)
    #5 0x7ff5c7b6091a  (/usr/lib/llvm-20/lib/libLLVM.so.20.1+0x3c4491a) (BuildId: b856c61f98abf0989f157f153740fe0fadfbb760)
    #6 0x7ff5c7b61a19  (/usr/lib/llvm-20/lib/libLLVM.so.20.1+0x3c45a19) (BuildId: b856c61f98abf0989f157f153740fe0fadfbb760)
    #7 0x7ff5c7b62a6c  (/usr/lib/llvm-20/lib/libLLVM.so.20.1+0x3c46a6c) (BuildId: b856c61f98abf0989f157f153740fe0fadfbb760)
    #8 0x55ca91648523 in llvm::Target::createTargetMachine(llvm::StringRef, llvm::StringRef, llvm::StringRef, llvm::TargetOptions const&, std::optional<llvm::Reloc::Model>, std::optional<llvm::CodeModel::Model>, llvm::CodeGenOptLevel, bool) const /usr/lib/llvm-20/include/llvm/MC/TargetRegistry.h:462:12
    #9 0x55ca9163a09e in tsc::TargetRegistry::initializeAllTargets() /workspace/src/TargetRegistry.cpp:67:41
    #10 0x55ca9162bdcd in tsc::Compiler::initializeLLVM() /workspace/src/Compiler.cpp:349:14
    #11 0x55ca9162b8b7 in tsc::Compiler::Compiler(tsc::CompilerOptions const&) /workspace/src/Compiler.cpp:24:5
    #12 0x55ca915fd7b5 in main /workspace/src/main.cpp:191:18
    #13 0x7ff5c395a337  (/lib/x86_64-linux-gnu/libc.so.6+0x2a337) (BuildId: 467f544f15035abef911999cbc14489edd0555ab)
    #14 0x7ff5c395a3fa in __libc_start_main (/lib/x86_64-linux-gnu/libc.so.6+0x2a3fa) (BuildId: 467f544f15035abef911999cbc14489edd0555ab)
    #15 0x55ca91511b64 in _start (/workspace/build-asan/tsc+0x74b64) (BuildId: 73a10d7cc646a755f705b0ae57418e68578aec2f)

Indirect leak of 176 byte(s) in 2 object(s) allocated from:
    #0 0x55ca915fa191 in operator new(unsigned long) (/workspace/build-asan/tsc+0x15d191) (BuildId: 73a10d7cc646a755f705b0ae57418e68578aec2f)
    #1 0x7ff5c59b7232  (/usr/lib/llvm-20/lib/libLLVM.so.20.1+0x1a9b232) (BuildId: b856c61f98abf0989f157f153740fe0fadfbb760)
    #2 0x7ff5c6f3998b  (/usr/lib/llvm-20/lib/libLLVM.so.20.1+0x301d98b) (BuildId: b856c61f98abf0989f157f153740fe0fadfbb760)
    #3 0x7ff5c6f398a6  (/usr/lib/llvm-20/lib/libLLVM.so.20.1+0x301d8a6) (BuildId: b856c61f98abf0989f157f153740fe0fadfbb760)
    #4 0x7ff5c7b29336  (/usr/lib/llvm-20/lib/libLLVM.so.20.1+0x3c0d336) (BuildId: b856c61f98abf0989f157f153740fe0fadfbb760)
    #5 0x7ff5c7b6091a  (/usr/lib/llvm-20/lib/libLLVM.so.20.1+0x3c4491a) (BuildId: b856c61f98abf0989f157f153740fe0fadfbb760)
    #6 0x7ff5c7b61a19  (/usr/lib/llvm-20/lib/libLLVM.so.20.1+0x3c45a19) (BuildId: b856c61f98abf0989f157f153740fe0fadfbb760)
    #7 0x7ff5c7b62a6c  (/usr/lib/llvm-20/lib/libLLVM.so.20.1+0x3c46a6c) (BuildId: b856c61f98abf0989f157f153740fe0fadfbb760)
    #8 0x55ca91648523 in llvm::Target::createTargetMachine(llvm::StringRef, llvm::StringRef, llvm::StringRef, llvm::TargetOptions const&, std::optional<llvm::Reloc::Model>, std::optional<llvm::CodeModel::Model>, llvm::CodeGenOptLevel, bool) const /usr/lib/llvm-20/include/llvm/MC/TargetRegistry.h:462:12
    #9 0x55ca9163a09e in tsc::TargetRegistry::initializeAllTargets() /workspace/src/TargetRegistry.cpp:67:41
    #10 0x55ca9162bdcd in tsc::Compiler::initializeLLVM() /workspace/src/Compiler.cpp:349:14
    #11 0x55ca9162b8b7 in tsc::Compiler::Compiler(tsc::CompilerOptions const&) /workspace/src/Compiler.cpp:24:5
    #12 0x55ca915fd7b5 in main /workspace/src/main.cpp:191:18
    #13 0x7ff5c395a337  (/lib/x86_64-linux-gnu/libc.so.6+0x2a337) (BuildId: 467f544f15035abef911999cbc14489edd0555ab)
    #14 0x7ff5c395a3fa in __libc_start_main (/lib/x86_64-linux-gnu/libc.so.6+0x2a3fa) (BuildId: 467f544f15035abef911999cbc14489edd0555ab)
    #15 0x55ca91511b64 in _start (/workspace/build-asan/tsc+0x74b64) (BuildId: 73a10d7cc646a755f705b0ae57418e68578aec2f)

Indirect leak of 176 byte(s) in 2 object(s) allocated from:
    #0 0x55ca915fa191 in operator new(unsigned long) (/workspace/build-asan/tsc+0x15d191) (BuildId: 73a10d7cc646a755f705b0ae57418e68578aec2f)
    #1 0x7ff5c59b7232  (/usr/lib/llvm-20/lib/libLLVM.so.20.1+0x1a9b232) (BuildId: b856c61f98abf0989f157f153740fe0fadfbb760)
    #2 0x7ff5c6f3998b  (/usr/lib/llvm-20/lib/libLLVM.so.20.1+0x301d98b) (BuildId: b856c61f98abf0989f157f153740fe0fadfbb760)
    #3 0x7ff5c6f398a6  (/usr/lib/llvm-20/lib/libLLVM.so.20.1+0x301d8a6) (BuildId: b856c61f98abf0989f157f153740fe0fadfbb760)
    #4 0x7ff5c7b28e38  (/usr/lib/llvm-20/lib/libLLVM.so.20.1+0x3c0ce38) (BuildId: b856c61f98abf0989f157f153740fe0fadfbb760)
    #5 0x7ff5c7b6091a  (/usr/lib/llvm-20/lib/libLLVM.so.20.1+0x3c4491a) (BuildId: b856c61f98abf0989f157f153740fe0fadfbb760)
    #6 0x7ff5c7b61a19  (/usr/lib/llvm-20/lib/libLLVM.so.20.1+0x3c45a19) (BuildId: b856c61f98abf0989f157f153740fe0fadfbb760)
    #7 0x7ff5c7b62a6c  (/usr/lib/llvm-20/lib/libLLVM.so.20.1+0x3c46a6c) (BuildId: b856c61f98abf0989f157f153740fe0fadfbb760)
    #8 0x55ca91648523 in llvm::Target::createTargetMachine(llvm::StringRef, llvm::StringRef, llvm::StringRef, llvm::TargetOptions const&, std::optional<llvm::Reloc::Model>, std::optional<llvm::CodeModel::Model>, llvm::CodeGenOptLevel, bool) const /usr/lib/llvm-20/include/llvm/MC/TargetRegistry.h:462:12
    #9 0x55ca9163a09e in tsc::TargetRegistry::initializeAllTargets() /workspace/src/TargetRegistry.cpp:67:41
    #10 0x55ca9162bdcd in tsc::Compiler::initializeLLVM() /workspace/src/Compiler.cpp:349:14
    #11 0x55ca9162b8b7 in tsc::Compiler::Compiler(tsc::CompilerOptions const&) /workspace/src/Compiler.cpp:24:5
    #12 0x55ca915fd7b5 in main /workspace/src/main.cpp:191:18
    #13 0x7ff5c395a337  (/lib/x86_64-linux-gnu/libc.so.6+0x2a337) (BuildId: 467f544f15035abef911999cbc14489edd0555ab)
    #14 0x7ff5c395a3fa in __libc_start_main (/lib/x86_64-linux-gnu/libc.so.6+0x2a3fa) (BuildId: 467f544f15035abef911999cbc14489edd0555ab)
    #15 0x55ca91511b64 in _start (/workspace/build-asan/tsc+0x74b64) (BuildId: 73a10d7cc646a755f705b0ae57418e68578aec2f)

Indirect leak of 176 byte(s) in 2 object(s) allocated from:
    #0 0x55ca915fa191 in operator new(unsigned long) (/workspace/build-asan/tsc+0x15d191) (BuildId: 73a10d7cc646a755f705b0ae57418e68578aec2f)
    #1 0x7ff5c59b7232  (/usr/lib/llvm-20/lib/libLLVM.so.20.1+0x1a9b232) (BuildId: b856c61f98abf0989f157f153740fe0fadfbb760)
    #2 0x7ff5c6f3998b  (/usr/lib/llvm-20/lib/libLLVM.so.20.1+0x301d98b) (BuildId: b856c61f98abf0989f157f153740fe0fadfbb760)
    #3 0x7ff5c6f398a6  (/usr/lib/llvm-20/lib/libLLVM.so.20.1+0x301d8a6) (BuildId: b856c61f98abf0989f157f153740fe0fadfbb760)
    #4 0x7ff5c7b28ae5  (/usr/lib/llvm-20/lib/libLLVM.so.20.1+0x3c0cae5) (BuildId: b856c61f98abf0989f157f153740fe0fadfbb760)
    #5 0x7ff5c7b6091a  (/usr/lib/llvm-20/lib/libLLVM.so.20.1+0x3c4491a) (BuildId: b856c61f98abf0989f157f153740fe0fadfbb760)
    #6 0x7ff5c7b61a19  (/usr/lib/llvm-20/lib/libLLVM.so.20.1+0x3c45a19) (BuildId: b856c61f98abf0989f157f153740fe0fadfbb760)
    #7 0x7ff5c7b62a6c  (/usr/lib/llvm-20/lib/libLLVM.so.20.1+0x3c46a6c) (BuildId: b856c61f98abf0989f157f153740fe0fadfbb760)
    #8 0x55ca91648523 in llvm::Target::createTargetMachine(llvm::StringRef, llvm::StringRef, llvm::StringRef, llvm::TargetOptions const&, std::optional<llvm::Reloc::Model>, std::optional<llvm::CodeModel::Model>, llvm::CodeGenOptLevel, bool) const /usr/lib/llvm-20/include/llvm/MC/TargetRegistry.h:462:12
    #9 0x55ca9163a09e in tsc::TargetRegistry::initializeAllTargets() /workspace/src/TargetRegistry.cpp:67:41
    #10 0x55ca9162bdcd in tsc::Compiler::initializeLLVM() /workspace/src/Compiler.cpp:349:14
    #11 0x55ca9162b8b7 in tsc::Compiler::Compiler(tsc::CompilerOptions const&) /workspace/src/Compiler.cpp:24:5
    #12 0x55ca915fd7b5 in main /workspace/src/main.cpp:191:18
    #13 0x7ff5c395a337  (/lib/x86_64-linux-gnu/libc.so.6+0x2a337) (BuildId: 467f544f15035abef911999cbc14489edd0555ab)
    #14 0x7ff5c395a3fa in __libc_start_main (/lib/x86_64-linux-gnu/libc.so.6+0x2a3fa) (BuildId: 467f544f15035abef911999cbc14489edd0555ab)
    #15 0x55ca91511b64 in _start (/workspace/build-asan/tsc+0x74b64) (BuildId: 73a10d7cc646a755f705b0ae57418e68578aec2f)

Indirect leak of 176 byte(s) in 2 object(s) allocated from:
    #0 0x55ca915fa191 in operator new(unsigned long) (/workspace/build-asan/tsc+0x15d191) (BuildId: 73a10d7cc646a755f705b0ae57418e68578aec2f)
    #1 0x7ff5c59b7232  (/usr/lib/llvm-20/lib/libLLVM.so.20.1+0x1a9b232) (BuildId: b856c61f98abf0989f157f153740fe0fadfbb760)
    #2 0x7ff5c6f3998b  (/usr/lib/llvm-20/lib/libLLVM.so.20.1+0x301d98b) (BuildId: b856c61f98abf0989f157f153740fe0fadfbb760)
    #3 0x7ff5c6f398a6  (/usr/lib/llvm-20/lib/libLLVM.so.20.1+0x301d8a6) (BuildId: b856c61f98abf0989f157f153740fe0fadfbb760)
    #4 0x7ff5c7b28a80  (/usr/lib/llvm-20/lib/libLLVM.so.20.1+0x3c0ca80) (BuildId: b856c61f98abf0989f157f153740fe0fadfbb760)
    #5 0x7ff5c7b6091a  (/usr/lib/llvm-20/lib/libLLVM.so.20.1+0x3c4491a) (BuildId: b856c61f98abf0989f157f153740fe0fadfbb760)
    #6 0x7ff5c7b61a19  (/usr/lib/llvm-20/lib/libLLVM.so.20.1+0x3c45a19) (BuildId: b856c61f98abf0989f157f153740fe0fadfbb760)
    #7 0x7ff5c7b62a6c  (/usr/lib/llvm-20/lib/libLLVM.so.20.1+0x3c46a6c) (BuildId: b856c61f98abf0989f157f153740fe0fadfbb760)
    #8 0x55ca91648523 in llvm::Target::createTargetMachine(llvm::StringRef, llvm::StringRef, llvm::StringRef, llvm::TargetOptions const&, std::optional<llvm::Reloc::Model>, std::optional<llvm::CodeModel::Model>, llvm::CodeGenOptLevel, bool) const /usr/lib/llvm-20/include/llvm/MC/TargetRegistry.h:462:12
    #9 0x55ca9163a09e in tsc::TargetRegistry::initializeAllTargets() /workspace/src/TargetRegistry.cpp:67:41
    #10 0x55ca9162bdcd in tsc::Compiler::initializeLLVM() /workspace/src/Compiler.cpp:349:14
    #11 0x55ca9162b8b7 in tsc::Compiler::Compiler(tsc::CompilerOptions const&) /workspace/src/Compiler.cpp:24:5
    #12 0x55ca915fd7b5 in main /workspace/src/main.cpp:191:18
    #13 0x7ff5c395a337  (/lib/x86_64-linux-gnu/libc.so.6+0x2a337) (BuildId: 467f544f15035abef911999cbc14489edd0555ab)
    #14 0x7ff5c395a3fa in __libc_start_main (/lib/x86_64-linux-gnu/libc.so.6+0x2a3fa) (BuildId: 467f544f15035abef911999cbc14489edd0555ab)
    #15 0x55ca91511b64 in _start (/workspace/build-asan/tsc+0x74b64) (BuildId: 73a10d7cc646a755f705b0ae57418e68578aec2f)

Indirect leak of 176 byte(s) in 2 object(s) allocated from:
    #0 0x55ca915fa191 in operator new(unsigned long) (/workspace/build-asan/tsc+0x15d191) (BuildId: 73a10d7cc646a755f705b0ae57418e68578aec2f)
    #1 0x7ff5c59b7232  (/usr/lib/llvm-20/lib/libLLVM.so.20.1+0x1a9b232) (BuildId: b856c61f98abf0989f157f153740fe0fadfbb760)
    #2 0x7ff5c6f3998b  (/usr/lib/llvm-20/lib/libLLVM.so.20.1+0x301d98b) (BuildId: b856c61f98abf0989f157f153740fe0fadfbb760)
    #3 0x7ff5c6f398a6  (/usr/lib/llvm-20/lib/libLLVM.so.20.1+0x301d8a6) (BuildId: b856c61f98abf0989f157f153740fe0fadfbb760)
    #4 0x7ff5c7b2867b  (/usr/lib/llvm-20/lib/libLLVM.so.20.1+0x3c0c67b) (BuildId: b856c61f98abf0989f157f153740fe0fadfbb760)
    #5 0x7ff5c7b6091a  (/usr/lib/llvm-20/lib/libLLVM.so.20.1+0x3c4491a) (BuildId: b856c61f98abf0989f157f153740fe0fadfbb760)
    #6 0x7ff5c7b61a19  (/usr/lib/llvm-20/lib/libLLVM.so.20.1+0x3c45a19) (BuildId: b856c61f98abf0989f157f153740fe0fadfbb760)
    #7 0x7ff5c7b62a6c  (/usr/lib/llvm-20/lib/libLLVM.so.20.1+0x3c46a6c) (BuildId: b856c61f98abf0989f157f153740fe0fadfbb760)
    #8 0x55ca91648523 in llvm::Target::createTargetMachine(llvm::StringRef, llvm::StringRef, llvm::StringRef, llvm::TargetOptions const&, std::optional<llvm::Reloc::Model>, std::optional<llvm::CodeModel::Model>, llvm::CodeGenOptLevel, bool) const /usr/lib/llvm-20/include/llvm/MC/TargetRegistry.h:462:12
    #9 0x55ca9163a09e in tsc::TargetRegistry::initializeAllTargets() /workspace/src/TargetRegistry.cpp:67:41
    #10 0x55ca9162bdcd in tsc::Compiler::initializeLLVM() /workspace/src/Compiler.cpp:349:14
    #11 0x55ca9162b8b7 in tsc::Compiler::Compiler(tsc::CompilerOptions const&) /workspace/src/Compiler.cpp:24:5
    #12 0x55ca915fd7b5 in main /workspace/src/main.cpp:191:18
    #13 0x7ff5c395a337  (/lib/x86_64-linux-gnu/libc.so.6+0x2a337) (BuildId: 467f544f15035abef911999cbc14489edd0555ab)
    #14 0x7ff5c395a3fa in __libc_start_main (/lib/x86_64-linux-gnu/libc.so.6+0x2a3fa) (BuildId: 467f544f15035abef911999cbc14489edd0555ab)
    #15 0x55ca91511b64 in _start (/workspace/build-asan/tsc+0x74b64) (BuildId: 73a10d7cc646a755f705b0ae57418e68578aec2f)

Indirect leak of 176 byte(s) in 2 object(s) allocated from:
    #0 0x55ca915fa191 in operator new(unsigned long) (/workspace/build-asan/tsc+0x15d191) (BuildId: 73a10d7cc646a755f705b0ae57418e68578aec2f)
    #1 0x7ff5c59b7232  (/usr/lib/llvm-20/lib/libLLVM.so.20.1+0x1a9b232) (BuildId: b856c61f98abf0989f157f153740fe0fadfbb760)
    #2 0x7ff5c6f3998b  (/usr/lib/llvm-20/lib/libLLVM.so.20.1+0x301d98b) (BuildId: b856c61f98abf0989f157f153740fe0fadfbb760)
    #3 0x7ff5c6f398a6  (/usr/lib/llvm-20/lib/libLLVM.so.20.1+0x301d8a6) (BuildId: b856c61f98abf0989f157f153740fe0fadfbb760)
    #4 0x7ff5c7b2939b  (/usr/lib/llvm-20/lib/libLLVM.so.20.1+0x3c0d39b) (BuildId: b856c61f98abf0989f157f153740fe0fadfbb760)
    #5 0x7ff5c7b6091a  (/usr/lib/llvm-20/lib/libLLVM.so.20.1+0x3c4491a) (BuildId: b856c61f98abf0989f157f153740fe0fadfbb760)
    #6 0x7ff5c7b61a19  (/usr/lib/llvm-20/lib/libLLVM.so.20.1+0x3c45a19) (BuildId: b856c61f98abf0989f157f153740fe0fadfbb760)
    #7 0x7ff5c7b62a6c  (/usr/lib/llvm-20/lib/libLLVM.so.20.1+0x3c46a6c) (BuildId: b856c61f98abf0989f157f153740fe0fadfbb760)
    #8 0x55ca91648523 in llvm::Target::createTargetMachine(llvm::StringRef, llvm::StringRef, llvm::StringRef, llvm::TargetOptions const&, std::optional<llvm::Reloc::Model>, std::optional<llvm::CodeModel::Model>, llvm::CodeGenOptLevel, bool) const /usr/lib/llvm-20/include/llvm/MC/TargetRegistry.h:462:12
    #9 0x55ca9163a09e in tsc::TargetRegistry::initializeAllTargets() /workspace/src/TargetRegistry.cpp:67:41
    #10 0x55ca9162bdcd in tsc::Compiler::initializeLLVM() /workspace/src/Compiler.cpp:349:14
    #11 0x55ca9162b8b7 in tsc::Compiler::Compiler(tsc::CompilerOptions const&) /workspace/src/Compiler.cpp:24:5
    #12 0x55ca915fd7b5 in main /workspace/src/main.cpp:191:18
    #13 0x7ff5c395a337  (/lib/x86_64-linux-gnu/libc.so.6+0x2a337) (BuildId: 467f544f15035abef911999cbc14489edd0555ab)
    #14 0x7ff5c395a3fa in __libc_start_main (/lib/x86_64-linux-gnu/libc.so.6+0x2a3fa) (BuildId: 467f544f15035abef911999cbc14489edd0555ab)
    #15 0x55ca91511b64 in _start (/workspace/build-asan/tsc+0x74b64) (BuildId: 73a10d7cc646a755f705b0ae57418e68578aec2f)

Indirect leak of 176 byte(s) in 2 object(s) allocated from:
    #0 0x55ca915fa191 in operator new(unsigned long) (/workspace/build-asan/tsc+0x15d191) (BuildId: 73a10d7cc646a755f705b0ae57418e68578aec2f)
    #1 0x7ff5c59b7232  (/usr/lib/llvm-20/lib/libLLVM.so.20.1+0x1a9b232) (BuildId: b856c61f98abf0989f157f153740fe0fadfbb760)
    #2 0x7ff5c6f3998b  (/usr/lib/llvm-20/lib/libLLVM.so.20.1+0x301d98b) (BuildId: b856c61f98abf0989f157f153740fe0fadfbb760)
    #3 0x7ff5c6f398a6  (/usr/lib/llvm-20/lib/libLLVM.so.20.1+0x301d8a6) (BuildId: b856c61f98abf0989f157f153740fe0fadfbb760)
    #4 0x7ff5c7b29b91  (/usr/lib/llvm-20/lib/libLLVM.so.20.1+0x3c0db91) (BuildId: b856c61f98abf0989f157f153740fe0fadfbb760)
    #5 0x7ff5c7b6091a  (/usr/lib/llvm-20/lib/libLLVM.so.20.1+0x3c4491a) (BuildId: b856c61f98abf0989f157f153740fe0fadfbb760)
    #6 0x7ff5c7b6188a  (/usr/lib/llvm-20/lib/libLLVM.so.20.1+0x3c4588a) (BuildId: b856c61f98abf0989f157f153740fe0fadfbb760)
    #7 0x7ff5c7b62a6c  (/usr/lib/llvm-20/lib/libLLVM.so.20.1+0x3c46a6c) (BuildId: b856c61f98abf0989f157f153740fe0fadfbb760)
    #8 0x55ca91648523 in llvm::Target::createTargetMachine(llvm::StringRef, llvm::StringRef, llvm::StringRef, llvm::TargetOptions const&, std::optional<llvm::Reloc::Model>, std::optional<llvm::CodeModel::Model>, llvm::CodeGenOptLevel, bool) const /usr/lib/llvm-20/include/llvm/MC/TargetRegistry.h:462:12
    #9 0x55ca9163a09e in tsc::TargetRegistry::initializeAllTargets() /workspace/src/TargetRegistry.cpp:67:41
    #10 0x55ca9162bdcd in tsc::Compiler::initializeLLVM() /workspace/src/Compiler.cpp:349:14
    #11 0x55ca9162b8b7 in tsc::Compiler::Compiler(tsc::CompilerOptions const&) /workspace/src/Compiler.cpp:24:5
    #12 0x55ca915fd7b5 in main /workspace/src/main.cpp:191:18
    #13 0x7ff5c395a337  (/lib/x86_64-linux-gnu/libc.so.6+0x2a337) (BuildId: 467f544f15035abef911999cbc14489edd0555ab)
    #14 0x7ff5c395a3fa in __libc_start_main (/lib/x86_64-linux-gnu/libc.so.6+0x2a3fa) (BuildId: 467f544f15035abef911999cbc14489edd0555ab)
    #15 0x55ca91511b64 in _start (/workspace/build-asan/tsc+0x74b64) (BuildId: 73a10d7cc646a755f705b0ae57418e68578aec2f)

Indirect leak of 176 byte(s) in 2 object(s) allocated from:
    #0 0x55ca915fa191 in operator new(unsigned long) (/workspace/build-asan/tsc+0x15d191) (BuildId: 73a10d7cc646a755f705b0ae57418e68578aec2f)
    #1 0x7ff5c59b7232  (/usr/lib/llvm-20/lib/libLLVM.so.20.1+0x1a9b232) (BuildId: b856c61f98abf0989f157f153740fe0fadfbb760)
    #2 0x7ff5c6f3998b  (/usr/lib/llvm-20/lib/libLLVM.so.20.1+0x301d98b) (BuildId: b856c61f98abf0989f157f153740fe0fadfbb760)
    #3 0x7ff5c6f398a6  (/usr/lib/llvm-20/lib/libLLVM.so.20.1+0x301d8a6) (BuildId: b856c61f98abf0989f157f153740fe0fadfbb760)
    #4 0x7ff5c7b29aa8  (/usr/lib/llvm-20/lib/libLLVM.so.20.1+0x3c0daa8) (BuildId: b856c61f98abf0989f157f153740fe0fadfbb760)
    #5 0x7ff5c7b6091a  (/usr/lib/llvm-20/lib/libLLVM.so.20.1+0x3c4491a) (BuildId: b856c61f98abf0989f157f153740fe0fadfbb760)
    #6 0x7ff5c7b6188a  (/usr/lib/llvm-20/lib/libLLVM.so.20.1+0x3c4588a) (BuildId: b856c61f98abf0989f157f153740fe0fadfbb760)
    #7 0x7ff5c7b62a6c  (/usr/lib/llvm-20/lib/libLLVM.so.20.1+0x3c46a6c) (BuildId: b856c61f98abf0989f157f153740fe0fadfbb760)
    #8 0x55ca91648523 in llvm::Target::createTargetMachine(llvm::StringRef, llvm::StringRef, llvm::StringRef, llvm::TargetOptions const&, std::optional<llvm::Reloc::Model>, std::optional<llvm::CodeModel::Model>, llvm::CodeGenOptLevel, bool) const /usr/lib/llvm-20/include/llvm/MC/TargetRegistry.h:462:12
    #9 0x55ca9163a09e in tsc::TargetRegistry::initializeAllTargets() /workspace/src/TargetRegistry.cpp:67:41
    #10 0x55ca9162bdcd in tsc::Compiler::initializeLLVM() /workspace/src/Compiler.cpp:349:14
    #11 0x55ca9162b8b7 in tsc::Compiler::Compiler(tsc::CompilerOptions const&) /workspace/src/Compiler.cpp:24:5
    #12 0x55ca915fd7b5 in main /workspace/src/main.cpp:191:18
    #13 0x7ff5c395a337  (/lib/x86_64-linux-gnu/libc.so.6+0x2a337) (BuildId: 467f544f15035abef911999cbc14489edd0555ab)
    #14 0x7ff5c395a3fa in __libc_start_main (/lib/x86_64-linux-gnu/libc.so.6+0x2a3fa) (BuildId: 467f544f15035abef911999cbc14489edd0555ab)
    #15 0x55ca91511b64 in _start (/workspace/build-asan/tsc+0x74b64) (BuildId: 73a10d7cc646a755f705b0ae57418e68578aec2f)

Indirect leak of 176 byte(s) in 2 object(s) allocated from:
    #0 0x55ca915fa191 in operator new(unsigned long) (/workspace/build-asan/tsc+0x15d191) (BuildId: 73a10d7cc646a755f705b0ae57418e68578aec2f)
    #1 0x7ff5c59b7232  (/usr/lib/llvm-20/lib/libLLVM.so.20.1+0x1a9b232) (BuildId: b856c61f98abf0989f157f153740fe0fadfbb760)
    #2 0x7ff5c6f3998b  (/usr/lib/llvm-20/lib/libLLVM.so.20.1+0x301d98b) (BuildId: b856c61f98abf0989f157f153740fe0fadfbb760)
    #3 0x7ff5c6f398a6  (/usr/lib/llvm-20/lib/libLLVM.so.20.1+0x301d8a6) (BuildId: b856c61f98abf0989f157f153740fe0fadfbb760)
    #4 0x7ff5c7b29882  (/usr/lib/llvm-20/lib/libLLVM.so.20.1+0x3c0d882) (BuildId: b856c61f98abf0989f157f153740fe0fadfbb760)
    #5 0x7ff5c7b6091a  (/usr/lib/llvm-20/lib/libLLVM.so.20.1+0x3c4491a) (BuildId: b856c61f98abf0989f157f153740fe0fadfbb760)
    #6 0x7ff5c7b6188a  (/usr/lib/llvm-20/lib/libLLVM.so.20.1+0x3c4588a) (BuildId: b856c61f98abf0989f157f153740fe0fadfbb760)
    #7 0x7ff5c7b62a6c  (/usr/lib/llvm-20/lib/libLLVM.so.20.1+0x3c46a6c) (BuildId: b856c61f98abf0989f157f153740fe0fadfbb760)
    #8 0x55ca91648523 in llvm::Target::createTargetMachine(llvm::StringRef, llvm::StringRef, llvm::StringRef, llvm::TargetOptions const&, std::optional<llvm::Reloc::Model>, std::optional<llvm::CodeModel::Model>, llvm::CodeGenOptLevel, bool) const /usr/lib/llvm-20/include/llvm/MC/TargetRegistry.h:462:12
    #9 0x55ca9163a09e in tsc::TargetRegistry::initializeAllTargets() /workspace/src/TargetRegistry.cpp:67:41
    #10 0x55ca9162bdcd in tsc::Compiler::initializeLLVM() /workspace/src/Compiler.cpp:349:14
    #11 0x55ca9162b8b7 in tsc::Compiler::Compiler(tsc::CompilerOptions const&) /workspace/src/Compiler.cpp:24:5
    #12 0x55ca915fd7b5 in main /workspace/src/main.cpp:191:18
    #13 0x7ff5c395a337  (/lib/x86_64-linux-gnu/libc.so.6+0x2a337) (BuildId: 467f544f15035abef911999cbc14489edd0555ab)
    #14 0x7ff5c395a3fa in __libc_start_main (/lib/x86_64-linux-gnu/libc.so.6+0x2a3fa) (BuildId: 467f544f15035abef911999cbc14489edd0555ab)
    #15 0x55ca91511b64 in _start (/workspace/build-asan/tsc+0x74b64) (BuildId: 73a10d7cc646a755f705b0ae57418e68578aec2f)

Indirect leak of 176 byte(s) in 2 object(s) allocated from:
    #0 0x55ca915fa191 in operator new(unsigned long) (/workspace/build-asan/tsc+0x15d191) (BuildId: 73a10d7cc646a755f705b0ae57418e68578aec2f)
    #1 0x7ff5c59b7232  (/usr/lib/llvm-20/lib/libLLVM.so.20.1+0x1a9b232) (BuildId: b856c61f98abf0989f157f153740fe0fadfbb760)
    #2 0x7ff5c6f3998b  (/usr/lib/llvm-20/lib/libLLVM.so.20.1+0x301d98b) (BuildId: b856c61f98abf0989f157f153740fe0fadfbb760)
    #3 0x7ff5c6f398a6  (/usr/lib/llvm-20/lib/libLLVM.so.20.1+0x301d8a6) (BuildId: b856c61f98abf0989f157f153740fe0fadfbb760)
    #4 0x7ff5c7b296b8  (/usr/lib/llvm-20/lib/libLLVM.so.20.1+0x3c0d6b8) (BuildId: b856c61f98abf0989f157f153740fe0fadfbb760)
    #5 0x7ff5c7b6091a  (/usr/lib/llvm-20/lib/libLLVM.so.20.1+0x3c4491a) (BuildId: b856c61f98abf0989f157f153740fe0fadfbb760)
    #6 0x7ff5c7b61a19  (/usr/lib/llvm-20/lib/libLLVM.so.20.1+0x3c45a19) (BuildId: b856c61f98abf0989f157f153740fe0fadfbb760)
    #7 0x7ff5c7b62a6c  (/usr/lib/llvm-20/lib/libLLVM.so.20.1+0x3c46a6c) (BuildId: b856c61f98abf0989f157f153740fe0fadfbb760)
    #8 0x55ca91648523 in llvm::Target::createTargetMachine(llvm::StringRef, llvm::StringRef, llvm::StringRef, llvm::TargetOptions const&, std::optional<llvm::Reloc::Model>, std::optional<llvm::CodeModel::Model>, llvm::CodeGenOptLevel, bool) const /usr/lib/llvm-20/include/llvm/MC/TargetRegistry.h:462:12
    #9 0x55ca9163a09e in tsc::TargetRegistry::initializeAllTargets() /workspace/src/TargetRegistry.cpp:67:41
    #10 0x55ca9162bdcd in tsc::Compiler::initializeLLVM() /workspace/src/Compiler.cpp:349:14
    #11 0x55ca9162b8b7 in tsc::Compiler::Compiler(tsc::CompilerOptions const&) /workspace/src/Compiler.cpp:24:5
    #12 0x55ca915fd7b5 in main /workspace/src/main.cpp:191:18
    #13 0x7ff5c395a337  (/lib/x86_64-linux-gnu/libc.so.6+0x2a337) (BuildId: 467f544f15035abef911999cbc14489edd0555ab)
    #14 0x7ff5c395a3fa in __libc_start_main (/lib/x86_64-linux-gnu/libc.so.6+0x2a3fa) (BuildId: 467f544f15035abef911999cbc14489edd0555ab)
    #15 0x55ca91511b64 in _start (/workspace/build-asan/tsc+0x74b64) (BuildId: 73a10d7cc646a755f705b0ae57418e68578aec2f)

Indirect leak of 176 byte(s) in 2 object(s) allocated from:
    #0 0x55ca915fa191 in operator new(unsigned long) (/workspace/build-asan/tsc+0x15d191) (BuildId: 73a10d7cc646a755f705b0ae57418e68578aec2f)
    #1 0x7ff5c59b7232  (/usr/lib/llvm-20/lib/libLLVM.so.20.1+0x1a9b232) (BuildId: b856c61f98abf0989f157f153740fe0fadfbb760)
    #2 0x7ff5c6f3998b  (/usr/lib/llvm-20/lib/libLLVM.so.20.1+0x301d98b) (BuildId: b856c61f98abf0989f157f153740fe0fadfbb760)
    #3 0x7ff5c6f398a6  (/usr/lib/llvm-20/lib/libLLVM.so.20.1+0x301d8a6) (BuildId: b856c61f98abf0989f157f153740fe0fadfbb760)
    #4 0x7ff5c7b29794  (/usr/lib/llvm-20/lib/libLLVM.so.20.1+0x3c0d794) (BuildId: b856c61f98abf0989f157f153740fe0fadfbb760)
    #5 0x7ff5c7b6091a  (/usr/lib/llvm-20/lib/libLLVM.so.20.1+0x3c4491a) (BuildId: b856c61f98abf0989f157f153740fe0fadfbb760)
    #6 0x7ff5c7b6188a  (/usr/lib/llvm-20/lib/libLLVM.so.20.1+0x3c4588a) (BuildId: b856c61f98abf0989f157f153740fe0fadfbb760)
    #7 0x7ff5c7b62a6c  (/usr/lib/llvm-20/lib/libLLVM.so.20.1+0x3c46a6c) (BuildId: b856c61f98abf0989f157f153740fe0fadfbb760)
    #8 0x55ca91648523 in llvm::Target::createTargetMachine(llvm::StringRef, llvm::StringRef, llvm::StringRef, llvm::TargetOptions const&, std::optional<llvm::Reloc::Model>, std::optional<llvm::CodeModel::Model>, llvm::CodeGenOptLevel, bool) const /usr/lib/llvm-20/include/llvm/MC/TargetRegistry.h:462:12
    #9 0x55ca9163a09e in tsc::TargetRegistry::initializeAllTargets() /workspace/src/TargetRegistry.cpp:67:41
    #10 0x55ca9162bdcd in tsc::Compiler::initializeLLVM() /workspace/src/Compiler.cpp:349:14
    #11 0x55ca9162b8b7 in tsc::Compiler::Compiler(tsc::CompilerOptions const&) /workspace/src/Compiler.cpp:24:5
    #12 0x55ca915fd7b5 in main /workspace/src/main.cpp:191:18
    #13 0x7ff5c395a337  (/lib/x86_64-linux-gnu/libc.so.6+0x2a337) (BuildId: 467f544f15035abef911999cbc14489edd0555ab)
    #14 0x7ff5c395a3fa in __libc_start_main (/lib/x86_64-linux-gnu/libc.so.6+0x2a3fa) (BuildId: 467f544f15035abef911999cbc14489edd0555ab)
    #15 0x55ca91511b64 in _start (/workspace/build-asan/tsc+0x74b64) (BuildId: 73a10d7cc646a755f705b0ae57418e68578aec2f)

Indirect leak of 176 byte(s) in 2 object(s) allocated from:
    #0 0x55ca915fa191 in operator new(unsigned long) (/workspace/build-asan/tsc+0x15d191) (BuildId: 73a10d7cc646a755f705b0ae57418e68578aec2f)
    #1 0x7ff5c59b7232  (/usr/lib/llvm-20/lib/libLLVM.so.20.1+0x1a9b232) (BuildId: b856c61f98abf0989f157f153740fe0fadfbb760)
    #2 0x7ff5c6f3998b  (/usr/lib/llvm-20/lib/libLLVM.so.20.1+0x301d98b) (BuildId: b856c61f98abf0989f157f153740fe0fadfbb760)
    #3 0x7ff5c6f398a6  (/usr/lib/llvm-20/lib/libLLVM.so.20.1+0x301d8a6) (BuildId: b856c61f98abf0989f157f153740fe0fadfbb760)
    #4 0x7ff5c7b296b8  (/usr/lib/llvm-20/lib/libLLVM.so.20.1+0x3c0d6b8) (BuildId: b856c61f98abf0989f157f153740fe0fadfbb760)
    #5 0x7ff5c7b6091a  (/usr/lib/llvm-20/lib/libLLVM.so.20.1+0x3c4491a) (BuildId: b856c61f98abf0989f157f153740fe0fadfbb760)
    #6 0x7ff5c7b6188a  (/usr/lib/llvm-20/lib/libLLVM.so.20.1+0x3c4588a) (BuildId: b856c61f98abf0989f157f153740fe0fadfbb760)
    #7 0x7ff5c7b62a6c  (/usr/lib/llvm-20/lib/libLLVM.so.20.1+0x3c46a6c) (BuildId: b856c61f98abf0989f157f153740fe0fadfbb760)
    #8 0x55ca91648523 in llvm::Target::createTargetMachine(llvm::StringRef, llvm::StringRef, llvm::StringRef, llvm::TargetOptions const&, std::optional<llvm::Reloc::Model>, std::optional<llvm::CodeModel::Model>, llvm::CodeGenOptLevel, bool) const /usr/lib/llvm-20/include/llvm/MC/TargetRegistry.h:462:12
    #9 0x55ca9163a09e in tsc::TargetRegistry::initializeAllTargets() /workspace/src/TargetRegistry.cpp:67:41
    #10 0x55ca9162bdcd in tsc::Compiler::initializeLLVM() /workspace/src/Compiler.cpp:349:14
    #11 0x55ca9162b8b7 in tsc::Compiler::Compiler(tsc::CompilerOptions const&) /workspace/src/Compiler.cpp:24:5
    #12 0x55ca915fd7b5 in main /workspace/src/main.cpp:191:18
    #13 0x7ff5c395a337  (/lib/x86_64-linux-gnu/libc.so.6+0x2a337) (BuildId: 467f544f15035abef911999cbc14489edd0555ab)
    #14 0x7ff5c395a3fa in __libc_start_main (/lib/x86_64-linux-gnu/libc.so.6+0x2a3fa) (BuildId: 467f544f15035abef911999cbc14489edd0555ab)
    #15 0x55ca91511b64 in _start (/workspace/build-asan/tsc+0x74b64) (BuildId: 73a10d7cc646a755f705b0ae57418e68578aec2f)

Indirect leak of 176 byte(s) in 2 object(s) allocated from:
    #0 0x55ca915fa191 in operator new(unsigned long) (/workspace/build-asan/tsc+0x15d191) (BuildId: 73a10d7cc646a755f705b0ae57418e68578aec2f)
    #1 0x7ff5c59b7232  (/usr/lib/llvm-20/lib/libLLVM.so.20.1+0x1a9b232) (BuildId: b856c61f98abf0989f157f153740fe0fadfbb760)
    #2 0x7ff5c6f3998b  (/usr/lib/llvm-20/lib/libLLVM.so.20.1+0x301d98b) (BuildId: b856c61f98abf0989f157f153740fe0fadfbb760)
    #3 0x7ff5c6f398a6  (/usr/lib/llvm-20/lib/libLLVM.so.20.1+0x301d8a6) (BuildId: b856c61f98abf0989f157f153740fe0fadfbb760)
    #4 0x7ff5c7b29794  (/usr/lib/llvm-20/lib/libLLVM.so.20.1+0x3c0d794) (BuildId: b856c61f98abf0989f157f153740fe0fadfbb760)
    #5 0x7ff5c7b6091a  (/usr/lib/llvm-20/lib/libLLVM.so.20.1+0x3c4491a) (BuildId: b856c61f98abf0989f157f153740fe0fadfbb760)
    #6 0x7ff5c7b61a19  (/usr/lib/llvm-20/lib/libLLVM.so.20.1+0x3c45a19) (BuildId: b856c61f98abf0989f157f153740fe0fadfbb760)
    #7 0x7ff5c7b62a6c  (/usr/lib/llvm-20/lib/libLLVM.so.20.1+0x3c46a6c) (BuildId: b856c61f98abf0989f157f153740fe0fadfbb760)
    #8 0x55ca91648523 in llvm::Target::createTargetMachine(llvm::StringRef, llvm::StringRef, llvm::StringRef, llvm::TargetOptions const&, std::optional<llvm::Reloc::Model>, std::optional<llvm::CodeModel::Model>, llvm::CodeGenOptLevel, bool) const /usr/lib/llvm-20/include/llvm/MC/TargetRegistry.h:462:12
    #9 0x55ca9163a09e in tsc::TargetRegistry::initializeAllTargets() /workspace/src/TargetRegistry.cpp:67:41
    #10 0x55ca9162bdcd in tsc::Compiler::initializeLLVM() /workspace/src/Compiler.cpp:349:14
    #11 0x55ca9162b8b7 in tsc::Compiler::Compiler(tsc::CompilerOptions const&) /workspace/src/Compiler.cpp:24:5
    #12 0x55ca915fd7b5 in main /workspace/src/main.cpp:191:18
    #13 0x7ff5c395a337  (/lib/x86_64-linux-gnu/libc.so.6+0x2a337) (BuildId: 467f544f15035abef911999cbc14489edd0555ab)
    #14 0x7ff5c395a3fa in __libc_start_main (/lib/x86_64-linux-gnu/libc.so.6+0x2a3fa) (BuildId: 467f544f15035abef911999cbc14489edd0555ab)
    #15 0x55ca91511b64 in _start (/workspace/build-asan/tsc+0x74b64) (BuildId: 73a10d7cc646a755f705b0ae57418e68578aec2f)

Indirect leak of 176 byte(s) in 2 object(s) allocated from:
    #0 0x55ca915fa191 in operator new(unsigned long) (/workspace/build-asan/tsc+0x15d191) (BuildId: 73a10d7cc646a755f705b0ae57418e68578aec2f)
    #1 0x7ff5c59b7232  (/usr/lib/llvm-20/lib/libLLVM.so.20.1+0x1a9b232) (BuildId: b856c61f98abf0989f157f153740fe0fadfbb760)
    #2 0x7ff5c6f3998b  (/usr/lib/llvm-20/lib/libLLVM.so.20.1+0x301d98b) (BuildId: b856c61f98abf0989f157f153740fe0fadfbb760)
    #3 0x7ff5c6f398a6  (/usr/lib/llvm-20/lib/libLLVM.so.20.1+0x301d8a6) (BuildId: b856c61f98abf0989f157f153740fe0fadfbb760)
    #4 0x7ff5c7b2939b  (/usr/lib/llvm-20/lib/libLLVM.so.20.1+0x3c0d39b) (BuildId: b856c61f98abf0989f157f153740fe0fadfbb760)
    #5 0x7ff5c7b6091a  (/usr/lib/llvm-20/lib/libLLVM.so.20.1+0x3c4491a) (BuildId: b856c61f98abf0989f157f153740fe0fadfbb760)
    #6 0x7ff5c7b6188a  (/usr/lib/llvm-20/lib/libLLVM.so.20.1+0x3c4588a) (BuildId: b856c61f98abf0989f157f153740fe0fadfbb760)
    #7 0x7ff5c7b62a6c  (/usr/lib/llvm-20/lib/libLLVM.so.20.1+0x3c46a6c) (BuildId: b856c61f98abf0989f157f153740fe0fadfbb760)
    #8 0x55ca91648523 in llvm::Target::createTargetMachine(llvm::StringRef, llvm::StringRef, llvm::StringRef, llvm::TargetOptions const&, std::optional<llvm::Reloc::Model>, std::optional<llvm::CodeModel::Model>, llvm::CodeGenOptLevel, bool) const /usr/lib/llvm-20/include/llvm/MC/TargetRegistry.h:462:12
    #9 0x55ca9163a09e in tsc::TargetRegistry::initializeAllTargets() /workspace/src/TargetRegistry.cpp:67:41
    #10 0x55ca9162bdcd in tsc::Compiler::initializeLLVM() /workspace/src/Compiler.cpp:349:14
    #11 0x55ca9162b8b7 in tsc::Compiler::Compiler(tsc::CompilerOptions const&) /workspace/src/Compiler.cpp:24:5
    #12 0x55ca915fd7b5 in main /workspace/src/main.cpp:191:18
    #13 0x7ff5c395a337  (/lib/x86_64-linux-gnu/libc.so.6+0x2a337) (BuildId: 467f544f15035abef911999cbc14489edd0555ab)
    #14 0x7ff5c395a3fa in __libc_start_main (/lib/x86_64-linux-gnu/libc.so.6+0x2a3fa) (BuildId: 467f544f15035abef911999cbc14489edd0555ab)
    #15 0x55ca91511b64 in _start (/workspace/build-asan/tsc+0x74b64) (BuildId: 73a10d7cc646a755f705b0ae57418e68578aec2f)

Indirect leak of 176 byte(s) in 2 object(s) allocated from:
    #0 0x55ca915fa191 in operator new(unsigned long) (/workspace/build-asan/tsc+0x15d191) (BuildId: 73a10d7cc646a755f705b0ae57418e68578aec2f)
    #1 0x7ff5c59b7232  (/usr/lib/llvm-20/lib/libLLVM.so.20.1+0x1a9b232) (BuildId: b856c61f98abf0989f157f153740fe0fadfbb760)
    #2 0x7ff5c6f3998b  (/usr/lib/llvm-20/lib/libLLVM.so.20.1+0x301d98b) (BuildId: b856c61f98abf0989f157f153740fe0fadfbb760)
    #3 0x7ff5c6f398a6  (/usr/lib/llvm-20/lib/libLLVM.so.20.1+0x301d8a6) (BuildId: b856c61f98abf0989f157f153740fe0fadfbb760)
    #4 0x7ff5c7b29336  (/usr/lib/llvm-20/lib/libLLVM.so.20.1+0x3c0d336) (BuildId: b856c61f98abf0989f157f153740fe0fadfbb760)
    #5 0x7ff5c7b6091a  (/usr/lib/llvm-20/lib/libLLVM.so.20.1+0x3c4491a) (BuildId: b856c61f98abf0989f157f153740fe0fadfbb760)
    #6 0x7ff5c7b6188a  (/usr/lib/llvm-20/lib/libLLVM.so.20.1+0x3c4588a) (BuildId: b856c61f98abf0989f157f153740fe0fadfbb760)
    #7 0x7ff5c7b62a6c  (/usr/lib/llvm-20/lib/libLLVM.so.20.1+0x3c46a6c) (BuildId: b856c61f98abf0989f157f153740fe0fadfbb760)
    #8 0x55ca91648523 in llvm::Target::createTargetMachine(llvm::StringRef, llvm::StringRef, llvm::StringRef, llvm::TargetOptions const&, std::optional<llvm::Reloc::Model>, std::optional<llvm::CodeModel::Model>, llvm::CodeGenOptLevel, bool) const /usr/lib/llvm-20/include/llvm/MC/TargetRegistry.h:462:12
    #9 0x55ca9163a09e in tsc::TargetRegistry::initializeAllTargets() /workspace/src/TargetRegistry.cpp:67:41
    #10 0x55ca9162bdcd in tsc::Compiler::initializeLLVM() /workspace/src/Compiler.cpp:349:14
    #11 0x55ca9162b8b7 in tsc::Compiler::Compiler(tsc::CompilerOptions const&) /workspace/src/Compiler.cpp:24:5
    #12 0x55ca915fd7b5 in main /workspace/src/main.cpp:191:18
    #13 0x7ff5c395a337  (/lib/x86_64-linux-gnu/libc.so.6+0x2a337) (BuildId: 467f544f15035abef911999cbc14489edd0555ab)
    #14 0x7ff5c395a3fa in __libc_start_main (/lib/x86_64-linux-gnu/libc.so.6+0x2a3fa) (BuildId: 467f544f15035abef911999cbc14489edd0555ab)
    #15 0x55ca91511b64 in _start (/workspace/build-asan/tsc+0x74b64) (BuildId: 73a10d7cc646a755f705b0ae57418e68578aec2f)

Indirect leak of 176 byte(s) in 2 object(s) allocated from:
    #0 0x55ca915fa191 in operator new(unsigned long) (/workspace/build-asan/tsc+0x15d191) (BuildId: 73a10d7cc646a755f705b0ae57418e68578aec2f)
    #1 0x7ff5c59b7232  (/usr/lib/llvm-20/lib/libLLVM.so.20.1+0x1a9b232) (BuildId: b856c61f98abf0989f157f153740fe0fadfbb760)
    #2 0x7ff5c6f3998b  (/usr/lib/llvm-20/lib/libLLVM.so.20.1+0x301d98b) (BuildId: b856c61f98abf0989f157f153740fe0fadfbb760)
    #3 0x7ff5c6f398a6  (/usr/lib/llvm-20/lib/libLLVM.so.20.1+0x301d8a6) (BuildId: b856c61f98abf0989f157f153740fe0fadfbb760)
    #4 0x7ff5c7b2919e  (/usr/lib/llvm-20/lib/libLLVM.so.20.1+0x3c0d19e) (BuildId: b856c61f98abf0989f157f153740fe0fadfbb760)
    #5 0x7ff5c7b6091a  (/usr/lib/llvm-20/lib/libLLVM.so.20.1+0x3c4491a) (BuildId: b856c61f98abf0989f157f153740fe0fadfbb760)
    #6 0x7ff5c7b6188a  (/usr/lib/llvm-20/lib/libLLVM.so.20.1+0x3c4588a) (BuildId: b856c61f98abf0989f157f153740fe0fadfbb760)
    #7 0x7ff5c7b62a6c  (/usr/lib/llvm-20/lib/libLLVM.so.20.1+0x3c46a6c) (BuildId: b856c61f98abf0989f157f153740fe0fadfbb760)
    #8 0x55ca91648523 in llvm::Target::createTargetMachine(llvm::StringRef, llvm::StringRef, llvm::StringRef, llvm::TargetOptions const&, std::optional<llvm::Reloc::Model>, std::optional<llvm::CodeModel::Model>, llvm::CodeGenOptLevel, bool) const /usr/lib/llvm-20/include/llvm/MC/TargetRegistry.h:462:12
    #9 0x55ca9163a09e in tsc::TargetRegistry::initializeAllTargets() /workspace/src/TargetRegistry.cpp:67:41
    #10 0x55ca9162bdcd in tsc::Compiler::initializeLLVM() /workspace/src/Compiler.cpp:349:14
    #11 0x55ca9162b8b7 in tsc::Compiler::Compiler(tsc::CompilerOptions const&) /workspace/src/Compiler.cpp:24:5
    #12 0x55ca915fd7b5 in main /workspace/src/main.cpp:191:18
    #13 0x7ff5c395a337  (/lib/x86_64-linux-gnu/libc.so.6+0x2a337) (BuildId: 467f544f15035abef911999cbc14489edd0555ab)
    #14 0x7ff5c395a3fa in __libc_start_main (/lib/x86_64-linux-gnu/libc.so.6+0x2a3fa) (BuildId: 467f544f15035abef911999cbc14489edd0555ab)
    #15 0x55ca91511b64 in _start (/workspace/build-asan/tsc+0x74b64) (BuildId: 73a10d7cc646a755f705b0ae57418e68578aec2f)

Indirect leak of 176 byte(s) in 2 object(s) allocated from:
    #0 0x55ca915fa191 in operator new(unsigned long) (/workspace/build-asan/tsc+0x15d191) (BuildId: 73a10d7cc646a755f705b0ae57418e68578aec2f)
    #1 0x7ff5c59b7232  (/usr/lib/llvm-20/lib/libLLVM.so.20.1+0x1a9b232) (BuildId: b856c61f98abf0989f157f153740fe0fadfbb760)
    #2 0x7ff5c6f3998b  (/usr/lib/llvm-20/lib/libLLVM.so.20.1+0x301d98b) (BuildId: b856c61f98abf0989f157f153740fe0fadfbb760)
    #3 0x7ff5c6f398a6  (/usr/lib/llvm-20/lib/libLLVM.so.20.1+0x301d8a6) (BuildId: b856c61f98abf0989f157f153740fe0fadfbb760)
    #4 0x7ff5c7b2919e  (/usr/lib/llvm-20/lib/libLLVM.so.20.1+0x3c0d19e) (BuildId: b856c61f98abf0989f157f153740fe0fadfbb760)
    #5 0x7ff5c7b6091a  (/usr/lib/llvm-20/lib/libLLVM.so.20.1+0x3c4491a) (BuildId: b856c61f98abf0989f157f153740fe0fadfbb760)
    #6 0x7ff5c7b61a19  (/usr/lib/llvm-20/lib/libLLVM.so.20.1+0x3c45a19) (BuildId: b856c61f98abf0989f157f153740fe0fadfbb760)
    #7 0x7ff5c7b62a6c  (/usr/lib/llvm-20/lib/libLLVM.so.20.1+0x3c46a6c) (BuildId: b856c61f98abf0989f157f153740fe0fadfbb760)
    #8 0x55ca91648523 in llvm::Target::createTargetMachine(llvm::StringRef, llvm::StringRef, llvm::StringRef, llvm::TargetOptions const&, std::optional<llvm::Reloc::Model>, std::optional<llvm::CodeModel::Model>, llvm::CodeGenOptLevel, bool) const /usr/lib/llvm-20/include/llvm/MC/TargetRegistry.h:462:12
    #9 0x55ca9163a09e in tsc::TargetRegistry::initializeAllTargets() /workspace/src/TargetRegistry.cpp:67:41
    #10 0x55ca9162bdcd in tsc::Compiler::initializeLLVM() /workspace/src/Compiler.cpp:349:14
    #11 0x55ca9162b8b7 in tsc::Compiler::Compiler(tsc::CompilerOptions const&) /workspace/src/Compiler.cpp:24:5
    #12 0x55ca915fd7b5 in main /workspace/src/main.cpp:191:18
    #13 0x7ff5c395a337  (/lib/x86_64-linux-gnu/libc.so.6+0x2a337) (BuildId: 467f544f15035abef911999cbc14489edd0555ab)
    #14 0x7ff5c395a3fa in __libc_start_main (/lib/x86_64-linux-gnu/libc.so.6+0x2a3fa) (BuildId: 467f544f15035abef911999cbc14489edd0555ab)
    #15 0x55ca91511b64 in _start (/workspace/build-asan/tsc+0x74b64) (BuildId: 73a10d7cc646a755f705b0ae57418e68578aec2f)

Indirect leak of 176 byte(s) in 2 object(s) allocated from:
    #0 0x55ca915fa191 in operator new(unsigned long) (/workspace/build-asan/tsc+0x15d191) (BuildId: 73a10d7cc646a755f705b0ae57418e68578aec2f)
    #1 0x7ff5c59b7232  (/usr/lib/llvm-20/lib/libLLVM.so.20.1+0x1a9b232) (BuildId: b856c61f98abf0989f157f153740fe0fadfbb760)
    #2 0x7ff5c6f3998b  (/usr/lib/llvm-20/lib/libLLVM.so.20.1+0x301d98b) (BuildId: b856c61f98abf0989f157f153740fe0fadfbb760)
    #3 0x7ff5c6f398a6  (/usr/lib/llvm-20/lib/libLLVM.so.20.1+0x301d8a6) (BuildId: b856c61f98abf0989f157f153740fe0fadfbb760)
    #4 0x7ff5c7b28ae5  (/usr/lib/llvm-20/lib/libLLVM.so.20.1+0x3c0cae5) (BuildId: b856c61f98abf0989f157f153740fe0fadfbb760)
    #5 0x7ff5c7b6091a  (/usr/lib/llvm-20/lib/libLLVM.so.20.1+0x3c4491a) (BuildId: b856c61f98abf0989f157f153740fe0fadfbb760)
    #6 0x7ff5c7b6188a  (/usr/lib/llvm-20/lib/libLLVM.so.20.1+0x3c4588a) (BuildId: b856c61f98abf0989f157f153740fe0fadfbb760)
    #7 0x7ff5c7b62a6c  (/usr/lib/llvm-20/lib/libLLVM.so.20.1+0x3c46a6c) (BuildId: b856c61f98abf0989f157f153740fe0fadfbb760)
    #8 0x55ca91648523 in llvm::Target::createTargetMachine(llvm::StringRef, llvm::StringRef, llvm::StringRef, llvm::TargetOptions const&, std::optional<llvm::Reloc::Model>, std::optional<llvm::CodeModel::Model>, llvm::CodeGenOptLevel, bool) const /usr/lib/llvm-20/include/llvm/MC/TargetRegistry.h:462:12
    #9 0x55ca9163a09e in tsc::TargetRegistry::initializeAllTargets() /workspace/src/TargetRegistry.cpp:67:41
    #10 0x55ca9162bdcd in tsc::Compiler::initializeLLVM() /workspace/src/Compiler.cpp:349:14
    #11 0x55ca9162b8b7 in tsc::Compiler::Compiler(tsc::CompilerOptions const&) /workspace/src/Compiler.cpp:24:5
    #12 0x55ca915fd7b5 in main /workspace/src/main.cpp:191:18
    #13 0x7ff5c395a337  (/lib/x86_64-linux-gnu/libc.so.6+0x2a337) (BuildId: 467f544f15035abef911999cbc14489edd0555ab)
    #14 0x7ff5c395a3fa in __libc_start_main (/lib/x86_64-linux-gnu/libc.so.6+0x2a3fa) (BuildId: 467f544f15035abef911999cbc14489edd0555ab)
    #15 0x55ca91511b64 in _start (/workspace/build-asan/tsc+0x74b64) (BuildId: 73a10d7cc646a755f705b0ae57418e68578aec2f)

Indirect leak of 176 byte(s) in 2 object(s) allocated from:
    #0 0x55ca915fa191 in operator new(unsigned long) (/workspace/build-asan/tsc+0x15d191) (BuildId: 73a10d7cc646a755f705b0ae57418e68578aec2f)
    #1 0x7ff5c59b7232  (/usr/lib/llvm-20/lib/libLLVM.so.20.1+0x1a9b232) (BuildId: b856c61f98abf0989f157f153740fe0fadfbb760)
    #2 0x7ff5c6f3998b  (/usr/lib/llvm-20/lib/libLLVM.so.20.1+0x301d98b) (BuildId: b856c61f98abf0989f157f153740fe0fadfbb760)
    #3 0x7ff5c6f398a6  (/usr/lib/llvm-20/lib/libLLVM.so.20.1+0x301d8a6) (BuildId: b856c61f98abf0989f157f153740fe0fadfbb760)
    #4 0x7ff5c7b2867b  (/usr/lib/llvm-20/lib/libLLVM.so.20.1+0x3c0c67b) (BuildId: b856c61f98abf0989f157f153740fe0fadfbb760)
    #5 0x7ff5c7b6091a  (/usr/lib/llvm-20/lib/libLLVM.so.20.1+0x3c4491a) (BuildId: b856c61f98abf0989f157f153740fe0fadfbb760)
    #6 0x7ff5c7b6188a  (/usr/lib/llvm-20/lib/libLLVM.so.20.1+0x3c4588a) (BuildId: b856c61f98abf0989f157f153740fe0fadfbb760)
    #7 0x7ff5c7b62a6c  (/usr/lib/llvm-20/lib/libLLVM.so.20.1+0x3c46a6c) (BuildId: b856c61f98abf0989f157f153740fe0fadfbb760)
    #8 0x55ca91648523 in llvm::Target::createTargetMachine(llvm::StringRef, llvm::StringRef, llvm::StringRef, llvm::TargetOptions const&, std::optional<llvm::Reloc::Model>, std::optional<llvm::CodeModel::Model>, llvm::CodeGenOptLevel, bool) const /usr/lib/llvm-20/include/llvm/MC/TargetRegistry.h:462:12
    #9 0x55ca9163a09e in tsc::TargetRegistry::initializeAllTargets() /workspace/src/TargetRegistry.cpp:67:41
    #10 0x55ca9162bdcd in tsc::Compiler::initializeLLVM() /workspace/src/Compiler.cpp:349:14
    #11 0x55ca9162b8b7 in tsc::Compiler::Compiler(tsc::CompilerOptions const&) /workspace/src/Compiler.cpp:24:5
    #12 0x55ca915fd7b5 in main /workspace/src/main.cpp:191:18
    #13 0x7ff5c395a337  (/lib/x86_64-linux-gnu/libc.so.6+0x2a337) (BuildId: 467f544f15035abef911999cbc14489edd0555ab)
    #14 0x7ff5c395a3fa in __libc_start_main (/lib/x86_64-linux-gnu/libc.so.6+0x2a3fa) (BuildId: 467f544f15035abef911999cbc14489edd0555ab)
    #15 0x55ca91511b64 in _start (/workspace/build-asan/tsc+0x74b64) (BuildId: 73a10d7cc646a755f705b0ae57418e68578aec2f)

Indirect leak of 176 byte(s) in 2 object(s) allocated from:
    #0 0x55ca915fa191 in operator new(unsigned long) (/workspace/build-asan/tsc+0x15d191) (BuildId: 73a10d7cc646a755f705b0ae57418e68578aec2f)
    #1 0x7ff5c59b7232  (/usr/lib/llvm-20/lib/libLLVM.so.20.1+0x1a9b232) (BuildId: b856c61f98abf0989f157f153740fe0fadfbb760)
    #2 0x7ff5c6f3998b  (/usr/lib/llvm-20/lib/libLLVM.so.20.1+0x301d98b) (BuildId: b856c61f98abf0989f157f153740fe0fadfbb760)
    #3 0x7ff5c6f398a6  (/usr/lib/llvm-20/lib/libLLVM.so.20.1+0x301d8a6) (BuildId: b856c61f98abf0989f157f153740fe0fadfbb760)
    #4 0x7ff5c7b29b91  (/usr/lib/llvm-20/lib/libLLVM.so.20.1+0x3c0db91) (BuildId: b856c61f98abf0989f157f153740fe0fadfbb760)
    #5 0x7ff5c7b6091a  (/usr/lib/llvm-20/lib/libLLVM.so.20.1+0x3c4491a) (BuildId: b856c61f98abf0989f157f153740fe0fadfbb760)
    #6 0x7ff5c7b61a19  (/usr/lib/llvm-20/lib/libLLVM.so.20.1+0x3c45a19) (BuildId: b856c61f98abf0989f157f153740fe0fadfbb760)
    #7 0x7ff5c7b62a6c  (/usr/lib/llvm-20/lib/libLLVM.so.20.1+0x3c46a6c) (BuildId: b856c61f98abf0989f157f153740fe0fadfbb760)
    #8 0x55ca91648523 in llvm::Target::createTargetMachine(llvm::StringRef, llvm::StringRef, llvm::StringRef, llvm::TargetOptions const&, std::optional<llvm::Reloc::Model>, std::optional<llvm::CodeModel::Model>, llvm::CodeGenOptLevel, bool) const /usr/lib/llvm-20/include/llvm/MC/TargetRegistry.h:462:12
    #9 0x55ca9163a09e in tsc::TargetRegistry::initializeAllTargets() /workspace/src/TargetRegistry.cpp:67:41
    #10 0x55ca9162bdcd in tsc::Compiler::initializeLLVM() /workspace/src/Compiler.cpp:349:14
    #11 0x55ca9162b8b7 in tsc::Compiler::Compiler(tsc::CompilerOptions const&) /workspace/src/Compiler.cpp:24:5
    #12 0x55ca915fd7b5 in main /workspace/src/main.cpp:191:18
    #13 0x7ff5c395a337  (/lib/x86_64-linux-gnu/libc.so.6+0x2a337) (BuildId: 467f544f15035abef911999cbc14489edd0555ab)
    #14 0x7ff5c395a3fa in __libc_start_main (/lib/x86_64-linux-gnu/libc.so.6+0x2a3fa) (BuildId: 467f544f15035abef911999cbc14489edd0555ab)
    #15 0x55ca91511b64 in _start (/workspace/build-asan/tsc+0x74b64) (BuildId: 73a10d7cc646a755f705b0ae57418e68578aec2f)

Indirect leak of 176 byte(s) in 2 object(s) allocated from:
    #0 0x55ca915fa191 in operator new(unsigned long) (/workspace/build-asan/tsc+0x15d191) (BuildId: 73a10d7cc646a755f705b0ae57418e68578aec2f)
    #1 0x7ff5c59b7232  (/usr/lib/llvm-20/lib/libLLVM.so.20.1+0x1a9b232) (BuildId: b856c61f98abf0989f157f153740fe0fadfbb760)
    #2 0x7ff5c6f3998b  (/usr/lib/llvm-20/lib/libLLVM.so.20.1+0x301d98b) (BuildId: b856c61f98abf0989f157f153740fe0fadfbb760)
    #3 0x7ff5c6f398a6  (/usr/lib/llvm-20/lib/libLLVM.so.20.1+0x301d8a6) (BuildId: b856c61f98abf0989f157f153740fe0fadfbb760)
    #4 0x7ff5c7b29bf6  (/usr/lib/llvm-20/lib/libLLVM.so.20.1+0x3c0dbf6) (BuildId: b856c61f98abf0989f157f153740fe0fadfbb760)
    #5 0x7ff5c7b6091a  (/usr/lib/llvm-20/lib/libLLVM.so.20.1+0x3c4491a) (BuildId: b856c61f98abf0989f157f153740fe0fadfbb760)
    #6 0x7ff5c7b61710  (/usr/lib/llvm-20/lib/libLLVM.so.20.1+0x3c45710) (BuildId: b856c61f98abf0989f157f153740fe0fadfbb760)
    #7 0x7ff5c7b62a6c  (/usr/lib/llvm-20/lib/libLLVM.so.20.1+0x3c46a6c) (BuildId: b856c61f98abf0989f157f153740fe0fadfbb760)
    #8 0x55ca91648523 in llvm::Target::createTargetMachine(llvm::StringRef, llvm::StringRef, llvm::StringRef, llvm::TargetOptions const&, std::optional<llvm::Reloc::Model>, std::optional<llvm::CodeModel::Model>, llvm::CodeGenOptLevel, bool) const /usr/lib/llvm-20/include/llvm/MC/TargetRegistry.h:462:12
    #9 0x55ca9163a09e in tsc::TargetRegistry::initializeAllTargets() /workspace/src/TargetRegistry.cpp:67:41
    #10 0x55ca9162bdcd in tsc::Compiler::initializeLLVM() /workspace/src/Compiler.cpp:349:14
    #11 0x55ca9162b8b7 in tsc::Compiler::Compiler(tsc::CompilerOptions const&) /workspace/src/Compiler.cpp:24:5
    #12 0x55ca915fd7b5 in main /workspace/src/main.cpp:191:18
    #13 0x7ff5c395a337  (/lib/x86_64-linux-gnu/libc.so.6+0x2a337) (BuildId: 467f544f15035abef911999cbc14489edd0555ab)
    #14 0x7ff5c395a3fa in __libc_start_main (/lib/x86_64-linux-gnu/libc.so.6+0x2a3fa) (BuildId: 467f544f15035abef911999cbc14489edd0555ab)
    #15 0x55ca91511b64 in _start (/workspace/build-asan/tsc+0x74b64) (BuildId: 73a10d7cc646a755f705b0ae57418e68578aec2f)

Indirect leak of 176 byte(s) in 2 object(s) allocated from:
    #0 0x55ca915fa191 in operator new(unsigned long) (/workspace/build-asan/tsc+0x15d191) (BuildId: 73a10d7cc646a755f705b0ae57418e68578aec2f)
    #1 0x7ff5c59b7232  (/usr/lib/llvm-20/lib/libLLVM.so.20.1+0x1a9b232) (BuildId: b856c61f98abf0989f157f153740fe0fadfbb760)
    #2 0x7ff5c6f3998b  (/usr/lib/llvm-20/lib/libLLVM.so.20.1+0x301d98b) (BuildId: b856c61f98abf0989f157f153740fe0fadfbb760)
    #3 0x7ff5c6f398a6  (/usr/lib/llvm-20/lib/libLLVM.so.20.1+0x301d8a6) (BuildId: b856c61f98abf0989f157f153740fe0fadfbb760)
    #4 0x7ff5c7b29b91  (/usr/lib/llvm-20/lib/libLLVM.so.20.1+0x3c0db91) (BuildId: b856c61f98abf0989f157f153740fe0fadfbb760)
    #5 0x7ff5c7b6091a  (/usr/lib/llvm-20/lib/libLLVM.so.20.1+0x3c4491a) (BuildId: b856c61f98abf0989f157f153740fe0fadfbb760)
    #6 0x7ff5c7b61710  (/usr/lib/llvm-20/lib/libLLVM.so.20.1+0x3c45710) (BuildId: b856c61f98abf0989f157f153740fe0fadfbb760)
    #7 0x7ff5c7b62a6c  (/usr/lib/llvm-20/lib/libLLVM.so.20.1+0x3c46a6c) (BuildId: b856c61f98abf0989f157f153740fe0fadfbb760)
    #8 0x55ca91648523 in llvm::Target::createTargetMachine(llvm::StringRef, llvm::StringRef, llvm::StringRef, llvm::TargetOptions const&, std::optional<llvm::Reloc::Model>, std::optional<llvm::CodeModel::Model>, llvm::CodeGenOptLevel, bool) const /usr/lib/llvm-20/include/llvm/MC/TargetRegistry.h:462:12
    #9 0x55ca9163a09e in tsc::TargetRegistry::initializeAllTargets() /workspace/src/TargetRegistry.cpp:67:41
    #10 0x55ca9162bdcd in tsc::Compiler::initializeLLVM() /workspace/src/Compiler.cpp:349:14
    #11 0x55ca9162b8b7 in tsc::Compiler::Compiler(tsc::CompilerOptions const&) /workspace/src/Compiler.cpp:24:5
    #12 0x55ca915fd7b5 in main /workspace/src/main.cpp:191:18
    #13 0x7ff5c395a337  (/lib/x86_64-linux-gnu/libc.so.6+0x2a337) (BuildId: 467f544f15035abef911999cbc14489edd0555ab)
    #14 0x7ff5c395a3fa in __libc_start_main (/lib/x86_64-linux-gnu/libc.so.6+0x2a3fa) (BuildId: 467f544f15035abef911999cbc14489edd0555ab)
    #15 0x55ca91511b64 in _start (/workspace/build-asan/tsc+0x74b64) (BuildId: 73a10d7cc646a755f705b0ae57418e68578aec2f)

Indirect leak of 176 byte(s) in 2 object(s) allocated from:
    #0 0x55ca915fa191 in operator new(unsigned long) (/workspace/build-asan/tsc+0x15d191) (BuildId: 73a10d7cc646a755f705b0ae57418e68578aec2f)
    #1 0x7ff5c59b7232  (/usr/lib/llvm-20/lib/libLLVM.so.20.1+0x1a9b232) (BuildId: b856c61f98abf0989f157f153740fe0fadfbb760)
    #2 0x7ff5c6f3998b  (/usr/lib/llvm-20/lib/libLLVM.so.20.1+0x301d98b) (BuildId: b856c61f98abf0989f157f153740fe0fadfbb760)
    #3 0x7ff5c6f398a6  (/usr/lib/llvm-20/lib/libLLVM.so.20.1+0x301d8a6) (BuildId: b856c61f98abf0989f157f153740fe0fadfbb760)
    #4 0x7ff5c7b29aa8  (/usr/lib/llvm-20/lib/libLLVM.so.20.1+0x3c0daa8) (BuildId: b856c61f98abf0989f157f153740fe0fadfbb760)
    #5 0x7ff5c7b6091a  (/usr/lib/llvm-20/lib/libLLVM.so.20.1+0x3c4491a) (BuildId: b856c61f98abf0989f157f153740fe0fadfbb760)
    #6 0x7ff5c7b61710  (/usr/lib/llvm-20/lib/libLLVM.so.20.1+0x3c45710) (BuildId: b856c61f98abf0989f157f153740fe0fadfbb760)
    #7 0x7ff5c7b62a6c  (/usr/lib/llvm-20/lib/libLLVM.so.20.1+0x3c46a6c) (BuildId: b856c61f98abf0989f157f153740fe0fadfbb760)
    #8 0x55ca91648523 in llvm::Target::createTargetMachine(llvm::StringRef, llvm::StringRef, llvm::StringRef, llvm::TargetOptions const&, std::optional<llvm::Reloc::Model>, std::optional<llvm::CodeModel::Model>, llvm::CodeGenOptLevel, bool) const /usr/lib/llvm-20/include/llvm/MC/TargetRegistry.h:462:12
    #9 0x55ca9163a09e in tsc::TargetRegistry::initializeAllTargets() /workspace/src/TargetRegistry.cpp:67:41
    #10 0x55ca9162bdcd in tsc::Compiler::initializeLLVM() /workspace/src/Compiler.cpp:349:14
    #11 0x55ca9162b8b7 in tsc::Compiler::Compiler(tsc::CompilerOptions const&) /workspace/src/Compiler.cpp:24:5
    #12 0x55ca915fd7b5 in main /workspace/src/main.cpp:191:18
    #13 0x7ff5c395a337  (/lib/x86_64-linux-gnu/libc.so.6+0x2a337) (BuildId: 467f544f15035abef911999cbc14489edd0555ab)
    #14 0x7ff5c395a3fa in __libc_start_main (/lib/x86_64-linux-gnu/libc.so.6+0x2a3fa) (BuildId: 467f544f15035abef911999cbc14489edd0555ab)
    #15 0x55ca91511b64 in _start (/workspace/build-asan/tsc+0x74b64) (BuildId: 73a10d7cc646a755f705b0ae57418e68578aec2f)

Indirect leak of 176 byte(s) in 2 object(s) allocated from:
    #0 0x55ca915fa191 in operator new(unsigned long) (/workspace/build-asan/tsc+0x15d191) (BuildId: 73a10d7cc646a755f705b0ae57418e68578aec2f)
    #1 0x7ff5c59b7232  (/usr/lib/llvm-20/lib/libLLVM.so.20.1+0x1a9b232) (BuildId: b856c61f98abf0989f157f153740fe0fadfbb760)
    #2 0x7ff5c6f3998b  (/usr/lib/llvm-20/lib/libLLVM.so.20.1+0x301d98b) (BuildId: b856c61f98abf0989f157f153740fe0fadfbb760)
    #3 0x7ff5c6f398a6  (/usr/lib/llvm-20/lib/libLLVM.so.20.1+0x301d8a6) (BuildId: b856c61f98abf0989f157f153740fe0fadfbb760)
    #4 0x7ff5c7b29882  (/usr/lib/llvm-20/lib/libLLVM.so.20.1+0x3c0d882) (BuildId: b856c61f98abf0989f157f153740fe0fadfbb760)
    #5 0x7ff5c7b6091a  (/usr/lib/llvm-20/lib/libLLVM.so.20.1+0x3c4491a) (BuildId: b856c61f98abf0989f157f153740fe0fadfbb760)
    #6 0x7ff5c7b61a19  (/usr/lib/llvm-20/lib/libLLVM.so.20.1+0x3c45a19) (BuildId: b856c61f98abf0989f157f153740fe0fadfbb760)
    #7 0x7ff5c7b62a6c  (/usr/lib/llvm-20/lib/libLLVM.so.20.1+0x3c46a6c) (BuildId: b856c61f98abf0989f157f153740fe0fadfbb760)
    #8 0x55ca91648523 in llvm::Target::createTargetMachine(llvm::StringRef, llvm::StringRef, llvm::StringRef, llvm::TargetOptions const&, std::optional<llvm::Reloc::Model>, std::optional<llvm::CodeModel::Model>, llvm::CodeGenOptLevel, bool) const /usr/lib/llvm-20/include/llvm/MC/TargetRegistry.h:462:12
    #9 0x55ca9163a09e in tsc::TargetRegistry::initializeAllTargets() /workspace/src/TargetRegistry.cpp:67:41
    #10 0x55ca9162bdcd in tsc::Compiler::initializeLLVM() /workspace/src/Compiler.cpp:349:14
    #11 0x55ca9162b8b7 in tsc::Compiler::Compiler(tsc::CompilerOptions const&) /workspace/src/Compiler.cpp:24:5
    #12 0x55ca915fd7b5 in main /workspace/src/main.cpp:191:18
    #13 0x7ff5c395a337  (/lib/x86_64-linux-gnu/libc.so.6+0x2a337) (BuildId: 467f544f15035abef911999cbc14489edd0555ab)
    #14 0x7ff5c395a3fa in __libc_start_main (/lib/x86_64-linux-gnu/libc.so.6+0x2a3fa) (BuildId: 467f544f15035abef911999cbc14489edd0555ab)
    #15 0x55ca91511b64 in _start (/workspace/build-asan/tsc+0x74b64) (BuildId: 73a10d7cc646a755f705b0ae57418e68578aec2f)

Indirect leak of 176 byte(s) in 2 object(s) allocated from:
    #0 0x55ca915fa191 in operator new(unsigned long) (/workspace/build-asan/tsc+0x15d191) (BuildId: 73a10d7cc646a755f705b0ae57418e68578aec2f)
    #1 0x7ff5c59b7232  (/usr/lib/llvm-20/lib/libLLVM.so.20.1+0x1a9b232) (BuildId: b856c61f98abf0989f157f153740fe0fadfbb760)
    #2 0x7ff5c6f3998b  (/usr/lib/llvm-20/lib/libLLVM.so.20.1+0x301d98b) (BuildId: b856c61f98abf0989f157f153740fe0fadfbb760)
    #3 0x7ff5c6f398a6  (/usr/lib/llvm-20/lib/libLLVM.so.20.1+0x301d8a6) (BuildId: b856c61f98abf0989f157f153740fe0fadfbb760)
    #4 0x7ff5c7b29824  (/usr/lib/llvm-20/lib/libLLVM.so.20.1+0x3c0d824) (BuildId: b856c61f98abf0989f157f153740fe0fadfbb760)
    #5 0x7ff5c7b6091a  (/usr/lib/llvm-20/lib/libLLVM.so.20.1+0x3c4491a) (BuildId: b856c61f98abf0989f157f153740fe0fadfbb760)
    #6 0x7ff5c7b61710  (/usr/lib/llvm-20/lib/libLLVM.so.20.1+0x3c45710) (BuildId: b856c61f98abf0989f157f153740fe0fadfbb760)
    #7 0x7ff5c7b62a6c  (/usr/lib/llvm-20/lib/libLLVM.so.20.1+0x3c46a6c) (BuildId: b856c61f98abf0989f157f153740fe0fadfbb760)
    #8 0x55ca91648523 in llvm::Target::createTargetMachine(llvm::StringRef, llvm::StringRef, llvm::StringRef, llvm::TargetOptions const&, std::optional<llvm::Reloc::Model>, std::optional<llvm::CodeModel::Model>, llvm::CodeGenOptLevel, bool) const /usr/lib/llvm-20/include/llvm/MC/TargetRegistry.h:462:12
    #9 0x55ca9163a09e in tsc::TargetRegistry::initializeAllTargets() /workspace/src/TargetRegistry.cpp:67:41
    #10 0x55ca9162bdcd in tsc::Compiler::initializeLLVM() /workspace/src/Compiler.cpp:349:14
    #11 0x55ca9162b8b7 in tsc::Compiler::Compiler(tsc::CompilerOptions const&) /workspace/src/Compiler.cpp:24:5
    #12 0x55ca915fd7b5 in main /workspace/src/main.cpp:191:18
    #13 0x7ff5c395a337  (/lib/x86_64-linux-gnu/libc.so.6+0x2a337) (BuildId: 467f544f15035abef911999cbc14489edd0555ab)
    #14 0x7ff5c395a3fa in __libc_start_main (/lib/x86_64-linux-gnu/libc.so.6+0x2a3fa) (BuildId: 467f544f15035abef911999cbc14489edd0555ab)
    #15 0x55ca91511b64 in _start (/workspace/build-asan/tsc+0x74b64) (BuildId: 73a10d7cc646a755f705b0ae57418e68578aec2f)

Indirect leak of 176 byte(s) in 2 object(s) allocated from:
    #0 0x55ca915fa191 in operator new(unsigned long) (/workspace/build-asan/tsc+0x15d191) (BuildId: 73a10d7cc646a755f705b0ae57418e68578aec2f)
    #1 0x7ff5c59b7232  (/usr/lib/llvm-20/lib/libLLVM.so.20.1+0x1a9b232) (BuildId: b856c61f98abf0989f157f153740fe0fadfbb760)
    #2 0x7ff5c6f3998b  (/usr/lib/llvm-20/lib/libLLVM.so.20.1+0x301d98b) (BuildId: b856c61f98abf0989f157f153740fe0fadfbb760)
    #3 0x7ff5c6f398a6  (/usr/lib/llvm-20/lib/libLLVM.so.20.1+0x301d8a6) (BuildId: b856c61f98abf0989f157f153740fe0fadfbb760)
    #4 0x7ff5c7b29794  (/usr/lib/llvm-20/lib/libLLVM.so.20.1+0x3c0d794) (BuildId: b856c61f98abf0989f157f153740fe0fadfbb760)
    #5 0x7ff5c7b6091a  (/usr/lib/llvm-20/lib/libLLVM.so.20.1+0x3c4491a) (BuildId: b856c61f98abf0989f157f153740fe0fadfbb760)
    #6 0x7ff5c7b61710  (/usr/lib/llvm-20/lib/libLLVM.so.20.1+0x3c45710) (BuildId: b856c61f98abf0989f157f153740fe0fadfbb760)
    #7 0x7ff5c7b62a6c  (/usr/lib/llvm-20/lib/libLLVM.so.20.1+0x3c46a6c) (BuildId: b856c61f98abf0989f157f153740fe0fadfbb760)
    #8 0x55ca91648523 in llvm::Target::createTargetMachine(llvm::StringRef, llvm::StringRef, llvm::StringRef, llvm::TargetOptions const&, std::optional<llvm::Reloc::Model>, std::optional<llvm::CodeModel::Model>, llvm::CodeGenOptLevel, bool) const /usr/lib/llvm-20/include/llvm/MC/TargetRegistry.h:462:12
    #9 0x55ca9163a09e in tsc::TargetRegistry::initializeAllTargets() /workspace/src/TargetRegistry.cpp:67:41
    #10 0x55ca9162bdcd in tsc::Compiler::initializeLLVM() /workspace/src/Compiler.cpp:349:14
    #11 0x55ca9162b8b7 in tsc::Compiler::Compiler(tsc::CompilerOptions const&) /workspace/src/Compiler.cpp:24:5
    #12 0x55ca915fd7b5 in main /workspace/src/main.cpp:191:18
    #13 0x7ff5c395a337  (/lib/x86_64-linux-gnu/libc.so.6+0x2a337) (BuildId: 467f544f15035abef911999cbc14489edd0555ab)
    #14 0x7ff5c395a3fa in __libc_start_main (/lib/x86_64-linux-gnu/libc.so.6+0x2a3fa) (BuildId: 467f544f15035abef911999cbc14489edd0555ab)
    #15 0x55ca91511b64 in _start (/workspace/build-asan/tsc+0x74b64) (BuildId: 73a10d7cc646a755f705b0ae57418e68578aec2f)

Indirect leak of 176 byte(s) in 2 object(s) allocated from:
    #0 0x55ca915fa191 in operator new(unsigned long) (/workspace/build-asan/tsc+0x15d191) (BuildId: 73a10d7cc646a755f705b0ae57418e68578aec2f)
    #1 0x7ff5c59b7232  (/usr/lib/llvm-20/lib/libLLVM.so.20.1+0x1a9b232) (BuildId: b856c61f98abf0989f157f153740fe0fadfbb760)
    #2 0x7ff5c6f3998b  (/usr/lib/llvm-20/lib/libLLVM.so.20.1+0x301d98b) (BuildId: b856c61f98abf0989f157f153740fe0fadfbb760)
    #3 0x7ff5c6f398a6  (/usr/lib/llvm-20/lib/libLLVM.so.20.1+0x301d8a6) (BuildId: b856c61f98abf0989f157f153740fe0fadfbb760)
    #4 0x7ff5c7b29736  (/usr/lib/llvm-20/lib/libLLVM.so.20.1+0x3c0d736) (BuildId: b856c61f98abf0989f157f153740fe0fadfbb760)
    #5 0x7ff5c7b6091a  (/usr/lib/llvm-20/lib/libLLVM.so.20.1+0x3c4491a) (BuildId: b856c61f98abf0989f157f153740fe0fadfbb760)
    #6 0x7ff5c7b61710  (/usr/lib/llvm-20/lib/libLLVM.so.20.1+0x3c45710) (BuildId: b856c61f98abf0989f157f153740fe0fadfbb760)
    #7 0x7ff5c7b62a6c  (/usr/lib/llvm-20/lib/libLLVM.so.20.1+0x3c46a6c) (BuildId: b856c61f98abf0989f157f153740fe0fadfbb760)
    #8 0x55ca91648523 in llvm::Target::createTargetMachine(llvm::StringRef, llvm::StringRef, llvm::StringRef, llvm::TargetOptions const&, std::optional<llvm::Reloc::Model>, std::optional<llvm::CodeModel::Model>, llvm::CodeGenOptLevel, bool) const /usr/lib/llvm-20/include/llvm/MC/TargetRegistry.h:462:12
    #9 0x55ca9163a09e in tsc::TargetRegistry::initializeAllTargets() /workspace/src/TargetRegistry.cpp:67:41
    #10 0x55ca9162bdcd in tsc::Compiler::initializeLLVM() /workspace/src/Compiler.cpp:349:14
    #11 0x55ca9162b8b7 in tsc::Compiler::Compiler(tsc::CompilerOptions const&) /workspace/src/Compiler.cpp:24:5
    #12 0x55ca915fd7b5 in main /workspace/src/main.cpp:191:18
    #13 0x7ff5c395a337  (/lib/x86_64-linux-gnu/libc.so.6+0x2a337) (BuildId: 467f544f15035abef911999cbc14489edd0555ab)
    #14 0x7ff5c395a3fa in __libc_start_main (/lib/x86_64-linux-gnu/libc.so.6+0x2a3fa) (BuildId: 467f544f15035abef911999cbc14489edd0555ab)
    #15 0x55ca91511b64 in _start (/workspace/build-asan/tsc+0x74b64) (BuildId: 73a10d7cc646a755f705b0ae57418e68578aec2f)

Indirect leak of 176 byte(s) in 2 object(s) allocated from:
    #0 0x55ca915fa191 in operator new(unsigned long) (/workspace/build-asan/tsc+0x15d191) (BuildId: 73a10d7cc646a755f705b0ae57418e68578aec2f)
    #1 0x7ff5c59b7232  (/usr/lib/llvm-20/lib/libLLVM.so.20.1+0x1a9b232) (BuildId: b856c61f98abf0989f157f153740fe0fadfbb760)
    #2 0x7ff5c6f3998b  (/usr/lib/llvm-20/lib/libLLVM.so.20.1+0x301d98b) (BuildId: b856c61f98abf0989f157f153740fe0fadfbb760)
    #3 0x7ff5c6f398a6  (/usr/lib/llvm-20/lib/libLLVM.so.20.1+0x301d8a6) (BuildId: b856c61f98abf0989f157f153740fe0fadfbb760)
    #4 0x7ff5c7b296b8  (/usr/lib/llvm-20/lib/libLLVM.so.20.1+0x3c0d6b8) (BuildId: b856c61f98abf0989f157f153740fe0fadfbb760)
    #5 0x7ff5c7b6091a  (/usr/lib/llvm-20/lib/libLLVM.so.20.1+0x3c4491a) (BuildId: b856c61f98abf0989f157f153740fe0fadfbb760)
    #6 0x7ff5c7b61710  (/usr/lib/llvm-20/lib/libLLVM.so.20.1+0x3c45710) (BuildId: b856c61f98abf0989f157f153740fe0fadfbb760)
    #7 0x7ff5c7b62a6c  (/usr/lib/llvm-20/lib/libLLVM.so.20.1+0x3c46a6c) (BuildId: b856c61f98abf0989f157f153740fe0fadfbb760)
    #8 0x55ca91648523 in llvm::Target::createTargetMachine(llvm::StringRef, llvm::StringRef, llvm::StringRef, llvm::TargetOptions const&, std::optional<llvm::Reloc::Model>, std::optional<llvm::CodeModel::Model>, llvm::CodeGenOptLevel, bool) const /usr/lib/llvm-20/include/llvm/MC/TargetRegistry.h:462:12
    #9 0x55ca9163a09e in tsc::TargetRegistry::initializeAllTargets() /workspace/src/TargetRegistry.cpp:67:41
    #10 0x55ca9162bdcd in tsc::Compiler::initializeLLVM() /workspace/src/Compiler.cpp:349:14
    #11 0x55ca9162b8b7 in tsc::Compiler::Compiler(tsc::CompilerOptions const&) /workspace/src/Compiler.cpp:24:5
    #12 0x55ca915fd7b5 in main /workspace/src/main.cpp:191:18
    #13 0x7ff5c395a337  (/lib/x86_64-linux-gnu/libc.so.6+0x2a337) (BuildId: 467f544f15035abef911999cbc14489edd0555ab)
    #14 0x7ff5c395a3fa in __libc_start_main (/lib/x86_64-linux-gnu/libc.so.6+0x2a3fa) (BuildId: 467f544f15035abef911999cbc14489edd0555ab)
    #15 0x55ca91511b64 in _start (/workspace/build-asan/tsc+0x74b64) (BuildId: 73a10d7cc646a755f705b0ae57418e68578aec2f)

Indirect leak of 176 byte(s) in 2 object(s) allocated from:
    #0 0x55ca915fa191 in operator new(unsigned long) (/workspace/build-asan/tsc+0x15d191) (BuildId: 73a10d7cc646a755f705b0ae57418e68578aec2f)
    #1 0x7ff5c59b7232  (/usr/lib/llvm-20/lib/libLLVM.so.20.1+0x1a9b232) (BuildId: b856c61f98abf0989f157f153740fe0fadfbb760)
    #2 0x7ff5c6f3998b  (/usr/lib/llvm-20/lib/libLLVM.so.20.1+0x301d98b) (BuildId: b856c61f98abf0989f157f153740fe0fadfbb760)
    #3 0x7ff5c6f398a6  (/usr/lib/llvm-20/lib/libLLVM.so.20.1+0x301d8a6) (BuildId: b856c61f98abf0989f157f153740fe0fadfbb760)
    #4 0x7ff5c7b294cb  (/usr/lib/llvm-20/lib/libLLVM.so.20.1+0x3c0d4cb) (BuildId: b856c61f98abf0989f157f153740fe0fadfbb760)
    #5 0x7ff5c7b6091a  (/usr/lib/llvm-20/lib/libLLVM.so.20.1+0x3c4491a) (BuildId: b856c61f98abf0989f157f153740fe0fadfbb760)
    #6 0x7ff5c7b61710  (/usr/lib/llvm-20/lib/libLLVM.so.20.1+0x3c45710) (BuildId: b856c61f98abf0989f157f153740fe0fadfbb760)
    #7 0x7ff5c7b62a6c  (/usr/lib/llvm-20/lib/libLLVM.so.20.1+0x3c46a6c) (BuildId: b856c61f98abf0989f157f153740fe0fadfbb760)
    #8 0x55ca91648523 in llvm::Target::createTargetMachine(llvm::StringRef, llvm::StringRef, llvm::StringRef, llvm::TargetOptions const&, std::optional<llvm::Reloc::Model>, std::optional<llvm::CodeModel::Model>, llvm::CodeGenOptLevel, bool) const /usr/lib/llvm-20/include/llvm/MC/TargetRegistry.h:462:12
    #9 0x55ca9163a09e in tsc::TargetRegistry::initializeAllTargets() /workspace/src/TargetRegistry.cpp:67:41
    #10 0x55ca9162bdcd in tsc::Compiler::initializeLLVM() /workspace/src/Compiler.cpp:349:14
    #11 0x55ca9162b8b7 in tsc::Compiler::Compiler(tsc::CompilerOptions const&) /workspace/src/Compiler.cpp:24:5
    #12 0x55ca915fd7b5 in main /workspace/src/main.cpp:191:18
    #13 0x7ff5c395a337  (/lib/x86_64-linux-gnu/libc.so.6+0x2a337) (BuildId: 467f544f15035abef911999cbc14489edd0555ab)
    #14 0x7ff5c395a3fa in __libc_start_main (/lib/x86_64-linux-gnu/libc.so.6+0x2a3fa) (BuildId: 467f544f15035abef911999cbc14489edd0555ab)
    #15 0x55ca91511b64 in _start (/workspace/build-asan/tsc+0x74b64) (BuildId: 73a10d7cc646a755f705b0ae57418e68578aec2f)

Indirect leak of 176 byte(s) in 2 object(s) allocated from:
    #0 0x55ca915fa191 in operator new(unsigned long) (/workspace/build-asan/tsc+0x15d191) (BuildId: 73a10d7cc646a755f705b0ae57418e68578aec2f)
    #1 0x7ff5c59b7232  (/usr/lib/llvm-20/lib/libLLVM.so.20.1+0x1a9b232) (BuildId: b856c61f98abf0989f157f153740fe0fadfbb760)
    #2 0x7ff5c6f3998b  (/usr/lib/llvm-20/lib/libLLVM.so.20.1+0x301d98b) (BuildId: b856c61f98abf0989f157f153740fe0fadfbb760)
    #3 0x7ff5c6f398a6  (/usr/lib/llvm-20/lib/libLLVM.so.20.1+0x301d8a6) (BuildId: b856c61f98abf0989f157f153740fe0fadfbb760)
    #4 0x7ff5c7b2939b  (/usr/lib/llvm-20/lib/libLLVM.so.20.1+0x3c0d39b) (BuildId: b856c61f98abf0989f157f153740fe0fadfbb760)
    #5 0x7ff5c7b6091a  (/usr/lib/llvm-20/lib/libLLVM.so.20.1+0x3c4491a) (BuildId: b856c61f98abf0989f157f153740fe0fadfbb760)
    #6 0x7ff5c7b61710  (/usr/lib/llvm-20/lib/libLLVM.so.20.1+0x3c45710) (BuildId: b856c61f98abf0989f157f153740fe0fadfbb760)
    #7 0x7ff5c7b62a6c  (/usr/lib/llvm-20/lib/libLLVM.so.20.1+0x3c46a6c) (BuildId: b856c61f98abf0989f157f153740fe0fadfbb760)
    #8 0x55ca91648523 in llvm::Target::createTargetMachine(llvm::StringRef, llvm::StringRef, llvm::StringRef, llvm::TargetOptions const&, std::optional<llvm::Reloc::Model>, std::optional<llvm::CodeModel::Model>, llvm::CodeGenOptLevel, bool) const /usr/lib/llvm-20/include/llvm/MC/TargetRegistry.h:462:12
    #9 0x55ca9163a09e in tsc::TargetRegistry::initializeAllTargets() /workspace/src/TargetRegistry.cpp:67:41
    #10 0x55ca9162bdcd in tsc::Compiler::initializeLLVM() /workspace/src/Compiler.cpp:349:14
    #11 0x55ca9162b8b7 in tsc::Compiler::Compiler(tsc::CompilerOptions const&) /workspace/src/Compiler.cpp:24:5
    #12 0x55ca915fd7b5 in main /workspace/src/main.cpp:191:18
    #13 0x7ff5c395a337  (/lib/x86_64-linux-gnu/libc.so.6+0x2a337) (BuildId: 467f544f15035abef911999cbc14489edd0555ab)
    #14 0x7ff5c395a3fa in __libc_start_main (/lib/x86_64-linux-gnu/libc.so.6+0x2a3fa) (BuildId: 467f544f15035abef911999cbc14489edd0555ab)
    #15 0x55ca91511b64 in _start (/workspace/build-asan/tsc+0x74b64) (BuildId: 73a10d7cc646a755f705b0ae57418e68578aec2f)

Indirect leak of 176 byte(s) in 2 object(s) allocated from:
    #0 0x55ca915fa191 in operator new(unsigned long) (/workspace/build-asan/tsc+0x15d191) (BuildId: 73a10d7cc646a755f705b0ae57418e68578aec2f)
    #1 0x7ff5c59b7232  (/usr/lib/llvm-20/lib/libLLVM.so.20.1+0x1a9b232) (BuildId: b856c61f98abf0989f157f153740fe0fadfbb760)
    #2 0x7ff5c6f3998b  (/usr/lib/llvm-20/lib/libLLVM.so.20.1+0x301d98b) (BuildId: b856c61f98abf0989f157f153740fe0fadfbb760)
    #3 0x7ff5c6f398a6  (/usr/lib/llvm-20/lib/libLLVM.so.20.1+0x301d8a6) (BuildId: b856c61f98abf0989f157f153740fe0fadfbb760)
    #4 0x7ff5c7b29336  (/usr/lib/llvm-20/lib/libLLVM.so.20.1+0x3c0d336) (BuildId: b856c61f98abf0989f157f153740fe0fadfbb760)
    #5 0x7ff5c7b6091a  (/usr/lib/llvm-20/lib/libLLVM.so.20.1+0x3c4491a) (BuildId: b856c61f98abf0989f157f153740fe0fadfbb760)
    #6 0x7ff5c7b61710  (/usr/lib/llvm-20/lib/libLLVM.so.20.1+0x3c45710) (BuildId: b856c61f98abf0989f157f153740fe0fadfbb760)
    #7 0x7ff5c7b62a6c  (/usr/lib/llvm-20/lib/libLLVM.so.20.1+0x3c46a6c) (BuildId: b856c61f98abf0989f157f153740fe0fadfbb760)
    #8 0x55ca91648523 in llvm::Target::createTargetMachine(llvm::StringRef, llvm::StringRef, llvm::StringRef, llvm::TargetOptions const&, std::optional<llvm::Reloc::Model>, std::optional<llvm::CodeModel::Model>, llvm::CodeGenOptLevel, bool) const /usr/lib/llvm-20/include/llvm/MC/TargetRegistry.h:462:12
    #9 0x55ca9163a09e in tsc::TargetRegistry::initializeAllTargets() /workspace/src/TargetRegistry.cpp:67:41
    #10 0x55ca9162bdcd in tsc::Compiler::initializeLLVM() /workspace/src/Compiler.cpp:349:14
    #11 0x55ca9162b8b7 in tsc::Compiler::Compiler(tsc::CompilerOptions const&) /workspace/src/Compiler.cpp:24:5
    #12 0x55ca915fd7b5 in main /workspace/src/main.cpp:191:18
    #13 0x7ff5c395a337  (/lib/x86_64-linux-gnu/libc.so.6+0x2a337) (BuildId: 467f544f15035abef911999cbc14489edd0555ab)
    #14 0x7ff5c395a3fa in __libc_start_main (/lib/x86_64-linux-gnu/libc.so.6+0x2a3fa) (BuildId: 467f544f15035abef911999cbc14489edd0555ab)
    #15 0x55ca91511b64 in _start (/workspace/build-asan/tsc+0x74b64) (BuildId: 73a10d7cc646a755f705b0ae57418e68578aec2f)

Indirect leak of 176 byte(s) in 2 object(s) allocated from:
    #0 0x55ca915fa191 in operator new(unsigned long) (/workspace/build-asan/tsc+0x15d191) (BuildId: 73a10d7cc646a755f705b0ae57418e68578aec2f)
    #1 0x7ff5c59b7232  (/usr/lib/llvm-20/lib/libLLVM.so.20.1+0x1a9b232) (BuildId: b856c61f98abf0989f157f153740fe0fadfbb760)
    #2 0x7ff5c6f3998b  (/usr/lib/llvm-20/lib/libLLVM.so.20.1+0x301d98b) (BuildId: b856c61f98abf0989f157f153740fe0fadfbb760)
    #3 0x7ff5c6f398a6  (/usr/lib/llvm-20/lib/libLLVM.so.20.1+0x301d8a6) (BuildId: b856c61f98abf0989f157f153740fe0fadfbb760)
    #4 0x7ff5c7b28e38  (/usr/lib/llvm-20/lib/libLLVM.so.20.1+0x3c0ce38) (BuildId: b856c61f98abf0989f157f153740fe0fadfbb760)
    #5 0x7ff5c7b6091a  (/usr/lib/llvm-20/lib/libLLVM.so.20.1+0x3c4491a) (BuildId: b856c61f98abf0989f157f153740fe0fadfbb760)
    #6 0x7ff5c7b61710  (/usr/lib/llvm-20/lib/libLLVM.so.20.1+0x3c45710) (BuildId: b856c61f98abf0989f157f153740fe0fadfbb760)
    #7 0x7ff5c7b62a6c  (/usr/lib/llvm-20/lib/libLLVM.so.20.1+0x3c46a6c) (BuildId: b856c61f98abf0989f157f153740fe0fadfbb760)
    #8 0x55ca91648523 in llvm::Target::createTargetMachine(llvm::StringRef, llvm::StringRef, llvm::StringRef, llvm::TargetOptions const&, std::optional<llvm::Reloc::Model>, std::optional<llvm::CodeModel::Model>, llvm::CodeGenOptLevel, bool) const /usr/lib/llvm-20/include/llvm/MC/TargetRegistry.h:462:12
    #9 0x55ca9163a09e in tsc::TargetRegistry::initializeAllTargets() /workspace/src/TargetRegistry.cpp:67:41
    #10 0x55ca9162bdcd in tsc::Compiler::initializeLLVM() /workspace/src/Compiler.cpp:349:14
    #11 0x55ca9162b8b7 in tsc::Compiler::Compiler(tsc::CompilerOptions const&) /workspace/src/Compiler.cpp:24:5
    #12 0x55ca915fd7b5 in main /workspace/src/main.cpp:191:18
    #13 0x7ff5c395a337  (/lib/x86_64-linux-gnu/libc.so.6+0x2a337) (BuildId: 467f544f15035abef911999cbc14489edd0555ab)
    #14 0x7ff5c395a3fa in __libc_start_main (/lib/x86_64-linux-gnu/libc.so.6+0x2a3fa) (BuildId: 467f544f15035abef911999cbc14489edd0555ab)
    #15 0x55ca91511b64 in _start (/workspace/build-asan/tsc+0x74b64) (BuildId: 73a10d7cc646a755f705b0ae57418e68578aec2f)

Indirect leak of 176 byte(s) in 2 object(s) allocated from:
    #0 0x55ca915fa191 in operator new(unsigned long) (/workspace/build-asan/tsc+0x15d191) (BuildId: 73a10d7cc646a755f705b0ae57418e68578aec2f)
    #1 0x7ff5c59b7232  (/usr/lib/llvm-20/lib/libLLVM.so.20.1+0x1a9b232) (BuildId: b856c61f98abf0989f157f153740fe0fadfbb760)
    #2 0x7ff5c6f3998b  (/usr/lib/llvm-20/lib/libLLVM.so.20.1+0x301d98b) (BuildId: b856c61f98abf0989f157f153740fe0fadfbb760)
    #3 0x7ff5c6f398a6  (/usr/lib/llvm-20/lib/libLLVM.so.20.1+0x301d8a6) (BuildId: b856c61f98abf0989f157f153740fe0fadfbb760)
    #4 0x7ff5c7b28ae5  (/usr/lib/llvm-20/lib/libLLVM.so.20.1+0x3c0cae5) (BuildId: b856c61f98abf0989f157f153740fe0fadfbb760)
    #5 0x7ff5c7b6091a  (/usr/lib/llvm-20/lib/libLLVM.so.20.1+0x3c4491a) (BuildId: b856c61f98abf0989f157f153740fe0fadfbb760)
    #6 0x7ff5c7b61710  (/usr/lib/llvm-20/lib/libLLVM.so.20.1+0x3c45710) (BuildId: b856c61f98abf0989f157f153740fe0fadfbb760)
    #7 0x7ff5c7b62a6c  (/usr/lib/llvm-20/lib/libLLVM.so.20.1+0x3c46a6c) (BuildId: b856c61f98abf0989f157f153740fe0fadfbb760)
    #8 0x55ca91648523 in llvm::Target::createTargetMachine(llvm::StringRef, llvm::StringRef, llvm::StringRef, llvm::TargetOptions const&, std::optional<llvm::Reloc::Model>, std::optional<llvm::CodeModel::Model>, llvm::CodeGenOptLevel, bool) const /usr/lib/llvm-20/include/llvm/MC/TargetRegistry.h:462:12
    #9 0x55ca9163a09e in tsc::TargetRegistry::initializeAllTargets() /workspace/src/TargetRegistry.cpp:67:41
    #10 0x55ca9162bdcd in tsc::Compiler::initializeLLVM() /workspace/src/Compiler.cpp:349:14
    #11 0x55ca9162b8b7 in tsc::Compiler::Compiler(tsc::CompilerOptions const&) /workspace/src/Compiler.cpp:24:5
    #12 0x55ca915fd7b5 in main /workspace/src/main.cpp:191:18
    #13 0x7ff5c395a337  (/lib/x86_64-linux-gnu/libc.so.6+0x2a337) (BuildId: 467f544f15035abef911999cbc14489edd0555ab)
    #14 0x7ff5c395a3fa in __libc_start_main (/lib/x86_64-linux-gnu/libc.so.6+0x2a3fa) (BuildId: 467f544f15035abef911999cbc14489edd0555ab)
    #15 0x55ca91511b64 in _start (/workspace/build-asan/tsc+0x74b64) (BuildId: 73a10d7cc646a755f705b0ae57418e68578aec2f)

Indirect leak of 176 byte(s) in 2 object(s) allocated from:
    #0 0x55ca915fa191 in operator new(unsigned long) (/workspace/build-asan/tsc+0x15d191) (BuildId: 73a10d7cc646a755f705b0ae57418e68578aec2f)
    #1 0x7ff5c59b7232  (/usr/lib/llvm-20/lib/libLLVM.so.20.1+0x1a9b232) (BuildId: b856c61f98abf0989f157f153740fe0fadfbb760)
    #2 0x7ff5c6f3998b  (/usr/lib/llvm-20/lib/libLLVM.so.20.1+0x301d98b) (BuildId: b856c61f98abf0989f157f153740fe0fadfbb760)
    #3 0x7ff5c6f398a6  (/usr/lib/llvm-20/lib/libLLVM.so.20.1+0x301d8a6) (BuildId: b856c61f98abf0989f157f153740fe0fadfbb760)
    #4 0x7ff5c7b28a80  (/usr/lib/llvm-20/lib/libLLVM.so.20.1+0x3c0ca80) (BuildId: b856c61f98abf0989f157f153740fe0fadfbb760)
    #5 0x7ff5c7b6091a  (/usr/lib/llvm-20/lib/libLLVM.so.20.1+0x3c4491a) (BuildId: b856c61f98abf0989f157f153740fe0fadfbb760)
    #6 0x7ff5c7b61710  (/usr/lib/llvm-20/lib/libLLVM.so.20.1+0x3c45710) (BuildId: b856c61f98abf0989f157f153740fe0fadfbb760)
    #7 0x7ff5c7b62a6c  (/usr/lib/llvm-20/lib/libLLVM.so.20.1+0x3c46a6c) (BuildId: b856c61f98abf0989f157f153740fe0fadfbb760)
    #8 0x55ca91648523 in llvm::Target::createTargetMachine(llvm::StringRef, llvm::StringRef, llvm::StringRef, llvm::TargetOptions const&, std::optional<llvm::Reloc::Model>, std::optional<llvm::CodeModel::Model>, llvm::CodeGenOptLevel, bool) const /usr/lib/llvm-20/include/llvm/MC/TargetRegistry.h:462:12
    #9 0x55ca9163a09e in tsc::TargetRegistry::initializeAllTargets() /workspace/src/TargetRegistry.cpp:67:41
    #10 0x55ca9162bdcd in tsc::Compiler::initializeLLVM() /workspace/src/Compiler.cpp:349:14
    #11 0x55ca9162b8b7 in tsc::Compiler::Compiler(tsc::CompilerOptions const&) /workspace/src/Compiler.cpp:24:5
    #12 0x55ca915fd7b5 in main /workspace/src/main.cpp:191:18
    #13 0x7ff5c395a337  (/lib/x86_64-linux-gnu/libc.so.6+0x2a337) (BuildId: 467f544f15035abef911999cbc14489edd0555ab)
    #14 0x7ff5c395a3fa in __libc_start_main (/lib/x86_64-linux-gnu/libc.so.6+0x2a3fa) (BuildId: 467f544f15035abef911999cbc14489edd0555ab)
    #15 0x55ca91511b64 in _start (/workspace/build-asan/tsc+0x74b64) (BuildId: 73a10d7cc646a755f705b0ae57418e68578aec2f)

Indirect leak of 176 byte(s) in 2 object(s) allocated from:
    #0 0x55ca915fa191 in operator new(unsigned long) (/workspace/build-asan/tsc+0x15d191) (BuildId: 73a10d7cc646a755f705b0ae57418e68578aec2f)
    #1 0x7ff5c59b7232  (/usr/lib/llvm-20/lib/libLLVM.so.20.1+0x1a9b232) (BuildId: b856c61f98abf0989f157f153740fe0fadfbb760)
    #2 0x7ff5c6f3998b  (/usr/lib/llvm-20/lib/libLLVM.so.20.1+0x301d98b) (BuildId: b856c61f98abf0989f157f153740fe0fadfbb760)
    #3 0x7ff5c6f398a6  (/usr/lib/llvm-20/lib/libLLVM.so.20.1+0x301d8a6) (BuildId: b856c61f98abf0989f157f153740fe0fadfbb760)
    #4 0x7ff5c7b2867b  (/usr/lib/llvm-20/lib/libLLVM.so.20.1+0x3c0c67b) (BuildId: b856c61f98abf0989f157f153740fe0fadfbb760)
    #5 0x7ff5c7b6091a  (/usr/lib/llvm-20/lib/libLLVM.so.20.1+0x3c4491a) (BuildId: b856c61f98abf0989f157f153740fe0fadfbb760)
    #6 0x7ff5c7b61710  (/usr/lib/llvm-20/lib/libLLVM.so.20.1+0x3c45710) (BuildId: b856c61f98abf0989f157f153740fe0fadfbb760)
    #7 0x7ff5c7b62a6c  (/usr/lib/llvm-20/lib/libLLVM.so.20.1+0x3c46a6c) (BuildId: b856c61f98abf0989f157f153740fe0fadfbb760)
    #8 0x55ca91648523 in llvm::Target::createTargetMachine(llvm::StringRef, llvm::StringRef, llvm::StringRef, llvm::TargetOptions const&, std::optional<llvm::Reloc::Model>, std::optional<llvm::CodeModel::Model>, llvm::CodeGenOptLevel, bool) const /usr/lib/llvm-20/include/llvm/MC/TargetRegistry.h:462:12
    #9 0x55ca9163a09e in tsc::TargetRegistry::initializeAllTargets() /workspace/src/TargetRegistry.cpp:67:41
    #10 0x55ca9162bdcd in tsc::Compiler::initializeLLVM() /workspace/src/Compiler.cpp:349:14
    #11 0x55ca9162b8b7 in tsc::Compiler::Compiler(tsc::CompilerOptions const&) /workspace/src/Compiler.cpp:24:5
    #12 0x55ca915fd7b5 in main /workspace/src/main.cpp:191:18
    #13 0x7ff5c395a337  (/lib/x86_64-linux-gnu/libc.so.6+0x2a337) (BuildId: 467f544f15035abef911999cbc14489edd0555ab)
    #14 0x7ff5c395a3fa in __libc_start_main (/lib/x86_64-linux-gnu/libc.so.6+0x2a3fa) (BuildId: 467f544f15035abef911999cbc14489edd0555ab)
    #15 0x55ca91511b64 in _start (/workspace/build-asan/tsc+0x74b64) (BuildId: 73a10d7cc646a755f705b0ae57418e68578aec2f)

Indirect leak of 176 byte(s) in 2 object(s) allocated from:
    #0 0x55ca915fa191 in operator new(unsigned long) (/workspace/build-asan/tsc+0x15d191) (BuildId: 73a10d7cc646a755f705b0ae57418e68578aec2f)
    #1 0x7ff5c59b7232  (/usr/lib/llvm-20/lib/libLLVM.so.20.1+0x1a9b232) (BuildId: b856c61f98abf0989f157f153740fe0fadfbb760)
    #2 0x7ff5c6f3998b  (/usr/lib/llvm-20/lib/libLLVM.so.20.1+0x301d98b) (BuildId: b856c61f98abf0989f157f153740fe0fadfbb760)
    #3 0x7ff5c6f398a6  (/usr/lib/llvm-20/lib/libLLVM.so.20.1+0x301d8a6) (BuildId: b856c61f98abf0989f157f153740fe0fadfbb760)
    #4 0x7ff5c7b29bf6  (/usr/lib/llvm-20/lib/libLLVM.so.20.1+0x3c0dbf6) (BuildId: b856c61f98abf0989f157f153740fe0fadfbb760)
    #5 0x7ff5c7b6091a  (/usr/lib/llvm-20/lib/libLLVM.so.20.1+0x3c4491a) (BuildId: b856c61f98abf0989f157f153740fe0fadfbb760)
    #6 0x7ff5c7b61a19  (/usr/lib/llvm-20/lib/libLLVM.so.20.1+0x3c45a19) (BuildId: b856c61f98abf0989f157f153740fe0fadfbb760)
    #7 0x7ff5c7b62b2c  (/usr/lib/llvm-20/lib/libLLVM.so.20.1+0x3c46b2c) (BuildId: b856c61f98abf0989f157f153740fe0fadfbb760)
    #8 0x55ca91648523 in llvm::Target::createTargetMachine(llvm::StringRef, llvm::StringRef, llvm::StringRef, llvm::TargetOptions const&, std::optional<llvm::Reloc::Model>, std::optional<llvm::CodeModel::Model>, llvm::CodeGenOptLevel, bool) const /usr/lib/llvm-20/include/llvm/MC/TargetRegistry.h:462:12
    #9 0x55ca9163a09e in tsc::TargetRegistry::initializeAllTargets() /workspace/src/TargetRegistry.cpp:67:41
    #10 0x55ca9162bdcd in tsc::Compiler::initializeLLVM() /workspace/src/Compiler.cpp:349:14
    #11 0x55ca9162b8b7 in tsc::Compiler::Compiler(tsc::CompilerOptions const&) /workspace/src/Compiler.cpp:24:5
    #12 0x55ca915fd7b5 in main /workspace/src/main.cpp:191:18
    #13 0x7ff5c395a337  (/lib/x86_64-linux-gnu/libc.so.6+0x2a337) (BuildId: 467f544f15035abef911999cbc14489edd0555ab)
    #14 0x7ff5c395a3fa in __libc_start_main (/lib/x86_64-linux-gnu/libc.so.6+0x2a3fa) (BuildId: 467f544f15035abef911999cbc14489edd0555ab)
    #15 0x55ca91511b64 in _start (/workspace/build-asan/tsc+0x74b64) (BuildId: 73a10d7cc646a755f705b0ae57418e68578aec2f)

Indirect leak of 176 byte(s) in 2 object(s) allocated from:
    #0 0x55ca915fa191 in operator new(unsigned long) (/workspace/build-asan/tsc+0x15d191) (BuildId: 73a10d7cc646a755f705b0ae57418e68578aec2f)
    #1 0x7ff5c59b7232  (/usr/lib/llvm-20/lib/libLLVM.so.20.1+0x1a9b232) (BuildId: b856c61f98abf0989f157f153740fe0fadfbb760)
    #2 0x7ff5c6f3998b  (/usr/lib/llvm-20/lib/libLLVM.so.20.1+0x301d98b) (BuildId: b856c61f98abf0989f157f153740fe0fadfbb760)
    #3 0x7ff5c6f398a6  (/usr/lib/llvm-20/lib/libLLVM.so.20.1+0x301d8a6) (BuildId: b856c61f98abf0989f157f153740fe0fadfbb760)
    #4 0x7ff5c7b29b91  (/usr/lib/llvm-20/lib/libLLVM.so.20.1+0x3c0db91) (BuildId: b856c61f98abf0989f157f153740fe0fadfbb760)
    #5 0x7ff5c7b6091a  (/usr/lib/llvm-20/lib/libLLVM.so.20.1+0x3c4491a) (BuildId: b856c61f98abf0989f157f153740fe0fadfbb760)
    #6 0x7ff5c7b61a19  (/usr/lib/llvm-20/lib/libLLVM.so.20.1+0x3c45a19) (BuildId: b856c61f98abf0989f157f153740fe0fadfbb760)
    #7 0x7ff5c7b62b2c  (/usr/lib/llvm-20/lib/libLLVM.so.20.1+0x3c46b2c) (BuildId: b856c61f98abf0989f157f153740fe0fadfbb760)
    #8 0x55ca91648523 in llvm::Target::createTargetMachine(llvm::StringRef, llvm::StringRef, llvm::StringRef, llvm::TargetOptions const&, std::optional<llvm::Reloc::Model>, std::optional<llvm::CodeModel::Model>, llvm::CodeGenOptLevel, bool) const /usr/lib/llvm-20/include/llvm/MC/TargetRegistry.h:462:12
    #9 0x55ca9163a09e in tsc::TargetRegistry::initializeAllTargets() /workspace/src/TargetRegistry.cpp:67:41
    #10 0x55ca9162bdcd in tsc::Compiler::initializeLLVM() /workspace/src/Compiler.cpp:349:14
    #11 0x55ca9162b8b7 in tsc::Compiler::Compiler(tsc::CompilerOptions const&) /workspace/src/Compiler.cpp:24:5
    #12 0x55ca915fd7b5 in main /workspace/src/main.cpp:191:18
    #13 0x7ff5c395a337  (/lib/x86_64-linux-gnu/libc.so.6+0x2a337) (BuildId: 467f544f15035abef911999cbc14489edd0555ab)
    #14 0x7ff5c395a3fa in __libc_start_main (/lib/x86_64-linux-gnu/libc.so.6+0x2a3fa) (BuildId: 467f544f15035abef911999cbc14489edd0555ab)
    #15 0x55ca91511b64 in _start (/workspace/build-asan/tsc+0x74b64) (BuildId: 73a10d7cc646a755f705b0ae57418e68578aec2f)

Indirect leak of 176 byte(s) in 2 object(s) allocated from:
    #0 0x55ca915fa191 in operator new(unsigned long) (/workspace/build-asan/tsc+0x15d191) (BuildId: 73a10d7cc646a755f705b0ae57418e68578aec2f)
    #1 0x7ff5c59b7232  (/usr/lib/llvm-20/lib/libLLVM.so.20.1+0x1a9b232) (BuildId: b856c61f98abf0989f157f153740fe0fadfbb760)
    #2 0x7ff5c6f3998b  (/usr/lib/llvm-20/lib/libLLVM.so.20.1+0x301d98b) (BuildId: b856c61f98abf0989f157f153740fe0fadfbb760)
    #3 0x7ff5c6f398a6  (/usr/lib/llvm-20/lib/libLLVM.so.20.1+0x301d8a6) (BuildId: b856c61f98abf0989f157f153740fe0fadfbb760)
    #4 0x7ff5c7b29882  (/usr/lib/llvm-20/lib/libLLVM.so.20.1+0x3c0d882) (BuildId: b856c61f98abf0989f157f153740fe0fadfbb760)
    #5 0x7ff5c7b6091a  (/usr/lib/llvm-20/lib/libLLVM.so.20.1+0x3c4491a) (BuildId: b856c61f98abf0989f157f153740fe0fadfbb760)
    #6 0x7ff5c7b61a19  (/usr/lib/llvm-20/lib/libLLVM.so.20.1+0x3c45a19) (BuildId: b856c61f98abf0989f157f153740fe0fadfbb760)
    #7 0x7ff5c7b62b2c  (/usr/lib/llvm-20/lib/libLLVM.so.20.1+0x3c46b2c) (BuildId: b856c61f98abf0989f157f153740fe0fadfbb760)
    #8 0x55ca91648523 in llvm::Target::createTargetMachine(llvm::StringRef, llvm::StringRef, llvm::StringRef, llvm::TargetOptions const&, std::optional<llvm::Reloc::Model>, std::optional<llvm::CodeModel::Model>, llvm::CodeGenOptLevel, bool) const /usr/lib/llvm-20/include/llvm/MC/TargetRegistry.h:462:12
    #9 0x55ca9163a09e in tsc::TargetRegistry::initializeAllTargets() /workspace/src/TargetRegistry.cpp:67:41
    #10 0x55ca9162bdcd in tsc::Compiler::initializeLLVM() /workspace/src/Compiler.cpp:349:14
    #11 0x55ca9162b8b7 in tsc::Compiler::Compiler(tsc::CompilerOptions const&) /workspace/src/Compiler.cpp:24:5
    #12 0x55ca915fd7b5 in main /workspace/src/main.cpp:191:18
    #13 0x7ff5c395a337  (/lib/x86_64-linux-gnu/libc.so.6+0x2a337) (BuildId: 467f544f15035abef911999cbc14489edd0555ab)
    #14 0x7ff5c395a3fa in __libc_start_main (/lib/x86_64-linux-gnu/libc.so.6+0x2a3fa) (BuildId: 467f544f15035abef911999cbc14489edd0555ab)
    #15 0x55ca91511b64 in _start (/workspace/build-asan/tsc+0x74b64) (BuildId: 73a10d7cc646a755f705b0ae57418e68578aec2f)

Indirect leak of 176 byte(s) in 2 object(s) allocated from:
    #0 0x55ca915fa191 in operator new(unsigned long) (/workspace/build-asan/tsc+0x15d191) (BuildId: 73a10d7cc646a755f705b0ae57418e68578aec2f)
    #1 0x7ff5c59b7232  (/usr/lib/llvm-20/lib/libLLVM.so.20.1+0x1a9b232) (BuildId: b856c61f98abf0989f157f153740fe0fadfbb760)
    #2 0x7ff5c6f3998b  (/usr/lib/llvm-20/lib/libLLVM.so.20.1+0x301d98b) (BuildId: b856c61f98abf0989f157f153740fe0fadfbb760)
    #3 0x7ff5c6f398a6  (/usr/lib/llvm-20/lib/libLLVM.so.20.1+0x301d8a6) (BuildId: b856c61f98abf0989f157f153740fe0fadfbb760)
    #4 0x7ff5c7b29824  (/usr/lib/llvm-20/lib/libLLVM.so.20.1+0x3c0d824) (BuildId: b856c61f98abf0989f157f153740fe0fadfbb760)
    #5 0x7ff5c7b6091a  (/usr/lib/llvm-20/lib/libLLVM.so.20.1+0x3c4491a) (BuildId: b856c61f98abf0989f157f153740fe0fadfbb760)
    #6 0x7ff5c7b61a19  (/usr/lib/llvm-20/lib/libLLVM.so.20.1+0x3c45a19) (BuildId: b856c61f98abf0989f157f153740fe0fadfbb760)
    #7 0x7ff5c7b62b2c  (/usr/lib/llvm-20/lib/libLLVM.so.20.1+0x3c46b2c) (BuildId: b856c61f98abf0989f157f153740fe0fadfbb760)
    #8 0x55ca91648523 in llvm::Target::createTargetMachine(llvm::StringRef, llvm::StringRef, llvm::StringRef, llvm::TargetOptions const&, std::optional<llvm::Reloc::Model>, std::optional<llvm::CodeModel::Model>, llvm::CodeGenOptLevel, bool) const /usr/lib/llvm-20/include/llvm/MC/TargetRegistry.h:462:12
    #9 0x55ca9163a09e in tsc::TargetRegistry::initializeAllTargets() /workspace/src/TargetRegistry.cpp:67:41
    #10 0x55ca9162bdcd in tsc::Compiler::initializeLLVM() /workspace/src/Compiler.cpp:349:14
    #11 0x55ca9162b8b7 in tsc::Compiler::Compiler(tsc::CompilerOptions const&) /workspace/src/Compiler.cpp:24:5
    #12 0x55ca915fd7b5 in main /workspace/src/main.cpp:191:18
    #13 0x7ff5c395a337  (/lib/x86_64-linux-gnu/libc.so.6+0x2a337) (BuildId: 467f544f15035abef911999cbc14489edd0555ab)
    #14 0x7ff5c395a3fa in __libc_start_main (/lib/x86_64-linux-gnu/libc.so.6+0x2a3fa) (BuildId: 467f544f15035abef911999cbc14489edd0555ab)
    #15 0x55ca91511b64 in _start (/workspace/build-asan/tsc+0x74b64) (BuildId: 73a10d7cc646a755f705b0ae57418e68578aec2f)

Indirect leak of 176 byte(s) in 2 object(s) allocated from:
    #0 0x55ca915fa191 in operator new(unsigned long) (/workspace/build-asan/tsc+0x15d191) (BuildId: 73a10d7cc646a755f705b0ae57418e68578aec2f)
    #1 0x7ff5c59b7232  (/usr/lib/llvm-20/lib/libLLVM.so.20.1+0x1a9b232) (BuildId: b856c61f98abf0989f157f153740fe0fadfbb760)
    #2 0x7ff5c6f3998b  (/usr/lib/llvm-20/lib/libLLVM.so.20.1+0x301d98b) (BuildId: b856c61f98abf0989f157f153740fe0fadfbb760)
    #3 0x7ff5c6f398a6  (/usr/lib/llvm-20/lib/libLLVM.so.20.1+0x301d8a6) (BuildId: b856c61f98abf0989f157f153740fe0fadfbb760)
    #4 0x7ff5c7b29794  (/usr/lib/llvm-20/lib/libLLVM.so.20.1+0x3c0d794) (BuildId: b856c61f98abf0989f157f153740fe0fadfbb760)
    #5 0x7ff5c7b6091a  (/usr/lib/llvm-20/lib/libLLVM.so.20.1+0x3c4491a) (BuildId: b856c61f98abf0989f157f153740fe0fadfbb760)
    #6 0x7ff5c7b61a19  (/usr/lib/llvm-20/lib/libLLVM.so.20.1+0x3c45a19) (BuildId: b856c61f98abf0989f157f153740fe0fadfbb760)
    #7 0x7ff5c7b62b2c  (/usr/lib/llvm-20/lib/libLLVM.so.20.1+0x3c46b2c) (BuildId: b856c61f98abf0989f157f153740fe0fadfbb760)
    #8 0x55ca91648523 in llvm::Target::createTargetMachine(llvm::StringRef, llvm::StringRef, llvm::StringRef, llvm::TargetOptions const&, std::optional<llvm::Reloc::Model>, std::optional<llvm::CodeModel::Model>, llvm::CodeGenOptLevel, bool) const /usr/lib/llvm-20/include/llvm/MC/TargetRegistry.h:462:12
    #9 0x55ca9163a09e in tsc::TargetRegistry::initializeAllTargets() /workspace/src/TargetRegistry.cpp:67:41
    #10 0x55ca9162bdcd in tsc::Compiler::initializeLLVM() /workspace/src/Compiler.cpp:349:14
    #11 0x55ca9162b8b7 in tsc::Compiler::Compiler(tsc::CompilerOptions const&) /workspace/src/Compiler.cpp:24:5
    #12 0x55ca915fd7b5 in main /workspace/src/main.cpp:191:18
    #13 0x7ff5c395a337  (/lib/x86_64-linux-gnu/libc.so.6+0x2a337) (BuildId: 467f544f15035abef911999cbc14489edd0555ab)
    #14 0x7ff5c395a3fa in __libc_start_main (/lib/x86_64-linux-gnu/libc.so.6+0x2a3fa) (BuildId: 467f544f15035abef911999cbc14489edd0555ab)
    #15 0x55ca91511b64 in _start (/workspace/build-asan/tsc+0x74b64) (BuildId: 73a10d7cc646a755f705b0ae57418e68578aec2f)

Indirect leak of 176 byte(s) in 2 object(s) allocated from:
    #0 0x55ca915fa191 in operator new(unsigned long) (/workspace/build-asan/tsc+0x15d191) (BuildId: 73a10d7cc646a755f705b0ae57418e68578aec2f)
    #1 0x7ff5c59b7232  (/usr/lib/llvm-20/lib/libLLVM.so.20.1+0x1a9b232) (BuildId: b856c61f98abf0989f157f153740fe0fadfbb760)
    #2 0x7ff5c6f3998b  (/usr/lib/llvm-20/lib/libLLVM.so.20.1+0x301d98b) (BuildId: b856c61f98abf0989f157f153740fe0fadfbb760)
    #3 0x7ff5c6f398a6  (/usr/lib/llvm-20/lib/libLLVM.so.20.1+0x301d8a6) (BuildId: b856c61f98abf0989f157f153740fe0fadfbb760)
    #4 0x7ff5c7b296b8  (/usr/lib/llvm-20/lib/libLLVM.so.20.1+0x3c0d6b8) (BuildId: b856c61f98abf0989f157f153740fe0fadfbb760)
    #5 0x7ff5c7b6091a  (/usr/lib/llvm-20/lib/libLLVM.so.20.1+0x3c4491a) (BuildId: b856c61f98abf0989f157f153740fe0fadfbb760)
    #6 0x7ff5c7b61a19  (/usr/lib/llvm-20/lib/libLLVM.so.20.1+0x3c45a19) (BuildId: b856c61f98abf0989f157f153740fe0fadfbb760)
    #7 0x7ff5c7b62b2c  (/usr/lib/llvm-20/lib/libLLVM.so.20.1+0x3c46b2c) (BuildId: b856c61f98abf0989f157f153740fe0fadfbb760)
    #8 0x55ca91648523 in llvm::Target::createTargetMachine(llvm::StringRef, llvm::StringRef, llvm::StringRef, llvm::TargetOptions const&, std::optional<llvm::Reloc::Model>, std::optional<llvm::CodeModel::Model>, llvm::CodeGenOptLevel, bool) const /usr/lib/llvm-20/include/llvm/MC/TargetRegistry.h:462:12
    #9 0x55ca9163a09e in tsc::TargetRegistry::initializeAllTargets() /workspace/src/TargetRegistry.cpp:67:41
    #10 0x55ca9162bdcd in tsc::Compiler::initializeLLVM() /workspace/src/Compiler.cpp:349:14
    #11 0x55ca9162b8b7 in tsc::Compiler::Compiler(tsc::CompilerOptions const&) /workspace/src/Compiler.cpp:24:5
    #12 0x55ca915fd7b5 in main /workspace/src/main.cpp:191:18
    #13 0x7ff5c395a337  (/lib/x86_64-linux-gnu/libc.so.6+0x2a337) (BuildId: 467f544f15035abef911999cbc14489edd0555ab)
    #14 0x7ff5c395a3fa in __libc_start_main (/lib/x86_64-linux-gnu/libc.so.6+0x2a3fa) (BuildId: 467f544f15035abef911999cbc14489edd0555ab)
    #15 0x55ca91511b64 in _start (/workspace/build-asan/tsc+0x74b64) (BuildId: 73a10d7cc646a755f705b0ae57418e68578aec2f)

Indirect leak of 176 byte(s) in 2 object(s) allocated from:
    #0 0x55ca915fa191 in operator new(unsigned long) (/workspace/build-asan/tsc+0x15d191) (BuildId: 73a10d7cc646a755f705b0ae57418e68578aec2f)
    #1 0x7ff5c59b7232  (/usr/lib/llvm-20/lib/libLLVM.so.20.1+0x1a9b232) (BuildId: b856c61f98abf0989f157f153740fe0fadfbb760)
    #2 0x7ff5c6f3998b  (/usr/lib/llvm-20/lib/libLLVM.so.20.1+0x301d98b) (BuildId: b856c61f98abf0989f157f153740fe0fadfbb760)
    #3 0x7ff5c6f398a6  (/usr/lib/llvm-20/lib/libLLVM.so.20.1+0x301d8a6) (BuildId: b856c61f98abf0989f157f153740fe0fadfbb760)
    #4 0x7ff5c7b294cb  (/usr/lib/llvm-20/lib/libLLVM.so.20.1+0x3c0d4cb) (BuildId: b856c61f98abf0989f157f153740fe0fadfbb760)
    #5 0x7ff5c7b6091a  (/usr/lib/llvm-20/lib/libLLVM.so.20.1+0x3c4491a) (BuildId: b856c61f98abf0989f157f153740fe0fadfbb760)
    #6 0x7ff5c7b61a19  (/usr/lib/llvm-20/lib/libLLVM.so.20.1+0x3c45a19) (BuildId: b856c61f98abf0989f157f153740fe0fadfbb760)
    #7 0x7ff5c7b62b2c  (/usr/lib/llvm-20/lib/libLLVM.so.20.1+0x3c46b2c) (BuildId: b856c61f98abf0989f157f153740fe0fadfbb760)
    #8 0x55ca91648523 in llvm::Target::createTargetMachine(llvm::StringRef, llvm::StringRef, llvm::StringRef, llvm::TargetOptions const&, std::optional<llvm::Reloc::Model>, std::optional<llvm::CodeModel::Model>, llvm::CodeGenOptLevel, bool) const /usr/lib/llvm-20/include/llvm/MC/TargetRegistry.h:462:12
    #9 0x55ca9163a09e in tsc::TargetRegistry::initializeAllTargets() /workspace/src/TargetRegistry.cpp:67:41
    #10 0x55ca9162bdcd in tsc::Compiler::initializeLLVM() /workspace/src/Compiler.cpp:349:14
    #11 0x55ca9162b8b7 in tsc::Compiler::Compiler(tsc::CompilerOptions const&) /workspace/src/Compiler.cpp:24:5
    #12 0x55ca915fd7b5 in main /workspace/src/main.cpp:191:18
    #13 0x7ff5c395a337  (/lib/x86_64-linux-gnu/libc.so.6+0x2a337) (BuildId: 467f544f15035abef911999cbc14489edd0555ab)
    #14 0x7ff5c395a3fa in __libc_start_main (/lib/x86_64-linux-gnu/libc.so.6+0x2a3fa) (BuildId: 467f544f15035abef911999cbc14489edd0555ab)
    #15 0x55ca91511b64 in _start (/workspace/build-asan/tsc+0x74b64) (BuildId: 73a10d7cc646a755f705b0ae57418e68578aec2f)

Indirect leak of 176 byte(s) in 2 object(s) allocated from:
    #0 0x55ca915fa191 in operator new(unsigned long) (/workspace/build-asan/tsc+0x15d191) (BuildId: 73a10d7cc646a755f705b0ae57418e68578aec2f)
    #1 0x7ff5c59b7232  (/usr/lib/llvm-20/lib/libLLVM.so.20.1+0x1a9b232) (BuildId: b856c61f98abf0989f157f153740fe0fadfbb760)
    #2 0x7ff5c6f3998b  (/usr/lib/llvm-20/lib/libLLVM.so.20.1+0x301d98b) (BuildId: b856c61f98abf0989f157f153740fe0fadfbb760)
    #3 0x7ff5c6f398a6  (/usr/lib/llvm-20/lib/libLLVM.so.20.1+0x301d8a6) (BuildId: b856c61f98abf0989f157f153740fe0fadfbb760)
    #4 0x7ff5c7b2939b  (/usr/lib/llvm-20/lib/libLLVM.so.20.1+0x3c0d39b) (BuildId: b856c61f98abf0989f157f153740fe0fadfbb760)
    #5 0x7ff5c7b6091a  (/usr/lib/llvm-20/lib/libLLVM.so.20.1+0x3c4491a) (BuildId: b856c61f98abf0989f157f153740fe0fadfbb760)
    #6 0x7ff5c7b61a19  (/usr/lib/llvm-20/lib/libLLVM.so.20.1+0x3c45a19) (BuildId: b856c61f98abf0989f157f153740fe0fadfbb760)
    #7 0x7ff5c7b62b2c  (/usr/lib/llvm-20/lib/libLLVM.so.20.1+0x3c46b2c) (BuildId: b856c61f98abf0989f157f153740fe0fadfbb760)
    #8 0x55ca91648523 in llvm::Target::createTargetMachine(llvm::StringRef, llvm::StringRef, llvm::StringRef, llvm::TargetOptions const&, std::optional<llvm::Reloc::Model>, std::optional<llvm::CodeModel::Model>, llvm::CodeGenOptLevel, bool) const /usr/lib/llvm-20/include/llvm/MC/TargetRegistry.h:462:12
    #9 0x55ca9163a09e in tsc::TargetRegistry::initializeAllTargets() /workspace/src/TargetRegistry.cpp:67:41
    #10 0x55ca9162bdcd in tsc::Compiler::initializeLLVM() /workspace/src/Compiler.cpp:349:14
    #11 0x55ca9162b8b7 in tsc::Compiler::Compiler(tsc::CompilerOptions const&) /workspace/src/Compiler.cpp:24:5
    #12 0x55ca915fd7b5 in main /workspace/src/main.cpp:191:18
    #13 0x7ff5c395a337  (/lib/x86_64-linux-gnu/libc.so.6+0x2a337) (BuildId: 467f544f15035abef911999cbc14489edd0555ab)
    #14 0x7ff5c395a3fa in __libc_start_main (/lib/x86_64-linux-gnu/libc.so.6+0x2a3fa) (BuildId: 467f544f15035abef911999cbc14489edd0555ab)
    #15 0x55ca91511b64 in _start (/workspace/build-asan/tsc+0x74b64) (BuildId: 73a10d7cc646a755f705b0ae57418e68578aec2f)

Indirect leak of 176 byte(s) in 2 object(s) allocated from:
    #0 0x55ca915fa191 in operator new(unsigned long) (/workspace/build-asan/tsc+0x15d191) (BuildId: 73a10d7cc646a755f705b0ae57418e68578aec2f)
    #1 0x7ff5c59b7232  (/usr/lib/llvm-20/lib/libLLVM.so.20.1+0x1a9b232) (BuildId: b856c61f98abf0989f157f153740fe0fadfbb760)
    #2 0x7ff5c6f3998b  (/usr/lib/llvm-20/lib/libLLVM.so.20.1+0x301d98b) (BuildId: b856c61f98abf0989f157f153740fe0fadfbb760)
    #3 0x7ff5c6f398a6  (/usr/lib/llvm-20/lib/libLLVM.so.20.1+0x301d8a6) (BuildId: b856c61f98abf0989f157f153740fe0fadfbb760)
    #4 0x7ff5c7b2919e  (/usr/lib/llvm-20/lib/libLLVM.so.20.1+0x3c0d19e) (BuildId: b856c61f98abf0989f157f153740fe0fadfbb760)
    #5 0x7ff5c7b6091a  (/usr/lib/llvm-20/lib/libLLVM.so.20.1+0x3c4491a) (BuildId: b856c61f98abf0989f157f153740fe0fadfbb760)
    #6 0x7ff5c7b61a19  (/usr/lib/llvm-20/lib/libLLVM.so.20.1+0x3c45a19) (BuildId: b856c61f98abf0989f157f153740fe0fadfbb760)
    #7 0x7ff5c7b62b2c  (/usr/lib/llvm-20/lib/libLLVM.so.20.1+0x3c46b2c) (BuildId: b856c61f98abf0989f157f153740fe0fadfbb760)
    #8 0x55ca91648523 in llvm::Target::createTargetMachine(llvm::StringRef, llvm::StringRef, llvm::StringRef, llvm::TargetOptions const&, std::optional<llvm::Reloc::Model>, std::optional<llvm::CodeModel::Model>, llvm::CodeGenOptLevel, bool) const /usr/lib/llvm-20/include/llvm/MC/TargetRegistry.h:462:12
    #9 0x55ca9163a09e in tsc::TargetRegistry::initializeAllTargets() /workspace/src/TargetRegistry.cpp:67:41
    #10 0x55ca9162bdcd in tsc::Compiler::initializeLLVM() /workspace/src/Compiler.cpp:349:14
    #11 0x55ca9162b8b7 in tsc::Compiler::Compiler(tsc::CompilerOptions const&) /workspace/src/Compiler.cpp:24:5
    #12 0x55ca915fd7b5 in main /workspace/src/main.cpp:191:18
    #13 0x7ff5c395a337  (/lib/x86_64-linux-gnu/libc.so.6+0x2a337) (BuildId: 467f544f15035abef911999cbc14489edd0555ab)
    #14 0x7ff5c395a3fa in __libc_start_main (/lib/x86_64-linux-gnu/libc.so.6+0x2a3fa) (BuildId: 467f544f15035abef911999cbc14489edd0555ab)
    #15 0x55ca91511b64 in _start (/workspace/build-asan/tsc+0x74b64) (BuildId: 73a10d7cc646a755f705b0ae57418e68578aec2f)

Indirect leak of 176 byte(s) in 2 object(s) allocated from:
    #0 0x55ca915fa191 in operator new(unsigned long) (/workspace/build-asan/tsc+0x15d191) (BuildId: 73a10d7cc646a755f705b0ae57418e68578aec2f)
    #1 0x7ff5c59b7232  (/usr/lib/llvm-20/lib/libLLVM.so.20.1+0x1a9b232) (BuildId: b856c61f98abf0989f157f153740fe0fadfbb760)
    #2 0x7ff5c6f3998b  (/usr/lib/llvm-20/lib/libLLVM.so.20.1+0x301d98b) (BuildId: b856c61f98abf0989f157f153740fe0fadfbb760)
    #3 0x7ff5c6f398a6  (/usr/lib/llvm-20/lib/libLLVM.so.20.1+0x301d8a6) (BuildId: b856c61f98abf0989f157f153740fe0fadfbb760)
    #4 0x7ff5c7b28ae5  (/usr/lib/llvm-20/lib/libLLVM.so.20.1+0x3c0cae5) (BuildId: b856c61f98abf0989f157f153740fe0fadfbb760)
    #5 0x7ff5c7b6091a  (/usr/lib/llvm-20/lib/libLLVM.so.20.1+0x3c4491a) (BuildId: b856c61f98abf0989f157f153740fe0fadfbb760)
    #6 0x7ff5c7b61a19  (/usr/lib/llvm-20/lib/libLLVM.so.20.1+0x3c45a19) (BuildId: b856c61f98abf0989f157f153740fe0fadfbb760)
    #7 0x7ff5c7b62b2c  (/usr/lib/llvm-20/lib/libLLVM.so.20.1+0x3c46b2c) (BuildId: b856c61f98abf0989f157f153740fe0fadfbb760)
    #8 0x55ca91648523 in llvm::Target::createTargetMachine(llvm::StringRef, llvm::StringRef, llvm::StringRef, llvm::TargetOptions const&, std::optional<llvm::Reloc::Model>, std::optional<llvm::CodeModel::Model>, llvm::CodeGenOptLevel, bool) const /usr/lib/llvm-20/include/llvm/MC/TargetRegistry.h:462:12
    #9 0x55ca9163a09e in tsc::TargetRegistry::initializeAllTargets() /workspace/src/TargetRegistry.cpp:67:41
    #10 0x55ca9162bdcd in tsc::Compiler::initializeLLVM() /workspace/src/Compiler.cpp:349:14
    #11 0x55ca9162b8b7 in tsc::Compiler::Compiler(tsc::CompilerOptions const&) /workspace/src/Compiler.cpp:24:5
    #12 0x55ca915fd7b5 in main /workspace/src/main.cpp:191:18
    #13 0x7ff5c395a337  (/lib/x86_64-linux-gnu/libc.so.6+0x2a337) (BuildId: 467f544f15035abef911999cbc14489edd0555ab)
    #14 0x7ff5c395a3fa in __libc_start_main (/lib/x86_64-linux-gnu/libc.so.6+0x2a3fa) (BuildId: 467f544f15035abef911999cbc14489edd0555ab)
    #15 0x55ca91511b64 in _start (/workspace/build-asan/tsc+0x74b64) (BuildId: 73a10d7cc646a755f705b0ae57418e68578aec2f)

Indirect leak of 176 byte(s) in 2 object(s) allocated from:
    #0 0x55ca915fa191 in operator new(unsigned long) (/workspace/build-asan/tsc+0x15d191) (BuildId: 73a10d7cc646a755f705b0ae57418e68578aec2f)
    #1 0x7ff5c59b7232  (/usr/lib/llvm-20/lib/libLLVM.so.20.1+0x1a9b232) (BuildId: b856c61f98abf0989f157f153740fe0fadfbb760)
    #2 0x7ff5c6f3998b  (/usr/lib/llvm-20/lib/libLLVM.so.20.1+0x301d98b) (BuildId: b856c61f98abf0989f157f153740fe0fadfbb760)
    #3 0x7ff5c6f398a6  (/usr/lib/llvm-20/lib/libLLVM.so.20.1+0x301d8a6) (BuildId: b856c61f98abf0989f157f153740fe0fadfbb760)
    #4 0x7ff5c7b2867b  (/usr/lib/llvm-20/lib/libLLVM.so.20.1+0x3c0c67b) (BuildId: b856c61f98abf0989f157f153740fe0fadfbb760)
    #5 0x7ff5c7b6091a  (/usr/lib/llvm-20/lib/libLLVM.so.20.1+0x3c4491a) (BuildId: b856c61f98abf0989f157f153740fe0fadfbb760)
    #6 0x7ff5c7b61a19  (/usr/lib/llvm-20/lib/libLLVM.so.20.1+0x3c45a19) (BuildId: b856c61f98abf0989f157f153740fe0fadfbb760)
    #7 0x7ff5c7b62b2c  (/usr/lib/llvm-20/lib/libLLVM.so.20.1+0x3c46b2c) (BuildId: b856c61f98abf0989f157f153740fe0fadfbb760)
    #8 0x55ca91648523 in llvm::Target::createTargetMachine(llvm::StringRef, llvm::StringRef, llvm::StringRef, llvm::TargetOptions const&, std::optional<llvm::Reloc::Model>, std::optional<llvm::CodeModel::Model>, llvm::CodeGenOptLevel, bool) const /usr/lib/llvm-20/include/llvm/MC/TargetRegistry.h:462:12
    #9 0x55ca9163a09e in tsc::TargetRegistry::initializeAllTargets() /workspace/src/TargetRegistry.cpp:67:41
    #10 0x55ca9162bdcd in tsc::Compiler::initializeLLVM() /workspace/src/Compiler.cpp:349:14
    #11 0x55ca9162b8b7 in tsc::Compiler::Compiler(tsc::CompilerOptions const&) /workspace/src/Compiler.cpp:24:5
    #12 0x55ca915fd7b5 in main /workspace/src/main.cpp:191:18
    #13 0x7ff5c395a337  (/lib/x86_64-linux-gnu/libc.so.6+0x2a337) (BuildId: 467f544f15035abef911999cbc14489edd0555ab)
    #14 0x7ff5c395a3fa in __libc_start_main (/lib/x86_64-linux-gnu/libc.so.6+0x2a3fa) (BuildId: 467f544f15035abef911999cbc14489edd0555ab)
    #15 0x55ca91511b64 in _start (/workspace/build-asan/tsc+0x74b64) (BuildId: 73a10d7cc646a755f705b0ae57418e68578aec2f)

Indirect leak of 176 byte(s) in 2 object(s) allocated from:
    #0 0x55ca915fa191 in operator new(unsigned long) (/workspace/build-asan/tsc+0x15d191) (BuildId: 73a10d7cc646a755f705b0ae57418e68578aec2f)
    #1 0x7ff5c59b7232  (/usr/lib/llvm-20/lib/libLLVM.so.20.1+0x1a9b232) (BuildId: b856c61f98abf0989f157f153740fe0fadfbb760)
    #2 0x7ff5c6f3998b  (/usr/lib/llvm-20/lib/libLLVM.so.20.1+0x301d98b) (BuildId: b856c61f98abf0989f157f153740fe0fadfbb760)
    #3 0x7ff5c6f398a6  (/usr/lib/llvm-20/lib/libLLVM.so.20.1+0x301d8a6) (BuildId: b856c61f98abf0989f157f153740fe0fadfbb760)
    #4 0x7ff5c7b29bf6  (/usr/lib/llvm-20/lib/libLLVM.so.20.1+0x3c0dbf6) (BuildId: b856c61f98abf0989f157f153740fe0fadfbb760)
    #5 0x7ff5c7b6091a  (/usr/lib/llvm-20/lib/libLLVM.so.20.1+0x3c4491a) (BuildId: b856c61f98abf0989f157f153740fe0fadfbb760)
    #6 0x7ff5c7b6188a  (/usr/lib/llvm-20/lib/libLLVM.so.20.1+0x3c4588a) (BuildId: b856c61f98abf0989f157f153740fe0fadfbb760)
    #7 0x7ff5c7b62b2c  (/usr/lib/llvm-20/lib/libLLVM.so.20.1+0x3c46b2c) (BuildId: b856c61f98abf0989f157f153740fe0fadfbb760)
    #8 0x55ca91648523 in llvm::Target::createTargetMachine(llvm::StringRef, llvm::StringRef, llvm::StringRef, llvm::TargetOptions const&, std::optional<llvm::Reloc::Model>, std::optional<llvm::CodeModel::Model>, llvm::CodeGenOptLevel, bool) const /usr/lib/llvm-20/include/llvm/MC/TargetRegistry.h:462:12
    #9 0x55ca9163a09e in tsc::TargetRegistry::initializeAllTargets() /workspace/src/TargetRegistry.cpp:67:41
    #10 0x55ca9162bdcd in tsc::Compiler::initializeLLVM() /workspace/src/Compiler.cpp:349:14
    #11 0x55ca9162b8b7 in tsc::Compiler::Compiler(tsc::CompilerOptions const&) /workspace/src/Compiler.cpp:24:5
    #12 0x55ca915fd7b5 in main /workspace/src/main.cpp:191:18
    #13 0x7ff5c395a337  (/lib/x86_64-linux-gnu/libc.so.6+0x2a337) (BuildId: 467f544f15035abef911999cbc14489edd0555ab)
    #14 0x7ff5c395a3fa in __libc_start_main (/lib/x86_64-linux-gnu/libc.so.6+0x2a3fa) (BuildId: 467f544f15035abef911999cbc14489edd0555ab)
    #15 0x55ca91511b64 in _start (/workspace/build-asan/tsc+0x74b64) (BuildId: 73a10d7cc646a755f705b0ae57418e68578aec2f)

Indirect leak of 176 byte(s) in 2 object(s) allocated from:
    #0 0x55ca915fa191 in operator new(unsigned long) (/workspace/build-asan/tsc+0x15d191) (BuildId: 73a10d7cc646a755f705b0ae57418e68578aec2f)
    #1 0x7ff5c59b7232  (/usr/lib/llvm-20/lib/libLLVM.so.20.1+0x1a9b232) (BuildId: b856c61f98abf0989f157f153740fe0fadfbb760)
    #2 0x7ff5c6f3998b  (/usr/lib/llvm-20/lib/libLLVM.so.20.1+0x301d98b) (BuildId: b856c61f98abf0989f157f153740fe0fadfbb760)
    #3 0x7ff5c6f398a6  (/usr/lib/llvm-20/lib/libLLVM.so.20.1+0x301d8a6) (BuildId: b856c61f98abf0989f157f153740fe0fadfbb760)
    #4 0x7ff5c7b29824  (/usr/lib/llvm-20/lib/libLLVM.so.20.1+0x3c0d824) (BuildId: b856c61f98abf0989f157f153740fe0fadfbb760)
    #5 0x7ff5c7b6091a  (/usr/lib/llvm-20/lib/libLLVM.so.20.1+0x3c4491a) (BuildId: b856c61f98abf0989f157f153740fe0fadfbb760)
    #6 0x7ff5c7b6188a  (/usr/lib/llvm-20/lib/libLLVM.so.20.1+0x3c4588a) (BuildId: b856c61f98abf0989f157f153740fe0fadfbb760)
    #7 0x7ff5c7b62b2c  (/usr/lib/llvm-20/lib/libLLVM.so.20.1+0x3c46b2c) (BuildId: b856c61f98abf0989f157f153740fe0fadfbb760)
    #8 0x55ca91648523 in llvm::Target::createTargetMachine(llvm::StringRef, llvm::StringRef, llvm::StringRef, llvm::TargetOptions const&, std::optional<llvm::Reloc::Model>, std::optional<llvm::CodeModel::Model>, llvm::CodeGenOptLevel, bool) const /usr/lib/llvm-20/include/llvm/MC/TargetRegistry.h:462:12
    #9 0x55ca9163a09e in tsc::TargetRegistry::initializeAllTargets() /workspace/src/TargetRegistry.cpp:67:41
    #10 0x55ca9162bdcd in tsc::Compiler::initializeLLVM() /workspace/src/Compiler.cpp:349:14
    #11 0x55ca9162b8b7 in tsc::Compiler::Compiler(tsc::CompilerOptions const&) /workspace/src/Compiler.cpp:24:5
    #12 0x55ca915fd7b5 in main /workspace/src/main.cpp:191:18
    #13 0x7ff5c395a337  (/lib/x86_64-linux-gnu/libc.so.6+0x2a337) (BuildId: 467f544f15035abef911999cbc14489edd0555ab)
    #14 0x7ff5c395a3fa in __libc_start_main (/lib/x86_64-linux-gnu/libc.so.6+0x2a3fa) (BuildId: 467f544f15035abef911999cbc14489edd0555ab)
    #15 0x55ca91511b64 in _start (/workspace/build-asan/tsc+0x74b64) (BuildId: 73a10d7cc646a755f705b0ae57418e68578aec2f)

Indirect leak of 176 byte(s) in 2 object(s) allocated from:
    #0 0x55ca915fa191 in operator new(unsigned long) (/workspace/build-asan/tsc+0x15d191) (BuildId: 73a10d7cc646a755f705b0ae57418e68578aec2f)
    #1 0x7ff5c59b7232  (/usr/lib/llvm-20/lib/libLLVM.so.20.1+0x1a9b232) (BuildId: b856c61f98abf0989f157f153740fe0fadfbb760)
    #2 0x7ff5c6f3998b  (/usr/lib/llvm-20/lib/libLLVM.so.20.1+0x301d98b) (BuildId: b856c61f98abf0989f157f153740fe0fadfbb760)
    #3 0x7ff5c6f398a6  (/usr/lib/llvm-20/lib/libLLVM.so.20.1+0x301d8a6) (BuildId: b856c61f98abf0989f157f153740fe0fadfbb760)
    #4 0x7ff5c7b29736  (/usr/lib/llvm-20/lib/libLLVM.so.20.1+0x3c0d736) (BuildId: b856c61f98abf0989f157f153740fe0fadfbb760)
    #5 0x7ff5c7b6091a  (/usr/lib/llvm-20/lib/libLLVM.so.20.1+0x3c4491a) (BuildId: b856c61f98abf0989f157f153740fe0fadfbb760)
    #6 0x7ff5c7b6188a  (/usr/lib/llvm-20/lib/libLLVM.so.20.1+0x3c4588a) (BuildId: b856c61f98abf0989f157f153740fe0fadfbb760)
    #7 0x7ff5c7b62b2c  (/usr/lib/llvm-20/lib/libLLVM.so.20.1+0x3c46b2c) (BuildId: b856c61f98abf0989f157f153740fe0fadfbb760)
    #8 0x55ca91648523 in llvm::Target::createTargetMachine(llvm::StringRef, llvm::StringRef, llvm::StringRef, llvm::TargetOptions const&, std::optional<llvm::Reloc::Model>, std::optional<llvm::CodeModel::Model>, llvm::CodeGenOptLevel, bool) const /usr/lib/llvm-20/include/llvm/MC/TargetRegistry.h:462:12
    #9 0x55ca9163a09e in tsc::TargetRegistry::initializeAllTargets() /workspace/src/TargetRegistry.cpp:67:41
    #10 0x55ca9162bdcd in tsc::Compiler::initializeLLVM() /workspace/src/Compiler.cpp:349:14
    #11 0x55ca9162b8b7 in tsc::Compiler::Compiler(tsc::CompilerOptions const&) /workspace/src/Compiler.cpp:24:5
    #12 0x55ca915fd7b5 in main /workspace/src/main.cpp:191:18
    #13 0x7ff5c395a337  (/lib/x86_64-linux-gnu/libc.so.6+0x2a337) (BuildId: 467f544f15035abef911999cbc14489edd0555ab)
    #14 0x7ff5c395a3fa in __libc_start_main (/lib/x86_64-linux-gnu/libc.so.6+0x2a3fa) (BuildId: 467f544f15035abef911999cbc14489edd0555ab)
    #15 0x55ca91511b64 in _start (/workspace/build-asan/tsc+0x74b64) (BuildId: 73a10d7cc646a755f705b0ae57418e68578aec2f)

Indirect leak of 176 byte(s) in 2 object(s) allocated from:
    #0 0x55ca915fa191 in operator new(unsigned long) (/workspace/build-asan/tsc+0x15d191) (BuildId: 73a10d7cc646a755f705b0ae57418e68578aec2f)
    #1 0x7ff5c59b7232  (/usr/lib/llvm-20/lib/libLLVM.so.20.1+0x1a9b232) (BuildId: b856c61f98abf0989f157f153740fe0fadfbb760)
    #2 0x7ff5c6f3998b  (/usr/lib/llvm-20/lib/libLLVM.so.20.1+0x301d98b) (BuildId: b856c61f98abf0989f157f153740fe0fadfbb760)
    #3 0x7ff5c6f398a6  (/usr/lib/llvm-20/lib/libLLVM.so.20.1+0x301d8a6) (BuildId: b856c61f98abf0989f157f153740fe0fadfbb760)
    #4 0x7ff5c7b296b8  (/usr/lib/llvm-20/lib/libLLVM.so.20.1+0x3c0d6b8) (BuildId: b856c61f98abf0989f157f153740fe0fadfbb760)
    #5 0x7ff5c7b6091a  (/usr/lib/llvm-20/lib/libLLVM.so.20.1+0x3c4491a) (BuildId: b856c61f98abf0989f157f153740fe0fadfbb760)
    #6 0x7ff5c7b6188a  (/usr/lib/llvm-20/lib/libLLVM.so.20.1+0x3c4588a) (BuildId: b856c61f98abf0989f157f153740fe0fadfbb760)
    #7 0x7ff5c7b62b2c  (/usr/lib/llvm-20/lib/libLLVM.so.20.1+0x3c46b2c) (BuildId: b856c61f98abf0989f157f153740fe0fadfbb760)
    #8 0x55ca91648523 in llvm::Target::createTargetMachine(llvm::StringRef, llvm::StringRef, llvm::StringRef, llvm::TargetOptions const&, std::optional<llvm::Reloc::Model>, std::optional<llvm::CodeModel::Model>, llvm::CodeGenOptLevel, bool) const /usr/lib/llvm-20/include/llvm/MC/TargetRegistry.h:462:12
    #9 0x55ca9163a09e in tsc::TargetRegistry::initializeAllTargets() /workspace/src/TargetRegistry.cpp:67:41
    #10 0x55ca9162bdcd in tsc::Compiler::initializeLLVM() /workspace/src/Compiler.cpp:349:14
    #11 0x55ca9162b8b7 in tsc::Compiler::Compiler(tsc::CompilerOptions const&) /workspace/src/Compiler.cpp:24:5
    #12 0x55ca915fd7b5 in main /workspace/src/main.cpp:191:18
    #13 0x7ff5c395a337  (/lib/x86_64-linux-gnu/libc.so.6+0x2a337) (BuildId: 467f544f15035abef911999cbc14489edd0555ab)
    #14 0x7ff5c395a3fa in __libc_start_main (/lib/x86_64-linux-gnu/libc.so.6+0x2a3fa) (BuildId: 467f544f15035abef911999cbc14489edd0555ab)
    #15 0x55ca91511b64 in _start (/workspace/build-asan/tsc+0x74b64) (BuildId: 73a10d7cc646a755f705b0ae57418e68578aec2f)

Indirect leak of 176 byte(s) in 2 object(s) allocated from:
    #0 0x55ca915fa191 in operator new(unsigned long) (/workspace/build-asan/tsc+0x15d191) (BuildId: 73a10d7cc646a755f705b0ae57418e68578aec2f)
    #1 0x7ff5c59b7232  (/usr/lib/llvm-20/lib/libLLVM.so.20.1+0x1a9b232) (BuildId: b856c61f98abf0989f157f153740fe0fadfbb760)
    #2 0x7ff5c6f3998b  (/usr/lib/llvm-20/lib/libLLVM.so.20.1+0x301d98b) (BuildId: b856c61f98abf0989f157f153740fe0fadfbb760)
    #3 0x7ff5c6f398a6  (/usr/lib/llvm-20/lib/libLLVM.so.20.1+0x301d8a6) (BuildId: b856c61f98abf0989f157f153740fe0fadfbb760)
    #4 0x7ff5c7b294cb  (/usr/lib/llvm-20/lib/libLLVM.so.20.1+0x3c0d4cb) (BuildId: b856c61f98abf0989f157f153740fe0fadfbb760)
    #5 0x7ff5c7b6091a  (/usr/lib/llvm-20/lib/libLLVM.so.20.1+0x3c4491a) (BuildId: b856c61f98abf0989f157f153740fe0fadfbb760)
    #6 0x7ff5c7b6188a  (/usr/lib/llvm-20/lib/libLLVM.so.20.1+0x3c4588a) (BuildId: b856c61f98abf0989f157f153740fe0fadfbb760)
    #7 0x7ff5c7b62b2c  (/usr/lib/llvm-20/lib/libLLVM.so.20.1+0x3c46b2c) (BuildId: b856c61f98abf0989f157f153740fe0fadfbb760)
    #8 0x55ca91648523 in llvm::Target::createTargetMachine(llvm::StringRef, llvm::StringRef, llvm::StringRef, llvm::TargetOptions const&, std::optional<llvm::Reloc::Model>, std::optional<llvm::CodeModel::Model>, llvm::CodeGenOptLevel, bool) const /usr/lib/llvm-20/include/llvm/MC/TargetRegistry.h:462:12
    #9 0x55ca9163a09e in tsc::TargetRegistry::initializeAllTargets() /workspace/src/TargetRegistry.cpp:67:41
    #10 0x55ca9162bdcd in tsc::Compiler::initializeLLVM() /workspace/src/Compiler.cpp:349:14
    #11 0x55ca9162b8b7 in tsc::Compiler::Compiler(tsc::CompilerOptions const&) /workspace/src/Compiler.cpp:24:5
    #12 0x55ca915fd7b5 in main /workspace/src/main.cpp:191:18
    #13 0x7ff5c395a337  (/lib/x86_64-linux-gnu/libc.so.6+0x2a337) (BuildId: 467f544f15035abef911999cbc14489edd0555ab)
    #14 0x7ff5c395a3fa in __libc_start_main (/lib/x86_64-linux-gnu/libc.so.6+0x2a3fa) (BuildId: 467f544f15035abef911999cbc14489edd0555ab)
    #15 0x55ca91511b64 in _start (/workspace/build-asan/tsc+0x74b64) (BuildId: 73a10d7cc646a755f705b0ae57418e68578aec2f)

Indirect leak of 176 byte(s) in 2 object(s) allocated from:
    #0 0x55ca915fa191 in operator new(unsigned long) (/workspace/build-asan/tsc+0x15d191) (BuildId: 73a10d7cc646a755f705b0ae57418e68578aec2f)
    #1 0x7ff5c59b7232  (/usr/lib/llvm-20/lib/libLLVM.so.20.1+0x1a9b232) (BuildId: b856c61f98abf0989f157f153740fe0fadfbb760)
    #2 0x7ff5c6f3998b  (/usr/lib/llvm-20/lib/libLLVM.so.20.1+0x301d98b) (BuildId: b856c61f98abf0989f157f153740fe0fadfbb760)
    #3 0x7ff5c6f398a6  (/usr/lib/llvm-20/lib/libLLVM.so.20.1+0x301d8a6) (BuildId: b856c61f98abf0989f157f153740fe0fadfbb760)
    #4 0x7ff5c7b29336  (/usr/lib/llvm-20/lib/libLLVM.so.20.1+0x3c0d336) (BuildId: b856c61f98abf0989f157f153740fe0fadfbb760)
    #5 0x7ff5c7b6091a  (/usr/lib/llvm-20/lib/libLLVM.so.20.1+0x3c4491a) (BuildId: b856c61f98abf0989f157f153740fe0fadfbb760)
    #6 0x7ff5c7b6188a  (/usr/lib/llvm-20/lib/libLLVM.so.20.1+0x3c4588a) (BuildId: b856c61f98abf0989f157f153740fe0fadfbb760)
    #7 0x7ff5c7b62b2c  (/usr/lib/llvm-20/lib/libLLVM.so.20.1+0x3c46b2c) (BuildId: b856c61f98abf0989f157f153740fe0fadfbb760)
    #8 0x55ca91648523 in llvm::Target::createTargetMachine(llvm::StringRef, llvm::StringRef, llvm::StringRef, llvm::TargetOptions const&, std::optional<llvm::Reloc::Model>, std::optional<llvm::CodeModel::Model>, llvm::CodeGenOptLevel, bool) const /usr/lib/llvm-20/include/llvm/MC/TargetRegistry.h:462:12
    #9 0x55ca9163a09e in tsc::TargetRegistry::initializeAllTargets() /workspace/src/TargetRegistry.cpp:67:41
    #10 0x55ca9162bdcd in tsc::Compiler::initializeLLVM() /workspace/src/Compiler.cpp:349:14
    #11 0x55ca9162b8b7 in tsc::Compiler::Compiler(tsc::CompilerOptions const&) /workspace/src/Compiler.cpp:24:5
    #12 0x55ca915fd7b5 in main /workspace/src/main.cpp:191:18
    #13 0x7ff5c395a337  (/lib/x86_64-linux-gnu/libc.so.6+0x2a337) (BuildId: 467f544f15035abef911999cbc14489edd0555ab)
    #14 0x7ff5c395a3fa in __libc_start_main (/lib/x86_64-linux-gnu/libc.so.6+0x2a3fa) (BuildId: 467f544f15035abef911999cbc14489edd0555ab)
    #15 0x55ca91511b64 in _start (/workspace/build-asan/tsc+0x74b64) (BuildId: 73a10d7cc646a755f705b0ae57418e68578aec2f)

Indirect leak of 176 byte(s) in 2 object(s) allocated from:
    #0 0x55ca915fa191 in operator new(unsigned long) (/workspace/build-asan/tsc+0x15d191) (BuildId: 73a10d7cc646a755f705b0ae57418e68578aec2f)
    #1 0x7ff5c59b7232  (/usr/lib/llvm-20/lib/libLLVM.so.20.1+0x1a9b232) (BuildId: b856c61f98abf0989f157f153740fe0fadfbb760)
    #2 0x7ff5c6f3998b  (/usr/lib/llvm-20/lib/libLLVM.so.20.1+0x301d98b) (BuildId: b856c61f98abf0989f157f153740fe0fadfbb760)
    #3 0x7ff5c6f398a6  (/usr/lib/llvm-20/lib/libLLVM.so.20.1+0x301d8a6) (BuildId: b856c61f98abf0989f157f153740fe0fadfbb760)
    #4 0x7ff5c7b28e38  (/usr/lib/llvm-20/lib/libLLVM.so.20.1+0x3c0ce38) (BuildId: b856c61f98abf0989f157f153740fe0fadfbb760)
    #5 0x7ff5c7b6091a  (/usr/lib/llvm-20/lib/libLLVM.so.20.1+0x3c4491a) (BuildId: b856c61f98abf0989f157f153740fe0fadfbb760)
    #6 0x7ff5c7b6188a  (/usr/lib/llvm-20/lib/libLLVM.so.20.1+0x3c4588a) (BuildId: b856c61f98abf0989f157f153740fe0fadfbb760)
    #7 0x7ff5c7b62b2c  (/usr/lib/llvm-20/lib/libLLVM.so.20.1+0x3c46b2c) (BuildId: b856c61f98abf0989f157f153740fe0fadfbb760)
    #8 0x55ca91648523 in llvm::Target::createTargetMachine(llvm::StringRef, llvm::StringRef, llvm::StringRef, llvm::TargetOptions const&, std::optional<llvm::Reloc::Model>, std::optional<llvm::CodeModel::Model>, llvm::CodeGenOptLevel, bool) const /usr/lib/llvm-20/include/llvm/MC/TargetRegistry.h:462:12
    #9 0x55ca9163a09e in tsc::TargetRegistry::initializeAllTargets() /workspace/src/TargetRegistry.cpp:67:41
    #10 0x55ca9162bdcd in tsc::Compiler::initializeLLVM() /workspace/src/Compiler.cpp:349:14
    #11 0x55ca9162b8b7 in tsc::Compiler::Compiler(tsc::CompilerOptions const&) /workspace/src/Compiler.cpp:24:5
    #12 0x55ca915fd7b5 in main /workspace/src/main.cpp:191:18
    #13 0x7ff5c395a337  (/lib/x86_64-linux-gnu/libc.so.6+0x2a337) (BuildId: 467f544f15035abef911999cbc14489edd0555ab)
    #14 0x7ff5c395a3fa in __libc_start_main (/lib/x86_64-linux-gnu/libc.so.6+0x2a3fa) (BuildId: 467f544f15035abef911999cbc14489edd0555ab)
    #15 0x55ca91511b64 in _start (/workspace/build-asan/tsc+0x74b64) (BuildId: 73a10d7cc646a755f705b0ae57418e68578aec2f)

Indirect leak of 176 byte(s) in 2 object(s) allocated from:
    #0 0x55ca915fa191 in operator new(unsigned long) (/workspace/build-asan/tsc+0x15d191) (BuildId: 73a10d7cc646a755f705b0ae57418e68578aec2f)
    #1 0x7ff5c59b7232  (/usr/lib/llvm-20/lib/libLLVM.so.20.1+0x1a9b232) (BuildId: b856c61f98abf0989f157f153740fe0fadfbb760)
    #2 0x7ff5c6f3998b  (/usr/lib/llvm-20/lib/libLLVM.so.20.1+0x301d98b) (BuildId: b856c61f98abf0989f157f153740fe0fadfbb760)
    #3 0x7ff5c6f398a6  (/usr/lib/llvm-20/lib/libLLVM.so.20.1+0x301d8a6) (BuildId: b856c61f98abf0989f157f153740fe0fadfbb760)
    #4 0x7ff5c7b28a80  (/usr/lib/llvm-20/lib/libLLVM.so.20.1+0x3c0ca80) (BuildId: b856c61f98abf0989f157f153740fe0fadfbb760)
    #5 0x7ff5c7b6091a  (/usr/lib/llvm-20/lib/libLLVM.so.20.1+0x3c4491a) (BuildId: b856c61f98abf0989f157f153740fe0fadfbb760)
    #6 0x7ff5c7b6188a  (/usr/lib/llvm-20/lib/libLLVM.so.20.1+0x3c4588a) (BuildId: b856c61f98abf0989f157f153740fe0fadfbb760)
    #7 0x7ff5c7b62b2c  (/usr/lib/llvm-20/lib/libLLVM.so.20.1+0x3c46b2c) (BuildId: b856c61f98abf0989f157f153740fe0fadfbb760)
    #8 0x55ca91648523 in llvm::Target::createTargetMachine(llvm::StringRef, llvm::StringRef, llvm::StringRef, llvm::TargetOptions const&, std::optional<llvm::Reloc::Model>, std::optional<llvm::CodeModel::Model>, llvm::CodeGenOptLevel, bool) const /usr/lib/llvm-20/include/llvm/MC/TargetRegistry.h:462:12
    #9 0x55ca9163a09e in tsc::TargetRegistry::initializeAllTargets() /workspace/src/TargetRegistry.cpp:67:41
    #10 0x55ca9162bdcd in tsc::Compiler::initializeLLVM() /workspace/src/Compiler.cpp:349:14
    #11 0x55ca9162b8b7 in tsc::Compiler::Compiler(tsc::CompilerOptions const&) /workspace/src/Compiler.cpp:24:5
    #12 0x55ca915fd7b5 in main /workspace/src/main.cpp:191:18
    #13 0x7ff5c395a337  (/lib/x86_64-linux-gnu/libc.so.6+0x2a337) (BuildId: 467f544f15035abef911999cbc14489edd0555ab)
    #14 0x7ff5c395a3fa in __libc_start_main (/lib/x86_64-linux-gnu/libc.so.6+0x2a3fa) (BuildId: 467f544f15035abef911999cbc14489edd0555ab)
    #15 0x55ca91511b64 in _start (/workspace/build-asan/tsc+0x74b64) (BuildId: 73a10d7cc646a755f705b0ae57418e68578aec2f)

Indirect leak of 176 byte(s) in 2 object(s) allocated from:
    #0 0x55ca915fa191 in operator new(unsigned long) (/workspace/build-asan/tsc+0x15d191) (BuildId: 73a10d7cc646a755f705b0ae57418e68578aec2f)
    #1 0x7ff5c59b7232  (/usr/lib/llvm-20/lib/libLLVM.so.20.1+0x1a9b232) (BuildId: b856c61f98abf0989f157f153740fe0fadfbb760)
    #2 0x7ff5c6f3998b  (/usr/lib/llvm-20/lib/libLLVM.so.20.1+0x301d98b) (BuildId: b856c61f98abf0989f157f153740fe0fadfbb760)
    #3 0x7ff5c6f398a6  (/usr/lib/llvm-20/lib/libLLVM.so.20.1+0x301d8a6) (BuildId: b856c61f98abf0989f157f153740fe0fadfbb760)
    #4 0x7ff5c7b2867b  (/usr/lib/llvm-20/lib/libLLVM.so.20.1+0x3c0c67b) (BuildId: b856c61f98abf0989f157f153740fe0fadfbb760)
    #5 0x7ff5c7b6091a  (/usr/lib/llvm-20/lib/libLLVM.so.20.1+0x3c4491a) (BuildId: b856c61f98abf0989f157f153740fe0fadfbb760)
    #6 0x7ff5c7b6188a  (/usr/lib/llvm-20/lib/libLLVM.so.20.1+0x3c4588a) (BuildId: b856c61f98abf0989f157f153740fe0fadfbb760)
    #7 0x7ff5c7b62b2c  (/usr/lib/llvm-20/lib/libLLVM.so.20.1+0x3c46b2c) (BuildId: b856c61f98abf0989f157f153740fe0fadfbb760)
    #8 0x55ca91648523 in llvm::Target::createTargetMachine(llvm::StringRef, llvm::StringRef, llvm::StringRef, llvm::TargetOptions const&, std::optional<llvm::Reloc::Model>, std::optional<llvm::CodeModel::Model>, llvm::CodeGenOptLevel, bool) const /usr/lib/llvm-20/include/llvm/MC/TargetRegistry.h:462:12
    #9 0x55ca9163a09e in tsc::TargetRegistry::initializeAllTargets() /workspace/src/TargetRegistry.cpp:67:41
    #10 0x55ca9162bdcd in tsc::Compiler::initializeLLVM() /workspace/src/Compiler.cpp:349:14
    #11 0x55ca9162b8b7 in tsc::Compiler::Compiler(tsc::CompilerOptions const&) /workspace/src/Compiler.cpp:24:5
    #12 0x55ca915fd7b5 in main /workspace/src/main.cpp:191:18
    #13 0x7ff5c395a337  (/lib/x86_64-linux-gnu/libc.so.6+0x2a337) (BuildId: 467f544f15035abef911999cbc14489edd0555ab)
    #14 0x7ff5c395a3fa in __libc_start_main (/lib/x86_64-linux-gnu/libc.so.6+0x2a3fa) (BuildId: 467f544f15035abef911999cbc14489edd0555ab)
    #15 0x55ca91511b64 in _start (/workspace/build-asan/tsc+0x74b64) (BuildId: 73a10d7cc646a755f705b0ae57418e68578aec2f)

Indirect leak of 176 byte(s) in 2 object(s) allocated from:
    #0 0x55ca915fa191 in operator new(unsigned long) (/workspace/build-asan/tsc+0x15d191) (BuildId: 73a10d7cc646a755f705b0ae57418e68578aec2f)
    #1 0x7ff5c59b7232  (/usr/lib/llvm-20/lib/libLLVM.so.20.1+0x1a9b232) (BuildId: b856c61f98abf0989f157f153740fe0fadfbb760)
    #2 0x7ff5c6f3998b  (/usr/lib/llvm-20/lib/libLLVM.so.20.1+0x301d98b) (BuildId: b856c61f98abf0989f157f153740fe0fadfbb760)
    #3 0x7ff5c6f398a6  (/usr/lib/llvm-20/lib/libLLVM.so.20.1+0x301d8a6) (BuildId: b856c61f98abf0989f157f153740fe0fadfbb760)
    #4 0x7ff5c7b29b91  (/usr/lib/llvm-20/lib/libLLVM.so.20.1+0x3c0db91) (BuildId: b856c61f98abf0989f157f153740fe0fadfbb760)
    #5 0x7ff5c7b6091a  (/usr/lib/llvm-20/lib/libLLVM.so.20.1+0x3c4491a) (BuildId: b856c61f98abf0989f157f153740fe0fadfbb760)
    #6 0x7ff5c7b61710  (/usr/lib/llvm-20/lib/libLLVM.so.20.1+0x3c45710) (BuildId: b856c61f98abf0989f157f153740fe0fadfbb760)
    #7 0x7ff5c7b62b2c  (/usr/lib/llvm-20/lib/libLLVM.so.20.1+0x3c46b2c) (BuildId: b856c61f98abf0989f157f153740fe0fadfbb760)
    #8 0x55ca91648523 in llvm::Target::createTargetMachine(llvm::StringRef, llvm::StringRef, llvm::StringRef, llvm::TargetOptions const&, std::optional<llvm::Reloc::Model>, std::optional<llvm::CodeModel::Model>, llvm::CodeGenOptLevel, bool) const /usr/lib/llvm-20/include/llvm/MC/TargetRegistry.h:462:12
    #9 0x55ca9163a09e in tsc::TargetRegistry::initializeAllTargets() /workspace/src/TargetRegistry.cpp:67:41
    #10 0x55ca9162bdcd in tsc::Compiler::initializeLLVM() /workspace/src/Compiler.cpp:349:14
    #11 0x55ca9162b8b7 in tsc::Compiler::Compiler(tsc::CompilerOptions const&) /workspace/src/Compiler.cpp:24:5
    #12 0x55ca915fd7b5 in main /workspace/src/main.cpp:191:18
    #13 0x7ff5c395a337  (/lib/x86_64-linux-gnu/libc.so.6+0x2a337) (BuildId: 467f544f15035abef911999cbc14489edd0555ab)
    #14 0x7ff5c395a3fa in __libc_start_main (/lib/x86_64-linux-gnu/libc.so.6+0x2a3fa) (BuildId: 467f544f15035abef911999cbc14489edd0555ab)
    #15 0x55ca91511b64 in _start (/workspace/build-asan/tsc+0x74b64) (BuildId: 73a10d7cc646a755f705b0ae57418e68578aec2f)

Indirect leak of 176 byte(s) in 2 object(s) allocated from:
    #0 0x55ca915fa191 in operator new(unsigned long) (/workspace/build-asan/tsc+0x15d191) (BuildId: 73a10d7cc646a755f705b0ae57418e68578aec2f)
    #1 0x7ff5c59b7232  (/usr/lib/llvm-20/lib/libLLVM.so.20.1+0x1a9b232) (BuildId: b856c61f98abf0989f157f153740fe0fadfbb760)
    #2 0x7ff5c6f3998b  (/usr/lib/llvm-20/lib/libLLVM.so.20.1+0x301d98b) (BuildId: b856c61f98abf0989f157f153740fe0fadfbb760)
    #3 0x7ff5c6f398a6  (/usr/lib/llvm-20/lib/libLLVM.so.20.1+0x301d8a6) (BuildId: b856c61f98abf0989f157f153740fe0fadfbb760)
    #4 0x7ff5c7b29aa8  (/usr/lib/llvm-20/lib/libLLVM.so.20.1+0x3c0daa8) (BuildId: b856c61f98abf0989f157f153740fe0fadfbb760)
    #5 0x7ff5c7b6091a  (/usr/lib/llvm-20/lib/libLLVM.so.20.1+0x3c4491a) (BuildId: b856c61f98abf0989f157f153740fe0fadfbb760)
    #6 0x7ff5c7b61710  (/usr/lib/llvm-20/lib/libLLVM.so.20.1+0x3c45710) (BuildId: b856c61f98abf0989f157f153740fe0fadfbb760)
    #7 0x7ff5c7b62b2c  (/usr/lib/llvm-20/lib/libLLVM.so.20.1+0x3c46b2c) (BuildId: b856c61f98abf0989f157f153740fe0fadfbb760)
    #8 0x55ca91648523 in llvm::Target::createTargetMachine(llvm::StringRef, llvm::StringRef, llvm::StringRef, llvm::TargetOptions const&, std::optional<llvm::Reloc::Model>, std::optional<llvm::CodeModel::Model>, llvm::CodeGenOptLevel, bool) const /usr/lib/llvm-20/include/llvm/MC/TargetRegistry.h:462:12
    #9 0x55ca9163a09e in tsc::TargetRegistry::initializeAllTargets() /workspace/src/TargetRegistry.cpp:67:41
    #10 0x55ca9162bdcd in tsc::Compiler::initializeLLVM() /workspace/src/Compiler.cpp:349:14
    #11 0x55ca9162b8b7 in tsc::Compiler::Compiler(tsc::CompilerOptions const&) /workspace/src/Compiler.cpp:24:5
    #12 0x55ca915fd7b5 in main /workspace/src/main.cpp:191:18
    #13 0x7ff5c395a337  (/lib/x86_64-linux-gnu/libc.so.6+0x2a337) (BuildId: 467f544f15035abef911999cbc14489edd0555ab)
    #14 0x7ff5c395a3fa in __libc_start_main (/lib/x86_64-linux-gnu/libc.so.6+0x2a3fa) (BuildId: 467f544f15035abef911999cbc14489edd0555ab)
    #15 0x55ca91511b64 in _start (/workspace/build-asan/tsc+0x74b64) (BuildId: 73a10d7cc646a755f705b0ae57418e68578aec2f)

Indirect leak of 176 byte(s) in 2 object(s) allocated from:
    #0 0x55ca915fa191 in operator new(unsigned long) (/workspace/build-asan/tsc+0x15d191) (BuildId: 73a10d7cc646a755f705b0ae57418e68578aec2f)
    #1 0x7ff5c59b7232  (/usr/lib/llvm-20/lib/libLLVM.so.20.1+0x1a9b232) (BuildId: b856c61f98abf0989f157f153740fe0fadfbb760)
    #2 0x7ff5c6f3998b  (/usr/lib/llvm-20/lib/libLLVM.so.20.1+0x301d98b) (BuildId: b856c61f98abf0989f157f153740fe0fadfbb760)
    #3 0x7ff5c6f398a6  (/usr/lib/llvm-20/lib/libLLVM.so.20.1+0x301d8a6) (BuildId: b856c61f98abf0989f157f153740fe0fadfbb760)
    #4 0x7ff5c7b29882  (/usr/lib/llvm-20/lib/libLLVM.so.20.1+0x3c0d882) (BuildId: b856c61f98abf0989f157f153740fe0fadfbb760)
    #5 0x7ff5c7b6091a  (/usr/lib/llvm-20/lib/libLLVM.so.20.1+0x3c4491a) (BuildId: b856c61f98abf0989f157f153740fe0fadfbb760)
    #6 0x7ff5c7b61710  (/usr/lib/llvm-20/lib/libLLVM.so.20.1+0x3c45710) (BuildId: b856c61f98abf0989f157f153740fe0fadfbb760)
    #7 0x7ff5c7b62b2c  (/usr/lib/llvm-20/lib/libLLVM.so.20.1+0x3c46b2c) (BuildId: b856c61f98abf0989f157f153740fe0fadfbb760)
    #8 0x55ca91648523 in llvm::Target::createTargetMachine(llvm::StringRef, llvm::StringRef, llvm::StringRef, llvm::TargetOptions const&, std::optional<llvm::Reloc::Model>, std::optional<llvm::CodeModel::Model>, llvm::CodeGenOptLevel, bool) const /usr/lib/llvm-20/include/llvm/MC/TargetRegistry.h:462:12
    #9 0x55ca9163a09e in tsc::TargetRegistry::initializeAllTargets() /workspace/src/TargetRegistry.cpp:67:41
    #10 0x55ca9162bdcd in tsc::Compiler::initializeLLVM() /workspace/src/Compiler.cpp:349:14
    #11 0x55ca9162b8b7 in tsc::Compiler::Compiler(tsc::CompilerOptions const&) /workspace/src/Compiler.cpp:24:5
    #12 0x55ca915fd7b5 in main /workspace/src/main.cpp:191:18
    #13 0x7ff5c395a337  (/lib/x86_64-linux-gnu/libc.so.6+0x2a337) (BuildId: 467f544f15035abef911999cbc14489edd0555ab)
    #14 0x7ff5c395a3fa in __libc_start_main (/lib/x86_64-linux-gnu/libc.so.6+0x2a3fa) (BuildId: 467f544f15035abef911999cbc14489edd0555ab)
    #15 0x55ca91511b64 in _start (/workspace/build-asan/tsc+0x74b64) (BuildId: 73a10d7cc646a755f705b0ae57418e68578aec2f)

Indirect leak of 176 byte(s) in 2 object(s) allocated from:
    #0 0x55ca915fa191 in operator new(unsigned long) (/workspace/build-asan/tsc+0x15d191) (BuildId: 73a10d7cc646a755f705b0ae57418e68578aec2f)
    #1 0x7ff5c59b7232  (/usr/lib/llvm-20/lib/libLLVM.so.20.1+0x1a9b232) (BuildId: b856c61f98abf0989f157f153740fe0fadfbb760)
    #2 0x7ff5c6f3998b  (/usr/lib/llvm-20/lib/libLLVM.so.20.1+0x301d98b) (BuildId: b856c61f98abf0989f157f153740fe0fadfbb760)
    #3 0x7ff5c6f398a6  (/usr/lib/llvm-20/lib/libLLVM.so.20.1+0x301d8a6) (BuildId: b856c61f98abf0989f157f153740fe0fadfbb760)
    #4 0x7ff5c7b29794  (/usr/lib/llvm-20/lib/libLLVM.so.20.1+0x3c0d794) (BuildId: b856c61f98abf0989f157f153740fe0fadfbb760)
    #5 0x7ff5c7b6091a  (/usr/lib/llvm-20/lib/libLLVM.so.20.1+0x3c4491a) (BuildId: b856c61f98abf0989f157f153740fe0fadfbb760)
    #6 0x7ff5c7b61710  (/usr/lib/llvm-20/lib/libLLVM.so.20.1+0x3c45710) (BuildId: b856c61f98abf0989f157f153740fe0fadfbb760)
    #7 0x7ff5c7b62b2c  (/usr/lib/llvm-20/lib/libLLVM.so.20.1+0x3c46b2c) (BuildId: b856c61f98abf0989f157f153740fe0fadfbb760)
    #8 0x55ca91648523 in llvm::Target::createTargetMachine(llvm::StringRef, llvm::StringRef, llvm::StringRef, llvm::TargetOptions const&, std::optional<llvm::Reloc::Model>, std::optional<llvm::CodeModel::Model>, llvm::CodeGenOptLevel, bool) const /usr/lib/llvm-20/include/llvm/MC/TargetRegistry.h:462:12
    #9 0x55ca9163a09e in tsc::TargetRegistry::initializeAllTargets() /workspace/src/TargetRegistry.cpp:67:41
    #10 0x55ca9162bdcd in tsc::Compiler::initializeLLVM() /workspace/src/Compiler.cpp:349:14
    #11 0x55ca9162b8b7 in tsc::Compiler::Compiler(tsc::CompilerOptions const&) /workspace/src/Compiler.cpp:24:5
    #12 0x55ca915fd7b5 in main /workspace/src/main.cpp:191:18
    #13 0x7ff5c395a337  (/lib/x86_64-linux-gnu/libc.so.6+0x2a337) (BuildId: 467f544f15035abef911999cbc14489edd0555ab)
    #14 0x7ff5c395a3fa in __libc_start_main (/lib/x86_64-linux-gnu/libc.so.6+0x2a3fa) (BuildId: 467f544f15035abef911999cbc14489edd0555ab)
    #15 0x55ca91511b64 in _start (/workspace/build-asan/tsc+0x74b64) (BuildId: 73a10d7cc646a755f705b0ae57418e68578aec2f)

Indirect leak of 176 byte(s) in 2 object(s) allocated from:
    #0 0x55ca915fa191 in operator new(unsigned long) (/workspace/build-asan/tsc+0x15d191) (BuildId: 73a10d7cc646a755f705b0ae57418e68578aec2f)
    #1 0x7ff5c59b7232  (/usr/lib/llvm-20/lib/libLLVM.so.20.1+0x1a9b232) (BuildId: b856c61f98abf0989f157f153740fe0fadfbb760)
    #2 0x7ff5c6f3998b  (/usr/lib/llvm-20/lib/libLLVM.so.20.1+0x301d98b) (BuildId: b856c61f98abf0989f157f153740fe0fadfbb760)
    #3 0x7ff5c6f398a6  (/usr/lib/llvm-20/lib/libLLVM.so.20.1+0x301d8a6) (BuildId: b856c61f98abf0989f157f153740fe0fadfbb760)
    #4 0x7ff5c7b29736  (/usr/lib/llvm-20/lib/libLLVM.so.20.1+0x3c0d736) (BuildId: b856c61f98abf0989f157f153740fe0fadfbb760)
    #5 0x7ff5c7b6091a  (/usr/lib/llvm-20/lib/libLLVM.so.20.1+0x3c4491a) (BuildId: b856c61f98abf0989f157f153740fe0fadfbb760)
    #6 0x7ff5c7b61710  (/usr/lib/llvm-20/lib/libLLVM.so.20.1+0x3c45710) (BuildId: b856c61f98abf0989f157f153740fe0fadfbb760)
    #7 0x7ff5c7b62b2c  (/usr/lib/llvm-20/lib/libLLVM.so.20.1+0x3c46b2c) (BuildId: b856c61f98abf0989f157f153740fe0fadfbb760)
    #8 0x55ca91648523 in llvm::Target::createTargetMachine(llvm::StringRef, llvm::StringRef, llvm::StringRef, llvm::TargetOptions const&, std::optional<llvm::Reloc::Model>, std::optional<llvm::CodeModel::Model>, llvm::CodeGenOptLevel, bool) const /usr/lib/llvm-20/include/llvm/MC/TargetRegistry.h:462:12
    #9 0x55ca9163a09e in tsc::TargetRegistry::initializeAllTargets() /workspace/src/TargetRegistry.cpp:67:41
    #10 0x55ca9162bdcd in tsc::Compiler::initializeLLVM() /workspace/src/Compiler.cpp:349:14
    #11 0x55ca9162b8b7 in tsc::Compiler::Compiler(tsc::CompilerOptions const&) /workspace/src/Compiler.cpp:24:5
    #12 0x55ca915fd7b5 in main /workspace/src/main.cpp:191:18
    #13 0x7ff5c395a337  (/lib/x86_64-linux-gnu/libc.so.6+0x2a337) (BuildId: 467f544f15035abef911999cbc14489edd0555ab)
    #14 0x7ff5c395a3fa in __libc_start_main (/lib/x86_64-linux-gnu/libc.so.6+0x2a3fa) (BuildId: 467f544f15035abef911999cbc14489edd0555ab)
    #15 0x55ca91511b64 in _start (/workspace/build-asan/tsc+0x74b64) (BuildId: 73a10d7cc646a755f705b0ae57418e68578aec2f)

Indirect leak of 176 byte(s) in 2 object(s) allocated from:
    #0 0x55ca915fa191 in operator new(unsigned long) (/workspace/build-asan/tsc+0x15d191) (BuildId: 73a10d7cc646a755f705b0ae57418e68578aec2f)
    #1 0x7ff5c59b7232  (/usr/lib/llvm-20/lib/libLLVM.so.20.1+0x1a9b232) (BuildId: b856c61f98abf0989f157f153740fe0fadfbb760)
    #2 0x7ff5c6f3998b  (/usr/lib/llvm-20/lib/libLLVM.so.20.1+0x301d98b) (BuildId: b856c61f98abf0989f157f153740fe0fadfbb760)
    #3 0x7ff5c6f398a6  (/usr/lib/llvm-20/lib/libLLVM.so.20.1+0x301d8a6) (BuildId: b856c61f98abf0989f157f153740fe0fadfbb760)
    #4 0x7ff5c7b296b8  (/usr/lib/llvm-20/lib/libLLVM.so.20.1+0x3c0d6b8) (BuildId: b856c61f98abf0989f157f153740fe0fadfbb760)
    #5 0x7ff5c7b6091a  (/usr/lib/llvm-20/lib/libLLVM.so.20.1+0x3c4491a) (BuildId: b856c61f98abf0989f157f153740fe0fadfbb760)
    #6 0x7ff5c7b61710  (/usr/lib/llvm-20/lib/libLLVM.so.20.1+0x3c45710) (BuildId: b856c61f98abf0989f157f153740fe0fadfbb760)
    #7 0x7ff5c7b62b2c  (/usr/lib/llvm-20/lib/libLLVM.so.20.1+0x3c46b2c) (BuildId: b856c61f98abf0989f157f153740fe0fadfbb760)
    #8 0x55ca91648523 in llvm::Target::createTargetMachine(llvm::StringRef, llvm::StringRef, llvm::StringRef, llvm::TargetOptions const&, std::optional<llvm::Reloc::Model>, std::optional<llvm::CodeModel::Model>, llvm::CodeGenOptLevel, bool) const /usr/lib/llvm-20/include/llvm/MC/TargetRegistry.h:462:12
    #9 0x55ca9163a09e in tsc::TargetRegistry::initializeAllTargets() /workspace/src/TargetRegistry.cpp:67:41
    #10 0x55ca9162bdcd in tsc::Compiler::initializeLLVM() /workspace/src/Compiler.cpp:349:14
    #11 0x55ca9162b8b7 in tsc::Compiler::Compiler(tsc::CompilerOptions const&) /workspace/src/Compiler.cpp:24:5
    #12 0x55ca915fd7b5 in main /workspace/src/main.cpp:191:18
    #13 0x7ff5c395a337  (/lib/x86_64-linux-gnu/libc.so.6+0x2a337) (BuildId: 467f544f15035abef911999cbc14489edd0555ab)
    #14 0x7ff5c395a3fa in __libc_start_main (/lib/x86_64-linux-gnu/libc.so.6+0x2a3fa) (BuildId: 467f544f15035abef911999cbc14489edd0555ab)
    #15 0x55ca91511b64 in _start (/workspace/build-asan/tsc+0x74b64) (BuildId: 73a10d7cc646a755f705b0ae57418e68578aec2f)

Indirect leak of 176 byte(s) in 2 object(s) allocated from:
    #0 0x55ca915fa191 in operator new(unsigned long) (/workspace/build-asan/tsc+0x15d191) (BuildId: 73a10d7cc646a755f705b0ae57418e68578aec2f)
    #1 0x7ff5c59b7232  (/usr/lib/llvm-20/lib/libLLVM.so.20.1+0x1a9b232) (BuildId: b856c61f98abf0989f157f153740fe0fadfbb760)
    #2 0x7ff5c6f3998b  (/usr/lib/llvm-20/lib/libLLVM.so.20.1+0x301d98b) (BuildId: b856c61f98abf0989f157f153740fe0fadfbb760)
    #3 0x7ff5c6f398a6  (/usr/lib/llvm-20/lib/libLLVM.so.20.1+0x301d8a6) (BuildId: b856c61f98abf0989f157f153740fe0fadfbb760)
    #4 0x7ff5c7b2919e  (/usr/lib/llvm-20/lib/libLLVM.so.20.1+0x3c0d19e) (BuildId: b856c61f98abf0989f157f153740fe0fadfbb760)
    #5 0x7ff5c7b6091a  (/usr/lib/llvm-20/lib/libLLVM.so.20.1+0x3c4491a) (BuildId: b856c61f98abf0989f157f153740fe0fadfbb760)
    #6 0x7ff5c7b61710  (/usr/lib/llvm-20/lib/libLLVM.so.20.1+0x3c45710) (BuildId: b856c61f98abf0989f157f153740fe0fadfbb760)
    #7 0x7ff5c7b62b2c  (/usr/lib/llvm-20/lib/libLLVM.so.20.1+0x3c46b2c) (BuildId: b856c61f98abf0989f157f153740fe0fadfbb760)
    #8 0x55ca91648523 in llvm::Target::createTargetMachine(llvm::StringRef, llvm::StringRef, llvm::StringRef, llvm::TargetOptions const&, std::optional<llvm::Reloc::Model>, std::optional<llvm::CodeModel::Model>, llvm::CodeGenOptLevel, bool) const /usr/lib/llvm-20/include/llvm/MC/TargetRegistry.h:462:12
    #9 0x55ca9163a09e in tsc::TargetRegistry::initializeAllTargets() /workspace/src/TargetRegistry.cpp:67:41
    #10 0x55ca9162bdcd in tsc::Compiler::initializeLLVM() /workspace/src/Compiler.cpp:349:14
    #11 0x55ca9162b8b7 in tsc::Compiler::Compiler(tsc::CompilerOptions const&) /workspace/src/Compiler.cpp:24:5
    #12 0x55ca915fd7b5 in main /workspace/src/main.cpp:191:18
    #13 0x7ff5c395a337  (/lib/x86_64-linux-gnu/libc.so.6+0x2a337) (BuildId: 467f544f15035abef911999cbc14489edd0555ab)
    #14 0x7ff5c395a3fa in __libc_start_main (/lib/x86_64-linux-gnu/libc.so.6+0x2a3fa) (BuildId: 467f544f15035abef911999cbc14489edd0555ab)
    #15 0x55ca91511b64 in _start (/workspace/build-asan/tsc+0x74b64) (BuildId: 73a10d7cc646a755f705b0ae57418e68578aec2f)

Indirect leak of 176 byte(s) in 2 object(s) allocated from:
    #0 0x55ca915fa191 in operator new(unsigned long) (/workspace/build-asan/tsc+0x15d191) (BuildId: 73a10d7cc646a755f705b0ae57418e68578aec2f)
    #1 0x7ff5c59b7232  (/usr/lib/llvm-20/lib/libLLVM.so.20.1+0x1a9b232) (BuildId: b856c61f98abf0989f157f153740fe0fadfbb760)
    #2 0x7ff5c6f3998b  (/usr/lib/llvm-20/lib/libLLVM.so.20.1+0x301d98b) (BuildId: b856c61f98abf0989f157f153740fe0fadfbb760)
    #3 0x7ff5c6f398a6  (/usr/lib/llvm-20/lib/libLLVM.so.20.1+0x301d8a6) (BuildId: b856c61f98abf0989f157f153740fe0fadfbb760)
    #4 0x7ff5c7b28ae5  (/usr/lib/llvm-20/lib/libLLVM.so.20.1+0x3c0cae5) (BuildId: b856c61f98abf0989f157f153740fe0fadfbb760)
    #5 0x7ff5c7b6091a  (/usr/lib/llvm-20/lib/libLLVM.so.20.1+0x3c4491a) (BuildId: b856c61f98abf0989f157f153740fe0fadfbb760)
    #6 0x7ff5c7b61710  (/usr/lib/llvm-20/lib/libLLVM.so.20.1+0x3c45710) (BuildId: b856c61f98abf0989f157f153740fe0fadfbb760)
    #7 0x7ff5c7b62b2c  (/usr/lib/llvm-20/lib/libLLVM.so.20.1+0x3c46b2c) (BuildId: b856c61f98abf0989f157f153740fe0fadfbb760)
    #8 0x55ca91648523 in llvm::Target::createTargetMachine(llvm::StringRef, llvm::StringRef, llvm::StringRef, llvm::TargetOptions const&, std::optional<llvm::Reloc::Model>, std::optional<llvm::CodeModel::Model>, llvm::CodeGenOptLevel, bool) const /usr/lib/llvm-20/include/llvm/MC/TargetRegistry.h:462:12
    #9 0x55ca9163a09e in tsc::TargetRegistry::initializeAllTargets() /workspace/src/TargetRegistry.cpp:67:41
    #10 0x55ca9162bdcd in tsc::Compiler::initializeLLVM() /workspace/src/Compiler.cpp:349:14
    #11 0x55ca9162b8b7 in tsc::Compiler::Compiler(tsc::CompilerOptions const&) /workspace/src/Compiler.cpp:24:5
    #12 0x55ca915fd7b5 in main /workspace/src/main.cpp:191:18
    #13 0x7ff5c395a337  (/lib/x86_64-linux-gnu/libc.so.6+0x2a337) (BuildId: 467f544f15035abef911999cbc14489edd0555ab)
    #14 0x7ff5c395a3fa in __libc_start_main (/lib/x86_64-linux-gnu/libc.so.6+0x2a3fa) (BuildId: 467f544f15035abef911999cbc14489edd0555ab)
    #15 0x55ca91511b64 in _start (/workspace/build-asan/tsc+0x74b64) (BuildId: 73a10d7cc646a755f705b0ae57418e68578aec2f)

Indirect leak of 176 byte(s) in 2 object(s) allocated from:
    #0 0x55ca915fa191 in operator new(unsigned long) (/workspace/build-asan/tsc+0x15d191) (BuildId: 73a10d7cc646a755f705b0ae57418e68578aec2f)
    #1 0x7ff5c59b7232  (/usr/lib/llvm-20/lib/libLLVM.so.20.1+0x1a9b232) (BuildId: b856c61f98abf0989f157f153740fe0fadfbb760)
    #2 0x7ff5c6f3998b  (/usr/lib/llvm-20/lib/libLLVM.so.20.1+0x301d98b) (BuildId: b856c61f98abf0989f157f153740fe0fadfbb760)
    #3 0x7ff5c6f398a6  (/usr/lib/llvm-20/lib/libLLVM.so.20.1+0x301d8a6) (BuildId: b856c61f98abf0989f157f153740fe0fadfbb760)
    #4 0x7ff5c7b28a80  (/usr/lib/llvm-20/lib/libLLVM.so.20.1+0x3c0ca80) (BuildId: b856c61f98abf0989f157f153740fe0fadfbb760)
    #5 0x7ff5c7b6091a  (/usr/lib/llvm-20/lib/libLLVM.so.20.1+0x3c4491a) (BuildId: b856c61f98abf0989f157f153740fe0fadfbb760)
    #6 0x7ff5c7b61710  (/usr/lib/llvm-20/lib/libLLVM.so.20.1+0x3c45710) (BuildId: b856c61f98abf0989f157f153740fe0fadfbb760)
    #7 0x7ff5c7b62b2c  (/usr/lib/llvm-20/lib/libLLVM.so.20.1+0x3c46b2c) (BuildId: b856c61f98abf0989f157f153740fe0fadfbb760)
    #8 0x55ca91648523 in llvm::Target::createTargetMachine(llvm::StringRef, llvm::StringRef, llvm::StringRef, llvm::TargetOptions const&, std::optional<llvm::Reloc::Model>, std::optional<llvm::CodeModel::Model>, llvm::CodeGenOptLevel, bool) const /usr/lib/llvm-20/include/llvm/MC/TargetRegistry.h:462:12
    #9 0x55ca9163a09e in tsc::TargetRegistry::initializeAllTargets() /workspace/src/TargetRegistry.cpp:67:41
    #10 0x55ca9162bdcd in tsc::Compiler::initializeLLVM() /workspace/src/Compiler.cpp:349:14
    #11 0x55ca9162b8b7 in tsc::Compiler::Compiler(tsc::CompilerOptions const&) /workspace/src/Compiler.cpp:24:5
    #12 0x55ca915fd7b5 in main /workspace/src/main.cpp:191:18
    #13 0x7ff5c395a337  (/lib/x86_64-linux-gnu/libc.so.6+0x2a337) (BuildId: 467f544f15035abef911999cbc14489edd0555ab)
    #14 0x7ff5c395a3fa in __libc_start_main (/lib/x86_64-linux-gnu/libc.so.6+0x2a3fa) (BuildId: 467f544f15035abef911999cbc14489edd0555ab)
    #15 0x55ca91511b64 in _start (/workspace/build-asan/tsc+0x74b64) (BuildId: 73a10d7cc646a755f705b0ae57418e68578aec2f)

Indirect leak of 176 byte(s) in 2 object(s) allocated from:
    #0 0x55ca915fa191 in operator new(unsigned long) (/workspace/build-asan/tsc+0x15d191) (BuildId: 73a10d7cc646a755f705b0ae57418e68578aec2f)
    #1 0x7ff5c59b7232  (/usr/lib/llvm-20/lib/libLLVM.so.20.1+0x1a9b232) (BuildId: b856c61f98abf0989f157f153740fe0fadfbb760)
    #2 0x7ff5c6f3998b  (/usr/lib/llvm-20/lib/libLLVM.so.20.1+0x301d98b) (BuildId: b856c61f98abf0989f157f153740fe0fadfbb760)
    #3 0x7ff5c6f398a6  (/usr/lib/llvm-20/lib/libLLVM.so.20.1+0x301d8a6) (BuildId: b856c61f98abf0989f157f153740fe0fadfbb760)
    #4 0x7ff5c7b2867b  (/usr/lib/llvm-20/lib/libLLVM.so.20.1+0x3c0c67b) (BuildId: b856c61f98abf0989f157f153740fe0fadfbb760)
    #5 0x7ff5c7b6091a  (/usr/lib/llvm-20/lib/libLLVM.so.20.1+0x3c4491a) (BuildId: b856c61f98abf0989f157f153740fe0fadfbb760)
    #6 0x7ff5c7b61710  (/usr/lib/llvm-20/lib/libLLVM.so.20.1+0x3c45710) (BuildId: b856c61f98abf0989f157f153740fe0fadfbb760)
    #7 0x7ff5c7b62b2c  (/usr/lib/llvm-20/lib/libLLVM.so.20.1+0x3c46b2c) (BuildId: b856c61f98abf0989f157f153740fe0fadfbb760)
    #8 0x55ca91648523 in llvm::Target::createTargetMachine(llvm::StringRef, llvm::StringRef, llvm::StringRef, llvm::TargetOptions const&, std::optional<llvm::Reloc::Model>, std::optional<llvm::CodeModel::Model>, llvm::CodeGenOptLevel, bool) const /usr/lib/llvm-20/include/llvm/MC/TargetRegistry.h:462:12
    #9 0x55ca9163a09e in tsc::TargetRegistry::initializeAllTargets() /workspace/src/TargetRegistry.cpp:67:41
    #10 0x55ca9162bdcd in tsc::Compiler::initializeLLVM() /workspace/src/Compiler.cpp:349:14
    #11 0x55ca9162b8b7 in tsc::Compiler::Compiler(tsc::CompilerOptions const&) /workspace/src/Compiler.cpp:24:5
    #12 0x55ca915fd7b5 in main /workspace/src/main.cpp:191:18
    #13 0x7ff5c395a337  (/lib/x86_64-linux-gnu/libc.so.6+0x2a337) (BuildId: 467f544f15035abef911999cbc14489edd0555ab)
    #14 0x7ff5c395a3fa in __libc_start_main (/lib/x86_64-linux-gnu/libc.so.6+0x2a3fa) (BuildId: 467f544f15035abef911999cbc14489edd0555ab)
    #15 0x55ca91511b64 in _start (/workspace/build-asan/tsc+0x74b64) (BuildId: 73a10d7cc646a755f705b0ae57418e68578aec2f)

Indirect leak of 176 byte(s) in 2 object(s) allocated from:
    #0 0x55ca915fa191 in operator new(unsigned long) (/workspace/build-asan/tsc+0x15d191) (BuildId: 73a10d7cc646a755f705b0ae57418e68578aec2f)
    #1 0x7ff5c59b7232  (/usr/lib/llvm-20/lib/libLLVM.so.20.1+0x1a9b232) (BuildId: b856c61f98abf0989f157f153740fe0fadfbb760)
    #2 0x7ff5c6f3998b  (/usr/lib/llvm-20/lib/libLLVM.so.20.1+0x301d98b) (BuildId: b856c61f98abf0989f157f153740fe0fadfbb760)
    #3 0x7ff5c6f398a6  (/usr/lib/llvm-20/lib/libLLVM.so.20.1+0x301d8a6) (BuildId: b856c61f98abf0989f157f153740fe0fadfbb760)
    #4 0x7ff5c7b28e38  (/usr/lib/llvm-20/lib/libLLVM.so.20.1+0x3c0ce38) (BuildId: b856c61f98abf0989f157f153740fe0fadfbb760)
    #5 0x7ff5c7b6091a  (/usr/lib/llvm-20/lib/libLLVM.so.20.1+0x3c4491a) (BuildId: b856c61f98abf0989f157f153740fe0fadfbb760)
    #6 0x7ff5c7b61710  (/usr/lib/llvm-20/lib/libLLVM.so.20.1+0x3c45710) (BuildId: b856c61f98abf0989f157f153740fe0fadfbb760)
    #7 0x7ff5c7b62b2c  (/usr/lib/llvm-20/lib/libLLVM.so.20.1+0x3c46b2c) (BuildId: b856c61f98abf0989f157f153740fe0fadfbb760)
    #8 0x55ca91648523 in llvm::Target::createTargetMachine(llvm::StringRef, llvm::StringRef, llvm::StringRef, llvm::TargetOptions const&, std::optional<llvm::Reloc::Model>, std::optional<llvm::CodeModel::Model>, llvm::CodeGenOptLevel, bool) const /usr/lib/llvm-20/include/llvm/MC/TargetRegistry.h:462:12
    #9 0x55ca9163a09e in tsc::TargetRegistry::initializeAllTargets() /workspace/src/TargetRegistry.cpp:67:41
    #10 0x55ca9162bdcd in tsc::Compiler::initializeLLVM() /workspace/src/Compiler.cpp:349:14
    #11 0x55ca9162b8b7 in tsc::Compiler::Compiler(tsc::CompilerOptions const&) /workspace/src/Compiler.cpp:24:5
    #12 0x55ca915fd7b5 in main /workspace/src/main.cpp:191:18
    #13 0x7ff5c395a337  (/lib/x86_64-linux-gnu/libc.so.6+0x2a337) (BuildId: 467f544f15035abef911999cbc14489edd0555ab)
    #14 0x7ff5c395a3fa in __libc_start_main (/lib/x86_64-linux-gnu/libc.so.6+0x2a3fa) (BuildId: 467f544f15035abef911999cbc14489edd0555ab)
    #15 0x55ca91511b64 in _start (/workspace/build-asan/tsc+0x74b64) (BuildId: 73a10d7cc646a755f705b0ae57418e68578aec2f)

Indirect leak of 176 byte(s) in 2 object(s) allocated from:
    #0 0x55ca915fa191 in operator new(unsigned long) (/workspace/build-asan/tsc+0x15d191) (BuildId: 73a10d7cc646a755f705b0ae57418e68578aec2f)
    #1 0x7ff5c59b7232  (/usr/lib/llvm-20/lib/libLLVM.so.20.1+0x1a9b232) (BuildId: b856c61f98abf0989f157f153740fe0fadfbb760)
    #2 0x7ff5c6f3998b  (/usr/lib/llvm-20/lib/libLLVM.so.20.1+0x301d98b) (BuildId: b856c61f98abf0989f157f153740fe0fadfbb760)
    #3 0x7ff5c6f398a6  (/usr/lib/llvm-20/lib/libLLVM.so.20.1+0x301d8a6) (BuildId: b856c61f98abf0989f157f153740fe0fadfbb760)
    #4 0x7ff5c7b29336  (/usr/lib/llvm-20/lib/libLLVM.so.20.1+0x3c0d336) (BuildId: b856c61f98abf0989f157f153740fe0fadfbb760)
    #5 0x7ff5c7b6091a  (/usr/lib/llvm-20/lib/libLLVM.so.20.1+0x3c4491a) (BuildId: b856c61f98abf0989f157f153740fe0fadfbb760)
    #6 0x7ff5c7b61710  (/usr/lib/llvm-20/lib/libLLVM.so.20.1+0x3c45710) (BuildId: b856c61f98abf0989f157f153740fe0fadfbb760)
    #7 0x7ff5c7b62b2c  (/usr/lib/llvm-20/lib/libLLVM.so.20.1+0x3c46b2c) (BuildId: b856c61f98abf0989f157f153740fe0fadfbb760)
    #8 0x55ca91648523 in llvm::Target::createTargetMachine(llvm::StringRef, llvm::StringRef, llvm::StringRef, llvm::TargetOptions const&, std::optional<llvm::Reloc::Model>, std::optional<llvm::CodeModel::Model>, llvm::CodeGenOptLevel, bool) const /usr/lib/llvm-20/include/llvm/MC/TargetRegistry.h:462:12
    #9 0x55ca9163a09e in tsc::TargetRegistry::initializeAllTargets() /workspace/src/TargetRegistry.cpp:67:41
    #10 0x55ca9162bdcd in tsc::Compiler::initializeLLVM() /workspace/src/Compiler.cpp:349:14
    #11 0x55ca9162b8b7 in tsc::Compiler::Compiler(tsc::CompilerOptions const&) /workspace/src/Compiler.cpp:24:5
    #12 0x55ca915fd7b5 in main /workspace/src/main.cpp:191:18
    #13 0x7ff5c395a337  (/lib/x86_64-linux-gnu/libc.so.6+0x2a337) (BuildId: 467f544f15035abef911999cbc14489edd0555ab)
    #14 0x7ff5c395a3fa in __libc_start_main (/lib/x86_64-linux-gnu/libc.so.6+0x2a3fa) (BuildId: 467f544f15035abef911999cbc14489edd0555ab)
    #15 0x55ca91511b64 in _start (/workspace/build-asan/tsc+0x74b64) (BuildId: 73a10d7cc646a755f705b0ae57418e68578aec2f)

Indirect leak of 168 byte(s) in 1 object(s) allocated from:
    #0 0x55ca915b5858 in malloc (/workspace/build-asan/tsc+0x118858) (BuildId: 73a10d7cc646a755f705b0ae57418e68578aec2f)
    #1 0x7ff5c4ec89b9 in llvm::SmallVectorBase<unsigned int>::grow_pod(void*, unsigned long, unsigned long) (/usr/lib/llvm-20/lib/libLLVM.so.20.1+0xfac9b9) (BuildId: b856c61f98abf0989f157f153740fe0fadfbb760)
    #2 0x7ff5c4ff84dc  (/usr/lib/llvm-20/lib/libLLVM.so.20.1+0x10dc4dc) (BuildId: b856c61f98abf0989f157f153740fe0fadfbb760)
    #3 0x7ff5c4ff4d11 in llvm::DataLayout::setPrimitiveSpec(char, unsigned int, llvm::Align, llvm::Align) (/usr/lib/llvm-20/lib/libLLVM.so.20.1+0x10d8d11) (BuildId: b856c61f98abf0989f157f153740fe0fadfbb760)
    #4 0x7ff5c4ff4783 in llvm::DataLayout::parsePrimitiveSpec(llvm::StringRef) (/usr/lib/llvm-20/lib/libLLVM.so.20.1+0x10d8783) (BuildId: b856c61f98abf0989f157f153740fe0fadfbb760)
    #5 0x7ff5c4ff5644 in llvm::DataLayout::parseSpecification(llvm::StringRef, llvm::SmallVectorImpl<unsigned int>&) (/usr/lib/llvm-20/lib/libLLVM.so.20.1+0x10d9644) (BuildId: b856c61f98abf0989f157f153740fe0fadfbb760)
    #6 0x7ff5c4ff3cb4 in llvm::DataLayout::parseLayoutString(llvm::StringRef) (/usr/lib/llvm-20/lib/libLLVM.so.20.1+0x10d7cb4) (BuildId: b856c61f98abf0989f157f153740fe0fadfbb760)
    #7 0x7ff5c4ff3744 in llvm::DataLayout::DataLayout(llvm::StringRef) (/usr/lib/llvm-20/lib/libLLVM.so.20.1+0x10d7744) (BuildId: b856c61f98abf0989f157f153740fe0fadfbb760)
    #8 0x7ff5c6ef490c in llvm::TargetMachine::TargetMachine(llvm::Target const&, llvm::StringRef, llvm::Triple const&, llvm::StringRef, llvm::StringRef, llvm::TargetOptions const&) (/usr/lib/llvm-20/lib/libLLVM.so.20.1+0x2fd890c) (BuildId: b856c61f98abf0989f157f153740fe0fadfbb760)
    #9 0x7ff5c52d0937 in llvm::CodeGenTargetMachineImpl::CodeGenTargetMachineImpl(llvm::Target const&, llvm::StringRef, llvm::Triple const&, llvm::StringRef, llvm::StringRef, llvm::TargetOptions const&, llvm::Reloc::Model, llvm::CodeModel::Model, llvm::CodeGenOptLevel) (/usr/lib/llvm-20/lib/libLLVM.so.20.1+0x13b4937) (BuildId: b856c61f98abf0989f157f153740fe0fadfbb760)
    #10 0x7ff5c7331fcf  (/usr/lib/llvm-20/lib/libLLVM.so.20.1+0x3415fcf) (BuildId: b856c61f98abf0989f157f153740fe0fadfbb760)
    #11 0x7ff5c73e5e9c  (/usr/lib/llvm-20/lib/libLLVM.so.20.1+0x34c9e9c) (BuildId: b856c61f98abf0989f157f153740fe0fadfbb760)
    #12 0x7ff5c73471fd  (/usr/lib/llvm-20/lib/libLLVM.so.20.1+0x342b1fd) (BuildId: b856c61f98abf0989f157f153740fe0fadfbb760)
    #13 0x55ca91648523 in llvm::Target::createTargetMachine(llvm::StringRef, llvm::StringRef, llvm::StringRef, llvm::TargetOptions const&, std::optional<llvm::Reloc::Model>, std::optional<llvm::CodeModel::Model>, llvm::CodeGenOptLevel, bool) const /usr/lib/llvm-20/include/llvm/MC/TargetRegistry.h:462:12
    #14 0x55ca9163a09e in tsc::TargetRegistry::initializeAllTargets() /workspace/src/TargetRegistry.cpp:67:41
    #15 0x55ca9162bdcd in tsc::Compiler::initializeLLVM() /workspace/src/Compiler.cpp:349:14
    #16 0x55ca9162b8b7 in tsc::Compiler::Compiler(tsc::CompilerOptions const&) /workspace/src/Compiler.cpp:24:5
    #17 0x55ca915fd7b5 in main /workspace/src/main.cpp:191:18
    #18 0x7ff5c395a337  (/lib/x86_64-linux-gnu/libc.so.6+0x2a337) (BuildId: 467f544f15035abef911999cbc14489edd0555ab)
    #19 0x7ff5c395a3fa in __libc_start_main (/lib/x86_64-linux-gnu/libc.so.6+0x2a3fa) (BuildId: 467f544f15035abef911999cbc14489edd0555ab)
    #20 0x55ca91511b64 in _start (/workspace/build-asan/tsc+0x74b64) (BuildId: 73a10d7cc646a755f705b0ae57418e68578aec2f)

Indirect leak of 168 byte(s) in 1 object(s) allocated from:
    #0 0x55ca915b5858 in malloc (/workspace/build-asan/tsc+0x118858) (BuildId: 73a10d7cc646a755f705b0ae57418e68578aec2f)
    #1 0x7ff5c4ec89b9 in llvm::SmallVectorBase<unsigned int>::grow_pod(void*, unsigned long, unsigned long) (/usr/lib/llvm-20/lib/libLLVM.so.20.1+0xfac9b9) (BuildId: b856c61f98abf0989f157f153740fe0fadfbb760)
    #2 0x7ff5c4ff84dc  (/usr/lib/llvm-20/lib/libLLVM.so.20.1+0x10dc4dc) (BuildId: b856c61f98abf0989f157f153740fe0fadfbb760)
    #3 0x7ff5c4ff4d11 in llvm::DataLayout::setPrimitiveSpec(char, unsigned int, llvm::Align, llvm::Align) (/usr/lib/llvm-20/lib/libLLVM.so.20.1+0x10d8d11) (BuildId: b856c61f98abf0989f157f153740fe0fadfbb760)
    #4 0x7ff5c4ff4783 in llvm::DataLayout::parsePrimitiveSpec(llvm::StringRef) (/usr/lib/llvm-20/lib/libLLVM.so.20.1+0x10d8783) (BuildId: b856c61f98abf0989f157f153740fe0fadfbb760)
    #5 0x7ff5c4ff5644 in llvm::DataLayout::parseSpecification(llvm::StringRef, llvm::SmallVectorImpl<unsigned int>&) (/usr/lib/llvm-20/lib/libLLVM.so.20.1+0x10d9644) (BuildId: b856c61f98abf0989f157f153740fe0fadfbb760)
    #6 0x7ff5c4ff3cb4 in llvm::DataLayout::parseLayoutString(llvm::StringRef) (/usr/lib/llvm-20/lib/libLLVM.so.20.1+0x10d7cb4) (BuildId: b856c61f98abf0989f157f153740fe0fadfbb760)
    #7 0x7ff5c4ff3744 in llvm::DataLayout::DataLayout(llvm::StringRef) (/usr/lib/llvm-20/lib/libLLVM.so.20.1+0x10d7744) (BuildId: b856c61f98abf0989f157f153740fe0fadfbb760)
    #8 0x7ff5c6ef490c in llvm::TargetMachine::TargetMachine(llvm::Target const&, llvm::StringRef, llvm::Triple const&, llvm::StringRef, llvm::StringRef, llvm::TargetOptions const&) (/usr/lib/llvm-20/lib/libLLVM.so.20.1+0x2fd890c) (BuildId: b856c61f98abf0989f157f153740fe0fadfbb760)
    #9 0x7ff5c52d0937 in llvm::CodeGenTargetMachineImpl::CodeGenTargetMachineImpl(llvm::Target const&, llvm::StringRef, llvm::Triple const&, llvm::StringRef, llvm::StringRef, llvm::TargetOptions const&, llvm::Reloc::Model, llvm::CodeModel::Model, llvm::CodeGenOptLevel) (/usr/lib/llvm-20/lib/libLLVM.so.20.1+0x13b4937) (BuildId: b856c61f98abf0989f157f153740fe0fadfbb760)
    #10 0x7ff5c7331fcf  (/usr/lib/llvm-20/lib/libLLVM.so.20.1+0x3415fcf) (BuildId: b856c61f98abf0989f157f153740fe0fadfbb760)
    #11 0x7ff5c734729c  (/usr/lib/llvm-20/lib/libLLVM.so.20.1+0x342b29c) (BuildId: b856c61f98abf0989f157f153740fe0fadfbb760)
    #12 0x55ca91648523 in llvm::Target::createTargetMachine(llvm::StringRef, llvm::StringRef, llvm::StringRef, llvm::TargetOptions const&, std::optional<llvm::Reloc::Model>, std::optional<llvm::CodeModel::Model>, llvm::CodeGenOptLevel, bool) const /usr/lib/llvm-20/include/llvm/MC/TargetRegistry.h:462:12
    #13 0x55ca9163a09e in tsc::TargetRegistry::initializeAllTargets() /workspace/src/TargetRegistry.cpp:67:41
    #14 0x55ca9162bdcd in tsc::Compiler::initializeLLVM() /workspace/src/Compiler.cpp:349:14
    #15 0x55ca9162b8b7 in tsc::Compiler::Compiler(tsc::CompilerOptions const&) /workspace/src/Compiler.cpp:24:5
    #16 0x55ca915fd7b5 in main /workspace/src/main.cpp:191:18
    #17 0x7ff5c395a337  (/lib/x86_64-linux-gnu/libc.so.6+0x2a337) (BuildId: 467f544f15035abef911999cbc14489edd0555ab)
    #18 0x7ff5c395a3fa in __libc_start_main (/lib/x86_64-linux-gnu/libc.so.6+0x2a3fa) (BuildId: 467f544f15035abef911999cbc14489edd0555ab)
    #19 0x55ca91511b64 in _start (/workspace/build-asan/tsc+0x74b64) (BuildId: 73a10d7cc646a755f705b0ae57418e68578aec2f)

Indirect leak of 168 byte(s) in 3 object(s) allocated from:
    #0 0x55ca915fa191 in operator new(unsigned long) (/workspace/build-asan/tsc+0x15d191) (BuildId: 73a10d7cc646a755f705b0ae57418e68578aec2f)
    #1 0x7ff5c59b6da2  (/usr/lib/llvm-20/lib/libLLVM.so.20.1+0x1a9ada2) (BuildId: b856c61f98abf0989f157f153740fe0fadfbb760)
    #2 0x7ff5c6f3b039  (/usr/lib/llvm-20/lib/libLLVM.so.20.1+0x301f039) (BuildId: b856c61f98abf0989f157f153740fe0fadfbb760)
    #3 0x7ff5c6f3af97  (/usr/lib/llvm-20/lib/libLLVM.so.20.1+0x301ef97) (BuildId: b856c61f98abf0989f157f153740fe0fadfbb760)
    #4 0x7ff5c6f3998b  (/usr/lib/llvm-20/lib/libLLVM.so.20.1+0x301d98b) (BuildId: b856c61f98abf0989f157f153740fe0fadfbb760)
    #5 0x7ff5c6f398a6  (/usr/lib/llvm-20/lib/libLLVM.so.20.1+0x301d8a6) (BuildId: b856c61f98abf0989f157f153740fe0fadfbb760)
    #6 0x7ff5c6f3aa71  (/usr/lib/llvm-20/lib/libLLVM.so.20.1+0x301ea71) (BuildId: b856c61f98abf0989f157f153740fe0fadfbb760)
    #7 0x7ff5c7f5a5d5  (/usr/lib/llvm-20/lib/libLLVM.so.20.1+0x403e5d5) (BuildId: b856c61f98abf0989f157f153740fe0fadfbb760)
    #8 0x7ff5c7f81ab1  (/usr/lib/llvm-20/lib/libLLVM.so.20.1+0x4065ab1) (BuildId: b856c61f98abf0989f157f153740fe0fadfbb760)
    #9 0x7ff5c7f83c8f  (/usr/lib/llvm-20/lib/libLLVM.so.20.1+0x4067c8f) (BuildId: b856c61f98abf0989f157f153740fe0fadfbb760)
    #10 0x7ff5c7f8526a  (/usr/lib/llvm-20/lib/libLLVM.so.20.1+0x406926a) (BuildId: b856c61f98abf0989f157f153740fe0fadfbb760)
    #11 0x55ca91648523 in llvm::Target::createTargetMachine(llvm::StringRef, llvm::StringRef, llvm::StringRef, llvm::TargetOptions const&, std::optional<llvm::Reloc::Model>, std::optional<llvm::CodeModel::Model>, llvm::CodeGenOptLevel, bool) const /usr/lib/llvm-20/include/llvm/MC/TargetRegistry.h:462:12
    #12 0x55ca9163a09e in tsc::TargetRegistry::initializeAllTargets() /workspace/src/TargetRegistry.cpp:67:41
    #13 0x55ca9162bdcd in tsc::Compiler::initializeLLVM() /workspace/src/Compiler.cpp:349:14
    #14 0x55ca9162b8b7 in tsc::Compiler::Compiler(tsc::CompilerOptions const&) /workspace/src/Compiler.cpp:24:5
    #15 0x55ca915fd7b5 in main /workspace/src/main.cpp:191:18
    #16 0x7ff5c395a337  (/lib/x86_64-linux-gnu/libc.so.6+0x2a337) (BuildId: 467f544f15035abef911999cbc14489edd0555ab)
    #17 0x7ff5c395a3fa in __libc_start_main (/lib/x86_64-linux-gnu/libc.so.6+0x2a3fa) (BuildId: 467f544f15035abef911999cbc14489edd0555ab)
    #18 0x55ca91511b64 in _start (/workspace/build-asan/tsc+0x74b64) (BuildId: 73a10d7cc646a755f705b0ae57418e68578aec2f)

Indirect leak of 168 byte(s) in 3 object(s) allocated from:
    #0 0x55ca915fa191 in operator new(unsigned long) (/workspace/build-asan/tsc+0x15d191) (BuildId: 73a10d7cc646a755f705b0ae57418e68578aec2f)
    #1 0x7ff5c59b6da2  (/usr/lib/llvm-20/lib/libLLVM.so.20.1+0x1a9ada2) (BuildId: b856c61f98abf0989f157f153740fe0fadfbb760)
    #2 0x7ff5c6f3b008  (/usr/lib/llvm-20/lib/libLLVM.so.20.1+0x301f008) (BuildId: b856c61f98abf0989f157f153740fe0fadfbb760)
    #3 0x7ff5c6f3af97  (/usr/lib/llvm-20/lib/libLLVM.so.20.1+0x301ef97) (BuildId: b856c61f98abf0989f157f153740fe0fadfbb760)
    #4 0x7ff5c6f3998b  (/usr/lib/llvm-20/lib/libLLVM.so.20.1+0x301d98b) (BuildId: b856c61f98abf0989f157f153740fe0fadfbb760)
    #5 0x7ff5c6f398a6  (/usr/lib/llvm-20/lib/libLLVM.so.20.1+0x301d8a6) (BuildId: b856c61f98abf0989f157f153740fe0fadfbb760)
    #6 0x7ff5c6f3aa71  (/usr/lib/llvm-20/lib/libLLVM.so.20.1+0x301ea71) (BuildId: b856c61f98abf0989f157f153740fe0fadfbb760)
    #7 0x7ff5c7f5a5d5  (/usr/lib/llvm-20/lib/libLLVM.so.20.1+0x403e5d5) (BuildId: b856c61f98abf0989f157f153740fe0fadfbb760)
    #8 0x7ff5c7f81ab1  (/usr/lib/llvm-20/lib/libLLVM.so.20.1+0x4065ab1) (BuildId: b856c61f98abf0989f157f153740fe0fadfbb760)
    #9 0x7ff5c7f83c8f  (/usr/lib/llvm-20/lib/libLLVM.so.20.1+0x4067c8f) (BuildId: b856c61f98abf0989f157f153740fe0fadfbb760)
    #10 0x7ff5c7f8526a  (/usr/lib/llvm-20/lib/libLLVM.so.20.1+0x406926a) (BuildId: b856c61f98abf0989f157f153740fe0fadfbb760)
    #11 0x55ca91648523 in llvm::Target::createTargetMachine(llvm::StringRef, llvm::StringRef, llvm::StringRef, llvm::TargetOptions const&, std::optional<llvm::Reloc::Model>, std::optional<llvm::CodeModel::Model>, llvm::CodeGenOptLevel, bool) const /usr/lib/llvm-20/include/llvm/MC/TargetRegistry.h:462:12
    #12 0x55ca9163a09e in tsc::TargetRegistry::initializeAllTargets() /workspace/src/TargetRegistry.cpp:67:41
    #13 0x55ca9162bdcd in tsc::Compiler::initializeLLVM() /workspace/src/Compiler.cpp:349:14
    #14 0x55ca9162b8b7 in tsc::Compiler::Compiler(tsc::CompilerOptions const&) /workspace/src/Compiler.cpp:24:5
    #15 0x55ca915fd7b5 in main /workspace/src/main.cpp:191:18
    #16 0x7ff5c395a337  (/lib/x86_64-linux-gnu/libc.so.6+0x2a337) (BuildId: 467f544f15035abef911999cbc14489edd0555ab)
    #17 0x7ff5c395a3fa in __libc_start_main (/lib/x86_64-linux-gnu/libc.so.6+0x2a3fa) (BuildId: 467f544f15035abef911999cbc14489edd0555ab)
    #18 0x55ca91511b64 in _start (/workspace/build-asan/tsc+0x74b64) (BuildId: 73a10d7cc646a755f705b0ae57418e68578aec2f)

Indirect leak of 168 byte(s) in 3 object(s) allocated from:
    #0 0x55ca915fa191 in operator new(unsigned long) (/workspace/build-asan/tsc+0x15d191) (BuildId: 73a10d7cc646a755f705b0ae57418e68578aec2f)
    #1 0x7ff5c59b6da2  (/usr/lib/llvm-20/lib/libLLVM.so.20.1+0x1a9ada2) (BuildId: b856c61f98abf0989f157f153740fe0fadfbb760)
    #2 0x7ff5c6f3b039  (/usr/lib/llvm-20/lib/libLLVM.so.20.1+0x301f039) (BuildId: b856c61f98abf0989f157f153740fe0fadfbb760)
    #3 0x7ff5c6f3af97  (/usr/lib/llvm-20/lib/libLLVM.so.20.1+0x301ef97) (BuildId: b856c61f98abf0989f157f153740fe0fadfbb760)
    #4 0x7ff5c6f3998b  (/usr/lib/llvm-20/lib/libLLVM.so.20.1+0x301d98b) (BuildId: b856c61f98abf0989f157f153740fe0fadfbb760)
    #5 0x7ff5c6f398a6  (/usr/lib/llvm-20/lib/libLLVM.so.20.1+0x301d8a6) (BuildId: b856c61f98abf0989f157f153740fe0fadfbb760)
    #6 0x7ff5c6f3aa71  (/usr/lib/llvm-20/lib/libLLVM.so.20.1+0x301ea71) (BuildId: b856c61f98abf0989f157f153740fe0fadfbb760)
    #7 0x7ff5c7f5a5a9  (/usr/lib/llvm-20/lib/libLLVM.so.20.1+0x403e5a9) (BuildId: b856c61f98abf0989f157f153740fe0fadfbb760)
    #8 0x7ff5c7f81ab1  (/usr/lib/llvm-20/lib/libLLVM.so.20.1+0x4065ab1) (BuildId: b856c61f98abf0989f157f153740fe0fadfbb760)
    #9 0x7ff5c7f83c8f  (/usr/lib/llvm-20/lib/libLLVM.so.20.1+0x4067c8f) (BuildId: b856c61f98abf0989f157f153740fe0fadfbb760)
    #10 0x7ff5c7f8526a  (/usr/lib/llvm-20/lib/libLLVM.so.20.1+0x406926a) (BuildId: b856c61f98abf0989f157f153740fe0fadfbb760)
    #11 0x55ca91648523 in llvm::Target::createTargetMachine(llvm::StringRef, llvm::StringRef, llvm::StringRef, llvm::TargetOptions const&, std::optional<llvm::Reloc::Model>, std::optional<llvm::CodeModel::Model>, llvm::CodeGenOptLevel, bool) const /usr/lib/llvm-20/include/llvm/MC/TargetRegistry.h:462:12
    #12 0x55ca9163a09e in tsc::TargetRegistry::initializeAllTargets() /workspace/src/TargetRegistry.cpp:67:41
    #13 0x55ca9162bdcd in tsc::Compiler::initializeLLVM() /workspace/src/Compiler.cpp:349:14
    #14 0x55ca9162b8b7 in tsc::Compiler::Compiler(tsc::CompilerOptions const&) /workspace/src/Compiler.cpp:24:5
    #15 0x55ca915fd7b5 in main /workspace/src/main.cpp:191:18
    #16 0x7ff5c395a337  (/lib/x86_64-linux-gnu/libc.so.6+0x2a337) (BuildId: 467f544f15035abef911999cbc14489edd0555ab)
    #17 0x7ff5c395a3fa in __libc_start_main (/lib/x86_64-linux-gnu/libc.so.6+0x2a3fa) (BuildId: 467f544f15035abef911999cbc14489edd0555ab)
    #18 0x55ca91511b64 in _start (/workspace/build-asan/tsc+0x74b64) (BuildId: 73a10d7cc646a755f705b0ae57418e68578aec2f)

Indirect leak of 168 byte(s) in 3 object(s) allocated from:
    #0 0x55ca915fa191 in operator new(unsigned long) (/workspace/build-asan/tsc+0x15d191) (BuildId: 73a10d7cc646a755f705b0ae57418e68578aec2f)
    #1 0x7ff5c59b6da2  (/usr/lib/llvm-20/lib/libLLVM.so.20.1+0x1a9ada2) (BuildId: b856c61f98abf0989f157f153740fe0fadfbb760)
    #2 0x7ff5c6f3b008  (/usr/lib/llvm-20/lib/libLLVM.so.20.1+0x301f008) (BuildId: b856c61f98abf0989f157f153740fe0fadfbb760)
    #3 0x7ff5c6f3af97  (/usr/lib/llvm-20/lib/libLLVM.so.20.1+0x301ef97) (BuildId: b856c61f98abf0989f157f153740fe0fadfbb760)
    #4 0x7ff5c6f3998b  (/usr/lib/llvm-20/lib/libLLVM.so.20.1+0x301d98b) (BuildId: b856c61f98abf0989f157f153740fe0fadfbb760)
    #5 0x7ff5c6f398a6  (/usr/lib/llvm-20/lib/libLLVM.so.20.1+0x301d8a6) (BuildId: b856c61f98abf0989f157f153740fe0fadfbb760)
    #6 0x7ff5c6f3aa71  (/usr/lib/llvm-20/lib/libLLVM.so.20.1+0x301ea71) (BuildId: b856c61f98abf0989f157f153740fe0fadfbb760)
    #7 0x7ff5c7f5a5a9  (/usr/lib/llvm-20/lib/libLLVM.so.20.1+0x403e5a9) (BuildId: b856c61f98abf0989f157f153740fe0fadfbb760)
    #8 0x7ff5c7f81ab1  (/usr/lib/llvm-20/lib/libLLVM.so.20.1+0x4065ab1) (BuildId: b856c61f98abf0989f157f153740fe0fadfbb760)
    #9 0x7ff5c7f83c8f  (/usr/lib/llvm-20/lib/libLLVM.so.20.1+0x4067c8f) (BuildId: b856c61f98abf0989f157f153740fe0fadfbb760)
    #10 0x7ff5c7f8526a  (/usr/lib/llvm-20/lib/libLLVM.so.20.1+0x406926a) (BuildId: b856c61f98abf0989f157f153740fe0fadfbb760)
    #11 0x55ca91648523 in llvm::Target::createTargetMachine(llvm::StringRef, llvm::StringRef, llvm::StringRef, llvm::TargetOptions const&, std::optional<llvm::Reloc::Model>, std::optional<llvm::CodeModel::Model>, llvm::CodeGenOptLevel, bool) const /usr/lib/llvm-20/include/llvm/MC/TargetRegistry.h:462:12
    #12 0x55ca9163a09e in tsc::TargetRegistry::initializeAllTargets() /workspace/src/TargetRegistry.cpp:67:41
    #13 0x55ca9162bdcd in tsc::Compiler::initializeLLVM() /workspace/src/Compiler.cpp:349:14
    #14 0x55ca9162b8b7 in tsc::Compiler::Compiler(tsc::CompilerOptions const&) /workspace/src/Compiler.cpp:24:5
    #15 0x55ca915fd7b5 in main /workspace/src/main.cpp:191:18
    #16 0x7ff5c395a337  (/lib/x86_64-linux-gnu/libc.so.6+0x2a337) (BuildId: 467f544f15035abef911999cbc14489edd0555ab)
    #17 0x7ff5c395a3fa in __libc_start_main (/lib/x86_64-linux-gnu/libc.so.6+0x2a3fa) (BuildId: 467f544f15035abef911999cbc14489edd0555ab)
    #18 0x55ca91511b64 in _start (/workspace/build-asan/tsc+0x74b64) (BuildId: 73a10d7cc646a755f705b0ae57418e68578aec2f)

Indirect leak of 168 byte(s) in 3 object(s) allocated from:
    #0 0x55ca915fa191 in operator new(unsigned long) (/workspace/build-asan/tsc+0x15d191) (BuildId: 73a10d7cc646a755f705b0ae57418e68578aec2f)
    #1 0x7ff5c59b6da2  (/usr/lib/llvm-20/lib/libLLVM.so.20.1+0x1a9ada2) (BuildId: b856c61f98abf0989f157f153740fe0fadfbb760)
    #2 0x7ff5c6f3998b  (/usr/lib/llvm-20/lib/libLLVM.so.20.1+0x301d98b) (BuildId: b856c61f98abf0989f157f153740fe0fadfbb760)
    #3 0x7ff5c6f398a6  (/usr/lib/llvm-20/lib/libLLVM.so.20.1+0x301d8a6) (BuildId: b856c61f98abf0989f157f153740fe0fadfbb760)
    #4 0x7ff5c7f5a563  (/usr/lib/llvm-20/lib/libLLVM.so.20.1+0x403e563) (BuildId: b856c61f98abf0989f157f153740fe0fadfbb760)
    #5 0x7ff5c7f81ab1  (/usr/lib/llvm-20/lib/libLLVM.so.20.1+0x4065ab1) (BuildId: b856c61f98abf0989f157f153740fe0fadfbb760)
    #6 0x7ff5c7f83c8f  (/usr/lib/llvm-20/lib/libLLVM.so.20.1+0x4067c8f) (BuildId: b856c61f98abf0989f157f153740fe0fadfbb760)
    #7 0x7ff5c7f8526a  (/usr/lib/llvm-20/lib/libLLVM.so.20.1+0x406926a) (BuildId: b856c61f98abf0989f157f153740fe0fadfbb760)
    #8 0x55ca91648523 in llvm::Target::createTargetMachine(llvm::StringRef, llvm::StringRef, llvm::StringRef, llvm::TargetOptions const&, std::optional<llvm::Reloc::Model>, std::optional<llvm::CodeModel::Model>, llvm::CodeGenOptLevel, bool) const /usr/lib/llvm-20/include/llvm/MC/TargetRegistry.h:462:12
    #9 0x55ca9163a09e in tsc::TargetRegistry::initializeAllTargets() /workspace/src/TargetRegistry.cpp:67:41
    #10 0x55ca9162bdcd in tsc::Compiler::initializeLLVM() /workspace/src/Compiler.cpp:349:14
    #11 0x55ca9162b8b7 in tsc::Compiler::Compiler(tsc::CompilerOptions const&) /workspace/src/Compiler.cpp:24:5
    #12 0x55ca915fd7b5 in main /workspace/src/main.cpp:191:18
    #13 0x7ff5c395a337  (/lib/x86_64-linux-gnu/libc.so.6+0x2a337) (BuildId: 467f544f15035abef911999cbc14489edd0555ab)
    #14 0x7ff5c395a3fa in __libc_start_main (/lib/x86_64-linux-gnu/libc.so.6+0x2a3fa) (BuildId: 467f544f15035abef911999cbc14489edd0555ab)
    #15 0x55ca91511b64 in _start (/workspace/build-asan/tsc+0x74b64) (BuildId: 73a10d7cc646a755f705b0ae57418e68578aec2f)

Indirect leak of 168 byte(s) in 3 object(s) allocated from:
    #0 0x55ca915fa191 in operator new(unsigned long) (/workspace/build-asan/tsc+0x15d191) (BuildId: 73a10d7cc646a755f705b0ae57418e68578aec2f)
    #1 0x7ff5c59b6da2  (/usr/lib/llvm-20/lib/libLLVM.so.20.1+0x1a9ada2) (BuildId: b856c61f98abf0989f157f153740fe0fadfbb760)
    #2 0x7ff5c6f3998b  (/usr/lib/llvm-20/lib/libLLVM.so.20.1+0x301d98b) (BuildId: b856c61f98abf0989f157f153740fe0fadfbb760)
    #3 0x7ff5c6f398a6  (/usr/lib/llvm-20/lib/libLLVM.so.20.1+0x301d8a6) (BuildId: b856c61f98abf0989f157f153740fe0fadfbb760)
    #4 0x7ff5c7f5a495  (/usr/lib/llvm-20/lib/libLLVM.so.20.1+0x403e495) (BuildId: b856c61f98abf0989f157f153740fe0fadfbb760)
    #5 0x7ff5c7f81ab1  (/usr/lib/llvm-20/lib/libLLVM.so.20.1+0x4065ab1) (BuildId: b856c61f98abf0989f157f153740fe0fadfbb760)
    #6 0x7ff5c7f83c8f  (/usr/lib/llvm-20/lib/libLLVM.so.20.1+0x4067c8f) (BuildId: b856c61f98abf0989f157f153740fe0fadfbb760)
    #7 0x7ff5c7f8526a  (/usr/lib/llvm-20/lib/libLLVM.so.20.1+0x406926a) (BuildId: b856c61f98abf0989f157f153740fe0fadfbb760)
    #8 0x55ca91648523 in llvm::Target::createTargetMachine(llvm::StringRef, llvm::StringRef, llvm::StringRef, llvm::TargetOptions const&, std::optional<llvm::Reloc::Model>, std::optional<llvm::CodeModel::Model>, llvm::CodeGenOptLevel, bool) const /usr/lib/llvm-20/include/llvm/MC/TargetRegistry.h:462:12
    #9 0x55ca9163a09e in tsc::TargetRegistry::initializeAllTargets() /workspace/src/TargetRegistry.cpp:67:41
    #10 0x55ca9162bdcd in tsc::Compiler::initializeLLVM() /workspace/src/Compiler.cpp:349:14
    #11 0x55ca9162b8b7 in tsc::Compiler::Compiler(tsc::CompilerOptions const&) /workspace/src/Compiler.cpp:24:5
    #12 0x55ca915fd7b5 in main /workspace/src/main.cpp:191:18
    #13 0x7ff5c395a337  (/lib/x86_64-linux-gnu/libc.so.6+0x2a337) (BuildId: 467f544f15035abef911999cbc14489edd0555ab)
    #14 0x7ff5c395a3fa in __libc_start_main (/lib/x86_64-linux-gnu/libc.so.6+0x2a3fa) (BuildId: 467f544f15035abef911999cbc14489edd0555ab)
    #15 0x55ca91511b64 in _start (/workspace/build-asan/tsc+0x74b64) (BuildId: 73a10d7cc646a755f705b0ae57418e68578aec2f)

Indirect leak of 168 byte(s) in 3 object(s) allocated from:
    #0 0x55ca915fa191 in operator new(unsigned long) (/workspace/build-asan/tsc+0x15d191) (BuildId: 73a10d7cc646a755f705b0ae57418e68578aec2f)
    #1 0x7ff5c59b6da2  (/usr/lib/llvm-20/lib/libLLVM.so.20.1+0x1a9ada2) (BuildId: b856c61f98abf0989f157f153740fe0fadfbb760)
    #2 0x7ff5c6f3998b  (/usr/lib/llvm-20/lib/libLLVM.so.20.1+0x301d98b) (BuildId: b856c61f98abf0989f157f153740fe0fadfbb760)
    #3 0x7ff5c6f398a6  (/usr/lib/llvm-20/lib/libLLVM.so.20.1+0x301d8a6) (BuildId: b856c61f98abf0989f157f153740fe0fadfbb760)
    #4 0x7ff5c7f5a42c  (/usr/lib/llvm-20/lib/libLLVM.so.20.1+0x403e42c) (BuildId: b856c61f98abf0989f157f153740fe0fadfbb760)
    #5 0x7ff5c7f81ab1  (/usr/lib/llvm-20/lib/libLLVM.so.20.1+0x4065ab1) (BuildId: b856c61f98abf0989f157f153740fe0fadfbb760)
    #6 0x7ff5c7f83c8f  (/usr/lib/llvm-20/lib/libLLVM.so.20.1+0x4067c8f) (BuildId: b856c61f98abf0989f157f153740fe0fadfbb760)
    #7 0x7ff5c7f8526a  (/usr/lib/llvm-20/lib/libLLVM.so.20.1+0x406926a) (BuildId: b856c61f98abf0989f157f153740fe0fadfbb760)
    #8 0x55ca91648523 in llvm::Target::createTargetMachine(llvm::StringRef, llvm::StringRef, llvm::StringRef, llvm::TargetOptions const&, std::optional<llvm::Reloc::Model>, std::optional<llvm::CodeModel::Model>, llvm::CodeGenOptLevel, bool) const /usr/lib/llvm-20/include/llvm/MC/TargetRegistry.h:462:12
    #9 0x55ca9163a09e in tsc::TargetRegistry::initializeAllTargets() /workspace/src/TargetRegistry.cpp:67:41
    #10 0x55ca9162bdcd in tsc::Compiler::initializeLLVM() /workspace/src/Compiler.cpp:349:14
    #11 0x55ca9162b8b7 in tsc::Compiler::Compiler(tsc::CompilerOptions const&) /workspace/src/Compiler.cpp:24:5
    #12 0x55ca915fd7b5 in main /workspace/src/main.cpp:191:18
    #13 0x7ff5c395a337  (/lib/x86_64-linux-gnu/libc.so.6+0x2a337) (BuildId: 467f544f15035abef911999cbc14489edd0555ab)
    #14 0x7ff5c395a3fa in __libc_start_main (/lib/x86_64-linux-gnu/libc.so.6+0x2a3fa) (BuildId: 467f544f15035abef911999cbc14489edd0555ab)
    #15 0x55ca91511b64 in _start (/workspace/build-asan/tsc+0x74b64) (BuildId: 73a10d7cc646a755f705b0ae57418e68578aec2f)

Indirect leak of 168 byte(s) in 3 object(s) allocated from:
    #0 0x55ca915fa191 in operator new(unsigned long) (/workspace/build-asan/tsc+0x15d191) (BuildId: 73a10d7cc646a755f705b0ae57418e68578aec2f)
    #1 0x7ff5c59b6da2  (/usr/lib/llvm-20/lib/libLLVM.so.20.1+0x1a9ada2) (BuildId: b856c61f98abf0989f157f153740fe0fadfbb760)
    #2 0x7ff5c6f3b039  (/usr/lib/llvm-20/lib/libLLVM.so.20.1+0x301f039) (BuildId: b856c61f98abf0989f157f153740fe0fadfbb760)
    #3 0x7ff5c6f3af97  (/usr/lib/llvm-20/lib/libLLVM.so.20.1+0x301ef97) (BuildId: b856c61f98abf0989f157f153740fe0fadfbb760)
    #4 0x7ff5c6f3998b  (/usr/lib/llvm-20/lib/libLLVM.so.20.1+0x301d98b) (BuildId: b856c61f98abf0989f157f153740fe0fadfbb760)
    #5 0x7ff5c6f398a6  (/usr/lib/llvm-20/lib/libLLVM.so.20.1+0x301d8a6) (BuildId: b856c61f98abf0989f157f153740fe0fadfbb760)
    #6 0x7ff5c6f3a981  (/usr/lib/llvm-20/lib/libLLVM.so.20.1+0x301e981) (BuildId: b856c61f98abf0989f157f153740fe0fadfbb760)
    #7 0x7ff5c7f5a3ea  (/usr/lib/llvm-20/lib/libLLVM.so.20.1+0x403e3ea) (BuildId: b856c61f98abf0989f157f153740fe0fadfbb760)
    #8 0x7ff5c7f81ab1  (/usr/lib/llvm-20/lib/libLLVM.so.20.1+0x4065ab1) (BuildId: b856c61f98abf0989f157f153740fe0fadfbb760)
    #9 0x7ff5c7f83c8f  (/usr/lib/llvm-20/lib/libLLVM.so.20.1+0x4067c8f) (BuildId: b856c61f98abf0989f157f153740fe0fadfbb760)
    #10 0x7ff5c7f8526a  (/usr/lib/llvm-20/lib/libLLVM.so.20.1+0x406926a) (BuildId: b856c61f98abf0989f157f153740fe0fadfbb760)
    #11 0x55ca91648523 in llvm::Target::createTargetMachine(llvm::StringRef, llvm::StringRef, llvm::StringRef, llvm::TargetOptions const&, std::optional<llvm::Reloc::Model>, std::optional<llvm::CodeModel::Model>, llvm::CodeGenOptLevel, bool) const /usr/lib/llvm-20/include/llvm/MC/TargetRegistry.h:462:12
    #12 0x55ca9163a09e in tsc::TargetRegistry::initializeAllTargets() /workspace/src/TargetRegistry.cpp:67:41
    #13 0x55ca9162bdcd in tsc::Compiler::initializeLLVM() /workspace/src/Compiler.cpp:349:14
    #14 0x55ca9162b8b7 in tsc::Compiler::Compiler(tsc::CompilerOptions const&) /workspace/src/Compiler.cpp:24:5
    #15 0x55ca915fd7b5 in main /workspace/src/main.cpp:191:18
    #16 0x7ff5c395a337  (/lib/x86_64-linux-gnu/libc.so.6+0x2a337) (BuildId: 467f544f15035abef911999cbc14489edd0555ab)
    #17 0x7ff5c395a3fa in __libc_start_main (/lib/x86_64-linux-gnu/libc.so.6+0x2a3fa) (BuildId: 467f544f15035abef911999cbc14489edd0555ab)
    #18 0x55ca91511b64 in _start (/workspace/build-asan/tsc+0x74b64) (BuildId: 73a10d7cc646a755f705b0ae57418e68578aec2f)

Indirect leak of 168 byte(s) in 3 object(s) allocated from:
    #0 0x55ca915fa191 in operator new(unsigned long) (/workspace/build-asan/tsc+0x15d191) (BuildId: 73a10d7cc646a755f705b0ae57418e68578aec2f)
    #1 0x7ff5c59b6da2  (/usr/lib/llvm-20/lib/libLLVM.so.20.1+0x1a9ada2) (BuildId: b856c61f98abf0989f157f153740fe0fadfbb760)
    #2 0x7ff5c6f3b008  (/usr/lib/llvm-20/lib/libLLVM.so.20.1+0x301f008) (BuildId: b856c61f98abf0989f157f153740fe0fadfbb760)
    #3 0x7ff5c6f3af97  (/usr/lib/llvm-20/lib/libLLVM.so.20.1+0x301ef97) (BuildId: b856c61f98abf0989f157f153740fe0fadfbb760)
    #4 0x7ff5c6f3998b  (/usr/lib/llvm-20/lib/libLLVM.so.20.1+0x301d98b) (BuildId: b856c61f98abf0989f157f153740fe0fadfbb760)
    #5 0x7ff5c6f398a6  (/usr/lib/llvm-20/lib/libLLVM.so.20.1+0x301d8a6) (BuildId: b856c61f98abf0989f157f153740fe0fadfbb760)
    #6 0x7ff5c6f3a981  (/usr/lib/llvm-20/lib/libLLVM.so.20.1+0x301e981) (BuildId: b856c61f98abf0989f157f153740fe0fadfbb760)
    #7 0x7ff5c7f5a3ea  (/usr/lib/llvm-20/lib/libLLVM.so.20.1+0x403e3ea) (BuildId: b856c61f98abf0989f157f153740fe0fadfbb760)
    #8 0x7ff5c7f81ab1  (/usr/lib/llvm-20/lib/libLLVM.so.20.1+0x4065ab1) (BuildId: b856c61f98abf0989f157f153740fe0fadfbb760)
    #9 0x7ff5c7f83c8f  (/usr/lib/llvm-20/lib/libLLVM.so.20.1+0x4067c8f) (BuildId: b856c61f98abf0989f157f153740fe0fadfbb760)
    #10 0x7ff5c7f8526a  (/usr/lib/llvm-20/lib/libLLVM.so.20.1+0x406926a) (BuildId: b856c61f98abf0989f157f153740fe0fadfbb760)
    #11 0x55ca91648523 in llvm::Target::createTargetMachine(llvm::StringRef, llvm::StringRef, llvm::StringRef, llvm::TargetOptions const&, std::optional<llvm::Reloc::Model>, std::optional<llvm::CodeModel::Model>, llvm::CodeGenOptLevel, bool) const /usr/lib/llvm-20/include/llvm/MC/TargetRegistry.h:462:12
    #12 0x55ca9163a09e in tsc::TargetRegistry::initializeAllTargets() /workspace/src/TargetRegistry.cpp:67:41
    #13 0x55ca9162bdcd in tsc::Compiler::initializeLLVM() /workspace/src/Compiler.cpp:349:14
    #14 0x55ca9162b8b7 in tsc::Compiler::Compiler(tsc::CompilerOptions const&) /workspace/src/Compiler.cpp:24:5
    #15 0x55ca915fd7b5 in main /workspace/src/main.cpp:191:18
    #16 0x7ff5c395a337  (/lib/x86_64-linux-gnu/libc.so.6+0x2a337) (BuildId: 467f544f15035abef911999cbc14489edd0555ab)
    #17 0x7ff5c395a3fa in __libc_start_main (/lib/x86_64-linux-gnu/libc.so.6+0x2a3fa) (BuildId: 467f544f15035abef911999cbc14489edd0555ab)
    #18 0x55ca91511b64 in _start (/workspace/build-asan/tsc+0x74b64) (BuildId: 73a10d7cc646a755f705b0ae57418e68578aec2f)

Indirect leak of 168 byte(s) in 3 object(s) allocated from:
    #0 0x55ca915fa191 in operator new(unsigned long) (/workspace/build-asan/tsc+0x15d191) (BuildId: 73a10d7cc646a755f705b0ae57418e68578aec2f)
    #1 0x7ff5c59b6da2  (/usr/lib/llvm-20/lib/libLLVM.so.20.1+0x1a9ada2) (BuildId: b856c61f98abf0989f157f153740fe0fadfbb760)
    #2 0x7ff5c6f3b039  (/usr/lib/llvm-20/lib/libLLVM.so.20.1+0x301f039) (BuildId: b856c61f98abf0989f157f153740fe0fadfbb760)
    #3 0x7ff5c6f3af97  (/usr/lib/llvm-20/lib/libLLVM.so.20.1+0x301ef97) (BuildId: b856c61f98abf0989f157f153740fe0fadfbb760)
    #4 0x7ff5c6f3998b  (/usr/lib/llvm-20/lib/libLLVM.so.20.1+0x301d98b) (BuildId: b856c61f98abf0989f157f153740fe0fadfbb760)
    #5 0x7ff5c6f398a6  (/usr/lib/llvm-20/lib/libLLVM.so.20.1+0x301d8a6) (BuildId: b856c61f98abf0989f157f153740fe0fadfbb760)
    #6 0x7ff5c6f3aa71  (/usr/lib/llvm-20/lib/libLLVM.so.20.1+0x301ea71) (BuildId: b856c61f98abf0989f157f153740fe0fadfbb760)
    #7 0x7ff5c7f5a262  (/usr/lib/llvm-20/lib/libLLVM.so.20.1+0x403e262) (BuildId: b856c61f98abf0989f157f153740fe0fadfbb760)
    #8 0x7ff5c7f81ab1  (/usr/lib/llvm-20/lib/libLLVM.so.20.1+0x4065ab1) (BuildId: b856c61f98abf0989f157f153740fe0fadfbb760)
    #9 0x7ff5c7f83c8f  (/usr/lib/llvm-20/lib/libLLVM.so.20.1+0x4067c8f) (BuildId: b856c61f98abf0989f157f153740fe0fadfbb760)
    #10 0x7ff5c7f8526a  (/usr/lib/llvm-20/lib/libLLVM.so.20.1+0x406926a) (BuildId: b856c61f98abf0989f157f153740fe0fadfbb760)
    #11 0x55ca91648523 in llvm::Target::createTargetMachine(llvm::StringRef, llvm::StringRef, llvm::StringRef, llvm::TargetOptions const&, std::optional<llvm::Reloc::Model>, std::optional<llvm::CodeModel::Model>, llvm::CodeGenOptLevel, bool) const /usr/lib/llvm-20/include/llvm/MC/TargetRegistry.h:462:12
    #12 0x55ca9163a09e in tsc::TargetRegistry::initializeAllTargets() /workspace/src/TargetRegistry.cpp:67:41
    #13 0x55ca9162bdcd in tsc::Compiler::initializeLLVM() /workspace/src/Compiler.cpp:349:14
    #14 0x55ca9162b8b7 in tsc::Compiler::Compiler(tsc::CompilerOptions const&) /workspace/src/Compiler.cpp:24:5
    #15 0x55ca915fd7b5 in main /workspace/src/main.cpp:191:18
    #16 0x7ff5c395a337  (/lib/x86_64-linux-gnu/libc.so.6+0x2a337) (BuildId: 467f544f15035abef911999cbc14489edd0555ab)
    #17 0x7ff5c395a3fa in __libc_start_main (/lib/x86_64-linux-gnu/libc.so.6+0x2a3fa) (BuildId: 467f544f15035abef911999cbc14489edd0555ab)
    #18 0x55ca91511b64 in _start (/workspace/build-asan/tsc+0x74b64) (BuildId: 73a10d7cc646a755f705b0ae57418e68578aec2f)

Indirect leak of 168 byte(s) in 3 object(s) allocated from:
    #0 0x55ca915fa191 in operator new(unsigned long) (/workspace/build-asan/tsc+0x15d191) (BuildId: 73a10d7cc646a755f705b0ae57418e68578aec2f)
    #1 0x7ff5c59b6da2  (/usr/lib/llvm-20/lib/libLLVM.so.20.1+0x1a9ada2) (BuildId: b856c61f98abf0989f157f153740fe0fadfbb760)
    #2 0x7ff5c6f3b008  (/usr/lib/llvm-20/lib/libLLVM.so.20.1+0x301f008) (BuildId: b856c61f98abf0989f157f153740fe0fadfbb760)
    #3 0x7ff5c6f3af97  (/usr/lib/llvm-20/lib/libLLVM.so.20.1+0x301ef97) (BuildId: b856c61f98abf0989f157f153740fe0fadfbb760)
    #4 0x7ff5c6f3998b  (/usr/lib/llvm-20/lib/libLLVM.so.20.1+0x301d98b) (BuildId: b856c61f98abf0989f157f153740fe0fadfbb760)
    #5 0x7ff5c6f398a6  (/usr/lib/llvm-20/lib/libLLVM.so.20.1+0x301d8a6) (BuildId: b856c61f98abf0989f157f153740fe0fadfbb760)
    #6 0x7ff5c6f3aa71  (/usr/lib/llvm-20/lib/libLLVM.so.20.1+0x301ea71) (BuildId: b856c61f98abf0989f157f153740fe0fadfbb760)
    #7 0x7ff5c7f5a262  (/usr/lib/llvm-20/lib/libLLVM.so.20.1+0x403e262) (BuildId: b856c61f98abf0989f157f153740fe0fadfbb760)
    #8 0x7ff5c7f81ab1  (/usr/lib/llvm-20/lib/libLLVM.so.20.1+0x4065ab1) (BuildId: b856c61f98abf0989f157f153740fe0fadfbb760)
    #9 0x7ff5c7f83c8f  (/usr/lib/llvm-20/lib/libLLVM.so.20.1+0x4067c8f) (BuildId: b856c61f98abf0989f157f153740fe0fadfbb760)
    #10 0x7ff5c7f8526a  (/usr/lib/llvm-20/lib/libLLVM.so.20.1+0x406926a) (BuildId: b856c61f98abf0989f157f153740fe0fadfbb760)
    #11 0x55ca91648523 in llvm::Target::createTargetMachine(llvm::StringRef, llvm::StringRef, llvm::StringRef, llvm::TargetOptions const&, std::optional<llvm::Reloc::Model>, std::optional<llvm::CodeModel::Model>, llvm::CodeGenOptLevel, bool) const /usr/lib/llvm-20/include/llvm/MC/TargetRegistry.h:462:12
    #12 0x55ca9163a09e in tsc::TargetRegistry::initializeAllTargets() /workspace/src/TargetRegistry.cpp:67:41
    #13 0x55ca9162bdcd in tsc::Compiler::initializeLLVM() /workspace/src/Compiler.cpp:349:14
    #14 0x55ca9162b8b7 in tsc::Compiler::Compiler(tsc::CompilerOptions const&) /workspace/src/Compiler.cpp:24:5
    #15 0x55ca915fd7b5 in main /workspace/src/main.cpp:191:18
    #16 0x7ff5c395a337  (/lib/x86_64-linux-gnu/libc.so.6+0x2a337) (BuildId: 467f544f15035abef911999cbc14489edd0555ab)
    #17 0x7ff5c395a3fa in __libc_start_main (/lib/x86_64-linux-gnu/libc.so.6+0x2a3fa) (BuildId: 467f544f15035abef911999cbc14489edd0555ab)
    #18 0x55ca91511b64 in _start (/workspace/build-asan/tsc+0x74b64) (BuildId: 73a10d7cc646a755f705b0ae57418e68578aec2f)

Indirect leak of 168 byte(s) in 3 object(s) allocated from:
    #0 0x55ca915fa191 in operator new(unsigned long) (/workspace/build-asan/tsc+0x15d191) (BuildId: 73a10d7cc646a755f705b0ae57418e68578aec2f)
    #1 0x7ff5c59b6da2  (/usr/lib/llvm-20/lib/libLLVM.so.20.1+0x1a9ada2) (BuildId: b856c61f98abf0989f157f153740fe0fadfbb760)
    #2 0x7ff5c6f3b039  (/usr/lib/llvm-20/lib/libLLVM.so.20.1+0x301f039) (BuildId: b856c61f98abf0989f157f153740fe0fadfbb760)
    #3 0x7ff5c6f3af97  (/usr/lib/llvm-20/lib/libLLVM.so.20.1+0x301ef97) (BuildId: b856c61f98abf0989f157f153740fe0fadfbb760)
    #4 0x7ff5c6f3998b  (/usr/lib/llvm-20/lib/libLLVM.so.20.1+0x301d98b) (BuildId: b856c61f98abf0989f157f153740fe0fadfbb760)
    #5 0x7ff5c6f398a6  (/usr/lib/llvm-20/lib/libLLVM.so.20.1+0x301d8a6) (BuildId: b856c61f98abf0989f157f153740fe0fadfbb760)
    #6 0x7ff5c6f3aa71  (/usr/lib/llvm-20/lib/libLLVM.so.20.1+0x301ea71) (BuildId: b856c61f98abf0989f157f153740fe0fadfbb760)
    #7 0x7ff5c7f5a236  (/usr/lib/llvm-20/lib/libLLVM.so.20.1+0x403e236) (BuildId: b856c61f98abf0989f157f153740fe0fadfbb760)
    #8 0x7ff5c7f81ab1  (/usr/lib/llvm-20/lib/libLLVM.so.20.1+0x4065ab1) (BuildId: b856c61f98abf0989f157f153740fe0fadfbb760)
    #9 0x7ff5c7f83c8f  (/usr/lib/llvm-20/lib/libLLVM.so.20.1+0x4067c8f) (BuildId: b856c61f98abf0989f157f153740fe0fadfbb760)
    #10 0x7ff5c7f8526a  (/usr/lib/llvm-20/lib/libLLVM.so.20.1+0x406926a) (BuildId: b856c61f98abf0989f157f153740fe0fadfbb760)
    #11 0x55ca91648523 in llvm::Target::createTargetMachine(llvm::StringRef, llvm::StringRef, llvm::StringRef, llvm::TargetOptions const&, std::optional<llvm::Reloc::Model>, std::optional<llvm::CodeModel::Model>, llvm::CodeGenOptLevel, bool) const /usr/lib/llvm-20/include/llvm/MC/TargetRegistry.h:462:12
    #12 0x55ca9163a09e in tsc::TargetRegistry::initializeAllTargets() /workspace/src/TargetRegistry.cpp:67:41
    #13 0x55ca9162bdcd in tsc::Compiler::initializeLLVM() /workspace/src/Compiler.cpp:349:14
    #14 0x55ca9162b8b7 in tsc::Compiler::Compiler(tsc::CompilerOptions const&) /workspace/src/Compiler.cpp:24:5
    #15 0x55ca915fd7b5 in main /workspace/src/main.cpp:191:18
    #16 0x7ff5c395a337  (/lib/x86_64-linux-gnu/libc.so.6+0x2a337) (BuildId: 467f544f15035abef911999cbc14489edd0555ab)
    #17 0x7ff5c395a3fa in __libc_start_main (/lib/x86_64-linux-gnu/libc.so.6+0x2a3fa) (BuildId: 467f544f15035abef911999cbc14489edd0555ab)
    #18 0x55ca91511b64 in _start (/workspace/build-asan/tsc+0x74b64) (BuildId: 73a10d7cc646a755f705b0ae57418e68578aec2f)

Indirect leak of 168 byte(s) in 3 object(s) allocated from:
    #0 0x55ca915fa191 in operator new(unsigned long) (/workspace/build-asan/tsc+0x15d191) (BuildId: 73a10d7cc646a755f705b0ae57418e68578aec2f)
    #1 0x7ff5c59b6da2  (/usr/lib/llvm-20/lib/libLLVM.so.20.1+0x1a9ada2) (BuildId: b856c61f98abf0989f157f153740fe0fadfbb760)
    #2 0x7ff5c6f3b008  (/usr/lib/llvm-20/lib/libLLVM.so.20.1+0x301f008) (BuildId: b856c61f98abf0989f157f153740fe0fadfbb760)
    #3 0x7ff5c6f3af97  (/usr/lib/llvm-20/lib/libLLVM.so.20.1+0x301ef97) (BuildId: b856c61f98abf0989f157f153740fe0fadfbb760)
    #4 0x7ff5c6f3998b  (/usr/lib/llvm-20/lib/libLLVM.so.20.1+0x301d98b) (BuildId: b856c61f98abf0989f157f153740fe0fadfbb760)
    #5 0x7ff5c6f398a6  (/usr/lib/llvm-20/lib/libLLVM.so.20.1+0x301d8a6) (BuildId: b856c61f98abf0989f157f153740fe0fadfbb760)
    #6 0x7ff5c6f3aa71  (/usr/lib/llvm-20/lib/libLLVM.so.20.1+0x301ea71) (BuildId: b856c61f98abf0989f157f153740fe0fadfbb760)
    #7 0x7ff5c7f5a236  (/usr/lib/llvm-20/lib/libLLVM.so.20.1+0x403e236) (BuildId: b856c61f98abf0989f157f153740fe0fadfbb760)
    #8 0x7ff5c7f81ab1  (/usr/lib/llvm-20/lib/libLLVM.so.20.1+0x4065ab1) (BuildId: b856c61f98abf0989f157f153740fe0fadfbb760)
    #9 0x7ff5c7f83c8f  (/usr/lib/llvm-20/lib/libLLVM.so.20.1+0x4067c8f) (BuildId: b856c61f98abf0989f157f153740fe0fadfbb760)
    #10 0x7ff5c7f8526a  (/usr/lib/llvm-20/lib/libLLVM.so.20.1+0x406926a) (BuildId: b856c61f98abf0989f157f153740fe0fadfbb760)
    #11 0x55ca91648523 in llvm::Target::createTargetMachine(llvm::StringRef, llvm::StringRef, llvm::StringRef, llvm::TargetOptions const&, std::optional<llvm::Reloc::Model>, std::optional<llvm::CodeModel::Model>, llvm::CodeGenOptLevel, bool) const /usr/lib/llvm-20/include/llvm/MC/TargetRegistry.h:462:12
    #12 0x55ca9163a09e in tsc::TargetRegistry::initializeAllTargets() /workspace/src/TargetRegistry.cpp:67:41
    #13 0x55ca9162bdcd in tsc::Compiler::initializeLLVM() /workspace/src/Compiler.cpp:349:14
    #14 0x55ca9162b8b7 in tsc::Compiler::Compiler(tsc::CompilerOptions const&) /workspace/src/Compiler.cpp:24:5
    #15 0x55ca915fd7b5 in main /workspace/src/main.cpp:191:18
    #16 0x7ff5c395a337  (/lib/x86_64-linux-gnu/libc.so.6+0x2a337) (BuildId: 467f544f15035abef911999cbc14489edd0555ab)
    #17 0x7ff5c395a3fa in __libc_start_main (/lib/x86_64-linux-gnu/libc.so.6+0x2a3fa) (BuildId: 467f544f15035abef911999cbc14489edd0555ab)
    #18 0x55ca91511b64 in _start (/workspace/build-asan/tsc+0x74b64) (BuildId: 73a10d7cc646a755f705b0ae57418e68578aec2f)

Indirect leak of 168 byte(s) in 3 object(s) allocated from:
    #0 0x55ca915fa191 in operator new(unsigned long) (/workspace/build-asan/tsc+0x15d191) (BuildId: 73a10d7cc646a755f705b0ae57418e68578aec2f)
    #1 0x7ff5c59b6da2  (/usr/lib/llvm-20/lib/libLLVM.so.20.1+0x1a9ada2) (BuildId: b856c61f98abf0989f157f153740fe0fadfbb760)
    #2 0x7ff5c6f3b039  (/usr/lib/llvm-20/lib/libLLVM.so.20.1+0x301f039) (BuildId: b856c61f98abf0989f157f153740fe0fadfbb760)
    #3 0x7ff5c6f3af97  (/usr/lib/llvm-20/lib/libLLVM.so.20.1+0x301ef97) (BuildId: b856c61f98abf0989f157f153740fe0fadfbb760)
    #4 0x7ff5c6f3998b  (/usr/lib/llvm-20/lib/libLLVM.so.20.1+0x301d98b) (BuildId: b856c61f98abf0989f157f153740fe0fadfbb760)
    #5 0x7ff5c6f398a6  (/usr/lib/llvm-20/lib/libLLVM.so.20.1+0x301d8a6) (BuildId: b856c61f98abf0989f157f153740fe0fadfbb760)
    #6 0x7ff5c6f3aa71  (/usr/lib/llvm-20/lib/libLLVM.so.20.1+0x301ea71) (BuildId: b856c61f98abf0989f157f153740fe0fadfbb760)
    #7 0x7ff5c7f5a1f5  (/usr/lib/llvm-20/lib/libLLVM.so.20.1+0x403e1f5) (BuildId: b856c61f98abf0989f157f153740fe0fadfbb760)
    #8 0x7ff5c7f81ab1  (/usr/lib/llvm-20/lib/libLLVM.so.20.1+0x4065ab1) (BuildId: b856c61f98abf0989f157f153740fe0fadfbb760)
    #9 0x7ff5c7f83c8f  (/usr/lib/llvm-20/lib/libLLVM.so.20.1+0x4067c8f) (BuildId: b856c61f98abf0989f157f153740fe0fadfbb760)
    #10 0x7ff5c7f8526a  (/usr/lib/llvm-20/lib/libLLVM.so.20.1+0x406926a) (BuildId: b856c61f98abf0989f157f153740fe0fadfbb760)
    #11 0x55ca91648523 in llvm::Target::createTargetMachine(llvm::StringRef, llvm::StringRef, llvm::StringRef, llvm::TargetOptions const&, std::optional<llvm::Reloc::Model>, std::optional<llvm::CodeModel::Model>, llvm::CodeGenOptLevel, bool) const /usr/lib/llvm-20/include/llvm/MC/TargetRegistry.h:462:12
    #12 0x55ca9163a09e in tsc::TargetRegistry::initializeAllTargets() /workspace/src/TargetRegistry.cpp:67:41
    #13 0x55ca9162bdcd in tsc::Compiler::initializeLLVM() /workspace/src/Compiler.cpp:349:14
    #14 0x55ca9162b8b7 in tsc::Compiler::Compiler(tsc::CompilerOptions const&) /workspace/src/Compiler.cpp:24:5
    #15 0x55ca915fd7b5 in main /workspace/src/main.cpp:191:18
    #16 0x7ff5c395a337  (/lib/x86_64-linux-gnu/libc.so.6+0x2a337) (BuildId: 467f544f15035abef911999cbc14489edd0555ab)
    #17 0x7ff5c395a3fa in __libc_start_main (/lib/x86_64-linux-gnu/libc.so.6+0x2a3fa) (BuildId: 467f544f15035abef911999cbc14489edd0555ab)
    #18 0x55ca91511b64 in _start (/workspace/build-asan/tsc+0x74b64) (BuildId: 73a10d7cc646a755f705b0ae57418e68578aec2f)

Indirect leak of 168 byte(s) in 3 object(s) allocated from:
    #0 0x55ca915fa191 in operator new(unsigned long) (/workspace/build-asan/tsc+0x15d191) (BuildId: 73a10d7cc646a755f705b0ae57418e68578aec2f)
    #1 0x7ff5c59b6da2  (/usr/lib/llvm-20/lib/libLLVM.so.20.1+0x1a9ada2) (BuildId: b856c61f98abf0989f157f153740fe0fadfbb760)
    #2 0x7ff5c6f3b008  (/usr/lib/llvm-20/lib/libLLVM.so.20.1+0x301f008) (BuildId: b856c61f98abf0989f157f153740fe0fadfbb760)
    #3 0x7ff5c6f3af97  (/usr/lib/llvm-20/lib/libLLVM.so.20.1+0x301ef97) (BuildId: b856c61f98abf0989f157f153740fe0fadfbb760)
    #4 0x7ff5c6f3998b  (/usr/lib/llvm-20/lib/libLLVM.so.20.1+0x301d98b) (BuildId: b856c61f98abf0989f157f153740fe0fadfbb760)
    #5 0x7ff5c6f398a6  (/usr/lib/llvm-20/lib/libLLVM.so.20.1+0x301d8a6) (BuildId: b856c61f98abf0989f157f153740fe0fadfbb760)
    #6 0x7ff5c6f3aa71  (/usr/lib/llvm-20/lib/libLLVM.so.20.1+0x301ea71) (BuildId: b856c61f98abf0989f157f153740fe0fadfbb760)
    #7 0x7ff5c7f5a1f5  (/usr/lib/llvm-20/lib/libLLVM.so.20.1+0x403e1f5) (BuildId: b856c61f98abf0989f157f153740fe0fadfbb760)
    #8 0x7ff5c7f81ab1  (/usr/lib/llvm-20/lib/libLLVM.so.20.1+0x4065ab1) (BuildId: b856c61f98abf0989f157f153740fe0fadfbb760)
    #9 0x7ff5c7f83c8f  (/usr/lib/llvm-20/lib/libLLVM.so.20.1+0x4067c8f) (BuildId: b856c61f98abf0989f157f153740fe0fadfbb760)
    #10 0x7ff5c7f8526a  (/usr/lib/llvm-20/lib/libLLVM.so.20.1+0x406926a) (BuildId: b856c61f98abf0989f157f153740fe0fadfbb760)
    #11 0x55ca91648523 in llvm::Target::createTargetMachine(llvm::StringRef, llvm::StringRef, llvm::StringRef, llvm::TargetOptions const&, std::optional<llvm::Reloc::Model>, std::optional<llvm::CodeModel::Model>, llvm::CodeGenOptLevel, bool) const /usr/lib/llvm-20/include/llvm/MC/TargetRegistry.h:462:12
    #12 0x55ca9163a09e in tsc::TargetRegistry::initializeAllTargets() /workspace/src/TargetRegistry.cpp:67:41
    #13 0x55ca9162bdcd in tsc::Compiler::initializeLLVM() /workspace/src/Compiler.cpp:349:14
    #14 0x55ca9162b8b7 in tsc::Compiler::Compiler(tsc::CompilerOptions const&) /workspace/src/Compiler.cpp:24:5
    #15 0x55ca915fd7b5 in main /workspace/src/main.cpp:191:18
    #16 0x7ff5c395a337  (/lib/x86_64-linux-gnu/libc.so.6+0x2a337) (BuildId: 467f544f15035abef911999cbc14489edd0555ab)
    #17 0x7ff5c395a3fa in __libc_start_main (/lib/x86_64-linux-gnu/libc.so.6+0x2a3fa) (BuildId: 467f544f15035abef911999cbc14489edd0555ab)
    #18 0x55ca91511b64 in _start (/workspace/build-asan/tsc+0x74b64) (BuildId: 73a10d7cc646a755f705b0ae57418e68578aec2f)

Indirect leak of 168 byte(s) in 3 object(s) allocated from:
    #0 0x55ca915fa191 in operator new(unsigned long) (/workspace/build-asan/tsc+0x15d191) (BuildId: 73a10d7cc646a755f705b0ae57418e68578aec2f)
    #1 0x7ff5c59b6da2  (/usr/lib/llvm-20/lib/libLLVM.so.20.1+0x1a9ada2) (BuildId: b856c61f98abf0989f157f153740fe0fadfbb760)
    #2 0x7ff5c6f3b039  (/usr/lib/llvm-20/lib/libLLVM.so.20.1+0x301f039) (BuildId: b856c61f98abf0989f157f153740fe0fadfbb760)
    #3 0x7ff5c6f3af97  (/usr/lib/llvm-20/lib/libLLVM.so.20.1+0x301ef97) (BuildId: b856c61f98abf0989f157f153740fe0fadfbb760)
    #4 0x7ff5c6f3998b  (/usr/lib/llvm-20/lib/libLLVM.so.20.1+0x301d98b) (BuildId: b856c61f98abf0989f157f153740fe0fadfbb760)
    #5 0x7ff5c6f398a6  (/usr/lib/llvm-20/lib/libLLVM.so.20.1+0x301d8a6) (BuildId: b856c61f98abf0989f157f153740fe0fadfbb760)
    #6 0x7ff5c7f5a121  (/usr/lib/llvm-20/lib/libLLVM.so.20.1+0x403e121) (BuildId: b856c61f98abf0989f157f153740fe0fadfbb760)
    #7 0x7ff5c7f81ab1  (/usr/lib/llvm-20/lib/libLLVM.so.20.1+0x4065ab1) (BuildId: b856c61f98abf0989f157f153740fe0fadfbb760)
    #8 0x7ff5c7f83c8f  (/usr/lib/llvm-20/lib/libLLVM.so.20.1+0x4067c8f) (BuildId: b856c61f98abf0989f157f153740fe0fadfbb760)
    #9 0x7ff5c7f8526a  (/usr/lib/llvm-20/lib/libLLVM.so.20.1+0x406926a) (BuildId: b856c61f98abf0989f157f153740fe0fadfbb760)
    #10 0x55ca91648523 in llvm::Target::createTargetMachine(llvm::StringRef, llvm::StringRef, llvm::StringRef, llvm::TargetOptions const&, std::optional<llvm::Reloc::Model>, std::optional<llvm::CodeModel::Model>, llvm::CodeGenOptLevel, bool) const /usr/lib/llvm-20/include/llvm/MC/TargetRegistry.h:462:12
    #11 0x55ca9163a09e in tsc::TargetRegistry::initializeAllTargets() /workspace/src/TargetRegistry.cpp:67:41
    #12 0x55ca9162bdcd in tsc::Compiler::initializeLLVM() /workspace/src/Compiler.cpp:349:14
    #13 0x55ca9162b8b7 in tsc::Compiler::Compiler(tsc::CompilerOptions const&) /workspace/src/Compiler.cpp:24:5
    #14 0x55ca915fd7b5 in main /workspace/src/main.cpp:191:18
    #15 0x7ff5c395a337  (/lib/x86_64-linux-gnu/libc.so.6+0x2a337) (BuildId: 467f544f15035abef911999cbc14489edd0555ab)
    #16 0x7ff5c395a3fa in __libc_start_main (/lib/x86_64-linux-gnu/libc.so.6+0x2a3fa) (BuildId: 467f544f15035abef911999cbc14489edd0555ab)
    #17 0x55ca91511b64 in _start (/workspace/build-asan/tsc+0x74b64) (BuildId: 73a10d7cc646a755f705b0ae57418e68578aec2f)

Indirect leak of 168 byte(s) in 3 object(s) allocated from:
    #0 0x55ca915fa191 in operator new(unsigned long) (/workspace/build-asan/tsc+0x15d191) (BuildId: 73a10d7cc646a755f705b0ae57418e68578aec2f)
    #1 0x7ff5c59b6da2  (/usr/lib/llvm-20/lib/libLLVM.so.20.1+0x1a9ada2) (BuildId: b856c61f98abf0989f157f153740fe0fadfbb760)
    #2 0x7ff5c6f3b008  (/usr/lib/llvm-20/lib/libLLVM.so.20.1+0x301f008) (BuildId: b856c61f98abf0989f157f153740fe0fadfbb760)
    #3 0x7ff5c6f3af97  (/usr/lib/llvm-20/lib/libLLVM.so.20.1+0x301ef97) (BuildId: b856c61f98abf0989f157f153740fe0fadfbb760)
    #4 0x7ff5c6f3998b  (/usr/lib/llvm-20/lib/libLLVM.so.20.1+0x301d98b) (BuildId: b856c61f98abf0989f157f153740fe0fadfbb760)
    #5 0x7ff5c6f398a6  (/usr/lib/llvm-20/lib/libLLVM.so.20.1+0x301d8a6) (BuildId: b856c61f98abf0989f157f153740fe0fadfbb760)
    #6 0x7ff5c7f5a121  (/usr/lib/llvm-20/lib/libLLVM.so.20.1+0x403e121) (BuildId: b856c61f98abf0989f157f153740fe0fadfbb760)
    #7 0x7ff5c7f81ab1  (/usr/lib/llvm-20/lib/libLLVM.so.20.1+0x4065ab1) (BuildId: b856c61f98abf0989f157f153740fe0fadfbb760)
    #8 0x7ff5c7f83c8f  (/usr/lib/llvm-20/lib/libLLVM.so.20.1+0x4067c8f) (BuildId: b856c61f98abf0989f157f153740fe0fadfbb760)
    #9 0x7ff5c7f8526a  (/usr/lib/llvm-20/lib/libLLVM.so.20.1+0x406926a) (BuildId: b856c61f98abf0989f157f153740fe0fadfbb760)
    #10 0x55ca91648523 in llvm::Target::createTargetMachine(llvm::StringRef, llvm::StringRef, llvm::StringRef, llvm::TargetOptions const&, std::optional<llvm::Reloc::Model>, std::optional<llvm::CodeModel::Model>, llvm::CodeGenOptLevel, bool) const /usr/lib/llvm-20/include/llvm/MC/TargetRegistry.h:462:12
    #11 0x55ca9163a09e in tsc::TargetRegistry::initializeAllTargets() /workspace/src/TargetRegistry.cpp:67:41
    #12 0x55ca9162bdcd in tsc::Compiler::initializeLLVM() /workspace/src/Compiler.cpp:349:14
    #13 0x55ca9162b8b7 in tsc::Compiler::Compiler(tsc::CompilerOptions const&) /workspace/src/Compiler.cpp:24:5
    #14 0x55ca915fd7b5 in main /workspace/src/main.cpp:191:18
    #15 0x7ff5c395a337  (/lib/x86_64-linux-gnu/libc.so.6+0x2a337) (BuildId: 467f544f15035abef911999cbc14489edd0555ab)
    #16 0x7ff5c395a3fa in __libc_start_main (/lib/x86_64-linux-gnu/libc.so.6+0x2a3fa) (BuildId: 467f544f15035abef911999cbc14489edd0555ab)
    #17 0x55ca91511b64 in _start (/workspace/build-asan/tsc+0x74b64) (BuildId: 73a10d7cc646a755f705b0ae57418e68578aec2f)

Indirect leak of 168 byte(s) in 3 object(s) allocated from:
    #0 0x55ca915fa191 in operator new(unsigned long) (/workspace/build-asan/tsc+0x15d191) (BuildId: 73a10d7cc646a755f705b0ae57418e68578aec2f)
    #1 0x7ff5c59b6da2  (/usr/lib/llvm-20/lib/libLLVM.so.20.1+0x1a9ada2) (BuildId: b856c61f98abf0989f157f153740fe0fadfbb760)
    #2 0x7ff5c6f3b039  (/usr/lib/llvm-20/lib/libLLVM.so.20.1+0x301f039) (BuildId: b856c61f98abf0989f157f153740fe0fadfbb760)
    #3 0x7ff5c6f3af97  (/usr/lib/llvm-20/lib/libLLVM.so.20.1+0x301ef97) (BuildId: b856c61f98abf0989f157f153740fe0fadfbb760)
    #4 0x7ff5c6f3998b  (/usr/lib/llvm-20/lib/libLLVM.so.20.1+0x301d98b) (BuildId: b856c61f98abf0989f157f153740fe0fadfbb760)
    #5 0x7ff5c6f398a6  (/usr/lib/llvm-20/lib/libLLVM.so.20.1+0x301d8a6) (BuildId: b856c61f98abf0989f157f153740fe0fadfbb760)
    #6 0x7ff5c7f59ffd  (/usr/lib/llvm-20/lib/libLLVM.so.20.1+0x403dffd) (BuildId: b856c61f98abf0989f157f153740fe0fadfbb760)
    #7 0x7ff5c7f81ab1  (/usr/lib/llvm-20/lib/libLLVM.so.20.1+0x4065ab1) (BuildId: b856c61f98abf0989f157f153740fe0fadfbb760)
    #8 0x7ff5c7f83c8f  (/usr/lib/llvm-20/lib/libLLVM.so.20.1+0x4067c8f) (BuildId: b856c61f98abf0989f157f153740fe0fadfbb760)
    #9 0x7ff5c7f8526a  (/usr/lib/llvm-20/lib/libLLVM.so.20.1+0x406926a) (BuildId: b856c61f98abf0989f157f153740fe0fadfbb760)
    #10 0x55ca91648523 in llvm::Target::createTargetMachine(llvm::StringRef, llvm::StringRef, llvm::StringRef, llvm::TargetOptions const&, std::optional<llvm::Reloc::Model>, std::optional<llvm::CodeModel::Model>, llvm::CodeGenOptLevel, bool) const /usr/lib/llvm-20/include/llvm/MC/TargetRegistry.h:462:12
    #11 0x55ca9163a09e in tsc::TargetRegistry::initializeAllTargets() /workspace/src/TargetRegistry.cpp:67:41
    #12 0x55ca9162bdcd in tsc::Compiler::initializeLLVM() /workspace/src/Compiler.cpp:349:14
    #13 0x55ca9162b8b7 in tsc::Compiler::Compiler(tsc::CompilerOptions const&) /workspace/src/Compiler.cpp:24:5
    #14 0x55ca915fd7b5 in main /workspace/src/main.cpp:191:18
    #15 0x7ff5c395a337  (/lib/x86_64-linux-gnu/libc.so.6+0x2a337) (BuildId: 467f544f15035abef911999cbc14489edd0555ab)
    #16 0x7ff5c395a3fa in __libc_start_main (/lib/x86_64-linux-gnu/libc.so.6+0x2a3fa) (BuildId: 467f544f15035abef911999cbc14489edd0555ab)
    #17 0x55ca91511b64 in _start (/workspace/build-asan/tsc+0x74b64) (BuildId: 73a10d7cc646a755f705b0ae57418e68578aec2f)

Indirect leak of 168 byte(s) in 3 object(s) allocated from:
    #0 0x55ca915fa191 in operator new(unsigned long) (/workspace/build-asan/tsc+0x15d191) (BuildId: 73a10d7cc646a755f705b0ae57418e68578aec2f)
    #1 0x7ff5c59b6da2  (/usr/lib/llvm-20/lib/libLLVM.so.20.1+0x1a9ada2) (BuildId: b856c61f98abf0989f157f153740fe0fadfbb760)
    #2 0x7ff5c6f3b008  (/usr/lib/llvm-20/lib/libLLVM.so.20.1+0x301f008) (BuildId: b856c61f98abf0989f157f153740fe0fadfbb760)
    #3 0x7ff5c6f3af97  (/usr/lib/llvm-20/lib/libLLVM.so.20.1+0x301ef97) (BuildId: b856c61f98abf0989f157f153740fe0fadfbb760)
    #4 0x7ff5c6f3998b  (/usr/lib/llvm-20/lib/libLLVM.so.20.1+0x301d98b) (BuildId: b856c61f98abf0989f157f153740fe0fadfbb760)
    #5 0x7ff5c6f398a6  (/usr/lib/llvm-20/lib/libLLVM.so.20.1+0x301d8a6) (BuildId: b856c61f98abf0989f157f153740fe0fadfbb760)
    #6 0x7ff5c7f59ffd  (/usr/lib/llvm-20/lib/libLLVM.so.20.1+0x403dffd) (BuildId: b856c61f98abf0989f157f153740fe0fadfbb760)
    #7 0x7ff5c7f81ab1  (/usr/lib/llvm-20/lib/libLLVM.so.20.1+0x4065ab1) (BuildId: b856c61f98abf0989f157f153740fe0fadfbb760)
    #8 0x7ff5c7f83c8f  (/usr/lib/llvm-20/lib/libLLVM.so.20.1+0x4067c8f) (BuildId: b856c61f98abf0989f157f153740fe0fadfbb760)
    #9 0x7ff5c7f8526a  (/usr/lib/llvm-20/lib/libLLVM.so.20.1+0x406926a) (BuildId: b856c61f98abf0989f157f153740fe0fadfbb760)
    #10 0x55ca91648523 in llvm::Target::createTargetMachine(llvm::StringRef, llvm::StringRef, llvm::StringRef, llvm::TargetOptions const&, std::optional<llvm::Reloc::Model>, std::optional<llvm::CodeModel::Model>, llvm::CodeGenOptLevel, bool) const /usr/lib/llvm-20/include/llvm/MC/TargetRegistry.h:462:12
    #11 0x55ca9163a09e in tsc::TargetRegistry::initializeAllTargets() /workspace/src/TargetRegistry.cpp:67:41
    #12 0x55ca9162bdcd in tsc::Compiler::initializeLLVM() /workspace/src/Compiler.cpp:349:14
    #13 0x55ca9162b8b7 in tsc::Compiler::Compiler(tsc::CompilerOptions const&) /workspace/src/Compiler.cpp:24:5
    #14 0x55ca915fd7b5 in main /workspace/src/main.cpp:191:18
    #15 0x7ff5c395a337  (/lib/x86_64-linux-gnu/libc.so.6+0x2a337) (BuildId: 467f544f15035abef911999cbc14489edd0555ab)
    #16 0x7ff5c395a3fa in __libc_start_main (/lib/x86_64-linux-gnu/libc.so.6+0x2a3fa) (BuildId: 467f544f15035abef911999cbc14489edd0555ab)
    #17 0x55ca91511b64 in _start (/workspace/build-asan/tsc+0x74b64) (BuildId: 73a10d7cc646a755f705b0ae57418e68578aec2f)

Indirect leak of 168 byte(s) in 3 object(s) allocated from:
    #0 0x55ca915fa191 in operator new(unsigned long) (/workspace/build-asan/tsc+0x15d191) (BuildId: 73a10d7cc646a755f705b0ae57418e68578aec2f)
    #1 0x7ff5c59b6da2  (/usr/lib/llvm-20/lib/libLLVM.so.20.1+0x1a9ada2) (BuildId: b856c61f98abf0989f157f153740fe0fadfbb760)
    #2 0x7ff5c6f3b039  (/usr/lib/llvm-20/lib/libLLVM.so.20.1+0x301f039) (BuildId: b856c61f98abf0989f157f153740fe0fadfbb760)
    #3 0x7ff5c6f3af97  (/usr/lib/llvm-20/lib/libLLVM.so.20.1+0x301ef97) (BuildId: b856c61f98abf0989f157f153740fe0fadfbb760)
    #4 0x7ff5c6f3998b  (/usr/lib/llvm-20/lib/libLLVM.so.20.1+0x301d98b) (BuildId: b856c61f98abf0989f157f153740fe0fadfbb760)
    #5 0x7ff5c6f398a6  (/usr/lib/llvm-20/lib/libLLVM.so.20.1+0x301d8a6) (BuildId: b856c61f98abf0989f157f153740fe0fadfbb760)
    #6 0x7ff5c6f3aa71  (/usr/lib/llvm-20/lib/libLLVM.so.20.1+0x301ea71) (BuildId: b856c61f98abf0989f157f153740fe0fadfbb760)
    #7 0x7ff5c7f59e1e  (/usr/lib/llvm-20/lib/libLLVM.so.20.1+0x403de1e) (BuildId: b856c61f98abf0989f157f153740fe0fadfbb760)
    #8 0x7ff5c7f81ab1  (/usr/lib/llvm-20/lib/libLLVM.so.20.1+0x4065ab1) (BuildId: b856c61f98abf0989f157f153740fe0fadfbb760)
    #9 0x7ff5c7f83c8f  (/usr/lib/llvm-20/lib/libLLVM.so.20.1+0x4067c8f) (BuildId: b856c61f98abf0989f157f153740fe0fadfbb760)
    #10 0x7ff5c7f8526a  (/usr/lib/llvm-20/lib/libLLVM.so.20.1+0x406926a) (BuildId: b856c61f98abf0989f157f153740fe0fadfbb760)
    #11 0x55ca91648523 in llvm::Target::createTargetMachine(llvm::StringRef, llvm::StringRef, llvm::StringRef, llvm::TargetOptions const&, std::optional<llvm::Reloc::Model>, std::optional<llvm::CodeModel::Model>, llvm::CodeGenOptLevel, bool) const /usr/lib/llvm-20/include/llvm/MC/TargetRegistry.h:462:12
    #12 0x55ca9163a09e in tsc::TargetRegistry::initializeAllTargets() /workspace/src/TargetRegistry.cpp:67:41
    #13 0x55ca9162bdcd in tsc::Compiler::initializeLLVM() /workspace/src/Compiler.cpp:349:14
    #14 0x55ca9162b8b7 in tsc::Compiler::Compiler(tsc::CompilerOptions const&) /workspace/src/Compiler.cpp:24:5
    #15 0x55ca915fd7b5 in main /workspace/src/main.cpp:191:18
    #16 0x7ff5c395a337  (/lib/x86_64-linux-gnu/libc.so.6+0x2a337) (BuildId: 467f544f15035abef911999cbc14489edd0555ab)
    #17 0x7ff5c395a3fa in __libc_start_main (/lib/x86_64-linux-gnu/libc.so.6+0x2a3fa) (BuildId: 467f544f15035abef911999cbc14489edd0555ab)
    #18 0x55ca91511b64 in _start (/workspace/build-asan/tsc+0x74b64) (BuildId: 73a10d7cc646a755f705b0ae57418e68578aec2f)

Indirect leak of 168 byte(s) in 3 object(s) allocated from:
    #0 0x55ca915fa191 in operator new(unsigned long) (/workspace/build-asan/tsc+0x15d191) (BuildId: 73a10d7cc646a755f705b0ae57418e68578aec2f)
    #1 0x7ff5c59b6da2  (/usr/lib/llvm-20/lib/libLLVM.so.20.1+0x1a9ada2) (BuildId: b856c61f98abf0989f157f153740fe0fadfbb760)
    #2 0x7ff5c6f3b039  (/usr/lib/llvm-20/lib/libLLVM.so.20.1+0x301f039) (BuildId: b856c61f98abf0989f157f153740fe0fadfbb760)
    #3 0x7ff5c6f3af97  (/usr/lib/llvm-20/lib/libLLVM.so.20.1+0x301ef97) (BuildId: b856c61f98abf0989f157f153740fe0fadfbb760)
    #4 0x7ff5c6f3998b  (/usr/lib/llvm-20/lib/libLLVM.so.20.1+0x301d98b) (BuildId: b856c61f98abf0989f157f153740fe0fadfbb760)
    #5 0x7ff5c6f398a6  (/usr/lib/llvm-20/lib/libLLVM.so.20.1+0x301d8a6) (BuildId: b856c61f98abf0989f157f153740fe0fadfbb760)
    #6 0x7ff5c7f59d77  (/usr/lib/llvm-20/lib/libLLVM.so.20.1+0x403dd77) (BuildId: b856c61f98abf0989f157f153740fe0fadfbb760)
    #7 0x7ff5c7f81ab1  (/usr/lib/llvm-20/lib/libLLVM.so.20.1+0x4065ab1) (BuildId: b856c61f98abf0989f157f153740fe0fadfbb760)
    #8 0x7ff5c7f83c8f  (/usr/lib/llvm-20/lib/libLLVM.so.20.1+0x4067c8f) (BuildId: b856c61f98abf0989f157f153740fe0fadfbb760)
    #9 0x7ff5c7f8526a  (/usr/lib/llvm-20/lib/libLLVM.so.20.1+0x406926a) (BuildId: b856c61f98abf0989f157f153740fe0fadfbb760)
    #10 0x55ca91648523 in llvm::Target::createTargetMachine(llvm::StringRef, llvm::StringRef, llvm::StringRef, llvm::TargetOptions const&, std::optional<llvm::Reloc::Model>, std::optional<llvm::CodeModel::Model>, llvm::CodeGenOptLevel, bool) const /usr/lib/llvm-20/include/llvm/MC/TargetRegistry.h:462:12
    #11 0x55ca9163a09e in tsc::TargetRegistry::initializeAllTargets() /workspace/src/TargetRegistry.cpp:67:41
    #12 0x55ca9162bdcd in tsc::Compiler::initializeLLVM() /workspace/src/Compiler.cpp:349:14
    #13 0x55ca9162b8b7 in tsc::Compiler::Compiler(tsc::CompilerOptions const&) /workspace/src/Compiler.cpp:24:5
    #14 0x55ca915fd7b5 in main /workspace/src/main.cpp:191:18
    #15 0x7ff5c395a337  (/lib/x86_64-linux-gnu/libc.so.6+0x2a337) (BuildId: 467f544f15035abef911999cbc14489edd0555ab)
    #16 0x7ff5c395a3fa in __libc_start_main (/lib/x86_64-linux-gnu/libc.so.6+0x2a3fa) (BuildId: 467f544f15035abef911999cbc14489edd0555ab)
    #17 0x55ca91511b64 in _start (/workspace/build-asan/tsc+0x74b64) (BuildId: 73a10d7cc646a755f705b0ae57418e68578aec2f)

Indirect leak of 168 byte(s) in 3 object(s) allocated from:
    #0 0x55ca915fa191 in operator new(unsigned long) (/workspace/build-asan/tsc+0x15d191) (BuildId: 73a10d7cc646a755f705b0ae57418e68578aec2f)
    #1 0x7ff5c59b6da2  (/usr/lib/llvm-20/lib/libLLVM.so.20.1+0x1a9ada2) (BuildId: b856c61f98abf0989f157f153740fe0fadfbb760)
    #2 0x7ff5c6f3b008  (/usr/lib/llvm-20/lib/libLLVM.so.20.1+0x301f008) (BuildId: b856c61f98abf0989f157f153740fe0fadfbb760)
    #3 0x7ff5c6f3af97  (/usr/lib/llvm-20/lib/libLLVM.so.20.1+0x301ef97) (BuildId: b856c61f98abf0989f157f153740fe0fadfbb760)
    #4 0x7ff5c6f3998b  (/usr/lib/llvm-20/lib/libLLVM.so.20.1+0x301d98b) (BuildId: b856c61f98abf0989f157f153740fe0fadfbb760)
    #5 0x7ff5c6f398a6  (/usr/lib/llvm-20/lib/libLLVM.so.20.1+0x301d8a6) (BuildId: b856c61f98abf0989f157f153740fe0fadfbb760)
    #6 0x7ff5c7f59c23  (/usr/lib/llvm-20/lib/libLLVM.so.20.1+0x403dc23) (BuildId: b856c61f98abf0989f157f153740fe0fadfbb760)
    #7 0x7ff5c7f81ab1  (/usr/lib/llvm-20/lib/libLLVM.so.20.1+0x4065ab1) (BuildId: b856c61f98abf0989f157f153740fe0fadfbb760)
    #8 0x7ff5c7f83c8f  (/usr/lib/llvm-20/lib/libLLVM.so.20.1+0x4067c8f) (BuildId: b856c61f98abf0989f157f153740fe0fadfbb760)
    #9 0x7ff5c7f8526a  (/usr/lib/llvm-20/lib/libLLVM.so.20.1+0x406926a) (BuildId: b856c61f98abf0989f157f153740fe0fadfbb760)
    #10 0x55ca91648523 in llvm::Target::createTargetMachine(llvm::StringRef, llvm::StringRef, llvm::StringRef, llvm::TargetOptions const&, std::optional<llvm::Reloc::Model>, std::optional<llvm::CodeModel::Model>, llvm::CodeGenOptLevel, bool) const /usr/lib/llvm-20/include/llvm/MC/TargetRegistry.h:462:12
    #11 0x55ca9163a09e in tsc::TargetRegistry::initializeAllTargets() /workspace/src/TargetRegistry.cpp:67:41
    #12 0x55ca9162bdcd in tsc::Compiler::initializeLLVM() /workspace/src/Compiler.cpp:349:14
    #13 0x55ca9162b8b7 in tsc::Compiler::Compiler(tsc::CompilerOptions const&) /workspace/src/Compiler.cpp:24:5
    #14 0x55ca915fd7b5 in main /workspace/src/main.cpp:191:18
    #15 0x7ff5c395a337  (/lib/x86_64-linux-gnu/libc.so.6+0x2a337) (BuildId: 467f544f15035abef911999cbc14489edd0555ab)
    #16 0x7ff5c395a3fa in __libc_start_main (/lib/x86_64-linux-gnu/libc.so.6+0x2a3fa) (BuildId: 467f544f15035abef911999cbc14489edd0555ab)
    #17 0x55ca91511b64 in _start (/workspace/build-asan/tsc+0x74b64) (BuildId: 73a10d7cc646a755f705b0ae57418e68578aec2f)

Indirect leak of 168 byte(s) in 3 object(s) allocated from:
    #0 0x55ca915fa191 in operator new(unsigned long) (/workspace/build-asan/tsc+0x15d191) (BuildId: 73a10d7cc646a755f705b0ae57418e68578aec2f)
    #1 0x7ff5c59b6da2  (/usr/lib/llvm-20/lib/libLLVM.so.20.1+0x1a9ada2) (BuildId: b856c61f98abf0989f157f153740fe0fadfbb760)
    #2 0x7ff5c6f3b039  (/usr/lib/llvm-20/lib/libLLVM.so.20.1+0x301f039) (BuildId: b856c61f98abf0989f157f153740fe0fadfbb760)
    #3 0x7ff5c6f3af97  (/usr/lib/llvm-20/lib/libLLVM.so.20.1+0x301ef97) (BuildId: b856c61f98abf0989f157f153740fe0fadfbb760)
    #4 0x7ff5c6f3998b  (/usr/lib/llvm-20/lib/libLLVM.so.20.1+0x301d98b) (BuildId: b856c61f98abf0989f157f153740fe0fadfbb760)
    #5 0x7ff5c6f398a6  (/usr/lib/llvm-20/lib/libLLVM.so.20.1+0x301d8a6) (BuildId: b856c61f98abf0989f157f153740fe0fadfbb760)
    #6 0x7ff5c6f3aa71  (/usr/lib/llvm-20/lib/libLLVM.so.20.1+0x301ea71) (BuildId: b856c61f98abf0989f157f153740fe0fadfbb760)
    #7 0x7ff5c7f59b53  (/usr/lib/llvm-20/lib/libLLVM.so.20.1+0x403db53) (BuildId: b856c61f98abf0989f157f153740fe0fadfbb760)
    #8 0x7ff5c7f81ab1  (/usr/lib/llvm-20/lib/libLLVM.so.20.1+0x4065ab1) (BuildId: b856c61f98abf0989f157f153740fe0fadfbb760)
    #9 0x7ff5c7f83c8f  (/usr/lib/llvm-20/lib/libLLVM.so.20.1+0x4067c8f) (BuildId: b856c61f98abf0989f157f153740fe0fadfbb760)
    #10 0x7ff5c7f8526a  (/usr/lib/llvm-20/lib/libLLVM.so.20.1+0x406926a) (BuildId: b856c61f98abf0989f157f153740fe0fadfbb760)
    #11 0x55ca91648523 in llvm::Target::createTargetMachine(llvm::StringRef, llvm::StringRef, llvm::StringRef, llvm::TargetOptions const&, std::optional<llvm::Reloc::Model>, std::optional<llvm::CodeModel::Model>, llvm::CodeGenOptLevel, bool) const /usr/lib/llvm-20/include/llvm/MC/TargetRegistry.h:462:12
    #12 0x55ca9163a09e in tsc::TargetRegistry::initializeAllTargets() /workspace/src/TargetRegistry.cpp:67:41
    #13 0x55ca9162bdcd in tsc::Compiler::initializeLLVM() /workspace/src/Compiler.cpp:349:14
    #14 0x55ca9162b8b7 in tsc::Compiler::Compiler(tsc::CompilerOptions const&) /workspace/src/Compiler.cpp:24:5
    #15 0x55ca915fd7b5 in main /workspace/src/main.cpp:191:18
    #16 0x7ff5c395a337  (/lib/x86_64-linux-gnu/libc.so.6+0x2a337) (BuildId: 467f544f15035abef911999cbc14489edd0555ab)
    #17 0x7ff5c395a3fa in __libc_start_main (/lib/x86_64-linux-gnu/libc.so.6+0x2a3fa) (BuildId: 467f544f15035abef911999cbc14489edd0555ab)
    #18 0x55ca91511b64 in _start (/workspace/build-asan/tsc+0x74b64) (BuildId: 73a10d7cc646a755f705b0ae57418e68578aec2f)

Indirect leak of 168 byte(s) in 3 object(s) allocated from:
    #0 0x55ca915fa191 in operator new(unsigned long) (/workspace/build-asan/tsc+0x15d191) (BuildId: 73a10d7cc646a755f705b0ae57418e68578aec2f)
    #1 0x7ff5c59b6da2  (/usr/lib/llvm-20/lib/libLLVM.so.20.1+0x1a9ada2) (BuildId: b856c61f98abf0989f157f153740fe0fadfbb760)
    #2 0x7ff5c6f3b008  (/usr/lib/llvm-20/lib/libLLVM.so.20.1+0x301f008) (BuildId: b856c61f98abf0989f157f153740fe0fadfbb760)
    #3 0x7ff5c6f3af97  (/usr/lib/llvm-20/lib/libLLVM.so.20.1+0x301ef97) (BuildId: b856c61f98abf0989f157f153740fe0fadfbb760)
    #4 0x7ff5c6f3998b  (/usr/lib/llvm-20/lib/libLLVM.so.20.1+0x301d98b) (BuildId: b856c61f98abf0989f157f153740fe0fadfbb760)
    #5 0x7ff5c6f398a6  (/usr/lib/llvm-20/lib/libLLVM.so.20.1+0x301d8a6) (BuildId: b856c61f98abf0989f157f153740fe0fadfbb760)
    #6 0x7ff5c6f3aa71  (/usr/lib/llvm-20/lib/libLLVM.so.20.1+0x301ea71) (BuildId: b856c61f98abf0989f157f153740fe0fadfbb760)
    #7 0x7ff5c7f59b53  (/usr/lib/llvm-20/lib/libLLVM.so.20.1+0x403db53) (BuildId: b856c61f98abf0989f157f153740fe0fadfbb760)
    #8 0x7ff5c7f81ab1  (/usr/lib/llvm-20/lib/libLLVM.so.20.1+0x4065ab1) (BuildId: b856c61f98abf0989f157f153740fe0fadfbb760)
    #9 0x7ff5c7f83c8f  (/usr/lib/llvm-20/lib/libLLVM.so.20.1+0x4067c8f) (BuildId: b856c61f98abf0989f157f153740fe0fadfbb760)
    #10 0x7ff5c7f8526a  (/usr/lib/llvm-20/lib/libLLVM.so.20.1+0x406926a) (BuildId: b856c61f98abf0989f157f153740fe0fadfbb760)
    #11 0x55ca91648523 in llvm::Target::createTargetMachine(llvm::StringRef, llvm::StringRef, llvm::StringRef, llvm::TargetOptions const&, std::optional<llvm::Reloc::Model>, std::optional<llvm::CodeModel::Model>, llvm::CodeGenOptLevel, bool) const /usr/lib/llvm-20/include/llvm/MC/TargetRegistry.h:462:12
    #12 0x55ca9163a09e in tsc::TargetRegistry::initializeAllTargets() /workspace/src/TargetRegistry.cpp:67:41
    #13 0x55ca9162bdcd in tsc::Compiler::initializeLLVM() /workspace/src/Compiler.cpp:349:14
    #14 0x55ca9162b8b7 in tsc::Compiler::Compiler(tsc::CompilerOptions const&) /workspace/src/Compiler.cpp:24:5
    #15 0x55ca915fd7b5 in main /workspace/src/main.cpp:191:18
    #16 0x7ff5c395a337  (/lib/x86_64-linux-gnu/libc.so.6+0x2a337) (BuildId: 467f544f15035abef911999cbc14489edd0555ab)
    #17 0x7ff5c395a3fa in __libc_start_main (/lib/x86_64-linux-gnu/libc.so.6+0x2a3fa) (BuildId: 467f544f15035abef911999cbc14489edd0555ab)
    #18 0x55ca91511b64 in _start (/workspace/build-asan/tsc+0x74b64) (BuildId: 73a10d7cc646a755f705b0ae57418e68578aec2f)

Indirect leak of 168 byte(s) in 3 object(s) allocated from:
    #0 0x55ca915fa191 in operator new(unsigned long) (/workspace/build-asan/tsc+0x15d191) (BuildId: 73a10d7cc646a755f705b0ae57418e68578aec2f)
    #1 0x7ff5c59b6da2  (/usr/lib/llvm-20/lib/libLLVM.so.20.1+0x1a9ada2) (BuildId: b856c61f98abf0989f157f153740fe0fadfbb760)
    #2 0x7ff5c6f3b039  (/usr/lib/llvm-20/lib/libLLVM.so.20.1+0x301f039) (BuildId: b856c61f98abf0989f157f153740fe0fadfbb760)
    #3 0x7ff5c6f3af97  (/usr/lib/llvm-20/lib/libLLVM.so.20.1+0x301ef97) (BuildId: b856c61f98abf0989f157f153740fe0fadfbb760)
    #4 0x7ff5c6f3998b  (/usr/lib/llvm-20/lib/libLLVM.so.20.1+0x301d98b) (BuildId: b856c61f98abf0989f157f153740fe0fadfbb760)
    #5 0x7ff5c6f398a6  (/usr/lib/llvm-20/lib/libLLVM.so.20.1+0x301d8a6) (BuildId: b856c61f98abf0989f157f153740fe0fadfbb760)
    #6 0x7ff5c7f599b6  (/usr/lib/llvm-20/lib/libLLVM.so.20.1+0x403d9b6) (BuildId: b856c61f98abf0989f157f153740fe0fadfbb760)
    #7 0x7ff5c7f81ab1  (/usr/lib/llvm-20/lib/libLLVM.so.20.1+0x4065ab1) (BuildId: b856c61f98abf0989f157f153740fe0fadfbb760)
    #8 0x7ff5c7f83c8f  (/usr/lib/llvm-20/lib/libLLVM.so.20.1+0x4067c8f) (BuildId: b856c61f98abf0989f157f153740fe0fadfbb760)
    #9 0x7ff5c7f8526a  (/usr/lib/llvm-20/lib/libLLVM.so.20.1+0x406926a) (BuildId: b856c61f98abf0989f157f153740fe0fadfbb760)
    #10 0x55ca91648523 in llvm::Target::createTargetMachine(llvm::StringRef, llvm::StringRef, llvm::StringRef, llvm::TargetOptions const&, std::optional<llvm::Reloc::Model>, std::optional<llvm::CodeModel::Model>, llvm::CodeGenOptLevel, bool) const /usr/lib/llvm-20/include/llvm/MC/TargetRegistry.h:462:12
    #11 0x55ca9163a09e in tsc::TargetRegistry::initializeAllTargets() /workspace/src/TargetRegistry.cpp:67:41
    #12 0x55ca9162bdcd in tsc::Compiler::initializeLLVM() /workspace/src/Compiler.cpp:349:14
    #13 0x55ca9162b8b7 in tsc::Compiler::Compiler(tsc::CompilerOptions const&) /workspace/src/Compiler.cpp:24:5
    #14 0x55ca915fd7b5 in main /workspace/src/main.cpp:191:18
    #15 0x7ff5c395a337  (/lib/x86_64-linux-gnu/libc.so.6+0x2a337) (BuildId: 467f544f15035abef911999cbc14489edd0555ab)
    #16 0x7ff5c395a3fa in __libc_start_main (/lib/x86_64-linux-gnu/libc.so.6+0x2a3fa) (BuildId: 467f544f15035abef911999cbc14489edd0555ab)
    #17 0x55ca91511b64 in _start (/workspace/build-asan/tsc+0x74b64) (BuildId: 73a10d7cc646a755f705b0ae57418e68578aec2f)

Indirect leak of 168 byte(s) in 3 object(s) allocated from:
    #0 0x55ca915fa191 in operator new(unsigned long) (/workspace/build-asan/tsc+0x15d191) (BuildId: 73a10d7cc646a755f705b0ae57418e68578aec2f)
    #1 0x7ff5c59b6da2  (/usr/lib/llvm-20/lib/libLLVM.so.20.1+0x1a9ada2) (BuildId: b856c61f98abf0989f157f153740fe0fadfbb760)
    #2 0x7ff5c6f3b008  (/usr/lib/llvm-20/lib/libLLVM.so.20.1+0x301f008) (BuildId: b856c61f98abf0989f157f153740fe0fadfbb760)
    #3 0x7ff5c6f3af97  (/usr/lib/llvm-20/lib/libLLVM.so.20.1+0x301ef97) (BuildId: b856c61f98abf0989f157f153740fe0fadfbb760)
    #4 0x7ff5c6f3998b  (/usr/lib/llvm-20/lib/libLLVM.so.20.1+0x301d98b) (BuildId: b856c61f98abf0989f157f153740fe0fadfbb760)
    #5 0x7ff5c6f398a6  (/usr/lib/llvm-20/lib/libLLVM.so.20.1+0x301d8a6) (BuildId: b856c61f98abf0989f157f153740fe0fadfbb760)
    #6 0x7ff5c7f599b6  (/usr/lib/llvm-20/lib/libLLVM.so.20.1+0x403d9b6) (BuildId: b856c61f98abf0989f157f153740fe0fadfbb760)
    #7 0x7ff5c7f81ab1  (/usr/lib/llvm-20/lib/libLLVM.so.20.1+0x4065ab1) (BuildId: b856c61f98abf0989f157f153740fe0fadfbb760)
    #8 0x7ff5c7f83c8f  (/usr/lib/llvm-20/lib/libLLVM.so.20.1+0x4067c8f) (BuildId: b856c61f98abf0989f157f153740fe0fadfbb760)
    #9 0x7ff5c7f8526a  (/usr/lib/llvm-20/lib/libLLVM.so.20.1+0x406926a) (BuildId: b856c61f98abf0989f157f153740fe0fadfbb760)
    #10 0x55ca91648523 in llvm::Target::createTargetMachine(llvm::StringRef, llvm::StringRef, llvm::StringRef, llvm::TargetOptions const&, std::optional<llvm::Reloc::Model>, std::optional<llvm::CodeModel::Model>, llvm::CodeGenOptLevel, bool) const /usr/lib/llvm-20/include/llvm/MC/TargetRegistry.h:462:12
    #11 0x55ca9163a09e in tsc::TargetRegistry::initializeAllTargets() /workspace/src/TargetRegistry.cpp:67:41
    #12 0x55ca9162bdcd in tsc::Compiler::initializeLLVM() /workspace/src/Compiler.cpp:349:14
    #13 0x55ca9162b8b7 in tsc::Compiler::Compiler(tsc::CompilerOptions const&) /workspace/src/Compiler.cpp:24:5
    #14 0x55ca915fd7b5 in main /workspace/src/main.cpp:191:18
    #15 0x7ff5c395a337  (/lib/x86_64-linux-gnu/libc.so.6+0x2a337) (BuildId: 467f544f15035abef911999cbc14489edd0555ab)
    #16 0x7ff5c395a3fa in __libc_start_main (/lib/x86_64-linux-gnu/libc.so.6+0x2a3fa) (BuildId: 467f544f15035abef911999cbc14489edd0555ab)
    #17 0x55ca91511b64 in _start (/workspace/build-asan/tsc+0x74b64) (BuildId: 73a10d7cc646a755f705b0ae57418e68578aec2f)

Indirect leak of 168 byte(s) in 3 object(s) allocated from:
    #0 0x55ca915fa191 in operator new(unsigned long) (/workspace/build-asan/tsc+0x15d191) (BuildId: 73a10d7cc646a755f705b0ae57418e68578aec2f)
    #1 0x7ff5c59b6da2  (/usr/lib/llvm-20/lib/libLLVM.so.20.1+0x1a9ada2) (BuildId: b856c61f98abf0989f157f153740fe0fadfbb760)
    #2 0x7ff5c6f3998b  (/usr/lib/llvm-20/lib/libLLVM.so.20.1+0x301d98b) (BuildId: b856c61f98abf0989f157f153740fe0fadfbb760)
    #3 0x7ff5c6f398a6  (/usr/lib/llvm-20/lib/libLLVM.so.20.1+0x301d8a6) (BuildId: b856c61f98abf0989f157f153740fe0fadfbb760)
    #4 0x7ff5c7f59853  (/usr/lib/llvm-20/lib/libLLVM.so.20.1+0x403d853) (BuildId: b856c61f98abf0989f157f153740fe0fadfbb760)
    #5 0x7ff5c7f81ab1  (/usr/lib/llvm-20/lib/libLLVM.so.20.1+0x4065ab1) (BuildId: b856c61f98abf0989f157f153740fe0fadfbb760)
    #6 0x7ff5c7f83c8f  (/usr/lib/llvm-20/lib/libLLVM.so.20.1+0x4067c8f) (BuildId: b856c61f98abf0989f157f153740fe0fadfbb760)
    #7 0x7ff5c7f8526a  (/usr/lib/llvm-20/lib/libLLVM.so.20.1+0x406926a) (BuildId: b856c61f98abf0989f157f153740fe0fadfbb760)
    #8 0x55ca91648523 in llvm::Target::createTargetMachine(llvm::StringRef, llvm::StringRef, llvm::StringRef, llvm::TargetOptions const&, std::optional<llvm::Reloc::Model>, std::optional<llvm::CodeModel::Model>, llvm::CodeGenOptLevel, bool) const /usr/lib/llvm-20/include/llvm/MC/TargetRegistry.h:462:12
    #9 0x55ca9163a09e in tsc::TargetRegistry::initializeAllTargets() /workspace/src/TargetRegistry.cpp:67:41
    #10 0x55ca9162bdcd in tsc::Compiler::initializeLLVM() /workspace/src/Compiler.cpp:349:14
    #11 0x55ca9162b8b7 in tsc::Compiler::Compiler(tsc::CompilerOptions const&) /workspace/src/Compiler.cpp:24:5
    #12 0x55ca915fd7b5 in main /workspace/src/main.cpp:191:18
    #13 0x7ff5c395a337  (/lib/x86_64-linux-gnu/libc.so.6+0x2a337) (BuildId: 467f544f15035abef911999cbc14489edd0555ab)
    #14 0x7ff5c395a3fa in __libc_start_main (/lib/x86_64-linux-gnu/libc.so.6+0x2a3fa) (BuildId: 467f544f15035abef911999cbc14489edd0555ab)
    #15 0x55ca91511b64 in _start (/workspace/build-asan/tsc+0x74b64) (BuildId: 73a10d7cc646a755f705b0ae57418e68578aec2f)

Indirect leak of 168 byte(s) in 3 object(s) allocated from:
    #0 0x55ca915fa191 in operator new(unsigned long) (/workspace/build-asan/tsc+0x15d191) (BuildId: 73a10d7cc646a755f705b0ae57418e68578aec2f)
    #1 0x7ff5c59b6da2  (/usr/lib/llvm-20/lib/libLLVM.so.20.1+0x1a9ada2) (BuildId: b856c61f98abf0989f157f153740fe0fadfbb760)
    #2 0x7ff5c6f3b039  (/usr/lib/llvm-20/lib/libLLVM.so.20.1+0x301f039) (BuildId: b856c61f98abf0989f157f153740fe0fadfbb760)
    #3 0x7ff5c6f3af97  (/usr/lib/llvm-20/lib/libLLVM.so.20.1+0x301ef97) (BuildId: b856c61f98abf0989f157f153740fe0fadfbb760)
    #4 0x7ff5c6f3998b  (/usr/lib/llvm-20/lib/libLLVM.so.20.1+0x301d98b) (BuildId: b856c61f98abf0989f157f153740fe0fadfbb760)
    #5 0x7ff5c6f398a6  (/usr/lib/llvm-20/lib/libLLVM.so.20.1+0x301d8a6) (BuildId: b856c61f98abf0989f157f153740fe0fadfbb760)
    #6 0x7ff5c6f3a981  (/usr/lib/llvm-20/lib/libLLVM.so.20.1+0x301e981) (BuildId: b856c61f98abf0989f157f153740fe0fadfbb760)
    #7 0x7ff5c7f59793  (/usr/lib/llvm-20/lib/libLLVM.so.20.1+0x403d793) (BuildId: b856c61f98abf0989f157f153740fe0fadfbb760)
    #8 0x7ff5c7f81ab1  (/usr/lib/llvm-20/lib/libLLVM.so.20.1+0x4065ab1) (BuildId: b856c61f98abf0989f157f153740fe0fadfbb760)
    #9 0x7ff5c7f83c8f  (/usr/lib/llvm-20/lib/libLLVM.so.20.1+0x4067c8f) (BuildId: b856c61f98abf0989f157f153740fe0fadfbb760)
    #10 0x7ff5c7f8526a  (/usr/lib/llvm-20/lib/libLLVM.so.20.1+0x406926a) (BuildId: b856c61f98abf0989f157f153740fe0fadfbb760)
    #11 0x55ca91648523 in llvm::Target::createTargetMachine(llvm::StringRef, llvm::StringRef, llvm::StringRef, llvm::TargetOptions const&, std::optional<llvm::Reloc::Model>, std::optional<llvm::CodeModel::Model>, llvm::CodeGenOptLevel, bool) const /usr/lib/llvm-20/include/llvm/MC/TargetRegistry.h:462:12
    #12 0x55ca9163a09e in tsc::TargetRegistry::initializeAllTargets() /workspace/src/TargetRegistry.cpp:67:41
    #13 0x55ca9162bdcd in tsc::Compiler::initializeLLVM() /workspace/src/Compiler.cpp:349:14
    #14 0x55ca9162b8b7 in tsc::Compiler::Compiler(tsc::CompilerOptions const&) /workspace/src/Compiler.cpp:24:5
    #15 0x55ca915fd7b5 in main /workspace/src/main.cpp:191:18
    #16 0x7ff5c395a337  (/lib/x86_64-linux-gnu/libc.so.6+0x2a337) (BuildId: 467f544f15035abef911999cbc14489edd0555ab)
    #17 0x7ff5c395a3fa in __libc_start_main (/lib/x86_64-linux-gnu/libc.so.6+0x2a3fa) (BuildId: 467f544f15035abef911999cbc14489edd0555ab)
    #18 0x55ca91511b64 in _start (/workspace/build-asan/tsc+0x74b64) (BuildId: 73a10d7cc646a755f705b0ae57418e68578aec2f)

Indirect leak of 168 byte(s) in 3 object(s) allocated from:
    #0 0x55ca915fa191 in operator new(unsigned long) (/workspace/build-asan/tsc+0x15d191) (BuildId: 73a10d7cc646a755f705b0ae57418e68578aec2f)
    #1 0x7ff5c59b6da2  (/usr/lib/llvm-20/lib/libLLVM.so.20.1+0x1a9ada2) (BuildId: b856c61f98abf0989f157f153740fe0fadfbb760)
    #2 0x7ff5c6f3b008  (/usr/lib/llvm-20/lib/libLLVM.so.20.1+0x301f008) (BuildId: b856c61f98abf0989f157f153740fe0fadfbb760)
    #3 0x7ff5c6f3af97  (/usr/lib/llvm-20/lib/libLLVM.so.20.1+0x301ef97) (BuildId: b856c61f98abf0989f157f153740fe0fadfbb760)
    #4 0x7ff5c6f3998b  (/usr/lib/llvm-20/lib/libLLVM.so.20.1+0x301d98b) (BuildId: b856c61f98abf0989f157f153740fe0fadfbb760)
    #5 0x7ff5c6f398a6  (/usr/lib/llvm-20/lib/libLLVM.so.20.1+0x301d8a6) (BuildId: b856c61f98abf0989f157f153740fe0fadfbb760)
    #6 0x7ff5c6f3a981  (/usr/lib/llvm-20/lib/libLLVM.so.20.1+0x301e981) (BuildId: b856c61f98abf0989f157f153740fe0fadfbb760)
    #7 0x7ff5c7f59793  (/usr/lib/llvm-20/lib/libLLVM.so.20.1+0x403d793) (BuildId: b856c61f98abf0989f157f153740fe0fadfbb760)
    #8 0x7ff5c7f81ab1  (/usr/lib/llvm-20/lib/libLLVM.so.20.1+0x4065ab1) (BuildId: b856c61f98abf0989f157f153740fe0fadfbb760)
    #9 0x7ff5c7f83c8f  (/usr/lib/llvm-20/lib/libLLVM.so.20.1+0x4067c8f) (BuildId: b856c61f98abf0989f157f153740fe0fadfbb760)
    #10 0x7ff5c7f8526a  (/usr/lib/llvm-20/lib/libLLVM.so.20.1+0x406926a) (BuildId: b856c61f98abf0989f157f153740fe0fadfbb760)
    #11 0x55ca91648523 in llvm::Target::createTargetMachine(llvm::StringRef, llvm::StringRef, llvm::StringRef, llvm::TargetOptions const&, std::optional<llvm::Reloc::Model>, std::optional<llvm::CodeModel::Model>, llvm::CodeGenOptLevel, bool) const /usr/lib/llvm-20/include/llvm/MC/TargetRegistry.h:462:12
    #12 0x55ca9163a09e in tsc::TargetRegistry::initializeAllTargets() /workspace/src/TargetRegistry.cpp:67:41
    #13 0x55ca9162bdcd in tsc::Compiler::initializeLLVM() /workspace/src/Compiler.cpp:349:14
    #14 0x55ca9162b8b7 in tsc::Compiler::Compiler(tsc::CompilerOptions const&) /workspace/src/Compiler.cpp:24:5
    #15 0x55ca915fd7b5 in main /workspace/src/main.cpp:191:18
    #16 0x7ff5c395a337  (/lib/x86_64-linux-gnu/libc.so.6+0x2a337) (BuildId: 467f544f15035abef911999cbc14489edd0555ab)
    #17 0x7ff5c395a3fa in __libc_start_main (/lib/x86_64-linux-gnu/libc.so.6+0x2a3fa) (BuildId: 467f544f15035abef911999cbc14489edd0555ab)
    #18 0x55ca91511b64 in _start (/workspace/build-asan/tsc+0x74b64) (BuildId: 73a10d7cc646a755f705b0ae57418e68578aec2f)

Indirect leak of 168 byte(s) in 3 object(s) allocated from:
    #0 0x55ca915fa191 in operator new(unsigned long) (/workspace/build-asan/tsc+0x15d191) (BuildId: 73a10d7cc646a755f705b0ae57418e68578aec2f)
    #1 0x7ff5c59b6da2  (/usr/lib/llvm-20/lib/libLLVM.so.20.1+0x1a9ada2) (BuildId: b856c61f98abf0989f157f153740fe0fadfbb760)
    #2 0x7ff5c6f3b039  (/usr/lib/llvm-20/lib/libLLVM.so.20.1+0x301f039) (BuildId: b856c61f98abf0989f157f153740fe0fadfbb760)
    #3 0x7ff5c6f3af97  (/usr/lib/llvm-20/lib/libLLVM.so.20.1+0x301ef97) (BuildId: b856c61f98abf0989f157f153740fe0fadfbb760)
    #4 0x7ff5c6f3998b  (/usr/lib/llvm-20/lib/libLLVM.so.20.1+0x301d98b) (BuildId: b856c61f98abf0989f157f153740fe0fadfbb760)
    #5 0x7ff5c6f398a6  (/usr/lib/llvm-20/lib/libLLVM.so.20.1+0x301d8a6) (BuildId: b856c61f98abf0989f157f153740fe0fadfbb760)
    #6 0x7ff5c6f3a981  (/usr/lib/llvm-20/lib/libLLVM.so.20.1+0x301e981) (BuildId: b856c61f98abf0989f157f153740fe0fadfbb760)
    #7 0x7ff5c7f596cd  (/usr/lib/llvm-20/lib/libLLVM.so.20.1+0x403d6cd) (BuildId: b856c61f98abf0989f157f153740fe0fadfbb760)
    #8 0x7ff5c7f81ab1  (/usr/lib/llvm-20/lib/libLLVM.so.20.1+0x4065ab1) (BuildId: b856c61f98abf0989f157f153740fe0fadfbb760)
    #9 0x7ff5c7f83c8f  (/usr/lib/llvm-20/lib/libLLVM.so.20.1+0x4067c8f) (BuildId: b856c61f98abf0989f157f153740fe0fadfbb760)
    #10 0x7ff5c7f8526a  (/usr/lib/llvm-20/lib/libLLVM.so.20.1+0x406926a) (BuildId: b856c61f98abf0989f157f153740fe0fadfbb760)
    #11 0x55ca91648523 in llvm::Target::createTargetMachine(llvm::StringRef, llvm::StringRef, llvm::StringRef, llvm::TargetOptions const&, std::optional<llvm::Reloc::Model>, std::optional<llvm::CodeModel::Model>, llvm::CodeGenOptLevel, bool) const /usr/lib/llvm-20/include/llvm/MC/TargetRegistry.h:462:12
    #12 0x55ca9163a09e in tsc::TargetRegistry::initializeAllTargets() /workspace/src/TargetRegistry.cpp:67:41
    #13 0x55ca9162bdcd in tsc::Compiler::initializeLLVM() /workspace/src/Compiler.cpp:349:14
    #14 0x55ca9162b8b7 in tsc::Compiler::Compiler(tsc::CompilerOptions const&) /workspace/src/Compiler.cpp:24:5
    #15 0x55ca915fd7b5 in main /workspace/src/main.cpp:191:18
    #16 0x7ff5c395a337  (/lib/x86_64-linux-gnu/libc.so.6+0x2a337) (BuildId: 467f544f15035abef911999cbc14489edd0555ab)
    #17 0x7ff5c395a3fa in __libc_start_main (/lib/x86_64-linux-gnu/libc.so.6+0x2a3fa) (BuildId: 467f544f15035abef911999cbc14489edd0555ab)
    #18 0x55ca91511b64 in _start (/workspace/build-asan/tsc+0x74b64) (BuildId: 73a10d7cc646a755f705b0ae57418e68578aec2f)

Indirect leak of 168 byte(s) in 3 object(s) allocated from:
    #0 0x55ca915fa191 in operator new(unsigned long) (/workspace/build-asan/tsc+0x15d191) (BuildId: 73a10d7cc646a755f705b0ae57418e68578aec2f)
    #1 0x7ff5c59b6da2  (/usr/lib/llvm-20/lib/libLLVM.so.20.1+0x1a9ada2) (BuildId: b856c61f98abf0989f157f153740fe0fadfbb760)
    #2 0x7ff5c6f3b008  (/usr/lib/llvm-20/lib/libLLVM.so.20.1+0x301f008) (BuildId: b856c61f98abf0989f157f153740fe0fadfbb760)
    #3 0x7ff5c6f3af97  (/usr/lib/llvm-20/lib/libLLVM.so.20.1+0x301ef97) (BuildId: b856c61f98abf0989f157f153740fe0fadfbb760)
    #4 0x7ff5c6f3998b  (/usr/lib/llvm-20/lib/libLLVM.so.20.1+0x301d98b) (BuildId: b856c61f98abf0989f157f153740fe0fadfbb760)
    #5 0x7ff5c6f398a6  (/usr/lib/llvm-20/lib/libLLVM.so.20.1+0x301d8a6) (BuildId: b856c61f98abf0989f157f153740fe0fadfbb760)
    #6 0x7ff5c6f3a981  (/usr/lib/llvm-20/lib/libLLVM.so.20.1+0x301e981) (BuildId: b856c61f98abf0989f157f153740fe0fadfbb760)
    #7 0x7ff5c7f596cd  (/usr/lib/llvm-20/lib/libLLVM.so.20.1+0x403d6cd) (BuildId: b856c61f98abf0989f157f153740fe0fadfbb760)
    #8 0x7ff5c7f81ab1  (/usr/lib/llvm-20/lib/libLLVM.so.20.1+0x4065ab1) (BuildId: b856c61f98abf0989f157f153740fe0fadfbb760)
    #9 0x7ff5c7f83c8f  (/usr/lib/llvm-20/lib/libLLVM.so.20.1+0x4067c8f) (BuildId: b856c61f98abf0989f157f153740fe0fadfbb760)
    #10 0x7ff5c7f8526a  (/usr/lib/llvm-20/lib/libLLVM.so.20.1+0x406926a) (BuildId: b856c61f98abf0989f157f153740fe0fadfbb760)
    #11 0x55ca91648523 in llvm::Target::createTargetMachine(llvm::StringRef, llvm::StringRef, llvm::StringRef, llvm::TargetOptions const&, std::optional<llvm::Reloc::Model>, std::optional<llvm::CodeModel::Model>, llvm::CodeGenOptLevel, bool) const /usr/lib/llvm-20/include/llvm/MC/TargetRegistry.h:462:12
    #12 0x55ca9163a09e in tsc::TargetRegistry::initializeAllTargets() /workspace/src/TargetRegistry.cpp:67:41
    #13 0x55ca9162bdcd in tsc::Compiler::initializeLLVM() /workspace/src/Compiler.cpp:349:14
    #14 0x55ca9162b8b7 in tsc::Compiler::Compiler(tsc::CompilerOptions const&) /workspace/src/Compiler.cpp:24:5
    #15 0x55ca915fd7b5 in main /workspace/src/main.cpp:191:18
    #16 0x7ff5c395a337  (/lib/x86_64-linux-gnu/libc.so.6+0x2a337) (BuildId: 467f544f15035abef911999cbc14489edd0555ab)
    #17 0x7ff5c395a3fa in __libc_start_main (/lib/x86_64-linux-gnu/libc.so.6+0x2a3fa) (BuildId: 467f544f15035abef911999cbc14489edd0555ab)
    #18 0x55ca91511b64 in _start (/workspace/build-asan/tsc+0x74b64) (BuildId: 73a10d7cc646a755f705b0ae57418e68578aec2f)

Indirect leak of 168 byte(s) in 3 object(s) allocated from:
    #0 0x55ca915fa191 in operator new(unsigned long) (/workspace/build-asan/tsc+0x15d191) (BuildId: 73a10d7cc646a755f705b0ae57418e68578aec2f)
    #1 0x7ff5c59b6da2  (/usr/lib/llvm-20/lib/libLLVM.so.20.1+0x1a9ada2) (BuildId: b856c61f98abf0989f157f153740fe0fadfbb760)
    #2 0x7ff5c6f3b039  (/usr/lib/llvm-20/lib/libLLVM.so.20.1+0x301f039) (BuildId: b856c61f98abf0989f157f153740fe0fadfbb760)
    #3 0x7ff5c6f3af97  (/usr/lib/llvm-20/lib/libLLVM.so.20.1+0x301ef97) (BuildId: b856c61f98abf0989f157f153740fe0fadfbb760)
    #4 0x7ff5c6f3998b  (/usr/lib/llvm-20/lib/libLLVM.so.20.1+0x301d98b) (BuildId: b856c61f98abf0989f157f153740fe0fadfbb760)
    #5 0x7ff5c6f398a6  (/usr/lib/llvm-20/lib/libLLVM.so.20.1+0x301d8a6) (BuildId: b856c61f98abf0989f157f153740fe0fadfbb760)
    #6 0x7ff5c6f3aa71  (/usr/lib/llvm-20/lib/libLLVM.so.20.1+0x301ea71) (BuildId: b856c61f98abf0989f157f153740fe0fadfbb760)
    #7 0x7ff5c7f596ae  (/usr/lib/llvm-20/lib/libLLVM.so.20.1+0x403d6ae) (BuildId: b856c61f98abf0989f157f153740fe0fadfbb760)
    #8 0x7ff5c7f81ab1  (/usr/lib/llvm-20/lib/libLLVM.so.20.1+0x4065ab1) (BuildId: b856c61f98abf0989f157f153740fe0fadfbb760)
    #9 0x7ff5c7f83c8f  (/usr/lib/llvm-20/lib/libLLVM.so.20.1+0x4067c8f) (BuildId: b856c61f98abf0989f157f153740fe0fadfbb760)
    #10 0x7ff5c7f8526a  (/usr/lib/llvm-20/lib/libLLVM.so.20.1+0x406926a) (BuildId: b856c61f98abf0989f157f153740fe0fadfbb760)
    #11 0x55ca91648523 in llvm::Target::createTargetMachine(llvm::StringRef, llvm::StringRef, llvm::StringRef, llvm::TargetOptions const&, std::optional<llvm::Reloc::Model>, std::optional<llvm::CodeModel::Model>, llvm::CodeGenOptLevel, bool) const /usr/lib/llvm-20/include/llvm/MC/TargetRegistry.h:462:12
    #12 0x55ca9163a09e in tsc::TargetRegistry::initializeAllTargets() /workspace/src/TargetRegistry.cpp:67:41
    #13 0x55ca9162bdcd in tsc::Compiler::initializeLLVM() /workspace/src/Compiler.cpp:349:14
    #14 0x55ca9162b8b7 in tsc::Compiler::Compiler(tsc::CompilerOptions const&) /workspace/src/Compiler.cpp:24:5
    #15 0x55ca915fd7b5 in main /workspace/src/main.cpp:191:18
    #16 0x7ff5c395a337  (/lib/x86_64-linux-gnu/libc.so.6+0x2a337) (BuildId: 467f544f15035abef911999cbc14489edd0555ab)
    #17 0x7ff5c395a3fa in __libc_start_main (/lib/x86_64-linux-gnu/libc.so.6+0x2a3fa) (BuildId: 467f544f15035abef911999cbc14489edd0555ab)
    #18 0x55ca91511b64 in _start (/workspace/build-asan/tsc+0x74b64) (BuildId: 73a10d7cc646a755f705b0ae57418e68578aec2f)

Indirect leak of 168 byte(s) in 3 object(s) allocated from:
    #0 0x55ca915fa191 in operator new(unsigned long) (/workspace/build-asan/tsc+0x15d191) (BuildId: 73a10d7cc646a755f705b0ae57418e68578aec2f)
    #1 0x7ff5c59b6da2  (/usr/lib/llvm-20/lib/libLLVM.so.20.1+0x1a9ada2) (BuildId: b856c61f98abf0989f157f153740fe0fadfbb760)
    #2 0x7ff5c6f3b008  (/usr/lib/llvm-20/lib/libLLVM.so.20.1+0x301f008) (BuildId: b856c61f98abf0989f157f153740fe0fadfbb760)
    #3 0x7ff5c6f3af97  (/usr/lib/llvm-20/lib/libLLVM.so.20.1+0x301ef97) (BuildId: b856c61f98abf0989f157f153740fe0fadfbb760)
    #4 0x7ff5c6f3998b  (/usr/lib/llvm-20/lib/libLLVM.so.20.1+0x301d98b) (BuildId: b856c61f98abf0989f157f153740fe0fadfbb760)
    #5 0x7ff5c6f398a6  (/usr/lib/llvm-20/lib/libLLVM.so.20.1+0x301d8a6) (BuildId: b856c61f98abf0989f157f153740fe0fadfbb760)
    #6 0x7ff5c6f3aa71  (/usr/lib/llvm-20/lib/libLLVM.so.20.1+0x301ea71) (BuildId: b856c61f98abf0989f157f153740fe0fadfbb760)
    #7 0x7ff5c7f596ae  (/usr/lib/llvm-20/lib/libLLVM.so.20.1+0x403d6ae) (BuildId: b856c61f98abf0989f157f153740fe0fadfbb760)
    #8 0x7ff5c7f81ab1  (/usr/lib/llvm-20/lib/libLLVM.so.20.1+0x4065ab1) (BuildId: b856c61f98abf0989f157f153740fe0fadfbb760)
    #9 0x7ff5c7f83c8f  (/usr/lib/llvm-20/lib/libLLVM.so.20.1+0x4067c8f) (BuildId: b856c61f98abf0989f157f153740fe0fadfbb760)
    #10 0x7ff5c7f8526a  (/usr/lib/llvm-20/lib/libLLVM.so.20.1+0x406926a) (BuildId: b856c61f98abf0989f157f153740fe0fadfbb760)
    #11 0x55ca91648523 in llvm::Target::createTargetMachine(llvm::StringRef, llvm::StringRef, llvm::StringRef, llvm::TargetOptions const&, std::optional<llvm::Reloc::Model>, std::optional<llvm::CodeModel::Model>, llvm::CodeGenOptLevel, bool) const /usr/lib/llvm-20/include/llvm/MC/TargetRegistry.h:462:12
    #12 0x55ca9163a09e in tsc::TargetRegistry::initializeAllTargets() /workspace/src/TargetRegistry.cpp:67:41
    #13 0x55ca9162bdcd in tsc::Compiler::initializeLLVM() /workspace/src/Compiler.cpp:349:14
    #14 0x55ca9162b8b7 in tsc::Compiler::Compiler(tsc::CompilerOptions const&) /workspace/src/Compiler.cpp:24:5
    #15 0x55ca915fd7b5 in main /workspace/src/main.cpp:191:18
    #16 0x7ff5c395a337  (/lib/x86_64-linux-gnu/libc.so.6+0x2a337) (BuildId: 467f544f15035abef911999cbc14489edd0555ab)
    #17 0x7ff5c395a3fa in __libc_start_main (/lib/x86_64-linux-gnu/libc.so.6+0x2a3fa) (BuildId: 467f544f15035abef911999cbc14489edd0555ab)
    #18 0x55ca91511b64 in _start (/workspace/build-asan/tsc+0x74b64) (BuildId: 73a10d7cc646a755f705b0ae57418e68578aec2f)

Indirect leak of 168 byte(s) in 3 object(s) allocated from:
    #0 0x55ca915fa191 in operator new(unsigned long) (/workspace/build-asan/tsc+0x15d191) (BuildId: 73a10d7cc646a755f705b0ae57418e68578aec2f)
    #1 0x7ff5c59b6da2  (/usr/lib/llvm-20/lib/libLLVM.so.20.1+0x1a9ada2) (BuildId: b856c61f98abf0989f157f153740fe0fadfbb760)
    #2 0x7ff5c6f3b039  (/usr/lib/llvm-20/lib/libLLVM.so.20.1+0x301f039) (BuildId: b856c61f98abf0989f157f153740fe0fadfbb760)
    #3 0x7ff5c6f3af97  (/usr/lib/llvm-20/lib/libLLVM.so.20.1+0x301ef97) (BuildId: b856c61f98abf0989f157f153740fe0fadfbb760)
    #4 0x7ff5c6f3998b  (/usr/lib/llvm-20/lib/libLLVM.so.20.1+0x301d98b) (BuildId: b856c61f98abf0989f157f153740fe0fadfbb760)
    #5 0x7ff5c6f398a6  (/usr/lib/llvm-20/lib/libLLVM.so.20.1+0x301d8a6) (BuildId: b856c61f98abf0989f157f153740fe0fadfbb760)
    #6 0x7ff5c6f3aa71  (/usr/lib/llvm-20/lib/libLLVM.so.20.1+0x301ea71) (BuildId: b856c61f98abf0989f157f153740fe0fadfbb760)
    #7 0x7ff5c7f59cc3  (/usr/lib/llvm-20/lib/libLLVM.so.20.1+0x403dcc3) (BuildId: b856c61f98abf0989f157f153740fe0fadfbb760)
    #8 0x7ff5c7f81ab1  (/usr/lib/llvm-20/lib/libLLVM.so.20.1+0x4065ab1) (BuildId: b856c61f98abf0989f157f153740fe0fadfbb760)
    #9 0x7ff5c7f83c8f  (/usr/lib/llvm-20/lib/libLLVM.so.20.1+0x4067c8f) (BuildId: b856c61f98abf0989f157f153740fe0fadfbb760)
    #10 0x7ff5c7f8526a  (/usr/lib/llvm-20/lib/libLLVM.so.20.1+0x406926a) (BuildId: b856c61f98abf0989f157f153740fe0fadfbb760)
    #11 0x55ca91648523 in llvm::Target::createTargetMachine(llvm::StringRef, llvm::StringRef, llvm::StringRef, llvm::TargetOptions const&, std::optional<llvm::Reloc::Model>, std::optional<llvm::CodeModel::Model>, llvm::CodeGenOptLevel, bool) const /usr/lib/llvm-20/include/llvm/MC/TargetRegistry.h:462:12
    #12 0x55ca9163a09e in tsc::TargetRegistry::initializeAllTargets() /workspace/src/TargetRegistry.cpp:67:41
    #13 0x55ca9162bdcd in tsc::Compiler::initializeLLVM() /workspace/src/Compiler.cpp:349:14
    #14 0x55ca9162b8b7 in tsc::Compiler::Compiler(tsc::CompilerOptions const&) /workspace/src/Compiler.cpp:24:5
    #15 0x55ca915fd7b5 in main /workspace/src/main.cpp:191:18
    #16 0x7ff5c395a337  (/lib/x86_64-linux-gnu/libc.so.6+0x2a337) (BuildId: 467f544f15035abef911999cbc14489edd0555ab)
    #17 0x7ff5c395a3fa in __libc_start_main (/lib/x86_64-linux-gnu/libc.so.6+0x2a3fa) (BuildId: 467f544f15035abef911999cbc14489edd0555ab)
    #18 0x55ca91511b64 in _start (/workspace/build-asan/tsc+0x74b64) (BuildId: 73a10d7cc646a755f705b0ae57418e68578aec2f)

Indirect leak of 168 byte(s) in 3 object(s) allocated from:
    #0 0x55ca915fa191 in operator new(unsigned long) (/workspace/build-asan/tsc+0x15d191) (BuildId: 73a10d7cc646a755f705b0ae57418e68578aec2f)
    #1 0x7ff5c59b6da2  (/usr/lib/llvm-20/lib/libLLVM.so.20.1+0x1a9ada2) (BuildId: b856c61f98abf0989f157f153740fe0fadfbb760)
    #2 0x7ff5c6f3b008  (/usr/lib/llvm-20/lib/libLLVM.so.20.1+0x301f008) (BuildId: b856c61f98abf0989f157f153740fe0fadfbb760)
    #3 0x7ff5c6f3af97  (/usr/lib/llvm-20/lib/libLLVM.so.20.1+0x301ef97) (BuildId: b856c61f98abf0989f157f153740fe0fadfbb760)
    #4 0x7ff5c6f3998b  (/usr/lib/llvm-20/lib/libLLVM.so.20.1+0x301d98b) (BuildId: b856c61f98abf0989f157f153740fe0fadfbb760)
    #5 0x7ff5c6f398a6  (/usr/lib/llvm-20/lib/libLLVM.so.20.1+0x301d8a6) (BuildId: b856c61f98abf0989f157f153740fe0fadfbb760)
    #6 0x7ff5c6f3aa71  (/usr/lib/llvm-20/lib/libLLVM.so.20.1+0x301ea71) (BuildId: b856c61f98abf0989f157f153740fe0fadfbb760)
    #7 0x7ff5c7f59cc3  (/usr/lib/llvm-20/lib/libLLVM.so.20.1+0x403dcc3) (BuildId: b856c61f98abf0989f157f153740fe0fadfbb760)
    #8 0x7ff5c7f81ab1  (/usr/lib/llvm-20/lib/libLLVM.so.20.1+0x4065ab1) (BuildId: b856c61f98abf0989f157f153740fe0fadfbb760)
    #9 0x7ff5c7f83c8f  (/usr/lib/llvm-20/lib/libLLVM.so.20.1+0x4067c8f) (BuildId: b856c61f98abf0989f157f153740fe0fadfbb760)
    #10 0x7ff5c7f8526a  (/usr/lib/llvm-20/lib/libLLVM.so.20.1+0x406926a) (BuildId: b856c61f98abf0989f157f153740fe0fadfbb760)
    #11 0x55ca91648523 in llvm::Target::createTargetMachine(llvm::StringRef, llvm::StringRef, llvm::StringRef, llvm::TargetOptions const&, std::optional<llvm::Reloc::Model>, std::optional<llvm::CodeModel::Model>, llvm::CodeGenOptLevel, bool) const /usr/lib/llvm-20/include/llvm/MC/TargetRegistry.h:462:12
    #12 0x55ca9163a09e in tsc::TargetRegistry::initializeAllTargets() /workspace/src/TargetRegistry.cpp:67:41
    #13 0x55ca9162bdcd in tsc::Compiler::initializeLLVM() /workspace/src/Compiler.cpp:349:14
    #14 0x55ca9162b8b7 in tsc::Compiler::Compiler(tsc::CompilerOptions const&) /workspace/src/Compiler.cpp:24:5
    #15 0x55ca915fd7b5 in main /workspace/src/main.cpp:191:18
    #16 0x7ff5c395a337  (/lib/x86_64-linux-gnu/libc.so.6+0x2a337) (BuildId: 467f544f15035abef911999cbc14489edd0555ab)
    #17 0x7ff5c395a3fa in __libc_start_main (/lib/x86_64-linux-gnu/libc.so.6+0x2a3fa) (BuildId: 467f544f15035abef911999cbc14489edd0555ab)
    #18 0x55ca91511b64 in _start (/workspace/build-asan/tsc+0x74b64) (BuildId: 73a10d7cc646a755f705b0ae57418e68578aec2f)

Indirect leak of 168 byte(s) in 3 object(s) allocated from:
    #0 0x55ca915fa191 in operator new(unsigned long) (/workspace/build-asan/tsc+0x15d191) (BuildId: 73a10d7cc646a755f705b0ae57418e68578aec2f)
    #1 0x7ff5c59b6da2  (/usr/lib/llvm-20/lib/libLLVM.so.20.1+0x1a9ada2) (BuildId: b856c61f98abf0989f157f153740fe0fadfbb760)
    #2 0x7ff5c6f3b039  (/usr/lib/llvm-20/lib/libLLVM.so.20.1+0x301f039) (BuildId: b856c61f98abf0989f157f153740fe0fadfbb760)
    #3 0x7ff5c6f3af97  (/usr/lib/llvm-20/lib/libLLVM.so.20.1+0x301ef97) (BuildId: b856c61f98abf0989f157f153740fe0fadfbb760)
    #4 0x7ff5c6f3998b  (/usr/lib/llvm-20/lib/libLLVM.so.20.1+0x301d98b) (BuildId: b856c61f98abf0989f157f153740fe0fadfbb760)
    #5 0x7ff5c6f398a6  (/usr/lib/llvm-20/lib/libLLVM.so.20.1+0x301d8a6) (BuildId: b856c61f98abf0989f157f153740fe0fadfbb760)
    #6 0x7ff5c6f3aa71  (/usr/lib/llvm-20/lib/libLLVM.so.20.1+0x301ea71) (BuildId: b856c61f98abf0989f157f153740fe0fadfbb760)
    #7 0x7ff5c7f5966a  (/usr/lib/llvm-20/lib/libLLVM.so.20.1+0x403d66a) (BuildId: b856c61f98abf0989f157f153740fe0fadfbb760)
    #8 0x7ff5c7f81ab1  (/usr/lib/llvm-20/lib/libLLVM.so.20.1+0x4065ab1) (BuildId: b856c61f98abf0989f157f153740fe0fadfbb760)
    #9 0x7ff5c7f83c8f  (/usr/lib/llvm-20/lib/libLLVM.so.20.1+0x4067c8f) (BuildId: b856c61f98abf0989f157f153740fe0fadfbb760)
    #10 0x7ff5c7f8526a  (/usr/lib/llvm-20/lib/libLLVM.so.20.1+0x406926a) (BuildId: b856c61f98abf0989f157f153740fe0fadfbb760)
    #11 0x55ca91648523 in llvm::Target::createTargetMachine(llvm::StringRef, llvm::StringRef, llvm::StringRef, llvm::TargetOptions const&, std::optional<llvm::Reloc::Model>, std::optional<llvm::CodeModel::Model>, llvm::CodeGenOptLevel, bool) const /usr/lib/llvm-20/include/llvm/MC/TargetRegistry.h:462:12
    #12 0x55ca9163a09e in tsc::TargetRegistry::initializeAllTargets() /workspace/src/TargetRegistry.cpp:67:41
    #13 0x55ca9162bdcd in tsc::Compiler::initializeLLVM() /workspace/src/Compiler.cpp:349:14
    #14 0x55ca9162b8b7 in tsc::Compiler::Compiler(tsc::CompilerOptions const&) /workspace/src/Compiler.cpp:24:5
    #15 0x55ca915fd7b5 in main /workspace/src/main.cpp:191:18
    #16 0x7ff5c395a337  (/lib/x86_64-linux-gnu/libc.so.6+0x2a337) (BuildId: 467f544f15035abef911999cbc14489edd0555ab)
    #17 0x7ff5c395a3fa in __libc_start_main (/lib/x86_64-linux-gnu/libc.so.6+0x2a3fa) (BuildId: 467f544f15035abef911999cbc14489edd0555ab)
    #18 0x55ca91511b64 in _start (/workspace/build-asan/tsc+0x74b64) (BuildId: 73a10d7cc646a755f705b0ae57418e68578aec2f)

Indirect leak of 168 byte(s) in 3 object(s) allocated from:
    #0 0x55ca915fa191 in operator new(unsigned long) (/workspace/build-asan/tsc+0x15d191) (BuildId: 73a10d7cc646a755f705b0ae57418e68578aec2f)
    #1 0x7ff5c59b6da2  (/usr/lib/llvm-20/lib/libLLVM.so.20.1+0x1a9ada2) (BuildId: b856c61f98abf0989f157f153740fe0fadfbb760)
    #2 0x7ff5c6f3b008  (/usr/lib/llvm-20/lib/libLLVM.so.20.1+0x301f008) (BuildId: b856c61f98abf0989f157f153740fe0fadfbb760)
    #3 0x7ff5c6f3af97  (/usr/lib/llvm-20/lib/libLLVM.so.20.1+0x301ef97) (BuildId: b856c61f98abf0989f157f153740fe0fadfbb760)
    #4 0x7ff5c6f3998b  (/usr/lib/llvm-20/lib/libLLVM.so.20.1+0x301d98b) (BuildId: b856c61f98abf0989f157f153740fe0fadfbb760)
    #5 0x7ff5c6f398a6  (/usr/lib/llvm-20/lib/libLLVM.so.20.1+0x301d8a6) (BuildId: b856c61f98abf0989f157f153740fe0fadfbb760)
    #6 0x7ff5c6f3aa71  (/usr/lib/llvm-20/lib/libLLVM.so.20.1+0x301ea71) (BuildId: b856c61f98abf0989f157f153740fe0fadfbb760)
    #7 0x7ff5c7f5966a  (/usr/lib/llvm-20/lib/libLLVM.so.20.1+0x403d66a) (BuildId: b856c61f98abf0989f157f153740fe0fadfbb760)
    #8 0x7ff5c7f81ab1  (/usr/lib/llvm-20/lib/libLLVM.so.20.1+0x4065ab1) (BuildId: b856c61f98abf0989f157f153740fe0fadfbb760)
    #9 0x7ff5c7f83c8f  (/usr/lib/llvm-20/lib/libLLVM.so.20.1+0x4067c8f) (BuildId: b856c61f98abf0989f157f153740fe0fadfbb760)
    #10 0x7ff5c7f8526a  (/usr/lib/llvm-20/lib/libLLVM.so.20.1+0x406926a) (BuildId: b856c61f98abf0989f157f153740fe0fadfbb760)
    #11 0x55ca91648523 in llvm::Target::createTargetMachine(llvm::StringRef, llvm::StringRef, llvm::StringRef, llvm::TargetOptions const&, std::optional<llvm::Reloc::Model>, std::optional<llvm::CodeModel::Model>, llvm::CodeGenOptLevel, bool) const /usr/lib/llvm-20/include/llvm/MC/TargetRegistry.h:462:12
    #12 0x55ca9163a09e in tsc::TargetRegistry::initializeAllTargets() /workspace/src/TargetRegistry.cpp:67:41
    #13 0x55ca9162bdcd in tsc::Compiler::initializeLLVM() /workspace/src/Compiler.cpp:349:14
    #14 0x55ca9162b8b7 in tsc::Compiler::Compiler(tsc::CompilerOptions const&) /workspace/src/Compiler.cpp:24:5
    #15 0x55ca915fd7b5 in main /workspace/src/main.cpp:191:18
    #16 0x7ff5c395a337  (/lib/x86_64-linux-gnu/libc.so.6+0x2a337) (BuildId: 467f544f15035abef911999cbc14489edd0555ab)
    #17 0x7ff5c395a3fa in __libc_start_main (/lib/x86_64-linux-gnu/libc.so.6+0x2a3fa) (BuildId: 467f544f15035abef911999cbc14489edd0555ab)
    #18 0x55ca91511b64 in _start (/workspace/build-asan/tsc+0x74b64) (BuildId: 73a10d7cc646a755f705b0ae57418e68578aec2f)

Indirect leak of 168 byte(s) in 3 object(s) allocated from:
    #0 0x55ca915fa191 in operator new(unsigned long) (/workspace/build-asan/tsc+0x15d191) (BuildId: 73a10d7cc646a755f705b0ae57418e68578aec2f)
    #1 0x7ff5c59b6da2  (/usr/lib/llvm-20/lib/libLLVM.so.20.1+0x1a9ada2) (BuildId: b856c61f98abf0989f157f153740fe0fadfbb760)
    #2 0x7ff5c6f3b039  (/usr/lib/llvm-20/lib/libLLVM.so.20.1+0x301f039) (BuildId: b856c61f98abf0989f157f153740fe0fadfbb760)
    #3 0x7ff5c6f3af97  (/usr/lib/llvm-20/lib/libLLVM.so.20.1+0x301ef97) (BuildId: b856c61f98abf0989f157f153740fe0fadfbb760)
    #4 0x7ff5c6f3998b  (/usr/lib/llvm-20/lib/libLLVM.so.20.1+0x301d98b) (BuildId: b856c61f98abf0989f157f153740fe0fadfbb760)
    #5 0x7ff5c6f398a6  (/usr/lib/llvm-20/lib/libLLVM.so.20.1+0x301d8a6) (BuildId: b856c61f98abf0989f157f153740fe0fadfbb760)
    #6 0x7ff5c6f3aa71  (/usr/lib/llvm-20/lib/libLLVM.so.20.1+0x301ea71) (BuildId: b856c61f98abf0989f157f153740fe0fadfbb760)
    #7 0x7ff5c7f59623  (/usr/lib/llvm-20/lib/libLLVM.so.20.1+0x403d623) (BuildId: b856c61f98abf0989f157f153740fe0fadfbb760)
    #8 0x7ff5c7f81ab1  (/usr/lib/llvm-20/lib/libLLVM.so.20.1+0x4065ab1) (BuildId: b856c61f98abf0989f157f153740fe0fadfbb760)
    #9 0x7ff5c7f83c8f  (/usr/lib/llvm-20/lib/libLLVM.so.20.1+0x4067c8f) (BuildId: b856c61f98abf0989f157f153740fe0fadfbb760)
    #10 0x7ff5c7f8526a  (/usr/lib/llvm-20/lib/libLLVM.so.20.1+0x406926a) (BuildId: b856c61f98abf0989f157f153740fe0fadfbb760)
    #11 0x55ca91648523 in llvm::Target::createTargetMachine(llvm::StringRef, llvm::StringRef, llvm::StringRef, llvm::TargetOptions const&, std::optional<llvm::Reloc::Model>, std::optional<llvm::CodeModel::Model>, llvm::CodeGenOptLevel, bool) const /usr/lib/llvm-20/include/llvm/MC/TargetRegistry.h:462:12
    #12 0x55ca9163a09e in tsc::TargetRegistry::initializeAllTargets() /workspace/src/TargetRegistry.cpp:67:41
    #13 0x55ca9162bdcd in tsc::Compiler::initializeLLVM() /workspace/src/Compiler.cpp:349:14
    #14 0x55ca9162b8b7 in tsc::Compiler::Compiler(tsc::CompilerOptions const&) /workspace/src/Compiler.cpp:24:5
    #15 0x55ca915fd7b5 in main /workspace/src/main.cpp:191:18
    #16 0x7ff5c395a337  (/lib/x86_64-linux-gnu/libc.so.6+0x2a337) (BuildId: 467f544f15035abef911999cbc14489edd0555ab)
    #17 0x7ff5c395a3fa in __libc_start_main (/lib/x86_64-linux-gnu/libc.so.6+0x2a3fa) (BuildId: 467f544f15035abef911999cbc14489edd0555ab)
    #18 0x55ca91511b64 in _start (/workspace/build-asan/tsc+0x74b64) (BuildId: 73a10d7cc646a755f705b0ae57418e68578aec2f)

Indirect leak of 168 byte(s) in 3 object(s) allocated from:
    #0 0x55ca915fa191 in operator new(unsigned long) (/workspace/build-asan/tsc+0x15d191) (BuildId: 73a10d7cc646a755f705b0ae57418e68578aec2f)
    #1 0x7ff5c59b6da2  (/usr/lib/llvm-20/lib/libLLVM.so.20.1+0x1a9ada2) (BuildId: b856c61f98abf0989f157f153740fe0fadfbb760)
    #2 0x7ff5c6f3b008  (/usr/lib/llvm-20/lib/libLLVM.so.20.1+0x301f008) (BuildId: b856c61f98abf0989f157f153740fe0fadfbb760)
    #3 0x7ff5c6f3af97  (/usr/lib/llvm-20/lib/libLLVM.so.20.1+0x301ef97) (BuildId: b856c61f98abf0989f157f153740fe0fadfbb760)
    #4 0x7ff5c6f3998b  (/usr/lib/llvm-20/lib/libLLVM.so.20.1+0x301d98b) (BuildId: b856c61f98abf0989f157f153740fe0fadfbb760)
    #5 0x7ff5c6f398a6  (/usr/lib/llvm-20/lib/libLLVM.so.20.1+0x301d8a6) (BuildId: b856c61f98abf0989f157f153740fe0fadfbb760)
    #6 0x7ff5c6f3aa71  (/usr/lib/llvm-20/lib/libLLVM.so.20.1+0x301ea71) (BuildId: b856c61f98abf0989f157f153740fe0fadfbb760)
    #7 0x7ff5c7f59623  (/usr/lib/llvm-20/lib/libLLVM.so.20.1+0x403d623) (BuildId: b856c61f98abf0989f157f153740fe0fadfbb760)
    #8 0x7ff5c7f81ab1  (/usr/lib/llvm-20/lib/libLLVM.so.20.1+0x4065ab1) (BuildId: b856c61f98abf0989f157f153740fe0fadfbb760)
    #9 0x7ff5c7f83c8f  (/usr/lib/llvm-20/lib/libLLVM.so.20.1+0x4067c8f) (BuildId: b856c61f98abf0989f157f153740fe0fadfbb760)
    #10 0x7ff5c7f8526a  (/usr/lib/llvm-20/lib/libLLVM.so.20.1+0x406926a) (BuildId: b856c61f98abf0989f157f153740fe0fadfbb760)
    #11 0x55ca91648523 in llvm::Target::createTargetMachine(llvm::StringRef, llvm::StringRef, llvm::StringRef, llvm::TargetOptions const&, std::optional<llvm::Reloc::Model>, std::optional<llvm::CodeModel::Model>, llvm::CodeGenOptLevel, bool) const /usr/lib/llvm-20/include/llvm/MC/TargetRegistry.h:462:12
    #12 0x55ca9163a09e in tsc::TargetRegistry::initializeAllTargets() /workspace/src/TargetRegistry.cpp:67:41
    #13 0x55ca9162bdcd in tsc::Compiler::initializeLLVM() /workspace/src/Compiler.cpp:349:14
    #14 0x55ca9162b8b7 in tsc::Compiler::Compiler(tsc::CompilerOptions const&) /workspace/src/Compiler.cpp:24:5
    #15 0x55ca915fd7b5 in main /workspace/src/main.cpp:191:18
    #16 0x7ff5c395a337  (/lib/x86_64-linux-gnu/libc.so.6+0x2a337) (BuildId: 467f544f15035abef911999cbc14489edd0555ab)
    #17 0x7ff5c395a3fa in __libc_start_main (/lib/x86_64-linux-gnu/libc.so.6+0x2a3fa) (BuildId: 467f544f15035abef911999cbc14489edd0555ab)
    #18 0x55ca91511b64 in _start (/workspace/build-asan/tsc+0x74b64) (BuildId: 73a10d7cc646a755f705b0ae57418e68578aec2f)

Indirect leak of 168 byte(s) in 3 object(s) allocated from:
    #0 0x55ca915fa191 in operator new(unsigned long) (/workspace/build-asan/tsc+0x15d191) (BuildId: 73a10d7cc646a755f705b0ae57418e68578aec2f)
    #1 0x7ff5c59b6da2  (/usr/lib/llvm-20/lib/libLLVM.so.20.1+0x1a9ada2) (BuildId: b856c61f98abf0989f157f153740fe0fadfbb760)
    #2 0x7ff5c6f3998b  (/usr/lib/llvm-20/lib/libLLVM.so.20.1+0x301d98b) (BuildId: b856c61f98abf0989f157f153740fe0fadfbb760)
    #3 0x7ff5c6f398a6  (/usr/lib/llvm-20/lib/libLLVM.so.20.1+0x301d8a6) (BuildId: b856c61f98abf0989f157f153740fe0fadfbb760)
    #4 0x7ff5c7f595d3  (/usr/lib/llvm-20/lib/libLLVM.so.20.1+0x403d5d3) (BuildId: b856c61f98abf0989f157f153740fe0fadfbb760)
    #5 0x7ff5c7f81ab1  (/usr/lib/llvm-20/lib/libLLVM.so.20.1+0x4065ab1) (BuildId: b856c61f98abf0989f157f153740fe0fadfbb760)
    #6 0x7ff5c7f83c8f  (/usr/lib/llvm-20/lib/libLLVM.so.20.1+0x4067c8f) (BuildId: b856c61f98abf0989f157f153740fe0fadfbb760)
    #7 0x7ff5c7f8526a  (/usr/lib/llvm-20/lib/libLLVM.so.20.1+0x406926a) (BuildId: b856c61f98abf0989f157f153740fe0fadfbb760)
    #8 0x55ca91648523 in llvm::Target::createTargetMachine(llvm::StringRef, llvm::StringRef, llvm::StringRef, llvm::TargetOptions const&, std::optional<llvm::Reloc::Model>, std::optional<llvm::CodeModel::Model>, llvm::CodeGenOptLevel, bool) const /usr/lib/llvm-20/include/llvm/MC/TargetRegistry.h:462:12
    #9 0x55ca9163a09e in tsc::TargetRegistry::initializeAllTargets() /workspace/src/TargetRegistry.cpp:67:41
    #10 0x55ca9162bdcd in tsc::Compiler::initializeLLVM() /workspace/src/Compiler.cpp:349:14
    #11 0x55ca9162b8b7 in tsc::Compiler::Compiler(tsc::CompilerOptions const&) /workspace/src/Compiler.cpp:24:5
    #12 0x55ca915fd7b5 in main /workspace/src/main.cpp:191:18
    #13 0x7ff5c395a337  (/lib/x86_64-linux-gnu/libc.so.6+0x2a337) (BuildId: 467f544f15035abef911999cbc14489edd0555ab)
    #14 0x7ff5c395a3fa in __libc_start_main (/lib/x86_64-linux-gnu/libc.so.6+0x2a3fa) (BuildId: 467f544f15035abef911999cbc14489edd0555ab)
    #15 0x55ca91511b64 in _start (/workspace/build-asan/tsc+0x74b64) (BuildId: 73a10d7cc646a755f705b0ae57418e68578aec2f)

Indirect leak of 168 byte(s) in 3 object(s) allocated from:
    #0 0x55ca915fa191 in operator new(unsigned long) (/workspace/build-asan/tsc+0x15d191) (BuildId: 73a10d7cc646a755f705b0ae57418e68578aec2f)
    #1 0x7ff5c59b6da2  (/usr/lib/llvm-20/lib/libLLVM.so.20.1+0x1a9ada2) (BuildId: b856c61f98abf0989f157f153740fe0fadfbb760)
    #2 0x7ff5c6f3998b  (/usr/lib/llvm-20/lib/libLLVM.so.20.1+0x301d98b) (BuildId: b856c61f98abf0989f157f153740fe0fadfbb760)
    #3 0x7ff5c6f398a6  (/usr/lib/llvm-20/lib/libLLVM.so.20.1+0x301d8a6) (BuildId: b856c61f98abf0989f157f153740fe0fadfbb760)
    #4 0x7ff5c7f594ee  (/usr/lib/llvm-20/lib/libLLVM.so.20.1+0x403d4ee) (BuildId: b856c61f98abf0989f157f153740fe0fadfbb760)
    #5 0x7ff5c7f81ab1  (/usr/lib/llvm-20/lib/libLLVM.so.20.1+0x4065ab1) (BuildId: b856c61f98abf0989f157f153740fe0fadfbb760)
    #6 0x7ff5c7f83c8f  (/usr/lib/llvm-20/lib/libLLVM.so.20.1+0x4067c8f) (BuildId: b856c61f98abf0989f157f153740fe0fadfbb760)
    #7 0x7ff5c7f8526a  (/usr/lib/llvm-20/lib/libLLVM.so.20.1+0x406926a) (BuildId: b856c61f98abf0989f157f153740fe0fadfbb760)
    #8 0x55ca91648523 in llvm::Target::createTargetMachine(llvm::StringRef, llvm::StringRef, llvm::StringRef, llvm::TargetOptions const&, std::optional<llvm::Reloc::Model>, std::optional<llvm::CodeModel::Model>, llvm::CodeGenOptLevel, bool) const /usr/lib/llvm-20/include/llvm/MC/TargetRegistry.h:462:12
    #9 0x55ca9163a09e in tsc::TargetRegistry::initializeAllTargets() /workspace/src/TargetRegistry.cpp:67:41
    #10 0x55ca9162bdcd in tsc::Compiler::initializeLLVM() /workspace/src/Compiler.cpp:349:14
    #11 0x55ca9162b8b7 in tsc::Compiler::Compiler(tsc::CompilerOptions const&) /workspace/src/Compiler.cpp:24:5
    #12 0x55ca915fd7b5 in main /workspace/src/main.cpp:191:18
    #13 0x7ff5c395a337  (/lib/x86_64-linux-gnu/libc.so.6+0x2a337) (BuildId: 467f544f15035abef911999cbc14489edd0555ab)
    #14 0x7ff5c395a3fa in __libc_start_main (/lib/x86_64-linux-gnu/libc.so.6+0x2a3fa) (BuildId: 467f544f15035abef911999cbc14489edd0555ab)
    #15 0x55ca91511b64 in _start (/workspace/build-asan/tsc+0x74b64) (BuildId: 73a10d7cc646a755f705b0ae57418e68578aec2f)

Indirect leak of 168 byte(s) in 3 object(s) allocated from:
    #0 0x55ca915fa191 in operator new(unsigned long) (/workspace/build-asan/tsc+0x15d191) (BuildId: 73a10d7cc646a755f705b0ae57418e68578aec2f)
    #1 0x7ff5c59b6da2  (/usr/lib/llvm-20/lib/libLLVM.so.20.1+0x1a9ada2) (BuildId: b856c61f98abf0989f157f153740fe0fadfbb760)
    #2 0x7ff5c6f3998b  (/usr/lib/llvm-20/lib/libLLVM.so.20.1+0x301d98b) (BuildId: b856c61f98abf0989f157f153740fe0fadfbb760)
    #3 0x7ff5c6f398a6  (/usr/lib/llvm-20/lib/libLLVM.so.20.1+0x301d8a6) (BuildId: b856c61f98abf0989f157f153740fe0fadfbb760)
    #4 0x7ff5c7f5944c  (/usr/lib/llvm-20/lib/libLLVM.so.20.1+0x403d44c) (BuildId: b856c61f98abf0989f157f153740fe0fadfbb760)
    #5 0x7ff5c7f81ab1  (/usr/lib/llvm-20/lib/libLLVM.so.20.1+0x4065ab1) (BuildId: b856c61f98abf0989f157f153740fe0fadfbb760)
    #6 0x7ff5c7f83c8f  (/usr/lib/llvm-20/lib/libLLVM.so.20.1+0x4067c8f) (BuildId: b856c61f98abf0989f157f153740fe0fadfbb760)
    #7 0x7ff5c7f8526a  (/usr/lib/llvm-20/lib/libLLVM.so.20.1+0x406926a) (BuildId: b856c61f98abf0989f157f153740fe0fadfbb760)
    #8 0x55ca91648523 in llvm::Target::createTargetMachine(llvm::StringRef, llvm::StringRef, llvm::StringRef, llvm::TargetOptions const&, std::optional<llvm::Reloc::Model>, std::optional<llvm::CodeModel::Model>, llvm::CodeGenOptLevel, bool) const /usr/lib/llvm-20/include/llvm/MC/TargetRegistry.h:462:12
    #9 0x55ca9163a09e in tsc::TargetRegistry::initializeAllTargets() /workspace/src/TargetRegistry.cpp:67:41
    #10 0x55ca9162bdcd in tsc::Compiler::initializeLLVM() /workspace/src/Compiler.cpp:349:14
    #11 0x55ca9162b8b7 in tsc::Compiler::Compiler(tsc::CompilerOptions const&) /workspace/src/Compiler.cpp:24:5
    #12 0x55ca915fd7b5 in main /workspace/src/main.cpp:191:18
    #13 0x7ff5c395a337  (/lib/x86_64-linux-gnu/libc.so.6+0x2a337) (BuildId: 467f544f15035abef911999cbc14489edd0555ab)
    #14 0x7ff5c395a3fa in __libc_start_main (/lib/x86_64-linux-gnu/libc.so.6+0x2a3fa) (BuildId: 467f544f15035abef911999cbc14489edd0555ab)
    #15 0x55ca91511b64 in _start (/workspace/build-asan/tsc+0x74b64) (BuildId: 73a10d7cc646a755f705b0ae57418e68578aec2f)

Indirect leak of 168 byte(s) in 3 object(s) allocated from:
    #0 0x55ca915fa191 in operator new(unsigned long) (/workspace/build-asan/tsc+0x15d191) (BuildId: 73a10d7cc646a755f705b0ae57418e68578aec2f)
    #1 0x7ff5c59b6da2  (/usr/lib/llvm-20/lib/libLLVM.so.20.1+0x1a9ada2) (BuildId: b856c61f98abf0989f157f153740fe0fadfbb760)
    #2 0x7ff5c6f3b039  (/usr/lib/llvm-20/lib/libLLVM.so.20.1+0x301f039) (BuildId: b856c61f98abf0989f157f153740fe0fadfbb760)
    #3 0x7ff5c6f3af97  (/usr/lib/llvm-20/lib/libLLVM.so.20.1+0x301ef97) (BuildId: b856c61f98abf0989f157f153740fe0fadfbb760)
    #4 0x7ff5c6f3998b  (/usr/lib/llvm-20/lib/libLLVM.so.20.1+0x301d98b) (BuildId: b856c61f98abf0989f157f153740fe0fadfbb760)
    #5 0x7ff5c6f398a6  (/usr/lib/llvm-20/lib/libLLVM.so.20.1+0x301d8a6) (BuildId: b856c61f98abf0989f157f153740fe0fadfbb760)
    #6 0x7ff5c6f3aa71  (/usr/lib/llvm-20/lib/libLLVM.so.20.1+0x301ea71) (BuildId: b856c61f98abf0989f157f153740fe0fadfbb760)
    #7 0x7ff5c7f593c0  (/usr/lib/llvm-20/lib/libLLVM.so.20.1+0x403d3c0) (BuildId: b856c61f98abf0989f157f153740fe0fadfbb760)
    #8 0x7ff5c7f81ab1  (/usr/lib/llvm-20/lib/libLLVM.so.20.1+0x4065ab1) (BuildId: b856c61f98abf0989f157f153740fe0fadfbb760)
    #9 0x7ff5c7f83c8f  (/usr/lib/llvm-20/lib/libLLVM.so.20.1+0x4067c8f) (BuildId: b856c61f98abf0989f157f153740fe0fadfbb760)
    #10 0x7ff5c7f8526a  (/usr/lib/llvm-20/lib/libLLVM.so.20.1+0x406926a) (BuildId: b856c61f98abf0989f157f153740fe0fadfbb760)
    #11 0x55ca91648523 in llvm::Target::createTargetMachine(llvm::StringRef, llvm::StringRef, llvm::StringRef, llvm::TargetOptions const&, std::optional<llvm::Reloc::Model>, std::optional<llvm::CodeModel::Model>, llvm::CodeGenOptLevel, bool) const /usr/lib/llvm-20/include/llvm/MC/TargetRegistry.h:462:12
    #12 0x55ca9163a09e in tsc::TargetRegistry::initializeAllTargets() /workspace/src/TargetRegistry.cpp:67:41
    #13 0x55ca9162bdcd in tsc::Compiler::initializeLLVM() /workspace/src/Compiler.cpp:349:14
    #14 0x55ca9162b8b7 in tsc::Compiler::Compiler(tsc::CompilerOptions const&) /workspace/src/Compiler.cpp:24:5
    #15 0x55ca915fd7b5 in main /workspace/src/main.cpp:191:18
    #16 0x7ff5c395a337  (/lib/x86_64-linux-gnu/libc.so.6+0x2a337) (BuildId: 467f544f15035abef911999cbc14489edd0555ab)
    #17 0x7ff5c395a3fa in __libc_start_main (/lib/x86_64-linux-gnu/libc.so.6+0x2a3fa) (BuildId: 467f544f15035abef911999cbc14489edd0555ab)
    #18 0x55ca91511b64 in _start (/workspace/build-asan/tsc+0x74b64) (BuildId: 73a10d7cc646a755f705b0ae57418e68578aec2f)

Indirect leak of 168 byte(s) in 3 object(s) allocated from:
    #0 0x55ca915fa191 in operator new(unsigned long) (/workspace/build-asan/tsc+0x15d191) (BuildId: 73a10d7cc646a755f705b0ae57418e68578aec2f)
    #1 0x7ff5c59b6da2  (/usr/lib/llvm-20/lib/libLLVM.so.20.1+0x1a9ada2) (BuildId: b856c61f98abf0989f157f153740fe0fadfbb760)
    #2 0x7ff5c6f3b008  (/usr/lib/llvm-20/lib/libLLVM.so.20.1+0x301f008) (BuildId: b856c61f98abf0989f157f153740fe0fadfbb760)
    #3 0x7ff5c6f3af97  (/usr/lib/llvm-20/lib/libLLVM.so.20.1+0x301ef97) (BuildId: b856c61f98abf0989f157f153740fe0fadfbb760)
    #4 0x7ff5c6f3998b  (/usr/lib/llvm-20/lib/libLLVM.so.20.1+0x301d98b) (BuildId: b856c61f98abf0989f157f153740fe0fadfbb760)
    #5 0x7ff5c6f398a6  (/usr/lib/llvm-20/lib/libLLVM.so.20.1+0x301d8a6) (BuildId: b856c61f98abf0989f157f153740fe0fadfbb760)
    #6 0x7ff5c6f3aa71  (/usr/lib/llvm-20/lib/libLLVM.so.20.1+0x301ea71) (BuildId: b856c61f98abf0989f157f153740fe0fadfbb760)
    #7 0x7ff5c7f593c0  (/usr/lib/llvm-20/lib/libLLVM.so.20.1+0x403d3c0) (BuildId: b856c61f98abf0989f157f153740fe0fadfbb760)
    #8 0x7ff5c7f81ab1  (/usr/lib/llvm-20/lib/libLLVM.so.20.1+0x4065ab1) (BuildId: b856c61f98abf0989f157f153740fe0fadfbb760)
    #9 0x7ff5c7f83c8f  (/usr/lib/llvm-20/lib/libLLVM.so.20.1+0x4067c8f) (BuildId: b856c61f98abf0989f157f153740fe0fadfbb760)
    #10 0x7ff5c7f8526a  (/usr/lib/llvm-20/lib/libLLVM.so.20.1+0x406926a) (BuildId: b856c61f98abf0989f157f153740fe0fadfbb760)
    #11 0x55ca91648523 in llvm::Target::createTargetMachine(llvm::StringRef, llvm::StringRef, llvm::StringRef, llvm::TargetOptions const&, std::optional<llvm::Reloc::Model>, std::optional<llvm::CodeModel::Model>, llvm::CodeGenOptLevel, bool) const /usr/lib/llvm-20/include/llvm/MC/TargetRegistry.h:462:12
    #12 0x55ca9163a09e in tsc::TargetRegistry::initializeAllTargets() /workspace/src/TargetRegistry.cpp:67:41
    #13 0x55ca9162bdcd in tsc::Compiler::initializeLLVM() /workspace/src/Compiler.cpp:349:14
    #14 0x55ca9162b8b7 in tsc::Compiler::Compiler(tsc::CompilerOptions const&) /workspace/src/Compiler.cpp:24:5
    #15 0x55ca915fd7b5 in main /workspace/src/main.cpp:191:18
    #16 0x7ff5c395a337  (/lib/x86_64-linux-gnu/libc.so.6+0x2a337) (BuildId: 467f544f15035abef911999cbc14489edd0555ab)
    #17 0x7ff5c395a3fa in __libc_start_main (/lib/x86_64-linux-gnu/libc.so.6+0x2a3fa) (BuildId: 467f544f15035abef911999cbc14489edd0555ab)
    #18 0x55ca91511b64 in _start (/workspace/build-asan/tsc+0x74b64) (BuildId: 73a10d7cc646a755f705b0ae57418e68578aec2f)

Indirect leak of 168 byte(s) in 3 object(s) allocated from:
    #0 0x55ca915fa191 in operator new(unsigned long) (/workspace/build-asan/tsc+0x15d191) (BuildId: 73a10d7cc646a755f705b0ae57418e68578aec2f)
    #1 0x7ff5c59b6da2  (/usr/lib/llvm-20/lib/libLLVM.so.20.1+0x1a9ada2) (BuildId: b856c61f98abf0989f157f153740fe0fadfbb760)
    #2 0x7ff5c6f3b039  (/usr/lib/llvm-20/lib/libLLVM.so.20.1+0x301f039) (BuildId: b856c61f98abf0989f157f153740fe0fadfbb760)
    #3 0x7ff5c6f3af97  (/usr/lib/llvm-20/lib/libLLVM.so.20.1+0x301ef97) (BuildId: b856c61f98abf0989f157f153740fe0fadfbb760)
    #4 0x7ff5c6f3998b  (/usr/lib/llvm-20/lib/libLLVM.so.20.1+0x301d98b) (BuildId: b856c61f98abf0989f157f153740fe0fadfbb760)
    #5 0x7ff5c6f398a6  (/usr/lib/llvm-20/lib/libLLVM.so.20.1+0x301d8a6) (BuildId: b856c61f98abf0989f157f153740fe0fadfbb760)
    #6 0x7ff5c7f5931d  (/usr/lib/llvm-20/lib/libLLVM.so.20.1+0x403d31d) (BuildId: b856c61f98abf0989f157f153740fe0fadfbb760)
    #7 0x7ff5c7f81ab1  (/usr/lib/llvm-20/lib/libLLVM.so.20.1+0x4065ab1) (BuildId: b856c61f98abf0989f157f153740fe0fadfbb760)
    #8 0x7ff5c7f83c8f  (/usr/lib/llvm-20/lib/libLLVM.so.20.1+0x4067c8f) (BuildId: b856c61f98abf0989f157f153740fe0fadfbb760)
    #9 0x7ff5c7f8526a  (/usr/lib/llvm-20/lib/libLLVM.so.20.1+0x406926a) (BuildId: b856c61f98abf0989f157f153740fe0fadfbb760)
    #10 0x55ca91648523 in llvm::Target::createTargetMachine(llvm::StringRef, llvm::StringRef, llvm::StringRef, llvm::TargetOptions const&, std::optional<llvm::Reloc::Model>, std::optional<llvm::CodeModel::Model>, llvm::CodeGenOptLevel, bool) const /usr/lib/llvm-20/include/llvm/MC/TargetRegistry.h:462:12
    #11 0x55ca9163a09e in tsc::TargetRegistry::initializeAllTargets() /workspace/src/TargetRegistry.cpp:67:41
    #12 0x55ca9162bdcd in tsc::Compiler::initializeLLVM() /workspace/src/Compiler.cpp:349:14
    #13 0x55ca9162b8b7 in tsc::Compiler::Compiler(tsc::CompilerOptions const&) /workspace/src/Compiler.cpp:24:5
    #14 0x55ca915fd7b5 in main /workspace/src/main.cpp:191:18
    #15 0x7ff5c395a337  (/lib/x86_64-linux-gnu/libc.so.6+0x2a337) (BuildId: 467f544f15035abef911999cbc14489edd0555ab)
    #16 0x7ff5c395a3fa in __libc_start_main (/lib/x86_64-linux-gnu/libc.so.6+0x2a3fa) (BuildId: 467f544f15035abef911999cbc14489edd0555ab)
    #17 0x55ca91511b64 in _start (/workspace/build-asan/tsc+0x74b64) (BuildId: 73a10d7cc646a755f705b0ae57418e68578aec2f)

Indirect leak of 168 byte(s) in 3 object(s) allocated from:
    #0 0x55ca915fa191 in operator new(unsigned long) (/workspace/build-asan/tsc+0x15d191) (BuildId: 73a10d7cc646a755f705b0ae57418e68578aec2f)
    #1 0x7ff5c59b6da2  (/usr/lib/llvm-20/lib/libLLVM.so.20.1+0x1a9ada2) (BuildId: b856c61f98abf0989f157f153740fe0fadfbb760)
    #2 0x7ff5c6f3b008  (/usr/lib/llvm-20/lib/libLLVM.so.20.1+0x301f008) (BuildId: b856c61f98abf0989f157f153740fe0fadfbb760)
    #3 0x7ff5c6f3af97  (/usr/lib/llvm-20/lib/libLLVM.so.20.1+0x301ef97) (BuildId: b856c61f98abf0989f157f153740fe0fadfbb760)
    #4 0x7ff5c6f3998b  (/usr/lib/llvm-20/lib/libLLVM.so.20.1+0x301d98b) (BuildId: b856c61f98abf0989f157f153740fe0fadfbb760)
    #5 0x7ff5c6f398a6  (/usr/lib/llvm-20/lib/libLLVM.so.20.1+0x301d8a6) (BuildId: b856c61f98abf0989f157f153740fe0fadfbb760)
    #6 0x7ff5c7f5931d  (/usr/lib/llvm-20/lib/libLLVM.so.20.1+0x403d31d) (BuildId: b856c61f98abf0989f157f153740fe0fadfbb760)
    #7 0x7ff5c7f81ab1  (/usr/lib/llvm-20/lib/libLLVM.so.20.1+0x4065ab1) (BuildId: b856c61f98abf0989f157f153740fe0fadfbb760)
    #8 0x7ff5c7f83c8f  (/usr/lib/llvm-20/lib/libLLVM.so.20.1+0x4067c8f) (BuildId: b856c61f98abf0989f157f153740fe0fadfbb760)
    #9 0x7ff5c7f8526a  (/usr/lib/llvm-20/lib/libLLVM.so.20.1+0x406926a) (BuildId: b856c61f98abf0989f157f153740fe0fadfbb760)
    #10 0x55ca91648523 in llvm::Target::createTargetMachine(llvm::StringRef, llvm::StringRef, llvm::StringRef, llvm::TargetOptions const&, std::optional<llvm::Reloc::Model>, std::optional<llvm::CodeModel::Model>, llvm::CodeGenOptLevel, bool) const /usr/lib/llvm-20/include/llvm/MC/TargetRegistry.h:462:12
    #11 0x55ca9163a09e in tsc::TargetRegistry::initializeAllTargets() /workspace/src/TargetRegistry.cpp:67:41
    #12 0x55ca9162bdcd in tsc::Compiler::initializeLLVM() /workspace/src/Compiler.cpp:349:14
    #13 0x55ca9162b8b7 in tsc::Compiler::Compiler(tsc::CompilerOptions const&) /workspace/src/Compiler.cpp:24:5
    #14 0x55ca915fd7b5 in main /workspace/src/main.cpp:191:18
    #15 0x7ff5c395a337  (/lib/x86_64-linux-gnu/libc.so.6+0x2a337) (BuildId: 467f544f15035abef911999cbc14489edd0555ab)
    #16 0x7ff5c395a3fa in __libc_start_main (/lib/x86_64-linux-gnu/libc.so.6+0x2a3fa) (BuildId: 467f544f15035abef911999cbc14489edd0555ab)
    #17 0x55ca91511b64 in _start (/workspace/build-asan/tsc+0x74b64) (BuildId: 73a10d7cc646a755f705b0ae57418e68578aec2f)

Indirect leak of 168 byte(s) in 3 object(s) allocated from:
    #0 0x55ca915fa191 in operator new(unsigned long) (/workspace/build-asan/tsc+0x15d191) (BuildId: 73a10d7cc646a755f705b0ae57418e68578aec2f)
    #1 0x7ff5c59b6da2  (/usr/lib/llvm-20/lib/libLLVM.so.20.1+0x1a9ada2) (BuildId: b856c61f98abf0989f157f153740fe0fadfbb760)
    #2 0x7ff5c6f3b008  (/usr/lib/llvm-20/lib/libLLVM.so.20.1+0x301f008) (BuildId: b856c61f98abf0989f157f153740fe0fadfbb760)
    #3 0x7ff5c6f3af97  (/usr/lib/llvm-20/lib/libLLVM.so.20.1+0x301ef97) (BuildId: b856c61f98abf0989f157f153740fe0fadfbb760)
    #4 0x7ff5c6f3998b  (/usr/lib/llvm-20/lib/libLLVM.so.20.1+0x301d98b) (BuildId: b856c61f98abf0989f157f153740fe0fadfbb760)
    #5 0x7ff5c6f398a6  (/usr/lib/llvm-20/lib/libLLVM.so.20.1+0x301d8a6) (BuildId: b856c61f98abf0989f157f153740fe0fadfbb760)
    #6 0x7ff5c6f3aa71  (/usr/lib/llvm-20/lib/libLLVM.so.20.1+0x301ea71) (BuildId: b856c61f98abf0989f157f153740fe0fadfbb760)
    #7 0x7ff5c7f59e1e  (/usr/lib/llvm-20/lib/libLLVM.so.20.1+0x403de1e) (BuildId: b856c61f98abf0989f157f153740fe0fadfbb760)
    #8 0x7ff5c7f81ab1  (/usr/lib/llvm-20/lib/libLLVM.so.20.1+0x4065ab1) (BuildId: b856c61f98abf0989f157f153740fe0fadfbb760)
    #9 0x7ff5c7f83c8f  (/usr/lib/llvm-20/lib/libLLVM.so.20.1+0x4067c8f) (BuildId: b856c61f98abf0989f157f153740fe0fadfbb760)
    #10 0x7ff5c7f8526a  (/usr/lib/llvm-20/lib/libLLVM.so.20.1+0x406926a) (BuildId: b856c61f98abf0989f157f153740fe0fadfbb760)
    #11 0x55ca91648523 in llvm::Target::createTargetMachine(llvm::StringRef, llvm::StringRef, llvm::StringRef, llvm::TargetOptions const&, std::optional<llvm::Reloc::Model>, std::optional<llvm::CodeModel::Model>, llvm::CodeGenOptLevel, bool) const /usr/lib/llvm-20/include/llvm/MC/TargetRegistry.h:462:12
    #12 0x55ca9163a09e in tsc::TargetRegistry::initializeAllTargets() /workspace/src/TargetRegistry.cpp:67:41
    #13 0x55ca9162bdcd in tsc::Compiler::initializeLLVM() /workspace/src/Compiler.cpp:349:14
    #14 0x55ca9162b8b7 in tsc::Compiler::Compiler(tsc::CompilerOptions const&) /workspace/src/Compiler.cpp:24:5
    #15 0x55ca915fd7b5 in main /workspace/src/main.cpp:191:18
    #16 0x7ff5c395a337  (/lib/x86_64-linux-gnu/libc.so.6+0x2a337) (BuildId: 467f544f15035abef911999cbc14489edd0555ab)
    #17 0x7ff5c395a3fa in __libc_start_main (/lib/x86_64-linux-gnu/libc.so.6+0x2a3fa) (BuildId: 467f544f15035abef911999cbc14489edd0555ab)
    #18 0x55ca91511b64 in _start (/workspace/build-asan/tsc+0x74b64) (BuildId: 73a10d7cc646a755f705b0ae57418e68578aec2f)

Indirect leak of 168 byte(s) in 3 object(s) allocated from:
    #0 0x55ca915fa191 in operator new(unsigned long) (/workspace/build-asan/tsc+0x15d191) (BuildId: 73a10d7cc646a755f705b0ae57418e68578aec2f)
    #1 0x7ff5c59b6da2  (/usr/lib/llvm-20/lib/libLLVM.so.20.1+0x1a9ada2) (BuildId: b856c61f98abf0989f157f153740fe0fadfbb760)
    #2 0x7ff5c6f3b039  (/usr/lib/llvm-20/lib/libLLVM.so.20.1+0x301f039) (BuildId: b856c61f98abf0989f157f153740fe0fadfbb760)
    #3 0x7ff5c6f3af97  (/usr/lib/llvm-20/lib/libLLVM.so.20.1+0x301ef97) (BuildId: b856c61f98abf0989f157f153740fe0fadfbb760)
    #4 0x7ff5c6f3998b  (/usr/lib/llvm-20/lib/libLLVM.so.20.1+0x301d98b) (BuildId: b856c61f98abf0989f157f153740fe0fadfbb760)
    #5 0x7ff5c6f398a6  (/usr/lib/llvm-20/lib/libLLVM.so.20.1+0x301d8a6) (BuildId: b856c61f98abf0989f157f153740fe0fadfbb760)
    #6 0x7ff5c7f591f1  (/usr/lib/llvm-20/lib/libLLVM.so.20.1+0x403d1f1) (BuildId: b856c61f98abf0989f157f153740fe0fadfbb760)
    #7 0x7ff5c7f81ab1  (/usr/lib/llvm-20/lib/libLLVM.so.20.1+0x4065ab1) (BuildId: b856c61f98abf0989f157f153740fe0fadfbb760)
    #8 0x7ff5c7f83c8f  (/usr/lib/llvm-20/lib/libLLVM.so.20.1+0x4067c8f) (BuildId: b856c61f98abf0989f157f153740fe0fadfbb760)
    #9 0x7ff5c7f8526a  (/usr/lib/llvm-20/lib/libLLVM.so.20.1+0x406926a) (BuildId: b856c61f98abf0989f157f153740fe0fadfbb760)
    #10 0x55ca91648523 in llvm::Target::createTargetMachine(llvm::StringRef, llvm::StringRef, llvm::StringRef, llvm::TargetOptions const&, std::optional<llvm::Reloc::Model>, std::optional<llvm::CodeModel::Model>, llvm::CodeGenOptLevel, bool) const /usr/lib/llvm-20/include/llvm/MC/TargetRegistry.h:462:12
    #11 0x55ca9163a09e in tsc::TargetRegistry::initializeAllTargets() /workspace/src/TargetRegistry.cpp:67:41
    #12 0x55ca9162bdcd in tsc::Compiler::initializeLLVM() /workspace/src/Compiler.cpp:349:14
    #13 0x55ca9162b8b7 in tsc::Compiler::Compiler(tsc::CompilerOptions const&) /workspace/src/Compiler.cpp:24:5
    #14 0x55ca915fd7b5 in main /workspace/src/main.cpp:191:18
    #15 0x7ff5c395a337  (/lib/x86_64-linux-gnu/libc.so.6+0x2a337) (BuildId: 467f544f15035abef911999cbc14489edd0555ab)
    #16 0x7ff5c395a3fa in __libc_start_main (/lib/x86_64-linux-gnu/libc.so.6+0x2a3fa) (BuildId: 467f544f15035abef911999cbc14489edd0555ab)
    #17 0x55ca91511b64 in _start (/workspace/build-asan/tsc+0x74b64) (BuildId: 73a10d7cc646a755f705b0ae57418e68578aec2f)

Indirect leak of 168 byte(s) in 3 object(s) allocated from:
    #0 0x55ca915fa191 in operator new(unsigned long) (/workspace/build-asan/tsc+0x15d191) (BuildId: 73a10d7cc646a755f705b0ae57418e68578aec2f)
    #1 0x7ff5c59b6da2  (/usr/lib/llvm-20/lib/libLLVM.so.20.1+0x1a9ada2) (BuildId: b856c61f98abf0989f157f153740fe0fadfbb760)
    #2 0x7ff5c6f3b008  (/usr/lib/llvm-20/lib/libLLVM.so.20.1+0x301f008) (BuildId: b856c61f98abf0989f157f153740fe0fadfbb760)
    #3 0x7ff5c6f3af97  (/usr/lib/llvm-20/lib/libLLVM.so.20.1+0x301ef97) (BuildId: b856c61f98abf0989f157f153740fe0fadfbb760)
    #4 0x7ff5c6f3998b  (/usr/lib/llvm-20/lib/libLLVM.so.20.1+0x301d98b) (BuildId: b856c61f98abf0989f157f153740fe0fadfbb760)
    #5 0x7ff5c6f398a6  (/usr/lib/llvm-20/lib/libLLVM.so.20.1+0x301d8a6) (BuildId: b856c61f98abf0989f157f153740fe0fadfbb760)
    #6 0x7ff5c7f591f1  (/usr/lib/llvm-20/lib/libLLVM.so.20.1+0x403d1f1) (BuildId: b856c61f98abf0989f157f153740fe0fadfbb760)
    #7 0x7ff5c7f81ab1  (/usr/lib/llvm-20/lib/libLLVM.so.20.1+0x4065ab1) (BuildId: b856c61f98abf0989f157f153740fe0fadfbb760)
    #8 0x7ff5c7f83c8f  (/usr/lib/llvm-20/lib/libLLVM.so.20.1+0x4067c8f) (BuildId: b856c61f98abf0989f157f153740fe0fadfbb760)
    #9 0x7ff5c7f8526a  (/usr/lib/llvm-20/lib/libLLVM.so.20.1+0x406926a) (BuildId: b856c61f98abf0989f157f153740fe0fadfbb760)
    #10 0x55ca91648523 in llvm::Target::createTargetMachine(llvm::StringRef, llvm::StringRef, llvm::StringRef, llvm::TargetOptions const&, std::optional<llvm::Reloc::Model>, std::optional<llvm::CodeModel::Model>, llvm::CodeGenOptLevel, bool) const /usr/lib/llvm-20/include/llvm/MC/TargetRegistry.h:462:12
    #11 0x55ca9163a09e in tsc::TargetRegistry::initializeAllTargets() /workspace/src/TargetRegistry.cpp:67:41
    #12 0x55ca9162bdcd in tsc::Compiler::initializeLLVM() /workspace/src/Compiler.cpp:349:14
    #13 0x55ca9162b8b7 in tsc::Compiler::Compiler(tsc::CompilerOptions const&) /workspace/src/Compiler.cpp:24:5
    #14 0x55ca915fd7b5 in main /workspace/src/main.cpp:191:18
    #15 0x7ff5c395a337  (/lib/x86_64-linux-gnu/libc.so.6+0x2a337) (BuildId: 467f544f15035abef911999cbc14489edd0555ab)
    #16 0x7ff5c395a3fa in __libc_start_main (/lib/x86_64-linux-gnu/libc.so.6+0x2a3fa) (BuildId: 467f544f15035abef911999cbc14489edd0555ab)
    #17 0x55ca91511b64 in _start (/workspace/build-asan/tsc+0x74b64) (BuildId: 73a10d7cc646a755f705b0ae57418e68578aec2f)

Indirect leak of 168 byte(s) in 3 object(s) allocated from:
    #0 0x55ca915fa191 in operator new(unsigned long) (/workspace/build-asan/tsc+0x15d191) (BuildId: 73a10d7cc646a755f705b0ae57418e68578aec2f)
    #1 0x7ff5c59b6da2  (/usr/lib/llvm-20/lib/libLLVM.so.20.1+0x1a9ada2) (BuildId: b856c61f98abf0989f157f153740fe0fadfbb760)
    #2 0x7ff5c6f3998b  (/usr/lib/llvm-20/lib/libLLVM.so.20.1+0x301d98b) (BuildId: b856c61f98abf0989f157f153740fe0fadfbb760)
    #3 0x7ff5c6f398a6  (/usr/lib/llvm-20/lib/libLLVM.so.20.1+0x301d8a6) (BuildId: b856c61f98abf0989f157f153740fe0fadfbb760)
    #4 0x7ff5c7f58f1c  (/usr/lib/llvm-20/lib/libLLVM.so.20.1+0x403cf1c) (BuildId: b856c61f98abf0989f157f153740fe0fadfbb760)
    #5 0x7ff5c7f81ab1  (/usr/lib/llvm-20/lib/libLLVM.so.20.1+0x4065ab1) (BuildId: b856c61f98abf0989f157f153740fe0fadfbb760)
    #6 0x7ff5c7f83c8f  (/usr/lib/llvm-20/lib/libLLVM.so.20.1+0x4067c8f) (BuildId: b856c61f98abf0989f157f153740fe0fadfbb760)
    #7 0x7ff5c7f8526a  (/usr/lib/llvm-20/lib/libLLVM.so.20.1+0x406926a) (BuildId: b856c61f98abf0989f157f153740fe0fadfbb760)
    #8 0x55ca91648523 in llvm::Target::createTargetMachine(llvm::StringRef, llvm::StringRef, llvm::StringRef, llvm::TargetOptions const&, std::optional<llvm::Reloc::Model>, std::optional<llvm::CodeModel::Model>, llvm::CodeGenOptLevel, bool) const /usr/lib/llvm-20/include/llvm/MC/TargetRegistry.h:462:12
    #9 0x55ca9163a09e in tsc::TargetRegistry::initializeAllTargets() /workspace/src/TargetRegistry.cpp:67:41
    #10 0x55ca9162bdcd in tsc::Compiler::initializeLLVM() /workspace/src/Compiler.cpp:349:14
    #11 0x55ca9162b8b7 in tsc::Compiler::Compiler(tsc::CompilerOptions const&) /workspace/src/Compiler.cpp:24:5
    #12 0x55ca915fd7b5 in main /workspace/src/main.cpp:191:18
    #13 0x7ff5c395a337  (/lib/x86_64-linux-gnu/libc.so.6+0x2a337) (BuildId: 467f544f15035abef911999cbc14489edd0555ab)
    #14 0x7ff5c395a3fa in __libc_start_main (/lib/x86_64-linux-gnu/libc.so.6+0x2a3fa) (BuildId: 467f544f15035abef911999cbc14489edd0555ab)
    #15 0x55ca91511b64 in _start (/workspace/build-asan/tsc+0x74b64) (BuildId: 73a10d7cc646a755f705b0ae57418e68578aec2f)

Indirect leak of 168 byte(s) in 3 object(s) allocated from:
    #0 0x55ca915fa191 in operator new(unsigned long) (/workspace/build-asan/tsc+0x15d191) (BuildId: 73a10d7cc646a755f705b0ae57418e68578aec2f)
    #1 0x7ff5c59b6da2  (/usr/lib/llvm-20/lib/libLLVM.so.20.1+0x1a9ada2) (BuildId: b856c61f98abf0989f157f153740fe0fadfbb760)
    #2 0x7ff5c6f3b008  (/usr/lib/llvm-20/lib/libLLVM.so.20.1+0x301f008) (BuildId: b856c61f98abf0989f157f153740fe0fadfbb760)
    #3 0x7ff5c6f3af97  (/usr/lib/llvm-20/lib/libLLVM.so.20.1+0x301ef97) (BuildId: b856c61f98abf0989f157f153740fe0fadfbb760)
    #4 0x7ff5c6f3998b  (/usr/lib/llvm-20/lib/libLLVM.so.20.1+0x301d98b) (BuildId: b856c61f98abf0989f157f153740fe0fadfbb760)
    #5 0x7ff5c6f398a6  (/usr/lib/llvm-20/lib/libLLVM.so.20.1+0x301d8a6) (BuildId: b856c61f98abf0989f157f153740fe0fadfbb760)
    #6 0x7ff5c7f59ed6  (/usr/lib/llvm-20/lib/libLLVM.so.20.1+0x403ded6) (BuildId: b856c61f98abf0989f157f153740fe0fadfbb760)
    #7 0x7ff5c7f81ab1  (/usr/lib/llvm-20/lib/libLLVM.so.20.1+0x4065ab1) (BuildId: b856c61f98abf0989f157f153740fe0fadfbb760)
    #8 0x7ff5c7f83c8f  (/usr/lib/llvm-20/lib/libLLVM.so.20.1+0x4067c8f) (BuildId: b856c61f98abf0989f157f153740fe0fadfbb760)
    #9 0x7ff5c7f8526a  (/usr/lib/llvm-20/lib/libLLVM.so.20.1+0x406926a) (BuildId: b856c61f98abf0989f157f153740fe0fadfbb760)
    #10 0x55ca91648523 in llvm::Target::createTargetMachine(llvm::StringRef, llvm::StringRef, llvm::StringRef, llvm::TargetOptions const&, std::optional<llvm::Reloc::Model>, std::optional<llvm::CodeModel::Model>, llvm::CodeGenOptLevel, bool) const /usr/lib/llvm-20/include/llvm/MC/TargetRegistry.h:462:12
    #11 0x55ca9163a09e in tsc::TargetRegistry::initializeAllTargets() /workspace/src/TargetRegistry.cpp:67:41
    #12 0x55ca9162bdcd in tsc::Compiler::initializeLLVM() /workspace/src/Compiler.cpp:349:14
    #13 0x55ca9162b8b7 in tsc::Compiler::Compiler(tsc::CompilerOptions const&) /workspace/src/Compiler.cpp:24:5
    #14 0x55ca915fd7b5 in main /workspace/src/main.cpp:191:18
    #15 0x7ff5c395a337  (/lib/x86_64-linux-gnu/libc.so.6+0x2a337) (BuildId: 467f544f15035abef911999cbc14489edd0555ab)
    #16 0x7ff5c395a3fa in __libc_start_main (/lib/x86_64-linux-gnu/libc.so.6+0x2a3fa) (BuildId: 467f544f15035abef911999cbc14489edd0555ab)
    #17 0x55ca91511b64 in _start (/workspace/build-asan/tsc+0x74b64) (BuildId: 73a10d7cc646a755f705b0ae57418e68578aec2f)

Indirect leak of 160 byte(s) in 4 object(s) allocated from:
    #0 0x55ca915fa191 in operator new(unsigned long) (/workspace/build-asan/tsc+0x15d191) (BuildId: 73a10d7cc646a755f705b0ae57418e68578aec2f)
    #1 0x7ff5c68010b4 in llvm::MCSubtargetInfo::InitMCProcessorInfo(llvm::StringRef, llvm::StringRef, llvm::StringRef) (/usr/lib/llvm-20/lib/libLLVM.so.20.1+0x28e50b4) (BuildId: b856c61f98abf0989f157f153740fe0fadfbb760)
    #2 0x7ff5c6801f36 in llvm::MCSubtargetInfo::MCSubtargetInfo(llvm::Triple const&, llvm::StringRef, llvm::StringRef, llvm::StringRef, llvm::ArrayRef<llvm::StringRef>, llvm::ArrayRef<llvm::SubtargetFeatureKV>, llvm::ArrayRef<llvm::SubtargetSubTypeKV>, llvm::MCWriteProcResEntry const*, llvm::MCWriteLatencyEntry const*, llvm::MCReadAdvanceEntry const*, llvm::InstrStage const*, unsigned int const*, unsigned int const*) (/usr/lib/llvm-20/lib/libLLVM.so.20.1+0x28e5f36) (BuildId: b856c61f98abf0989f157f153740fe0fadfbb760)
    #3 0x7ff5c7d4ce0a  (/usr/lib/llvm-20/lib/libLLVM.so.20.1+0x3e30e0a) (BuildId: b856c61f98abf0989f157f153740fe0fadfbb760)
    #4 0x7ff5c52d0793 in llvm::CodeGenTargetMachineImpl::initAsmInfo() (/usr/lib/llvm-20/lib/libLLVM.so.20.1+0x13b4793) (BuildId: b856c61f98abf0989f157f153740fe0fadfbb760)
    #5 0x7ff5c7d135ac  (/usr/lib/llvm-20/lib/libLLVM.so.20.1+0x3df75ac) (BuildId: b856c61f98abf0989f157f153740fe0fadfbb760)
    #6 0x7ff5c7d15bcd  (/usr/lib/llvm-20/lib/libLLVM.so.20.1+0x3df9bcd) (BuildId: b856c61f98abf0989f157f153740fe0fadfbb760)
    #7 0x55ca91648523 in llvm::Target::createTargetMachine(llvm::StringRef, llvm::StringRef, llvm::StringRef, llvm::TargetOptions const&, std::optional<llvm::Reloc::Model>, std::optional<llvm::CodeModel::Model>, llvm::CodeGenOptLevel, bool) const /usr/lib/llvm-20/include/llvm/MC/TargetRegistry.h:462:12
    #8 0x55ca9163a09e in tsc::TargetRegistry::initializeAllTargets() /workspace/src/TargetRegistry.cpp:67:41
    #9 0x55ca9162bdcd in tsc::Compiler::initializeLLVM() /workspace/src/Compiler.cpp:349:14
    #10 0x55ca9162b8b7 in tsc::Compiler::Compiler(tsc::CompilerOptions const&) /workspace/src/Compiler.cpp:24:5
    #11 0x55ca915fd7b5 in main /workspace/src/main.cpp:191:18
    #12 0x7ff5c395a337  (/lib/x86_64-linux-gnu/libc.so.6+0x2a337) (BuildId: 467f544f15035abef911999cbc14489edd0555ab)
    #13 0x7ff5c395a3fa in __libc_start_main (/lib/x86_64-linux-gnu/libc.so.6+0x2a3fa) (BuildId: 467f544f15035abef911999cbc14489edd0555ab)
    #14 0x55ca91511b64 in _start (/workspace/build-asan/tsc+0x74b64) (BuildId: 73a10d7cc646a755f705b0ae57418e68578aec2f)

Indirect leak of 160 byte(s) in 4 object(s) allocated from:
    #0 0x55ca915fa191 in operator new(unsigned long) (/workspace/build-asan/tsc+0x15d191) (BuildId: 73a10d7cc646a755f705b0ae57418e68578aec2f)
    #1 0x7ff5c6ef4a84 in llvm::TargetMachine::TargetMachine(llvm::Target const&, llvm::StringRef, llvm::Triple const&, llvm::StringRef, llvm::StringRef, llvm::TargetOptions const&) (/usr/lib/llvm-20/lib/libLLVM.so.20.1+0x2fd8a84) (BuildId: b856c61f98abf0989f157f153740fe0fadfbb760)
    #2 0x7ff5c52d0937 in llvm::CodeGenTargetMachineImpl::CodeGenTargetMachineImpl(llvm::Target const&, llvm::StringRef, llvm::Triple const&, llvm::StringRef, llvm::StringRef, llvm::TargetOptions const&, llvm::Reloc::Model, llvm::CodeModel::Model, llvm::CodeGenOptLevel) (/usr/lib/llvm-20/lib/libLLVM.so.20.1+0x13b4937) (BuildId: b856c61f98abf0989f157f153740fe0fadfbb760)
    #3 0x7ff5c7d133c7  (/usr/lib/llvm-20/lib/libLLVM.so.20.1+0x3df73c7) (BuildId: b856c61f98abf0989f157f153740fe0fadfbb760)
    #4 0x7ff5c7d15bcd  (/usr/lib/llvm-20/lib/libLLVM.so.20.1+0x3df9bcd) (BuildId: b856c61f98abf0989f157f153740fe0fadfbb760)
    #5 0x55ca91648523 in llvm::Target::createTargetMachine(llvm::StringRef, llvm::StringRef, llvm::StringRef, llvm::TargetOptions const&, std::optional<llvm::Reloc::Model>, std::optional<llvm::CodeModel::Model>, llvm::CodeGenOptLevel, bool) const /usr/lib/llvm-20/include/llvm/MC/TargetRegistry.h:462:12
    #6 0x55ca9163a09e in tsc::TargetRegistry::initializeAllTargets() /workspace/src/TargetRegistry.cpp:67:41
    #7 0x55ca9162bdcd in tsc::Compiler::initializeLLVM() /workspace/src/Compiler.cpp:349:14
    #8 0x55ca9162b8b7 in tsc::Compiler::Compiler(tsc::CompilerOptions const&) /workspace/src/Compiler.cpp:24:5
    #9 0x55ca915fd7b5 in main /workspace/src/main.cpp:191:18
    #10 0x7ff5c395a337  (/lib/x86_64-linux-gnu/libc.so.6+0x2a337) (BuildId: 467f544f15035abef911999cbc14489edd0555ab)
    #11 0x7ff5c395a3fa in __libc_start_main (/lib/x86_64-linux-gnu/libc.so.6+0x2a3fa) (BuildId: 467f544f15035abef911999cbc14489edd0555ab)
    #12 0x55ca91511b64 in _start (/workspace/build-asan/tsc+0x74b64) (BuildId: 73a10d7cc646a755f705b0ae57418e68578aec2f)

Indirect leak of 160 byte(s) in 2 object(s) allocated from:
    #0 0x55ca915fa191 in operator new(unsigned long) (/workspace/build-asan/tsc+0x15d191) (BuildId: 73a10d7cc646a755f705b0ae57418e68578aec2f)
    #1 0x7ff5c4ff3807 in llvm::DataLayout::parseLayoutString(llvm::StringRef) (/usr/lib/llvm-20/lib/libLLVM.so.20.1+0x10d7807) (BuildId: b856c61f98abf0989f157f153740fe0fadfbb760)
    #2 0x7ff5c4ff3744 in llvm::DataLayout::DataLayout(llvm::StringRef) (/usr/lib/llvm-20/lib/libLLVM.so.20.1+0x10d7744) (BuildId: b856c61f98abf0989f157f153740fe0fadfbb760)
    #3 0x7ff5c6ef490c in llvm::TargetMachine::TargetMachine(llvm::Target const&, llvm::StringRef, llvm::Triple const&, llvm::StringRef, llvm::StringRef, llvm::TargetOptions const&) (/usr/lib/llvm-20/lib/libLLVM.so.20.1+0x2fd890c) (BuildId: b856c61f98abf0989f157f153740fe0fadfbb760)
    #4 0x7ff5c52d0937 in llvm::CodeGenTargetMachineImpl::CodeGenTargetMachineImpl(llvm::Target const&, llvm::StringRef, llvm::Triple const&, llvm::StringRef, llvm::StringRef, llvm::TargetOptions const&, llvm::Reloc::Model, llvm::CodeModel::Model, llvm::CodeGenOptLevel) (/usr/lib/llvm-20/lib/libLLVM.so.20.1+0x13b4937) (BuildId: b856c61f98abf0989f157f153740fe0fadfbb760)
    #5 0x7ff5c837bdab  (/usr/lib/llvm-20/lib/libLLVM.so.20.1+0x445fdab) (BuildId: b856c61f98abf0989f157f153740fe0fadfbb760)
    #6 0x7ff5c837de4d  (/usr/lib/llvm-20/lib/libLLVM.so.20.1+0x4461e4d) (BuildId: b856c61f98abf0989f157f153740fe0fadfbb760)
    #7 0x55ca91648523 in llvm::Target::createTargetMachine(llvm::StringRef, llvm::StringRef, llvm::StringRef, llvm::TargetOptions const&, std::optional<llvm::Reloc::Model>, std::optional<llvm::CodeModel::Model>, llvm::CodeGenOptLevel, bool) const /usr/lib/llvm-20/include/llvm/MC/TargetRegistry.h:462:12
    #8 0x55ca9163a09e in tsc::TargetRegistry::initializeAllTargets() /workspace/src/TargetRegistry.cpp:67:41
    #9 0x55ca9162bdcd in tsc::Compiler::initializeLLVM() /workspace/src/Compiler.cpp:349:14
    #10 0x55ca9162b8b7 in tsc::Compiler::Compiler(tsc::CompilerOptions const&) /workspace/src/Compiler.cpp:24:5
    #11 0x55ca915fd7b5 in main /workspace/src/main.cpp:191:18
    #12 0x7ff5c395a337  (/lib/x86_64-linux-gnu/libc.so.6+0x2a337) (BuildId: 467f544f15035abef911999cbc14489edd0555ab)
    #13 0x7ff5c395a3fa in __libc_start_main (/lib/x86_64-linux-gnu/libc.so.6+0x2a3fa) (BuildId: 467f544f15035abef911999cbc14489edd0555ab)
    #14 0x55ca91511b64 in _start (/workspace/build-asan/tsc+0x74b64) (BuildId: 73a10d7cc646a755f705b0ae57418e68578aec2f)

Indirect leak of 160 byte(s) in 1 object(s) allocated from:
    #0 0x55ca915fa191 in operator new(unsigned long) (/workspace/build-asan/tsc+0x15d191) (BuildId: 73a10d7cc646a755f705b0ae57418e68578aec2f)
    #1 0x7ff5c8456509  (/usr/lib/llvm-20/lib/libLLVM.so.20.1+0x453a509) (BuildId: b856c61f98abf0989f157f153740fe0fadfbb760)
    #2 0x7ff5c8457105  (/usr/lib/llvm-20/lib/libLLVM.so.20.1+0x453b105) (BuildId: b856c61f98abf0989f157f153740fe0fadfbb760)
    #3 0x7ff5c8457a7a  (/usr/lib/llvm-20/lib/libLLVM.so.20.1+0x453ba7a) (BuildId: b856c61f98abf0989f157f153740fe0fadfbb760)
    #4 0x55ca91648523 in llvm::Target::createTargetMachine(llvm::StringRef, llvm::StringRef, llvm::StringRef, llvm::TargetOptions const&, std::optional<llvm::Reloc::Model>, std::optional<llvm::CodeModel::Model>, llvm::CodeGenOptLevel, bool) const /usr/lib/llvm-20/include/llvm/MC/TargetRegistry.h:462:12
    #5 0x55ca9163a09e in tsc::TargetRegistry::initializeAllTargets() /workspace/src/TargetRegistry.cpp:67:41
    #6 0x55ca9162bdcd in tsc::Compiler::initializeLLVM() /workspace/src/Compiler.cpp:349:14
    #7 0x55ca9162b8b7 in tsc::Compiler::Compiler(tsc::CompilerOptions const&) /workspace/src/Compiler.cpp:24:5
    #8 0x55ca915fd7b5 in main /workspace/src/main.cpp:191:18
    #9 0x7ff5c395a337  (/lib/x86_64-linux-gnu/libc.so.6+0x2a337) (BuildId: 467f544f15035abef911999cbc14489edd0555ab)
    #10 0x7ff5c395a3fa in __libc_start_main (/lib/x86_64-linux-gnu/libc.so.6+0x2a3fa) (BuildId: 467f544f15035abef911999cbc14489edd0555ab)
    #11 0x55ca91511b64 in _start (/workspace/build-asan/tsc+0x74b64) (BuildId: 73a10d7cc646a755f705b0ae57418e68578aec2f)

Indirect leak of 160 byte(s) in 1 object(s) allocated from:
    #0 0x55ca915fa191 in operator new(unsigned long) (/workspace/build-asan/tsc+0x15d191) (BuildId: 73a10d7cc646a755f705b0ae57418e68578aec2f)
    #1 0x7ff5c59b82b5  (/usr/lib/llvm-20/lib/libLLVM.so.20.1+0x1a9c2b5) (BuildId: b856c61f98abf0989f157f153740fe0fadfbb760)
    #2 0x7ff5c6f3998b  (/usr/lib/llvm-20/lib/libLLVM.so.20.1+0x301d98b) (BuildId: b856c61f98abf0989f157f153740fe0fadfbb760)
    #3 0x7ff5c6f398a6  (/usr/lib/llvm-20/lib/libLLVM.so.20.1+0x301d8a6) (BuildId: b856c61f98abf0989f157f153740fe0fadfbb760)
    #4 0x7ff5c84393f1  (/usr/lib/llvm-20/lib/libLLVM.so.20.1+0x451d3f1) (BuildId: b856c61f98abf0989f157f153740fe0fadfbb760)
    #5 0x7ff5c84564e6  (/usr/lib/llvm-20/lib/libLLVM.so.20.1+0x453a4e6) (BuildId: b856c61f98abf0989f157f153740fe0fadfbb760)
    #6 0x7ff5c8457105  (/usr/lib/llvm-20/lib/libLLVM.so.20.1+0x453b105) (BuildId: b856c61f98abf0989f157f153740fe0fadfbb760)
    #7 0x7ff5c8457a7a  (/usr/lib/llvm-20/lib/libLLVM.so.20.1+0x453ba7a) (BuildId: b856c61f98abf0989f157f153740fe0fadfbb760)
    #8 0x55ca91648523 in llvm::Target::createTargetMachine(llvm::StringRef, llvm::StringRef, llvm::StringRef, llvm::TargetOptions const&, std::optional<llvm::Reloc::Model>, std::optional<llvm::CodeModel::Model>, llvm::CodeGenOptLevel, bool) const /usr/lib/llvm-20/include/llvm/MC/TargetRegistry.h:462:12
    #9 0x55ca9163a09e in tsc::TargetRegistry::initializeAllTargets() /workspace/src/TargetRegistry.cpp:67:41
    #10 0x55ca9162bdcd in tsc::Compiler::initializeLLVM() /workspace/src/Compiler.cpp:349:14
    #11 0x55ca9162b8b7 in tsc::Compiler::Compiler(tsc::CompilerOptions const&) /workspace/src/Compiler.cpp:24:5
    #12 0x55ca915fd7b5 in main /workspace/src/main.cpp:191:18
    #13 0x7ff5c395a337  (/lib/x86_64-linux-gnu/libc.so.6+0x2a337) (BuildId: 467f544f15035abef911999cbc14489edd0555ab)
    #14 0x7ff5c395a3fa in __libc_start_main (/lib/x86_64-linux-gnu/libc.so.6+0x2a3fa) (BuildId: 467f544f15035abef911999cbc14489edd0555ab)
    #15 0x55ca91511b64 in _start (/workspace/build-asan/tsc+0x74b64) (BuildId: 73a10d7cc646a755f705b0ae57418e68578aec2f)

Indirect leak of 150 byte(s) in 1 object(s) allocated from:
    #0 0x55ca915fa191 in operator new(unsigned long) (/workspace/build-asan/tsc+0x15d191) (BuildId: 73a10d7cc646a755f705b0ae57418e68578aec2f)
    #1 0x7ff5c4ff3807 in llvm::DataLayout::parseLayoutString(llvm::StringRef) (/usr/lib/llvm-20/lib/libLLVM.so.20.1+0x10d7807) (BuildId: b856c61f98abf0989f157f153740fe0fadfbb760)
    #2 0x7ff5c4ff3744 in llvm::DataLayout::DataLayout(llvm::StringRef) (/usr/lib/llvm-20/lib/libLLVM.so.20.1+0x10d7744) (BuildId: b856c61f98abf0989f157f153740fe0fadfbb760)
    #3 0x7ff5c6ef490c in llvm::TargetMachine::TargetMachine(llvm::Target const&, llvm::StringRef, llvm::Triple const&, llvm::StringRef, llvm::StringRef, llvm::TargetOptions const&) (/usr/lib/llvm-20/lib/libLLVM.so.20.1+0x2fd890c) (BuildId: b856c61f98abf0989f157f153740fe0fadfbb760)
    #4 0x7ff5c52d0937 in llvm::CodeGenTargetMachineImpl::CodeGenTargetMachineImpl(llvm::Target const&, llvm::StringRef, llvm::Triple const&, llvm::StringRef, llvm::StringRef, llvm::TargetOptions const&, llvm::Reloc::Model, llvm::CodeModel::Model, llvm::CodeGenOptLevel) (/usr/lib/llvm-20/lib/libLLVM.so.20.1+0x13b4937) (BuildId: b856c61f98abf0989f157f153740fe0fadfbb760)
    #5 0x7ff5c79ce708  (/usr/lib/llvm-20/lib/libLLVM.so.20.1+0x3ab2708) (BuildId: b856c61f98abf0989f157f153740fe0fadfbb760)
    #6 0x7ff5c79d081a  (/usr/lib/llvm-20/lib/libLLVM.so.20.1+0x3ab481a) (BuildId: b856c61f98abf0989f157f153740fe0fadfbb760)
    #7 0x55ca91648523 in llvm::Target::createTargetMachine(llvm::StringRef, llvm::StringRef, llvm::StringRef, llvm::TargetOptions const&, std::optional<llvm::Reloc::Model>, std::optional<llvm::CodeModel::Model>, llvm::CodeGenOptLevel, bool) const /usr/lib/llvm-20/include/llvm/MC/TargetRegistry.h:462:12
    #8 0x55ca9163a09e in tsc::TargetRegistry::initializeAllTargets() /workspace/src/TargetRegistry.cpp:67:41
    #9 0x55ca9162bdcd in tsc::Compiler::initializeLLVM() /workspace/src/Compiler.cpp:349:14
    #10 0x55ca9162b8b7 in tsc::Compiler::Compiler(tsc::CompilerOptions const&) /workspace/src/Compiler.cpp:24:5
    #11 0x55ca915fd7b5 in main /workspace/src/main.cpp:191:18
    #12 0x7ff5c395a337  (/lib/x86_64-linux-gnu/libc.so.6+0x2a337) (BuildId: 467f544f15035abef911999cbc14489edd0555ab)
    #13 0x7ff5c395a3fa in __libc_start_main (/lib/x86_64-linux-gnu/libc.so.6+0x2a3fa) (BuildId: 467f544f15035abef911999cbc14489edd0555ab)
    #14 0x55ca91511b64 in _start (/workspace/build-asan/tsc+0x74b64) (BuildId: 73a10d7cc646a755f705b0ae57418e68578aec2f)

Indirect leak of 144 byte(s) in 3 object(s) allocated from:
    #0 0x55ca915fa191 in operator new(unsigned long) (/workspace/build-asan/tsc+0x15d191) (BuildId: 73a10d7cc646a755f705b0ae57418e68578aec2f)
    #1 0x7ff5c7f9b321  (/usr/lib/llvm-20/lib/libLLVM.so.20.1+0x407f321) (BuildId: b856c61f98abf0989f157f153740fe0fadfbb760)
    #2 0x7ff5c52d0707 in llvm::CodeGenTargetMachineImpl::initAsmInfo() (/usr/lib/llvm-20/lib/libLLVM.so.20.1+0x13b4707) (BuildId: b856c61f98abf0989f157f153740fe0fadfbb760)
    #3 0x7ff5c7f83cc9  (/usr/lib/llvm-20/lib/libLLVM.so.20.1+0x4067cc9) (BuildId: b856c61f98abf0989f157f153740fe0fadfbb760)
    #4 0x7ff5c7f8526a  (/usr/lib/llvm-20/lib/libLLVM.so.20.1+0x406926a) (BuildId: b856c61f98abf0989f157f153740fe0fadfbb760)
    #5 0x55ca91648523 in llvm::Target::createTargetMachine(llvm::StringRef, llvm::StringRef, llvm::StringRef, llvm::TargetOptions const&, std::optional<llvm::Reloc::Model>, std::optional<llvm::CodeModel::Model>, llvm::CodeGenOptLevel, bool) const /usr/lib/llvm-20/include/llvm/MC/TargetRegistry.h:462:12
    #6 0x55ca9163a09e in tsc::TargetRegistry::initializeAllTargets() /workspace/src/TargetRegistry.cpp:67:41
    #7 0x55ca9162bdcd in tsc::Compiler::initializeLLVM() /workspace/src/Compiler.cpp:349:14
    #8 0x55ca9162b8b7 in tsc::Compiler::Compiler(tsc::CompilerOptions const&) /workspace/src/Compiler.cpp:24:5
    #9 0x55ca915fd7b5 in main /workspace/src/main.cpp:191:18
    #10 0x7ff5c395a337  (/lib/x86_64-linux-gnu/libc.so.6+0x2a337) (BuildId: 467f544f15035abef911999cbc14489edd0555ab)
    #11 0x7ff5c395a3fa in __libc_start_main (/lib/x86_64-linux-gnu/libc.so.6+0x2a3fa) (BuildId: 467f544f15035abef911999cbc14489edd0555ab)
    #12 0x55ca91511b64 in _start (/workspace/build-asan/tsc+0x74b64) (BuildId: 73a10d7cc646a755f705b0ae57418e68578aec2f)

Indirect leak of 144 byte(s) in 2 object(s) allocated from:
    #0 0x55ca915b5858 in malloc (/workspace/build-asan/tsc+0x118858) (BuildId: 73a10d7cc646a755f705b0ae57418e68578aec2f)
    #1 0x7ff5c4ec87d6 in llvm::SmallVectorBase<unsigned int>::mallocForGrow(void*, unsigned long, unsigned long, unsigned long&) (/usr/lib/llvm-20/lib/libLLVM.so.20.1+0xfac7d6) (BuildId: b856c61f98abf0989f157f153740fe0fadfbb760)
    #2 0x7ff5c5a01e2c in llvm::SmallVectorTemplateBase<std::vector<std::pair<unsigned short, llvm::LegacyLegalizeActions::LegacyLegalizeAction>, std::allocator<std::pair<unsigned short, llvm::LegacyLegalizeActions::LegacyLegalizeAction>>>, false>::grow(unsigned long) (/usr/lib/llvm-20/lib/libLLVM.so.20.1+0x1ae5e2c) (BuildId: b856c61f98abf0989f157f153740fe0fadfbb760)
    #3 0x7ff5c5a01a32  (/usr/lib/llvm-20/lib/libLLVM.so.20.1+0x1ae5a32) (BuildId: b856c61f98abf0989f157f153740fe0fadfbb760)
    #4 0x7ff5c59fec93 in llvm::LegacyLegalizerInfo::LegacyLegalizerInfo() (/usr/lib/llvm-20/lib/libLLVM.so.20.1+0x1ae2c93) (BuildId: b856c61f98abf0989f157f153740fe0fadfbb760)
    #5 0x7ff5c7b28493  (/usr/lib/llvm-20/lib/libLLVM.so.20.1+0x3c0c493) (BuildId: b856c61f98abf0989f157f153740fe0fadfbb760)
    #6 0x7ff5c7b6091a  (/usr/lib/llvm-20/lib/libLLVM.so.20.1+0x3c4491a) (BuildId: b856c61f98abf0989f157f153740fe0fadfbb760)
    #7 0x7ff5c7b6188a  (/usr/lib/llvm-20/lib/libLLVM.so.20.1+0x3c4588a) (BuildId: b856c61f98abf0989f157f153740fe0fadfbb760)
    #8 0x7ff5c7b62b2c  (/usr/lib/llvm-20/lib/libLLVM.so.20.1+0x3c46b2c) (BuildId: b856c61f98abf0989f157f153740fe0fadfbb760)
    #9 0x55ca91648523 in llvm::Target::createTargetMachine(llvm::StringRef, llvm::StringRef, llvm::StringRef, llvm::TargetOptions const&, std::optional<llvm::Reloc::Model>, std::optional<llvm::CodeModel::Model>, llvm::CodeGenOptLevel, bool) const /usr/lib/llvm-20/include/llvm/MC/TargetRegistry.h:462:12
    #10 0x55ca9163a09e in tsc::TargetRegistry::initializeAllTargets() /workspace/src/TargetRegistry.cpp:67:41
    #11 0x55ca9162bdcd in tsc::Compiler::initializeLLVM() /workspace/src/Compiler.cpp:349:14
    #12 0x55ca9162b8b7 in tsc::Compiler::Compiler(tsc::CompilerOptions const&) /workspace/src/Compiler.cpp:24:5
    #13 0x55ca915fd7b5 in main /workspace/src/main.cpp:191:18
    #14 0x7ff5c395a337  (/lib/x86_64-linux-gnu/libc.so.6+0x2a337) (BuildId: 467f544f15035abef911999cbc14489edd0555ab)
    #15 0x7ff5c395a3fa in __libc_start_main (/lib/x86_64-linux-gnu/libc.so.6+0x2a3fa) (BuildId: 467f544f15035abef911999cbc14489edd0555ab)
    #16 0x55ca91511b64 in _start (/workspace/build-asan/tsc+0x74b64) (BuildId: 73a10d7cc646a755f705b0ae57418e68578aec2f)

Indirect leak of 144 byte(s) in 2 object(s) allocated from:
    #0 0x55ca915b5858 in malloc (/workspace/build-asan/tsc+0x118858) (BuildId: 73a10d7cc646a755f705b0ae57418e68578aec2f)
    #1 0x7ff5c4ec87d6 in llvm::SmallVectorBase<unsigned int>::mallocForGrow(void*, unsigned long, unsigned long, unsigned long&) (/usr/lib/llvm-20/lib/libLLVM.so.20.1+0xfac7d6) (BuildId: b856c61f98abf0989f157f153740fe0fadfbb760)
    #2 0x7ff5c5a01e2c in llvm::SmallVectorTemplateBase<std::vector<std::pair<unsigned short, llvm::LegacyLegalizeActions::LegacyLegalizeAction>, std::allocator<std::pair<unsigned short, llvm::LegacyLegalizeActions::LegacyLegalizeAction>>>, false>::grow(unsigned long) (/usr/lib/llvm-20/lib/libLLVM.so.20.1+0x1ae5e2c) (BuildId: b856c61f98abf0989f157f153740fe0fadfbb760)
    #3 0x7ff5c5a01a32  (/usr/lib/llvm-20/lib/libLLVM.so.20.1+0x1ae5a32) (BuildId: b856c61f98abf0989f157f153740fe0fadfbb760)
    #4 0x7ff5c59fedcf in llvm::LegacyLegalizerInfo::LegacyLegalizerInfo() (/usr/lib/llvm-20/lib/libLLVM.so.20.1+0x1ae2dcf) (BuildId: b856c61f98abf0989f157f153740fe0fadfbb760)
    #5 0x7ff5c7b28493  (/usr/lib/llvm-20/lib/libLLVM.so.20.1+0x3c0c493) (BuildId: b856c61f98abf0989f157f153740fe0fadfbb760)
    #6 0x7ff5c7b6091a  (/usr/lib/llvm-20/lib/libLLVM.so.20.1+0x3c4491a) (BuildId: b856c61f98abf0989f157f153740fe0fadfbb760)
    #7 0x7ff5c7b61a19  (/usr/lib/llvm-20/lib/libLLVM.so.20.1+0x3c45a19) (BuildId: b856c61f98abf0989f157f153740fe0fadfbb760)
    #8 0x7ff5c7b62a6c  (/usr/lib/llvm-20/lib/libLLVM.so.20.1+0x3c46a6c) (BuildId: b856c61f98abf0989f157f153740fe0fadfbb760)
    #9 0x55ca91648523 in llvm::Target::createTargetMachine(llvm::StringRef, llvm::StringRef, llvm::StringRef, llvm::TargetOptions const&, std::optional<llvm::Reloc::Model>, std::optional<llvm::CodeModel::Model>, llvm::CodeGenOptLevel, bool) const /usr/lib/llvm-20/include/llvm/MC/TargetRegistry.h:462:12
    #10 0x55ca9163a09e in tsc::TargetRegistry::initializeAllTargets() /workspace/src/TargetRegistry.cpp:67:41
    #11 0x55ca9162bdcd in tsc::Compiler::initializeLLVM() /workspace/src/Compiler.cpp:349:14
    #12 0x55ca9162b8b7 in tsc::Compiler::Compiler(tsc::CompilerOptions const&) /workspace/src/Compiler.cpp:24:5
    #13 0x55ca915fd7b5 in main /workspace/src/main.cpp:191:18
    #14 0x7ff5c395a337  (/lib/x86_64-linux-gnu/libc.so.6+0x2a337) (BuildId: 467f544f15035abef911999cbc14489edd0555ab)
    #15 0x7ff5c395a3fa in __libc_start_main (/lib/x86_64-linux-gnu/libc.so.6+0x2a3fa) (BuildId: 467f544f15035abef911999cbc14489edd0555ab)
    #16 0x55ca91511b64 in _start (/workspace/build-asan/tsc+0x74b64) (BuildId: 73a10d7cc646a755f705b0ae57418e68578aec2f)

Indirect leak of 144 byte(s) in 2 object(s) allocated from:
    #0 0x55ca915b5858 in malloc (/workspace/build-asan/tsc+0x118858) (BuildId: 73a10d7cc646a755f705b0ae57418e68578aec2f)
    #1 0x7ff5c4ec87d6 in llvm::SmallVectorBase<unsigned int>::mallocForGrow(void*, unsigned long, unsigned long, unsigned long&) (/usr/lib/llvm-20/lib/libLLVM.so.20.1+0xfac7d6) (BuildId: b856c61f98abf0989f157f153740fe0fadfbb760)
    #2 0x7ff5c5a01e2c in llvm::SmallVectorTemplateBase<std::vector<std::pair<unsigned short, llvm::LegacyLegalizeActions::LegacyLegalizeAction>, std::allocator<std::pair<unsigned short, llvm::LegacyLegalizeActions::LegacyLegalizeAction>>>, false>::grow(unsigned long) (/usr/lib/llvm-20/lib/libLLVM.so.20.1+0x1ae5e2c) (BuildId: b856c61f98abf0989f157f153740fe0fadfbb760)
    #3 0x7ff5c5a01a32  (/usr/lib/llvm-20/lib/libLLVM.so.20.1+0x1ae5a32) (BuildId: b856c61f98abf0989f157f153740fe0fadfbb760)
    #4 0x7ff5c59fed33 in llvm::LegacyLegalizerInfo::LegacyLegalizerInfo() (/usr/lib/llvm-20/lib/libLLVM.so.20.1+0x1ae2d33) (BuildId: b856c61f98abf0989f157f153740fe0fadfbb760)
    #5 0x7ff5c7b28493  (/usr/lib/llvm-20/lib/libLLVM.so.20.1+0x3c0c493) (BuildId: b856c61f98abf0989f157f153740fe0fadfbb760)
    #6 0x7ff5c7b6091a  (/usr/lib/llvm-20/lib/libLLVM.so.20.1+0x3c4491a) (BuildId: b856c61f98abf0989f157f153740fe0fadfbb760)
    #7 0x7ff5c7b61a19  (/usr/lib/llvm-20/lib/libLLVM.so.20.1+0x3c45a19) (BuildId: b856c61f98abf0989f157f153740fe0fadfbb760)
    #8 0x7ff5c7b62a6c  (/usr/lib/llvm-20/lib/libLLVM.so.20.1+0x3c46a6c) (BuildId: b856c61f98abf0989f157f153740fe0fadfbb760)
    #9 0x55ca91648523 in llvm::Target::createTargetMachine(llvm::StringRef, llvm::StringRef, llvm::StringRef, llvm::TargetOptions const&, std::optional<llvm::Reloc::Model>, std::optional<llvm::CodeModel::Model>, llvm::CodeGenOptLevel, bool) const /usr/lib/llvm-20/include/llvm/MC/TargetRegistry.h:462:12
    #10 0x55ca9163a09e in tsc::TargetRegistry::initializeAllTargets() /workspace/src/TargetRegistry.cpp:67:41
    #11 0x55ca9162bdcd in tsc::Compiler::initializeLLVM() /workspace/src/Compiler.cpp:349:14
    #12 0x55ca9162b8b7 in tsc::Compiler::Compiler(tsc::CompilerOptions const&) /workspace/src/Compiler.cpp:24:5
    #13 0x55ca915fd7b5 in main /workspace/src/main.cpp:191:18
    #14 0x7ff5c395a337  (/lib/x86_64-linux-gnu/libc.so.6+0x2a337) (BuildId: 467f544f15035abef911999cbc14489edd0555ab)
    #15 0x7ff5c395a3fa in __libc_start_main (/lib/x86_64-linux-gnu/libc.so.6+0x2a3fa) (BuildId: 467f544f15035abef911999cbc14489edd0555ab)
    #16 0x55ca91511b64 in _start (/workspace/build-asan/tsc+0x74b64) (BuildId: 73a10d7cc646a755f705b0ae57418e68578aec2f)

Indirect leak of 144 byte(s) in 2 object(s) allocated from:
    #0 0x55ca915b5858 in malloc (/workspace/build-asan/tsc+0x118858) (BuildId: 73a10d7cc646a755f705b0ae57418e68578aec2f)
    #1 0x7ff5c4ec87d6 in llvm::SmallVectorBase<unsigned int>::mallocForGrow(void*, unsigned long, unsigned long, unsigned long&) (/usr/lib/llvm-20/lib/libLLVM.so.20.1+0xfac7d6) (BuildId: b856c61f98abf0989f157f153740fe0fadfbb760)
    #2 0x7ff5c5a01e2c in llvm::SmallVectorTemplateBase<std::vector<std::pair<unsigned short, llvm::LegacyLegalizeActions::LegacyLegalizeAction>, std::allocator<std::pair<unsigned short, llvm::LegacyLegalizeActions::LegacyLegalizeAction>>>, false>::grow(unsigned long) (/usr/lib/llvm-20/lib/libLLVM.so.20.1+0x1ae5e2c) (BuildId: b856c61f98abf0989f157f153740fe0fadfbb760)
    #3 0x7ff5c5a01a32  (/usr/lib/llvm-20/lib/libLLVM.so.20.1+0x1ae5a32) (BuildId: b856c61f98abf0989f157f153740fe0fadfbb760)
    #4 0x7ff5c59fece3 in llvm::LegacyLegalizerInfo::LegacyLegalizerInfo() (/usr/lib/llvm-20/lib/libLLVM.so.20.1+0x1ae2ce3) (BuildId: b856c61f98abf0989f157f153740fe0fadfbb760)
    #5 0x7ff5c7b28493  (/usr/lib/llvm-20/lib/libLLVM.so.20.1+0x3c0c493) (BuildId: b856c61f98abf0989f157f153740fe0fadfbb760)
    #6 0x7ff5c7b6091a  (/usr/lib/llvm-20/lib/libLLVM.so.20.1+0x3c4491a) (BuildId: b856c61f98abf0989f157f153740fe0fadfbb760)
    #7 0x7ff5c7b61a19  (/usr/lib/llvm-20/lib/libLLVM.so.20.1+0x3c45a19) (BuildId: b856c61f98abf0989f157f153740fe0fadfbb760)
    #8 0x7ff5c7b62a6c  (/usr/lib/llvm-20/lib/libLLVM.so.20.1+0x3c46a6c) (BuildId: b856c61f98abf0989f157f153740fe0fadfbb760)
    #9 0x55ca91648523 in llvm::Target::createTargetMachine(llvm::StringRef, llvm::StringRef, llvm::StringRef, llvm::TargetOptions const&, std::optional<llvm::Reloc::Model>, std::optional<llvm::CodeModel::Model>, llvm::CodeGenOptLevel, bool) const /usr/lib/llvm-20/include/llvm/MC/TargetRegistry.h:462:12
    #10 0x55ca9163a09e in tsc::TargetRegistry::initializeAllTargets() /workspace/src/TargetRegistry.cpp:67:41
    #11 0x55ca9162bdcd in tsc::Compiler::initializeLLVM() /workspace/src/Compiler.cpp:349:14
    #12 0x55ca9162b8b7 in tsc::Compiler::Compiler(tsc::CompilerOptions const&) /workspace/src/Compiler.cpp:24:5
    #13 0x55ca915fd7b5 in main /workspace/src/main.cpp:191:18
    #14 0x7ff5c395a337  (/lib/x86_64-linux-gnu/libc.so.6+0x2a337) (BuildId: 467f544f15035abef911999cbc14489edd0555ab)
    #15 0x7ff5c395a3fa in __libc_start_main (/lib/x86_64-linux-gnu/libc.so.6+0x2a3fa) (BuildId: 467f544f15035abef911999cbc14489edd0555ab)
    #16 0x55ca91511b64 in _start (/workspace/build-asan/tsc+0x74b64) (BuildId: 73a10d7cc646a755f705b0ae57418e68578aec2f)

Indirect leak of 144 byte(s) in 2 object(s) allocated from:
    #0 0x55ca915fa191 in operator new(unsigned long) (/workspace/build-asan/tsc+0x15d191) (BuildId: 73a10d7cc646a755f705b0ae57418e68578aec2f)
    #1 0x7ff5c7b2b36b  (/usr/lib/llvm-20/lib/libLLVM.so.20.1+0x3c0f36b) (BuildId: b856c61f98abf0989f157f153740fe0fadfbb760)
    #2 0x7ff5c6f3998b  (/usr/lib/llvm-20/lib/libLLVM.so.20.1+0x301d98b) (BuildId: b856c61f98abf0989f157f153740fe0fadfbb760)
    #3 0x7ff5c6f398a6  (/usr/lib/llvm-20/lib/libLLVM.so.20.1+0x301d8a6) (BuildId: b856c61f98abf0989f157f153740fe0fadfbb760)
    #4 0x7ff5c7b2881f  (/usr/lib/llvm-20/lib/libLLVM.so.20.1+0x3c0c81f) (BuildId: b856c61f98abf0989f157f153740fe0fadfbb760)
    #5 0x7ff5c7b6091a  (/usr/lib/llvm-20/lib/libLLVM.so.20.1+0x3c4491a) (BuildId: b856c61f98abf0989f157f153740fe0fadfbb760)
    #6 0x7ff5c7b6188a  (/usr/lib/llvm-20/lib/libLLVM.so.20.1+0x3c4588a) (BuildId: b856c61f98abf0989f157f153740fe0fadfbb760)
    #7 0x7ff5c7b62a6c  (/usr/lib/llvm-20/lib/libLLVM.so.20.1+0x3c46a6c) (BuildId: b856c61f98abf0989f157f153740fe0fadfbb760)
    #8 0x55ca91648523 in llvm::Target::createTargetMachine(llvm::StringRef, llvm::StringRef, llvm::StringRef, llvm::TargetOptions const&, std::optional<llvm::Reloc::Model>, std::optional<llvm::CodeModel::Model>, llvm::CodeGenOptLevel, bool) const /usr/lib/llvm-20/include/llvm/MC/TargetRegistry.h:462:12
    #9 0x55ca9163a09e in tsc::TargetRegistry::initializeAllTargets() /workspace/src/TargetRegistry.cpp:67:41
    #10 0x55ca9162bdcd in tsc::Compiler::initializeLLVM() /workspace/src/Compiler.cpp:349:14
    #11 0x55ca9162b8b7 in tsc::Compiler::Compiler(tsc::CompilerOptions const&) /workspace/src/Compiler.cpp:24:5
    #12 0x55ca915fd7b5 in main /workspace/src/main.cpp:191:18
    #13 0x7ff5c395a337  (/lib/x86_64-linux-gnu/libc.so.6+0x2a337) (BuildId: 467f544f15035abef911999cbc14489edd0555ab)
    #14 0x7ff5c395a3fa in __libc_start_main (/lib/x86_64-linux-gnu/libc.so.6+0x2a3fa) (BuildId: 467f544f15035abef911999cbc14489edd0555ab)
    #15 0x55ca91511b64 in _start (/workspace/build-asan/tsc+0x74b64) (BuildId: 73a10d7cc646a755f705b0ae57418e68578aec2f)

Indirect leak of 144 byte(s) in 2 object(s) allocated from:
    #0 0x55ca915b5858 in malloc (/workspace/build-asan/tsc+0x118858) (BuildId: 73a10d7cc646a755f705b0ae57418e68578aec2f)
    #1 0x7ff5c4ec87d6 in llvm::SmallVectorBase<unsigned int>::mallocForGrow(void*, unsigned long, unsigned long, unsigned long&) (/usr/lib/llvm-20/lib/libLLVM.so.20.1+0xfac7d6) (BuildId: b856c61f98abf0989f157f153740fe0fadfbb760)
    #2 0x7ff5c5a01e2c in llvm::SmallVectorTemplateBase<std::vector<std::pair<unsigned short, llvm::LegacyLegalizeActions::LegacyLegalizeAction>, std::allocator<std::pair<unsigned short, llvm::LegacyLegalizeActions::LegacyLegalizeAction>>>, false>::grow(unsigned long) (/usr/lib/llvm-20/lib/libLLVM.so.20.1+0x1ae5e2c) (BuildId: b856c61f98abf0989f157f153740fe0fadfbb760)
    #3 0x7ff5c5a01a32  (/usr/lib/llvm-20/lib/libLLVM.so.20.1+0x1ae5a32) (BuildId: b856c61f98abf0989f157f153740fe0fadfbb760)
    #4 0x7ff5c59fedcf in llvm::LegacyLegalizerInfo::LegacyLegalizerInfo() (/usr/lib/llvm-20/lib/libLLVM.so.20.1+0x1ae2dcf) (BuildId: b856c61f98abf0989f157f153740fe0fadfbb760)
    #5 0x7ff5c7b28493  (/usr/lib/llvm-20/lib/libLLVM.so.20.1+0x3c0c493) (BuildId: b856c61f98abf0989f157f153740fe0fadfbb760)
    #6 0x7ff5c7b6091a  (/usr/lib/llvm-20/lib/libLLVM.so.20.1+0x3c4491a) (BuildId: b856c61f98abf0989f157f153740fe0fadfbb760)
    #7 0x7ff5c7b6188a  (/usr/lib/llvm-20/lib/libLLVM.so.20.1+0x3c4588a) (BuildId: b856c61f98abf0989f157f153740fe0fadfbb760)
    #8 0x7ff5c7b62a6c  (/usr/lib/llvm-20/lib/libLLVM.so.20.1+0x3c46a6c) (BuildId: b856c61f98abf0989f157f153740fe0fadfbb760)
    #9 0x55ca91648523 in llvm::Target::createTargetMachine(llvm::StringRef, llvm::StringRef, llvm::StringRef, llvm::TargetOptions const&, std::optional<llvm::Reloc::Model>, std::optional<llvm::CodeModel::Model>, llvm::CodeGenOptLevel, bool) const /usr/lib/llvm-20/include/llvm/MC/TargetRegistry.h:462:12
    #10 0x55ca9163a09e in tsc::TargetRegistry::initializeAllTargets() /workspace/src/TargetRegistry.cpp:67:41
    #11 0x55ca9162bdcd in tsc::Compiler::initializeLLVM() /workspace/src/Compiler.cpp:349:14
    #12 0x55ca9162b8b7 in tsc::Compiler::Compiler(tsc::CompilerOptions const&) /workspace/src/Compiler.cpp:24:5
    #13 0x55ca915fd7b5 in main /workspace/src/main.cpp:191:18
    #14 0x7ff5c395a337  (/lib/x86_64-linux-gnu/libc.so.6+0x2a337) (BuildId: 467f544f15035abef911999cbc14489edd0555ab)
    #15 0x7ff5c395a3fa in __libc_start_main (/lib/x86_64-linux-gnu/libc.so.6+0x2a3fa) (BuildId: 467f544f15035abef911999cbc14489edd0555ab)
    #16 0x55ca91511b64 in _start (/workspace/build-asan/tsc+0x74b64) (BuildId: 73a10d7cc646a755f705b0ae57418e68578aec2f)

Indirect leak of 144 byte(s) in 2 object(s) allocated from:
    #0 0x55ca915b5858 in malloc (/workspace/build-asan/tsc+0x118858) (BuildId: 73a10d7cc646a755f705b0ae57418e68578aec2f)
    #1 0x7ff5c4ec87d6 in llvm::SmallVectorBase<unsigned int>::mallocForGrow(void*, unsigned long, unsigned long, unsigned long&) (/usr/lib/llvm-20/lib/libLLVM.so.20.1+0xfac7d6) (BuildId: b856c61f98abf0989f157f153740fe0fadfbb760)
    #2 0x7ff5c5a01e2c in llvm::SmallVectorTemplateBase<std::vector<std::pair<unsigned short, llvm::LegacyLegalizeActions::LegacyLegalizeAction>, std::allocator<std::pair<unsigned short, llvm::LegacyLegalizeActions::LegacyLegalizeAction>>>, false>::grow(unsigned long) (/usr/lib/llvm-20/lib/libLLVM.so.20.1+0x1ae5e2c) (BuildId: b856c61f98abf0989f157f153740fe0fadfbb760)
    #3 0x7ff5c5a01a32  (/usr/lib/llvm-20/lib/libLLVM.so.20.1+0x1ae5a32) (BuildId: b856c61f98abf0989f157f153740fe0fadfbb760)
    #4 0x7ff5c59fed33 in llvm::LegacyLegalizerInfo::LegacyLegalizerInfo() (/usr/lib/llvm-20/lib/libLLVM.so.20.1+0x1ae2d33) (BuildId: b856c61f98abf0989f157f153740fe0fadfbb760)
    #5 0x7ff5c7b28493  (/usr/lib/llvm-20/lib/libLLVM.so.20.1+0x3c0c493) (BuildId: b856c61f98abf0989f157f153740fe0fadfbb760)
    #6 0x7ff5c7b6091a  (/usr/lib/llvm-20/lib/libLLVM.so.20.1+0x3c4491a) (BuildId: b856c61f98abf0989f157f153740fe0fadfbb760)
    #7 0x7ff5c7b6188a  (/usr/lib/llvm-20/lib/libLLVM.so.20.1+0x3c4588a) (BuildId: b856c61f98abf0989f157f153740fe0fadfbb760)
    #8 0x7ff5c7b62a6c  (/usr/lib/llvm-20/lib/libLLVM.so.20.1+0x3c46a6c) (BuildId: b856c61f98abf0989f157f153740fe0fadfbb760)
    #9 0x55ca91648523 in llvm::Target::createTargetMachine(llvm::StringRef, llvm::StringRef, llvm::StringRef, llvm::TargetOptions const&, std::optional<llvm::Reloc::Model>, std::optional<llvm::CodeModel::Model>, llvm::CodeGenOptLevel, bool) const /usr/lib/llvm-20/include/llvm/MC/TargetRegistry.h:462:12
    #10 0x55ca9163a09e in tsc::TargetRegistry::initializeAllTargets() /workspace/src/TargetRegistry.cpp:67:41
    #11 0x55ca9162bdcd in tsc::Compiler::initializeLLVM() /workspace/src/Compiler.cpp:349:14
    #12 0x55ca9162b8b7 in tsc::Compiler::Compiler(tsc::CompilerOptions const&) /workspace/src/Compiler.cpp:24:5
    #13 0x55ca915fd7b5 in main /workspace/src/main.cpp:191:18
    #14 0x7ff5c395a337  (/lib/x86_64-linux-gnu/libc.so.6+0x2a337) (BuildId: 467f544f15035abef911999cbc14489edd0555ab)
    #15 0x7ff5c395a3fa in __libc_start_main (/lib/x86_64-linux-gnu/libc.so.6+0x2a3fa) (BuildId: 467f544f15035abef911999cbc14489edd0555ab)
    #16 0x55ca91511b64 in _start (/workspace/build-asan/tsc+0x74b64) (BuildId: 73a10d7cc646a755f705b0ae57418e68578aec2f)

Indirect leak of 144 byte(s) in 2 object(s) allocated from:
    #0 0x55ca915b5858 in malloc (/workspace/build-asan/tsc+0x118858) (BuildId: 73a10d7cc646a755f705b0ae57418e68578aec2f)
    #1 0x7ff5c4ec87d6 in llvm::SmallVectorBase<unsigned int>::mallocForGrow(void*, unsigned long, unsigned long, unsigned long&) (/usr/lib/llvm-20/lib/libLLVM.so.20.1+0xfac7d6) (BuildId: b856c61f98abf0989f157f153740fe0fadfbb760)
    #2 0x7ff5c5a01e2c in llvm::SmallVectorTemplateBase<std::vector<std::pair<unsigned short, llvm::LegacyLegalizeActions::LegacyLegalizeAction>, std::allocator<std::pair<unsigned short, llvm::LegacyLegalizeActions::LegacyLegalizeAction>>>, false>::grow(unsigned long) (/usr/lib/llvm-20/lib/libLLVM.so.20.1+0x1ae5e2c) (BuildId: b856c61f98abf0989f157f153740fe0fadfbb760)
    #3 0x7ff5c5a01a32  (/usr/lib/llvm-20/lib/libLLVM.so.20.1+0x1ae5a32) (BuildId: b856c61f98abf0989f157f153740fe0fadfbb760)
    #4 0x7ff5c59fec93 in llvm::LegacyLegalizerInfo::LegacyLegalizerInfo() (/usr/lib/llvm-20/lib/libLLVM.so.20.1+0x1ae2c93) (BuildId: b856c61f98abf0989f157f153740fe0fadfbb760)
    #5 0x7ff5c7b28493  (/usr/lib/llvm-20/lib/libLLVM.so.20.1+0x3c0c493) (BuildId: b856c61f98abf0989f157f153740fe0fadfbb760)
    #6 0x7ff5c7b6091a  (/usr/lib/llvm-20/lib/libLLVM.so.20.1+0x3c4491a) (BuildId: b856c61f98abf0989f157f153740fe0fadfbb760)
    #7 0x7ff5c7b6188a  (/usr/lib/llvm-20/lib/libLLVM.so.20.1+0x3c4588a) (BuildId: b856c61f98abf0989f157f153740fe0fadfbb760)
    #8 0x7ff5c7b62a6c  (/usr/lib/llvm-20/lib/libLLVM.so.20.1+0x3c46a6c) (BuildId: b856c61f98abf0989f157f153740fe0fadfbb760)
    #9 0x55ca91648523 in llvm::Target::createTargetMachine(llvm::StringRef, llvm::StringRef, llvm::StringRef, llvm::TargetOptions const&, std::optional<llvm::Reloc::Model>, std::optional<llvm::CodeModel::Model>, llvm::CodeGenOptLevel, bool) const /usr/lib/llvm-20/include/llvm/MC/TargetRegistry.h:462:12
    #10 0x55ca9163a09e in tsc::TargetRegistry::initializeAllTargets() /workspace/src/TargetRegistry.cpp:67:41
    #11 0x55ca9162bdcd in tsc::Compiler::initializeLLVM() /workspace/src/Compiler.cpp:349:14
    #12 0x55ca9162b8b7 in tsc::Compiler::Compiler(tsc::CompilerOptions const&) /workspace/src/Compiler.cpp:24:5
    #13 0x55ca915fd7b5 in main /workspace/src/main.cpp:191:18
    #14 0x7ff5c395a337  (/lib/x86_64-linux-gnu/libc.so.6+0x2a337) (BuildId: 467f544f15035abef911999cbc14489edd0555ab)
    #15 0x7ff5c395a3fa in __libc_start_main (/lib/x86_64-linux-gnu/libc.so.6+0x2a3fa) (BuildId: 467f544f15035abef911999cbc14489edd0555ab)
    #16 0x55ca91511b64 in _start (/workspace/build-asan/tsc+0x74b64) (BuildId: 73a10d7cc646a755f705b0ae57418e68578aec2f)

Indirect leak of 144 byte(s) in 2 object(s) allocated from:
    #0 0x55ca915fa191 in operator new(unsigned long) (/workspace/build-asan/tsc+0x15d191) (BuildId: 73a10d7cc646a755f705b0ae57418e68578aec2f)
    #1 0x7ff5c7b2b36b  (/usr/lib/llvm-20/lib/libLLVM.so.20.1+0x3c0f36b) (BuildId: b856c61f98abf0989f157f153740fe0fadfbb760)
    #2 0x7ff5c6f3998b  (/usr/lib/llvm-20/lib/libLLVM.so.20.1+0x301d98b) (BuildId: b856c61f98abf0989f157f153740fe0fadfbb760)
    #3 0x7ff5c6f398a6  (/usr/lib/llvm-20/lib/libLLVM.so.20.1+0x301d8a6) (BuildId: b856c61f98abf0989f157f153740fe0fadfbb760)
    #4 0x7ff5c7b2881f  (/usr/lib/llvm-20/lib/libLLVM.so.20.1+0x3c0c81f) (BuildId: b856c61f98abf0989f157f153740fe0fadfbb760)
    #5 0x7ff5c7b6091a  (/usr/lib/llvm-20/lib/libLLVM.so.20.1+0x3c4491a) (BuildId: b856c61f98abf0989f157f153740fe0fadfbb760)
    #6 0x7ff5c7b61710  (/usr/lib/llvm-20/lib/libLLVM.so.20.1+0x3c45710) (BuildId: b856c61f98abf0989f157f153740fe0fadfbb760)
    #7 0x7ff5c7b62a6c  (/usr/lib/llvm-20/lib/libLLVM.so.20.1+0x3c46a6c) (BuildId: b856c61f98abf0989f157f153740fe0fadfbb760)
    #8 0x55ca91648523 in llvm::Target::createTargetMachine(llvm::StringRef, llvm::StringRef, llvm::StringRef, llvm::TargetOptions const&, std::optional<llvm::Reloc::Model>, std::optional<llvm::CodeModel::Model>, llvm::CodeGenOptLevel, bool) const /usr/lib/llvm-20/include/llvm/MC/TargetRegistry.h:462:12
    #9 0x55ca9163a09e in tsc::TargetRegistry::initializeAllTargets() /workspace/src/TargetRegistry.cpp:67:41
    #10 0x55ca9162bdcd in tsc::Compiler::initializeLLVM() /workspace/src/Compiler.cpp:349:14
    #11 0x55ca9162b8b7 in tsc::Compiler::Compiler(tsc::CompilerOptions const&) /workspace/src/Compiler.cpp:24:5
    #12 0x55ca915fd7b5 in main /workspace/src/main.cpp:191:18
    #13 0x7ff5c395a337  (/lib/x86_64-linux-gnu/libc.so.6+0x2a337) (BuildId: 467f544f15035abef911999cbc14489edd0555ab)
    #14 0x7ff5c395a3fa in __libc_start_main (/lib/x86_64-linux-gnu/libc.so.6+0x2a3fa) (BuildId: 467f544f15035abef911999cbc14489edd0555ab)
    #15 0x55ca91511b64 in _start (/workspace/build-asan/tsc+0x74b64) (BuildId: 73a10d7cc646a755f705b0ae57418e68578aec2f)

Indirect leak of 144 byte(s) in 2 object(s) allocated from:
    #0 0x55ca915b5858 in malloc (/workspace/build-asan/tsc+0x118858) (BuildId: 73a10d7cc646a755f705b0ae57418e68578aec2f)
    #1 0x7ff5c4ec87d6 in llvm::SmallVectorBase<unsigned int>::mallocForGrow(void*, unsigned long, unsigned long, unsigned long&) (/usr/lib/llvm-20/lib/libLLVM.so.20.1+0xfac7d6) (BuildId: b856c61f98abf0989f157f153740fe0fadfbb760)
    #2 0x7ff5c5a01e2c in llvm::SmallVectorTemplateBase<std::vector<std::pair<unsigned short, llvm::LegacyLegalizeActions::LegacyLegalizeAction>, std::allocator<std::pair<unsigned short, llvm::LegacyLegalizeActions::LegacyLegalizeAction>>>, false>::grow(unsigned long) (/usr/lib/llvm-20/lib/libLLVM.so.20.1+0x1ae5e2c) (BuildId: b856c61f98abf0989f157f153740fe0fadfbb760)
    #3 0x7ff5c5a01a32  (/usr/lib/llvm-20/lib/libLLVM.so.20.1+0x1ae5a32) (BuildId: b856c61f98abf0989f157f153740fe0fadfbb760)
    #4 0x7ff5c59fedcf in llvm::LegacyLegalizerInfo::LegacyLegalizerInfo() (/usr/lib/llvm-20/lib/libLLVM.so.20.1+0x1ae2dcf) (BuildId: b856c61f98abf0989f157f153740fe0fadfbb760)
    #5 0x7ff5c7b28493  (/usr/lib/llvm-20/lib/libLLVM.so.20.1+0x3c0c493) (BuildId: b856c61f98abf0989f157f153740fe0fadfbb760)
    #6 0x7ff5c7b6091a  (/usr/lib/llvm-20/lib/libLLVM.so.20.1+0x3c4491a) (BuildId: b856c61f98abf0989f157f153740fe0fadfbb760)
    #7 0x7ff5c7b61710  (/usr/lib/llvm-20/lib/libLLVM.so.20.1+0x3c45710) (BuildId: b856c61f98abf0989f157f153740fe0fadfbb760)
    #8 0x7ff5c7b62a6c  (/usr/lib/llvm-20/lib/libLLVM.so.20.1+0x3c46a6c) (BuildId: b856c61f98abf0989f157f153740fe0fadfbb760)
    #9 0x55ca91648523 in llvm::Target::createTargetMachine(llvm::StringRef, llvm::StringRef, llvm::StringRef, llvm::TargetOptions const&, std::optional<llvm::Reloc::Model>, std::optional<llvm::CodeModel::Model>, llvm::CodeGenOptLevel, bool) const /usr/lib/llvm-20/include/llvm/MC/TargetRegistry.h:462:12
    #10 0x55ca9163a09e in tsc::TargetRegistry::initializeAllTargets() /workspace/src/TargetRegistry.cpp:67:41
    #11 0x55ca9162bdcd in tsc::Compiler::initializeLLVM() /workspace/src/Compiler.cpp:349:14
    #12 0x55ca9162b8b7 in tsc::Compiler::Compiler(tsc::CompilerOptions const&) /workspace/src/Compiler.cpp:24:5
    #13 0x55ca915fd7b5 in main /workspace/src/main.cpp:191:18
    #14 0x7ff5c395a337  (/lib/x86_64-linux-gnu/libc.so.6+0x2a337) (BuildId: 467f544f15035abef911999cbc14489edd0555ab)
    #15 0x7ff5c395a3fa in __libc_start_main (/lib/x86_64-linux-gnu/libc.so.6+0x2a3fa) (BuildId: 467f544f15035abef911999cbc14489edd0555ab)
    #16 0x55ca91511b64 in _start (/workspace/build-asan/tsc+0x74b64) (BuildId: 73a10d7cc646a755f705b0ae57418e68578aec2f)

Indirect leak of 144 byte(s) in 2 object(s) allocated from:
    #0 0x55ca915b5858 in malloc (/workspace/build-asan/tsc+0x118858) (BuildId: 73a10d7cc646a755f705b0ae57418e68578aec2f)
    #1 0x7ff5c4ec87d6 in llvm::SmallVectorBase<unsigned int>::mallocForGrow(void*, unsigned long, unsigned long, unsigned long&) (/usr/lib/llvm-20/lib/libLLVM.so.20.1+0xfac7d6) (BuildId: b856c61f98abf0989f157f153740fe0fadfbb760)
    #2 0x7ff5c5a01e2c in llvm::SmallVectorTemplateBase<std::vector<std::pair<unsigned short, llvm::LegacyLegalizeActions::LegacyLegalizeAction>, std::allocator<std::pair<unsigned short, llvm::LegacyLegalizeActions::LegacyLegalizeAction>>>, false>::grow(unsigned long) (/usr/lib/llvm-20/lib/libLLVM.so.20.1+0x1ae5e2c) (BuildId: b856c61f98abf0989f157f153740fe0fadfbb760)
    #3 0x7ff5c5a01a32  (/usr/lib/llvm-20/lib/libLLVM.so.20.1+0x1ae5a32) (BuildId: b856c61f98abf0989f157f153740fe0fadfbb760)
    #4 0x7ff5c59fed33 in llvm::LegacyLegalizerInfo::LegacyLegalizerInfo() (/usr/lib/llvm-20/lib/libLLVM.so.20.1+0x1ae2d33) (BuildId: b856c61f98abf0989f157f153740fe0fadfbb760)
    #5 0x7ff5c7b28493  (/usr/lib/llvm-20/lib/libLLVM.so.20.1+0x3c0c493) (BuildId: b856c61f98abf0989f157f153740fe0fadfbb760)
    #6 0x7ff5c7b6091a  (/usr/lib/llvm-20/lib/libLLVM.so.20.1+0x3c4491a) (BuildId: b856c61f98abf0989f157f153740fe0fadfbb760)
    #7 0x7ff5c7b61710  (/usr/lib/llvm-20/lib/libLLVM.so.20.1+0x3c45710) (BuildId: b856c61f98abf0989f157f153740fe0fadfbb760)
    #8 0x7ff5c7b62a6c  (/usr/lib/llvm-20/lib/libLLVM.so.20.1+0x3c46a6c) (BuildId: b856c61f98abf0989f157f153740fe0fadfbb760)
    #9 0x55ca91648523 in llvm::Target::createTargetMachine(llvm::StringRef, llvm::StringRef, llvm::StringRef, llvm::TargetOptions const&, std::optional<llvm::Reloc::Model>, std::optional<llvm::CodeModel::Model>, llvm::CodeGenOptLevel, bool) const /usr/lib/llvm-20/include/llvm/MC/TargetRegistry.h:462:12
    #10 0x55ca9163a09e in tsc::TargetRegistry::initializeAllTargets() /workspace/src/TargetRegistry.cpp:67:41
    #11 0x55ca9162bdcd in tsc::Compiler::initializeLLVM() /workspace/src/Compiler.cpp:349:14
    #12 0x55ca9162b8b7 in tsc::Compiler::Compiler(tsc::CompilerOptions const&) /workspace/src/Compiler.cpp:24:5
    #13 0x55ca915fd7b5 in main /workspace/src/main.cpp:191:18
    #14 0x7ff5c395a337  (/lib/x86_64-linux-gnu/libc.so.6+0x2a337) (BuildId: 467f544f15035abef911999cbc14489edd0555ab)
    #15 0x7ff5c395a3fa in __libc_start_main (/lib/x86_64-linux-gnu/libc.so.6+0x2a3fa) (BuildId: 467f544f15035abef911999cbc14489edd0555ab)
    #16 0x55ca91511b64 in _start (/workspace/build-asan/tsc+0x74b64) (BuildId: 73a10d7cc646a755f705b0ae57418e68578aec2f)

Indirect leak of 144 byte(s) in 2 object(s) allocated from:
    #0 0x55ca915b5858 in malloc (/workspace/build-asan/tsc+0x118858) (BuildId: 73a10d7cc646a755f705b0ae57418e68578aec2f)
    #1 0x7ff5c4ec87d6 in llvm::SmallVectorBase<unsigned int>::mallocForGrow(void*, unsigned long, unsigned long, unsigned long&) (/usr/lib/llvm-20/lib/libLLVM.so.20.1+0xfac7d6) (BuildId: b856c61f98abf0989f157f153740fe0fadfbb760)
    #2 0x7ff5c5a01e2c in llvm::SmallVectorTemplateBase<std::vector<std::pair<unsigned short, llvm::LegacyLegalizeActions::LegacyLegalizeAction>, std::allocator<std::pair<unsigned short, llvm::LegacyLegalizeActions::LegacyLegalizeAction>>>, false>::grow(unsigned long) (/usr/lib/llvm-20/lib/libLLVM.so.20.1+0x1ae5e2c) (BuildId: b856c61f98abf0989f157f153740fe0fadfbb760)
    #3 0x7ff5c5a01a32  (/usr/lib/llvm-20/lib/libLLVM.so.20.1+0x1ae5a32) (BuildId: b856c61f98abf0989f157f153740fe0fadfbb760)
    #4 0x7ff5c59fece3 in llvm::LegacyLegalizerInfo::LegacyLegalizerInfo() (/usr/lib/llvm-20/lib/libLLVM.so.20.1+0x1ae2ce3) (BuildId: b856c61f98abf0989f157f153740fe0fadfbb760)
    #5 0x7ff5c7b28493  (/usr/lib/llvm-20/lib/libLLVM.so.20.1+0x3c0c493) (BuildId: b856c61f98abf0989f157f153740fe0fadfbb760)
    #6 0x7ff5c7b6091a  (/usr/lib/llvm-20/lib/libLLVM.so.20.1+0x3c4491a) (BuildId: b856c61f98abf0989f157f153740fe0fadfbb760)
    #7 0x7ff5c7b61710  (/usr/lib/llvm-20/lib/libLLVM.so.20.1+0x3c45710) (BuildId: b856c61f98abf0989f157f153740fe0fadfbb760)
    #8 0x7ff5c7b62a6c  (/usr/lib/llvm-20/lib/libLLVM.so.20.1+0x3c46a6c) (BuildId: b856c61f98abf0989f157f153740fe0fadfbb760)
    #9 0x55ca91648523 in llvm::Target::createTargetMachine(llvm::StringRef, llvm::StringRef, llvm::StringRef, llvm::TargetOptions const&, std::optional<llvm::Reloc::Model>, std::optional<llvm::CodeModel::Model>, llvm::CodeGenOptLevel, bool) const /usr/lib/llvm-20/include/llvm/MC/TargetRegistry.h:462:12
    #10 0x55ca9163a09e in tsc::TargetRegistry::initializeAllTargets() /workspace/src/TargetRegistry.cpp:67:41
    #11 0x55ca9162bdcd in tsc::Compiler::initializeLLVM() /workspace/src/Compiler.cpp:349:14
    #12 0x55ca9162b8b7 in tsc::Compiler::Compiler(tsc::CompilerOptions const&) /workspace/src/Compiler.cpp:24:5
    #13 0x55ca915fd7b5 in main /workspace/src/main.cpp:191:18
    #14 0x7ff5c395a337  (/lib/x86_64-linux-gnu/libc.so.6+0x2a337) (BuildId: 467f544f15035abef911999cbc14489edd0555ab)
    #15 0x7ff5c395a3fa in __libc_start_main (/lib/x86_64-linux-gnu/libc.so.6+0x2a3fa) (BuildId: 467f544f15035abef911999cbc14489edd0555ab)
    #16 0x55ca91511b64 in _start (/workspace/build-asan/tsc+0x74b64) (BuildId: 73a10d7cc646a755f705b0ae57418e68578aec2f)

Indirect leak of 144 byte(s) in 2 object(s) allocated from:
    #0 0x55ca915b5858 in malloc (/workspace/build-asan/tsc+0x118858) (BuildId: 73a10d7cc646a755f705b0ae57418e68578aec2f)
    #1 0x7ff5c4ec87d6 in llvm::SmallVectorBase<unsigned int>::mallocForGrow(void*, unsigned long, unsigned long, unsigned long&) (/usr/lib/llvm-20/lib/libLLVM.so.20.1+0xfac7d6) (BuildId: b856c61f98abf0989f157f153740fe0fadfbb760)
    #2 0x7ff5c5a01e2c in llvm::SmallVectorTemplateBase<std::vector<std::pair<unsigned short, llvm::LegacyLegalizeActions::LegacyLegalizeAction>, std::allocator<std::pair<unsigned short, llvm::LegacyLegalizeActions::LegacyLegalizeAction>>>, false>::grow(unsigned long) (/usr/lib/llvm-20/lib/libLLVM.so.20.1+0x1ae5e2c) (BuildId: b856c61f98abf0989f157f153740fe0fadfbb760)
    #3 0x7ff5c5a01a32  (/usr/lib/llvm-20/lib/libLLVM.so.20.1+0x1ae5a32) (BuildId: b856c61f98abf0989f157f153740fe0fadfbb760)
    #4 0x7ff5c59fec93 in llvm::LegacyLegalizerInfo::LegacyLegalizerInfo() (/usr/lib/llvm-20/lib/libLLVM.so.20.1+0x1ae2c93) (BuildId: b856c61f98abf0989f157f153740fe0fadfbb760)
    #5 0x7ff5c7b28493  (/usr/lib/llvm-20/lib/libLLVM.so.20.1+0x3c0c493) (BuildId: b856c61f98abf0989f157f153740fe0fadfbb760)
    #6 0x7ff5c7b6091a  (/usr/lib/llvm-20/lib/libLLVM.so.20.1+0x3c4491a) (BuildId: b856c61f98abf0989f157f153740fe0fadfbb760)
    #7 0x7ff5c7b61710  (/usr/lib/llvm-20/lib/libLLVM.so.20.1+0x3c45710) (BuildId: b856c61f98abf0989f157f153740fe0fadfbb760)
    #8 0x7ff5c7b62a6c  (/usr/lib/llvm-20/lib/libLLVM.so.20.1+0x3c46a6c) (BuildId: b856c61f98abf0989f157f153740fe0fadfbb760)
    #9 0x55ca91648523 in llvm::Target::createTargetMachine(llvm::StringRef, llvm::StringRef, llvm::StringRef, llvm::TargetOptions const&, std::optional<llvm::Reloc::Model>, std::optional<llvm::CodeModel::Model>, llvm::CodeGenOptLevel, bool) const /usr/lib/llvm-20/include/llvm/MC/TargetRegistry.h:462:12
    #10 0x55ca9163a09e in tsc::TargetRegistry::initializeAllTargets() /workspace/src/TargetRegistry.cpp:67:41
    #11 0x55ca9162bdcd in tsc::Compiler::initializeLLVM() /workspace/src/Compiler.cpp:349:14
    #12 0x55ca9162b8b7 in tsc::Compiler::Compiler(tsc::CompilerOptions const&) /workspace/src/Compiler.cpp:24:5
    #13 0x55ca915fd7b5 in main /workspace/src/main.cpp:191:18
    #14 0x7ff5c395a337  (/lib/x86_64-linux-gnu/libc.so.6+0x2a337) (BuildId: 467f544f15035abef911999cbc14489edd0555ab)
    #15 0x7ff5c395a3fa in __libc_start_main (/lib/x86_64-linux-gnu/libc.so.6+0x2a3fa) (BuildId: 467f544f15035abef911999cbc14489edd0555ab)
    #16 0x55ca91511b64 in _start (/workspace/build-asan/tsc+0x74b64) (BuildId: 73a10d7cc646a755f705b0ae57418e68578aec2f)

Indirect leak of 144 byte(s) in 2 object(s) allocated from:
    #0 0x55ca915fa191 in operator new(unsigned long) (/workspace/build-asan/tsc+0x15d191) (BuildId: 73a10d7cc646a755f705b0ae57418e68578aec2f)
    #1 0x7ff5c7b2b36b  (/usr/lib/llvm-20/lib/libLLVM.so.20.1+0x3c0f36b) (BuildId: b856c61f98abf0989f157f153740fe0fadfbb760)
    #2 0x7ff5c6f3998b  (/usr/lib/llvm-20/lib/libLLVM.so.20.1+0x301d98b) (BuildId: b856c61f98abf0989f157f153740fe0fadfbb760)
    #3 0x7ff5c6f398a6  (/usr/lib/llvm-20/lib/libLLVM.so.20.1+0x301d8a6) (BuildId: b856c61f98abf0989f157f153740fe0fadfbb760)
    #4 0x7ff5c7b2881f  (/usr/lib/llvm-20/lib/libLLVM.so.20.1+0x3c0c81f) (BuildId: b856c61f98abf0989f157f153740fe0fadfbb760)
    #5 0x7ff5c7b6091a  (/usr/lib/llvm-20/lib/libLLVM.so.20.1+0x3c4491a) (BuildId: b856c61f98abf0989f157f153740fe0fadfbb760)
    #6 0x7ff5c7b61a19  (/usr/lib/llvm-20/lib/libLLVM.so.20.1+0x3c45a19) (BuildId: b856c61f98abf0989f157f153740fe0fadfbb760)
    #7 0x7ff5c7b62b2c  (/usr/lib/llvm-20/lib/libLLVM.so.20.1+0x3c46b2c) (BuildId: b856c61f98abf0989f157f153740fe0fadfbb760)
    #8 0x55ca91648523 in llvm::Target::createTargetMachine(llvm::StringRef, llvm::StringRef, llvm::StringRef, llvm::TargetOptions const&, std::optional<llvm::Reloc::Model>, std::optional<llvm::CodeModel::Model>, llvm::CodeGenOptLevel, bool) const /usr/lib/llvm-20/include/llvm/MC/TargetRegistry.h:462:12
    #9 0x55ca9163a09e in tsc::TargetRegistry::initializeAllTargets() /workspace/src/TargetRegistry.cpp:67:41
    #10 0x55ca9162bdcd in tsc::Compiler::initializeLLVM() /workspace/src/Compiler.cpp:349:14
    #11 0x55ca9162b8b7 in tsc::Compiler::Compiler(tsc::CompilerOptions const&) /workspace/src/Compiler.cpp:24:5
    #12 0x55ca915fd7b5 in main /workspace/src/main.cpp:191:18
    #13 0x7ff5c395a337  (/lib/x86_64-linux-gnu/libc.so.6+0x2a337) (BuildId: 467f544f15035abef911999cbc14489edd0555ab)
    #14 0x7ff5c395a3fa in __libc_start_main (/lib/x86_64-linux-gnu/libc.so.6+0x2a3fa) (BuildId: 467f544f15035abef911999cbc14489edd0555ab)
    #15 0x55ca91511b64 in _start (/workspace/build-asan/tsc+0x74b64) (BuildId: 73a10d7cc646a755f705b0ae57418e68578aec2f)

Indirect leak of 144 byte(s) in 2 object(s) allocated from:
    #0 0x55ca915b5858 in malloc (/workspace/build-asan/tsc+0x118858) (BuildId: 73a10d7cc646a755f705b0ae57418e68578aec2f)
    #1 0x7ff5c4ec87d6 in llvm::SmallVectorBase<unsigned int>::mallocForGrow(void*, unsigned long, unsigned long, unsigned long&) (/usr/lib/llvm-20/lib/libLLVM.so.20.1+0xfac7d6) (BuildId: b856c61f98abf0989f157f153740fe0fadfbb760)
    #2 0x7ff5c5a01e2c in llvm::SmallVectorTemplateBase<std::vector<std::pair<unsigned short, llvm::LegacyLegalizeActions::LegacyLegalizeAction>, std::allocator<std::pair<unsigned short, llvm::LegacyLegalizeActions::LegacyLegalizeAction>>>, false>::grow(unsigned long) (/usr/lib/llvm-20/lib/libLLVM.so.20.1+0x1ae5e2c) (BuildId: b856c61f98abf0989f157f153740fe0fadfbb760)
    #3 0x7ff5c5a01a32  (/usr/lib/llvm-20/lib/libLLVM.so.20.1+0x1ae5a32) (BuildId: b856c61f98abf0989f157f153740fe0fadfbb760)
    #4 0x7ff5c59fed33 in llvm::LegacyLegalizerInfo::LegacyLegalizerInfo() (/usr/lib/llvm-20/lib/libLLVM.so.20.1+0x1ae2d33) (BuildId: b856c61f98abf0989f157f153740fe0fadfbb760)
    #5 0x7ff5c7b28493  (/usr/lib/llvm-20/lib/libLLVM.so.20.1+0x3c0c493) (BuildId: b856c61f98abf0989f157f153740fe0fadfbb760)
    #6 0x7ff5c7b6091a  (/usr/lib/llvm-20/lib/libLLVM.so.20.1+0x3c4491a) (BuildId: b856c61f98abf0989f157f153740fe0fadfbb760)
    #7 0x7ff5c7b61a19  (/usr/lib/llvm-20/lib/libLLVM.so.20.1+0x3c45a19) (BuildId: b856c61f98abf0989f157f153740fe0fadfbb760)
    #8 0x7ff5c7b62b2c  (/usr/lib/llvm-20/lib/libLLVM.so.20.1+0x3c46b2c) (BuildId: b856c61f98abf0989f157f153740fe0fadfbb760)
    #9 0x55ca91648523 in llvm::Target::createTargetMachine(llvm::StringRef, llvm::StringRef, llvm::StringRef, llvm::TargetOptions const&, std::optional<llvm::Reloc::Model>, std::optional<llvm::CodeModel::Model>, llvm::CodeGenOptLevel, bool) const /usr/lib/llvm-20/include/llvm/MC/TargetRegistry.h:462:12
    #10 0x55ca9163a09e in tsc::TargetRegistry::initializeAllTargets() /workspace/src/TargetRegistry.cpp:67:41
    #11 0x55ca9162bdcd in tsc::Compiler::initializeLLVM() /workspace/src/Compiler.cpp:349:14
    #12 0x55ca9162b8b7 in tsc::Compiler::Compiler(tsc::CompilerOptions const&) /workspace/src/Compiler.cpp:24:5
    #13 0x55ca915fd7b5 in main /workspace/src/main.cpp:191:18
    #14 0x7ff5c395a337  (/lib/x86_64-linux-gnu/libc.so.6+0x2a337) (BuildId: 467f544f15035abef911999cbc14489edd0555ab)
    #15 0x7ff5c395a3fa in __libc_start_main (/lib/x86_64-linux-gnu/libc.so.6+0x2a3fa) (BuildId: 467f544f15035abef911999cbc14489edd0555ab)
    #16 0x55ca91511b64 in _start (/workspace/build-asan/tsc+0x74b64) (BuildId: 73a10d7cc646a755f705b0ae57418e68578aec2f)

Indirect leak of 144 byte(s) in 2 object(s) allocated from:
    #0 0x55ca915b5858 in malloc (/workspace/build-asan/tsc+0x118858) (BuildId: 73a10d7cc646a755f705b0ae57418e68578aec2f)
    #1 0x7ff5c4ec87d6 in llvm::SmallVectorBase<unsigned int>::mallocForGrow(void*, unsigned long, unsigned long, unsigned long&) (/usr/lib/llvm-20/lib/libLLVM.so.20.1+0xfac7d6) (BuildId: b856c61f98abf0989f157f153740fe0fadfbb760)
    #2 0x7ff5c5a01e2c in llvm::SmallVectorTemplateBase<std::vector<std::pair<unsigned short, llvm::LegacyLegalizeActions::LegacyLegalizeAction>, std::allocator<std::pair<unsigned short, llvm::LegacyLegalizeActions::LegacyLegalizeAction>>>, false>::grow(unsigned long) (/usr/lib/llvm-20/lib/libLLVM.so.20.1+0x1ae5e2c) (BuildId: b856c61f98abf0989f157f153740fe0fadfbb760)
    #3 0x7ff5c5a01a32  (/usr/lib/llvm-20/lib/libLLVM.so.20.1+0x1ae5a32) (BuildId: b856c61f98abf0989f157f153740fe0fadfbb760)
    #4 0x7ff5c59fece3 in llvm::LegacyLegalizerInfo::LegacyLegalizerInfo() (/usr/lib/llvm-20/lib/libLLVM.so.20.1+0x1ae2ce3) (BuildId: b856c61f98abf0989f157f153740fe0fadfbb760)
    #5 0x7ff5c7b28493  (/usr/lib/llvm-20/lib/libLLVM.so.20.1+0x3c0c493) (BuildId: b856c61f98abf0989f157f153740fe0fadfbb760)
    #6 0x7ff5c7b6091a  (/usr/lib/llvm-20/lib/libLLVM.so.20.1+0x3c4491a) (BuildId: b856c61f98abf0989f157f153740fe0fadfbb760)
    #7 0x7ff5c7b61a19  (/usr/lib/llvm-20/lib/libLLVM.so.20.1+0x3c45a19) (BuildId: b856c61f98abf0989f157f153740fe0fadfbb760)
    #8 0x7ff5c7b62b2c  (/usr/lib/llvm-20/lib/libLLVM.so.20.1+0x3c46b2c) (BuildId: b856c61f98abf0989f157f153740fe0fadfbb760)
    #9 0x55ca91648523 in llvm::Target::createTargetMachine(llvm::StringRef, llvm::StringRef, llvm::StringRef, llvm::TargetOptions const&, std::optional<llvm::Reloc::Model>, std::optional<llvm::CodeModel::Model>, llvm::CodeGenOptLevel, bool) const /usr/lib/llvm-20/include/llvm/MC/TargetRegistry.h:462:12
    #10 0x55ca9163a09e in tsc::TargetRegistry::initializeAllTargets() /workspace/src/TargetRegistry.cpp:67:41
    #11 0x55ca9162bdcd in tsc::Compiler::initializeLLVM() /workspace/src/Compiler.cpp:349:14
    #12 0x55ca9162b8b7 in tsc::Compiler::Compiler(tsc::CompilerOptions const&) /workspace/src/Compiler.cpp:24:5
    #13 0x55ca915fd7b5 in main /workspace/src/main.cpp:191:18
    #14 0x7ff5c395a337  (/lib/x86_64-linux-gnu/libc.so.6+0x2a337) (BuildId: 467f544f15035abef911999cbc14489edd0555ab)
    #15 0x7ff5c395a3fa in __libc_start_main (/lib/x86_64-linux-gnu/libc.so.6+0x2a3fa) (BuildId: 467f544f15035abef911999cbc14489edd0555ab)
    #16 0x55ca91511b64 in _start (/workspace/build-asan/tsc+0x74b64) (BuildId: 73a10d7cc646a755f705b0ae57418e68578aec2f)

Indirect leak of 144 byte(s) in 2 object(s) allocated from:
    #0 0x55ca915b5858 in malloc (/workspace/build-asan/tsc+0x118858) (BuildId: 73a10d7cc646a755f705b0ae57418e68578aec2f)
    #1 0x7ff5c4ec87d6 in llvm::SmallVectorBase<unsigned int>::mallocForGrow(void*, unsigned long, unsigned long, unsigned long&) (/usr/lib/llvm-20/lib/libLLVM.so.20.1+0xfac7d6) (BuildId: b856c61f98abf0989f157f153740fe0fadfbb760)
    #2 0x7ff5c5a01e2c in llvm::SmallVectorTemplateBase<std::vector<std::pair<unsigned short, llvm::LegacyLegalizeActions::LegacyLegalizeAction>, std::allocator<std::pair<unsigned short, llvm::LegacyLegalizeActions::LegacyLegalizeAction>>>, false>::grow(unsigned long) (/usr/lib/llvm-20/lib/libLLVM.so.20.1+0x1ae5e2c) (BuildId: b856c61f98abf0989f157f153740fe0fadfbb760)
    #3 0x7ff5c5a01a32  (/usr/lib/llvm-20/lib/libLLVM.so.20.1+0x1ae5a32) (BuildId: b856c61f98abf0989f157f153740fe0fadfbb760)
    #4 0x7ff5c59fec93 in llvm::LegacyLegalizerInfo::LegacyLegalizerInfo() (/usr/lib/llvm-20/lib/libLLVM.so.20.1+0x1ae2c93) (BuildId: b856c61f98abf0989f157f153740fe0fadfbb760)
    #5 0x7ff5c7b28493  (/usr/lib/llvm-20/lib/libLLVM.so.20.1+0x3c0c493) (BuildId: b856c61f98abf0989f157f153740fe0fadfbb760)
    #6 0x7ff5c7b6091a  (/usr/lib/llvm-20/lib/libLLVM.so.20.1+0x3c4491a) (BuildId: b856c61f98abf0989f157f153740fe0fadfbb760)
    #7 0x7ff5c7b61a19  (/usr/lib/llvm-20/lib/libLLVM.so.20.1+0x3c45a19) (BuildId: b856c61f98abf0989f157f153740fe0fadfbb760)
    #8 0x7ff5c7b62b2c  (/usr/lib/llvm-20/lib/libLLVM.so.20.1+0x3c46b2c) (BuildId: b856c61f98abf0989f157f153740fe0fadfbb760)
    #9 0x55ca91648523 in llvm::Target::createTargetMachine(llvm::StringRef, llvm::StringRef, llvm::StringRef, llvm::TargetOptions const&, std::optional<llvm::Reloc::Model>, std::optional<llvm::CodeModel::Model>, llvm::CodeGenOptLevel, bool) const /usr/lib/llvm-20/include/llvm/MC/TargetRegistry.h:462:12
    #10 0x55ca9163a09e in tsc::TargetRegistry::initializeAllTargets() /workspace/src/TargetRegistry.cpp:67:41
    #11 0x55ca9162bdcd in tsc::Compiler::initializeLLVM() /workspace/src/Compiler.cpp:349:14
    #12 0x55ca9162b8b7 in tsc::Compiler::Compiler(tsc::CompilerOptions const&) /workspace/src/Compiler.cpp:24:5
    #13 0x55ca915fd7b5 in main /workspace/src/main.cpp:191:18
    #14 0x7ff5c395a337  (/lib/x86_64-linux-gnu/libc.so.6+0x2a337) (BuildId: 467f544f15035abef911999cbc14489edd0555ab)
    #15 0x7ff5c395a3fa in __libc_start_main (/lib/x86_64-linux-gnu/libc.so.6+0x2a3fa) (BuildId: 467f544f15035abef911999cbc14489edd0555ab)
    #16 0x55ca91511b64 in _start (/workspace/build-asan/tsc+0x74b64) (BuildId: 73a10d7cc646a755f705b0ae57418e68578aec2f)

Indirect leak of 144 byte(s) in 2 object(s) allocated from:
    #0 0x55ca915b5858 in malloc (/workspace/build-asan/tsc+0x118858) (BuildId: 73a10d7cc646a755f705b0ae57418e68578aec2f)
    #1 0x7ff5c4ec87d6 in llvm::SmallVectorBase<unsigned int>::mallocForGrow(void*, unsigned long, unsigned long, unsigned long&) (/usr/lib/llvm-20/lib/libLLVM.so.20.1+0xfac7d6) (BuildId: b856c61f98abf0989f157f153740fe0fadfbb760)
    #2 0x7ff5c5a01e2c in llvm::SmallVectorTemplateBase<std::vector<std::pair<unsigned short, llvm::LegacyLegalizeActions::LegacyLegalizeAction>, std::allocator<std::pair<unsigned short, llvm::LegacyLegalizeActions::LegacyLegalizeAction>>>, false>::grow(unsigned long) (/usr/lib/llvm-20/lib/libLLVM.so.20.1+0x1ae5e2c) (BuildId: b856c61f98abf0989f157f153740fe0fadfbb760)
    #3 0x7ff5c5a01a32  (/usr/lib/llvm-20/lib/libLLVM.so.20.1+0x1ae5a32) (BuildId: b856c61f98abf0989f157f153740fe0fadfbb760)
    #4 0x7ff5c59fedcf in llvm::LegacyLegalizerInfo::LegacyLegalizerInfo() (/usr/lib/llvm-20/lib/libLLVM.so.20.1+0x1ae2dcf) (BuildId: b856c61f98abf0989f157f153740fe0fadfbb760)
    #5 0x7ff5c7b28493  (/usr/lib/llvm-20/lib/libLLVM.so.20.1+0x3c0c493) (BuildId: b856c61f98abf0989f157f153740fe0fadfbb760)
    #6 0x7ff5c7b6091a  (/usr/lib/llvm-20/lib/libLLVM.so.20.1+0x3c4491a) (BuildId: b856c61f98abf0989f157f153740fe0fadfbb760)
    #7 0x7ff5c7b6188a  (/usr/lib/llvm-20/lib/libLLVM.so.20.1+0x3c4588a) (BuildId: b856c61f98abf0989f157f153740fe0fadfbb760)
    #8 0x7ff5c7b62b2c  (/usr/lib/llvm-20/lib/libLLVM.so.20.1+0x3c46b2c) (BuildId: b856c61f98abf0989f157f153740fe0fadfbb760)
    #9 0x55ca91648523 in llvm::Target::createTargetMachine(llvm::StringRef, llvm::StringRef, llvm::StringRef, llvm::TargetOptions const&, std::optional<llvm::Reloc::Model>, std::optional<llvm::CodeModel::Model>, llvm::CodeGenOptLevel, bool) const /usr/lib/llvm-20/include/llvm/MC/TargetRegistry.h:462:12
    #10 0x55ca9163a09e in tsc::TargetRegistry::initializeAllTargets() /workspace/src/TargetRegistry.cpp:67:41
    #11 0x55ca9162bdcd in tsc::Compiler::initializeLLVM() /workspace/src/Compiler.cpp:349:14
    #12 0x55ca9162b8b7 in tsc::Compiler::Compiler(tsc::CompilerOptions const&) /workspace/src/Compiler.cpp:24:5
    #13 0x55ca915fd7b5 in main /workspace/src/main.cpp:191:18
    #14 0x7ff5c395a337  (/lib/x86_64-linux-gnu/libc.so.6+0x2a337) (BuildId: 467f544f15035abef911999cbc14489edd0555ab)
    #15 0x7ff5c395a3fa in __libc_start_main (/lib/x86_64-linux-gnu/libc.so.6+0x2a3fa) (BuildId: 467f544f15035abef911999cbc14489edd0555ab)
    #16 0x55ca91511b64 in _start (/workspace/build-asan/tsc+0x74b64) (BuildId: 73a10d7cc646a755f705b0ae57418e68578aec2f)

Indirect leak of 144 byte(s) in 2 object(s) allocated from:
    #0 0x55ca915b5858 in malloc (/workspace/build-asan/tsc+0x118858) (BuildId: 73a10d7cc646a755f705b0ae57418e68578aec2f)
    #1 0x7ff5c4ec87d6 in llvm::SmallVectorBase<unsigned int>::mallocForGrow(void*, unsigned long, unsigned long, unsigned long&) (/usr/lib/llvm-20/lib/libLLVM.so.20.1+0xfac7d6) (BuildId: b856c61f98abf0989f157f153740fe0fadfbb760)
    #2 0x7ff5c5a01e2c in llvm::SmallVectorTemplateBase<std::vector<std::pair<unsigned short, llvm::LegacyLegalizeActions::LegacyLegalizeAction>, std::allocator<std::pair<unsigned short, llvm::LegacyLegalizeActions::LegacyLegalizeAction>>>, false>::grow(unsigned long) (/usr/lib/llvm-20/lib/libLLVM.so.20.1+0x1ae5e2c) (BuildId: b856c61f98abf0989f157f153740fe0fadfbb760)
    #3 0x7ff5c5a01a32  (/usr/lib/llvm-20/lib/libLLVM.so.20.1+0x1ae5a32) (BuildId: b856c61f98abf0989f157f153740fe0fadfbb760)
    #4 0x7ff5c59fed33 in llvm::LegacyLegalizerInfo::LegacyLegalizerInfo() (/usr/lib/llvm-20/lib/libLLVM.so.20.1+0x1ae2d33) (BuildId: b856c61f98abf0989f157f153740fe0fadfbb760)
    #5 0x7ff5c7b28493  (/usr/lib/llvm-20/lib/libLLVM.so.20.1+0x3c0c493) (BuildId: b856c61f98abf0989f157f153740fe0fadfbb760)
    #6 0x7ff5c7b6091a  (/usr/lib/llvm-20/lib/libLLVM.so.20.1+0x3c4491a) (BuildId: b856c61f98abf0989f157f153740fe0fadfbb760)
    #7 0x7ff5c7b6188a  (/usr/lib/llvm-20/lib/libLLVM.so.20.1+0x3c4588a) (BuildId: b856c61f98abf0989f157f153740fe0fadfbb760)
    #8 0x7ff5c7b62b2c  (/usr/lib/llvm-20/lib/libLLVM.so.20.1+0x3c46b2c) (BuildId: b856c61f98abf0989f157f153740fe0fadfbb760)
    #9 0x55ca91648523 in llvm::Target::createTargetMachine(llvm::StringRef, llvm::StringRef, llvm::StringRef, llvm::TargetOptions const&, std::optional<llvm::Reloc::Model>, std::optional<llvm::CodeModel::Model>, llvm::CodeGenOptLevel, bool) const /usr/lib/llvm-20/include/llvm/MC/TargetRegistry.h:462:12
    #10 0x55ca9163a09e in tsc::TargetRegistry::initializeAllTargets() /workspace/src/TargetRegistry.cpp:67:41
    #11 0x55ca9162bdcd in tsc::Compiler::initializeLLVM() /workspace/src/Compiler.cpp:349:14
    #12 0x55ca9162b8b7 in tsc::Compiler::Compiler(tsc::CompilerOptions const&) /workspace/src/Compiler.cpp:24:5
    #13 0x55ca915fd7b5 in main /workspace/src/main.cpp:191:18
    #14 0x7ff5c395a337  (/lib/x86_64-linux-gnu/libc.so.6+0x2a337) (BuildId: 467f544f15035abef911999cbc14489edd0555ab)
    #15 0x7ff5c395a3fa in __libc_start_main (/lib/x86_64-linux-gnu/libc.so.6+0x2a3fa) (BuildId: 467f544f15035abef911999cbc14489edd0555ab)
    #16 0x55ca91511b64 in _start (/workspace/build-asan/tsc+0x74b64) (BuildId: 73a10d7cc646a755f705b0ae57418e68578aec2f)

Indirect leak of 144 byte(s) in 2 object(s) allocated from:
    #0 0x55ca915b5858 in malloc (/workspace/build-asan/tsc+0x118858) (BuildId: 73a10d7cc646a755f705b0ae57418e68578aec2f)
    #1 0x7ff5c4ec87d6 in llvm::SmallVectorBase<unsigned int>::mallocForGrow(void*, unsigned long, unsigned long, unsigned long&) (/usr/lib/llvm-20/lib/libLLVM.so.20.1+0xfac7d6) (BuildId: b856c61f98abf0989f157f153740fe0fadfbb760)
    #2 0x7ff5c5a01e2c in llvm::SmallVectorTemplateBase<std::vector<std::pair<unsigned short, llvm::LegacyLegalizeActions::LegacyLegalizeAction>, std::allocator<std::pair<unsigned short, llvm::LegacyLegalizeActions::LegacyLegalizeAction>>>, false>::grow(unsigned long) (/usr/lib/llvm-20/lib/libLLVM.so.20.1+0x1ae5e2c) (BuildId: b856c61f98abf0989f157f153740fe0fadfbb760)
    #3 0x7ff5c5a01a32  (/usr/lib/llvm-20/lib/libLLVM.so.20.1+0x1ae5a32) (BuildId: b856c61f98abf0989f157f153740fe0fadfbb760)
    #4 0x7ff5c59fece3 in llvm::LegacyLegalizerInfo::LegacyLegalizerInfo() (/usr/lib/llvm-20/lib/libLLVM.so.20.1+0x1ae2ce3) (BuildId: b856c61f98abf0989f157f153740fe0fadfbb760)
    #5 0x7ff5c7b28493  (/usr/lib/llvm-20/lib/libLLVM.so.20.1+0x3c0c493) (BuildId: b856c61f98abf0989f157f153740fe0fadfbb760)
    #6 0x7ff5c7b6091a  (/usr/lib/llvm-20/lib/libLLVM.so.20.1+0x3c4491a) (BuildId: b856c61f98abf0989f157f153740fe0fadfbb760)
    #7 0x7ff5c7b6188a  (/usr/lib/llvm-20/lib/libLLVM.so.20.1+0x3c4588a) (BuildId: b856c61f98abf0989f157f153740fe0fadfbb760)
    #8 0x7ff5c7b62b2c  (/usr/lib/llvm-20/lib/libLLVM.so.20.1+0x3c46b2c) (BuildId: b856c61f98abf0989f157f153740fe0fadfbb760)
    #9 0x55ca91648523 in llvm::Target::createTargetMachine(llvm::StringRef, llvm::StringRef, llvm::StringRef, llvm::TargetOptions const&, std::optional<llvm::Reloc::Model>, std::optional<llvm::CodeModel::Model>, llvm::CodeGenOptLevel, bool) const /usr/lib/llvm-20/include/llvm/MC/TargetRegistry.h:462:12
    #10 0x55ca9163a09e in tsc::TargetRegistry::initializeAllTargets() /workspace/src/TargetRegistry.cpp:67:41
    #11 0x55ca9162bdcd in tsc::Compiler::initializeLLVM() /workspace/src/Compiler.cpp:349:14
    #12 0x55ca9162b8b7 in tsc::Compiler::Compiler(tsc::CompilerOptions const&) /workspace/src/Compiler.cpp:24:5
    #13 0x55ca915fd7b5 in main /workspace/src/main.cpp:191:18
    #14 0x7ff5c395a337  (/lib/x86_64-linux-gnu/libc.so.6+0x2a337) (BuildId: 467f544f15035abef911999cbc14489edd0555ab)
    #15 0x7ff5c395a3fa in __libc_start_main (/lib/x86_64-linux-gnu/libc.so.6+0x2a3fa) (BuildId: 467f544f15035abef911999cbc14489edd0555ab)
    #16 0x55ca91511b64 in _start (/workspace/build-asan/tsc+0x74b64) (BuildId: 73a10d7cc646a755f705b0ae57418e68578aec2f)

Indirect leak of 144 byte(s) in 2 object(s) allocated from:
    #0 0x55ca915fa191 in operator new(unsigned long) (/workspace/build-asan/tsc+0x15d191) (BuildId: 73a10d7cc646a755f705b0ae57418e68578aec2f)
    #1 0x7ff5c7b2b36b  (/usr/lib/llvm-20/lib/libLLVM.so.20.1+0x3c0f36b) (BuildId: b856c61f98abf0989f157f153740fe0fadfbb760)
    #2 0x7ff5c6f3998b  (/usr/lib/llvm-20/lib/libLLVM.so.20.1+0x301d98b) (BuildId: b856c61f98abf0989f157f153740fe0fadfbb760)
    #3 0x7ff5c6f398a6  (/usr/lib/llvm-20/lib/libLLVM.so.20.1+0x301d8a6) (BuildId: b856c61f98abf0989f157f153740fe0fadfbb760)
    #4 0x7ff5c7b2881f  (/usr/lib/llvm-20/lib/libLLVM.so.20.1+0x3c0c81f) (BuildId: b856c61f98abf0989f157f153740fe0fadfbb760)
    #5 0x7ff5c7b6091a  (/usr/lib/llvm-20/lib/libLLVM.so.20.1+0x3c4491a) (BuildId: b856c61f98abf0989f157f153740fe0fadfbb760)
    #6 0x7ff5c7b61710  (/usr/lib/llvm-20/lib/libLLVM.so.20.1+0x3c45710) (BuildId: b856c61f98abf0989f157f153740fe0fadfbb760)
    #7 0x7ff5c7b62b2c  (/usr/lib/llvm-20/lib/libLLVM.so.20.1+0x3c46b2c) (BuildId: b856c61f98abf0989f157f153740fe0fadfbb760)
    #8 0x55ca91648523 in llvm::Target::createTargetMachine(llvm::StringRef, llvm::StringRef, llvm::StringRef, llvm::TargetOptions const&, std::optional<llvm::Reloc::Model>, std::optional<llvm::CodeModel::Model>, llvm::CodeGenOptLevel, bool) const /usr/lib/llvm-20/include/llvm/MC/TargetRegistry.h:462:12
    #9 0x55ca9163a09e in tsc::TargetRegistry::initializeAllTargets() /workspace/src/TargetRegistry.cpp:67:41
    #10 0x55ca9162bdcd in tsc::Compiler::initializeLLVM() /workspace/src/Compiler.cpp:349:14
    #11 0x55ca9162b8b7 in tsc::Compiler::Compiler(tsc::CompilerOptions const&) /workspace/src/Compiler.cpp:24:5
    #12 0x55ca915fd7b5 in main /workspace/src/main.cpp:191:18
    #13 0x7ff5c395a337  (/lib/x86_64-linux-gnu/libc.so.6+0x2a337) (BuildId: 467f544f15035abef911999cbc14489edd0555ab)
    #14 0x7ff5c395a3fa in __libc_start_main (/lib/x86_64-linux-gnu/libc.so.6+0x2a3fa) (BuildId: 467f544f15035abef911999cbc14489edd0555ab)
    #15 0x55ca91511b64 in _start (/workspace/build-asan/tsc+0x74b64) (BuildId: 73a10d7cc646a755f705b0ae57418e68578aec2f)

Indirect leak of 144 byte(s) in 2 object(s) allocated from:
    #0 0x55ca915b5858 in malloc (/workspace/build-asan/tsc+0x118858) (BuildId: 73a10d7cc646a755f705b0ae57418e68578aec2f)
    #1 0x7ff5c4ec87d6 in llvm::SmallVectorBase<unsigned int>::mallocForGrow(void*, unsigned long, unsigned long, unsigned long&) (/usr/lib/llvm-20/lib/libLLVM.so.20.1+0xfac7d6) (BuildId: b856c61f98abf0989f157f153740fe0fadfbb760)
    #2 0x7ff5c5a01e2c in llvm::SmallVectorTemplateBase<std::vector<std::pair<unsigned short, llvm::LegacyLegalizeActions::LegacyLegalizeAction>, std::allocator<std::pair<unsigned short, llvm::LegacyLegalizeActions::LegacyLegalizeAction>>>, false>::grow(unsigned long) (/usr/lib/llvm-20/lib/libLLVM.so.20.1+0x1ae5e2c) (BuildId: b856c61f98abf0989f157f153740fe0fadfbb760)
    #3 0x7ff5c5a01a32  (/usr/lib/llvm-20/lib/libLLVM.so.20.1+0x1ae5a32) (BuildId: b856c61f98abf0989f157f153740fe0fadfbb760)
    #4 0x7ff5c59fedcf in llvm::LegacyLegalizerInfo::LegacyLegalizerInfo() (/usr/lib/llvm-20/lib/libLLVM.so.20.1+0x1ae2dcf) (BuildId: b856c61f98abf0989f157f153740fe0fadfbb760)
    #5 0x7ff5c7b28493  (/usr/lib/llvm-20/lib/libLLVM.so.20.1+0x3c0c493) (BuildId: b856c61f98abf0989f157f153740fe0fadfbb760)
    #6 0x7ff5c7b6091a  (/usr/lib/llvm-20/lib/libLLVM.so.20.1+0x3c4491a) (BuildId: b856c61f98abf0989f157f153740fe0fadfbb760)
    #7 0x7ff5c7b61710  (/usr/lib/llvm-20/lib/libLLVM.so.20.1+0x3c45710) (BuildId: b856c61f98abf0989f157f153740fe0fadfbb760)
    #8 0x7ff5c7b62b2c  (/usr/lib/llvm-20/lib/libLLVM.so.20.1+0x3c46b2c) (BuildId: b856c61f98abf0989f157f153740fe0fadfbb760)
    #9 0x55ca91648523 in llvm::Target::createTargetMachine(llvm::StringRef, llvm::StringRef, llvm::StringRef, llvm::TargetOptions const&, std::optional<llvm::Reloc::Model>, std::optional<llvm::CodeModel::Model>, llvm::CodeGenOptLevel, bool) const /usr/lib/llvm-20/include/llvm/MC/TargetRegistry.h:462:12
    #10 0x55ca9163a09e in tsc::TargetRegistry::initializeAllTargets() /workspace/src/TargetRegistry.cpp:67:41
    #11 0x55ca9162bdcd in tsc::Compiler::initializeLLVM() /workspace/src/Compiler.cpp:349:14
    #12 0x55ca9162b8b7 in tsc::Compiler::Compiler(tsc::CompilerOptions const&) /workspace/src/Compiler.cpp:24:5
    #13 0x55ca915fd7b5 in main /workspace/src/main.cpp:191:18
    #14 0x7ff5c395a337  (/lib/x86_64-linux-gnu/libc.so.6+0x2a337) (BuildId: 467f544f15035abef911999cbc14489edd0555ab)
    #15 0x7ff5c395a3fa in __libc_start_main (/lib/x86_64-linux-gnu/libc.so.6+0x2a3fa) (BuildId: 467f544f15035abef911999cbc14489edd0555ab)
    #16 0x55ca91511b64 in _start (/workspace/build-asan/tsc+0x74b64) (BuildId: 73a10d7cc646a755f705b0ae57418e68578aec2f)

Indirect leak of 144 byte(s) in 2 object(s) allocated from:
    #0 0x55ca915b5858 in malloc (/workspace/build-asan/tsc+0x118858) (BuildId: 73a10d7cc646a755f705b0ae57418e68578aec2f)
    #1 0x7ff5c4ec87d6 in llvm::SmallVectorBase<unsigned int>::mallocForGrow(void*, unsigned long, unsigned long, unsigned long&) (/usr/lib/llvm-20/lib/libLLVM.so.20.1+0xfac7d6) (BuildId: b856c61f98abf0989f157f153740fe0fadfbb760)
    #2 0x7ff5c5a01e2c in llvm::SmallVectorTemplateBase<std::vector<std::pair<unsigned short, llvm::LegacyLegalizeActions::LegacyLegalizeAction>, std::allocator<std::pair<unsigned short, llvm::LegacyLegalizeActions::LegacyLegalizeAction>>>, false>::grow(unsigned long) (/usr/lib/llvm-20/lib/libLLVM.so.20.1+0x1ae5e2c) (BuildId: b856c61f98abf0989f157f153740fe0fadfbb760)
    #3 0x7ff5c5a01a32  (/usr/lib/llvm-20/lib/libLLVM.so.20.1+0x1ae5a32) (BuildId: b856c61f98abf0989f157f153740fe0fadfbb760)
    #4 0x7ff5c59fed33 in llvm::LegacyLegalizerInfo::LegacyLegalizerInfo() (/usr/lib/llvm-20/lib/libLLVM.so.20.1+0x1ae2d33) (BuildId: b856c61f98abf0989f157f153740fe0fadfbb760)
    #5 0x7ff5c7b28493  (/usr/lib/llvm-20/lib/libLLVM.so.20.1+0x3c0c493) (BuildId: b856c61f98abf0989f157f153740fe0fadfbb760)
    #6 0x7ff5c7b6091a  (/usr/lib/llvm-20/lib/libLLVM.so.20.1+0x3c4491a) (BuildId: b856c61f98abf0989f157f153740fe0fadfbb760)
    #7 0x7ff5c7b61710  (/usr/lib/llvm-20/lib/libLLVM.so.20.1+0x3c45710) (BuildId: b856c61f98abf0989f157f153740fe0fadfbb760)
    #8 0x7ff5c7b62b2c  (/usr/lib/llvm-20/lib/libLLVM.so.20.1+0x3c46b2c) (BuildId: b856c61f98abf0989f157f153740fe0fadfbb760)
    #9 0x55ca91648523 in llvm::Target::createTargetMachine(llvm::StringRef, llvm::StringRef, llvm::StringRef, llvm::TargetOptions const&, std::optional<llvm::Reloc::Model>, std::optional<llvm::CodeModel::Model>, llvm::CodeGenOptLevel, bool) const /usr/lib/llvm-20/include/llvm/MC/TargetRegistry.h:462:12
    #10 0x55ca9163a09e in tsc::TargetRegistry::initializeAllTargets() /workspace/src/TargetRegistry.cpp:67:41
    #11 0x55ca9162bdcd in tsc::Compiler::initializeLLVM() /workspace/src/Compiler.cpp:349:14
    #12 0x55ca9162b8b7 in tsc::Compiler::Compiler(tsc::CompilerOptions const&) /workspace/src/Compiler.cpp:24:5
    #13 0x55ca915fd7b5 in main /workspace/src/main.cpp:191:18
    #14 0x7ff5c395a337  (/lib/x86_64-linux-gnu/libc.so.6+0x2a337) (BuildId: 467f544f15035abef911999cbc14489edd0555ab)
    #15 0x7ff5c395a3fa in __libc_start_main (/lib/x86_64-linux-gnu/libc.so.6+0x2a3fa) (BuildId: 467f544f15035abef911999cbc14489edd0555ab)
    #16 0x55ca91511b64 in _start (/workspace/build-asan/tsc+0x74b64) (BuildId: 73a10d7cc646a755f705b0ae57418e68578aec2f)

Indirect leak of 144 byte(s) in 2 object(s) allocated from:
    #0 0x55ca915b5858 in malloc (/workspace/build-asan/tsc+0x118858) (BuildId: 73a10d7cc646a755f705b0ae57418e68578aec2f)
    #1 0x7ff5c4ec87d6 in llvm::SmallVectorBase<unsigned int>::mallocForGrow(void*, unsigned long, unsigned long, unsigned long&) (/usr/lib/llvm-20/lib/libLLVM.so.20.1+0xfac7d6) (BuildId: b856c61f98abf0989f157f153740fe0fadfbb760)
    #2 0x7ff5c5a01e2c in llvm::SmallVectorTemplateBase<std::vector<std::pair<unsigned short, llvm::LegacyLegalizeActions::LegacyLegalizeAction>, std::allocator<std::pair<unsigned short, llvm::LegacyLegalizeActions::LegacyLegalizeAction>>>, false>::grow(unsigned long) (/usr/lib/llvm-20/lib/libLLVM.so.20.1+0x1ae5e2c) (BuildId: b856c61f98abf0989f157f153740fe0fadfbb760)
    #3 0x7ff5c5a01a32  (/usr/lib/llvm-20/lib/libLLVM.so.20.1+0x1ae5a32) (BuildId: b856c61f98abf0989f157f153740fe0fadfbb760)
    #4 0x7ff5c59fece3 in llvm::LegacyLegalizerInfo::LegacyLegalizerInfo() (/usr/lib/llvm-20/lib/libLLVM.so.20.1+0x1ae2ce3) (BuildId: b856c61f98abf0989f157f153740fe0fadfbb760)
    #5 0x7ff5c7b28493  (/usr/lib/llvm-20/lib/libLLVM.so.20.1+0x3c0c493) (BuildId: b856c61f98abf0989f157f153740fe0fadfbb760)
    #6 0x7ff5c7b6091a  (/usr/lib/llvm-20/lib/libLLVM.so.20.1+0x3c4491a) (BuildId: b856c61f98abf0989f157f153740fe0fadfbb760)
    #7 0x7ff5c7b61710  (/usr/lib/llvm-20/lib/libLLVM.so.20.1+0x3c45710) (BuildId: b856c61f98abf0989f157f153740fe0fadfbb760)
    #8 0x7ff5c7b62b2c  (/usr/lib/llvm-20/lib/libLLVM.so.20.1+0x3c46b2c) (BuildId: b856c61f98abf0989f157f153740fe0fadfbb760)
    #9 0x55ca91648523 in llvm::Target::createTargetMachine(llvm::StringRef, llvm::StringRef, llvm::StringRef, llvm::TargetOptions const&, std::optional<llvm::Reloc::Model>, std::optional<llvm::CodeModel::Model>, llvm::CodeGenOptLevel, bool) const /usr/lib/llvm-20/include/llvm/MC/TargetRegistry.h:462:12
    #10 0x55ca9163a09e in tsc::TargetRegistry::initializeAllTargets() /workspace/src/TargetRegistry.cpp:67:41
    #11 0x55ca9162bdcd in tsc::Compiler::initializeLLVM() /workspace/src/Compiler.cpp:349:14
    #12 0x55ca9162b8b7 in tsc::Compiler::Compiler(tsc::CompilerOptions const&) /workspace/src/Compiler.cpp:24:5
    #13 0x55ca915fd7b5 in main /workspace/src/main.cpp:191:18
    #14 0x7ff5c395a337  (/lib/x86_64-linux-gnu/libc.so.6+0x2a337) (BuildId: 467f544f15035abef911999cbc14489edd0555ab)
    #15 0x7ff5c395a3fa in __libc_start_main (/lib/x86_64-linux-gnu/libc.so.6+0x2a3fa) (BuildId: 467f544f15035abef911999cbc14489edd0555ab)
    #16 0x55ca91511b64 in _start (/workspace/build-asan/tsc+0x74b64) (BuildId: 73a10d7cc646a755f705b0ae57418e68578aec2f)

Indirect leak of 144 byte(s) in 2 object(s) allocated from:
    #0 0x55ca915b5858 in malloc (/workspace/build-asan/tsc+0x118858) (BuildId: 73a10d7cc646a755f705b0ae57418e68578aec2f)
    #1 0x7ff5c4ec87d6 in llvm::SmallVectorBase<unsigned int>::mallocForGrow(void*, unsigned long, unsigned long, unsigned long&) (/usr/lib/llvm-20/lib/libLLVM.so.20.1+0xfac7d6) (BuildId: b856c61f98abf0989f157f153740fe0fadfbb760)
    #2 0x7ff5c5a01e2c in llvm::SmallVectorTemplateBase<std::vector<std::pair<unsigned short, llvm::LegacyLegalizeActions::LegacyLegalizeAction>, std::allocator<std::pair<unsigned short, llvm::LegacyLegalizeActions::LegacyLegalizeAction>>>, false>::grow(unsigned long) (/usr/lib/llvm-20/lib/libLLVM.so.20.1+0x1ae5e2c) (BuildId: b856c61f98abf0989f157f153740fe0fadfbb760)
    #3 0x7ff5c5a01a32  (/usr/lib/llvm-20/lib/libLLVM.so.20.1+0x1ae5a32) (BuildId: b856c61f98abf0989f157f153740fe0fadfbb760)
    #4 0x7ff5c59fec93 in llvm::LegacyLegalizerInfo::LegacyLegalizerInfo() (/usr/lib/llvm-20/lib/libLLVM.so.20.1+0x1ae2c93) (BuildId: b856c61f98abf0989f157f153740fe0fadfbb760)
    #5 0x7ff5c7b28493  (/usr/lib/llvm-20/lib/libLLVM.so.20.1+0x3c0c493) (BuildId: b856c61f98abf0989f157f153740fe0fadfbb760)
    #6 0x7ff5c7b6091a  (/usr/lib/llvm-20/lib/libLLVM.so.20.1+0x3c4491a) (BuildId: b856c61f98abf0989f157f153740fe0fadfbb760)
    #7 0x7ff5c7b61710  (/usr/lib/llvm-20/lib/libLLVM.so.20.1+0x3c45710) (BuildId: b856c61f98abf0989f157f153740fe0fadfbb760)
    #8 0x7ff5c7b62b2c  (/usr/lib/llvm-20/lib/libLLVM.so.20.1+0x3c46b2c) (BuildId: b856c61f98abf0989f157f153740fe0fadfbb760)
    #9 0x55ca91648523 in llvm::Target::createTargetMachine(llvm::StringRef, llvm::StringRef, llvm::StringRef, llvm::TargetOptions const&, std::optional<llvm::Reloc::Model>, std::optional<llvm::CodeModel::Model>, llvm::CodeGenOptLevel, bool) const /usr/lib/llvm-20/include/llvm/MC/TargetRegistry.h:462:12
    #10 0x55ca9163a09e in tsc::TargetRegistry::initializeAllTargets() /workspace/src/TargetRegistry.cpp:67:41
    #11 0x55ca9162bdcd in tsc::Compiler::initializeLLVM() /workspace/src/Compiler.cpp:349:14
    #12 0x55ca9162b8b7 in tsc::Compiler::Compiler(tsc::CompilerOptions const&) /workspace/src/Compiler.cpp:24:5
    #13 0x55ca915fd7b5 in main /workspace/src/main.cpp:191:18
    #14 0x7ff5c395a337  (/lib/x86_64-linux-gnu/libc.so.6+0x2a337) (BuildId: 467f544f15035abef911999cbc14489edd0555ab)
    #15 0x7ff5c395a3fa in __libc_start_main (/lib/x86_64-linux-gnu/libc.so.6+0x2a3fa) (BuildId: 467f544f15035abef911999cbc14489edd0555ab)
    #16 0x55ca91511b64 in _start (/workspace/build-asan/tsc+0x74b64) (BuildId: 73a10d7cc646a755f705b0ae57418e68578aec2f)

Indirect leak of 144 byte(s) in 2 object(s) allocated from:
    #0 0x55ca915b5858 in malloc (/workspace/build-asan/tsc+0x118858) (BuildId: 73a10d7cc646a755f705b0ae57418e68578aec2f)
    #1 0x7ff5c4ec89b9 in llvm::SmallVectorBase<unsigned int>::grow_pod(void*, unsigned long, unsigned long) (/usr/lib/llvm-20/lib/libLLVM.so.20.1+0xfac9b9) (BuildId: b856c61f98abf0989f157f153740fe0fadfbb760)
    #2 0x7ff5c4ff84a7  (/usr/lib/llvm-20/lib/libLLVM.so.20.1+0x10dc4a7) (BuildId: b856c61f98abf0989f157f153740fe0fadfbb760)
    #3 0x7ff5c4ff4d11 in llvm::DataLayout::setPrimitiveSpec(char, unsigned int, llvm::Align, llvm::Align) (/usr/lib/llvm-20/lib/libLLVM.so.20.1+0x10d8d11) (BuildId: b856c61f98abf0989f157f153740fe0fadfbb760)
    #4 0x7ff5c4ff4783 in llvm::DataLayout::parsePrimitiveSpec(llvm::StringRef) (/usr/lib/llvm-20/lib/libLLVM.so.20.1+0x10d8783) (BuildId: b856c61f98abf0989f157f153740fe0fadfbb760)
    #5 0x7ff5c4ff5644 in llvm::DataLayout::parseSpecification(llvm::StringRef, llvm::SmallVectorImpl<unsigned int>&) (/usr/lib/llvm-20/lib/libLLVM.so.20.1+0x10d9644) (BuildId: b856c61f98abf0989f157f153740fe0fadfbb760)
    #6 0x7ff5c4ff3cb4 in llvm::DataLayout::parseLayoutString(llvm::StringRef) (/usr/lib/llvm-20/lib/libLLVM.so.20.1+0x10d7cb4) (BuildId: b856c61f98abf0989f157f153740fe0fadfbb760)
    #7 0x7ff5c4ff3744 in llvm::DataLayout::DataLayout(llvm::StringRef) (/usr/lib/llvm-20/lib/libLLVM.so.20.1+0x10d7744) (BuildId: b856c61f98abf0989f157f153740fe0fadfbb760)
    #8 0x7ff5c6ef490c in llvm::TargetMachine::TargetMachine(llvm::Target const&, llvm::StringRef, llvm::Triple const&, llvm::StringRef, llvm::StringRef, llvm::TargetOptions const&) (/usr/lib/llvm-20/lib/libLLVM.so.20.1+0x2fd890c) (BuildId: b856c61f98abf0989f157f153740fe0fadfbb760)
    #9 0x7ff5c52d0937 in llvm::CodeGenTargetMachineImpl::CodeGenTargetMachineImpl(llvm::Target const&, llvm::StringRef, llvm::Triple const&, llvm::StringRef, llvm::StringRef, llvm::TargetOptions const&, llvm::Reloc::Model, llvm::CodeModel::Model, llvm::CodeGenOptLevel) (/usr/lib/llvm-20/lib/libLLVM.so.20.1+0x13b4937) (BuildId: b856c61f98abf0989f157f153740fe0fadfbb760)
    #10 0x7ff5c837bdab  (/usr/lib/llvm-20/lib/libLLVM.so.20.1+0x445fdab) (BuildId: b856c61f98abf0989f157f153740fe0fadfbb760)
    #11 0x7ff5c837de4d  (/usr/lib/llvm-20/lib/libLLVM.so.20.1+0x4461e4d) (BuildId: b856c61f98abf0989f157f153740fe0fadfbb760)
    #12 0x55ca91648523 in llvm::Target::createTargetMachine(llvm::StringRef, llvm::StringRef, llvm::StringRef, llvm::TargetOptions const&, std::optional<llvm::Reloc::Model>, std::optional<llvm::CodeModel::Model>, llvm::CodeGenOptLevel, bool) const /usr/lib/llvm-20/include/llvm/MC/TargetRegistry.h:462:12
    #13 0x55ca9163a09e in tsc::TargetRegistry::initializeAllTargets() /workspace/src/TargetRegistry.cpp:67:41
    #14 0x55ca9162bdcd in tsc::Compiler::initializeLLVM() /workspace/src/Compiler.cpp:349:14
    #15 0x55ca9162b8b7 in tsc::Compiler::Compiler(tsc::CompilerOptions const&) /workspace/src/Compiler.cpp:24:5
    #16 0x55ca915fd7b5 in main /workspace/src/main.cpp:191:18
    #17 0x7ff5c395a337  (/lib/x86_64-linux-gnu/libc.so.6+0x2a337) (BuildId: 467f544f15035abef911999cbc14489edd0555ab)
    #18 0x7ff5c395a3fa in __libc_start_main (/lib/x86_64-linux-gnu/libc.so.6+0x2a3fa) (BuildId: 467f544f15035abef911999cbc14489edd0555ab)
    #19 0x55ca91511b64 in _start (/workspace/build-asan/tsc+0x74b64) (BuildId: 73a10d7cc646a755f705b0ae57418e68578aec2f)

Indirect leak of 144 byte(s) in 2 object(s) allocated from:
    #0 0x55ca915b5858 in malloc (/workspace/build-asan/tsc+0x118858) (BuildId: 73a10d7cc646a755f705b0ae57418e68578aec2f)
    #1 0x7ff5c4ec87d6 in llvm::SmallVectorBase<unsigned int>::mallocForGrow(void*, unsigned long, unsigned long, unsigned long&) (/usr/lib/llvm-20/lib/libLLVM.so.20.1+0xfac7d6) (BuildId: b856c61f98abf0989f157f153740fe0fadfbb760)
    #2 0x7ff5c5a01e2c in llvm::SmallVectorTemplateBase<std::vector<std::pair<unsigned short, llvm::LegacyLegalizeActions::LegacyLegalizeAction>, std::allocator<std::pair<unsigned short, llvm::LegacyLegalizeActions::LegacyLegalizeAction>>>, false>::grow(unsigned long) (/usr/lib/llvm-20/lib/libLLVM.so.20.1+0x1ae5e2c) (BuildId: b856c61f98abf0989f157f153740fe0fadfbb760)
    #3 0x7ff5c5a01a32  (/usr/lib/llvm-20/lib/libLLVM.so.20.1+0x1ae5a32) (BuildId: b856c61f98abf0989f157f153740fe0fadfbb760)
    #4 0x7ff5c59fedcf in llvm::LegacyLegalizerInfo::LegacyLegalizerInfo() (/usr/lib/llvm-20/lib/libLLVM.so.20.1+0x1ae2dcf) (BuildId: b856c61f98abf0989f157f153740fe0fadfbb760)
    #5 0x7ff5c7b28493  (/usr/lib/llvm-20/lib/libLLVM.so.20.1+0x3c0c493) (BuildId: b856c61f98abf0989f157f153740fe0fadfbb760)
    #6 0x7ff5c7b6091a  (/usr/lib/llvm-20/lib/libLLVM.so.20.1+0x3c4491a) (BuildId: b856c61f98abf0989f157f153740fe0fadfbb760)
    #7 0x7ff5c7b61a19  (/usr/lib/llvm-20/lib/libLLVM.so.20.1+0x3c45a19) (BuildId: b856c61f98abf0989f157f153740fe0fadfbb760)
    #8 0x7ff5c7b62b2c  (/usr/lib/llvm-20/lib/libLLVM.so.20.1+0x3c46b2c) (BuildId: b856c61f98abf0989f157f153740fe0fadfbb760)
    #9 0x55ca91648523 in llvm::Target::createTargetMachine(llvm::StringRef, llvm::StringRef, llvm::StringRef, llvm::TargetOptions const&, std::optional<llvm::Reloc::Model>, std::optional<llvm::CodeModel::Model>, llvm::CodeGenOptLevel, bool) const /usr/lib/llvm-20/include/llvm/MC/TargetRegistry.h:462:12
    #10 0x55ca9163a09e in tsc::TargetRegistry::initializeAllTargets() /workspace/src/TargetRegistry.cpp:67:41
    #11 0x55ca9162bdcd in tsc::Compiler::initializeLLVM() /workspace/src/Compiler.cpp:349:14
    #12 0x55ca9162b8b7 in tsc::Compiler::Compiler(tsc::CompilerOptions const&) /workspace/src/Compiler.cpp:24:5
    #13 0x55ca915fd7b5 in main /workspace/src/main.cpp:191:18
    #14 0x7ff5c395a337  (/lib/x86_64-linux-gnu/libc.so.6+0x2a337) (BuildId: 467f544f15035abef911999cbc14489edd0555ab)
    #15 0x7ff5c395a3fa in __libc_start_main (/lib/x86_64-linux-gnu/libc.so.6+0x2a3fa) (BuildId: 467f544f15035abef911999cbc14489edd0555ab)
    #16 0x55ca91511b64 in _start (/workspace/build-asan/tsc+0x74b64) (BuildId: 73a10d7cc646a755f705b0ae57418e68578aec2f)

Indirect leak of 144 byte(s) in 2 object(s) allocated from:
    #0 0x55ca915fa191 in operator new(unsigned long) (/workspace/build-asan/tsc+0x15d191) (BuildId: 73a10d7cc646a755f705b0ae57418e68578aec2f)
    #1 0x7ff5c7b2b36b  (/usr/lib/llvm-20/lib/libLLVM.so.20.1+0x3c0f36b) (BuildId: b856c61f98abf0989f157f153740fe0fadfbb760)
    #2 0x7ff5c6f3998b  (/usr/lib/llvm-20/lib/libLLVM.so.20.1+0x301d98b) (BuildId: b856c61f98abf0989f157f153740fe0fadfbb760)
    #3 0x7ff5c6f398a6  (/usr/lib/llvm-20/lib/libLLVM.so.20.1+0x301d8a6) (BuildId: b856c61f98abf0989f157f153740fe0fadfbb760)
    #4 0x7ff5c7b2881f  (/usr/lib/llvm-20/lib/libLLVM.so.20.1+0x3c0c81f) (BuildId: b856c61f98abf0989f157f153740fe0fadfbb760)
    #5 0x7ff5c7b6091a  (/usr/lib/llvm-20/lib/libLLVM.so.20.1+0x3c4491a) (BuildId: b856c61f98abf0989f157f153740fe0fadfbb760)
    #6 0x7ff5c7b6188a  (/usr/lib/llvm-20/lib/libLLVM.so.20.1+0x3c4588a) (BuildId: b856c61f98abf0989f157f153740fe0fadfbb760)
    #7 0x7ff5c7b62b2c  (/usr/lib/llvm-20/lib/libLLVM.so.20.1+0x3c46b2c) (BuildId: b856c61f98abf0989f157f153740fe0fadfbb760)
    #8 0x55ca91648523 in llvm::Target::createTargetMachine(llvm::StringRef, llvm::StringRef, llvm::StringRef, llvm::TargetOptions const&, std::optional<llvm::Reloc::Model>, std::optional<llvm::CodeModel::Model>, llvm::CodeGenOptLevel, bool) const /usr/lib/llvm-20/include/llvm/MC/TargetRegistry.h:462:12
    #9 0x55ca9163a09e in tsc::TargetRegistry::initializeAllTargets() /workspace/src/TargetRegistry.cpp:67:41
    #10 0x55ca9162bdcd in tsc::Compiler::initializeLLVM() /workspace/src/Compiler.cpp:349:14
    #11 0x55ca9162b8b7 in tsc::Compiler::Compiler(tsc::CompilerOptions const&) /workspace/src/Compiler.cpp:24:5
    #12 0x55ca915fd7b5 in main /workspace/src/main.cpp:191:18
    #13 0x7ff5c395a337  (/lib/x86_64-linux-gnu/libc.so.6+0x2a337) (BuildId: 467f544f15035abef911999cbc14489edd0555ab)
    #14 0x7ff5c395a3fa in __libc_start_main (/lib/x86_64-linux-gnu/libc.so.6+0x2a3fa) (BuildId: 467f544f15035abef911999cbc14489edd0555ab)
    #15 0x55ca91511b64 in _start (/workspace/build-asan/tsc+0x74b64) (BuildId: 73a10d7cc646a755f705b0ae57418e68578aec2f)

Indirect leak of 144 byte(s) in 2 object(s) allocated from:
    #0 0x55ca915b5858 in malloc (/workspace/build-asan/tsc+0x118858) (BuildId: 73a10d7cc646a755f705b0ae57418e68578aec2f)
    #1 0x7ff5c4ec87d6 in llvm::SmallVectorBase<unsigned int>::mallocForGrow(void*, unsigned long, unsigned long, unsigned long&) (/usr/lib/llvm-20/lib/libLLVM.so.20.1+0xfac7d6) (BuildId: b856c61f98abf0989f157f153740fe0fadfbb760)
    #2 0x7ff5c5a01e2c in llvm::SmallVectorTemplateBase<std::vector<std::pair<unsigned short, llvm::LegacyLegalizeActions::LegacyLegalizeAction>, std::allocator<std::pair<unsigned short, llvm::LegacyLegalizeActions::LegacyLegalizeAction>>>, false>::grow(unsigned long) (/usr/lib/llvm-20/lib/libLLVM.so.20.1+0x1ae5e2c) (BuildId: b856c61f98abf0989f157f153740fe0fadfbb760)
    #3 0x7ff5c5a01a32  (/usr/lib/llvm-20/lib/libLLVM.so.20.1+0x1ae5a32) (BuildId: b856c61f98abf0989f157f153740fe0fadfbb760)
    #4 0x7ff5c59fece3 in llvm::LegacyLegalizerInfo::LegacyLegalizerInfo() (/usr/lib/llvm-20/lib/libLLVM.so.20.1+0x1ae2ce3) (BuildId: b856c61f98abf0989f157f153740fe0fadfbb760)
    #5 0x7ff5c7b28493  (/usr/lib/llvm-20/lib/libLLVM.so.20.1+0x3c0c493) (BuildId: b856c61f98abf0989f157f153740fe0fadfbb760)
    #6 0x7ff5c7b6091a  (/usr/lib/llvm-20/lib/libLLVM.so.20.1+0x3c4491a) (BuildId: b856c61f98abf0989f157f153740fe0fadfbb760)
    #7 0x7ff5c7b6188a  (/usr/lib/llvm-20/lib/libLLVM.so.20.1+0x3c4588a) (BuildId: b856c61f98abf0989f157f153740fe0fadfbb760)
    #8 0x7ff5c7b62a6c  (/usr/lib/llvm-20/lib/libLLVM.so.20.1+0x3c46a6c) (BuildId: b856c61f98abf0989f157f153740fe0fadfbb760)
    #9 0x55ca91648523 in llvm::Target::createTargetMachine(llvm::StringRef, llvm::StringRef, llvm::StringRef, llvm::TargetOptions const&, std::optional<llvm::Reloc::Model>, std::optional<llvm::CodeModel::Model>, llvm::CodeGenOptLevel, bool) const /usr/lib/llvm-20/include/llvm/MC/TargetRegistry.h:462:12
    #10 0x55ca9163a09e in tsc::TargetRegistry::initializeAllTargets() /workspace/src/TargetRegistry.cpp:67:41
    #11 0x55ca9162bdcd in tsc::Compiler::initializeLLVM() /workspace/src/Compiler.cpp:349:14
    #12 0x55ca9162b8b7 in tsc::Compiler::Compiler(tsc::CompilerOptions const&) /workspace/src/Compiler.cpp:24:5
    #13 0x55ca915fd7b5 in main /workspace/src/main.cpp:191:18
    #14 0x7ff5c395a337  (/lib/x86_64-linux-gnu/libc.so.6+0x2a337) (BuildId: 467f544f15035abef911999cbc14489edd0555ab)
    #15 0x7ff5c395a3fa in __libc_start_main (/lib/x86_64-linux-gnu/libc.so.6+0x2a3fa) (BuildId: 467f544f15035abef911999cbc14489edd0555ab)
    #16 0x55ca91511b64 in _start (/workspace/build-asan/tsc+0x74b64) (BuildId: 73a10d7cc646a755f705b0ae57418e68578aec2f)

Indirect leak of 144 byte(s) in 2 object(s) allocated from:
    #0 0x55ca915b5858 in malloc (/workspace/build-asan/tsc+0x118858) (BuildId: 73a10d7cc646a755f705b0ae57418e68578aec2f)
    #1 0x7ff5c4ec87d6 in llvm::SmallVectorBase<unsigned int>::mallocForGrow(void*, unsigned long, unsigned long, unsigned long&) (/usr/lib/llvm-20/lib/libLLVM.so.20.1+0xfac7d6) (BuildId: b856c61f98abf0989f157f153740fe0fadfbb760)
    #2 0x7ff5c5a01e2c in llvm::SmallVectorTemplateBase<std::vector<std::pair<unsigned short, llvm::LegacyLegalizeActions::LegacyLegalizeAction>, std::allocator<std::pair<unsigned short, llvm::LegacyLegalizeActions::LegacyLegalizeAction>>>, false>::grow(unsigned long) (/usr/lib/llvm-20/lib/libLLVM.so.20.1+0x1ae5e2c) (BuildId: b856c61f98abf0989f157f153740fe0fadfbb760)
    #3 0x7ff5c5a01a32  (/usr/lib/llvm-20/lib/libLLVM.so.20.1+0x1ae5a32) (BuildId: b856c61f98abf0989f157f153740fe0fadfbb760)
    #4 0x7ff5c59fec93 in llvm::LegacyLegalizerInfo::LegacyLegalizerInfo() (/usr/lib/llvm-20/lib/libLLVM.so.20.1+0x1ae2c93) (BuildId: b856c61f98abf0989f157f153740fe0fadfbb760)
    #5 0x7ff5c7b28493  (/usr/lib/llvm-20/lib/libLLVM.so.20.1+0x3c0c493) (BuildId: b856c61f98abf0989f157f153740fe0fadfbb760)
    #6 0x7ff5c7b6091a  (/usr/lib/llvm-20/lib/libLLVM.so.20.1+0x3c4491a) (BuildId: b856c61f98abf0989f157f153740fe0fadfbb760)
    #7 0x7ff5c7b61a19  (/usr/lib/llvm-20/lib/libLLVM.so.20.1+0x3c45a19) (BuildId: b856c61f98abf0989f157f153740fe0fadfbb760)
    #8 0x7ff5c7b62a6c  (/usr/lib/llvm-20/lib/libLLVM.so.20.1+0x3c46a6c) (BuildId: b856c61f98abf0989f157f153740fe0fadfbb760)
    #9 0x55ca91648523 in llvm::Target::createTargetMachine(llvm::StringRef, llvm::StringRef, llvm::StringRef, llvm::TargetOptions const&, std::optional<llvm::Reloc::Model>, std::optional<llvm::CodeModel::Model>, llvm::CodeGenOptLevel, bool) const /usr/lib/llvm-20/include/llvm/MC/TargetRegistry.h:462:12
    #10 0x55ca9163a09e in tsc::TargetRegistry::initializeAllTargets() /workspace/src/TargetRegistry.cpp:67:41
    #11 0x55ca9162bdcd in tsc::Compiler::initializeLLVM() /workspace/src/Compiler.cpp:349:14
    #12 0x55ca9162b8b7 in tsc::Compiler::Compiler(tsc::CompilerOptions const&) /workspace/src/Compiler.cpp:24:5
    #13 0x55ca915fd7b5 in main /workspace/src/main.cpp:191:18
    #14 0x7ff5c395a337  (/lib/x86_64-linux-gnu/libc.so.6+0x2a337) (BuildId: 467f544f15035abef911999cbc14489edd0555ab)
    #15 0x7ff5c395a3fa in __libc_start_main (/lib/x86_64-linux-gnu/libc.so.6+0x2a3fa) (BuildId: 467f544f15035abef911999cbc14489edd0555ab)
    #16 0x55ca91511b64 in _start (/workspace/build-asan/tsc+0x74b64) (BuildId: 73a10d7cc646a755f705b0ae57418e68578aec2f)

Indirect leak of 144 byte(s) in 3 object(s) allocated from:
    #0 0x55ca915fa191 in operator new(unsigned long) (/workspace/build-asan/tsc+0x15d191) (BuildId: 73a10d7cc646a755f705b0ae57418e68578aec2f)
    #1 0x7ff5c78cce51  (/usr/lib/llvm-20/lib/libLLVM.so.20.1+0x39b0e51) (BuildId: b856c61f98abf0989f157f153740fe0fadfbb760)
    #2 0x7ff5c52d0707 in llvm::CodeGenTargetMachineImpl::initAsmInfo() (/usr/lib/llvm-20/lib/libLLVM.so.20.1+0x13b4707) (BuildId: b856c61f98abf0989f157f153740fe0fadfbb760)
    #3 0x7ff5c78a4a11  (/usr/lib/llvm-20/lib/libLLVM.so.20.1+0x3988a11) (BuildId: b856c61f98abf0989f157f153740fe0fadfbb760)
    #4 0x7ff5c78a5f8a  (/usr/lib/llvm-20/lib/libLLVM.so.20.1+0x3989f8a) (BuildId: b856c61f98abf0989f157f153740fe0fadfbb760)
    #5 0x55ca91648523 in llvm::Target::createTargetMachine(llvm::StringRef, llvm::StringRef, llvm::StringRef, llvm::TargetOptions const&, std::optional<llvm::Reloc::Model>, std::optional<llvm::CodeModel::Model>, llvm::CodeGenOptLevel, bool) const /usr/lib/llvm-20/include/llvm/MC/TargetRegistry.h:462:12
    #6 0x55ca9163a09e in tsc::TargetRegistry::initializeAllTargets() /workspace/src/TargetRegistry.cpp:67:41
    #7 0x55ca9162bdcd in tsc::Compiler::initializeLLVM() /workspace/src/Compiler.cpp:349:14
    #8 0x55ca9162b8b7 in tsc::Compiler::Compiler(tsc::CompilerOptions const&) /workspace/src/Compiler.cpp:24:5
    #9 0x55ca915fd7b5 in main /workspace/src/main.cpp:191:18
    #10 0x7ff5c395a337  (/lib/x86_64-linux-gnu/libc.so.6+0x2a337) (BuildId: 467f544f15035abef911999cbc14489edd0555ab)
    #11 0x7ff5c395a3fa in __libc_start_main (/lib/x86_64-linux-gnu/libc.so.6+0x2a3fa) (BuildId: 467f544f15035abef911999cbc14489edd0555ab)
    #12 0x55ca91511b64 in _start (/workspace/build-asan/tsc+0x74b64) (BuildId: 73a10d7cc646a755f705b0ae57418e68578aec2f)

Indirect leak of 144 byte(s) in 2 object(s) allocated from:
    #0 0x55ca915fa191 in operator new(unsigned long) (/workspace/build-asan/tsc+0x15d191) (BuildId: 73a10d7cc646a755f705b0ae57418e68578aec2f)
    #1 0x7ff5c7b2b36b  (/usr/lib/llvm-20/lib/libLLVM.so.20.1+0x3c0f36b) (BuildId: b856c61f98abf0989f157f153740fe0fadfbb760)
    #2 0x7ff5c6f3998b  (/usr/lib/llvm-20/lib/libLLVM.so.20.1+0x301d98b) (BuildId: b856c61f98abf0989f157f153740fe0fadfbb760)
    #3 0x7ff5c6f398a6  (/usr/lib/llvm-20/lib/libLLVM.so.20.1+0x301d8a6) (BuildId: b856c61f98abf0989f157f153740fe0fadfbb760)
    #4 0x7ff5c7b2881f  (/usr/lib/llvm-20/lib/libLLVM.so.20.1+0x3c0c81f) (BuildId: b856c61f98abf0989f157f153740fe0fadfbb760)
    #5 0x7ff5c7b6091a  (/usr/lib/llvm-20/lib/libLLVM.so.20.1+0x3c4491a) (BuildId: b856c61f98abf0989f157f153740fe0fadfbb760)
    #6 0x7ff5c7b61a19  (/usr/lib/llvm-20/lib/libLLVM.so.20.1+0x3c45a19) (BuildId: b856c61f98abf0989f157f153740fe0fadfbb760)
    #7 0x7ff5c7b62a6c  (/usr/lib/llvm-20/lib/libLLVM.so.20.1+0x3c46a6c) (BuildId: b856c61f98abf0989f157f153740fe0fadfbb760)
    #8 0x55ca91648523 in llvm::Target::createTargetMachine(llvm::StringRef, llvm::StringRef, llvm::StringRef, llvm::TargetOptions const&, std::optional<llvm::Reloc::Model>, std::optional<llvm::CodeModel::Model>, llvm::CodeGenOptLevel, bool) const /usr/lib/llvm-20/include/llvm/MC/TargetRegistry.h:462:12
    #9 0x55ca9163a09e in tsc::TargetRegistry::initializeAllTargets() /workspace/src/TargetRegistry.cpp:67:41
    #10 0x55ca9162bdcd in tsc::Compiler::initializeLLVM() /workspace/src/Compiler.cpp:349:14
    #11 0x55ca9162b8b7 in tsc::Compiler::Compiler(tsc::CompilerOptions const&) /workspace/src/Compiler.cpp:24:5
    #12 0x55ca915fd7b5 in main /workspace/src/main.cpp:191:18
    #13 0x7ff5c395a337  (/lib/x86_64-linux-gnu/libc.so.6+0x2a337) (BuildId: 467f544f15035abef911999cbc14489edd0555ab)
    #14 0x7ff5c395a3fa in __libc_start_main (/lib/x86_64-linux-gnu/libc.so.6+0x2a3fa) (BuildId: 467f544f15035abef911999cbc14489edd0555ab)
    #15 0x55ca91511b64 in _start (/workspace/build-asan/tsc+0x74b64) (BuildId: 73a10d7cc646a755f705b0ae57418e68578aec2f)

Indirect leak of 138 byte(s) in 2 object(s) allocated from:
    #0 0x55ca915fa191 in operator new(unsigned long) (/workspace/build-asan/tsc+0x15d191) (BuildId: 73a10d7cc646a755f705b0ae57418e68578aec2f)
    #1 0x7ff5c4ff3807 in llvm::DataLayout::parseLayoutString(llvm::StringRef) (/usr/lib/llvm-20/lib/libLLVM.so.20.1+0x10d7807) (BuildId: b856c61f98abf0989f157f153740fe0fadfbb760)
    #2 0x7ff5c4ff3744 in llvm::DataLayout::DataLayout(llvm::StringRef) (/usr/lib/llvm-20/lib/libLLVM.so.20.1+0x10d7744) (BuildId: b856c61f98abf0989f157f153740fe0fadfbb760)
    #3 0x7ff5c6ef490c in llvm::TargetMachine::TargetMachine(llvm::Target const&, llvm::StringRef, llvm::Triple const&, llvm::StringRef, llvm::StringRef, llvm::TargetOptions const&) (/usr/lib/llvm-20/lib/libLLVM.so.20.1+0x2fd890c) (BuildId: b856c61f98abf0989f157f153740fe0fadfbb760)
    #4 0x7ff5c52d0937 in llvm::CodeGenTargetMachineImpl::CodeGenTargetMachineImpl(llvm::Target const&, llvm::StringRef, llvm::Triple const&, llvm::StringRef, llvm::StringRef, llvm::TargetOptions const&, llvm::Reloc::Model, llvm::CodeModel::Model, llvm::CodeGenOptLevel) (/usr/lib/llvm-20/lib/libLLVM.so.20.1+0x13b4937) (BuildId: b856c61f98abf0989f157f153740fe0fadfbb760)
    #5 0x7ff5c80d70c0  (/usr/lib/llvm-20/lib/libLLVM.so.20.1+0x41bb0c0) (BuildId: b856c61f98abf0989f157f153740fe0fadfbb760)
    #6 0x7ff5c80d8f3a  (/usr/lib/llvm-20/lib/libLLVM.so.20.1+0x41bcf3a) (BuildId: b856c61f98abf0989f157f153740fe0fadfbb760)
    #7 0x55ca91648523 in llvm::Target::createTargetMachine(llvm::StringRef, llvm::StringRef, llvm::StringRef, llvm::TargetOptions const&, std::optional<llvm::Reloc::Model>, std::optional<llvm::CodeModel::Model>, llvm::CodeGenOptLevel, bool) const /usr/lib/llvm-20/include/llvm/MC/TargetRegistry.h:462:12
    #8 0x55ca9163a09e in tsc::TargetRegistry::initializeAllTargets() /workspace/src/TargetRegistry.cpp:67:41
    #9 0x55ca9162bdcd in tsc::Compiler::initializeLLVM() /workspace/src/Compiler.cpp:349:14
    #10 0x55ca9162b8b7 in tsc::Compiler::Compiler(tsc::CompilerOptions const&) /workspace/src/Compiler.cpp:24:5
    #11 0x55ca915fd7b5 in main /workspace/src/main.cpp:191:18
    #12 0x7ff5c395a337  (/lib/x86_64-linux-gnu/libc.so.6+0x2a337) (BuildId: 467f544f15035abef911999cbc14489edd0555ab)
    #13 0x7ff5c395a3fa in __libc_start_main (/lib/x86_64-linux-gnu/libc.so.6+0x2a3fa) (BuildId: 467f544f15035abef911999cbc14489edd0555ab)
    #14 0x55ca91511b64 in _start (/workspace/build-asan/tsc+0x74b64) (BuildId: 73a10d7cc646a755f705b0ae57418e68578aec2f)

Indirect leak of 129 byte(s) in 1 object(s) allocated from:
    #0 0x55ca915fa191 in operator new(unsigned long) (/workspace/build-asan/tsc+0x15d191) (BuildId: 73a10d7cc646a755f705b0ae57418e68578aec2f)
    #1 0x7ff5c4ff3807 in llvm::DataLayout::parseLayoutString(llvm::StringRef) (/usr/lib/llvm-20/lib/libLLVM.so.20.1+0x10d7807) (BuildId: b856c61f98abf0989f157f153740fe0fadfbb760)
    #2 0x7ff5c4ff3744 in llvm::DataLayout::DataLayout(llvm::StringRef) (/usr/lib/llvm-20/lib/libLLVM.so.20.1+0x10d7744) (BuildId: b856c61f98abf0989f157f153740fe0fadfbb760)
    #3 0x7ff5c6ef490c in llvm::TargetMachine::TargetMachine(llvm::Target const&, llvm::StringRef, llvm::Triple const&, llvm::StringRef, llvm::StringRef, llvm::TargetOptions const&) (/usr/lib/llvm-20/lib/libLLVM.so.20.1+0x2fd890c) (BuildId: b856c61f98abf0989f157f153740fe0fadfbb760)
    #4 0x7ff5c52d0937 in llvm::CodeGenTargetMachineImpl::CodeGenTargetMachineImpl(llvm::Target const&, llvm::StringRef, llvm::Triple const&, llvm::StringRef, llvm::StringRef, llvm::TargetOptions const&, llvm::Reloc::Model, llvm::CodeModel::Model, llvm::CodeGenOptLevel) (/usr/lib/llvm-20/lib/libLLVM.so.20.1+0x13b4937) (BuildId: b856c61f98abf0989f157f153740fe0fadfbb760)
    #5 0x7ff5c805e495  (/usr/lib/llvm-20/lib/libLLVM.so.20.1+0x4142495) (BuildId: b856c61f98abf0989f157f153740fe0fadfbb760)
    #6 0x7ff5c805ecda  (/usr/lib/llvm-20/lib/libLLVM.so.20.1+0x4142cda) (BuildId: b856c61f98abf0989f157f153740fe0fadfbb760)
    #7 0x55ca91648523 in llvm::Target::createTargetMachine(llvm::StringRef, llvm::StringRef, llvm::StringRef, llvm::TargetOptions const&, std::optional<llvm::Reloc::Model>, std::optional<llvm::CodeModel::Model>, llvm::CodeGenOptLevel, bool) const /usr/lib/llvm-20/include/llvm/MC/TargetRegistry.h:462:12
    #8 0x55ca9163a09e in tsc::TargetRegistry::initializeAllTargets() /workspace/src/TargetRegistry.cpp:67:41
    #9 0x55ca9162bdcd in tsc::Compiler::initializeLLVM() /workspace/src/Compiler.cpp:349:14
    #10 0x55ca9162b8b7 in tsc::Compiler::Compiler(tsc::CompilerOptions const&) /workspace/src/Compiler.cpp:24:5
    #11 0x55ca915fd7b5 in main /workspace/src/main.cpp:191:18
    #12 0x7ff5c395a337  (/lib/x86_64-linux-gnu/libc.so.6+0x2a337) (BuildId: 467f544f15035abef911999cbc14489edd0555ab)
    #13 0x7ff5c395a3fa in __libc_start_main (/lib/x86_64-linux-gnu/libc.so.6+0x2a3fa) (BuildId: 467f544f15035abef911999cbc14489edd0555ab)
    #14 0x55ca91511b64 in _start (/workspace/build-asan/tsc+0x74b64) (BuildId: 73a10d7cc646a755f705b0ae57418e68578aec2f)

Indirect leak of 128 byte(s) in 2 object(s) allocated from:
    #0 0x55ca915fa191 in operator new(unsigned long) (/workspace/build-asan/tsc+0x15d191) (BuildId: 73a10d7cc646a755f705b0ae57418e68578aec2f)
    #1 0x7ff5c6f3afe5  (/usr/lib/llvm-20/lib/libLLVM.so.20.1+0x301efe5) (BuildId: b856c61f98abf0989f157f153740fe0fadfbb760)
    #2 0x7ff5c6f3af97  (/usr/lib/llvm-20/lib/libLLVM.so.20.1+0x301ef97) (BuildId: b856c61f98abf0989f157f153740fe0fadfbb760)
    #3 0x7ff5c6f3998b  (/usr/lib/llvm-20/lib/libLLVM.so.20.1+0x301d98b) (BuildId: b856c61f98abf0989f157f153740fe0fadfbb760)
    #4 0x7ff5c6f398a6  (/usr/lib/llvm-20/lib/libLLVM.so.20.1+0x301d8a6) (BuildId: b856c61f98abf0989f157f153740fe0fadfbb760)
    #5 0x7ff5c6f3aa71  (/usr/lib/llvm-20/lib/libLLVM.so.20.1+0x301ea71) (BuildId: b856c61f98abf0989f157f153740fe0fadfbb760)
    #6 0x7ff5c7b29d5b  (/usr/lib/llvm-20/lib/libLLVM.so.20.1+0x3c0dd5b) (BuildId: b856c61f98abf0989f157f153740fe0fadfbb760)
    #7 0x7ff5c7b6091a  (/usr/lib/llvm-20/lib/libLLVM.so.20.1+0x3c4491a) (BuildId: b856c61f98abf0989f157f153740fe0fadfbb760)
    #8 0x7ff5c7b61a19  (/usr/lib/llvm-20/lib/libLLVM.so.20.1+0x3c45a19) (BuildId: b856c61f98abf0989f157f153740fe0fadfbb760)
    #9 0x7ff5c7b62b2c  (/usr/lib/llvm-20/lib/libLLVM.so.20.1+0x3c46b2c) (BuildId: b856c61f98abf0989f157f153740fe0fadfbb760)
    #10 0x55ca91648523 in llvm::Target::createTargetMachine(llvm::StringRef, llvm::StringRef, llvm::StringRef, llvm::TargetOptions const&, std::optional<llvm::Reloc::Model>, std::optional<llvm::CodeModel::Model>, llvm::CodeGenOptLevel, bool) const /usr/lib/llvm-20/include/llvm/MC/TargetRegistry.h:462:12
    #11 0x55ca9163a09e in tsc::TargetRegistry::initializeAllTargets() /workspace/src/TargetRegistry.cpp:67:41
    #12 0x55ca9162bdcd in tsc::Compiler::initializeLLVM() /workspace/src/Compiler.cpp:349:14
    #13 0x55ca9162b8b7 in tsc::Compiler::Compiler(tsc::CompilerOptions const&) /workspace/src/Compiler.cpp:24:5
    #14 0x55ca915fd7b5 in main /workspace/src/main.cpp:191:18
    #15 0x7ff5c395a337  (/lib/x86_64-linux-gnu/libc.so.6+0x2a337) (BuildId: 467f544f15035abef911999cbc14489edd0555ab)
    #16 0x7ff5c395a3fa in __libc_start_main (/lib/x86_64-linux-gnu/libc.so.6+0x2a3fa) (BuildId: 467f544f15035abef911999cbc14489edd0555ab)
    #17 0x55ca91511b64 in _start (/workspace/build-asan/tsc+0x74b64) (BuildId: 73a10d7cc646a755f705b0ae57418e68578aec2f)

Indirect leak of 128 byte(s) in 2 object(s) allocated from:
    #0 0x55ca915fa191 in operator new(unsigned long) (/workspace/build-asan/tsc+0x15d191) (BuildId: 73a10d7cc646a755f705b0ae57418e68578aec2f)
    #1 0x7ff5c6f3afe5  (/usr/lib/llvm-20/lib/libLLVM.so.20.1+0x301efe5) (BuildId: b856c61f98abf0989f157f153740fe0fadfbb760)
    #2 0x7ff5c6f3af97  (/usr/lib/llvm-20/lib/libLLVM.so.20.1+0x301ef97) (BuildId: b856c61f98abf0989f157f153740fe0fadfbb760)
    #3 0x7ff5c6f3998b  (/usr/lib/llvm-20/lib/libLLVM.so.20.1+0x301d98b) (BuildId: b856c61f98abf0989f157f153740fe0fadfbb760)
    #4 0x7ff5c6f398a6  (/usr/lib/llvm-20/lib/libLLVM.so.20.1+0x301d8a6) (BuildId: b856c61f98abf0989f157f153740fe0fadfbb760)
    #5 0x7ff5c6f3aa71  (/usr/lib/llvm-20/lib/libLLVM.so.20.1+0x301ea71) (BuildId: b856c61f98abf0989f157f153740fe0fadfbb760)
    #6 0x7ff5c7b29d0f  (/usr/lib/llvm-20/lib/libLLVM.so.20.1+0x3c0dd0f) (BuildId: b856c61f98abf0989f157f153740fe0fadfbb760)
    #7 0x7ff5c7b6091a  (/usr/lib/llvm-20/lib/libLLVM.so.20.1+0x3c4491a) (BuildId: b856c61f98abf0989f157f153740fe0fadfbb760)
    #8 0x7ff5c7b61a19  (/usr/lib/llvm-20/lib/libLLVM.so.20.1+0x3c45a19) (BuildId: b856c61f98abf0989f157f153740fe0fadfbb760)
    #9 0x7ff5c7b62b2c  (/usr/lib/llvm-20/lib/libLLVM.so.20.1+0x3c46b2c) (BuildId: b856c61f98abf0989f157f153740fe0fadfbb760)
    #10 0x55ca91648523 in llvm::Target::createTargetMachine(llvm::StringRef, llvm::StringRef, llvm::StringRef, llvm::TargetOptions const&, std::optional<llvm::Reloc::Model>, std::optional<llvm::CodeModel::Model>, llvm::CodeGenOptLevel, bool) const /usr/lib/llvm-20/include/llvm/MC/TargetRegistry.h:462:12
    #11 0x55ca9163a09e in tsc::TargetRegistry::initializeAllTargets() /workspace/src/TargetRegistry.cpp:67:41
    #12 0x55ca9162bdcd in tsc::Compiler::initializeLLVM() /workspace/src/Compiler.cpp:349:14
    #13 0x55ca9162b8b7 in tsc::Compiler::Compiler(tsc::CompilerOptions const&) /workspace/src/Compiler.cpp:24:5
    #14 0x55ca915fd7b5 in main /workspace/src/main.cpp:191:18
    #15 0x7ff5c395a337  (/lib/x86_64-linux-gnu/libc.so.6+0x2a337) (BuildId: 467f544f15035abef911999cbc14489edd0555ab)
    #16 0x7ff5c395a3fa in __libc_start_main (/lib/x86_64-linux-gnu/libc.so.6+0x2a3fa) (BuildId: 467f544f15035abef911999cbc14489edd0555ab)
    #17 0x55ca91511b64 in _start (/workspace/build-asan/tsc+0x74b64) (BuildId: 73a10d7cc646a755f705b0ae57418e68578aec2f)

Indirect leak of 128 byte(s) in 2 object(s) allocated from:
    #0 0x55ca915fa191 in operator new(unsigned long) (/workspace/build-asan/tsc+0x15d191) (BuildId: 73a10d7cc646a755f705b0ae57418e68578aec2f)
    #1 0x7ff5c6f3afe5  (/usr/lib/llvm-20/lib/libLLVM.so.20.1+0x301efe5) (BuildId: b856c61f98abf0989f157f153740fe0fadfbb760)
    #2 0x7ff5c6f3af97  (/usr/lib/llvm-20/lib/libLLVM.so.20.1+0x301ef97) (BuildId: b856c61f98abf0989f157f153740fe0fadfbb760)
    #3 0x7ff5c6f3998b  (/usr/lib/llvm-20/lib/libLLVM.so.20.1+0x301d98b) (BuildId: b856c61f98abf0989f157f153740fe0fadfbb760)
    #4 0x7ff5c6f398a6  (/usr/lib/llvm-20/lib/libLLVM.so.20.1+0x301d8a6) (BuildId: b856c61f98abf0989f157f153740fe0fadfbb760)
    #5 0x7ff5c6f3aa71  (/usr/lib/llvm-20/lib/libLLVM.so.20.1+0x301ea71) (BuildId: b856c61f98abf0989f157f153740fe0fadfbb760)
    #6 0x7ff5c7b29cdd  (/usr/lib/llvm-20/lib/libLLVM.so.20.1+0x3c0dcdd) (BuildId: b856c61f98abf0989f157f153740fe0fadfbb760)
    #7 0x7ff5c7b6091a  (/usr/lib/llvm-20/lib/libLLVM.so.20.1+0x3c4491a) (BuildId: b856c61f98abf0989f157f153740fe0fadfbb760)
    #8 0x7ff5c7b61a19  (/usr/lib/llvm-20/lib/libLLVM.so.20.1+0x3c45a19) (BuildId: b856c61f98abf0989f157f153740fe0fadfbb760)
    #9 0x7ff5c7b62b2c  (/usr/lib/llvm-20/lib/libLLVM.so.20.1+0x3c46b2c) (BuildId: b856c61f98abf0989f157f153740fe0fadfbb760)
    #10 0x55ca91648523 in llvm::Target::createTargetMachine(llvm::StringRef, llvm::StringRef, llvm::StringRef, llvm::TargetOptions const&, std::optional<llvm::Reloc::Model>, std::optional<llvm::CodeModel::Model>, llvm::CodeGenOptLevel, bool) const /usr/lib/llvm-20/include/llvm/MC/TargetRegistry.h:462:12
    #11 0x55ca9163a09e in tsc::TargetRegistry::initializeAllTargets() /workspace/src/TargetRegistry.cpp:67:41
    #12 0x55ca9162bdcd in tsc::Compiler::initializeLLVM() /workspace/src/Compiler.cpp:349:14
    #13 0x55ca9162b8b7 in tsc::Compiler::Compiler(tsc::CompilerOptions const&) /workspace/src/Compiler.cpp:24:5
    #14 0x55ca915fd7b5 in main /workspace/src/main.cpp:191:18
    #15 0x7ff5c395a337  (/lib/x86_64-linux-gnu/libc.so.6+0x2a337) (BuildId: 467f544f15035abef911999cbc14489edd0555ab)
    #16 0x7ff5c395a3fa in __libc_start_main (/lib/x86_64-linux-gnu/libc.so.6+0x2a3fa) (BuildId: 467f544f15035abef911999cbc14489edd0555ab)
    #17 0x55ca91511b64 in _start (/workspace/build-asan/tsc+0x74b64) (BuildId: 73a10d7cc646a755f705b0ae57418e68578aec2f)

Indirect leak of 128 byte(s) in 2 object(s) allocated from:
    #0 0x55ca915fa191 in operator new(unsigned long) (/workspace/build-asan/tsc+0x15d191) (BuildId: 73a10d7cc646a755f705b0ae57418e68578aec2f)
    #1 0x7ff5c6f3afe5  (/usr/lib/llvm-20/lib/libLLVM.so.20.1+0x301efe5) (BuildId: b856c61f98abf0989f157f153740fe0fadfbb760)
    #2 0x7ff5c6f3af97  (/usr/lib/llvm-20/lib/libLLVM.so.20.1+0x301ef97) (BuildId: b856c61f98abf0989f157f153740fe0fadfbb760)
    #3 0x7ff5c6f3998b  (/usr/lib/llvm-20/lib/libLLVM.so.20.1+0x301d98b) (BuildId: b856c61f98abf0989f157f153740fe0fadfbb760)
    #4 0x7ff5c6f398a6  (/usr/lib/llvm-20/lib/libLLVM.so.20.1+0x301d8a6) (BuildId: b856c61f98abf0989f157f153740fe0fadfbb760)
    #5 0x7ff5c6f3aa71  (/usr/lib/llvm-20/lib/libLLVM.so.20.1+0x301ea71) (BuildId: b856c61f98abf0989f157f153740fe0fadfbb760)
    #6 0x7ff5c7b29c8e  (/usr/lib/llvm-20/lib/libLLVM.so.20.1+0x3c0dc8e) (BuildId: b856c61f98abf0989f157f153740fe0fadfbb760)
    #7 0x7ff5c7b6091a  (/usr/lib/llvm-20/lib/libLLVM.so.20.1+0x3c4491a) (BuildId: b856c61f98abf0989f157f153740fe0fadfbb760)
    #8 0x7ff5c7b61a19  (/usr/lib/llvm-20/lib/libLLVM.so.20.1+0x3c45a19) (BuildId: b856c61f98abf0989f157f153740fe0fadfbb760)
    #9 0x7ff5c7b62b2c  (/usr/lib/llvm-20/lib/libLLVM.so.20.1+0x3c46b2c) (BuildId: b856c61f98abf0989f157f153740fe0fadfbb760)
    #10 0x55ca91648523 in llvm::Target::createTargetMachine(llvm::StringRef, llvm::StringRef, llvm::StringRef, llvm::TargetOptions const&, std::optional<llvm::Reloc::Model>, std::optional<llvm::CodeModel::Model>, llvm::CodeGenOptLevel, bool) const /usr/lib/llvm-20/include/llvm/MC/TargetRegistry.h:462:12
    #11 0x55ca9163a09e in tsc::TargetRegistry::initializeAllTargets() /workspace/src/TargetRegistry.cpp:67:41
    #12 0x55ca9162bdcd in tsc::Compiler::initializeLLVM() /workspace/src/Compiler.cpp:349:14
    #13 0x55ca9162b8b7 in tsc::Compiler::Compiler(tsc::CompilerOptions const&) /workspace/src/Compiler.cpp:24:5
    #14 0x55ca915fd7b5 in main /workspace/src/main.cpp:191:18
    #15 0x7ff5c395a337  (/lib/x86_64-linux-gnu/libc.so.6+0x2a337) (BuildId: 467f544f15035abef911999cbc14489edd0555ab)
    #16 0x7ff5c395a3fa in __libc_start_main (/lib/x86_64-linux-gnu/libc.so.6+0x2a3fa) (BuildId: 467f544f15035abef911999cbc14489edd0555ab)
    #17 0x55ca91511b64 in _start (/workspace/build-asan/tsc+0x74b64) (BuildId: 73a10d7cc646a755f705b0ae57418e68578aec2f)

Indirect leak of 128 byte(s) in 2 object(s) allocated from:
    #0 0x55ca915fa191 in operator new(unsigned long) (/workspace/build-asan/tsc+0x15d191) (BuildId: 73a10d7cc646a755f705b0ae57418e68578aec2f)
    #1 0x7ff5c6f3afe5  (/usr/lib/llvm-20/lib/libLLVM.so.20.1+0x301efe5) (BuildId: b856c61f98abf0989f157f153740fe0fadfbb760)
    #2 0x7ff5c6f3af97  (/usr/lib/llvm-20/lib/libLLVM.so.20.1+0x301ef97) (BuildId: b856c61f98abf0989f157f153740fe0fadfbb760)
    #3 0x7ff5c6f3998b  (/usr/lib/llvm-20/lib/libLLVM.so.20.1+0x301d98b) (BuildId: b856c61f98abf0989f157f153740fe0fadfbb760)
    #4 0x7ff5c6f398a6  (/usr/lib/llvm-20/lib/libLLVM.so.20.1+0x301d8a6) (BuildId: b856c61f98abf0989f157f153740fe0fadfbb760)
    #5 0x7ff5c6f3aa71  (/usr/lib/llvm-20/lib/libLLVM.so.20.1+0x301ea71) (BuildId: b856c61f98abf0989f157f153740fe0fadfbb760)
    #6 0x7ff5c7b29c5c  (/usr/lib/llvm-20/lib/libLLVM.so.20.1+0x3c0dc5c) (BuildId: b856c61f98abf0989f157f153740fe0fadfbb760)
    #7 0x7ff5c7b6091a  (/usr/lib/llvm-20/lib/libLLVM.so.20.1+0x3c4491a) (BuildId: b856c61f98abf0989f157f153740fe0fadfbb760)
    #8 0x7ff5c7b61a19  (/usr/lib/llvm-20/lib/libLLVM.so.20.1+0x3c45a19) (BuildId: b856c61f98abf0989f157f153740fe0fadfbb760)
    #9 0x7ff5c7b62b2c  (/usr/lib/llvm-20/lib/libLLVM.so.20.1+0x3c46b2c) (BuildId: b856c61f98abf0989f157f153740fe0fadfbb760)
    #10 0x55ca91648523 in llvm::Target::createTargetMachine(llvm::StringRef, llvm::StringRef, llvm::StringRef, llvm::TargetOptions const&, std::optional<llvm::Reloc::Model>, std::optional<llvm::CodeModel::Model>, llvm::CodeGenOptLevel, bool) const /usr/lib/llvm-20/include/llvm/MC/TargetRegistry.h:462:12
    #11 0x55ca9163a09e in tsc::TargetRegistry::initializeAllTargets() /workspace/src/TargetRegistry.cpp:67:41
    #12 0x55ca9162bdcd in tsc::Compiler::initializeLLVM() /workspace/src/Compiler.cpp:349:14
    #13 0x55ca9162b8b7 in tsc::Compiler::Compiler(tsc::CompilerOptions const&) /workspace/src/Compiler.cpp:24:5
    #14 0x55ca915fd7b5 in main /workspace/src/main.cpp:191:18
    #15 0x7ff5c395a337  (/lib/x86_64-linux-gnu/libc.so.6+0x2a337) (BuildId: 467f544f15035abef911999cbc14489edd0555ab)
    #16 0x7ff5c395a3fa in __libc_start_main (/lib/x86_64-linux-gnu/libc.so.6+0x2a3fa) (BuildId: 467f544f15035abef911999cbc14489edd0555ab)
    #17 0x55ca91511b64 in _start (/workspace/build-asan/tsc+0x74b64) (BuildId: 73a10d7cc646a755f705b0ae57418e68578aec2f)

Indirect leak of 128 byte(s) in 2 object(s) allocated from:
    #0 0x55ca915fa191 in operator new(unsigned long) (/workspace/build-asan/tsc+0x15d191) (BuildId: 73a10d7cc646a755f705b0ae57418e68578aec2f)
    #1 0x7ff5c6f3afe5  (/usr/lib/llvm-20/lib/libLLVM.so.20.1+0x301efe5) (BuildId: b856c61f98abf0989f157f153740fe0fadfbb760)
    #2 0x7ff5c6f3af97  (/usr/lib/llvm-20/lib/libLLVM.so.20.1+0x301ef97) (BuildId: b856c61f98abf0989f157f153740fe0fadfbb760)
    #3 0x7ff5c6f3998b  (/usr/lib/llvm-20/lib/libLLVM.so.20.1+0x301d98b) (BuildId: b856c61f98abf0989f157f153740fe0fadfbb760)
    #4 0x7ff5c6f398a6  (/usr/lib/llvm-20/lib/libLLVM.so.20.1+0x301d8a6) (BuildId: b856c61f98abf0989f157f153740fe0fadfbb760)
    #5 0x7ff5c6f3aa71  (/usr/lib/llvm-20/lib/libLLVM.so.20.1+0x301ea71) (BuildId: b856c61f98abf0989f157f153740fe0fadfbb760)
    #6 0x7ff5c7b29241  (/usr/lib/llvm-20/lib/libLLVM.so.20.1+0x3c0d241) (BuildId: b856c61f98abf0989f157f153740fe0fadfbb760)
    #7 0x7ff5c7b6091a  (/usr/lib/llvm-20/lib/libLLVM.so.20.1+0x3c4491a) (BuildId: b856c61f98abf0989f157f153740fe0fadfbb760)
    #8 0x7ff5c7b61a19  (/usr/lib/llvm-20/lib/libLLVM.so.20.1+0x3c45a19) (BuildId: b856c61f98abf0989f157f153740fe0fadfbb760)
    #9 0x7ff5c7b62b2c  (/usr/lib/llvm-20/lib/libLLVM.so.20.1+0x3c46b2c) (BuildId: b856c61f98abf0989f157f153740fe0fadfbb760)
    #10 0x55ca91648523 in llvm::Target::createTargetMachine(llvm::StringRef, llvm::StringRef, llvm::StringRef, llvm::TargetOptions const&, std::optional<llvm::Reloc::Model>, std::optional<llvm::CodeModel::Model>, llvm::CodeGenOptLevel, bool) const /usr/lib/llvm-20/include/llvm/MC/TargetRegistry.h:462:12
    #11 0x55ca9163a09e in tsc::TargetRegistry::initializeAllTargets() /workspace/src/TargetRegistry.cpp:67:41
    #12 0x55ca9162bdcd in tsc::Compiler::initializeLLVM() /workspace/src/Compiler.cpp:349:14
    #13 0x55ca9162b8b7 in tsc::Compiler::Compiler(tsc::CompilerOptions const&) /workspace/src/Compiler.cpp:24:5
    #14 0x55ca915fd7b5 in main /workspace/src/main.cpp:191:18
    #15 0x7ff5c395a337  (/lib/x86_64-linux-gnu/libc.so.6+0x2a337) (BuildId: 467f544f15035abef911999cbc14489edd0555ab)
    #16 0x7ff5c395a3fa in __libc_start_main (/lib/x86_64-linux-gnu/libc.so.6+0x2a3fa) (BuildId: 467f544f15035abef911999cbc14489edd0555ab)
    #17 0x55ca91511b64 in _start (/workspace/build-asan/tsc+0x74b64) (BuildId: 73a10d7cc646a755f705b0ae57418e68578aec2f)

Indirect leak of 128 byte(s) in 2 object(s) allocated from:
    #0 0x55ca915fa191 in operator new(unsigned long) (/workspace/build-asan/tsc+0x15d191) (BuildId: 73a10d7cc646a755f705b0ae57418e68578aec2f)
    #1 0x7ff5c6f3afe5  (/usr/lib/llvm-20/lib/libLLVM.so.20.1+0x301efe5) (BuildId: b856c61f98abf0989f157f153740fe0fadfbb760)
    #2 0x7ff5c6f3af97  (/usr/lib/llvm-20/lib/libLLVM.so.20.1+0x301ef97) (BuildId: b856c61f98abf0989f157f153740fe0fadfbb760)
    #3 0x7ff5c6f3998b  (/usr/lib/llvm-20/lib/libLLVM.so.20.1+0x301d98b) (BuildId: b856c61f98abf0989f157f153740fe0fadfbb760)
    #4 0x7ff5c6f398a6  (/usr/lib/llvm-20/lib/libLLVM.so.20.1+0x301d8a6) (BuildId: b856c61f98abf0989f157f153740fe0fadfbb760)
    #5 0x7ff5c6f3aa71  (/usr/lib/llvm-20/lib/libLLVM.so.20.1+0x301ea71) (BuildId: b856c61f98abf0989f157f153740fe0fadfbb760)
    #6 0x7ff5c7b28d6b  (/usr/lib/llvm-20/lib/libLLVM.so.20.1+0x3c0cd6b) (BuildId: b856c61f98abf0989f157f153740fe0fadfbb760)
    #7 0x7ff5c7b6091a  (/usr/lib/llvm-20/lib/libLLVM.so.20.1+0x3c4491a) (BuildId: b856c61f98abf0989f157f153740fe0fadfbb760)
    #8 0x7ff5c7b61a19  (/usr/lib/llvm-20/lib/libLLVM.so.20.1+0x3c45a19) (BuildId: b856c61f98abf0989f157f153740fe0fadfbb760)
    #9 0x7ff5c7b62b2c  (/usr/lib/llvm-20/lib/libLLVM.so.20.1+0x3c46b2c) (BuildId: b856c61f98abf0989f157f153740fe0fadfbb760)
    #10 0x55ca91648523 in llvm::Target::createTargetMachine(llvm::StringRef, llvm::StringRef, llvm::StringRef, llvm::TargetOptions const&, std::optional<llvm::Reloc::Model>, std::optional<llvm::CodeModel::Model>, llvm::CodeGenOptLevel, bool) const /usr/lib/llvm-20/include/llvm/MC/TargetRegistry.h:462:12
    #11 0x55ca9163a09e in tsc::TargetRegistry::initializeAllTargets() /workspace/src/TargetRegistry.cpp:67:41
    #12 0x55ca9162bdcd in tsc::Compiler::initializeLLVM() /workspace/src/Compiler.cpp:349:14
    #13 0x55ca9162b8b7 in tsc::Compiler::Compiler(tsc::CompilerOptions const&) /workspace/src/Compiler.cpp:24:5
    #14 0x55ca915fd7b5 in main /workspace/src/main.cpp:191:18
    #15 0x7ff5c395a337  (/lib/x86_64-linux-gnu/libc.so.6+0x2a337) (BuildId: 467f544f15035abef911999cbc14489edd0555ab)
    #16 0x7ff5c395a3fa in __libc_start_main (/lib/x86_64-linux-gnu/libc.so.6+0x2a3fa) (BuildId: 467f544f15035abef911999cbc14489edd0555ab)
    #17 0x55ca91511b64 in _start (/workspace/build-asan/tsc+0x74b64) (BuildId: 73a10d7cc646a755f705b0ae57418e68578aec2f)

Indirect leak of 128 byte(s) in 2 object(s) allocated from:
    #0 0x55ca915fa191 in operator new(unsigned long) (/workspace/build-asan/tsc+0x15d191) (BuildId: 73a10d7cc646a755f705b0ae57418e68578aec2f)
    #1 0x7ff5c6f3afe5  (/usr/lib/llvm-20/lib/libLLVM.so.20.1+0x301efe5) (BuildId: b856c61f98abf0989f157f153740fe0fadfbb760)
    #2 0x7ff5c6f3af97  (/usr/lib/llvm-20/lib/libLLVM.so.20.1+0x301ef97) (BuildId: b856c61f98abf0989f157f153740fe0fadfbb760)
    #3 0x7ff5c6f3998b  (/usr/lib/llvm-20/lib/libLLVM.so.20.1+0x301d98b) (BuildId: b856c61f98abf0989f157f153740fe0fadfbb760)
    #4 0x7ff5c6f398a6  (/usr/lib/llvm-20/lib/libLLVM.so.20.1+0x301d8a6) (BuildId: b856c61f98abf0989f157f153740fe0fadfbb760)
    #5 0x7ff5c6f3aa71  (/usr/lib/llvm-20/lib/libLLVM.so.20.1+0x301ea71) (BuildId: b856c61f98abf0989f157f153740fe0fadfbb760)
    #6 0x7ff5c7b29e11  (/usr/lib/llvm-20/lib/libLLVM.so.20.1+0x3c0de11) (BuildId: b856c61f98abf0989f157f153740fe0fadfbb760)
    #7 0x7ff5c7b6091a  (/usr/lib/llvm-20/lib/libLLVM.so.20.1+0x3c4491a) (BuildId: b856c61f98abf0989f157f153740fe0fadfbb760)
    #8 0x7ff5c7b6188a  (/usr/lib/llvm-20/lib/libLLVM.so.20.1+0x3c4588a) (BuildId: b856c61f98abf0989f157f153740fe0fadfbb760)
    #9 0x7ff5c7b62b2c  (/usr/lib/llvm-20/lib/libLLVM.so.20.1+0x3c46b2c) (BuildId: b856c61f98abf0989f157f153740fe0fadfbb760)
    #10 0x55ca91648523 in llvm::Target::createTargetMachine(llvm::StringRef, llvm::StringRef, llvm::StringRef, llvm::TargetOptions const&, std::optional<llvm::Reloc::Model>, std::optional<llvm::CodeModel::Model>, llvm::CodeGenOptLevel, bool) const /usr/lib/llvm-20/include/llvm/MC/TargetRegistry.h:462:12
    #11 0x55ca9163a09e in tsc::TargetRegistry::initializeAllTargets() /workspace/src/TargetRegistry.cpp:67:41
    #12 0x55ca9162bdcd in tsc::Compiler::initializeLLVM() /workspace/src/Compiler.cpp:349:14
    #13 0x55ca9162b8b7 in tsc::Compiler::Compiler(tsc::CompilerOptions const&) /workspace/src/Compiler.cpp:24:5
    #14 0x55ca915fd7b5 in main /workspace/src/main.cpp:191:18
    #15 0x7ff5c395a337  (/lib/x86_64-linux-gnu/libc.so.6+0x2a337) (BuildId: 467f544f15035abef911999cbc14489edd0555ab)
    #16 0x7ff5c395a3fa in __libc_start_main (/lib/x86_64-linux-gnu/libc.so.6+0x2a3fa) (BuildId: 467f544f15035abef911999cbc14489edd0555ab)
    #17 0x55ca91511b64 in _start (/workspace/build-asan/tsc+0x74b64) (BuildId: 73a10d7cc646a755f705b0ae57418e68578aec2f)

Indirect leak of 128 byte(s) in 2 object(s) allocated from:
    #0 0x55ca915fa191 in operator new(unsigned long) (/workspace/build-asan/tsc+0x15d191) (BuildId: 73a10d7cc646a755f705b0ae57418e68578aec2f)
    #1 0x7ff5c6f3afe5  (/usr/lib/llvm-20/lib/libLLVM.so.20.1+0x301efe5) (BuildId: b856c61f98abf0989f157f153740fe0fadfbb760)
    #2 0x7ff5c6f3af97  (/usr/lib/llvm-20/lib/libLLVM.so.20.1+0x301ef97) (BuildId: b856c61f98abf0989f157f153740fe0fadfbb760)
    #3 0x7ff5c6f3998b  (/usr/lib/llvm-20/lib/libLLVM.so.20.1+0x301d98b) (BuildId: b856c61f98abf0989f157f153740fe0fadfbb760)
    #4 0x7ff5c6f398a6  (/usr/lib/llvm-20/lib/libLLVM.so.20.1+0x301d8a6) (BuildId: b856c61f98abf0989f157f153740fe0fadfbb760)
    #5 0x7ff5c6f3aa71  (/usr/lib/llvm-20/lib/libLLVM.so.20.1+0x301ea71) (BuildId: b856c61f98abf0989f157f153740fe0fadfbb760)
    #6 0x7ff5c7b29ddf  (/usr/lib/llvm-20/lib/libLLVM.so.20.1+0x3c0dddf) (BuildId: b856c61f98abf0989f157f153740fe0fadfbb760)
    #7 0x7ff5c7b6091a  (/usr/lib/llvm-20/lib/libLLVM.so.20.1+0x3c4491a) (BuildId: b856c61f98abf0989f157f153740fe0fadfbb760)
    #8 0x7ff5c7b6188a  (/usr/lib/llvm-20/lib/libLLVM.so.20.1+0x3c4588a) (BuildId: b856c61f98abf0989f157f153740fe0fadfbb760)
    #9 0x7ff5c7b62b2c  (/usr/lib/llvm-20/lib/libLLVM.so.20.1+0x3c46b2c) (BuildId: b856c61f98abf0989f157f153740fe0fadfbb760)
    #10 0x55ca91648523 in llvm::Target::createTargetMachine(llvm::StringRef, llvm::StringRef, llvm::StringRef, llvm::TargetOptions const&, std::optional<llvm::Reloc::Model>, std::optional<llvm::CodeModel::Model>, llvm::CodeGenOptLevel, bool) const /usr/lib/llvm-20/include/llvm/MC/TargetRegistry.h:462:12
    #11 0x55ca9163a09e in tsc::TargetRegistry::initializeAllTargets() /workspace/src/TargetRegistry.cpp:67:41
    #12 0x55ca9162bdcd in tsc::Compiler::initializeLLVM() /workspace/src/Compiler.cpp:349:14
    #13 0x55ca9162b8b7 in tsc::Compiler::Compiler(tsc::CompilerOptions const&) /workspace/src/Compiler.cpp:24:5
    #14 0x55ca915fd7b5 in main /workspace/src/main.cpp:191:18
    #15 0x7ff5c395a337  (/lib/x86_64-linux-gnu/libc.so.6+0x2a337) (BuildId: 467f544f15035abef911999cbc14489edd0555ab)
    #16 0x7ff5c395a3fa in __libc_start_main (/lib/x86_64-linux-gnu/libc.so.6+0x2a3fa) (BuildId: 467f544f15035abef911999cbc14489edd0555ab)
    #17 0x55ca91511b64 in _start (/workspace/build-asan/tsc+0x74b64) (BuildId: 73a10d7cc646a755f705b0ae57418e68578aec2f)

Indirect leak of 128 byte(s) in 2 object(s) allocated from:
    #0 0x55ca915fa191 in operator new(unsigned long) (/workspace/build-asan/tsc+0x15d191) (BuildId: 73a10d7cc646a755f705b0ae57418e68578aec2f)
    #1 0x7ff5c6f3afe5  (/usr/lib/llvm-20/lib/libLLVM.so.20.1+0x301efe5) (BuildId: b856c61f98abf0989f157f153740fe0fadfbb760)
    #2 0x7ff5c6f3af97  (/usr/lib/llvm-20/lib/libLLVM.so.20.1+0x301ef97) (BuildId: b856c61f98abf0989f157f153740fe0fadfbb760)
    #3 0x7ff5c6f3998b  (/usr/lib/llvm-20/lib/libLLVM.so.20.1+0x301d98b) (BuildId: b856c61f98abf0989f157f153740fe0fadfbb760)
    #4 0x7ff5c6f398a6  (/usr/lib/llvm-20/lib/libLLVM.so.20.1+0x301d8a6) (BuildId: b856c61f98abf0989f157f153740fe0fadfbb760)
    #5 0x7ff5c6f3aa71  (/usr/lib/llvm-20/lib/libLLVM.so.20.1+0x301ea71) (BuildId: b856c61f98abf0989f157f153740fe0fadfbb760)
    #6 0x7ff5c7b29d8d  (/usr/lib/llvm-20/lib/libLLVM.so.20.1+0x3c0dd8d) (BuildId: b856c61f98abf0989f157f153740fe0fadfbb760)
    #7 0x7ff5c7b6091a  (/usr/lib/llvm-20/lib/libLLVM.so.20.1+0x3c4491a) (BuildId: b856c61f98abf0989f157f153740fe0fadfbb760)
    #8 0x7ff5c7b6188a  (/usr/lib/llvm-20/lib/libLLVM.so.20.1+0x3c4588a) (BuildId: b856c61f98abf0989f157f153740fe0fadfbb760)
    #9 0x7ff5c7b62b2c  (/usr/lib/llvm-20/lib/libLLVM.so.20.1+0x3c46b2c) (BuildId: b856c61f98abf0989f157f153740fe0fadfbb760)
    #10 0x55ca91648523 in llvm::Target::createTargetMachine(llvm::StringRef, llvm::StringRef, llvm::StringRef, llvm::TargetOptions const&, std::optional<llvm::Reloc::Model>, std::optional<llvm::CodeModel::Model>, llvm::CodeGenOptLevel, bool) const /usr/lib/llvm-20/include/llvm/MC/TargetRegistry.h:462:12
    #11 0x55ca9163a09e in tsc::TargetRegistry::initializeAllTargets() /workspace/src/TargetRegistry.cpp:67:41
    #12 0x55ca9162bdcd in tsc::Compiler::initializeLLVM() /workspace/src/Compiler.cpp:349:14
    #13 0x55ca9162b8b7 in tsc::Compiler::Compiler(tsc::CompilerOptions const&) /workspace/src/Compiler.cpp:24:5
    #14 0x55ca915fd7b5 in main /workspace/src/main.cpp:191:18
    #15 0x7ff5c395a337  (/lib/x86_64-linux-gnu/libc.so.6+0x2a337) (BuildId: 467f544f15035abef911999cbc14489edd0555ab)
    #16 0x7ff5c395a3fa in __libc_start_main (/lib/x86_64-linux-gnu/libc.so.6+0x2a3fa) (BuildId: 467f544f15035abef911999cbc14489edd0555ab)
    #17 0x55ca91511b64 in _start (/workspace/build-asan/tsc+0x74b64) (BuildId: 73a10d7cc646a755f705b0ae57418e68578aec2f)

Indirect leak of 128 byte(s) in 2 object(s) allocated from:
    #0 0x55ca915fa191 in operator new(unsigned long) (/workspace/build-asan/tsc+0x15d191) (BuildId: 73a10d7cc646a755f705b0ae57418e68578aec2f)
    #1 0x7ff5c6f3afe5  (/usr/lib/llvm-20/lib/libLLVM.so.20.1+0x301efe5) (BuildId: b856c61f98abf0989f157f153740fe0fadfbb760)
    #2 0x7ff5c6f3af97  (/usr/lib/llvm-20/lib/libLLVM.so.20.1+0x301ef97) (BuildId: b856c61f98abf0989f157f153740fe0fadfbb760)
    #3 0x7ff5c6f3998b  (/usr/lib/llvm-20/lib/libLLVM.so.20.1+0x301d98b) (BuildId: b856c61f98abf0989f157f153740fe0fadfbb760)
    #4 0x7ff5c6f398a6  (/usr/lib/llvm-20/lib/libLLVM.so.20.1+0x301d8a6) (BuildId: b856c61f98abf0989f157f153740fe0fadfbb760)
    #5 0x7ff5c6f3aa71  (/usr/lib/llvm-20/lib/libLLVM.so.20.1+0x301ea71) (BuildId: b856c61f98abf0989f157f153740fe0fadfbb760)
    #6 0x7ff5c7b29d5b  (/usr/lib/llvm-20/lib/libLLVM.so.20.1+0x3c0dd5b) (BuildId: b856c61f98abf0989f157f153740fe0fadfbb760)
    #7 0x7ff5c7b6091a  (/usr/lib/llvm-20/lib/libLLVM.so.20.1+0x3c4491a) (BuildId: b856c61f98abf0989f157f153740fe0fadfbb760)
    #8 0x7ff5c7b6188a  (/usr/lib/llvm-20/lib/libLLVM.so.20.1+0x3c4588a) (BuildId: b856c61f98abf0989f157f153740fe0fadfbb760)
    #9 0x7ff5c7b62b2c  (/usr/lib/llvm-20/lib/libLLVM.so.20.1+0x3c46b2c) (BuildId: b856c61f98abf0989f157f153740fe0fadfbb760)
    #10 0x55ca91648523 in llvm::Target::createTargetMachine(llvm::StringRef, llvm::StringRef, llvm::StringRef, llvm::TargetOptions const&, std::optional<llvm::Reloc::Model>, std::optional<llvm::CodeModel::Model>, llvm::CodeGenOptLevel, bool) const /usr/lib/llvm-20/include/llvm/MC/TargetRegistry.h:462:12
    #11 0x55ca9163a09e in tsc::TargetRegistry::initializeAllTargets() /workspace/src/TargetRegistry.cpp:67:41
    #12 0x55ca9162bdcd in tsc::Compiler::initializeLLVM() /workspace/src/Compiler.cpp:349:14
    #13 0x55ca9162b8b7 in tsc::Compiler::Compiler(tsc::CompilerOptions const&) /workspace/src/Compiler.cpp:24:5
    #14 0x55ca915fd7b5 in main /workspace/src/main.cpp:191:18
    #15 0x7ff5c395a337  (/lib/x86_64-linux-gnu/libc.so.6+0x2a337) (BuildId: 467f544f15035abef911999cbc14489edd0555ab)
    #16 0x7ff5c395a3fa in __libc_start_main (/lib/x86_64-linux-gnu/libc.so.6+0x2a3fa) (BuildId: 467f544f15035abef911999cbc14489edd0555ab)
    #17 0x55ca91511b64 in _start (/workspace/build-asan/tsc+0x74b64) (BuildId: 73a10d7cc646a755f705b0ae57418e68578aec2f)

Indirect leak of 128 byte(s) in 2 object(s) allocated from:
    #0 0x55ca915fa191 in operator new(unsigned long) (/workspace/build-asan/tsc+0x15d191) (BuildId: 73a10d7cc646a755f705b0ae57418e68578aec2f)
    #1 0x7ff5c6f3afe5  (/usr/lib/llvm-20/lib/libLLVM.so.20.1+0x301efe5) (BuildId: b856c61f98abf0989f157f153740fe0fadfbb760)
    #2 0x7ff5c6f3af97  (/usr/lib/llvm-20/lib/libLLVM.so.20.1+0x301ef97) (BuildId: b856c61f98abf0989f157f153740fe0fadfbb760)
    #3 0x7ff5c6f3998b  (/usr/lib/llvm-20/lib/libLLVM.so.20.1+0x301d98b) (BuildId: b856c61f98abf0989f157f153740fe0fadfbb760)
    #4 0x7ff5c6f398a6  (/usr/lib/llvm-20/lib/libLLVM.so.20.1+0x301d8a6) (BuildId: b856c61f98abf0989f157f153740fe0fadfbb760)
    #5 0x7ff5c6f3aa71  (/usr/lib/llvm-20/lib/libLLVM.so.20.1+0x301ea71) (BuildId: b856c61f98abf0989f157f153740fe0fadfbb760)
    #6 0x7ff5c7b29d0f  (/usr/lib/llvm-20/lib/libLLVM.so.20.1+0x3c0dd0f) (BuildId: b856c61f98abf0989f157f153740fe0fadfbb760)
    #7 0x7ff5c7b6091a  (/usr/lib/llvm-20/lib/libLLVM.so.20.1+0x3c4491a) (BuildId: b856c61f98abf0989f157f153740fe0fadfbb760)
    #8 0x7ff5c7b6188a  (/usr/lib/llvm-20/lib/libLLVM.so.20.1+0x3c4588a) (BuildId: b856c61f98abf0989f157f153740fe0fadfbb760)
    #9 0x7ff5c7b62b2c  (/usr/lib/llvm-20/lib/libLLVM.so.20.1+0x3c46b2c) (BuildId: b856c61f98abf0989f157f153740fe0fadfbb760)
    #10 0x55ca91648523 in llvm::Target::createTargetMachine(llvm::StringRef, llvm::StringRef, llvm::StringRef, llvm::TargetOptions const&, std::optional<llvm::Reloc::Model>, std::optional<llvm::CodeModel::Model>, llvm::CodeGenOptLevel, bool) const /usr/lib/llvm-20/include/llvm/MC/TargetRegistry.h:462:12
    #11 0x55ca9163a09e in tsc::TargetRegistry::initializeAllTargets() /workspace/src/TargetRegistry.cpp:67:41
    #12 0x55ca9162bdcd in tsc::Compiler::initializeLLVM() /workspace/src/Compiler.cpp:349:14
    #13 0x55ca9162b8b7 in tsc::Compiler::Compiler(tsc::CompilerOptions const&) /workspace/src/Compiler.cpp:24:5
    #14 0x55ca915fd7b5 in main /workspace/src/main.cpp:191:18
    #15 0x7ff5c395a337  (/lib/x86_64-linux-gnu/libc.so.6+0x2a337) (BuildId: 467f544f15035abef911999cbc14489edd0555ab)
    #16 0x7ff5c395a3fa in __libc_start_main (/lib/x86_64-linux-gnu/libc.so.6+0x2a3fa) (BuildId: 467f544f15035abef911999cbc14489edd0555ab)
    #17 0x55ca91511b64 in _start (/workspace/build-asan/tsc+0x74b64) (BuildId: 73a10d7cc646a755f705b0ae57418e68578aec2f)

Indirect leak of 128 byte(s) in 2 object(s) allocated from:
    #0 0x55ca915fa191 in operator new(unsigned long) (/workspace/build-asan/tsc+0x15d191) (BuildId: 73a10d7cc646a755f705b0ae57418e68578aec2f)
    #1 0x7ff5c6f3afe5  (/usr/lib/llvm-20/lib/libLLVM.so.20.1+0x301efe5) (BuildId: b856c61f98abf0989f157f153740fe0fadfbb760)
    #2 0x7ff5c6f3af97  (/usr/lib/llvm-20/lib/libLLVM.so.20.1+0x301ef97) (BuildId: b856c61f98abf0989f157f153740fe0fadfbb760)
    #3 0x7ff5c6f3998b  (/usr/lib/llvm-20/lib/libLLVM.so.20.1+0x301d98b) (BuildId: b856c61f98abf0989f157f153740fe0fadfbb760)
    #4 0x7ff5c6f398a6  (/usr/lib/llvm-20/lib/libLLVM.so.20.1+0x301d8a6) (BuildId: b856c61f98abf0989f157f153740fe0fadfbb760)
    #5 0x7ff5c6f3aa71  (/usr/lib/llvm-20/lib/libLLVM.so.20.1+0x301ea71) (BuildId: b856c61f98abf0989f157f153740fe0fadfbb760)
    #6 0x7ff5c7b29cdd  (/usr/lib/llvm-20/lib/libLLVM.so.20.1+0x3c0dcdd) (BuildId: b856c61f98abf0989f157f153740fe0fadfbb760)
    #7 0x7ff5c7b6091a  (/usr/lib/llvm-20/lib/libLLVM.so.20.1+0x3c4491a) (BuildId: b856c61f98abf0989f157f153740fe0fadfbb760)
    #8 0x7ff5c7b6188a  (/usr/lib/llvm-20/lib/libLLVM.so.20.1+0x3c4588a) (BuildId: b856c61f98abf0989f157f153740fe0fadfbb760)
    #9 0x7ff5c7b62b2c  (/usr/lib/llvm-20/lib/libLLVM.so.20.1+0x3c46b2c) (BuildId: b856c61f98abf0989f157f153740fe0fadfbb760)
    #10 0x55ca91648523 in llvm::Target::createTargetMachine(llvm::StringRef, llvm::StringRef, llvm::StringRef, llvm::TargetOptions const&, std::optional<llvm::Reloc::Model>, std::optional<llvm::CodeModel::Model>, llvm::CodeGenOptLevel, bool) const /usr/lib/llvm-20/include/llvm/MC/TargetRegistry.h:462:12
    #11 0x55ca9163a09e in tsc::TargetRegistry::initializeAllTargets() /workspace/src/TargetRegistry.cpp:67:41
    #12 0x55ca9162bdcd in tsc::Compiler::initializeLLVM() /workspace/src/Compiler.cpp:349:14
    #13 0x55ca9162b8b7 in tsc::Compiler::Compiler(tsc::CompilerOptions const&) /workspace/src/Compiler.cpp:24:5
    #14 0x55ca915fd7b5 in main /workspace/src/main.cpp:191:18
    #15 0x7ff5c395a337  (/lib/x86_64-linux-gnu/libc.so.6+0x2a337) (BuildId: 467f544f15035abef911999cbc14489edd0555ab)
    #16 0x7ff5c395a3fa in __libc_start_main (/lib/x86_64-linux-gnu/libc.so.6+0x2a3fa) (BuildId: 467f544f15035abef911999cbc14489edd0555ab)
    #17 0x55ca91511b64 in _start (/workspace/build-asan/tsc+0x74b64) (BuildId: 73a10d7cc646a755f705b0ae57418e68578aec2f)

Indirect leak of 128 byte(s) in 2 object(s) allocated from:
    #0 0x55ca915fa191 in operator new(unsigned long) (/workspace/build-asan/tsc+0x15d191) (BuildId: 73a10d7cc646a755f705b0ae57418e68578aec2f)
    #1 0x7ff5c6f3afe5  (/usr/lib/llvm-20/lib/libLLVM.so.20.1+0x301efe5) (BuildId: b856c61f98abf0989f157f153740fe0fadfbb760)
    #2 0x7ff5c6f3af97  (/usr/lib/llvm-20/lib/libLLVM.so.20.1+0x301ef97) (BuildId: b856c61f98abf0989f157f153740fe0fadfbb760)
    #3 0x7ff5c6f3998b  (/usr/lib/llvm-20/lib/libLLVM.so.20.1+0x301d98b) (BuildId: b856c61f98abf0989f157f153740fe0fadfbb760)
    #4 0x7ff5c6f398a6  (/usr/lib/llvm-20/lib/libLLVM.so.20.1+0x301d8a6) (BuildId: b856c61f98abf0989f157f153740fe0fadfbb760)
    #5 0x7ff5c6f3aa71  (/usr/lib/llvm-20/lib/libLLVM.so.20.1+0x301ea71) (BuildId: b856c61f98abf0989f157f153740fe0fadfbb760)
    #6 0x7ff5c7b29c8e  (/usr/lib/llvm-20/lib/libLLVM.so.20.1+0x3c0dc8e) (BuildId: b856c61f98abf0989f157f153740fe0fadfbb760)
    #7 0x7ff5c7b6091a  (/usr/lib/llvm-20/lib/libLLVM.so.20.1+0x3c4491a) (BuildId: b856c61f98abf0989f157f153740fe0fadfbb760)
    #8 0x7ff5c7b6188a  (/usr/lib/llvm-20/lib/libLLVM.so.20.1+0x3c4588a) (BuildId: b856c61f98abf0989f157f153740fe0fadfbb760)
    #9 0x7ff5c7b62b2c  (/usr/lib/llvm-20/lib/libLLVM.so.20.1+0x3c46b2c) (BuildId: b856c61f98abf0989f157f153740fe0fadfbb760)
    #10 0x55ca91648523 in llvm::Target::createTargetMachine(llvm::StringRef, llvm::StringRef, llvm::StringRef, llvm::TargetOptions const&, std::optional<llvm::Reloc::Model>, std::optional<llvm::CodeModel::Model>, llvm::CodeGenOptLevel, bool) const /usr/lib/llvm-20/include/llvm/MC/TargetRegistry.h:462:12
    #11 0x55ca9163a09e in tsc::TargetRegistry::initializeAllTargets() /workspace/src/TargetRegistry.cpp:67:41
    #12 0x55ca9162bdcd in tsc::Compiler::initializeLLVM() /workspace/src/Compiler.cpp:349:14
    #13 0x55ca9162b8b7 in tsc::Compiler::Compiler(tsc::CompilerOptions const&) /workspace/src/Compiler.cpp:24:5
    #14 0x55ca915fd7b5 in main /workspace/src/main.cpp:191:18
    #15 0x7ff5c395a337  (/lib/x86_64-linux-gnu/libc.so.6+0x2a337) (BuildId: 467f544f15035abef911999cbc14489edd0555ab)
    #16 0x7ff5c395a3fa in __libc_start_main (/lib/x86_64-linux-gnu/libc.so.6+0x2a3fa) (BuildId: 467f544f15035abef911999cbc14489edd0555ab)
    #17 0x55ca91511b64 in _start (/workspace/build-asan/tsc+0x74b64) (BuildId: 73a10d7cc646a755f705b0ae57418e68578aec2f)

Indirect leak of 128 byte(s) in 2 object(s) allocated from:
    #0 0x55ca915fa191 in operator new(unsigned long) (/workspace/build-asan/tsc+0x15d191) (BuildId: 73a10d7cc646a755f705b0ae57418e68578aec2f)
    #1 0x7ff5c6f3afe5  (/usr/lib/llvm-20/lib/libLLVM.so.20.1+0x301efe5) (BuildId: b856c61f98abf0989f157f153740fe0fadfbb760)
    #2 0x7ff5c6f3af97  (/usr/lib/llvm-20/lib/libLLVM.so.20.1+0x301ef97) (BuildId: b856c61f98abf0989f157f153740fe0fadfbb760)
    #3 0x7ff5c6f3998b  (/usr/lib/llvm-20/lib/libLLVM.so.20.1+0x301d98b) (BuildId: b856c61f98abf0989f157f153740fe0fadfbb760)
    #4 0x7ff5c6f398a6  (/usr/lib/llvm-20/lib/libLLVM.so.20.1+0x301d8a6) (BuildId: b856c61f98abf0989f157f153740fe0fadfbb760)
    #5 0x7ff5c6f3aa71  (/usr/lib/llvm-20/lib/libLLVM.so.20.1+0x301ea71) (BuildId: b856c61f98abf0989f157f153740fe0fadfbb760)
    #6 0x7ff5c7b29c5c  (/usr/lib/llvm-20/lib/libLLVM.so.20.1+0x3c0dc5c) (BuildId: b856c61f98abf0989f157f153740fe0fadfbb760)
    #7 0x7ff5c7b6091a  (/usr/lib/llvm-20/lib/libLLVM.so.20.1+0x3c4491a) (BuildId: b856c61f98abf0989f157f153740fe0fadfbb760)
    #8 0x7ff5c7b6188a  (/usr/lib/llvm-20/lib/libLLVM.so.20.1+0x3c4588a) (BuildId: b856c61f98abf0989f157f153740fe0fadfbb760)
    #9 0x7ff5c7b62b2c  (/usr/lib/llvm-20/lib/libLLVM.so.20.1+0x3c46b2c) (BuildId: b856c61f98abf0989f157f153740fe0fadfbb760)
    #10 0x55ca91648523 in llvm::Target::createTargetMachine(llvm::StringRef, llvm::StringRef, llvm::StringRef, llvm::TargetOptions const&, std::optional<llvm::Reloc::Model>, std::optional<llvm::CodeModel::Model>, llvm::CodeGenOptLevel, bool) const /usr/lib/llvm-20/include/llvm/MC/TargetRegistry.h:462:12
    #11 0x55ca9163a09e in tsc::TargetRegistry::initializeAllTargets() /workspace/src/TargetRegistry.cpp:67:41
    #12 0x55ca9162bdcd in tsc::Compiler::initializeLLVM() /workspace/src/Compiler.cpp:349:14
    #13 0x55ca9162b8b7 in tsc::Compiler::Compiler(tsc::CompilerOptions const&) /workspace/src/Compiler.cpp:24:5
    #14 0x55ca915fd7b5 in main /workspace/src/main.cpp:191:18
    #15 0x7ff5c395a337  (/lib/x86_64-linux-gnu/libc.so.6+0x2a337) (BuildId: 467f544f15035abef911999cbc14489edd0555ab)
    #16 0x7ff5c395a3fa in __libc_start_main (/lib/x86_64-linux-gnu/libc.so.6+0x2a3fa) (BuildId: 467f544f15035abef911999cbc14489edd0555ab)
    #17 0x55ca91511b64 in _start (/workspace/build-asan/tsc+0x74b64) (BuildId: 73a10d7cc646a755f705b0ae57418e68578aec2f)

Indirect leak of 128 byte(s) in 2 object(s) allocated from:
    #0 0x55ca915fa191 in operator new(unsigned long) (/workspace/build-asan/tsc+0x15d191) (BuildId: 73a10d7cc646a755f705b0ae57418e68578aec2f)
    #1 0x7ff5c6f3afe5  (/usr/lib/llvm-20/lib/libLLVM.so.20.1+0x301efe5) (BuildId: b856c61f98abf0989f157f153740fe0fadfbb760)
    #2 0x7ff5c6f3af97  (/usr/lib/llvm-20/lib/libLLVM.so.20.1+0x301ef97) (BuildId: b856c61f98abf0989f157f153740fe0fadfbb760)
    #3 0x7ff5c6f3998b  (/usr/lib/llvm-20/lib/libLLVM.so.20.1+0x301d98b) (BuildId: b856c61f98abf0989f157f153740fe0fadfbb760)
    #4 0x7ff5c6f398a6  (/usr/lib/llvm-20/lib/libLLVM.so.20.1+0x301d8a6) (BuildId: b856c61f98abf0989f157f153740fe0fadfbb760)
    #5 0x7ff5c6f3aa71  (/usr/lib/llvm-20/lib/libLLVM.so.20.1+0x301ea71) (BuildId: b856c61f98abf0989f157f153740fe0fadfbb760)
    #6 0x7ff5c7b29241  (/usr/lib/llvm-20/lib/libLLVM.so.20.1+0x3c0d241) (BuildId: b856c61f98abf0989f157f153740fe0fadfbb760)
    #7 0x7ff5c7b6091a  (/usr/lib/llvm-20/lib/libLLVM.so.20.1+0x3c4491a) (BuildId: b856c61f98abf0989f157f153740fe0fadfbb760)
    #8 0x7ff5c7b6188a  (/usr/lib/llvm-20/lib/libLLVM.so.20.1+0x3c4588a) (BuildId: b856c61f98abf0989f157f153740fe0fadfbb760)
    #9 0x7ff5c7b62b2c  (/usr/lib/llvm-20/lib/libLLVM.so.20.1+0x3c46b2c) (BuildId: b856c61f98abf0989f157f153740fe0fadfbb760)
    #10 0x55ca91648523 in llvm::Target::createTargetMachine(llvm::StringRef, llvm::StringRef, llvm::StringRef, llvm::TargetOptions const&, std::optional<llvm::Reloc::Model>, std::optional<llvm::CodeModel::Model>, llvm::CodeGenOptLevel, bool) const /usr/lib/llvm-20/include/llvm/MC/TargetRegistry.h:462:12
    #11 0x55ca9163a09e in tsc::TargetRegistry::initializeAllTargets() /workspace/src/TargetRegistry.cpp:67:41
    #12 0x55ca9162bdcd in tsc::Compiler::initializeLLVM() /workspace/src/Compiler.cpp:349:14
    #13 0x55ca9162b8b7 in tsc::Compiler::Compiler(tsc::CompilerOptions const&) /workspace/src/Compiler.cpp:24:5
    #14 0x55ca915fd7b5 in main /workspace/src/main.cpp:191:18
    #15 0x7ff5c395a337  (/lib/x86_64-linux-gnu/libc.so.6+0x2a337) (BuildId: 467f544f15035abef911999cbc14489edd0555ab)
    #16 0x7ff5c395a3fa in __libc_start_main (/lib/x86_64-linux-gnu/libc.so.6+0x2a3fa) (BuildId: 467f544f15035abef911999cbc14489edd0555ab)
    #17 0x55ca91511b64 in _start (/workspace/build-asan/tsc+0x74b64) (BuildId: 73a10d7cc646a755f705b0ae57418e68578aec2f)

Indirect leak of 128 byte(s) in 2 object(s) allocated from:
    #0 0x55ca915fa191 in operator new(unsigned long) (/workspace/build-asan/tsc+0x15d191) (BuildId: 73a10d7cc646a755f705b0ae57418e68578aec2f)
    #1 0x7ff5c6f3afe5  (/usr/lib/llvm-20/lib/libLLVM.so.20.1+0x301efe5) (BuildId: b856c61f98abf0989f157f153740fe0fadfbb760)
    #2 0x7ff5c6f3af97  (/usr/lib/llvm-20/lib/libLLVM.so.20.1+0x301ef97) (BuildId: b856c61f98abf0989f157f153740fe0fadfbb760)
    #3 0x7ff5c6f3998b  (/usr/lib/llvm-20/lib/libLLVM.so.20.1+0x301d98b) (BuildId: b856c61f98abf0989f157f153740fe0fadfbb760)
    #4 0x7ff5c6f398a6  (/usr/lib/llvm-20/lib/libLLVM.so.20.1+0x301d8a6) (BuildId: b856c61f98abf0989f157f153740fe0fadfbb760)
    #5 0x7ff5c6f3aa71  (/usr/lib/llvm-20/lib/libLLVM.so.20.1+0x301ea71) (BuildId: b856c61f98abf0989f157f153740fe0fadfbb760)
    #6 0x7ff5c7b28d6b  (/usr/lib/llvm-20/lib/libLLVM.so.20.1+0x3c0cd6b) (BuildId: b856c61f98abf0989f157f153740fe0fadfbb760)
    #7 0x7ff5c7b6091a  (/usr/lib/llvm-20/lib/libLLVM.so.20.1+0x3c4491a) (BuildId: b856c61f98abf0989f157f153740fe0fadfbb760)
    #8 0x7ff5c7b6188a  (/usr/lib/llvm-20/lib/libLLVM.so.20.1+0x3c4588a) (BuildId: b856c61f98abf0989f157f153740fe0fadfbb760)
    #9 0x7ff5c7b62b2c  (/usr/lib/llvm-20/lib/libLLVM.so.20.1+0x3c46b2c) (BuildId: b856c61f98abf0989f157f153740fe0fadfbb760)
    #10 0x55ca91648523 in llvm::Target::createTargetMachine(llvm::StringRef, llvm::StringRef, llvm::StringRef, llvm::TargetOptions const&, std::optional<llvm::Reloc::Model>, std::optional<llvm::CodeModel::Model>, llvm::CodeGenOptLevel, bool) const /usr/lib/llvm-20/include/llvm/MC/TargetRegistry.h:462:12
    #11 0x55ca9163a09e in tsc::TargetRegistry::initializeAllTargets() /workspace/src/TargetRegistry.cpp:67:41
    #12 0x55ca9162bdcd in tsc::Compiler::initializeLLVM() /workspace/src/Compiler.cpp:349:14
    #13 0x55ca9162b8b7 in tsc::Compiler::Compiler(tsc::CompilerOptions const&) /workspace/src/Compiler.cpp:24:5
    #14 0x55ca915fd7b5 in main /workspace/src/main.cpp:191:18
    #15 0x7ff5c395a337  (/lib/x86_64-linux-gnu/libc.so.6+0x2a337) (BuildId: 467f544f15035abef911999cbc14489edd0555ab)
    #16 0x7ff5c395a3fa in __libc_start_main (/lib/x86_64-linux-gnu/libc.so.6+0x2a3fa) (BuildId: 467f544f15035abef911999cbc14489edd0555ab)
    #17 0x55ca91511b64 in _start (/workspace/build-asan/tsc+0x74b64) (BuildId: 73a10d7cc646a755f705b0ae57418e68578aec2f)

Indirect leak of 128 byte(s) in 2 object(s) allocated from:
    #0 0x55ca915fa191 in operator new(unsigned long) (/workspace/build-asan/tsc+0x15d191) (BuildId: 73a10d7cc646a755f705b0ae57418e68578aec2f)
    #1 0x7ff5c6f3afe5  (/usr/lib/llvm-20/lib/libLLVM.so.20.1+0x301efe5) (BuildId: b856c61f98abf0989f157f153740fe0fadfbb760)
    #2 0x7ff5c6f3af97  (/usr/lib/llvm-20/lib/libLLVM.so.20.1+0x301ef97) (BuildId: b856c61f98abf0989f157f153740fe0fadfbb760)
    #3 0x7ff5c6f3998b  (/usr/lib/llvm-20/lib/libLLVM.so.20.1+0x301d98b) (BuildId: b856c61f98abf0989f157f153740fe0fadfbb760)
    #4 0x7ff5c6f398a6  (/usr/lib/llvm-20/lib/libLLVM.so.20.1+0x301d8a6) (BuildId: b856c61f98abf0989f157f153740fe0fadfbb760)
    #5 0x7ff5c6f3aa71  (/usr/lib/llvm-20/lib/libLLVM.so.20.1+0x301ea71) (BuildId: b856c61f98abf0989f157f153740fe0fadfbb760)
    #6 0x7ff5c7b29e11  (/usr/lib/llvm-20/lib/libLLVM.so.20.1+0x3c0de11) (BuildId: b856c61f98abf0989f157f153740fe0fadfbb760)
    #7 0x7ff5c7b6091a  (/usr/lib/llvm-20/lib/libLLVM.so.20.1+0x3c4491a) (BuildId: b856c61f98abf0989f157f153740fe0fadfbb760)
    #8 0x7ff5c7b61710  (/usr/lib/llvm-20/lib/libLLVM.so.20.1+0x3c45710) (BuildId: b856c61f98abf0989f157f153740fe0fadfbb760)
    #9 0x7ff5c7b62b2c  (/usr/lib/llvm-20/lib/libLLVM.so.20.1+0x3c46b2c) (BuildId: b856c61f98abf0989f157f153740fe0fadfbb760)
    #10 0x55ca91648523 in llvm::Target::createTargetMachine(llvm::StringRef, llvm::StringRef, llvm::StringRef, llvm::TargetOptions const&, std::optional<llvm::Reloc::Model>, std::optional<llvm::CodeModel::Model>, llvm::CodeGenOptLevel, bool) const /usr/lib/llvm-20/include/llvm/MC/TargetRegistry.h:462:12
    #11 0x55ca9163a09e in tsc::TargetRegistry::initializeAllTargets() /workspace/src/TargetRegistry.cpp:67:41
    #12 0x55ca9162bdcd in tsc::Compiler::initializeLLVM() /workspace/src/Compiler.cpp:349:14
    #13 0x55ca9162b8b7 in tsc::Compiler::Compiler(tsc::CompilerOptions const&) /workspace/src/Compiler.cpp:24:5
    #14 0x55ca915fd7b5 in main /workspace/src/main.cpp:191:18
    #15 0x7ff5c395a337  (/lib/x86_64-linux-gnu/libc.so.6+0x2a337) (BuildId: 467f544f15035abef911999cbc14489edd0555ab)
    #16 0x7ff5c395a3fa in __libc_start_main (/lib/x86_64-linux-gnu/libc.so.6+0x2a3fa) (BuildId: 467f544f15035abef911999cbc14489edd0555ab)
    #17 0x55ca91511b64 in _start (/workspace/build-asan/tsc+0x74b64) (BuildId: 73a10d7cc646a755f705b0ae57418e68578aec2f)

Indirect leak of 128 byte(s) in 2 object(s) allocated from:
    #0 0x55ca915fa191 in operator new(unsigned long) (/workspace/build-asan/tsc+0x15d191) (BuildId: 73a10d7cc646a755f705b0ae57418e68578aec2f)
    #1 0x7ff5c6f3afe5  (/usr/lib/llvm-20/lib/libLLVM.so.20.1+0x301efe5) (BuildId: b856c61f98abf0989f157f153740fe0fadfbb760)
    #2 0x7ff5c6f3af97  (/usr/lib/llvm-20/lib/libLLVM.so.20.1+0x301ef97) (BuildId: b856c61f98abf0989f157f153740fe0fadfbb760)
    #3 0x7ff5c6f3998b  (/usr/lib/llvm-20/lib/libLLVM.so.20.1+0x301d98b) (BuildId: b856c61f98abf0989f157f153740fe0fadfbb760)
    #4 0x7ff5c6f398a6  (/usr/lib/llvm-20/lib/libLLVM.so.20.1+0x301d8a6) (BuildId: b856c61f98abf0989f157f153740fe0fadfbb760)
    #5 0x7ff5c6f3aa71  (/usr/lib/llvm-20/lib/libLLVM.so.20.1+0x301ea71) (BuildId: b856c61f98abf0989f157f153740fe0fadfbb760)
    #6 0x7ff5c7b29ddf  (/usr/lib/llvm-20/lib/libLLVM.so.20.1+0x3c0dddf) (BuildId: b856c61f98abf0989f157f153740fe0fadfbb760)
    #7 0x7ff5c7b6091a  (/usr/lib/llvm-20/lib/libLLVM.so.20.1+0x3c4491a) (BuildId: b856c61f98abf0989f157f153740fe0fadfbb760)
    #8 0x7ff5c7b61710  (/usr/lib/llvm-20/lib/libLLVM.so.20.1+0x3c45710) (BuildId: b856c61f98abf0989f157f153740fe0fadfbb760)
    #9 0x7ff5c7b62b2c  (/usr/lib/llvm-20/lib/libLLVM.so.20.1+0x3c46b2c) (BuildId: b856c61f98abf0989f157f153740fe0fadfbb760)
    #10 0x55ca91648523 in llvm::Target::createTargetMachine(llvm::StringRef, llvm::StringRef, llvm::StringRef, llvm::TargetOptions const&, std::optional<llvm::Reloc::Model>, std::optional<llvm::CodeModel::Model>, llvm::CodeGenOptLevel, bool) const /usr/lib/llvm-20/include/llvm/MC/TargetRegistry.h:462:12
    #11 0x55ca9163a09e in tsc::TargetRegistry::initializeAllTargets() /workspace/src/TargetRegistry.cpp:67:41
    #12 0x55ca9162bdcd in tsc::Compiler::initializeLLVM() /workspace/src/Compiler.cpp:349:14
    #13 0x55ca9162b8b7 in tsc::Compiler::Compiler(tsc::CompilerOptions const&) /workspace/src/Compiler.cpp:24:5
    #14 0x55ca915fd7b5 in main /workspace/src/main.cpp:191:18
    #15 0x7ff5c395a337  (/lib/x86_64-linux-gnu/libc.so.6+0x2a337) (BuildId: 467f544f15035abef911999cbc14489edd0555ab)
    #16 0x7ff5c395a3fa in __libc_start_main (/lib/x86_64-linux-gnu/libc.so.6+0x2a3fa) (BuildId: 467f544f15035abef911999cbc14489edd0555ab)
    #17 0x55ca91511b64 in _start (/workspace/build-asan/tsc+0x74b64) (BuildId: 73a10d7cc646a755f705b0ae57418e68578aec2f)

Indirect leak of 128 byte(s) in 2 object(s) allocated from:
    #0 0x55ca915fa191 in operator new(unsigned long) (/workspace/build-asan/tsc+0x15d191) (BuildId: 73a10d7cc646a755f705b0ae57418e68578aec2f)
    #1 0x7ff5c6f3afe5  (/usr/lib/llvm-20/lib/libLLVM.so.20.1+0x301efe5) (BuildId: b856c61f98abf0989f157f153740fe0fadfbb760)
    #2 0x7ff5c6f3af97  (/usr/lib/llvm-20/lib/libLLVM.so.20.1+0x301ef97) (BuildId: b856c61f98abf0989f157f153740fe0fadfbb760)
    #3 0x7ff5c6f3998b  (/usr/lib/llvm-20/lib/libLLVM.so.20.1+0x301d98b) (BuildId: b856c61f98abf0989f157f153740fe0fadfbb760)
    #4 0x7ff5c6f398a6  (/usr/lib/llvm-20/lib/libLLVM.so.20.1+0x301d8a6) (BuildId: b856c61f98abf0989f157f153740fe0fadfbb760)
    #5 0x7ff5c6f3aa71  (/usr/lib/llvm-20/lib/libLLVM.so.20.1+0x301ea71) (BuildId: b856c61f98abf0989f157f153740fe0fadfbb760)
    #6 0x7ff5c7b29d8d  (/usr/lib/llvm-20/lib/libLLVM.so.20.1+0x3c0dd8d) (BuildId: b856c61f98abf0989f157f153740fe0fadfbb760)
    #7 0x7ff5c7b6091a  (/usr/lib/llvm-20/lib/libLLVM.so.20.1+0x3c4491a) (BuildId: b856c61f98abf0989f157f153740fe0fadfbb760)
    #8 0x7ff5c7b61710  (/usr/lib/llvm-20/lib/libLLVM.so.20.1+0x3c45710) (BuildId: b856c61f98abf0989f157f153740fe0fadfbb760)
    #9 0x7ff5c7b62b2c  (/usr/lib/llvm-20/lib/libLLVM.so.20.1+0x3c46b2c) (BuildId: b856c61f98abf0989f157f153740fe0fadfbb760)
    #10 0x55ca91648523 in llvm::Target::createTargetMachine(llvm::StringRef, llvm::StringRef, llvm::StringRef, llvm::TargetOptions const&, std::optional<llvm::Reloc::Model>, std::optional<llvm::CodeModel::Model>, llvm::CodeGenOptLevel, bool) const /usr/lib/llvm-20/include/llvm/MC/TargetRegistry.h:462:12
    #11 0x55ca9163a09e in tsc::TargetRegistry::initializeAllTargets() /workspace/src/TargetRegistry.cpp:67:41
    #12 0x55ca9162bdcd in tsc::Compiler::initializeLLVM() /workspace/src/Compiler.cpp:349:14
    #13 0x55ca9162b8b7 in tsc::Compiler::Compiler(tsc::CompilerOptions const&) /workspace/src/Compiler.cpp:24:5
    #14 0x55ca915fd7b5 in main /workspace/src/main.cpp:191:18
    #15 0x7ff5c395a337  (/lib/x86_64-linux-gnu/libc.so.6+0x2a337) (BuildId: 467f544f15035abef911999cbc14489edd0555ab)
    #16 0x7ff5c395a3fa in __libc_start_main (/lib/x86_64-linux-gnu/libc.so.6+0x2a3fa) (BuildId: 467f544f15035abef911999cbc14489edd0555ab)
    #17 0x55ca91511b64 in _start (/workspace/build-asan/tsc+0x74b64) (BuildId: 73a10d7cc646a755f705b0ae57418e68578aec2f)

Indirect leak of 128 byte(s) in 2 object(s) allocated from:
    #0 0x55ca915fa191 in operator new(unsigned long) (/workspace/build-asan/tsc+0x15d191) (BuildId: 73a10d7cc646a755f705b0ae57418e68578aec2f)
    #1 0x7ff5c6f3afe5  (/usr/lib/llvm-20/lib/libLLVM.so.20.1+0x301efe5) (BuildId: b856c61f98abf0989f157f153740fe0fadfbb760)
    #2 0x7ff5c6f3af97  (/usr/lib/llvm-20/lib/libLLVM.so.20.1+0x301ef97) (BuildId: b856c61f98abf0989f157f153740fe0fadfbb760)
    #3 0x7ff5c6f3998b  (/usr/lib/llvm-20/lib/libLLVM.so.20.1+0x301d98b) (BuildId: b856c61f98abf0989f157f153740fe0fadfbb760)
    #4 0x7ff5c6f398a6  (/usr/lib/llvm-20/lib/libLLVM.so.20.1+0x301d8a6) (BuildId: b856c61f98abf0989f157f153740fe0fadfbb760)
    #5 0x7ff5c6f3aa71  (/usr/lib/llvm-20/lib/libLLVM.so.20.1+0x301ea71) (BuildId: b856c61f98abf0989f157f153740fe0fadfbb760)
    #6 0x7ff5c7b29d5b  (/usr/lib/llvm-20/lib/libLLVM.so.20.1+0x3c0dd5b) (BuildId: b856c61f98abf0989f157f153740fe0fadfbb760)
    #7 0x7ff5c7b6091a  (/usr/lib/llvm-20/lib/libLLVM.so.20.1+0x3c4491a) (BuildId: b856c61f98abf0989f157f153740fe0fadfbb760)
    #8 0x7ff5c7b61710  (/usr/lib/llvm-20/lib/libLLVM.so.20.1+0x3c45710) (BuildId: b856c61f98abf0989f157f153740fe0fadfbb760)
    #9 0x7ff5c7b62b2c  (/usr/lib/llvm-20/lib/libLLVM.so.20.1+0x3c46b2c) (BuildId: b856c61f98abf0989f157f153740fe0fadfbb760)
    #10 0x55ca91648523 in llvm::Target::createTargetMachine(llvm::StringRef, llvm::StringRef, llvm::StringRef, llvm::TargetOptions const&, std::optional<llvm::Reloc::Model>, std::optional<llvm::CodeModel::Model>, llvm::CodeGenOptLevel, bool) const /usr/lib/llvm-20/include/llvm/MC/TargetRegistry.h:462:12
    #11 0x55ca9163a09e in tsc::TargetRegistry::initializeAllTargets() /workspace/src/TargetRegistry.cpp:67:41
    #12 0x55ca9162bdcd in tsc::Compiler::initializeLLVM() /workspace/src/Compiler.cpp:349:14
    #13 0x55ca9162b8b7 in tsc::Compiler::Compiler(tsc::CompilerOptions const&) /workspace/src/Compiler.cpp:24:5
    #14 0x55ca915fd7b5 in main /workspace/src/main.cpp:191:18
    #15 0x7ff5c395a337  (/lib/x86_64-linux-gnu/libc.so.6+0x2a337) (BuildId: 467f544f15035abef911999cbc14489edd0555ab)
    #16 0x7ff5c395a3fa in __libc_start_main (/lib/x86_64-linux-gnu/libc.so.6+0x2a3fa) (BuildId: 467f544f15035abef911999cbc14489edd0555ab)
    #17 0x55ca91511b64 in _start (/workspace/build-asan/tsc+0x74b64) (BuildId: 73a10d7cc646a755f705b0ae57418e68578aec2f)

Indirect leak of 128 byte(s) in 2 object(s) allocated from:
    #0 0x55ca915fa191 in operator new(unsigned long) (/workspace/build-asan/tsc+0x15d191) (BuildId: 73a10d7cc646a755f705b0ae57418e68578aec2f)
    #1 0x7ff5c6f3afe5  (/usr/lib/llvm-20/lib/libLLVM.so.20.1+0x301efe5) (BuildId: b856c61f98abf0989f157f153740fe0fadfbb760)
    #2 0x7ff5c6f3af97  (/usr/lib/llvm-20/lib/libLLVM.so.20.1+0x301ef97) (BuildId: b856c61f98abf0989f157f153740fe0fadfbb760)
    #3 0x7ff5c6f3998b  (/usr/lib/llvm-20/lib/libLLVM.so.20.1+0x301d98b) (BuildId: b856c61f98abf0989f157f153740fe0fadfbb760)
    #4 0x7ff5c6f398a6  (/usr/lib/llvm-20/lib/libLLVM.so.20.1+0x301d8a6) (BuildId: b856c61f98abf0989f157f153740fe0fadfbb760)
    #5 0x7ff5c6f3aa71  (/usr/lib/llvm-20/lib/libLLVM.so.20.1+0x301ea71) (BuildId: b856c61f98abf0989f157f153740fe0fadfbb760)
    #6 0x7ff5c7b29d0f  (/usr/lib/llvm-20/lib/libLLVM.so.20.1+0x3c0dd0f) (BuildId: b856c61f98abf0989f157f153740fe0fadfbb760)
    #7 0x7ff5c7b6091a  (/usr/lib/llvm-20/lib/libLLVM.so.20.1+0x3c4491a) (BuildId: b856c61f98abf0989f157f153740fe0fadfbb760)
    #8 0x7ff5c7b61710  (/usr/lib/llvm-20/lib/libLLVM.so.20.1+0x3c45710) (BuildId: b856c61f98abf0989f157f153740fe0fadfbb760)
    #9 0x7ff5c7b62b2c  (/usr/lib/llvm-20/lib/libLLVM.so.20.1+0x3c46b2c) (BuildId: b856c61f98abf0989f157f153740fe0fadfbb760)
    #10 0x55ca91648523 in llvm::Target::createTargetMachine(llvm::StringRef, llvm::StringRef, llvm::StringRef, llvm::TargetOptions const&, std::optional<llvm::Reloc::Model>, std::optional<llvm::CodeModel::Model>, llvm::CodeGenOptLevel, bool) const /usr/lib/llvm-20/include/llvm/MC/TargetRegistry.h:462:12
    #11 0x55ca9163a09e in tsc::TargetRegistry::initializeAllTargets() /workspace/src/TargetRegistry.cpp:67:41
    #12 0x55ca9162bdcd in tsc::Compiler::initializeLLVM() /workspace/src/Compiler.cpp:349:14
    #13 0x55ca9162b8b7 in tsc::Compiler::Compiler(tsc::CompilerOptions const&) /workspace/src/Compiler.cpp:24:5
    #14 0x55ca915fd7b5 in main /workspace/src/main.cpp:191:18
    #15 0x7ff5c395a337  (/lib/x86_64-linux-gnu/libc.so.6+0x2a337) (BuildId: 467f544f15035abef911999cbc14489edd0555ab)
    #16 0x7ff5c395a3fa in __libc_start_main (/lib/x86_64-linux-gnu/libc.so.6+0x2a3fa) (BuildId: 467f544f15035abef911999cbc14489edd0555ab)
    #17 0x55ca91511b64 in _start (/workspace/build-asan/tsc+0x74b64) (BuildId: 73a10d7cc646a755f705b0ae57418e68578aec2f)

Indirect leak of 128 byte(s) in 2 object(s) allocated from:
    #0 0x55ca915fa191 in operator new(unsigned long) (/workspace/build-asan/tsc+0x15d191) (BuildId: 73a10d7cc646a755f705b0ae57418e68578aec2f)
    #1 0x7ff5c6f3afe5  (/usr/lib/llvm-20/lib/libLLVM.so.20.1+0x301efe5) (BuildId: b856c61f98abf0989f157f153740fe0fadfbb760)
    #2 0x7ff5c6f3af97  (/usr/lib/llvm-20/lib/libLLVM.so.20.1+0x301ef97) (BuildId: b856c61f98abf0989f157f153740fe0fadfbb760)
    #3 0x7ff5c6f3998b  (/usr/lib/llvm-20/lib/libLLVM.so.20.1+0x301d98b) (BuildId: b856c61f98abf0989f157f153740fe0fadfbb760)
    #4 0x7ff5c6f398a6  (/usr/lib/llvm-20/lib/libLLVM.so.20.1+0x301d8a6) (BuildId: b856c61f98abf0989f157f153740fe0fadfbb760)
    #5 0x7ff5c6f3aa71  (/usr/lib/llvm-20/lib/libLLVM.so.20.1+0x301ea71) (BuildId: b856c61f98abf0989f157f153740fe0fadfbb760)
    #6 0x7ff5c7b29cdd  (/usr/lib/llvm-20/lib/libLLVM.so.20.1+0x3c0dcdd) (BuildId: b856c61f98abf0989f157f153740fe0fadfbb760)
    #7 0x7ff5c7b6091a  (/usr/lib/llvm-20/lib/libLLVM.so.20.1+0x3c4491a) (BuildId: b856c61f98abf0989f157f153740fe0fadfbb760)
    #8 0x7ff5c7b61710  (/usr/lib/llvm-20/lib/libLLVM.so.20.1+0x3c45710) (BuildId: b856c61f98abf0989f157f153740fe0fadfbb760)
    #9 0x7ff5c7b62b2c  (/usr/lib/llvm-20/lib/libLLVM.so.20.1+0x3c46b2c) (BuildId: b856c61f98abf0989f157f153740fe0fadfbb760)
    #10 0x55ca91648523 in llvm::Target::createTargetMachine(llvm::StringRef, llvm::StringRef, llvm::StringRef, llvm::TargetOptions const&, std::optional<llvm::Reloc::Model>, std::optional<llvm::CodeModel::Model>, llvm::CodeGenOptLevel, bool) const /usr/lib/llvm-20/include/llvm/MC/TargetRegistry.h:462:12
    #11 0x55ca9163a09e in tsc::TargetRegistry::initializeAllTargets() /workspace/src/TargetRegistry.cpp:67:41
    #12 0x55ca9162bdcd in tsc::Compiler::initializeLLVM() /workspace/src/Compiler.cpp:349:14
    #13 0x55ca9162b8b7 in tsc::Compiler::Compiler(tsc::CompilerOptions const&) /workspace/src/Compiler.cpp:24:5
    #14 0x55ca915fd7b5 in main /workspace/src/main.cpp:191:18
    #15 0x7ff5c395a337  (/lib/x86_64-linux-gnu/libc.so.6+0x2a337) (BuildId: 467f544f15035abef911999cbc14489edd0555ab)
    #16 0x7ff5c395a3fa in __libc_start_main (/lib/x86_64-linux-gnu/libc.so.6+0x2a3fa) (BuildId: 467f544f15035abef911999cbc14489edd0555ab)
    #17 0x55ca91511b64 in _start (/workspace/build-asan/tsc+0x74b64) (BuildId: 73a10d7cc646a755f705b0ae57418e68578aec2f)

Indirect leak of 128 byte(s) in 2 object(s) allocated from:
    #0 0x55ca915fa191 in operator new(unsigned long) (/workspace/build-asan/tsc+0x15d191) (BuildId: 73a10d7cc646a755f705b0ae57418e68578aec2f)
    #1 0x7ff5c6f3afe5  (/usr/lib/llvm-20/lib/libLLVM.so.20.1+0x301efe5) (BuildId: b856c61f98abf0989f157f153740fe0fadfbb760)
    #2 0x7ff5c6f3af97  (/usr/lib/llvm-20/lib/libLLVM.so.20.1+0x301ef97) (BuildId: b856c61f98abf0989f157f153740fe0fadfbb760)
    #3 0x7ff5c6f3998b  (/usr/lib/llvm-20/lib/libLLVM.so.20.1+0x301d98b) (BuildId: b856c61f98abf0989f157f153740fe0fadfbb760)
    #4 0x7ff5c6f398a6  (/usr/lib/llvm-20/lib/libLLVM.so.20.1+0x301d8a6) (BuildId: b856c61f98abf0989f157f153740fe0fadfbb760)
    #5 0x7ff5c6f3aa71  (/usr/lib/llvm-20/lib/libLLVM.so.20.1+0x301ea71) (BuildId: b856c61f98abf0989f157f153740fe0fadfbb760)
    #6 0x7ff5c7b29c8e  (/usr/lib/llvm-20/lib/libLLVM.so.20.1+0x3c0dc8e) (BuildId: b856c61f98abf0989f157f153740fe0fadfbb760)
    #7 0x7ff5c7b6091a  (/usr/lib/llvm-20/lib/libLLVM.so.20.1+0x3c4491a) (BuildId: b856c61f98abf0989f157f153740fe0fadfbb760)
    #8 0x7ff5c7b61710  (/usr/lib/llvm-20/lib/libLLVM.so.20.1+0x3c45710) (BuildId: b856c61f98abf0989f157f153740fe0fadfbb760)
    #9 0x7ff5c7b62b2c  (/usr/lib/llvm-20/lib/libLLVM.so.20.1+0x3c46b2c) (BuildId: b856c61f98abf0989f157f153740fe0fadfbb760)
    #10 0x55ca91648523 in llvm::Target::createTargetMachine(llvm::StringRef, llvm::StringRef, llvm::StringRef, llvm::TargetOptions const&, std::optional<llvm::Reloc::Model>, std::optional<llvm::CodeModel::Model>, llvm::CodeGenOptLevel, bool) const /usr/lib/llvm-20/include/llvm/MC/TargetRegistry.h:462:12
    #11 0x55ca9163a09e in tsc::TargetRegistry::initializeAllTargets() /workspace/src/TargetRegistry.cpp:67:41
    #12 0x55ca9162bdcd in tsc::Compiler::initializeLLVM() /workspace/src/Compiler.cpp:349:14
    #13 0x55ca9162b8b7 in tsc::Compiler::Compiler(tsc::CompilerOptions const&) /workspace/src/Compiler.cpp:24:5
    #14 0x55ca915fd7b5 in main /workspace/src/main.cpp:191:18
    #15 0x7ff5c395a337  (/lib/x86_64-linux-gnu/libc.so.6+0x2a337) (BuildId: 467f544f15035abef911999cbc14489edd0555ab)
    #16 0x7ff5c395a3fa in __libc_start_main (/lib/x86_64-linux-gnu/libc.so.6+0x2a3fa) (BuildId: 467f544f15035abef911999cbc14489edd0555ab)
    #17 0x55ca91511b64 in _start (/workspace/build-asan/tsc+0x74b64) (BuildId: 73a10d7cc646a755f705b0ae57418e68578aec2f)

Indirect leak of 128 byte(s) in 2 object(s) allocated from:
    #0 0x55ca915fa191 in operator new(unsigned long) (/workspace/build-asan/tsc+0x15d191) (BuildId: 73a10d7cc646a755f705b0ae57418e68578aec2f)
    #1 0x7ff5c6f3afe5  (/usr/lib/llvm-20/lib/libLLVM.so.20.1+0x301efe5) (BuildId: b856c61f98abf0989f157f153740fe0fadfbb760)
    #2 0x7ff5c6f3af97  (/usr/lib/llvm-20/lib/libLLVM.so.20.1+0x301ef97) (BuildId: b856c61f98abf0989f157f153740fe0fadfbb760)
    #3 0x7ff5c6f3998b  (/usr/lib/llvm-20/lib/libLLVM.so.20.1+0x301d98b) (BuildId: b856c61f98abf0989f157f153740fe0fadfbb760)
    #4 0x7ff5c6f398a6  (/usr/lib/llvm-20/lib/libLLVM.so.20.1+0x301d8a6) (BuildId: b856c61f98abf0989f157f153740fe0fadfbb760)
    #5 0x7ff5c6f3aa71  (/usr/lib/llvm-20/lib/libLLVM.so.20.1+0x301ea71) (BuildId: b856c61f98abf0989f157f153740fe0fadfbb760)
    #6 0x7ff5c7b29c5c  (/usr/lib/llvm-20/lib/libLLVM.so.20.1+0x3c0dc5c) (BuildId: b856c61f98abf0989f157f153740fe0fadfbb760)
    #7 0x7ff5c7b6091a  (/usr/lib/llvm-20/lib/libLLVM.so.20.1+0x3c4491a) (BuildId: b856c61f98abf0989f157f153740fe0fadfbb760)
    #8 0x7ff5c7b61710  (/usr/lib/llvm-20/lib/libLLVM.so.20.1+0x3c45710) (BuildId: b856c61f98abf0989f157f153740fe0fadfbb760)
    #9 0x7ff5c7b62b2c  (/usr/lib/llvm-20/lib/libLLVM.so.20.1+0x3c46b2c) (BuildId: b856c61f98abf0989f157f153740fe0fadfbb760)
    #10 0x55ca91648523 in llvm::Target::createTargetMachine(llvm::StringRef, llvm::StringRef, llvm::StringRef, llvm::TargetOptions const&, std::optional<llvm::Reloc::Model>, std::optional<llvm::CodeModel::Model>, llvm::CodeGenOptLevel, bool) const /usr/lib/llvm-20/include/llvm/MC/TargetRegistry.h:462:12
    #11 0x55ca9163a09e in tsc::TargetRegistry::initializeAllTargets() /workspace/src/TargetRegistry.cpp:67:41
    #12 0x55ca9162bdcd in tsc::Compiler::initializeLLVM() /workspace/src/Compiler.cpp:349:14
    #13 0x55ca9162b8b7 in tsc::Compiler::Compiler(tsc::CompilerOptions const&) /workspace/src/Compiler.cpp:24:5
    #14 0x55ca915fd7b5 in main /workspace/src/main.cpp:191:18
    #15 0x7ff5c395a337  (/lib/x86_64-linux-gnu/libc.so.6+0x2a337) (BuildId: 467f544f15035abef911999cbc14489edd0555ab)
    #16 0x7ff5c395a3fa in __libc_start_main (/lib/x86_64-linux-gnu/libc.so.6+0x2a3fa) (BuildId: 467f544f15035abef911999cbc14489edd0555ab)
    #17 0x55ca91511b64 in _start (/workspace/build-asan/tsc+0x74b64) (BuildId: 73a10d7cc646a755f705b0ae57418e68578aec2f)

Indirect leak of 128 byte(s) in 2 object(s) allocated from:
    #0 0x55ca915fa191 in operator new(unsigned long) (/workspace/build-asan/tsc+0x15d191) (BuildId: 73a10d7cc646a755f705b0ae57418e68578aec2f)
    #1 0x7ff5c6f3afe5  (/usr/lib/llvm-20/lib/libLLVM.so.20.1+0x301efe5) (BuildId: b856c61f98abf0989f157f153740fe0fadfbb760)
    #2 0x7ff5c6f3af97  (/usr/lib/llvm-20/lib/libLLVM.so.20.1+0x301ef97) (BuildId: b856c61f98abf0989f157f153740fe0fadfbb760)
    #3 0x7ff5c6f3998b  (/usr/lib/llvm-20/lib/libLLVM.so.20.1+0x301d98b) (BuildId: b856c61f98abf0989f157f153740fe0fadfbb760)
    #4 0x7ff5c6f398a6  (/usr/lib/llvm-20/lib/libLLVM.so.20.1+0x301d8a6) (BuildId: b856c61f98abf0989f157f153740fe0fadfbb760)
    #5 0x7ff5c6f3aa71  (/usr/lib/llvm-20/lib/libLLVM.so.20.1+0x301ea71) (BuildId: b856c61f98abf0989f157f153740fe0fadfbb760)
    #6 0x7ff5c7b29241  (/usr/lib/llvm-20/lib/libLLVM.so.20.1+0x3c0d241) (BuildId: b856c61f98abf0989f157f153740fe0fadfbb760)
    #7 0x7ff5c7b6091a  (/usr/lib/llvm-20/lib/libLLVM.so.20.1+0x3c4491a) (BuildId: b856c61f98abf0989f157f153740fe0fadfbb760)
    #8 0x7ff5c7b61710  (/usr/lib/llvm-20/lib/libLLVM.so.20.1+0x3c45710) (BuildId: b856c61f98abf0989f157f153740fe0fadfbb760)
    #9 0x7ff5c7b62b2c  (/usr/lib/llvm-20/lib/libLLVM.so.20.1+0x3c46b2c) (BuildId: b856c61f98abf0989f157f153740fe0fadfbb760)
    #10 0x55ca91648523 in llvm::Target::createTargetMachine(llvm::StringRef, llvm::StringRef, llvm::StringRef, llvm::TargetOptions const&, std::optional<llvm::Reloc::Model>, std::optional<llvm::CodeModel::Model>, llvm::CodeGenOptLevel, bool) const /usr/lib/llvm-20/include/llvm/MC/TargetRegistry.h:462:12
    #11 0x55ca9163a09e in tsc::TargetRegistry::initializeAllTargets() /workspace/src/TargetRegistry.cpp:67:41
    #12 0x55ca9162bdcd in tsc::Compiler::initializeLLVM() /workspace/src/Compiler.cpp:349:14
    #13 0x55ca9162b8b7 in tsc::Compiler::Compiler(tsc::CompilerOptions const&) /workspace/src/Compiler.cpp:24:5
    #14 0x55ca915fd7b5 in main /workspace/src/main.cpp:191:18
    #15 0x7ff5c395a337  (/lib/x86_64-linux-gnu/libc.so.6+0x2a337) (BuildId: 467f544f15035abef911999cbc14489edd0555ab)
    #16 0x7ff5c395a3fa in __libc_start_main (/lib/x86_64-linux-gnu/libc.so.6+0x2a3fa) (BuildId: 467f544f15035abef911999cbc14489edd0555ab)
    #17 0x55ca91511b64 in _start (/workspace/build-asan/tsc+0x74b64) (BuildId: 73a10d7cc646a755f705b0ae57418e68578aec2f)

Indirect leak of 128 byte(s) in 2 object(s) allocated from:
    #0 0x55ca915fa191 in operator new(unsigned long) (/workspace/build-asan/tsc+0x15d191) (BuildId: 73a10d7cc646a755f705b0ae57418e68578aec2f)
    #1 0x7ff5c6f3afe5  (/usr/lib/llvm-20/lib/libLLVM.so.20.1+0x301efe5) (BuildId: b856c61f98abf0989f157f153740fe0fadfbb760)
    #2 0x7ff5c6f3af97  (/usr/lib/llvm-20/lib/libLLVM.so.20.1+0x301ef97) (BuildId: b856c61f98abf0989f157f153740fe0fadfbb760)
    #3 0x7ff5c6f3998b  (/usr/lib/llvm-20/lib/libLLVM.so.20.1+0x301d98b) (BuildId: b856c61f98abf0989f157f153740fe0fadfbb760)
    #4 0x7ff5c6f398a6  (/usr/lib/llvm-20/lib/libLLVM.so.20.1+0x301d8a6) (BuildId: b856c61f98abf0989f157f153740fe0fadfbb760)
    #5 0x7ff5c6f3aa71  (/usr/lib/llvm-20/lib/libLLVM.so.20.1+0x301ea71) (BuildId: b856c61f98abf0989f157f153740fe0fadfbb760)
    #6 0x7ff5c7b28d6b  (/usr/lib/llvm-20/lib/libLLVM.so.20.1+0x3c0cd6b) (BuildId: b856c61f98abf0989f157f153740fe0fadfbb760)
    #7 0x7ff5c7b6091a  (/usr/lib/llvm-20/lib/libLLVM.so.20.1+0x3c4491a) (BuildId: b856c61f98abf0989f157f153740fe0fadfbb760)
    #8 0x7ff5c7b61710  (/usr/lib/llvm-20/lib/libLLVM.so.20.1+0x3c45710) (BuildId: b856c61f98abf0989f157f153740fe0fadfbb760)
    #9 0x7ff5c7b62b2c  (/usr/lib/llvm-20/lib/libLLVM.so.20.1+0x3c46b2c) (BuildId: b856c61f98abf0989f157f153740fe0fadfbb760)
    #10 0x55ca91648523 in llvm::Target::createTargetMachine(llvm::StringRef, llvm::StringRef, llvm::StringRef, llvm::TargetOptions const&, std::optional<llvm::Reloc::Model>, std::optional<llvm::CodeModel::Model>, llvm::CodeGenOptLevel, bool) const /usr/lib/llvm-20/include/llvm/MC/TargetRegistry.h:462:12
    #11 0x55ca9163a09e in tsc::TargetRegistry::initializeAllTargets() /workspace/src/TargetRegistry.cpp:67:41
    #12 0x55ca9162bdcd in tsc::Compiler::initializeLLVM() /workspace/src/Compiler.cpp:349:14
    #13 0x55ca9162b8b7 in tsc::Compiler::Compiler(tsc::CompilerOptions const&) /workspace/src/Compiler.cpp:24:5
    #14 0x55ca915fd7b5 in main /workspace/src/main.cpp:191:18
    #15 0x7ff5c395a337  (/lib/x86_64-linux-gnu/libc.so.6+0x2a337) (BuildId: 467f544f15035abef911999cbc14489edd0555ab)
    #16 0x7ff5c395a3fa in __libc_start_main (/lib/x86_64-linux-gnu/libc.so.6+0x2a3fa) (BuildId: 467f544f15035abef911999cbc14489edd0555ab)
    #17 0x55ca91511b64 in _start (/workspace/build-asan/tsc+0x74b64) (BuildId: 73a10d7cc646a755f705b0ae57418e68578aec2f)

Indirect leak of 128 byte(s) in 2 object(s) allocated from:
    #0 0x55ca915fa191 in operator new(unsigned long) (/workspace/build-asan/tsc+0x15d191) (BuildId: 73a10d7cc646a755f705b0ae57418e68578aec2f)
    #1 0x7ff5c6f3afe5  (/usr/lib/llvm-20/lib/libLLVM.so.20.1+0x301efe5) (BuildId: b856c61f98abf0989f157f153740fe0fadfbb760)
    #2 0x7ff5c6f3af97  (/usr/lib/llvm-20/lib/libLLVM.so.20.1+0x301ef97) (BuildId: b856c61f98abf0989f157f153740fe0fadfbb760)
    #3 0x7ff5c6f3998b  (/usr/lib/llvm-20/lib/libLLVM.so.20.1+0x301d98b) (BuildId: b856c61f98abf0989f157f153740fe0fadfbb760)
    #4 0x7ff5c6f398a6  (/usr/lib/llvm-20/lib/libLLVM.so.20.1+0x301d8a6) (BuildId: b856c61f98abf0989f157f153740fe0fadfbb760)
    #5 0x7ff5c6f3aa71  (/usr/lib/llvm-20/lib/libLLVM.so.20.1+0x301ea71) (BuildId: b856c61f98abf0989f157f153740fe0fadfbb760)
    #6 0x7ff5c7b29e11  (/usr/lib/llvm-20/lib/libLLVM.so.20.1+0x3c0de11) (BuildId: b856c61f98abf0989f157f153740fe0fadfbb760)
    #7 0x7ff5c7b6091a  (/usr/lib/llvm-20/lib/libLLVM.so.20.1+0x3c4491a) (BuildId: b856c61f98abf0989f157f153740fe0fadfbb760)
    #8 0x7ff5c7b61a19  (/usr/lib/llvm-20/lib/libLLVM.so.20.1+0x3c45a19) (BuildId: b856c61f98abf0989f157f153740fe0fadfbb760)
    #9 0x7ff5c7b62a6c  (/usr/lib/llvm-20/lib/libLLVM.so.20.1+0x3c46a6c) (BuildId: b856c61f98abf0989f157f153740fe0fadfbb760)
    #10 0x55ca91648523 in llvm::Target::createTargetMachine(llvm::StringRef, llvm::StringRef, llvm::StringRef, llvm::TargetOptions const&, std::optional<llvm::Reloc::Model>, std::optional<llvm::CodeModel::Model>, llvm::CodeGenOptLevel, bool) const /usr/lib/llvm-20/include/llvm/MC/TargetRegistry.h:462:12
    #11 0x55ca9163a09e in tsc::TargetRegistry::initializeAllTargets() /workspace/src/TargetRegistry.cpp:67:41
    #12 0x55ca9162bdcd in tsc::Compiler::initializeLLVM() /workspace/src/Compiler.cpp:349:14
    #13 0x55ca9162b8b7 in tsc::Compiler::Compiler(tsc::CompilerOptions const&) /workspace/src/Compiler.cpp:24:5
    #14 0x55ca915fd7b5 in main /workspace/src/main.cpp:191:18
    #15 0x7ff5c395a337  (/lib/x86_64-linux-gnu/libc.so.6+0x2a337) (BuildId: 467f544f15035abef911999cbc14489edd0555ab)
    #16 0x7ff5c395a3fa in __libc_start_main (/lib/x86_64-linux-gnu/libc.so.6+0x2a3fa) (BuildId: 467f544f15035abef911999cbc14489edd0555ab)
    #17 0x55ca91511b64 in _start (/workspace/build-asan/tsc+0x74b64) (BuildId: 73a10d7cc646a755f705b0ae57418e68578aec2f)

Indirect leak of 128 byte(s) in 2 object(s) allocated from:
    #0 0x55ca915fa191 in operator new(unsigned long) (/workspace/build-asan/tsc+0x15d191) (BuildId: 73a10d7cc646a755f705b0ae57418e68578aec2f)
    #1 0x7ff5c6f3afe5  (/usr/lib/llvm-20/lib/libLLVM.so.20.1+0x301efe5) (BuildId: b856c61f98abf0989f157f153740fe0fadfbb760)
    #2 0x7ff5c6f3af97  (/usr/lib/llvm-20/lib/libLLVM.so.20.1+0x301ef97) (BuildId: b856c61f98abf0989f157f153740fe0fadfbb760)
    #3 0x7ff5c6f3998b  (/usr/lib/llvm-20/lib/libLLVM.so.20.1+0x301d98b) (BuildId: b856c61f98abf0989f157f153740fe0fadfbb760)
    #4 0x7ff5c6f398a6  (/usr/lib/llvm-20/lib/libLLVM.so.20.1+0x301d8a6) (BuildId: b856c61f98abf0989f157f153740fe0fadfbb760)
    #5 0x7ff5c6f3aa71  (/usr/lib/llvm-20/lib/libLLVM.so.20.1+0x301ea71) (BuildId: b856c61f98abf0989f157f153740fe0fadfbb760)
    #6 0x7ff5c7b29ddf  (/usr/lib/llvm-20/lib/libLLVM.so.20.1+0x3c0dddf) (BuildId: b856c61f98abf0989f157f153740fe0fadfbb760)
    #7 0x7ff5c7b6091a  (/usr/lib/llvm-20/lib/libLLVM.so.20.1+0x3c4491a) (BuildId: b856c61f98abf0989f157f153740fe0fadfbb760)
    #8 0x7ff5c7b61a19  (/usr/lib/llvm-20/lib/libLLVM.so.20.1+0x3c45a19) (BuildId: b856c61f98abf0989f157f153740fe0fadfbb760)
    #9 0x7ff5c7b62a6c  (/usr/lib/llvm-20/lib/libLLVM.so.20.1+0x3c46a6c) (BuildId: b856c61f98abf0989f157f153740fe0fadfbb760)
    #10 0x55ca91648523 in llvm::Target::createTargetMachine(llvm::StringRef, llvm::StringRef, llvm::StringRef, llvm::TargetOptions const&, std::optional<llvm::Reloc::Model>, std::optional<llvm::CodeModel::Model>, llvm::CodeGenOptLevel, bool) const /usr/lib/llvm-20/include/llvm/MC/TargetRegistry.h:462:12
    #11 0x55ca9163a09e in tsc::TargetRegistry::initializeAllTargets() /workspace/src/TargetRegistry.cpp:67:41
    #12 0x55ca9162bdcd in tsc::Compiler::initializeLLVM() /workspace/src/Compiler.cpp:349:14
    #13 0x55ca9162b8b7 in tsc::Compiler::Compiler(tsc::CompilerOptions const&) /workspace/src/Compiler.cpp:24:5
    #14 0x55ca915fd7b5 in main /workspace/src/main.cpp:191:18
    #15 0x7ff5c395a337  (/lib/x86_64-linux-gnu/libc.so.6+0x2a337) (BuildId: 467f544f15035abef911999cbc14489edd0555ab)
    #16 0x7ff5c395a3fa in __libc_start_main (/lib/x86_64-linux-gnu/libc.so.6+0x2a3fa) (BuildId: 467f544f15035abef911999cbc14489edd0555ab)
    #17 0x55ca91511b64 in _start (/workspace/build-asan/tsc+0x74b64) (BuildId: 73a10d7cc646a755f705b0ae57418e68578aec2f)

Indirect leak of 128 byte(s) in 2 object(s) allocated from:
    #0 0x55ca915fa191 in operator new(unsigned long) (/workspace/build-asan/tsc+0x15d191) (BuildId: 73a10d7cc646a755f705b0ae57418e68578aec2f)
    #1 0x7ff5c6f3afe5  (/usr/lib/llvm-20/lib/libLLVM.so.20.1+0x301efe5) (BuildId: b856c61f98abf0989f157f153740fe0fadfbb760)
    #2 0x7ff5c6f3af97  (/usr/lib/llvm-20/lib/libLLVM.so.20.1+0x301ef97) (BuildId: b856c61f98abf0989f157f153740fe0fadfbb760)
    #3 0x7ff5c6f3998b  (/usr/lib/llvm-20/lib/libLLVM.so.20.1+0x301d98b) (BuildId: b856c61f98abf0989f157f153740fe0fadfbb760)
    #4 0x7ff5c6f398a6  (/usr/lib/llvm-20/lib/libLLVM.so.20.1+0x301d8a6) (BuildId: b856c61f98abf0989f157f153740fe0fadfbb760)
    #5 0x7ff5c6f3aa71  (/usr/lib/llvm-20/lib/libLLVM.so.20.1+0x301ea71) (BuildId: b856c61f98abf0989f157f153740fe0fadfbb760)
    #6 0x7ff5c7b29d8d  (/usr/lib/llvm-20/lib/libLLVM.so.20.1+0x3c0dd8d) (BuildId: b856c61f98abf0989f157f153740fe0fadfbb760)
    #7 0x7ff5c7b6091a  (/usr/lib/llvm-20/lib/libLLVM.so.20.1+0x3c4491a) (BuildId: b856c61f98abf0989f157f153740fe0fadfbb760)
    #8 0x7ff5c7b61a19  (/usr/lib/llvm-20/lib/libLLVM.so.20.1+0x3c45a19) (BuildId: b856c61f98abf0989f157f153740fe0fadfbb760)
    #9 0x7ff5c7b62a6c  (/usr/lib/llvm-20/lib/libLLVM.so.20.1+0x3c46a6c) (BuildId: b856c61f98abf0989f157f153740fe0fadfbb760)
    #10 0x55ca91648523 in llvm::Target::createTargetMachine(llvm::StringRef, llvm::StringRef, llvm::StringRef, llvm::TargetOptions const&, std::optional<llvm::Reloc::Model>, std::optional<llvm::CodeModel::Model>, llvm::CodeGenOptLevel, bool) const /usr/lib/llvm-20/include/llvm/MC/TargetRegistry.h:462:12
    #11 0x55ca9163a09e in tsc::TargetRegistry::initializeAllTargets() /workspace/src/TargetRegistry.cpp:67:41
    #12 0x55ca9162bdcd in tsc::Compiler::initializeLLVM() /workspace/src/Compiler.cpp:349:14
    #13 0x55ca9162b8b7 in tsc::Compiler::Compiler(tsc::CompilerOptions const&) /workspace/src/Compiler.cpp:24:5
    #14 0x55ca915fd7b5 in main /workspace/src/main.cpp:191:18
    #15 0x7ff5c395a337  (/lib/x86_64-linux-gnu/libc.so.6+0x2a337) (BuildId: 467f544f15035abef911999cbc14489edd0555ab)
    #16 0x7ff5c395a3fa in __libc_start_main (/lib/x86_64-linux-gnu/libc.so.6+0x2a3fa) (BuildId: 467f544f15035abef911999cbc14489edd0555ab)
    #17 0x55ca91511b64 in _start (/workspace/build-asan/tsc+0x74b64) (BuildId: 73a10d7cc646a755f705b0ae57418e68578aec2f)

Indirect leak of 128 byte(s) in 2 object(s) allocated from:
    #0 0x55ca915fa191 in operator new(unsigned long) (/workspace/build-asan/tsc+0x15d191) (BuildId: 73a10d7cc646a755f705b0ae57418e68578aec2f)
    #1 0x7ff5c6f3afe5  (/usr/lib/llvm-20/lib/libLLVM.so.20.1+0x301efe5) (BuildId: b856c61f98abf0989f157f153740fe0fadfbb760)
    #2 0x7ff5c6f3af97  (/usr/lib/llvm-20/lib/libLLVM.so.20.1+0x301ef97) (BuildId: b856c61f98abf0989f157f153740fe0fadfbb760)
    #3 0x7ff5c6f3998b  (/usr/lib/llvm-20/lib/libLLVM.so.20.1+0x301d98b) (BuildId: b856c61f98abf0989f157f153740fe0fadfbb760)
    #4 0x7ff5c6f398a6  (/usr/lib/llvm-20/lib/libLLVM.so.20.1+0x301d8a6) (BuildId: b856c61f98abf0989f157f153740fe0fadfbb760)
    #5 0x7ff5c6f3aa71  (/usr/lib/llvm-20/lib/libLLVM.so.20.1+0x301ea71) (BuildId: b856c61f98abf0989f157f153740fe0fadfbb760)
    #6 0x7ff5c7b29d5b  (/usr/lib/llvm-20/lib/libLLVM.so.20.1+0x3c0dd5b) (BuildId: b856c61f98abf0989f157f153740fe0fadfbb760)
    #7 0x7ff5c7b6091a  (/usr/lib/llvm-20/lib/libLLVM.so.20.1+0x3c4491a) (BuildId: b856c61f98abf0989f157f153740fe0fadfbb760)
    #8 0x7ff5c7b61a19  (/usr/lib/llvm-20/lib/libLLVM.so.20.1+0x3c45a19) (BuildId: b856c61f98abf0989f157f153740fe0fadfbb760)
    #9 0x7ff5c7b62a6c  (/usr/lib/llvm-20/lib/libLLVM.so.20.1+0x3c46a6c) (BuildId: b856c61f98abf0989f157f153740fe0fadfbb760)
    #10 0x55ca91648523 in llvm::Target::createTargetMachine(llvm::StringRef, llvm::StringRef, llvm::StringRef, llvm::TargetOptions const&, std::optional<llvm::Reloc::Model>, std::optional<llvm::CodeModel::Model>, llvm::CodeGenOptLevel, bool) const /usr/lib/llvm-20/include/llvm/MC/TargetRegistry.h:462:12
    #11 0x55ca9163a09e in tsc::TargetRegistry::initializeAllTargets() /workspace/src/TargetRegistry.cpp:67:41
    #12 0x55ca9162bdcd in tsc::Compiler::initializeLLVM() /workspace/src/Compiler.cpp:349:14
    #13 0x55ca9162b8b7 in tsc::Compiler::Compiler(tsc::CompilerOptions const&) /workspace/src/Compiler.cpp:24:5
    #14 0x55ca915fd7b5 in main /workspace/src/main.cpp:191:18
    #15 0x7ff5c395a337  (/lib/x86_64-linux-gnu/libc.so.6+0x2a337) (BuildId: 467f544f15035abef911999cbc14489edd0555ab)
    #16 0x7ff5c395a3fa in __libc_start_main (/lib/x86_64-linux-gnu/libc.so.6+0x2a3fa) (BuildId: 467f544f15035abef911999cbc14489edd0555ab)
    #17 0x55ca91511b64 in _start (/workspace/build-asan/tsc+0x74b64) (BuildId: 73a10d7cc646a755f705b0ae57418e68578aec2f)

Indirect leak of 128 byte(s) in 2 object(s) allocated from:
    #0 0x55ca915fa191 in operator new(unsigned long) (/workspace/build-asan/tsc+0x15d191) (BuildId: 73a10d7cc646a755f705b0ae57418e68578aec2f)
    #1 0x7ff5c6f3afe5  (/usr/lib/llvm-20/lib/libLLVM.so.20.1+0x301efe5) (BuildId: b856c61f98abf0989f157f153740fe0fadfbb760)
    #2 0x7ff5c6f3af97  (/usr/lib/llvm-20/lib/libLLVM.so.20.1+0x301ef97) (BuildId: b856c61f98abf0989f157f153740fe0fadfbb760)
    #3 0x7ff5c6f3998b  (/usr/lib/llvm-20/lib/libLLVM.so.20.1+0x301d98b) (BuildId: b856c61f98abf0989f157f153740fe0fadfbb760)
    #4 0x7ff5c6f398a6  (/usr/lib/llvm-20/lib/libLLVM.so.20.1+0x301d8a6) (BuildId: b856c61f98abf0989f157f153740fe0fadfbb760)
    #5 0x7ff5c6f3aa71  (/usr/lib/llvm-20/lib/libLLVM.so.20.1+0x301ea71) (BuildId: b856c61f98abf0989f157f153740fe0fadfbb760)
    #6 0x7ff5c7b29d0f  (/usr/lib/llvm-20/lib/libLLVM.so.20.1+0x3c0dd0f) (BuildId: b856c61f98abf0989f157f153740fe0fadfbb760)
    #7 0x7ff5c7b6091a  (/usr/lib/llvm-20/lib/libLLVM.so.20.1+0x3c4491a) (BuildId: b856c61f98abf0989f157f153740fe0fadfbb760)
    #8 0x7ff5c7b61a19  (/usr/lib/llvm-20/lib/libLLVM.so.20.1+0x3c45a19) (BuildId: b856c61f98abf0989f157f153740fe0fadfbb760)
    #9 0x7ff5c7b62a6c  (/usr/lib/llvm-20/lib/libLLVM.so.20.1+0x3c46a6c) (BuildId: b856c61f98abf0989f157f153740fe0fadfbb760)
    #10 0x55ca91648523 in llvm::Target::createTargetMachine(llvm::StringRef, llvm::StringRef, llvm::StringRef, llvm::TargetOptions const&, std::optional<llvm::Reloc::Model>, std::optional<llvm::CodeModel::Model>, llvm::CodeGenOptLevel, bool) const /usr/lib/llvm-20/include/llvm/MC/TargetRegistry.h:462:12
    #11 0x55ca9163a09e in tsc::TargetRegistry::initializeAllTargets() /workspace/src/TargetRegistry.cpp:67:41
    #12 0x55ca9162bdcd in tsc::Compiler::initializeLLVM() /workspace/src/Compiler.cpp:349:14
    #13 0x55ca9162b8b7 in tsc::Compiler::Compiler(tsc::CompilerOptions const&) /workspace/src/Compiler.cpp:24:5
    #14 0x55ca915fd7b5 in main /workspace/src/main.cpp:191:18
    #15 0x7ff5c395a337  (/lib/x86_64-linux-gnu/libc.so.6+0x2a337) (BuildId: 467f544f15035abef911999cbc14489edd0555ab)
    #16 0x7ff5c395a3fa in __libc_start_main (/lib/x86_64-linux-gnu/libc.so.6+0x2a3fa) (BuildId: 467f544f15035abef911999cbc14489edd0555ab)
    #17 0x55ca91511b64 in _start (/workspace/build-asan/tsc+0x74b64) (BuildId: 73a10d7cc646a755f705b0ae57418e68578aec2f)

Indirect leak of 128 byte(s) in 2 object(s) allocated from:
    #0 0x55ca915fa191 in operator new(unsigned long) (/workspace/build-asan/tsc+0x15d191) (BuildId: 73a10d7cc646a755f705b0ae57418e68578aec2f)
    #1 0x7ff5c6f3afe5  (/usr/lib/llvm-20/lib/libLLVM.so.20.1+0x301efe5) (BuildId: b856c61f98abf0989f157f153740fe0fadfbb760)
    #2 0x7ff5c6f3af97  (/usr/lib/llvm-20/lib/libLLVM.so.20.1+0x301ef97) (BuildId: b856c61f98abf0989f157f153740fe0fadfbb760)
    #3 0x7ff5c6f3998b  (/usr/lib/llvm-20/lib/libLLVM.so.20.1+0x301d98b) (BuildId: b856c61f98abf0989f157f153740fe0fadfbb760)
    #4 0x7ff5c6f398a6  (/usr/lib/llvm-20/lib/libLLVM.so.20.1+0x301d8a6) (BuildId: b856c61f98abf0989f157f153740fe0fadfbb760)
    #5 0x7ff5c6f3aa71  (/usr/lib/llvm-20/lib/libLLVM.so.20.1+0x301ea71) (BuildId: b856c61f98abf0989f157f153740fe0fadfbb760)
    #6 0x7ff5c7b29cdd  (/usr/lib/llvm-20/lib/libLLVM.so.20.1+0x3c0dcdd) (BuildId: b856c61f98abf0989f157f153740fe0fadfbb760)
    #7 0x7ff5c7b6091a  (/usr/lib/llvm-20/lib/libLLVM.so.20.1+0x3c4491a) (BuildId: b856c61f98abf0989f157f153740fe0fadfbb760)
    #8 0x7ff5c7b61a19  (/usr/lib/llvm-20/lib/libLLVM.so.20.1+0x3c45a19) (BuildId: b856c61f98abf0989f157f153740fe0fadfbb760)
    #9 0x7ff5c7b62a6c  (/usr/lib/llvm-20/lib/libLLVM.so.20.1+0x3c46a6c) (BuildId: b856c61f98abf0989f157f153740fe0fadfbb760)
    #10 0x55ca91648523 in llvm::Target::createTargetMachine(llvm::StringRef, llvm::StringRef, llvm::StringRef, llvm::TargetOptions const&, std::optional<llvm::Reloc::Model>, std::optional<llvm::CodeModel::Model>, llvm::CodeGenOptLevel, bool) const /usr/lib/llvm-20/include/llvm/MC/TargetRegistry.h:462:12
    #11 0x55ca9163a09e in tsc::TargetRegistry::initializeAllTargets() /workspace/src/TargetRegistry.cpp:67:41
    #12 0x55ca9162bdcd in tsc::Compiler::initializeLLVM() /workspace/src/Compiler.cpp:349:14
    #13 0x55ca9162b8b7 in tsc::Compiler::Compiler(tsc::CompilerOptions const&) /workspace/src/Compiler.cpp:24:5
    #14 0x55ca915fd7b5 in main /workspace/src/main.cpp:191:18
    #15 0x7ff5c395a337  (/lib/x86_64-linux-gnu/libc.so.6+0x2a337) (BuildId: 467f544f15035abef911999cbc14489edd0555ab)
    #16 0x7ff5c395a3fa in __libc_start_main (/lib/x86_64-linux-gnu/libc.so.6+0x2a3fa) (BuildId: 467f544f15035abef911999cbc14489edd0555ab)
    #17 0x55ca91511b64 in _start (/workspace/build-asan/tsc+0x74b64) (BuildId: 73a10d7cc646a755f705b0ae57418e68578aec2f)

Indirect leak of 128 byte(s) in 2 object(s) allocated from:
    #0 0x55ca915fa191 in operator new(unsigned long) (/workspace/build-asan/tsc+0x15d191) (BuildId: 73a10d7cc646a755f705b0ae57418e68578aec2f)
    #1 0x7ff5c6f3afe5  (/usr/lib/llvm-20/lib/libLLVM.so.20.1+0x301efe5) (BuildId: b856c61f98abf0989f157f153740fe0fadfbb760)
    #2 0x7ff5c6f3af97  (/usr/lib/llvm-20/lib/libLLVM.so.20.1+0x301ef97) (BuildId: b856c61f98abf0989f157f153740fe0fadfbb760)
    #3 0x7ff5c6f3998b  (/usr/lib/llvm-20/lib/libLLVM.so.20.1+0x301d98b) (BuildId: b856c61f98abf0989f157f153740fe0fadfbb760)
    #4 0x7ff5c6f398a6  (/usr/lib/llvm-20/lib/libLLVM.so.20.1+0x301d8a6) (BuildId: b856c61f98abf0989f157f153740fe0fadfbb760)
    #5 0x7ff5c6f3aa71  (/usr/lib/llvm-20/lib/libLLVM.so.20.1+0x301ea71) (BuildId: b856c61f98abf0989f157f153740fe0fadfbb760)
    #6 0x7ff5c7b29c8e  (/usr/lib/llvm-20/lib/libLLVM.so.20.1+0x3c0dc8e) (BuildId: b856c61f98abf0989f157f153740fe0fadfbb760)
    #7 0x7ff5c7b6091a  (/usr/lib/llvm-20/lib/libLLVM.so.20.1+0x3c4491a) (BuildId: b856c61f98abf0989f157f153740fe0fadfbb760)
    #8 0x7ff5c7b61a19  (/usr/lib/llvm-20/lib/libLLVM.so.20.1+0x3c45a19) (BuildId: b856c61f98abf0989f157f153740fe0fadfbb760)
    #9 0x7ff5c7b62a6c  (/usr/lib/llvm-20/lib/libLLVM.so.20.1+0x3c46a6c) (BuildId: b856c61f98abf0989f157f153740fe0fadfbb760)
    #10 0x55ca91648523 in llvm::Target::createTargetMachine(llvm::StringRef, llvm::StringRef, llvm::StringRef, llvm::TargetOptions const&, std::optional<llvm::Reloc::Model>, std::optional<llvm::CodeModel::Model>, llvm::CodeGenOptLevel, bool) const /usr/lib/llvm-20/include/llvm/MC/TargetRegistry.h:462:12
    #11 0x55ca9163a09e in tsc::TargetRegistry::initializeAllTargets() /workspace/src/TargetRegistry.cpp:67:41
    #12 0x55ca9162bdcd in tsc::Compiler::initializeLLVM() /workspace/src/Compiler.cpp:349:14
    #13 0x55ca9162b8b7 in tsc::Compiler::Compiler(tsc::CompilerOptions const&) /workspace/src/Compiler.cpp:24:5
    #14 0x55ca915fd7b5 in main /workspace/src/main.cpp:191:18
    #15 0x7ff5c395a337  (/lib/x86_64-linux-gnu/libc.so.6+0x2a337) (BuildId: 467f544f15035abef911999cbc14489edd0555ab)
    #16 0x7ff5c395a3fa in __libc_start_main (/lib/x86_64-linux-gnu/libc.so.6+0x2a3fa) (BuildId: 467f544f15035abef911999cbc14489edd0555ab)
    #17 0x55ca91511b64 in _start (/workspace/build-asan/tsc+0x74b64) (BuildId: 73a10d7cc646a755f705b0ae57418e68578aec2f)

Indirect leak of 128 byte(s) in 2 object(s) allocated from:
    #0 0x55ca915fa191 in operator new(unsigned long) (/workspace/build-asan/tsc+0x15d191) (BuildId: 73a10d7cc646a755f705b0ae57418e68578aec2f)
    #1 0x7ff5c6f3afe5  (/usr/lib/llvm-20/lib/libLLVM.so.20.1+0x301efe5) (BuildId: b856c61f98abf0989f157f153740fe0fadfbb760)
    #2 0x7ff5c6f3af97  (/usr/lib/llvm-20/lib/libLLVM.so.20.1+0x301ef97) (BuildId: b856c61f98abf0989f157f153740fe0fadfbb760)
    #3 0x7ff5c6f3998b  (/usr/lib/llvm-20/lib/libLLVM.so.20.1+0x301d98b) (BuildId: b856c61f98abf0989f157f153740fe0fadfbb760)
    #4 0x7ff5c6f398a6  (/usr/lib/llvm-20/lib/libLLVM.so.20.1+0x301d8a6) (BuildId: b856c61f98abf0989f157f153740fe0fadfbb760)
    #5 0x7ff5c6f3aa71  (/usr/lib/llvm-20/lib/libLLVM.so.20.1+0x301ea71) (BuildId: b856c61f98abf0989f157f153740fe0fadfbb760)
    #6 0x7ff5c7b29c5c  (/usr/lib/llvm-20/lib/libLLVM.so.20.1+0x3c0dc5c) (BuildId: b856c61f98abf0989f157f153740fe0fadfbb760)
    #7 0x7ff5c7b6091a  (/usr/lib/llvm-20/lib/libLLVM.so.20.1+0x3c4491a) (BuildId: b856c61f98abf0989f157f153740fe0fadfbb760)
    #8 0x7ff5c7b61a19  (/usr/lib/llvm-20/lib/libLLVM.so.20.1+0x3c45a19) (BuildId: b856c61f98abf0989f157f153740fe0fadfbb760)
    #9 0x7ff5c7b62a6c  (/usr/lib/llvm-20/lib/libLLVM.so.20.1+0x3c46a6c) (BuildId: b856c61f98abf0989f157f153740fe0fadfbb760)
    #10 0x55ca91648523 in llvm::Target::createTargetMachine(llvm::StringRef, llvm::StringRef, llvm::StringRef, llvm::TargetOptions const&, std::optional<llvm::Reloc::Model>, std::optional<llvm::CodeModel::Model>, llvm::CodeGenOptLevel, bool) const /usr/lib/llvm-20/include/llvm/MC/TargetRegistry.h:462:12
    #11 0x55ca9163a09e in tsc::TargetRegistry::initializeAllTargets() /workspace/src/TargetRegistry.cpp:67:41
    #12 0x55ca9162bdcd in tsc::Compiler::initializeLLVM() /workspace/src/Compiler.cpp:349:14
    #13 0x55ca9162b8b7 in tsc::Compiler::Compiler(tsc::CompilerOptions const&) /workspace/src/Compiler.cpp:24:5
    #14 0x55ca915fd7b5 in main /workspace/src/main.cpp:191:18
    #15 0x7ff5c395a337  (/lib/x86_64-linux-gnu/libc.so.6+0x2a337) (BuildId: 467f544f15035abef911999cbc14489edd0555ab)
    #16 0x7ff5c395a3fa in __libc_start_main (/lib/x86_64-linux-gnu/libc.so.6+0x2a3fa) (BuildId: 467f544f15035abef911999cbc14489edd0555ab)
    #17 0x55ca91511b64 in _start (/workspace/build-asan/tsc+0x74b64) (BuildId: 73a10d7cc646a755f705b0ae57418e68578aec2f)

Indirect leak of 128 byte(s) in 2 object(s) allocated from:
    #0 0x55ca915fa191 in operator new(unsigned long) (/workspace/build-asan/tsc+0x15d191) (BuildId: 73a10d7cc646a755f705b0ae57418e68578aec2f)
    #1 0x7ff5c6f3afe5  (/usr/lib/llvm-20/lib/libLLVM.so.20.1+0x301efe5) (BuildId: b856c61f98abf0989f157f153740fe0fadfbb760)
    #2 0x7ff5c6f3af97  (/usr/lib/llvm-20/lib/libLLVM.so.20.1+0x301ef97) (BuildId: b856c61f98abf0989f157f153740fe0fadfbb760)
    #3 0x7ff5c6f3998b  (/usr/lib/llvm-20/lib/libLLVM.so.20.1+0x301d98b) (BuildId: b856c61f98abf0989f157f153740fe0fadfbb760)
    #4 0x7ff5c6f398a6  (/usr/lib/llvm-20/lib/libLLVM.so.20.1+0x301d8a6) (BuildId: b856c61f98abf0989f157f153740fe0fadfbb760)
    #5 0x7ff5c6f3aa71  (/usr/lib/llvm-20/lib/libLLVM.so.20.1+0x301ea71) (BuildId: b856c61f98abf0989f157f153740fe0fadfbb760)
    #6 0x7ff5c7b29241  (/usr/lib/llvm-20/lib/libLLVM.so.20.1+0x3c0d241) (BuildId: b856c61f98abf0989f157f153740fe0fadfbb760)
    #7 0x7ff5c7b6091a  (/usr/lib/llvm-20/lib/libLLVM.so.20.1+0x3c4491a) (BuildId: b856c61f98abf0989f157f153740fe0fadfbb760)
    #8 0x7ff5c7b61a19  (/usr/lib/llvm-20/lib/libLLVM.so.20.1+0x3c45a19) (BuildId: b856c61f98abf0989f157f153740fe0fadfbb760)
    #9 0x7ff5c7b62a6c  (/usr/lib/llvm-20/lib/libLLVM.so.20.1+0x3c46a6c) (BuildId: b856c61f98abf0989f157f153740fe0fadfbb760)
    #10 0x55ca91648523 in llvm::Target::createTargetMachine(llvm::StringRef, llvm::StringRef, llvm::StringRef, llvm::TargetOptions const&, std::optional<llvm::Reloc::Model>, std::optional<llvm::CodeModel::Model>, llvm::CodeGenOptLevel, bool) const /usr/lib/llvm-20/include/llvm/MC/TargetRegistry.h:462:12
    #11 0x55ca9163a09e in tsc::TargetRegistry::initializeAllTargets() /workspace/src/TargetRegistry.cpp:67:41
    #12 0x55ca9162bdcd in tsc::Compiler::initializeLLVM() /workspace/src/Compiler.cpp:349:14
    #13 0x55ca9162b8b7 in tsc::Compiler::Compiler(tsc::CompilerOptions const&) /workspace/src/Compiler.cpp:24:5
    #14 0x55ca915fd7b5 in main /workspace/src/main.cpp:191:18
    #15 0x7ff5c395a337  (/lib/x86_64-linux-gnu/libc.so.6+0x2a337) (BuildId: 467f544f15035abef911999cbc14489edd0555ab)
    #16 0x7ff5c395a3fa in __libc_start_main (/lib/x86_64-linux-gnu/libc.so.6+0x2a3fa) (BuildId: 467f544f15035abef911999cbc14489edd0555ab)
    #17 0x55ca91511b64 in _start (/workspace/build-asan/tsc+0x74b64) (BuildId: 73a10d7cc646a755f705b0ae57418e68578aec2f)

Indirect leak of 128 byte(s) in 2 object(s) allocated from:
    #0 0x55ca915fa191 in operator new(unsigned long) (/workspace/build-asan/tsc+0x15d191) (BuildId: 73a10d7cc646a755f705b0ae57418e68578aec2f)
    #1 0x7ff5c6f3afe5  (/usr/lib/llvm-20/lib/libLLVM.so.20.1+0x301efe5) (BuildId: b856c61f98abf0989f157f153740fe0fadfbb760)
    #2 0x7ff5c6f3af97  (/usr/lib/llvm-20/lib/libLLVM.so.20.1+0x301ef97) (BuildId: b856c61f98abf0989f157f153740fe0fadfbb760)
    #3 0x7ff5c6f3998b  (/usr/lib/llvm-20/lib/libLLVM.so.20.1+0x301d98b) (BuildId: b856c61f98abf0989f157f153740fe0fadfbb760)
    #4 0x7ff5c6f398a6  (/usr/lib/llvm-20/lib/libLLVM.so.20.1+0x301d8a6) (BuildId: b856c61f98abf0989f157f153740fe0fadfbb760)
    #5 0x7ff5c6f3aa71  (/usr/lib/llvm-20/lib/libLLVM.so.20.1+0x301ea71) (BuildId: b856c61f98abf0989f157f153740fe0fadfbb760)
    #6 0x7ff5c7b28d6b  (/usr/lib/llvm-20/lib/libLLVM.so.20.1+0x3c0cd6b) (BuildId: b856c61f98abf0989f157f153740fe0fadfbb760)
    #7 0x7ff5c7b6091a  (/usr/lib/llvm-20/lib/libLLVM.so.20.1+0x3c4491a) (BuildId: b856c61f98abf0989f157f153740fe0fadfbb760)
    #8 0x7ff5c7b61a19  (/usr/lib/llvm-20/lib/libLLVM.so.20.1+0x3c45a19) (BuildId: b856c61f98abf0989f157f153740fe0fadfbb760)
    #9 0x7ff5c7b62a6c  (/usr/lib/llvm-20/lib/libLLVM.so.20.1+0x3c46a6c) (BuildId: b856c61f98abf0989f157f153740fe0fadfbb760)
    #10 0x55ca91648523 in llvm::Target::createTargetMachine(llvm::StringRef, llvm::StringRef, llvm::StringRef, llvm::TargetOptions const&, std::optional<llvm::Reloc::Model>, std::optional<llvm::CodeModel::Model>, llvm::CodeGenOptLevel, bool) const /usr/lib/llvm-20/include/llvm/MC/TargetRegistry.h:462:12
    #11 0x55ca9163a09e in tsc::TargetRegistry::initializeAllTargets() /workspace/src/TargetRegistry.cpp:67:41
    #12 0x55ca9162bdcd in tsc::Compiler::initializeLLVM() /workspace/src/Compiler.cpp:349:14
    #13 0x55ca9162b8b7 in tsc::Compiler::Compiler(tsc::CompilerOptions const&) /workspace/src/Compiler.cpp:24:5
    #14 0x55ca915fd7b5 in main /workspace/src/main.cpp:191:18
    #15 0x7ff5c395a337  (/lib/x86_64-linux-gnu/libc.so.6+0x2a337) (BuildId: 467f544f15035abef911999cbc14489edd0555ab)
    #16 0x7ff5c395a3fa in __libc_start_main (/lib/x86_64-linux-gnu/libc.so.6+0x2a3fa) (BuildId: 467f544f15035abef911999cbc14489edd0555ab)
    #17 0x55ca91511b64 in _start (/workspace/build-asan/tsc+0x74b64) (BuildId: 73a10d7cc646a755f705b0ae57418e68578aec2f)

Indirect leak of 128 byte(s) in 2 object(s) allocated from:
    #0 0x55ca915fa191 in operator new(unsigned long) (/workspace/build-asan/tsc+0x15d191) (BuildId: 73a10d7cc646a755f705b0ae57418e68578aec2f)
    #1 0x7ff5c6f3afe5  (/usr/lib/llvm-20/lib/libLLVM.so.20.1+0x301efe5) (BuildId: b856c61f98abf0989f157f153740fe0fadfbb760)
    #2 0x7ff5c6f3af97  (/usr/lib/llvm-20/lib/libLLVM.so.20.1+0x301ef97) (BuildId: b856c61f98abf0989f157f153740fe0fadfbb760)
    #3 0x7ff5c6f3998b  (/usr/lib/llvm-20/lib/libLLVM.so.20.1+0x301d98b) (BuildId: b856c61f98abf0989f157f153740fe0fadfbb760)
    #4 0x7ff5c6f398a6  (/usr/lib/llvm-20/lib/libLLVM.so.20.1+0x301d8a6) (BuildId: b856c61f98abf0989f157f153740fe0fadfbb760)
    #5 0x7ff5c6f3aa71  (/usr/lib/llvm-20/lib/libLLVM.so.20.1+0x301ea71) (BuildId: b856c61f98abf0989f157f153740fe0fadfbb760)
    #6 0x7ff5c7b29e11  (/usr/lib/llvm-20/lib/libLLVM.so.20.1+0x3c0de11) (BuildId: b856c61f98abf0989f157f153740fe0fadfbb760)
    #7 0x7ff5c7b6091a  (/usr/lib/llvm-20/lib/libLLVM.so.20.1+0x3c4491a) (BuildId: b856c61f98abf0989f157f153740fe0fadfbb760)
    #8 0x7ff5c7b6188a  (/usr/lib/llvm-20/lib/libLLVM.so.20.1+0x3c4588a) (BuildId: b856c61f98abf0989f157f153740fe0fadfbb760)
    #9 0x7ff5c7b62a6c  (/usr/lib/llvm-20/lib/libLLVM.so.20.1+0x3c46a6c) (BuildId: b856c61f98abf0989f157f153740fe0fadfbb760)
    #10 0x55ca91648523 in llvm::Target::createTargetMachine(llvm::StringRef, llvm::StringRef, llvm::StringRef, llvm::TargetOptions const&, std::optional<llvm::Reloc::Model>, std::optional<llvm::CodeModel::Model>, llvm::CodeGenOptLevel, bool) const /usr/lib/llvm-20/include/llvm/MC/TargetRegistry.h:462:12
    #11 0x55ca9163a09e in tsc::TargetRegistry::initializeAllTargets() /workspace/src/TargetRegistry.cpp:67:41
    #12 0x55ca9162bdcd in tsc::Compiler::initializeLLVM() /workspace/src/Compiler.cpp:349:14
    #13 0x55ca9162b8b7 in tsc::Compiler::Compiler(tsc::CompilerOptions const&) /workspace/src/Compiler.cpp:24:5
    #14 0x55ca915fd7b5 in main /workspace/src/main.cpp:191:18
    #15 0x7ff5c395a337  (/lib/x86_64-linux-gnu/libc.so.6+0x2a337) (BuildId: 467f544f15035abef911999cbc14489edd0555ab)
    #16 0x7ff5c395a3fa in __libc_start_main (/lib/x86_64-linux-gnu/libc.so.6+0x2a3fa) (BuildId: 467f544f15035abef911999cbc14489edd0555ab)
    #17 0x55ca91511b64 in _start (/workspace/build-asan/tsc+0x74b64) (BuildId: 73a10d7cc646a755f705b0ae57418e68578aec2f)

Indirect leak of 128 byte(s) in 2 object(s) allocated from:
    #0 0x55ca915fa191 in operator new(unsigned long) (/workspace/build-asan/tsc+0x15d191) (BuildId: 73a10d7cc646a755f705b0ae57418e68578aec2f)
    #1 0x7ff5c6f3afe5  (/usr/lib/llvm-20/lib/libLLVM.so.20.1+0x301efe5) (BuildId: b856c61f98abf0989f157f153740fe0fadfbb760)
    #2 0x7ff5c6f3af97  (/usr/lib/llvm-20/lib/libLLVM.so.20.1+0x301ef97) (BuildId: b856c61f98abf0989f157f153740fe0fadfbb760)
    #3 0x7ff5c6f3998b  (/usr/lib/llvm-20/lib/libLLVM.so.20.1+0x301d98b) (BuildId: b856c61f98abf0989f157f153740fe0fadfbb760)
    #4 0x7ff5c6f398a6  (/usr/lib/llvm-20/lib/libLLVM.so.20.1+0x301d8a6) (BuildId: b856c61f98abf0989f157f153740fe0fadfbb760)
    #5 0x7ff5c6f3aa71  (/usr/lib/llvm-20/lib/libLLVM.so.20.1+0x301ea71) (BuildId: b856c61f98abf0989f157f153740fe0fadfbb760)
    #6 0x7ff5c7b29ddf  (/usr/lib/llvm-20/lib/libLLVM.so.20.1+0x3c0dddf) (BuildId: b856c61f98abf0989f157f153740fe0fadfbb760)
    #7 0x7ff5c7b6091a  (/usr/lib/llvm-20/lib/libLLVM.so.20.1+0x3c4491a) (BuildId: b856c61f98abf0989f157f153740fe0fadfbb760)
    #8 0x7ff5c7b6188a  (/usr/lib/llvm-20/lib/libLLVM.so.20.1+0x3c4588a) (BuildId: b856c61f98abf0989f157f153740fe0fadfbb760)
    #9 0x7ff5c7b62a6c  (/usr/lib/llvm-20/lib/libLLVM.so.20.1+0x3c46a6c) (BuildId: b856c61f98abf0989f157f153740fe0fadfbb760)
    #10 0x55ca91648523 in llvm::Target::createTargetMachine(llvm::StringRef, llvm::StringRef, llvm::StringRef, llvm::TargetOptions const&, std::optional<llvm::Reloc::Model>, std::optional<llvm::CodeModel::Model>, llvm::CodeGenOptLevel, bool) const /usr/lib/llvm-20/include/llvm/MC/TargetRegistry.h:462:12
    #11 0x55ca9163a09e in tsc::TargetRegistry::initializeAllTargets() /workspace/src/TargetRegistry.cpp:67:41
    #12 0x55ca9162bdcd in tsc::Compiler::initializeLLVM() /workspace/src/Compiler.cpp:349:14
    #13 0x55ca9162b8b7 in tsc::Compiler::Compiler(tsc::CompilerOptions const&) /workspace/src/Compiler.cpp:24:5
    #14 0x55ca915fd7b5 in main /workspace/src/main.cpp:191:18
    #15 0x7ff5c395a337  (/lib/x86_64-linux-gnu/libc.so.6+0x2a337) (BuildId: 467f544f15035abef911999cbc14489edd0555ab)
    #16 0x7ff5c395a3fa in __libc_start_main (/lib/x86_64-linux-gnu/libc.so.6+0x2a3fa) (BuildId: 467f544f15035abef911999cbc14489edd0555ab)
    #17 0x55ca91511b64 in _start (/workspace/build-asan/tsc+0x74b64) (BuildId: 73a10d7cc646a755f705b0ae57418e68578aec2f)

Indirect leak of 128 byte(s) in 2 object(s) allocated from:
    #0 0x55ca915fa191 in operator new(unsigned long) (/workspace/build-asan/tsc+0x15d191) (BuildId: 73a10d7cc646a755f705b0ae57418e68578aec2f)
    #1 0x7ff5c6f3afe5  (/usr/lib/llvm-20/lib/libLLVM.so.20.1+0x301efe5) (BuildId: b856c61f98abf0989f157f153740fe0fadfbb760)
    #2 0x7ff5c6f3af97  (/usr/lib/llvm-20/lib/libLLVM.so.20.1+0x301ef97) (BuildId: b856c61f98abf0989f157f153740fe0fadfbb760)
    #3 0x7ff5c6f3998b  (/usr/lib/llvm-20/lib/libLLVM.so.20.1+0x301d98b) (BuildId: b856c61f98abf0989f157f153740fe0fadfbb760)
    #4 0x7ff5c6f398a6  (/usr/lib/llvm-20/lib/libLLVM.so.20.1+0x301d8a6) (BuildId: b856c61f98abf0989f157f153740fe0fadfbb760)
    #5 0x7ff5c6f3aa71  (/usr/lib/llvm-20/lib/libLLVM.so.20.1+0x301ea71) (BuildId: b856c61f98abf0989f157f153740fe0fadfbb760)
    #6 0x7ff5c7b29d8d  (/usr/lib/llvm-20/lib/libLLVM.so.20.1+0x3c0dd8d) (BuildId: b856c61f98abf0989f157f153740fe0fadfbb760)
    #7 0x7ff5c7b6091a  (/usr/lib/llvm-20/lib/libLLVM.so.20.1+0x3c4491a) (BuildId: b856c61f98abf0989f157f153740fe0fadfbb760)
    #8 0x7ff5c7b6188a  (/usr/lib/llvm-20/lib/libLLVM.so.20.1+0x3c4588a) (BuildId: b856c61f98abf0989f157f153740fe0fadfbb760)
    #9 0x7ff5c7b62a6c  (/usr/lib/llvm-20/lib/libLLVM.so.20.1+0x3c46a6c) (BuildId: b856c61f98abf0989f157f153740fe0fadfbb760)
    #10 0x55ca91648523 in llvm::Target::createTargetMachine(llvm::StringRef, llvm::StringRef, llvm::StringRef, llvm::TargetOptions const&, std::optional<llvm::Reloc::Model>, std::optional<llvm::CodeModel::Model>, llvm::CodeGenOptLevel, bool) const /usr/lib/llvm-20/include/llvm/MC/TargetRegistry.h:462:12
    #11 0x55ca9163a09e in tsc::TargetRegistry::initializeAllTargets() /workspace/src/TargetRegistry.cpp:67:41
    #12 0x55ca9162bdcd in tsc::Compiler::initializeLLVM() /workspace/src/Compiler.cpp:349:14
    #13 0x55ca9162b8b7 in tsc::Compiler::Compiler(tsc::CompilerOptions const&) /workspace/src/Compiler.cpp:24:5
    #14 0x55ca915fd7b5 in main /workspace/src/main.cpp:191:18
    #15 0x7ff5c395a337  (/lib/x86_64-linux-gnu/libc.so.6+0x2a337) (BuildId: 467f544f15035abef911999cbc14489edd0555ab)
    #16 0x7ff5c395a3fa in __libc_start_main (/lib/x86_64-linux-gnu/libc.so.6+0x2a3fa) (BuildId: 467f544f15035abef911999cbc14489edd0555ab)
    #17 0x55ca91511b64 in _start (/workspace/build-asan/tsc+0x74b64) (BuildId: 73a10d7cc646a755f705b0ae57418e68578aec2f)

Indirect leak of 128 byte(s) in 2 object(s) allocated from:
    #0 0x55ca915fa191 in operator new(unsigned long) (/workspace/build-asan/tsc+0x15d191) (BuildId: 73a10d7cc646a755f705b0ae57418e68578aec2f)
    #1 0x7ff5c6f3afe5  (/usr/lib/llvm-20/lib/libLLVM.so.20.1+0x301efe5) (BuildId: b856c61f98abf0989f157f153740fe0fadfbb760)
    #2 0x7ff5c6f3af97  (/usr/lib/llvm-20/lib/libLLVM.so.20.1+0x301ef97) (BuildId: b856c61f98abf0989f157f153740fe0fadfbb760)
    #3 0x7ff5c6f3998b  (/usr/lib/llvm-20/lib/libLLVM.so.20.1+0x301d98b) (BuildId: b856c61f98abf0989f157f153740fe0fadfbb760)
    #4 0x7ff5c6f398a6  (/usr/lib/llvm-20/lib/libLLVM.so.20.1+0x301d8a6) (BuildId: b856c61f98abf0989f157f153740fe0fadfbb760)
    #5 0x7ff5c6f3aa71  (/usr/lib/llvm-20/lib/libLLVM.so.20.1+0x301ea71) (BuildId: b856c61f98abf0989f157f153740fe0fadfbb760)
    #6 0x7ff5c7b29d5b  (/usr/lib/llvm-20/lib/libLLVM.so.20.1+0x3c0dd5b) (BuildId: b856c61f98abf0989f157f153740fe0fadfbb760)
    #7 0x7ff5c7b6091a  (/usr/lib/llvm-20/lib/libLLVM.so.20.1+0x3c4491a) (BuildId: b856c61f98abf0989f157f153740fe0fadfbb760)
    #8 0x7ff5c7b6188a  (/usr/lib/llvm-20/lib/libLLVM.so.20.1+0x3c4588a) (BuildId: b856c61f98abf0989f157f153740fe0fadfbb760)
    #9 0x7ff5c7b62a6c  (/usr/lib/llvm-20/lib/libLLVM.so.20.1+0x3c46a6c) (BuildId: b856c61f98abf0989f157f153740fe0fadfbb760)
    #10 0x55ca91648523 in llvm::Target::createTargetMachine(llvm::StringRef, llvm::StringRef, llvm::StringRef, llvm::TargetOptions const&, std::optional<llvm::Reloc::Model>, std::optional<llvm::CodeModel::Model>, llvm::CodeGenOptLevel, bool) const /usr/lib/llvm-20/include/llvm/MC/TargetRegistry.h:462:12
    #11 0x55ca9163a09e in tsc::TargetRegistry::initializeAllTargets() /workspace/src/TargetRegistry.cpp:67:41
    #12 0x55ca9162bdcd in tsc::Compiler::initializeLLVM() /workspace/src/Compiler.cpp:349:14
    #13 0x55ca9162b8b7 in tsc::Compiler::Compiler(tsc::CompilerOptions const&) /workspace/src/Compiler.cpp:24:5
    #14 0x55ca915fd7b5 in main /workspace/src/main.cpp:191:18
    #15 0x7ff5c395a337  (/lib/x86_64-linux-gnu/libc.so.6+0x2a337) (BuildId: 467f544f15035abef911999cbc14489edd0555ab)
    #16 0x7ff5c395a3fa in __libc_start_main (/lib/x86_64-linux-gnu/libc.so.6+0x2a3fa) (BuildId: 467f544f15035abef911999cbc14489edd0555ab)
    #17 0x55ca91511b64 in _start (/workspace/build-asan/tsc+0x74b64) (BuildId: 73a10d7cc646a755f705b0ae57418e68578aec2f)

Indirect leak of 128 byte(s) in 2 object(s) allocated from:
    #0 0x55ca915fa191 in operator new(unsigned long) (/workspace/build-asan/tsc+0x15d191) (BuildId: 73a10d7cc646a755f705b0ae57418e68578aec2f)
    #1 0x7ff5c6f3afe5  (/usr/lib/llvm-20/lib/libLLVM.so.20.1+0x301efe5) (BuildId: b856c61f98abf0989f157f153740fe0fadfbb760)
    #2 0x7ff5c6f3af97  (/usr/lib/llvm-20/lib/libLLVM.so.20.1+0x301ef97) (BuildId: b856c61f98abf0989f157f153740fe0fadfbb760)
    #3 0x7ff5c6f3998b  (/usr/lib/llvm-20/lib/libLLVM.so.20.1+0x301d98b) (BuildId: b856c61f98abf0989f157f153740fe0fadfbb760)
    #4 0x7ff5c6f398a6  (/usr/lib/llvm-20/lib/libLLVM.so.20.1+0x301d8a6) (BuildId: b856c61f98abf0989f157f153740fe0fadfbb760)
    #5 0x7ff5c6f3aa71  (/usr/lib/llvm-20/lib/libLLVM.so.20.1+0x301ea71) (BuildId: b856c61f98abf0989f157f153740fe0fadfbb760)
    #6 0x7ff5c7b29d0f  (/usr/lib/llvm-20/lib/libLLVM.so.20.1+0x3c0dd0f) (BuildId: b856c61f98abf0989f157f153740fe0fadfbb760)
    #7 0x7ff5c7b6091a  (/usr/lib/llvm-20/lib/libLLVM.so.20.1+0x3c4491a) (BuildId: b856c61f98abf0989f157f153740fe0fadfbb760)
    #8 0x7ff5c7b6188a  (/usr/lib/llvm-20/lib/libLLVM.so.20.1+0x3c4588a) (BuildId: b856c61f98abf0989f157f153740fe0fadfbb760)
    #9 0x7ff5c7b62a6c  (/usr/lib/llvm-20/lib/libLLVM.so.20.1+0x3c46a6c) (BuildId: b856c61f98abf0989f157f153740fe0fadfbb760)
    #10 0x55ca91648523 in llvm::Target::createTargetMachine(llvm::StringRef, llvm::StringRef, llvm::StringRef, llvm::TargetOptions const&, std::optional<llvm::Reloc::Model>, std::optional<llvm::CodeModel::Model>, llvm::CodeGenOptLevel, bool) const /usr/lib/llvm-20/include/llvm/MC/TargetRegistry.h:462:12
    #11 0x55ca9163a09e in tsc::TargetRegistry::initializeAllTargets() /workspace/src/TargetRegistry.cpp:67:41
    #12 0x55ca9162bdcd in tsc::Compiler::initializeLLVM() /workspace/src/Compiler.cpp:349:14
    #13 0x55ca9162b8b7 in tsc::Compiler::Compiler(tsc::CompilerOptions const&) /workspace/src/Compiler.cpp:24:5
    #14 0x55ca915fd7b5 in main /workspace/src/main.cpp:191:18
    #15 0x7ff5c395a337  (/lib/x86_64-linux-gnu/libc.so.6+0x2a337) (BuildId: 467f544f15035abef911999cbc14489edd0555ab)
    #16 0x7ff5c395a3fa in __libc_start_main (/lib/x86_64-linux-gnu/libc.so.6+0x2a3fa) (BuildId: 467f544f15035abef911999cbc14489edd0555ab)
    #17 0x55ca91511b64 in _start (/workspace/build-asan/tsc+0x74b64) (BuildId: 73a10d7cc646a755f705b0ae57418e68578aec2f)

Indirect leak of 128 byte(s) in 2 object(s) allocated from:
    #0 0x55ca915fa191 in operator new(unsigned long) (/workspace/build-asan/tsc+0x15d191) (BuildId: 73a10d7cc646a755f705b0ae57418e68578aec2f)
    #1 0x7ff5c6f3afe5  (/usr/lib/llvm-20/lib/libLLVM.so.20.1+0x301efe5) (BuildId: b856c61f98abf0989f157f153740fe0fadfbb760)
    #2 0x7ff5c6f3af97  (/usr/lib/llvm-20/lib/libLLVM.so.20.1+0x301ef97) (BuildId: b856c61f98abf0989f157f153740fe0fadfbb760)
    #3 0x7ff5c6f3998b  (/usr/lib/llvm-20/lib/libLLVM.so.20.1+0x301d98b) (BuildId: b856c61f98abf0989f157f153740fe0fadfbb760)
    #4 0x7ff5c6f398a6  (/usr/lib/llvm-20/lib/libLLVM.so.20.1+0x301d8a6) (BuildId: b856c61f98abf0989f157f153740fe0fadfbb760)
    #5 0x7ff5c6f3aa71  (/usr/lib/llvm-20/lib/libLLVM.so.20.1+0x301ea71) (BuildId: b856c61f98abf0989f157f153740fe0fadfbb760)
    #6 0x7ff5c7b29cdd  (/usr/lib/llvm-20/lib/libLLVM.so.20.1+0x3c0dcdd) (BuildId: b856c61f98abf0989f157f153740fe0fadfbb760)
    #7 0x7ff5c7b6091a  (/usr/lib/llvm-20/lib/libLLVM.so.20.1+0x3c4491a) (BuildId: b856c61f98abf0989f157f153740fe0fadfbb760)
    #8 0x7ff5c7b6188a  (/usr/lib/llvm-20/lib/libLLVM.so.20.1+0x3c4588a) (BuildId: b856c61f98abf0989f157f153740fe0fadfbb760)
    #9 0x7ff5c7b62a6c  (/usr/lib/llvm-20/lib/libLLVM.so.20.1+0x3c46a6c) (BuildId: b856c61f98abf0989f157f153740fe0fadfbb760)
    #10 0x55ca91648523 in llvm::Target::createTargetMachine(llvm::StringRef, llvm::StringRef, llvm::StringRef, llvm::TargetOptions const&, std::optional<llvm::Reloc::Model>, std::optional<llvm::CodeModel::Model>, llvm::CodeGenOptLevel, bool) const /usr/lib/llvm-20/include/llvm/MC/TargetRegistry.h:462:12
    #11 0x55ca9163a09e in tsc::TargetRegistry::initializeAllTargets() /workspace/src/TargetRegistry.cpp:67:41
    #12 0x55ca9162bdcd in tsc::Compiler::initializeLLVM() /workspace/src/Compiler.cpp:349:14
    #13 0x55ca9162b8b7 in tsc::Compiler::Compiler(tsc::CompilerOptions const&) /workspace/src/Compiler.cpp:24:5
    #14 0x55ca915fd7b5 in main /workspace/src/main.cpp:191:18
    #15 0x7ff5c395a337  (/lib/x86_64-linux-gnu/libc.so.6+0x2a337) (BuildId: 467f544f15035abef911999cbc14489edd0555ab)
    #16 0x7ff5c395a3fa in __libc_start_main (/lib/x86_64-linux-gnu/libc.so.6+0x2a3fa) (BuildId: 467f544f15035abef911999cbc14489edd0555ab)
    #17 0x55ca91511b64 in _start (/workspace/build-asan/tsc+0x74b64) (BuildId: 73a10d7cc646a755f705b0ae57418e68578aec2f)

Indirect leak of 128 byte(s) in 2 object(s) allocated from:
    #0 0x55ca915fa191 in operator new(unsigned long) (/workspace/build-asan/tsc+0x15d191) (BuildId: 73a10d7cc646a755f705b0ae57418e68578aec2f)
    #1 0x7ff5c6f3afe5  (/usr/lib/llvm-20/lib/libLLVM.so.20.1+0x301efe5) (BuildId: b856c61f98abf0989f157f153740fe0fadfbb760)
    #2 0x7ff5c6f3af97  (/usr/lib/llvm-20/lib/libLLVM.so.20.1+0x301ef97) (BuildId: b856c61f98abf0989f157f153740fe0fadfbb760)
    #3 0x7ff5c6f3998b  (/usr/lib/llvm-20/lib/libLLVM.so.20.1+0x301d98b) (BuildId: b856c61f98abf0989f157f153740fe0fadfbb760)
    #4 0x7ff5c6f398a6  (/usr/lib/llvm-20/lib/libLLVM.so.20.1+0x301d8a6) (BuildId: b856c61f98abf0989f157f153740fe0fadfbb760)
    #5 0x7ff5c6f3aa71  (/usr/lib/llvm-20/lib/libLLVM.so.20.1+0x301ea71) (BuildId: b856c61f98abf0989f157f153740fe0fadfbb760)
    #6 0x7ff5c7b29c8e  (/usr/lib/llvm-20/lib/libLLVM.so.20.1+0x3c0dc8e) (BuildId: b856c61f98abf0989f157f153740fe0fadfbb760)
    #7 0x7ff5c7b6091a  (/usr/lib/llvm-20/lib/libLLVM.so.20.1+0x3c4491a) (BuildId: b856c61f98abf0989f157f153740fe0fadfbb760)
    #8 0x7ff5c7b6188a  (/usr/lib/llvm-20/lib/libLLVM.so.20.1+0x3c4588a) (BuildId: b856c61f98abf0989f157f153740fe0fadfbb760)
    #9 0x7ff5c7b62a6c  (/usr/lib/llvm-20/lib/libLLVM.so.20.1+0x3c46a6c) (BuildId: b856c61f98abf0989f157f153740fe0fadfbb760)
    #10 0x55ca91648523 in llvm::Target::createTargetMachine(llvm::StringRef, llvm::StringRef, llvm::StringRef, llvm::TargetOptions const&, std::optional<llvm::Reloc::Model>, std::optional<llvm::CodeModel::Model>, llvm::CodeGenOptLevel, bool) const /usr/lib/llvm-20/include/llvm/MC/TargetRegistry.h:462:12
    #11 0x55ca9163a09e in tsc::TargetRegistry::initializeAllTargets() /workspace/src/TargetRegistry.cpp:67:41
    #12 0x55ca9162bdcd in tsc::Compiler::initializeLLVM() /workspace/src/Compiler.cpp:349:14
    #13 0x55ca9162b8b7 in tsc::Compiler::Compiler(tsc::CompilerOptions const&) /workspace/src/Compiler.cpp:24:5
    #14 0x55ca915fd7b5 in main /workspace/src/main.cpp:191:18
    #15 0x7ff5c395a337  (/lib/x86_64-linux-gnu/libc.so.6+0x2a337) (BuildId: 467f544f15035abef911999cbc14489edd0555ab)
    #16 0x7ff5c395a3fa in __libc_start_main (/lib/x86_64-linux-gnu/libc.so.6+0x2a3fa) (BuildId: 467f544f15035abef911999cbc14489edd0555ab)
    #17 0x55ca91511b64 in _start (/workspace/build-asan/tsc+0x74b64) (BuildId: 73a10d7cc646a755f705b0ae57418e68578aec2f)

Indirect leak of 128 byte(s) in 2 object(s) allocated from:
    #0 0x55ca915fa191 in operator new(unsigned long) (/workspace/build-asan/tsc+0x15d191) (BuildId: 73a10d7cc646a755f705b0ae57418e68578aec2f)
    #1 0x7ff5c6f3afe5  (/usr/lib/llvm-20/lib/libLLVM.so.20.1+0x301efe5) (BuildId: b856c61f98abf0989f157f153740fe0fadfbb760)
    #2 0x7ff5c6f3af97  (/usr/lib/llvm-20/lib/libLLVM.so.20.1+0x301ef97) (BuildId: b856c61f98abf0989f157f153740fe0fadfbb760)
    #3 0x7ff5c6f3998b  (/usr/lib/llvm-20/lib/libLLVM.so.20.1+0x301d98b) (BuildId: b856c61f98abf0989f157f153740fe0fadfbb760)
    #4 0x7ff5c6f398a6  (/usr/lib/llvm-20/lib/libLLVM.so.20.1+0x301d8a6) (BuildId: b856c61f98abf0989f157f153740fe0fadfbb760)
    #5 0x7ff5c6f3aa71  (/usr/lib/llvm-20/lib/libLLVM.so.20.1+0x301ea71) (BuildId: b856c61f98abf0989f157f153740fe0fadfbb760)
    #6 0x7ff5c7b29c5c  (/usr/lib/llvm-20/lib/libLLVM.so.20.1+0x3c0dc5c) (BuildId: b856c61f98abf0989f157f153740fe0fadfbb760)
    #7 0x7ff5c7b6091a  (/usr/lib/llvm-20/lib/libLLVM.so.20.1+0x3c4491a) (BuildId: b856c61f98abf0989f157f153740fe0fadfbb760)
    #8 0x7ff5c7b6188a  (/usr/lib/llvm-20/lib/libLLVM.so.20.1+0x3c4588a) (BuildId: b856c61f98abf0989f157f153740fe0fadfbb760)
    #9 0x7ff5c7b62a6c  (/usr/lib/llvm-20/lib/libLLVM.so.20.1+0x3c46a6c) (BuildId: b856c61f98abf0989f157f153740fe0fadfbb760)
    #10 0x55ca91648523 in llvm::Target::createTargetMachine(llvm::StringRef, llvm::StringRef, llvm::StringRef, llvm::TargetOptions const&, std::optional<llvm::Reloc::Model>, std::optional<llvm::CodeModel::Model>, llvm::CodeGenOptLevel, bool) const /usr/lib/llvm-20/include/llvm/MC/TargetRegistry.h:462:12
    #11 0x55ca9163a09e in tsc::TargetRegistry::initializeAllTargets() /workspace/src/TargetRegistry.cpp:67:41
    #12 0x55ca9162bdcd in tsc::Compiler::initializeLLVM() /workspace/src/Compiler.cpp:349:14
    #13 0x55ca9162b8b7 in tsc::Compiler::Compiler(tsc::CompilerOptions const&) /workspace/src/Compiler.cpp:24:5
    #14 0x55ca915fd7b5 in main /workspace/src/main.cpp:191:18
    #15 0x7ff5c395a337  (/lib/x86_64-linux-gnu/libc.so.6+0x2a337) (BuildId: 467f544f15035abef911999cbc14489edd0555ab)
    #16 0x7ff5c395a3fa in __libc_start_main (/lib/x86_64-linux-gnu/libc.so.6+0x2a3fa) (BuildId: 467f544f15035abef911999cbc14489edd0555ab)
    #17 0x55ca91511b64 in _start (/workspace/build-asan/tsc+0x74b64) (BuildId: 73a10d7cc646a755f705b0ae57418e68578aec2f)

Indirect leak of 128 byte(s) in 2 object(s) allocated from:
    #0 0x55ca915fa191 in operator new(unsigned long) (/workspace/build-asan/tsc+0x15d191) (BuildId: 73a10d7cc646a755f705b0ae57418e68578aec2f)
    #1 0x7ff5c6f3afe5  (/usr/lib/llvm-20/lib/libLLVM.so.20.1+0x301efe5) (BuildId: b856c61f98abf0989f157f153740fe0fadfbb760)
    #2 0x7ff5c6f3af97  (/usr/lib/llvm-20/lib/libLLVM.so.20.1+0x301ef97) (BuildId: b856c61f98abf0989f157f153740fe0fadfbb760)
    #3 0x7ff5c6f3998b  (/usr/lib/llvm-20/lib/libLLVM.so.20.1+0x301d98b) (BuildId: b856c61f98abf0989f157f153740fe0fadfbb760)
    #4 0x7ff5c6f398a6  (/usr/lib/llvm-20/lib/libLLVM.so.20.1+0x301d8a6) (BuildId: b856c61f98abf0989f157f153740fe0fadfbb760)
    #5 0x7ff5c6f3aa71  (/usr/lib/llvm-20/lib/libLLVM.so.20.1+0x301ea71) (BuildId: b856c61f98abf0989f157f153740fe0fadfbb760)
    #6 0x7ff5c7b29241  (/usr/lib/llvm-20/lib/libLLVM.so.20.1+0x3c0d241) (BuildId: b856c61f98abf0989f157f153740fe0fadfbb760)
    #7 0x7ff5c7b6091a  (/usr/lib/llvm-20/lib/libLLVM.so.20.1+0x3c4491a) (BuildId: b856c61f98abf0989f157f153740fe0fadfbb760)
    #8 0x7ff5c7b6188a  (/usr/lib/llvm-20/lib/libLLVM.so.20.1+0x3c4588a) (BuildId: b856c61f98abf0989f157f153740fe0fadfbb760)
    #9 0x7ff5c7b62a6c  (/usr/lib/llvm-20/lib/libLLVM.so.20.1+0x3c46a6c) (BuildId: b856c61f98abf0989f157f153740fe0fadfbb760)
    #10 0x55ca91648523 in llvm::Target::createTargetMachine(llvm::StringRef, llvm::StringRef, llvm::StringRef, llvm::TargetOptions const&, std::optional<llvm::Reloc::Model>, std::optional<llvm::CodeModel::Model>, llvm::CodeGenOptLevel, bool) const /usr/lib/llvm-20/include/llvm/MC/TargetRegistry.h:462:12
    #11 0x55ca9163a09e in tsc::TargetRegistry::initializeAllTargets() /workspace/src/TargetRegistry.cpp:67:41
    #12 0x55ca9162bdcd in tsc::Compiler::initializeLLVM() /workspace/src/Compiler.cpp:349:14
    #13 0x55ca9162b8b7 in tsc::Compiler::Compiler(tsc::CompilerOptions const&) /workspace/src/Compiler.cpp:24:5
    #14 0x55ca915fd7b5 in main /workspace/src/main.cpp:191:18
    #15 0x7ff5c395a337  (/lib/x86_64-linux-gnu/libc.so.6+0x2a337) (BuildId: 467f544f15035abef911999cbc14489edd0555ab)
    #16 0x7ff5c395a3fa in __libc_start_main (/lib/x86_64-linux-gnu/libc.so.6+0x2a3fa) (BuildId: 467f544f15035abef911999cbc14489edd0555ab)
    #17 0x55ca91511b64 in _start (/workspace/build-asan/tsc+0x74b64) (BuildId: 73a10d7cc646a755f705b0ae57418e68578aec2f)

Indirect leak of 128 byte(s) in 2 object(s) allocated from:
    #0 0x55ca915fa191 in operator new(unsigned long) (/workspace/build-asan/tsc+0x15d191) (BuildId: 73a10d7cc646a755f705b0ae57418e68578aec2f)
    #1 0x7ff5c6f3afe5  (/usr/lib/llvm-20/lib/libLLVM.so.20.1+0x301efe5) (BuildId: b856c61f98abf0989f157f153740fe0fadfbb760)
    #2 0x7ff5c6f3af97  (/usr/lib/llvm-20/lib/libLLVM.so.20.1+0x301ef97) (BuildId: b856c61f98abf0989f157f153740fe0fadfbb760)
    #3 0x7ff5c6f3998b  (/usr/lib/llvm-20/lib/libLLVM.so.20.1+0x301d98b) (BuildId: b856c61f98abf0989f157f153740fe0fadfbb760)
    #4 0x7ff5c6f398a6  (/usr/lib/llvm-20/lib/libLLVM.so.20.1+0x301d8a6) (BuildId: b856c61f98abf0989f157f153740fe0fadfbb760)
    #5 0x7ff5c6f3aa71  (/usr/lib/llvm-20/lib/libLLVM.so.20.1+0x301ea71) (BuildId: b856c61f98abf0989f157f153740fe0fadfbb760)
    #6 0x7ff5c7b28d6b  (/usr/lib/llvm-20/lib/libLLVM.so.20.1+0x3c0cd6b) (BuildId: b856c61f98abf0989f157f153740fe0fadfbb760)
    #7 0x7ff5c7b6091a  (/usr/lib/llvm-20/lib/libLLVM.so.20.1+0x3c4491a) (BuildId: b856c61f98abf0989f157f153740fe0fadfbb760)
    #8 0x7ff5c7b6188a  (/usr/lib/llvm-20/lib/libLLVM.so.20.1+0x3c4588a) (BuildId: b856c61f98abf0989f157f153740fe0fadfbb760)
    #9 0x7ff5c7b62a6c  (/usr/lib/llvm-20/lib/libLLVM.so.20.1+0x3c46a6c) (BuildId: b856c61f98abf0989f157f153740fe0fadfbb760)
    #10 0x55ca91648523 in llvm::Target::createTargetMachine(llvm::StringRef, llvm::StringRef, llvm::StringRef, llvm::TargetOptions const&, std::optional<llvm::Reloc::Model>, std::optional<llvm::CodeModel::Model>, llvm::CodeGenOptLevel, bool) const /usr/lib/llvm-20/include/llvm/MC/TargetRegistry.h:462:12
    #11 0x55ca9163a09e in tsc::TargetRegistry::initializeAllTargets() /workspace/src/TargetRegistry.cpp:67:41
    #12 0x55ca9162bdcd in tsc::Compiler::initializeLLVM() /workspace/src/Compiler.cpp:349:14
    #13 0x55ca9162b8b7 in tsc::Compiler::Compiler(tsc::CompilerOptions const&) /workspace/src/Compiler.cpp:24:5
    #14 0x55ca915fd7b5 in main /workspace/src/main.cpp:191:18
    #15 0x7ff5c395a337  (/lib/x86_64-linux-gnu/libc.so.6+0x2a337) (BuildId: 467f544f15035abef911999cbc14489edd0555ab)
    #16 0x7ff5c395a3fa in __libc_start_main (/lib/x86_64-linux-gnu/libc.so.6+0x2a3fa) (BuildId: 467f544f15035abef911999cbc14489edd0555ab)
    #17 0x55ca91511b64 in _start (/workspace/build-asan/tsc+0x74b64) (BuildId: 73a10d7cc646a755f705b0ae57418e68578aec2f)

Indirect leak of 128 byte(s) in 2 object(s) allocated from:
    #0 0x55ca915fa191 in operator new(unsigned long) (/workspace/build-asan/tsc+0x15d191) (BuildId: 73a10d7cc646a755f705b0ae57418e68578aec2f)
    #1 0x7ff5c6f3afe5  (/usr/lib/llvm-20/lib/libLLVM.so.20.1+0x301efe5) (BuildId: b856c61f98abf0989f157f153740fe0fadfbb760)
    #2 0x7ff5c6f3af97  (/usr/lib/llvm-20/lib/libLLVM.so.20.1+0x301ef97) (BuildId: b856c61f98abf0989f157f153740fe0fadfbb760)
    #3 0x7ff5c6f3998b  (/usr/lib/llvm-20/lib/libLLVM.so.20.1+0x301d98b) (BuildId: b856c61f98abf0989f157f153740fe0fadfbb760)
    #4 0x7ff5c6f398a6  (/usr/lib/llvm-20/lib/libLLVM.so.20.1+0x301d8a6) (BuildId: b856c61f98abf0989f157f153740fe0fadfbb760)
    #5 0x7ff5c6f3aa71  (/usr/lib/llvm-20/lib/libLLVM.so.20.1+0x301ea71) (BuildId: b856c61f98abf0989f157f153740fe0fadfbb760)
    #6 0x7ff5c7b29e11  (/usr/lib/llvm-20/lib/libLLVM.so.20.1+0x3c0de11) (BuildId: b856c61f98abf0989f157f153740fe0fadfbb760)
    #7 0x7ff5c7b6091a  (/usr/lib/llvm-20/lib/libLLVM.so.20.1+0x3c4491a) (BuildId: b856c61f98abf0989f157f153740fe0fadfbb760)
    #8 0x7ff5c7b61710  (/usr/lib/llvm-20/lib/libLLVM.so.20.1+0x3c45710) (BuildId: b856c61f98abf0989f157f153740fe0fadfbb760)
    #9 0x7ff5c7b62a6c  (/usr/lib/llvm-20/lib/libLLVM.so.20.1+0x3c46a6c) (BuildId: b856c61f98abf0989f157f153740fe0fadfbb760)
    #10 0x55ca91648523 in llvm::Target::createTargetMachine(llvm::StringRef, llvm::StringRef, llvm::StringRef, llvm::TargetOptions const&, std::optional<llvm::Reloc::Model>, std::optional<llvm::CodeModel::Model>, llvm::CodeGenOptLevel, bool) const /usr/lib/llvm-20/include/llvm/MC/TargetRegistry.h:462:12
    #11 0x55ca9163a09e in tsc::TargetRegistry::initializeAllTargets() /workspace/src/TargetRegistry.cpp:67:41
    #12 0x55ca9162bdcd in tsc::Compiler::initializeLLVM() /workspace/src/Compiler.cpp:349:14
    #13 0x55ca9162b8b7 in tsc::Compiler::Compiler(tsc::CompilerOptions const&) /workspace/src/Compiler.cpp:24:5
    #14 0x55ca915fd7b5 in main /workspace/src/main.cpp:191:18
    #15 0x7ff5c395a337  (/lib/x86_64-linux-gnu/libc.so.6+0x2a337) (BuildId: 467f544f15035abef911999cbc14489edd0555ab)
    #16 0x7ff5c395a3fa in __libc_start_main (/lib/x86_64-linux-gnu/libc.so.6+0x2a3fa) (BuildId: 467f544f15035abef911999cbc14489edd0555ab)
    #17 0x55ca91511b64 in _start (/workspace/build-asan/tsc+0x74b64) (BuildId: 73a10d7cc646a755f705b0ae57418e68578aec2f)

Indirect leak of 128 byte(s) in 2 object(s) allocated from:
    #0 0x55ca915fa191 in operator new(unsigned long) (/workspace/build-asan/tsc+0x15d191) (BuildId: 73a10d7cc646a755f705b0ae57418e68578aec2f)
    #1 0x7ff5c6f3afe5  (/usr/lib/llvm-20/lib/libLLVM.so.20.1+0x301efe5) (BuildId: b856c61f98abf0989f157f153740fe0fadfbb760)
    #2 0x7ff5c6f3af97  (/usr/lib/llvm-20/lib/libLLVM.so.20.1+0x301ef97) (BuildId: b856c61f98abf0989f157f153740fe0fadfbb760)
    #3 0x7ff5c6f3998b  (/usr/lib/llvm-20/lib/libLLVM.so.20.1+0x301d98b) (BuildId: b856c61f98abf0989f157f153740fe0fadfbb760)
    #4 0x7ff5c6f398a6  (/usr/lib/llvm-20/lib/libLLVM.so.20.1+0x301d8a6) (BuildId: b856c61f98abf0989f157f153740fe0fadfbb760)
    #5 0x7ff5c6f3aa71  (/usr/lib/llvm-20/lib/libLLVM.so.20.1+0x301ea71) (BuildId: b856c61f98abf0989f157f153740fe0fadfbb760)
    #6 0x7ff5c7b29ddf  (/usr/lib/llvm-20/lib/libLLVM.so.20.1+0x3c0dddf) (BuildId: b856c61f98abf0989f157f153740fe0fadfbb760)
    #7 0x7ff5c7b6091a  (/usr/lib/llvm-20/lib/libLLVM.so.20.1+0x3c4491a) (BuildId: b856c61f98abf0989f157f153740fe0fadfbb760)
    #8 0x7ff5c7b61710  (/usr/lib/llvm-20/lib/libLLVM.so.20.1+0x3c45710) (BuildId: b856c61f98abf0989f157f153740fe0fadfbb760)
    #9 0x7ff5c7b62a6c  (/usr/lib/llvm-20/lib/libLLVM.so.20.1+0x3c46a6c) (BuildId: b856c61f98abf0989f157f153740fe0fadfbb760)
    #10 0x55ca91648523 in llvm::Target::createTargetMachine(llvm::StringRef, llvm::StringRef, llvm::StringRef, llvm::TargetOptions const&, std::optional<llvm::Reloc::Model>, std::optional<llvm::CodeModel::Model>, llvm::CodeGenOptLevel, bool) const /usr/lib/llvm-20/include/llvm/MC/TargetRegistry.h:462:12
    #11 0x55ca9163a09e in tsc::TargetRegistry::initializeAllTargets() /workspace/src/TargetRegistry.cpp:67:41
    #12 0x55ca9162bdcd in tsc::Compiler::initializeLLVM() /workspace/src/Compiler.cpp:349:14
    #13 0x55ca9162b8b7 in tsc::Compiler::Compiler(tsc::CompilerOptions const&) /workspace/src/Compiler.cpp:24:5
    #14 0x55ca915fd7b5 in main /workspace/src/main.cpp:191:18
    #15 0x7ff5c395a337  (/lib/x86_64-linux-gnu/libc.so.6+0x2a337) (BuildId: 467f544f15035abef911999cbc14489edd0555ab)
    #16 0x7ff5c395a3fa in __libc_start_main (/lib/x86_64-linux-gnu/libc.so.6+0x2a3fa) (BuildId: 467f544f15035abef911999cbc14489edd0555ab)
    #17 0x55ca91511b64 in _start (/workspace/build-asan/tsc+0x74b64) (BuildId: 73a10d7cc646a755f705b0ae57418e68578aec2f)

Indirect leak of 128 byte(s) in 2 object(s) allocated from:
    #0 0x55ca915fa191 in operator new(unsigned long) (/workspace/build-asan/tsc+0x15d191) (BuildId: 73a10d7cc646a755f705b0ae57418e68578aec2f)
    #1 0x7ff5c6f3afe5  (/usr/lib/llvm-20/lib/libLLVM.so.20.1+0x301efe5) (BuildId: b856c61f98abf0989f157f153740fe0fadfbb760)
    #2 0x7ff5c6f3af97  (/usr/lib/llvm-20/lib/libLLVM.so.20.1+0x301ef97) (BuildId: b856c61f98abf0989f157f153740fe0fadfbb760)
    #3 0x7ff5c6f3998b  (/usr/lib/llvm-20/lib/libLLVM.so.20.1+0x301d98b) (BuildId: b856c61f98abf0989f157f153740fe0fadfbb760)
    #4 0x7ff5c6f398a6  (/usr/lib/llvm-20/lib/libLLVM.so.20.1+0x301d8a6) (BuildId: b856c61f98abf0989f157f153740fe0fadfbb760)
    #5 0x7ff5c6f3aa71  (/usr/lib/llvm-20/lib/libLLVM.so.20.1+0x301ea71) (BuildId: b856c61f98abf0989f157f153740fe0fadfbb760)
    #6 0x7ff5c7b29d8d  (/usr/lib/llvm-20/lib/libLLVM.so.20.1+0x3c0dd8d) (BuildId: b856c61f98abf0989f157f153740fe0fadfbb760)
    #7 0x7ff5c7b6091a  (/usr/lib/llvm-20/lib/libLLVM.so.20.1+0x3c4491a) (BuildId: b856c61f98abf0989f157f153740fe0fadfbb760)
    #8 0x7ff5c7b61710  (/usr/lib/llvm-20/lib/libLLVM.so.20.1+0x3c45710) (BuildId: b856c61f98abf0989f157f153740fe0fadfbb760)
    #9 0x7ff5c7b62a6c  (/usr/lib/llvm-20/lib/libLLVM.so.20.1+0x3c46a6c) (BuildId: b856c61f98abf0989f157f153740fe0fadfbb760)
    #10 0x55ca91648523 in llvm::Target::createTargetMachine(llvm::StringRef, llvm::StringRef, llvm::StringRef, llvm::TargetOptions const&, std::optional<llvm::Reloc::Model>, std::optional<llvm::CodeModel::Model>, llvm::CodeGenOptLevel, bool) const /usr/lib/llvm-20/include/llvm/MC/TargetRegistry.h:462:12
    #11 0x55ca9163a09e in tsc::TargetRegistry::initializeAllTargets() /workspace/src/TargetRegistry.cpp:67:41
    #12 0x55ca9162bdcd in tsc::Compiler::initializeLLVM() /workspace/src/Compiler.cpp:349:14
    #13 0x55ca9162b8b7 in tsc::Compiler::Compiler(tsc::CompilerOptions const&) /workspace/src/Compiler.cpp:24:5
    #14 0x55ca915fd7b5 in main /workspace/src/main.cpp:191:18
    #15 0x7ff5c395a337  (/lib/x86_64-linux-gnu/libc.so.6+0x2a337) (BuildId: 467f544f15035abef911999cbc14489edd0555ab)
    #16 0x7ff5c395a3fa in __libc_start_main (/lib/x86_64-linux-gnu/libc.so.6+0x2a3fa) (BuildId: 467f544f15035abef911999cbc14489edd0555ab)
    #17 0x55ca91511b64 in _start (/workspace/build-asan/tsc+0x74b64) (BuildId: 73a10d7cc646a755f705b0ae57418e68578aec2f)

Indirect leak of 128 byte(s) in 2 object(s) allocated from:
    #0 0x55ca915fa191 in operator new(unsigned long) (/workspace/build-asan/tsc+0x15d191) (BuildId: 73a10d7cc646a755f705b0ae57418e68578aec2f)
    #1 0x7ff5c6f3afe5  (/usr/lib/llvm-20/lib/libLLVM.so.20.1+0x301efe5) (BuildId: b856c61f98abf0989f157f153740fe0fadfbb760)
    #2 0x7ff5c6f3af97  (/usr/lib/llvm-20/lib/libLLVM.so.20.1+0x301ef97) (BuildId: b856c61f98abf0989f157f153740fe0fadfbb760)
    #3 0x7ff5c6f3998b  (/usr/lib/llvm-20/lib/libLLVM.so.20.1+0x301d98b) (BuildId: b856c61f98abf0989f157f153740fe0fadfbb760)
    #4 0x7ff5c6f398a6  (/usr/lib/llvm-20/lib/libLLVM.so.20.1+0x301d8a6) (BuildId: b856c61f98abf0989f157f153740fe0fadfbb760)
    #5 0x7ff5c6f3aa71  (/usr/lib/llvm-20/lib/libLLVM.so.20.1+0x301ea71) (BuildId: b856c61f98abf0989f157f153740fe0fadfbb760)
    #6 0x7ff5c7b29d5b  (/usr/lib/llvm-20/lib/libLLVM.so.20.1+0x3c0dd5b) (BuildId: b856c61f98abf0989f157f153740fe0fadfbb760)
    #7 0x7ff5c7b6091a  (/usr/lib/llvm-20/lib/libLLVM.so.20.1+0x3c4491a) (BuildId: b856c61f98abf0989f157f153740fe0fadfbb760)
    #8 0x7ff5c7b61710  (/usr/lib/llvm-20/lib/libLLVM.so.20.1+0x3c45710) (BuildId: b856c61f98abf0989f157f153740fe0fadfbb760)
    #9 0x7ff5c7b62a6c  (/usr/lib/llvm-20/lib/libLLVM.so.20.1+0x3c46a6c) (BuildId: b856c61f98abf0989f157f153740fe0fadfbb760)
    #10 0x55ca91648523 in llvm::Target::createTargetMachine(llvm::StringRef, llvm::StringRef, llvm::StringRef, llvm::TargetOptions const&, std::optional<llvm::Reloc::Model>, std::optional<llvm::CodeModel::Model>, llvm::CodeGenOptLevel, bool) const /usr/lib/llvm-20/include/llvm/MC/TargetRegistry.h:462:12
    #11 0x55ca9163a09e in tsc::TargetRegistry::initializeAllTargets() /workspace/src/TargetRegistry.cpp:67:41
    #12 0x55ca9162bdcd in tsc::Compiler::initializeLLVM() /workspace/src/Compiler.cpp:349:14
    #13 0x55ca9162b8b7 in tsc::Compiler::Compiler(tsc::CompilerOptions const&) /workspace/src/Compiler.cpp:24:5
    #14 0x55ca915fd7b5 in main /workspace/src/main.cpp:191:18
    #15 0x7ff5c395a337  (/lib/x86_64-linux-gnu/libc.so.6+0x2a337) (BuildId: 467f544f15035abef911999cbc14489edd0555ab)
    #16 0x7ff5c395a3fa in __libc_start_main (/lib/x86_64-linux-gnu/libc.so.6+0x2a3fa) (BuildId: 467f544f15035abef911999cbc14489edd0555ab)
    #17 0x55ca91511b64 in _start (/workspace/build-asan/tsc+0x74b64) (BuildId: 73a10d7cc646a755f705b0ae57418e68578aec2f)

Indirect leak of 128 byte(s) in 2 object(s) allocated from:
    #0 0x55ca915fa191 in operator new(unsigned long) (/workspace/build-asan/tsc+0x15d191) (BuildId: 73a10d7cc646a755f705b0ae57418e68578aec2f)
    #1 0x7ff5c6f3afe5  (/usr/lib/llvm-20/lib/libLLVM.so.20.1+0x301efe5) (BuildId: b856c61f98abf0989f157f153740fe0fadfbb760)
    #2 0x7ff5c6f3af97  (/usr/lib/llvm-20/lib/libLLVM.so.20.1+0x301ef97) (BuildId: b856c61f98abf0989f157f153740fe0fadfbb760)
    #3 0x7ff5c6f3998b  (/usr/lib/llvm-20/lib/libLLVM.so.20.1+0x301d98b) (BuildId: b856c61f98abf0989f157f153740fe0fadfbb760)
    #4 0x7ff5c6f398a6  (/usr/lib/llvm-20/lib/libLLVM.so.20.1+0x301d8a6) (BuildId: b856c61f98abf0989f157f153740fe0fadfbb760)
    #5 0x7ff5c6f3aa71  (/usr/lib/llvm-20/lib/libLLVM.so.20.1+0x301ea71) (BuildId: b856c61f98abf0989f157f153740fe0fadfbb760)
    #6 0x7ff5c7b29d0f  (/usr/lib/llvm-20/lib/libLLVM.so.20.1+0x3c0dd0f) (BuildId: b856c61f98abf0989f157f153740fe0fadfbb760)
    #7 0x7ff5c7b6091a  (/usr/lib/llvm-20/lib/libLLVM.so.20.1+0x3c4491a) (BuildId: b856c61f98abf0989f157f153740fe0fadfbb760)
    #8 0x7ff5c7b61710  (/usr/lib/llvm-20/lib/libLLVM.so.20.1+0x3c45710) (BuildId: b856c61f98abf0989f157f153740fe0fadfbb760)
    #9 0x7ff5c7b62a6c  (/usr/lib/llvm-20/lib/libLLVM.so.20.1+0x3c46a6c) (BuildId: b856c61f98abf0989f157f153740fe0fadfbb760)
    #10 0x55ca91648523 in llvm::Target::createTargetMachine(llvm::StringRef, llvm::StringRef, llvm::StringRef, llvm::TargetOptions const&, std::optional<llvm::Reloc::Model>, std::optional<llvm::CodeModel::Model>, llvm::CodeGenOptLevel, bool) const /usr/lib/llvm-20/include/llvm/MC/TargetRegistry.h:462:12
    #11 0x55ca9163a09e in tsc::TargetRegistry::initializeAllTargets() /workspace/src/TargetRegistry.cpp:67:41
    #12 0x55ca9162bdcd in tsc::Compiler::initializeLLVM() /workspace/src/Compiler.cpp:349:14
    #13 0x55ca9162b8b7 in tsc::Compiler::Compiler(tsc::CompilerOptions const&) /workspace/src/Compiler.cpp:24:5
    #14 0x55ca915fd7b5 in main /workspace/src/main.cpp:191:18
    #15 0x7ff5c395a337  (/lib/x86_64-linux-gnu/libc.so.6+0x2a337) (BuildId: 467f544f15035abef911999cbc14489edd0555ab)
    #16 0x7ff5c395a3fa in __libc_start_main (/lib/x86_64-linux-gnu/libc.so.6+0x2a3fa) (BuildId: 467f544f15035abef911999cbc14489edd0555ab)
    #17 0x55ca91511b64 in _start (/workspace/build-asan/tsc+0x74b64) (BuildId: 73a10d7cc646a755f705b0ae57418e68578aec2f)

Indirect leak of 128 byte(s) in 2 object(s) allocated from:
    #0 0x55ca915fa191 in operator new(unsigned long) (/workspace/build-asan/tsc+0x15d191) (BuildId: 73a10d7cc646a755f705b0ae57418e68578aec2f)
    #1 0x7ff5c6f3afe5  (/usr/lib/llvm-20/lib/libLLVM.so.20.1+0x301efe5) (BuildId: b856c61f98abf0989f157f153740fe0fadfbb760)
    #2 0x7ff5c6f3af97  (/usr/lib/llvm-20/lib/libLLVM.so.20.1+0x301ef97) (BuildId: b856c61f98abf0989f157f153740fe0fadfbb760)
    #3 0x7ff5c6f3998b  (/usr/lib/llvm-20/lib/libLLVM.so.20.1+0x301d98b) (BuildId: b856c61f98abf0989f157f153740fe0fadfbb760)
    #4 0x7ff5c6f398a6  (/usr/lib/llvm-20/lib/libLLVM.so.20.1+0x301d8a6) (BuildId: b856c61f98abf0989f157f153740fe0fadfbb760)
    #5 0x7ff5c6f3aa71  (/usr/lib/llvm-20/lib/libLLVM.so.20.1+0x301ea71) (BuildId: b856c61f98abf0989f157f153740fe0fadfbb760)
    #6 0x7ff5c7b29cdd  (/usr/lib/llvm-20/lib/libLLVM.so.20.1+0x3c0dcdd) (BuildId: b856c61f98abf0989f157f153740fe0fadfbb760)
    #7 0x7ff5c7b6091a  (/usr/lib/llvm-20/lib/libLLVM.so.20.1+0x3c4491a) (BuildId: b856c61f98abf0989f157f153740fe0fadfbb760)
    #8 0x7ff5c7b61710  (/usr/lib/llvm-20/lib/libLLVM.so.20.1+0x3c45710) (BuildId: b856c61f98abf0989f157f153740fe0fadfbb760)
    #9 0x7ff5c7b62a6c  (/usr/lib/llvm-20/lib/libLLVM.so.20.1+0x3c46a6c) (BuildId: b856c61f98abf0989f157f153740fe0fadfbb760)
    #10 0x55ca91648523 in llvm::Target::createTargetMachine(llvm::StringRef, llvm::StringRef, llvm::StringRef, llvm::TargetOptions const&, std::optional<llvm::Reloc::Model>, std::optional<llvm::CodeModel::Model>, llvm::CodeGenOptLevel, bool) const /usr/lib/llvm-20/include/llvm/MC/TargetRegistry.h:462:12
    #11 0x55ca9163a09e in tsc::TargetRegistry::initializeAllTargets() /workspace/src/TargetRegistry.cpp:67:41
    #12 0x55ca9162bdcd in tsc::Compiler::initializeLLVM() /workspace/src/Compiler.cpp:349:14
    #13 0x55ca9162b8b7 in tsc::Compiler::Compiler(tsc::CompilerOptions const&) /workspace/src/Compiler.cpp:24:5
    #14 0x55ca915fd7b5 in main /workspace/src/main.cpp:191:18
    #15 0x7ff5c395a337  (/lib/x86_64-linux-gnu/libc.so.6+0x2a337) (BuildId: 467f544f15035abef911999cbc14489edd0555ab)
    #16 0x7ff5c395a3fa in __libc_start_main (/lib/x86_64-linux-gnu/libc.so.6+0x2a3fa) (BuildId: 467f544f15035abef911999cbc14489edd0555ab)
    #17 0x55ca91511b64 in _start (/workspace/build-asan/tsc+0x74b64) (BuildId: 73a10d7cc646a755f705b0ae57418e68578aec2f)

Indirect leak of 128 byte(s) in 2 object(s) allocated from:
    #0 0x55ca915fa191 in operator new(unsigned long) (/workspace/build-asan/tsc+0x15d191) (BuildId: 73a10d7cc646a755f705b0ae57418e68578aec2f)
    #1 0x7ff5c6f3afe5  (/usr/lib/llvm-20/lib/libLLVM.so.20.1+0x301efe5) (BuildId: b856c61f98abf0989f157f153740fe0fadfbb760)
    #2 0x7ff5c6f3af97  (/usr/lib/llvm-20/lib/libLLVM.so.20.1+0x301ef97) (BuildId: b856c61f98abf0989f157f153740fe0fadfbb760)
    #3 0x7ff5c6f3998b  (/usr/lib/llvm-20/lib/libLLVM.so.20.1+0x301d98b) (BuildId: b856c61f98abf0989f157f153740fe0fadfbb760)
    #4 0x7ff5c6f398a6  (/usr/lib/llvm-20/lib/libLLVM.so.20.1+0x301d8a6) (BuildId: b856c61f98abf0989f157f153740fe0fadfbb760)
    #5 0x7ff5c6f3aa71  (/usr/lib/llvm-20/lib/libLLVM.so.20.1+0x301ea71) (BuildId: b856c61f98abf0989f157f153740fe0fadfbb760)
    #6 0x7ff5c7b29c8e  (/usr/lib/llvm-20/lib/libLLVM.so.20.1+0x3c0dc8e) (BuildId: b856c61f98abf0989f157f153740fe0fadfbb760)
    #7 0x7ff5c7b6091a  (/usr/lib/llvm-20/lib/libLLVM.so.20.1+0x3c4491a) (BuildId: b856c61f98abf0989f157f153740fe0fadfbb760)
    #8 0x7ff5c7b61710  (/usr/lib/llvm-20/lib/libLLVM.so.20.1+0x3c45710) (BuildId: b856c61f98abf0989f157f153740fe0fadfbb760)
    #9 0x7ff5c7b62a6c  (/usr/lib/llvm-20/lib/libLLVM.so.20.1+0x3c46a6c) (BuildId: b856c61f98abf0989f157f153740fe0fadfbb760)
    #10 0x55ca91648523 in llvm::Target::createTargetMachine(llvm::StringRef, llvm::StringRef, llvm::StringRef, llvm::TargetOptions const&, std::optional<llvm::Reloc::Model>, std::optional<llvm::CodeModel::Model>, llvm::CodeGenOptLevel, bool) const /usr/lib/llvm-20/include/llvm/MC/TargetRegistry.h:462:12
    #11 0x55ca9163a09e in tsc::TargetRegistry::initializeAllTargets() /workspace/src/TargetRegistry.cpp:67:41
    #12 0x55ca9162bdcd in tsc::Compiler::initializeLLVM() /workspace/src/Compiler.cpp:349:14
    #13 0x55ca9162b8b7 in tsc::Compiler::Compiler(tsc::CompilerOptions const&) /workspace/src/Compiler.cpp:24:5
    #14 0x55ca915fd7b5 in main /workspace/src/main.cpp:191:18
    #15 0x7ff5c395a337  (/lib/x86_64-linux-gnu/libc.so.6+0x2a337) (BuildId: 467f544f15035abef911999cbc14489edd0555ab)
    #16 0x7ff5c395a3fa in __libc_start_main (/lib/x86_64-linux-gnu/libc.so.6+0x2a3fa) (BuildId: 467f544f15035abef911999cbc14489edd0555ab)
    #17 0x55ca91511b64 in _start (/workspace/build-asan/tsc+0x74b64) (BuildId: 73a10d7cc646a755f705b0ae57418e68578aec2f)

Indirect leak of 128 byte(s) in 2 object(s) allocated from:
    #0 0x55ca915fa191 in operator new(unsigned long) (/workspace/build-asan/tsc+0x15d191) (BuildId: 73a10d7cc646a755f705b0ae57418e68578aec2f)
    #1 0x7ff5c6f3afe5  (/usr/lib/llvm-20/lib/libLLVM.so.20.1+0x301efe5) (BuildId: b856c61f98abf0989f157f153740fe0fadfbb760)
    #2 0x7ff5c6f3af97  (/usr/lib/llvm-20/lib/libLLVM.so.20.1+0x301ef97) (BuildId: b856c61f98abf0989f157f153740fe0fadfbb760)
    #3 0x7ff5c6f3998b  (/usr/lib/llvm-20/lib/libLLVM.so.20.1+0x301d98b) (BuildId: b856c61f98abf0989f157f153740fe0fadfbb760)
    #4 0x7ff5c6f398a6  (/usr/lib/llvm-20/lib/libLLVM.so.20.1+0x301d8a6) (BuildId: b856c61f98abf0989f157f153740fe0fadfbb760)
    #5 0x7ff5c6f3aa71  (/usr/lib/llvm-20/lib/libLLVM.so.20.1+0x301ea71) (BuildId: b856c61f98abf0989f157f153740fe0fadfbb760)
    #6 0x7ff5c7b29c5c  (/usr/lib/llvm-20/lib/libLLVM.so.20.1+0x3c0dc5c) (BuildId: b856c61f98abf0989f157f153740fe0fadfbb760)
    #7 0x7ff5c7b6091a  (/usr/lib/llvm-20/lib/libLLVM.so.20.1+0x3c4491a) (BuildId: b856c61f98abf0989f157f153740fe0fadfbb760)
    #8 0x7ff5c7b61710  (/usr/lib/llvm-20/lib/libLLVM.so.20.1+0x3c45710) (BuildId: b856c61f98abf0989f157f153740fe0fadfbb760)
    #9 0x7ff5c7b62a6c  (/usr/lib/llvm-20/lib/libLLVM.so.20.1+0x3c46a6c) (BuildId: b856c61f98abf0989f157f153740fe0fadfbb760)
    #10 0x55ca91648523 in llvm::Target::createTargetMachine(llvm::StringRef, llvm::StringRef, llvm::StringRef, llvm::TargetOptions const&, std::optional<llvm::Reloc::Model>, std::optional<llvm::CodeModel::Model>, llvm::CodeGenOptLevel, bool) const /usr/lib/llvm-20/include/llvm/MC/TargetRegistry.h:462:12
    #11 0x55ca9163a09e in tsc::TargetRegistry::initializeAllTargets() /workspace/src/TargetRegistry.cpp:67:41
    #12 0x55ca9162bdcd in tsc::Compiler::initializeLLVM() /workspace/src/Compiler.cpp:349:14
    #13 0x55ca9162b8b7 in tsc::Compiler::Compiler(tsc::CompilerOptions const&) /workspace/src/Compiler.cpp:24:5
    #14 0x55ca915fd7b5 in main /workspace/src/main.cpp:191:18
    #15 0x7ff5c395a337  (/lib/x86_64-linux-gnu/libc.so.6+0x2a337) (BuildId: 467f544f15035abef911999cbc14489edd0555ab)
    #16 0x7ff5c395a3fa in __libc_start_main (/lib/x86_64-linux-gnu/libc.so.6+0x2a3fa) (BuildId: 467f544f15035abef911999cbc14489edd0555ab)
    #17 0x55ca91511b64 in _start (/workspace/build-asan/tsc+0x74b64) (BuildId: 73a10d7cc646a755f705b0ae57418e68578aec2f)

Indirect leak of 128 byte(s) in 2 object(s) allocated from:
    #0 0x55ca915fa191 in operator new(unsigned long) (/workspace/build-asan/tsc+0x15d191) (BuildId: 73a10d7cc646a755f705b0ae57418e68578aec2f)
    #1 0x7ff5c6f3afe5  (/usr/lib/llvm-20/lib/libLLVM.so.20.1+0x301efe5) (BuildId: b856c61f98abf0989f157f153740fe0fadfbb760)
    #2 0x7ff5c6f3af97  (/usr/lib/llvm-20/lib/libLLVM.so.20.1+0x301ef97) (BuildId: b856c61f98abf0989f157f153740fe0fadfbb760)
    #3 0x7ff5c6f3998b  (/usr/lib/llvm-20/lib/libLLVM.so.20.1+0x301d98b) (BuildId: b856c61f98abf0989f157f153740fe0fadfbb760)
    #4 0x7ff5c6f398a6  (/usr/lib/llvm-20/lib/libLLVM.so.20.1+0x301d8a6) (BuildId: b856c61f98abf0989f157f153740fe0fadfbb760)
    #5 0x7ff5c6f3aa71  (/usr/lib/llvm-20/lib/libLLVM.so.20.1+0x301ea71) (BuildId: b856c61f98abf0989f157f153740fe0fadfbb760)
    #6 0x7ff5c7b29241  (/usr/lib/llvm-20/lib/libLLVM.so.20.1+0x3c0d241) (BuildId: b856c61f98abf0989f157f153740fe0fadfbb760)
    #7 0x7ff5c7b6091a  (/usr/lib/llvm-20/lib/libLLVM.so.20.1+0x3c4491a) (BuildId: b856c61f98abf0989f157f153740fe0fadfbb760)
    #8 0x7ff5c7b61710  (/usr/lib/llvm-20/lib/libLLVM.so.20.1+0x3c45710) (BuildId: b856c61f98abf0989f157f153740fe0fadfbb760)
    #9 0x7ff5c7b62a6c  (/usr/lib/llvm-20/lib/libLLVM.so.20.1+0x3c46a6c) (BuildId: b856c61f98abf0989f157f153740fe0fadfbb760)
    #10 0x55ca91648523 in llvm::Target::createTargetMachine(llvm::StringRef, llvm::StringRef, llvm::StringRef, llvm::TargetOptions const&, std::optional<llvm::Reloc::Model>, std::optional<llvm::CodeModel::Model>, llvm::CodeGenOptLevel, bool) const /usr/lib/llvm-20/include/llvm/MC/TargetRegistry.h:462:12
    #11 0x55ca9163a09e in tsc::TargetRegistry::initializeAllTargets() /workspace/src/TargetRegistry.cpp:67:41
    #12 0x55ca9162bdcd in tsc::Compiler::initializeLLVM() /workspace/src/Compiler.cpp:349:14
    #13 0x55ca9162b8b7 in tsc::Compiler::Compiler(tsc::CompilerOptions const&) /workspace/src/Compiler.cpp:24:5
    #14 0x55ca915fd7b5 in main /workspace/src/main.cpp:191:18
    #15 0x7ff5c395a337  (/lib/x86_64-linux-gnu/libc.so.6+0x2a337) (BuildId: 467f544f15035abef911999cbc14489edd0555ab)
    #16 0x7ff5c395a3fa in __libc_start_main (/lib/x86_64-linux-gnu/libc.so.6+0x2a3fa) (BuildId: 467f544f15035abef911999cbc14489edd0555ab)
    #17 0x55ca91511b64 in _start (/workspace/build-asan/tsc+0x74b64) (BuildId: 73a10d7cc646a755f705b0ae57418e68578aec2f)

Indirect leak of 128 byte(s) in 2 object(s) allocated from:
    #0 0x55ca915fa191 in operator new(unsigned long) (/workspace/build-asan/tsc+0x15d191) (BuildId: 73a10d7cc646a755f705b0ae57418e68578aec2f)
    #1 0x7ff5c6f3afe5  (/usr/lib/llvm-20/lib/libLLVM.so.20.1+0x301efe5) (BuildId: b856c61f98abf0989f157f153740fe0fadfbb760)
    #2 0x7ff5c6f3af97  (/usr/lib/llvm-20/lib/libLLVM.so.20.1+0x301ef97) (BuildId: b856c61f98abf0989f157f153740fe0fadfbb760)
    #3 0x7ff5c6f3998b  (/usr/lib/llvm-20/lib/libLLVM.so.20.1+0x301d98b) (BuildId: b856c61f98abf0989f157f153740fe0fadfbb760)
    #4 0x7ff5c6f398a6  (/usr/lib/llvm-20/lib/libLLVM.so.20.1+0x301d8a6) (BuildId: b856c61f98abf0989f157f153740fe0fadfbb760)
    #5 0x7ff5c6f3aa71  (/usr/lib/llvm-20/lib/libLLVM.so.20.1+0x301ea71) (BuildId: b856c61f98abf0989f157f153740fe0fadfbb760)
    #6 0x7ff5c7b28d6b  (/usr/lib/llvm-20/lib/libLLVM.so.20.1+0x3c0cd6b) (BuildId: b856c61f98abf0989f157f153740fe0fadfbb760)
    #7 0x7ff5c7b6091a  (/usr/lib/llvm-20/lib/libLLVM.so.20.1+0x3c4491a) (BuildId: b856c61f98abf0989f157f153740fe0fadfbb760)
    #8 0x7ff5c7b61710  (/usr/lib/llvm-20/lib/libLLVM.so.20.1+0x3c45710) (BuildId: b856c61f98abf0989f157f153740fe0fadfbb760)
    #9 0x7ff5c7b62a6c  (/usr/lib/llvm-20/lib/libLLVM.so.20.1+0x3c46a6c) (BuildId: b856c61f98abf0989f157f153740fe0fadfbb760)
    #10 0x55ca91648523 in llvm::Target::createTargetMachine(llvm::StringRef, llvm::StringRef, llvm::StringRef, llvm::TargetOptions const&, std::optional<llvm::Reloc::Model>, std::optional<llvm::CodeModel::Model>, llvm::CodeGenOptLevel, bool) const /usr/lib/llvm-20/include/llvm/MC/TargetRegistry.h:462:12
    #11 0x55ca9163a09e in tsc::TargetRegistry::initializeAllTargets() /workspace/src/TargetRegistry.cpp:67:41
    #12 0x55ca9162bdcd in tsc::Compiler::initializeLLVM() /workspace/src/Compiler.cpp:349:14
    #13 0x55ca9162b8b7 in tsc::Compiler::Compiler(tsc::CompilerOptions const&) /workspace/src/Compiler.cpp:24:5
    #14 0x55ca915fd7b5 in main /workspace/src/main.cpp:191:18
    #15 0x7ff5c395a337  (/lib/x86_64-linux-gnu/libc.so.6+0x2a337) (BuildId: 467f544f15035abef911999cbc14489edd0555ab)
    #16 0x7ff5c395a3fa in __libc_start_main (/lib/x86_64-linux-gnu/libc.so.6+0x2a3fa) (BuildId: 467f544f15035abef911999cbc14489edd0555ab)
    #17 0x55ca91511b64 in _start (/workspace/build-asan/tsc+0x74b64) (BuildId: 73a10d7cc646a755f705b0ae57418e68578aec2f)

Indirect leak of 128 byte(s) in 2 object(s) allocated from:
    #0 0x55ca915fa191 in operator new(unsigned long) (/workspace/build-asan/tsc+0x15d191) (BuildId: 73a10d7cc646a755f705b0ae57418e68578aec2f)
    #1 0x7ff5c6f3afe5  (/usr/lib/llvm-20/lib/libLLVM.so.20.1+0x301efe5) (BuildId: b856c61f98abf0989f157f153740fe0fadfbb760)
    #2 0x7ff5c6f3af97  (/usr/lib/llvm-20/lib/libLLVM.so.20.1+0x301ef97) (BuildId: b856c61f98abf0989f157f153740fe0fadfbb760)
    #3 0x7ff5c6f3998b  (/usr/lib/llvm-20/lib/libLLVM.so.20.1+0x301d98b) (BuildId: b856c61f98abf0989f157f153740fe0fadfbb760)
    #4 0x7ff5c6f398a6  (/usr/lib/llvm-20/lib/libLLVM.so.20.1+0x301d8a6) (BuildId: b856c61f98abf0989f157f153740fe0fadfbb760)
    #5 0x7ff5c6f3aa71  (/usr/lib/llvm-20/lib/libLLVM.so.20.1+0x301ea71) (BuildId: b856c61f98abf0989f157f153740fe0fadfbb760)
    #6 0x7ff5c7b29e11  (/usr/lib/llvm-20/lib/libLLVM.so.20.1+0x3c0de11) (BuildId: b856c61f98abf0989f157f153740fe0fadfbb760)
    #7 0x7ff5c7b6091a  (/usr/lib/llvm-20/lib/libLLVM.so.20.1+0x3c4491a) (BuildId: b856c61f98abf0989f157f153740fe0fadfbb760)
    #8 0x7ff5c7b61a19  (/usr/lib/llvm-20/lib/libLLVM.so.20.1+0x3c45a19) (BuildId: b856c61f98abf0989f157f153740fe0fadfbb760)
    #9 0x7ff5c7b62b2c  (/usr/lib/llvm-20/lib/libLLVM.so.20.1+0x3c46b2c) (BuildId: b856c61f98abf0989f157f153740fe0fadfbb760)
    #10 0x55ca91648523 in llvm::Target::createTargetMachine(llvm::StringRef, llvm::StringRef, llvm::StringRef, llvm::TargetOptions const&, std::optional<llvm::Reloc::Model>, std::optional<llvm::CodeModel::Model>, llvm::CodeGenOptLevel, bool) const /usr/lib/llvm-20/include/llvm/MC/TargetRegistry.h:462:12
    #11 0x55ca9163a09e in tsc::TargetRegistry::initializeAllTargets() /workspace/src/TargetRegistry.cpp:67:41
    #12 0x55ca9162bdcd in tsc::Compiler::initializeLLVM() /workspace/src/Compiler.cpp:349:14
    #13 0x55ca9162b8b7 in tsc::Compiler::Compiler(tsc::CompilerOptions const&) /workspace/src/Compiler.cpp:24:5
    #14 0x55ca915fd7b5 in main /workspace/src/main.cpp:191:18
    #15 0x7ff5c395a337  (/lib/x86_64-linux-gnu/libc.so.6+0x2a337) (BuildId: 467f544f15035abef911999cbc14489edd0555ab)
    #16 0x7ff5c395a3fa in __libc_start_main (/lib/x86_64-linux-gnu/libc.so.6+0x2a3fa) (BuildId: 467f544f15035abef911999cbc14489edd0555ab)
    #17 0x55ca91511b64 in _start (/workspace/build-asan/tsc+0x74b64) (BuildId: 73a10d7cc646a755f705b0ae57418e68578aec2f)

Indirect leak of 128 byte(s) in 2 object(s) allocated from:
    #0 0x55ca915fa191 in operator new(unsigned long) (/workspace/build-asan/tsc+0x15d191) (BuildId: 73a10d7cc646a755f705b0ae57418e68578aec2f)
    #1 0x7ff5c6f3afe5  (/usr/lib/llvm-20/lib/libLLVM.so.20.1+0x301efe5) (BuildId: b856c61f98abf0989f157f153740fe0fadfbb760)
    #2 0x7ff5c6f3af97  (/usr/lib/llvm-20/lib/libLLVM.so.20.1+0x301ef97) (BuildId: b856c61f98abf0989f157f153740fe0fadfbb760)
    #3 0x7ff5c6f3998b  (/usr/lib/llvm-20/lib/libLLVM.so.20.1+0x301d98b) (BuildId: b856c61f98abf0989f157f153740fe0fadfbb760)
    #4 0x7ff5c6f398a6  (/usr/lib/llvm-20/lib/libLLVM.so.20.1+0x301d8a6) (BuildId: b856c61f98abf0989f157f153740fe0fadfbb760)
    #5 0x7ff5c6f3aa71  (/usr/lib/llvm-20/lib/libLLVM.so.20.1+0x301ea71) (BuildId: b856c61f98abf0989f157f153740fe0fadfbb760)
    #6 0x7ff5c7b29ddf  (/usr/lib/llvm-20/lib/libLLVM.so.20.1+0x3c0dddf) (BuildId: b856c61f98abf0989f157f153740fe0fadfbb760)
    #7 0x7ff5c7b6091a  (/usr/lib/llvm-20/lib/libLLVM.so.20.1+0x3c4491a) (BuildId: b856c61f98abf0989f157f153740fe0fadfbb760)
    #8 0x7ff5c7b61a19  (/usr/lib/llvm-20/lib/libLLVM.so.20.1+0x3c45a19) (BuildId: b856c61f98abf0989f157f153740fe0fadfbb760)
    #9 0x7ff5c7b62b2c  (/usr/lib/llvm-20/lib/libLLVM.so.20.1+0x3c46b2c) (BuildId: b856c61f98abf0989f157f153740fe0fadfbb760)
    #10 0x55ca91648523 in llvm::Target::createTargetMachine(llvm::StringRef, llvm::StringRef, llvm::StringRef, llvm::TargetOptions const&, std::optional<llvm::Reloc::Model>, std::optional<llvm::CodeModel::Model>, llvm::CodeGenOptLevel, bool) const /usr/lib/llvm-20/include/llvm/MC/TargetRegistry.h:462:12
    #11 0x55ca9163a09e in tsc::TargetRegistry::initializeAllTargets() /workspace/src/TargetRegistry.cpp:67:41
    #12 0x55ca9162bdcd in tsc::Compiler::initializeLLVM() /workspace/src/Compiler.cpp:349:14
    #13 0x55ca9162b8b7 in tsc::Compiler::Compiler(tsc::CompilerOptions const&) /workspace/src/Compiler.cpp:24:5
    #14 0x55ca915fd7b5 in main /workspace/src/main.cpp:191:18
    #15 0x7ff5c395a337  (/lib/x86_64-linux-gnu/libc.so.6+0x2a337) (BuildId: 467f544f15035abef911999cbc14489edd0555ab)
    #16 0x7ff5c395a3fa in __libc_start_main (/lib/x86_64-linux-gnu/libc.so.6+0x2a3fa) (BuildId: 467f544f15035abef911999cbc14489edd0555ab)
    #17 0x55ca91511b64 in _start (/workspace/build-asan/tsc+0x74b64) (BuildId: 73a10d7cc646a755f705b0ae57418e68578aec2f)

Indirect leak of 128 byte(s) in 2 object(s) allocated from:
    #0 0x55ca915fa191 in operator new(unsigned long) (/workspace/build-asan/tsc+0x15d191) (BuildId: 73a10d7cc646a755f705b0ae57418e68578aec2f)
    #1 0x7ff5c6f3afe5  (/usr/lib/llvm-20/lib/libLLVM.so.20.1+0x301efe5) (BuildId: b856c61f98abf0989f157f153740fe0fadfbb760)
    #2 0x7ff5c6f3af97  (/usr/lib/llvm-20/lib/libLLVM.so.20.1+0x301ef97) (BuildId: b856c61f98abf0989f157f153740fe0fadfbb760)
    #3 0x7ff5c6f3998b  (/usr/lib/llvm-20/lib/libLLVM.so.20.1+0x301d98b) (BuildId: b856c61f98abf0989f157f153740fe0fadfbb760)
    #4 0x7ff5c6f398a6  (/usr/lib/llvm-20/lib/libLLVM.so.20.1+0x301d8a6) (BuildId: b856c61f98abf0989f157f153740fe0fadfbb760)
    #5 0x7ff5c6f3aa71  (/usr/lib/llvm-20/lib/libLLVM.so.20.1+0x301ea71) (BuildId: b856c61f98abf0989f157f153740fe0fadfbb760)
    #6 0x7ff5c7b29d8d  (/usr/lib/llvm-20/lib/libLLVM.so.20.1+0x3c0dd8d) (BuildId: b856c61f98abf0989f157f153740fe0fadfbb760)
    #7 0x7ff5c7b6091a  (/usr/lib/llvm-20/lib/libLLVM.so.20.1+0x3c4491a) (BuildId: b856c61f98abf0989f157f153740fe0fadfbb760)
    #8 0x7ff5c7b61a19  (/usr/lib/llvm-20/lib/libLLVM.so.20.1+0x3c45a19) (BuildId: b856c61f98abf0989f157f153740fe0fadfbb760)
    #9 0x7ff5c7b62b2c  (/usr/lib/llvm-20/lib/libLLVM.so.20.1+0x3c46b2c) (BuildId: b856c61f98abf0989f157f153740fe0fadfbb760)
    #10 0x55ca91648523 in llvm::Target::createTargetMachine(llvm::StringRef, llvm::StringRef, llvm::StringRef, llvm::TargetOptions const&, std::optional<llvm::Reloc::Model>, std::optional<llvm::CodeModel::Model>, llvm::CodeGenOptLevel, bool) const /usr/lib/llvm-20/include/llvm/MC/TargetRegistry.h:462:12
    #11 0x55ca9163a09e in tsc::TargetRegistry::initializeAllTargets() /workspace/src/TargetRegistry.cpp:67:41
    #12 0x55ca9162bdcd in tsc::Compiler::initializeLLVM() /workspace/src/Compiler.cpp:349:14
    #13 0x55ca9162b8b7 in tsc::Compiler::Compiler(tsc::CompilerOptions const&) /workspace/src/Compiler.cpp:24:5
    #14 0x55ca915fd7b5 in main /workspace/src/main.cpp:191:18
    #15 0x7ff5c395a337  (/lib/x86_64-linux-gnu/libc.so.6+0x2a337) (BuildId: 467f544f15035abef911999cbc14489edd0555ab)
    #16 0x7ff5c395a3fa in __libc_start_main (/lib/x86_64-linux-gnu/libc.so.6+0x2a3fa) (BuildId: 467f544f15035abef911999cbc14489edd0555ab)
    #17 0x55ca91511b64 in _start (/workspace/build-asan/tsc+0x74b64) (BuildId: 73a10d7cc646a755f705b0ae57418e68578aec2f)

Indirect leak of 126 byte(s) in 3 object(s) allocated from:
    #0 0x55ca915fa191 in operator new(unsigned long) (/workspace/build-asan/tsc+0x15d191) (BuildId: 73a10d7cc646a755f705b0ae57418e68578aec2f)
    #1 0x7ff5c4ff3807 in llvm::DataLayout::parseLayoutString(llvm::StringRef) (/usr/lib/llvm-20/lib/libLLVM.so.20.1+0x10d7807) (BuildId: b856c61f98abf0989f157f153740fe0fadfbb760)
    #2 0x7ff5c4ff3744 in llvm::DataLayout::DataLayout(llvm::StringRef) (/usr/lib/llvm-20/lib/libLLVM.so.20.1+0x10d7744) (BuildId: b856c61f98abf0989f157f153740fe0fadfbb760)
    #3 0x7ff5c6ef490c in llvm::TargetMachine::TargetMachine(llvm::Target const&, llvm::StringRef, llvm::Triple const&, llvm::StringRef, llvm::StringRef, llvm::TargetOptions const&) (/usr/lib/llvm-20/lib/libLLVM.so.20.1+0x2fd890c) (BuildId: b856c61f98abf0989f157f153740fe0fadfbb760)
    #4 0x7ff5c52d0937 in llvm::CodeGenTargetMachineImpl::CodeGenTargetMachineImpl(llvm::Target const&, llvm::StringRef, llvm::Triple const&, llvm::StringRef, llvm::StringRef, llvm::TargetOptions const&, llvm::Reloc::Model, llvm::CodeModel::Model, llvm::CodeGenOptLevel) (/usr/lib/llvm-20/lib/libLLVM.so.20.1+0x13b4937) (BuildId: b856c61f98abf0989f157f153740fe0fadfbb760)
    #5 0x7ff5c78a4886  (/usr/lib/llvm-20/lib/libLLVM.so.20.1+0x3988886) (BuildId: b856c61f98abf0989f157f153740fe0fadfbb760)
    #6 0x7ff5c78a5f8a  (/usr/lib/llvm-20/lib/libLLVM.so.20.1+0x3989f8a) (BuildId: b856c61f98abf0989f157f153740fe0fadfbb760)
    #7 0x55ca91648523 in llvm::Target::createTargetMachine(llvm::StringRef, llvm::StringRef, llvm::StringRef, llvm::TargetOptions const&, std::optional<llvm::Reloc::Model>, std::optional<llvm::CodeModel::Model>, llvm::CodeGenOptLevel, bool) const /usr/lib/llvm-20/include/llvm/MC/TargetRegistry.h:462:12
    #8 0x55ca9163a09e in tsc::TargetRegistry::initializeAllTargets() /workspace/src/TargetRegistry.cpp:67:41
    #9 0x55ca9162bdcd in tsc::Compiler::initializeLLVM() /workspace/src/Compiler.cpp:349:14
    #10 0x55ca9162b8b7 in tsc::Compiler::Compiler(tsc::CompilerOptions const&) /workspace/src/Compiler.cpp:24:5
    #11 0x55ca915fd7b5 in main /workspace/src/main.cpp:191:18
    #12 0x7ff5c395a337  (/lib/x86_64-linux-gnu/libc.so.6+0x2a337) (BuildId: 467f544f15035abef911999cbc14489edd0555ab)
    #13 0x7ff5c395a3fa in __libc_start_main (/lib/x86_64-linux-gnu/libc.so.6+0x2a3fa) (BuildId: 467f544f15035abef911999cbc14489edd0555ab)
    #14 0x55ca91511b64 in _start (/workspace/build-asan/tsc+0x74b64) (BuildId: 73a10d7cc646a755f705b0ae57418e68578aec2f)

Indirect leak of 120 byte(s) in 4 object(s) allocated from:
    #0 0x55ca915fa191 in operator new(unsigned long) (/workspace/build-asan/tsc+0x15d191) (BuildId: 73a10d7cc646a755f705b0ae57418e68578aec2f)
    #1 0x7ff5c4ff3807 in llvm::DataLayout::parseLayoutString(llvm::StringRef) (/usr/lib/llvm-20/lib/libLLVM.so.20.1+0x10d7807) (BuildId: b856c61f98abf0989f157f153740fe0fadfbb760)
    #2 0x7ff5c4ff3744 in llvm::DataLayout::DataLayout(llvm::StringRef) (/usr/lib/llvm-20/lib/libLLVM.so.20.1+0x10d7744) (BuildId: b856c61f98abf0989f157f153740fe0fadfbb760)
    #3 0x7ff5c6ef490c in llvm::TargetMachine::TargetMachine(llvm::Target const&, llvm::StringRef, llvm::Triple const&, llvm::StringRef, llvm::StringRef, llvm::TargetOptions const&) (/usr/lib/llvm-20/lib/libLLVM.so.20.1+0x2fd890c) (BuildId: b856c61f98abf0989f157f153740fe0fadfbb760)
    #4 0x7ff5c52d0937 in llvm::CodeGenTargetMachineImpl::CodeGenTargetMachineImpl(llvm::Target const&, llvm::StringRef, llvm::Triple const&, llvm::StringRef, llvm::StringRef, llvm::TargetOptions const&, llvm::Reloc::Model, llvm::CodeModel::Model, llvm::CodeGenOptLevel) (/usr/lib/llvm-20/lib/libLLVM.so.20.1+0x13b4937) (BuildId: b856c61f98abf0989f157f153740fe0fadfbb760)
    #5 0x7ff5c7d133c7  (/usr/lib/llvm-20/lib/libLLVM.so.20.1+0x3df73c7) (BuildId: b856c61f98abf0989f157f153740fe0fadfbb760)
    #6 0x7ff5c7d15bcd  (/usr/lib/llvm-20/lib/libLLVM.so.20.1+0x3df9bcd) (BuildId: b856c61f98abf0989f157f153740fe0fadfbb760)
    #7 0x55ca91648523 in llvm::Target::createTargetMachine(llvm::StringRef, llvm::StringRef, llvm::StringRef, llvm::TargetOptions const&, std::optional<llvm::Reloc::Model>, std::optional<llvm::CodeModel::Model>, llvm::CodeGenOptLevel, bool) const /usr/lib/llvm-20/include/llvm/MC/TargetRegistry.h:462:12
    #8 0x55ca9163a09e in tsc::TargetRegistry::initializeAllTargets() /workspace/src/TargetRegistry.cpp:67:41
    #9 0x55ca9162bdcd in tsc::Compiler::initializeLLVM() /workspace/src/Compiler.cpp:349:14
    #10 0x55ca9162b8b7 in tsc::Compiler::Compiler(tsc::CompilerOptions const&) /workspace/src/Compiler.cpp:24:5
    #11 0x55ca915fd7b5 in main /workspace/src/main.cpp:191:18
    #12 0x7ff5c395a337  (/lib/x86_64-linux-gnu/libc.so.6+0x2a337) (BuildId: 467f544f15035abef911999cbc14489edd0555ab)
    #13 0x7ff5c395a3fa in __libc_start_main (/lib/x86_64-linux-gnu/libc.so.6+0x2a3fa) (BuildId: 467f544f15035abef911999cbc14489edd0555ab)
    #14 0x55ca91511b64 in _start (/workspace/build-asan/tsc+0x74b64) (BuildId: 73a10d7cc646a755f705b0ae57418e68578aec2f)

Indirect leak of 112 byte(s) in 2 object(s) allocated from:
    #0 0x55ca915fa191 in operator new(unsigned long) (/workspace/build-asan/tsc+0x15d191) (BuildId: 73a10d7cc646a755f705b0ae57418e68578aec2f)
    #1 0x7ff5c59b6da2  (/usr/lib/llvm-20/lib/libLLVM.so.20.1+0x1a9ada2) (BuildId: b856c61f98abf0989f157f153740fe0fadfbb760)
    #2 0x7ff5c6f3b039  (/usr/lib/llvm-20/lib/libLLVM.so.20.1+0x301f039) (BuildId: b856c61f98abf0989f157f153740fe0fadfbb760)
    #3 0x7ff5c6f3af97  (/usr/lib/llvm-20/lib/libLLVM.so.20.1+0x301ef97) (BuildId: b856c61f98abf0989f157f153740fe0fadfbb760)
    #4 0x7ff5c6f3998b  (/usr/lib/llvm-20/lib/libLLVM.so.20.1+0x301d98b) (BuildId: b856c61f98abf0989f157f153740fe0fadfbb760)
    #5 0x7ff5c6f398a6  (/usr/lib/llvm-20/lib/libLLVM.so.20.1+0x301d8a6) (BuildId: b856c61f98abf0989f157f153740fe0fadfbb760)
    #6 0x7ff5c6f3aa71  (/usr/lib/llvm-20/lib/libLLVM.so.20.1+0x301ea71) (BuildId: b856c61f98abf0989f157f153740fe0fadfbb760)
    #7 0x7ff5c7b29d0f  (/usr/lib/llvm-20/lib/libLLVM.so.20.1+0x3c0dd0f) (BuildId: b856c61f98abf0989f157f153740fe0fadfbb760)
    #8 0x7ff5c7b6091a  (/usr/lib/llvm-20/lib/libLLVM.so.20.1+0x3c4491a) (BuildId: b856c61f98abf0989f157f153740fe0fadfbb760)
    #9 0x7ff5c7b61a19  (/usr/lib/llvm-20/lib/libLLVM.so.20.1+0x3c45a19) (BuildId: b856c61f98abf0989f157f153740fe0fadfbb760)
    #10 0x7ff5c7b62b2c  (/usr/lib/llvm-20/lib/libLLVM.so.20.1+0x3c46b2c) (BuildId: b856c61f98abf0989f157f153740fe0fadfbb760)
    #11 0x55ca91648523 in llvm::Target::createTargetMachine(llvm::StringRef, llvm::StringRef, llvm::StringRef, llvm::TargetOptions const&, std::optional<llvm::Reloc::Model>, std::optional<llvm::CodeModel::Model>, llvm::CodeGenOptLevel, bool) const /usr/lib/llvm-20/include/llvm/MC/TargetRegistry.h:462:12
    #12 0x55ca9163a09e in tsc::TargetRegistry::initializeAllTargets() /workspace/src/TargetRegistry.cpp:67:41
    #13 0x55ca9162bdcd in tsc::Compiler::initializeLLVM() /workspace/src/Compiler.cpp:349:14
    #14 0x55ca9162b8b7 in tsc::Compiler::Compiler(tsc::CompilerOptions const&) /workspace/src/Compiler.cpp:24:5
    #15 0x55ca915fd7b5 in main /workspace/src/main.cpp:191:18
    #16 0x7ff5c395a337  (/lib/x86_64-linux-gnu/libc.so.6+0x2a337) (BuildId: 467f544f15035abef911999cbc14489edd0555ab)
    #17 0x7ff5c395a3fa in __libc_start_main (/lib/x86_64-linux-gnu/libc.so.6+0x2a3fa) (BuildId: 467f544f15035abef911999cbc14489edd0555ab)
    #18 0x55ca91511b64 in _start (/workspace/build-asan/tsc+0x74b64) (BuildId: 73a10d7cc646a755f705b0ae57418e68578aec2f)

Indirect leak of 112 byte(s) in 2 object(s) allocated from:
    #0 0x55ca915fa191 in operator new(unsigned long) (/workspace/build-asan/tsc+0x15d191) (BuildId: 73a10d7cc646a755f705b0ae57418e68578aec2f)
    #1 0x7ff5c59b6da2  (/usr/lib/llvm-20/lib/libLLVM.so.20.1+0x1a9ada2) (BuildId: b856c61f98abf0989f157f153740fe0fadfbb760)
    #2 0x7ff5c6f3b008  (/usr/lib/llvm-20/lib/libLLVM.so.20.1+0x301f008) (BuildId: b856c61f98abf0989f157f153740fe0fadfbb760)
    #3 0x7ff5c6f3af97  (/usr/lib/llvm-20/lib/libLLVM.so.20.1+0x301ef97) (BuildId: b856c61f98abf0989f157f153740fe0fadfbb760)
    #4 0x7ff5c6f3998b  (/usr/lib/llvm-20/lib/libLLVM.so.20.1+0x301d98b) (BuildId: b856c61f98abf0989f157f153740fe0fadfbb760)
    #5 0x7ff5c6f398a6  (/usr/lib/llvm-20/lib/libLLVM.so.20.1+0x301d8a6) (BuildId: b856c61f98abf0989f157f153740fe0fadfbb760)
    #6 0x7ff5c6f3aa71  (/usr/lib/llvm-20/lib/libLLVM.so.20.1+0x301ea71) (BuildId: b856c61f98abf0989f157f153740fe0fadfbb760)
    #7 0x7ff5c7b29d0f  (/usr/lib/llvm-20/lib/libLLVM.so.20.1+0x3c0dd0f) (BuildId: b856c61f98abf0989f157f153740fe0fadfbb760)
    #8 0x7ff5c7b6091a  (/usr/lib/llvm-20/lib/libLLVM.so.20.1+0x3c4491a) (BuildId: b856c61f98abf0989f157f153740fe0fadfbb760)
    #9 0x7ff5c7b61a19  (/usr/lib/llvm-20/lib/libLLVM.so.20.1+0x3c45a19) (BuildId: b856c61f98abf0989f157f153740fe0fadfbb760)
    #10 0x7ff5c7b62b2c  (/usr/lib/llvm-20/lib/libLLVM.so.20.1+0x3c46b2c) (BuildId: b856c61f98abf0989f157f153740fe0fadfbb760)
    #11 0x55ca91648523 in llvm::Target::createTargetMachine(llvm::StringRef, llvm::StringRef, llvm::StringRef, llvm::TargetOptions const&, std::optional<llvm::Reloc::Model>, std::optional<llvm::CodeModel::Model>, llvm::CodeGenOptLevel, bool) const /usr/lib/llvm-20/include/llvm/MC/TargetRegistry.h:462:12
    #12 0x55ca9163a09e in tsc::TargetRegistry::initializeAllTargets() /workspace/src/TargetRegistry.cpp:67:41
    #13 0x55ca9162bdcd in tsc::Compiler::initializeLLVM() /workspace/src/Compiler.cpp:349:14
    #14 0x55ca9162b8b7 in tsc::Compiler::Compiler(tsc::CompilerOptions const&) /workspace/src/Compiler.cpp:24:5
    #15 0x55ca915fd7b5 in main /workspace/src/main.cpp:191:18
    #16 0x7ff5c395a337  (/lib/x86_64-linux-gnu/libc.so.6+0x2a337) (BuildId: 467f544f15035abef911999cbc14489edd0555ab)
    #17 0x7ff5c395a3fa in __libc_start_main (/lib/x86_64-linux-gnu/libc.so.6+0x2a3fa) (BuildId: 467f544f15035abef911999cbc14489edd0555ab)
    #18 0x55ca91511b64 in _start (/workspace/build-asan/tsc+0x74b64) (BuildId: 73a10d7cc646a755f705b0ae57418e68578aec2f)

Indirect leak of 112 byte(s) in 2 object(s) allocated from:
    #0 0x55ca915fa191 in operator new(unsigned long) (/workspace/build-asan/tsc+0x15d191) (BuildId: 73a10d7cc646a755f705b0ae57418e68578aec2f)
    #1 0x7ff5c59b6da2  (/usr/lib/llvm-20/lib/libLLVM.so.20.1+0x1a9ada2) (BuildId: b856c61f98abf0989f157f153740fe0fadfbb760)
    #2 0x7ff5c6f3b039  (/usr/lib/llvm-20/lib/libLLVM.so.20.1+0x301f039) (BuildId: b856c61f98abf0989f157f153740fe0fadfbb760)
    #3 0x7ff5c6f3af97  (/usr/lib/llvm-20/lib/libLLVM.so.20.1+0x301ef97) (BuildId: b856c61f98abf0989f157f153740fe0fadfbb760)
    #4 0x7ff5c6f3998b  (/usr/lib/llvm-20/lib/libLLVM.so.20.1+0x301d98b) (BuildId: b856c61f98abf0989f157f153740fe0fadfbb760)
    #5 0x7ff5c6f398a6  (/usr/lib/llvm-20/lib/libLLVM.so.20.1+0x301d8a6) (BuildId: b856c61f98abf0989f157f153740fe0fadfbb760)
    #6 0x7ff5c6f3aa71  (/usr/lib/llvm-20/lib/libLLVM.so.20.1+0x301ea71) (BuildId: b856c61f98abf0989f157f153740fe0fadfbb760)
    #7 0x7ff5c7b29cdd  (/usr/lib/llvm-20/lib/libLLVM.so.20.1+0x3c0dcdd) (BuildId: b856c61f98abf0989f157f153740fe0fadfbb760)
    #8 0x7ff5c7b6091a  (/usr/lib/llvm-20/lib/libLLVM.so.20.1+0x3c4491a) (BuildId: b856c61f98abf0989f157f153740fe0fadfbb760)
    #9 0x7ff5c7b61a19  (/usr/lib/llvm-20/lib/libLLVM.so.20.1+0x3c45a19) (BuildId: b856c61f98abf0989f157f153740fe0fadfbb760)
    #10 0x7ff5c7b62b2c  (/usr/lib/llvm-20/lib/libLLVM.so.20.1+0x3c46b2c) (BuildId: b856c61f98abf0989f157f153740fe0fadfbb760)
    #11 0x55ca91648523 in llvm::Target::createTargetMachine(llvm::StringRef, llvm::StringRef, llvm::StringRef, llvm::TargetOptions const&, std::optional<llvm::Reloc::Model>, std::optional<llvm::CodeModel::Model>, llvm::CodeGenOptLevel, bool) const /usr/lib/llvm-20/include/llvm/MC/TargetRegistry.h:462:12
    #12 0x55ca9163a09e in tsc::TargetRegistry::initializeAllTargets() /workspace/src/TargetRegistry.cpp:67:41
    #13 0x55ca9162bdcd in tsc::Compiler::initializeLLVM() /workspace/src/Compiler.cpp:349:14
    #14 0x55ca9162b8b7 in tsc::Compiler::Compiler(tsc::CompilerOptions const&) /workspace/src/Compiler.cpp:24:5
    #15 0x55ca915fd7b5 in main /workspace/src/main.cpp:191:18
    #16 0x7ff5c395a337  (/lib/x86_64-linux-gnu/libc.so.6+0x2a337) (BuildId: 467f544f15035abef911999cbc14489edd0555ab)
    #17 0x7ff5c395a3fa in __libc_start_main (/lib/x86_64-linux-gnu/libc.so.6+0x2a3fa) (BuildId: 467f544f15035abef911999cbc14489edd0555ab)
    #18 0x55ca91511b64 in _start (/workspace/build-asan/tsc+0x74b64) (BuildId: 73a10d7cc646a755f705b0ae57418e68578aec2f)

Indirect leak of 112 byte(s) in 2 object(s) allocated from:
    #0 0x55ca915fa191 in operator new(unsigned long) (/workspace/build-asan/tsc+0x15d191) (BuildId: 73a10d7cc646a755f705b0ae57418e68578aec2f)
    #1 0x7ff5c59b6da2  (/usr/lib/llvm-20/lib/libLLVM.so.20.1+0x1a9ada2) (BuildId: b856c61f98abf0989f157f153740fe0fadfbb760)
    #2 0x7ff5c6f3b008  (/usr/lib/llvm-20/lib/libLLVM.so.20.1+0x301f008) (BuildId: b856c61f98abf0989f157f153740fe0fadfbb760)
    #3 0x7ff5c6f3af97  (/usr/lib/llvm-20/lib/libLLVM.so.20.1+0x301ef97) (BuildId: b856c61f98abf0989f157f153740fe0fadfbb760)
    #4 0x7ff5c6f3998b  (/usr/lib/llvm-20/lib/libLLVM.so.20.1+0x301d98b) (BuildId: b856c61f98abf0989f157f153740fe0fadfbb760)
    #5 0x7ff5c6f398a6  (/usr/lib/llvm-20/lib/libLLVM.so.20.1+0x301d8a6) (BuildId: b856c61f98abf0989f157f153740fe0fadfbb760)
    #6 0x7ff5c6f3aa71  (/usr/lib/llvm-20/lib/libLLVM.so.20.1+0x301ea71) (BuildId: b856c61f98abf0989f157f153740fe0fadfbb760)
    #7 0x7ff5c7b29cdd  (/usr/lib/llvm-20/lib/libLLVM.so.20.1+0x3c0dcdd) (BuildId: b856c61f98abf0989f157f153740fe0fadfbb760)
    #8 0x7ff5c7b6091a  (/usr/lib/llvm-20/lib/libLLVM.so.20.1+0x3c4491a) (BuildId: b856c61f98abf0989f157f153740fe0fadfbb760)
    #9 0x7ff5c7b61a19  (/usr/lib/llvm-20/lib/libLLVM.so.20.1+0x3c45a19) (BuildId: b856c61f98abf0989f157f153740fe0fadfbb760)
    #10 0x7ff5c7b62b2c  (/usr/lib/llvm-20/lib/libLLVM.so.20.1+0x3c46b2c) (BuildId: b856c61f98abf0989f157f153740fe0fadfbb760)
    #11 0x55ca91648523 in llvm::Target::createTargetMachine(llvm::StringRef, llvm::StringRef, llvm::StringRef, llvm::TargetOptions const&, std::optional<llvm::Reloc::Model>, std::optional<llvm::CodeModel::Model>, llvm::CodeGenOptLevel, bool) const /usr/lib/llvm-20/include/llvm/MC/TargetRegistry.h:462:12
    #12 0x55ca9163a09e in tsc::TargetRegistry::initializeAllTargets() /workspace/src/TargetRegistry.cpp:67:41
    #13 0x55ca9162bdcd in tsc::Compiler::initializeLLVM() /workspace/src/Compiler.cpp:349:14
    #14 0x55ca9162b8b7 in tsc::Compiler::Compiler(tsc::CompilerOptions const&) /workspace/src/Compiler.cpp:24:5
    #15 0x55ca915fd7b5 in main /workspace/src/main.cpp:191:18
    #16 0x7ff5c395a337  (/lib/x86_64-linux-gnu/libc.so.6+0x2a337) (BuildId: 467f544f15035abef911999cbc14489edd0555ab)
    #17 0x7ff5c395a3fa in __libc_start_main (/lib/x86_64-linux-gnu/libc.so.6+0x2a3fa) (BuildId: 467f544f15035abef911999cbc14489edd0555ab)
    #18 0x55ca91511b64 in _start (/workspace/build-asan/tsc+0x74b64) (BuildId: 73a10d7cc646a755f705b0ae57418e68578aec2f)

Indirect leak of 112 byte(s) in 2 object(s) allocated from:
    #0 0x55ca915fa191 in operator new(unsigned long) (/workspace/build-asan/tsc+0x15d191) (BuildId: 73a10d7cc646a755f705b0ae57418e68578aec2f)
    #1 0x7ff5c59b6da2  (/usr/lib/llvm-20/lib/libLLVM.so.20.1+0x1a9ada2) (BuildId: b856c61f98abf0989f157f153740fe0fadfbb760)
    #2 0x7ff5c6f3b039  (/usr/lib/llvm-20/lib/libLLVM.so.20.1+0x301f039) (BuildId: b856c61f98abf0989f157f153740fe0fadfbb760)
    #3 0x7ff5c6f3af97  (/usr/lib/llvm-20/lib/libLLVM.so.20.1+0x301ef97) (BuildId: b856c61f98abf0989f157f153740fe0fadfbb760)
    #4 0x7ff5c6f3998b  (/usr/lib/llvm-20/lib/libLLVM.so.20.1+0x301d98b) (BuildId: b856c61f98abf0989f157f153740fe0fadfbb760)
    #5 0x7ff5c6f398a6  (/usr/lib/llvm-20/lib/libLLVM.so.20.1+0x301d8a6) (BuildId: b856c61f98abf0989f157f153740fe0fadfbb760)
    #6 0x7ff5c6f3aa71  (/usr/lib/llvm-20/lib/libLLVM.so.20.1+0x301ea71) (BuildId: b856c61f98abf0989f157f153740fe0fadfbb760)
    #7 0x7ff5c7b29c8e  (/usr/lib/llvm-20/lib/libLLVM.so.20.1+0x3c0dc8e) (BuildId: b856c61f98abf0989f157f153740fe0fadfbb760)
    #8 0x7ff5c7b6091a  (/usr/lib/llvm-20/lib/libLLVM.so.20.1+0x3c4491a) (BuildId: b856c61f98abf0989f157f153740fe0fadfbb760)
    #9 0x7ff5c7b61a19  (/usr/lib/llvm-20/lib/libLLVM.so.20.1+0x3c45a19) (BuildId: b856c61f98abf0989f157f153740fe0fadfbb760)
    #10 0x7ff5c7b62b2c  (/usr/lib/llvm-20/lib/libLLVM.so.20.1+0x3c46b2c) (BuildId: b856c61f98abf0989f157f153740fe0fadfbb760)
    #11 0x55ca91648523 in llvm::Target::createTargetMachine(llvm::StringRef, llvm::StringRef, llvm::StringRef, llvm::TargetOptions const&, std::optional<llvm::Reloc::Model>, std::optional<llvm::CodeModel::Model>, llvm::CodeGenOptLevel, bool) const /usr/lib/llvm-20/include/llvm/MC/TargetRegistry.h:462:12
    #12 0x55ca9163a09e in tsc::TargetRegistry::initializeAllTargets() /workspace/src/TargetRegistry.cpp:67:41
    #13 0x55ca9162bdcd in tsc::Compiler::initializeLLVM() /workspace/src/Compiler.cpp:349:14
    #14 0x55ca9162b8b7 in tsc::Compiler::Compiler(tsc::CompilerOptions const&) /workspace/src/Compiler.cpp:24:5
    #15 0x55ca915fd7b5 in main /workspace/src/main.cpp:191:18
    #16 0x7ff5c395a337  (/lib/x86_64-linux-gnu/libc.so.6+0x2a337) (BuildId: 467f544f15035abef911999cbc14489edd0555ab)
    #17 0x7ff5c395a3fa in __libc_start_main (/lib/x86_64-linux-gnu/libc.so.6+0x2a3fa) (BuildId: 467f544f15035abef911999cbc14489edd0555ab)
    #18 0x55ca91511b64 in _start (/workspace/build-asan/tsc+0x74b64) (BuildId: 73a10d7cc646a755f705b0ae57418e68578aec2f)

Indirect leak of 112 byte(s) in 2 object(s) allocated from:
    #0 0x55ca915fa191 in operator new(unsigned long) (/workspace/build-asan/tsc+0x15d191) (BuildId: 73a10d7cc646a755f705b0ae57418e68578aec2f)
    #1 0x7ff5c59b6da2  (/usr/lib/llvm-20/lib/libLLVM.so.20.1+0x1a9ada2) (BuildId: b856c61f98abf0989f157f153740fe0fadfbb760)
    #2 0x7ff5c6f3b008  (/usr/lib/llvm-20/lib/libLLVM.so.20.1+0x301f008) (BuildId: b856c61f98abf0989f157f153740fe0fadfbb760)
    #3 0x7ff5c6f3af97  (/usr/lib/llvm-20/lib/libLLVM.so.20.1+0x301ef97) (BuildId: b856c61f98abf0989f157f153740fe0fadfbb760)
    #4 0x7ff5c6f3998b  (/usr/lib/llvm-20/lib/libLLVM.so.20.1+0x301d98b) (BuildId: b856c61f98abf0989f157f153740fe0fadfbb760)
    #5 0x7ff5c6f398a6  (/usr/lib/llvm-20/lib/libLLVM.so.20.1+0x301d8a6) (BuildId: b856c61f98abf0989f157f153740fe0fadfbb760)
    #6 0x7ff5c6f3aa71  (/usr/lib/llvm-20/lib/libLLVM.so.20.1+0x301ea71) (BuildId: b856c61f98abf0989f157f153740fe0fadfbb760)
    #7 0x7ff5c7b29c8e  (/usr/lib/llvm-20/lib/libLLVM.so.20.1+0x3c0dc8e) (BuildId: b856c61f98abf0989f157f153740fe0fadfbb760)
    #8 0x7ff5c7b6091a  (/usr/lib/llvm-20/lib/libLLVM.so.20.1+0x3c4491a) (BuildId: b856c61f98abf0989f157f153740fe0fadfbb760)
    #9 0x7ff5c7b61a19  (/usr/lib/llvm-20/lib/libLLVM.so.20.1+0x3c45a19) (BuildId: b856c61f98abf0989f157f153740fe0fadfbb760)
    #10 0x7ff5c7b62b2c  (/usr/lib/llvm-20/lib/libLLVM.so.20.1+0x3c46b2c) (BuildId: b856c61f98abf0989f157f153740fe0fadfbb760)
    #11 0x55ca91648523 in llvm::Target::createTargetMachine(llvm::StringRef, llvm::StringRef, llvm::StringRef, llvm::TargetOptions const&, std::optional<llvm::Reloc::Model>, std::optional<llvm::CodeModel::Model>, llvm::CodeGenOptLevel, bool) const /usr/lib/llvm-20/include/llvm/MC/TargetRegistry.h:462:12
    #12 0x55ca9163a09e in tsc::TargetRegistry::initializeAllTargets() /workspace/src/TargetRegistry.cpp:67:41
    #13 0x55ca9162bdcd in tsc::Compiler::initializeLLVM() /workspace/src/Compiler.cpp:349:14
    #14 0x55ca9162b8b7 in tsc::Compiler::Compiler(tsc::CompilerOptions const&) /workspace/src/Compiler.cpp:24:5
    #15 0x55ca915fd7b5 in main /workspace/src/main.cpp:191:18
    #16 0x7ff5c395a337  (/lib/x86_64-linux-gnu/libc.so.6+0x2a337) (BuildId: 467f544f15035abef911999cbc14489edd0555ab)
    #17 0x7ff5c395a3fa in __libc_start_main (/lib/x86_64-linux-gnu/libc.so.6+0x2a3fa) (BuildId: 467f544f15035abef911999cbc14489edd0555ab)
    #18 0x55ca91511b64 in _start (/workspace/build-asan/tsc+0x74b64) (BuildId: 73a10d7cc646a755f705b0ae57418e68578aec2f)

Indirect leak of 112 byte(s) in 2 object(s) allocated from:
    #0 0x55ca915fa191 in operator new(unsigned long) (/workspace/build-asan/tsc+0x15d191) (BuildId: 73a10d7cc646a755f705b0ae57418e68578aec2f)
    #1 0x7ff5c59b6da2  (/usr/lib/llvm-20/lib/libLLVM.so.20.1+0x1a9ada2) (BuildId: b856c61f98abf0989f157f153740fe0fadfbb760)
    #2 0x7ff5c6f3b039  (/usr/lib/llvm-20/lib/libLLVM.so.20.1+0x301f039) (BuildId: b856c61f98abf0989f157f153740fe0fadfbb760)
    #3 0x7ff5c6f3af97  (/usr/lib/llvm-20/lib/libLLVM.so.20.1+0x301ef97) (BuildId: b856c61f98abf0989f157f153740fe0fadfbb760)
    #4 0x7ff5c6f3998b  (/usr/lib/llvm-20/lib/libLLVM.so.20.1+0x301d98b) (BuildId: b856c61f98abf0989f157f153740fe0fadfbb760)
    #5 0x7ff5c6f398a6  (/usr/lib/llvm-20/lib/libLLVM.so.20.1+0x301d8a6) (BuildId: b856c61f98abf0989f157f153740fe0fadfbb760)
    #6 0x7ff5c6f3aa71  (/usr/lib/llvm-20/lib/libLLVM.so.20.1+0x301ea71) (BuildId: b856c61f98abf0989f157f153740fe0fadfbb760)
    #7 0x7ff5c7b29c5c  (/usr/lib/llvm-20/lib/libLLVM.so.20.1+0x3c0dc5c) (BuildId: b856c61f98abf0989f157f153740fe0fadfbb760)
    #8 0x7ff5c7b6091a  (/usr/lib/llvm-20/lib/libLLVM.so.20.1+0x3c4491a) (BuildId: b856c61f98abf0989f157f153740fe0fadfbb760)
    #9 0x7ff5c7b61a19  (/usr/lib/llvm-20/lib/libLLVM.so.20.1+0x3c45a19) (BuildId: b856c61f98abf0989f157f153740fe0fadfbb760)
    #10 0x7ff5c7b62b2c  (/usr/lib/llvm-20/lib/libLLVM.so.20.1+0x3c46b2c) (BuildId: b856c61f98abf0989f157f153740fe0fadfbb760)
    #11 0x55ca91648523 in llvm::Target::createTargetMachine(llvm::StringRef, llvm::StringRef, llvm::StringRef, llvm::TargetOptions const&, std::optional<llvm::Reloc::Model>, std::optional<llvm::CodeModel::Model>, llvm::CodeGenOptLevel, bool) const /usr/lib/llvm-20/include/llvm/MC/TargetRegistry.h:462:12
    #12 0x55ca9163a09e in tsc::TargetRegistry::initializeAllTargets() /workspace/src/TargetRegistry.cpp:67:41
    #13 0x55ca9162bdcd in tsc::Compiler::initializeLLVM() /workspace/src/Compiler.cpp:349:14
    #14 0x55ca9162b8b7 in tsc::Compiler::Compiler(tsc::CompilerOptions const&) /workspace/src/Compiler.cpp:24:5
    #15 0x55ca915fd7b5 in main /workspace/src/main.cpp:191:18
    #16 0x7ff5c395a337  (/lib/x86_64-linux-gnu/libc.so.6+0x2a337) (BuildId: 467f544f15035abef911999cbc14489edd0555ab)
    #17 0x7ff5c395a3fa in __libc_start_main (/lib/x86_64-linux-gnu/libc.so.6+0x2a3fa) (BuildId: 467f544f15035abef911999cbc14489edd0555ab)
    #18 0x55ca91511b64 in _start (/workspace/build-asan/tsc+0x74b64) (BuildId: 73a10d7cc646a755f705b0ae57418e68578aec2f)

Indirect leak of 112 byte(s) in 2 object(s) allocated from:
    #0 0x55ca915fa191 in operator new(unsigned long) (/workspace/build-asan/tsc+0x15d191) (BuildId: 73a10d7cc646a755f705b0ae57418e68578aec2f)
    #1 0x7ff5c59b6da2  (/usr/lib/llvm-20/lib/libLLVM.so.20.1+0x1a9ada2) (BuildId: b856c61f98abf0989f157f153740fe0fadfbb760)
    #2 0x7ff5c6f3b008  (/usr/lib/llvm-20/lib/libLLVM.so.20.1+0x301f008) (BuildId: b856c61f98abf0989f157f153740fe0fadfbb760)
    #3 0x7ff5c6f3af97  (/usr/lib/llvm-20/lib/libLLVM.so.20.1+0x301ef97) (BuildId: b856c61f98abf0989f157f153740fe0fadfbb760)
    #4 0x7ff5c6f3998b  (/usr/lib/llvm-20/lib/libLLVM.so.20.1+0x301d98b) (BuildId: b856c61f98abf0989f157f153740fe0fadfbb760)
    #5 0x7ff5c6f398a6  (/usr/lib/llvm-20/lib/libLLVM.so.20.1+0x301d8a6) (BuildId: b856c61f98abf0989f157f153740fe0fadfbb760)
    #6 0x7ff5c6f3aa71  (/usr/lib/llvm-20/lib/libLLVM.so.20.1+0x301ea71) (BuildId: b856c61f98abf0989f157f153740fe0fadfbb760)
    #7 0x7ff5c7b29c5c  (/usr/lib/llvm-20/lib/libLLVM.so.20.1+0x3c0dc5c) (BuildId: b856c61f98abf0989f157f153740fe0fadfbb760)
    #8 0x7ff5c7b6091a  (/usr/lib/llvm-20/lib/libLLVM.so.20.1+0x3c4491a) (BuildId: b856c61f98abf0989f157f153740fe0fadfbb760)
    #9 0x7ff5c7b61a19  (/usr/lib/llvm-20/lib/libLLVM.so.20.1+0x3c45a19) (BuildId: b856c61f98abf0989f157f153740fe0fadfbb760)
    #10 0x7ff5c7b62b2c  (/usr/lib/llvm-20/lib/libLLVM.so.20.1+0x3c46b2c) (BuildId: b856c61f98abf0989f157f153740fe0fadfbb760)
    #11 0x55ca91648523 in llvm::Target::createTargetMachine(llvm::StringRef, llvm::StringRef, llvm::StringRef, llvm::TargetOptions const&, std::optional<llvm::Reloc::Model>, std::optional<llvm::CodeModel::Model>, llvm::CodeGenOptLevel, bool) const /usr/lib/llvm-20/include/llvm/MC/TargetRegistry.h:462:12
    #12 0x55ca9163a09e in tsc::TargetRegistry::initializeAllTargets() /workspace/src/TargetRegistry.cpp:67:41
    #13 0x55ca9162bdcd in tsc::Compiler::initializeLLVM() /workspace/src/Compiler.cpp:349:14
    #14 0x55ca9162b8b7 in tsc::Compiler::Compiler(tsc::CompilerOptions const&) /workspace/src/Compiler.cpp:24:5
    #15 0x55ca915fd7b5 in main /workspace/src/main.cpp:191:18
    #16 0x7ff5c395a337  (/lib/x86_64-linux-gnu/libc.so.6+0x2a337) (BuildId: 467f544f15035abef911999cbc14489edd0555ab)
    #17 0x7ff5c395a3fa in __libc_start_main (/lib/x86_64-linux-gnu/libc.so.6+0x2a3fa) (BuildId: 467f544f15035abef911999cbc14489edd0555ab)
    #18 0x55ca91511b64 in _start (/workspace/build-asan/tsc+0x74b64) (BuildId: 73a10d7cc646a755f705b0ae57418e68578aec2f)

Indirect leak of 112 byte(s) in 2 object(s) allocated from:
    #0 0x55ca915fa191 in operator new(unsigned long) (/workspace/build-asan/tsc+0x15d191) (BuildId: 73a10d7cc646a755f705b0ae57418e68578aec2f)
    #1 0x7ff5c59b6da2  (/usr/lib/llvm-20/lib/libLLVM.so.20.1+0x1a9ada2) (BuildId: b856c61f98abf0989f157f153740fe0fadfbb760)
    #2 0x7ff5c6f3998b  (/usr/lib/llvm-20/lib/libLLVM.so.20.1+0x301d98b) (BuildId: b856c61f98abf0989f157f153740fe0fadfbb760)
    #3 0x7ff5c6f398a6  (/usr/lib/llvm-20/lib/libLLVM.so.20.1+0x301d8a6) (BuildId: b856c61f98abf0989f157f153740fe0fadfbb760)
    #4 0x7ff5c7b29b2c  (/usr/lib/llvm-20/lib/libLLVM.so.20.1+0x3c0db2c) (BuildId: b856c61f98abf0989f157f153740fe0fadfbb760)
    #5 0x7ff5c7b6091a  (/usr/lib/llvm-20/lib/libLLVM.so.20.1+0x3c4491a) (BuildId: b856c61f98abf0989f157f153740fe0fadfbb760)
    #6 0x7ff5c7b61a19  (/usr/lib/llvm-20/lib/libLLVM.so.20.1+0x3c45a19) (BuildId: b856c61f98abf0989f157f153740fe0fadfbb760)
    #7 0x7ff5c7b62b2c  (/usr/lib/llvm-20/lib/libLLVM.so.20.1+0x3c46b2c) (BuildId: b856c61f98abf0989f157f153740fe0fadfbb760)
    #8 0x55ca91648523 in llvm::Target::createTargetMachine(llvm::StringRef, llvm::StringRef, llvm::StringRef, llvm::TargetOptions const&, std::optional<llvm::Reloc::Model>, std::optional<llvm::CodeModel::Model>, llvm::CodeGenOptLevel, bool) const /usr/lib/llvm-20/include/llvm/MC/TargetRegistry.h:462:12
    #9 0x55ca9163a09e in tsc::TargetRegistry::initializeAllTargets() /workspace/src/TargetRegistry.cpp:67:41
    #10 0x55ca9162bdcd in tsc::Compiler::initializeLLVM() /workspace/src/Compiler.cpp:349:14
    #11 0x55ca9162b8b7 in tsc::Compiler::Compiler(tsc::CompilerOptions const&) /workspace/src/Compiler.cpp:24:5
    #12 0x55ca915fd7b5 in main /workspace/src/main.cpp:191:18
    #13 0x7ff5c395a337  (/lib/x86_64-linux-gnu/libc.so.6+0x2a337) (BuildId: 467f544f15035abef911999cbc14489edd0555ab)
    #14 0x7ff5c395a3fa in __libc_start_main (/lib/x86_64-linux-gnu/libc.so.6+0x2a3fa) (BuildId: 467f544f15035abef911999cbc14489edd0555ab)
    #15 0x55ca91511b64 in _start (/workspace/build-asan/tsc+0x74b64) (BuildId: 73a10d7cc646a755f705b0ae57418e68578aec2f)

Indirect leak of 112 byte(s) in 2 object(s) allocated from:
    #0 0x55ca915fa191 in operator new(unsigned long) (/workspace/build-asan/tsc+0x15d191) (BuildId: 73a10d7cc646a755f705b0ae57418e68578aec2f)
    #1 0x7ff5c7b2bb3b  (/usr/lib/llvm-20/lib/libLLVM.so.20.1+0x3c0fb3b) (BuildId: b856c61f98abf0989f157f153740fe0fadfbb760)
    #2 0x7ff5c6f3998b  (/usr/lib/llvm-20/lib/libLLVM.so.20.1+0x301d98b) (BuildId: b856c61f98abf0989f157f153740fe0fadfbb760)
    #3 0x7ff5c6f398a6  (/usr/lib/llvm-20/lib/libLLVM.so.20.1+0x301d8a6) (BuildId: b856c61f98abf0989f157f153740fe0fadfbb760)
    #4 0x7ff5c7b29a27  (/usr/lib/llvm-20/lib/libLLVM.so.20.1+0x3c0da27) (BuildId: b856c61f98abf0989f157f153740fe0fadfbb760)
    #5 0x7ff5c7b6091a  (/usr/lib/llvm-20/lib/libLLVM.so.20.1+0x3c4491a) (BuildId: b856c61f98abf0989f157f153740fe0fadfbb760)
    #6 0x7ff5c7b61a19  (/usr/lib/llvm-20/lib/libLLVM.so.20.1+0x3c45a19) (BuildId: b856c61f98abf0989f157f153740fe0fadfbb760)
    #7 0x7ff5c7b62b2c  (/usr/lib/llvm-20/lib/libLLVM.so.20.1+0x3c46b2c) (BuildId: b856c61f98abf0989f157f153740fe0fadfbb760)
    #8 0x55ca91648523 in llvm::Target::createTargetMachine(llvm::StringRef, llvm::StringRef, llvm::StringRef, llvm::TargetOptions const&, std::optional<llvm::Reloc::Model>, std::optional<llvm::CodeModel::Model>, llvm::CodeGenOptLevel, bool) const /usr/lib/llvm-20/include/llvm/MC/TargetRegistry.h:462:12
    #9 0x55ca9163a09e in tsc::TargetRegistry::initializeAllTargets() /workspace/src/TargetRegistry.cpp:67:41
    #10 0x55ca9162bdcd in tsc::Compiler::initializeLLVM() /workspace/src/Compiler.cpp:349:14
    #11 0x55ca9162b8b7 in tsc::Compiler::Compiler(tsc::CompilerOptions const&) /workspace/src/Compiler.cpp:24:5
    #12 0x55ca915fd7b5 in main /workspace/src/main.cpp:191:18
    #13 0x7ff5c395a337  (/lib/x86_64-linux-gnu/libc.so.6+0x2a337) (BuildId: 467f544f15035abef911999cbc14489edd0555ab)
    #14 0x7ff5c395a3fa in __libc_start_main (/lib/x86_64-linux-gnu/libc.so.6+0x2a3fa) (BuildId: 467f544f15035abef911999cbc14489edd0555ab)
    #15 0x55ca91511b64 in _start (/workspace/build-asan/tsc+0x74b64) (BuildId: 73a10d7cc646a755f705b0ae57418e68578aec2f)

Indirect leak of 112 byte(s) in 2 object(s) allocated from:
    #0 0x55ca915fa191 in operator new(unsigned long) (/workspace/build-asan/tsc+0x15d191) (BuildId: 73a10d7cc646a755f705b0ae57418e68578aec2f)
    #1 0x7ff5c59b6da2  (/usr/lib/llvm-20/lib/libLLVM.so.20.1+0x1a9ada2) (BuildId: b856c61f98abf0989f157f153740fe0fadfbb760)
    #2 0x7ff5c6f3998b  (/usr/lib/llvm-20/lib/libLLVM.so.20.1+0x301d98b) (BuildId: b856c61f98abf0989f157f153740fe0fadfbb760)
    #3 0x7ff5c6f398a6  (/usr/lib/llvm-20/lib/libLLVM.so.20.1+0x301d8a6) (BuildId: b856c61f98abf0989f157f153740fe0fadfbb760)
    #4 0x7ff5c7b2991e  (/usr/lib/llvm-20/lib/libLLVM.so.20.1+0x3c0d91e) (BuildId: b856c61f98abf0989f157f153740fe0fadfbb760)
    #5 0x7ff5c7b6091a  (/usr/lib/llvm-20/lib/libLLVM.so.20.1+0x3c4491a) (BuildId: b856c61f98abf0989f157f153740fe0fadfbb760)
    #6 0x7ff5c7b61a19  (/usr/lib/llvm-20/lib/libLLVM.so.20.1+0x3c45a19) (BuildId: b856c61f98abf0989f157f153740fe0fadfbb760)
    #7 0x7ff5c7b62b2c  (/usr/lib/llvm-20/lib/libLLVM.so.20.1+0x3c46b2c) (BuildId: b856c61f98abf0989f157f153740fe0fadfbb760)
    #8 0x55ca91648523 in llvm::Target::createTargetMachine(llvm::StringRef, llvm::StringRef, llvm::StringRef, llvm::TargetOptions const&, std::optional<llvm::Reloc::Model>, std::optional<llvm::CodeModel::Model>, llvm::CodeGenOptLevel, bool) const /usr/lib/llvm-20/include/llvm/MC/TargetRegistry.h:462:12
    #9 0x55ca9163a09e in tsc::TargetRegistry::initializeAllTargets() /workspace/src/TargetRegistry.cpp:67:41
    #10 0x55ca9162bdcd in tsc::Compiler::initializeLLVM() /workspace/src/Compiler.cpp:349:14
    #11 0x55ca9162b8b7 in tsc::Compiler::Compiler(tsc::CompilerOptions const&) /workspace/src/Compiler.cpp:24:5
    #12 0x55ca915fd7b5 in main /workspace/src/main.cpp:191:18
    #13 0x7ff5c395a337  (/lib/x86_64-linux-gnu/libc.so.6+0x2a337) (BuildId: 467f544f15035abef911999cbc14489edd0555ab)
    #14 0x7ff5c395a3fa in __libc_start_main (/lib/x86_64-linux-gnu/libc.so.6+0x2a3fa) (BuildId: 467f544f15035abef911999cbc14489edd0555ab)
    #15 0x55ca91511b64 in _start (/workspace/build-asan/tsc+0x74b64) (BuildId: 73a10d7cc646a755f705b0ae57418e68578aec2f)

Indirect leak of 112 byte(s) in 2 object(s) allocated from:
    #0 0x55ca915fa191 in operator new(unsigned long) (/workspace/build-asan/tsc+0x15d191) (BuildId: 73a10d7cc646a755f705b0ae57418e68578aec2f)
    #1 0x7ff5c59b6da2  (/usr/lib/llvm-20/lib/libLLVM.so.20.1+0x1a9ada2) (BuildId: b856c61f98abf0989f157f153740fe0fadfbb760)
    #2 0x7ff5c6f3998b  (/usr/lib/llvm-20/lib/libLLVM.so.20.1+0x301d98b) (BuildId: b856c61f98abf0989f157f153740fe0fadfbb760)
    #3 0x7ff5c6f398a6  (/usr/lib/llvm-20/lib/libLLVM.so.20.1+0x301d8a6) (BuildId: b856c61f98abf0989f157f153740fe0fadfbb760)
    #4 0x7ff5c7b2964d  (/usr/lib/llvm-20/lib/libLLVM.so.20.1+0x3c0d64d) (BuildId: b856c61f98abf0989f157f153740fe0fadfbb760)
    #5 0x7ff5c7b6091a  (/usr/lib/llvm-20/lib/libLLVM.so.20.1+0x3c4491a) (BuildId: b856c61f98abf0989f157f153740fe0fadfbb760)
    #6 0x7ff5c7b61a19  (/usr/lib/llvm-20/lib/libLLVM.so.20.1+0x3c45a19) (BuildId: b856c61f98abf0989f157f153740fe0fadfbb760)
    #7 0x7ff5c7b62b2c  (/usr/lib/llvm-20/lib/libLLVM.so.20.1+0x3c46b2c) (BuildId: b856c61f98abf0989f157f153740fe0fadfbb760)
    #8 0x55ca91648523 in llvm::Target::createTargetMachine(llvm::StringRef, llvm::StringRef, llvm::StringRef, llvm::TargetOptions const&, std::optional<llvm::Reloc::Model>, std::optional<llvm::CodeModel::Model>, llvm::CodeGenOptLevel, bool) const /usr/lib/llvm-20/include/llvm/MC/TargetRegistry.h:462:12
    #9 0x55ca9163a09e in tsc::TargetRegistry::initializeAllTargets() /workspace/src/TargetRegistry.cpp:67:41
    #10 0x55ca9162bdcd in tsc::Compiler::initializeLLVM() /workspace/src/Compiler.cpp:349:14
    #11 0x55ca9162b8b7 in tsc::Compiler::Compiler(tsc::CompilerOptions const&) /workspace/src/Compiler.cpp:24:5
    #12 0x55ca915fd7b5 in main /workspace/src/main.cpp:191:18
    #13 0x7ff5c395a337  (/lib/x86_64-linux-gnu/libc.so.6+0x2a337) (BuildId: 467f544f15035abef911999cbc14489edd0555ab)
    #14 0x7ff5c395a3fa in __libc_start_main (/lib/x86_64-linux-gnu/libc.so.6+0x2a3fa) (BuildId: 467f544f15035abef911999cbc14489edd0555ab)
    #15 0x55ca91511b64 in _start (/workspace/build-asan/tsc+0x74b64) (BuildId: 73a10d7cc646a755f705b0ae57418e68578aec2f)

Indirect leak of 112 byte(s) in 2 object(s) allocated from:
    #0 0x55ca915fa191 in operator new(unsigned long) (/workspace/build-asan/tsc+0x15d191) (BuildId: 73a10d7cc646a755f705b0ae57418e68578aec2f)
    #1 0x7ff5c59b6da2  (/usr/lib/llvm-20/lib/libLLVM.so.20.1+0x1a9ada2) (BuildId: b856c61f98abf0989f157f153740fe0fadfbb760)
    #2 0x7ff5c6f3998b  (/usr/lib/llvm-20/lib/libLLVM.so.20.1+0x301d98b) (BuildId: b856c61f98abf0989f157f153740fe0fadfbb760)
    #3 0x7ff5c6f398a6  (/usr/lib/llvm-20/lib/libLLVM.so.20.1+0x301d8a6) (BuildId: b856c61f98abf0989f157f153740fe0fadfbb760)
    #4 0x7ff5c7b29526  (/usr/lib/llvm-20/lib/libLLVM.so.20.1+0x3c0d526) (BuildId: b856c61f98abf0989f157f153740fe0fadfbb760)
    #5 0x7ff5c7b6091a  (/usr/lib/llvm-20/lib/libLLVM.so.20.1+0x3c4491a) (BuildId: b856c61f98abf0989f157f153740fe0fadfbb760)
    #6 0x7ff5c7b61a19  (/usr/lib/llvm-20/lib/libLLVM.so.20.1+0x3c45a19) (BuildId: b856c61f98abf0989f157f153740fe0fadfbb760)
    #7 0x7ff5c7b62b2c  (/usr/lib/llvm-20/lib/libLLVM.so.20.1+0x3c46b2c) (BuildId: b856c61f98abf0989f157f153740fe0fadfbb760)
    #8 0x55ca91648523 in llvm::Target::createTargetMachine(llvm::StringRef, llvm::StringRef, llvm::StringRef, llvm::TargetOptions const&, std::optional<llvm::Reloc::Model>, std::optional<llvm::CodeModel::Model>, llvm::CodeGenOptLevel, bool) const /usr/lib/llvm-20/include/llvm/MC/TargetRegistry.h:462:12
    #9 0x55ca9163a09e in tsc::TargetRegistry::initializeAllTargets() /workspace/src/TargetRegistry.cpp:67:41
    #10 0x55ca9162bdcd in tsc::Compiler::initializeLLVM() /workspace/src/Compiler.cpp:349:14
    #11 0x55ca9162b8b7 in tsc::Compiler::Compiler(tsc::CompilerOptions const&) /workspace/src/Compiler.cpp:24:5
    #12 0x55ca915fd7b5 in main /workspace/src/main.cpp:191:18
    #13 0x7ff5c395a337  (/lib/x86_64-linux-gnu/libc.so.6+0x2a337) (BuildId: 467f544f15035abef911999cbc14489edd0555ab)
    #14 0x7ff5c395a3fa in __libc_start_main (/lib/x86_64-linux-gnu/libc.so.6+0x2a3fa) (BuildId: 467f544f15035abef911999cbc14489edd0555ab)
    #15 0x55ca91511b64 in _start (/workspace/build-asan/tsc+0x74b64) (BuildId: 73a10d7cc646a755f705b0ae57418e68578aec2f)

Indirect leak of 112 byte(s) in 2 object(s) allocated from:
    #0 0x55ca915fa191 in operator new(unsigned long) (/workspace/build-asan/tsc+0x15d191) (BuildId: 73a10d7cc646a755f705b0ae57418e68578aec2f)
    #1 0x7ff5c59b6da2  (/usr/lib/llvm-20/lib/libLLVM.so.20.1+0x1a9ada2) (BuildId: b856c61f98abf0989f157f153740fe0fadfbb760)
    #2 0x7ff5c6f3998b  (/usr/lib/llvm-20/lib/libLLVM.so.20.1+0x301d98b) (BuildId: b856c61f98abf0989f157f153740fe0fadfbb760)
    #3 0x7ff5c6f398a6  (/usr/lib/llvm-20/lib/libLLVM.so.20.1+0x301d8a6) (BuildId: b856c61f98abf0989f157f153740fe0fadfbb760)
    #4 0x7ff5c7b29463  (/usr/lib/llvm-20/lib/libLLVM.so.20.1+0x3c0d463) (BuildId: b856c61f98abf0989f157f153740fe0fadfbb760)
    #5 0x7ff5c7b6091a  (/usr/lib/llvm-20/lib/libLLVM.so.20.1+0x3c4491a) (BuildId: b856c61f98abf0989f157f153740fe0fadfbb760)
    #6 0x7ff5c7b61a19  (/usr/lib/llvm-20/lib/libLLVM.so.20.1+0x3c45a19) (BuildId: b856c61f98abf0989f157f153740fe0fadfbb760)
    #7 0x7ff5c7b62b2c  (/usr/lib/llvm-20/lib/libLLVM.so.20.1+0x3c46b2c) (BuildId: b856c61f98abf0989f157f153740fe0fadfbb760)
    #8 0x55ca91648523 in llvm::Target::createTargetMachine(llvm::StringRef, llvm::StringRef, llvm::StringRef, llvm::TargetOptions const&, std::optional<llvm::Reloc::Model>, std::optional<llvm::CodeModel::Model>, llvm::CodeGenOptLevel, bool) const /usr/lib/llvm-20/include/llvm/MC/TargetRegistry.h:462:12
    #9 0x55ca9163a09e in tsc::TargetRegistry::initializeAllTargets() /workspace/src/TargetRegistry.cpp:67:41
    #10 0x55ca9162bdcd in tsc::Compiler::initializeLLVM() /workspace/src/Compiler.cpp:349:14
    #11 0x55ca9162b8b7 in tsc::Compiler::Compiler(tsc::CompilerOptions const&) /workspace/src/Compiler.cpp:24:5
    #12 0x55ca915fd7b5 in main /workspace/src/main.cpp:191:18
    #13 0x7ff5c395a337  (/lib/x86_64-linux-gnu/libc.so.6+0x2a337) (BuildId: 467f544f15035abef911999cbc14489edd0555ab)
    #14 0x7ff5c395a3fa in __libc_start_main (/lib/x86_64-linux-gnu/libc.so.6+0x2a3fa) (BuildId: 467f544f15035abef911999cbc14489edd0555ab)
    #15 0x55ca91511b64 in _start (/workspace/build-asan/tsc+0x74b64) (BuildId: 73a10d7cc646a755f705b0ae57418e68578aec2f)

Indirect leak of 112 byte(s) in 2 object(s) allocated from:
    #0 0x55ca915fa191 in operator new(unsigned long) (/workspace/build-asan/tsc+0x15d191) (BuildId: 73a10d7cc646a755f705b0ae57418e68578aec2f)
    #1 0x7ff5c59b6da2  (/usr/lib/llvm-20/lib/libLLVM.so.20.1+0x1a9ada2) (BuildId: b856c61f98abf0989f157f153740fe0fadfbb760)
    #2 0x7ff5c6f3998b  (/usr/lib/llvm-20/lib/libLLVM.so.20.1+0x301d98b) (BuildId: b856c61f98abf0989f157f153740fe0fadfbb760)
    #3 0x7ff5c6f398a6  (/usr/lib/llvm-20/lib/libLLVM.so.20.1+0x301d8a6) (BuildId: b856c61f98abf0989f157f153740fe0fadfbb760)
    #4 0x7ff5c7b293f6  (/usr/lib/llvm-20/lib/libLLVM.so.20.1+0x3c0d3f6) (BuildId: b856c61f98abf0989f157f153740fe0fadfbb760)
    #5 0x7ff5c7b6091a  (/usr/lib/llvm-20/lib/libLLVM.so.20.1+0x3c4491a) (BuildId: b856c61f98abf0989f157f153740fe0fadfbb760)
    #6 0x7ff5c7b61a19  (/usr/lib/llvm-20/lib/libLLVM.so.20.1+0x3c45a19) (BuildId: b856c61f98abf0989f157f153740fe0fadfbb760)
    #7 0x7ff5c7b62b2c  (/usr/lib/llvm-20/lib/libLLVM.so.20.1+0x3c46b2c) (BuildId: b856c61f98abf0989f157f153740fe0fadfbb760)
    #8 0x55ca91648523 in llvm::Target::createTargetMachine(llvm::StringRef, llvm::StringRef, llvm::StringRef, llvm::TargetOptions const&, std::optional<llvm::Reloc::Model>, std::optional<llvm::CodeModel::Model>, llvm::CodeGenOptLevel, bool) const /usr/lib/llvm-20/include/llvm/MC/TargetRegistry.h:462:12
    #9 0x55ca9163a09e in tsc::TargetRegistry::initializeAllTargets() /workspace/src/TargetRegistry.cpp:67:41
    #10 0x55ca9162bdcd in tsc::Compiler::initializeLLVM() /workspace/src/Compiler.cpp:349:14
    #11 0x55ca9162b8b7 in tsc::Compiler::Compiler(tsc::CompilerOptions const&) /workspace/src/Compiler.cpp:24:5
    #12 0x55ca915fd7b5 in main /workspace/src/main.cpp:191:18
    #13 0x7ff5c395a337  (/lib/x86_64-linux-gnu/libc.so.6+0x2a337) (BuildId: 467f544f15035abef911999cbc14489edd0555ab)
    #14 0x7ff5c395a3fa in __libc_start_main (/lib/x86_64-linux-gnu/libc.so.6+0x2a3fa) (BuildId: 467f544f15035abef911999cbc14489edd0555ab)
    #15 0x55ca91511b64 in _start (/workspace/build-asan/tsc+0x74b64) (BuildId: 73a10d7cc646a755f705b0ae57418e68578aec2f)

Indirect leak of 112 byte(s) in 2 object(s) allocated from:
    #0 0x55ca915fa191 in operator new(unsigned long) (/workspace/build-asan/tsc+0x15d191) (BuildId: 73a10d7cc646a755f705b0ae57418e68578aec2f)
    #1 0x7ff5c59b6da2  (/usr/lib/llvm-20/lib/libLLVM.so.20.1+0x1a9ada2) (BuildId: b856c61f98abf0989f157f153740fe0fadfbb760)
    #2 0x7ff5c6f3998b  (/usr/lib/llvm-20/lib/libLLVM.so.20.1+0x301d98b) (BuildId: b856c61f98abf0989f157f153740fe0fadfbb760)
    #3 0x7ff5c6f398a6  (/usr/lib/llvm-20/lib/libLLVM.so.20.1+0x301d8a6) (BuildId: b856c61f98abf0989f157f153740fe0fadfbb760)
    #4 0x7ff5c7b292a2  (/usr/lib/llvm-20/lib/libLLVM.so.20.1+0x3c0d2a2) (BuildId: b856c61f98abf0989f157f153740fe0fadfbb760)
    #5 0x7ff5c7b6091a  (/usr/lib/llvm-20/lib/libLLVM.so.20.1+0x3c4491a) (BuildId: b856c61f98abf0989f157f153740fe0fadfbb760)
    #6 0x7ff5c7b61a19  (/usr/lib/llvm-20/lib/libLLVM.so.20.1+0x3c45a19) (BuildId: b856c61f98abf0989f157f153740fe0fadfbb760)
    #7 0x7ff5c7b62b2c  (/usr/lib/llvm-20/lib/libLLVM.so.20.1+0x3c46b2c) (BuildId: b856c61f98abf0989f157f153740fe0fadfbb760)
    #8 0x55ca91648523 in llvm::Target::createTargetMachine(llvm::StringRef, llvm::StringRef, llvm::StringRef, llvm::TargetOptions const&, std::optional<llvm::Reloc::Model>, std::optional<llvm::CodeModel::Model>, llvm::CodeGenOptLevel, bool) const /usr/lib/llvm-20/include/llvm/MC/TargetRegistry.h:462:12
    #9 0x55ca9163a09e in tsc::TargetRegistry::initializeAllTargets() /workspace/src/TargetRegistry.cpp:67:41
    #10 0x55ca9162bdcd in tsc::Compiler::initializeLLVM() /workspace/src/Compiler.cpp:349:14
    #11 0x55ca9162b8b7 in tsc::Compiler::Compiler(tsc::CompilerOptions const&) /workspace/src/Compiler.cpp:24:5
    #12 0x55ca915fd7b5 in main /workspace/src/main.cpp:191:18
    #13 0x7ff5c395a337  (/lib/x86_64-linux-gnu/libc.so.6+0x2a337) (BuildId: 467f544f15035abef911999cbc14489edd0555ab)
    #14 0x7ff5c395a3fa in __libc_start_main (/lib/x86_64-linux-gnu/libc.so.6+0x2a3fa) (BuildId: 467f544f15035abef911999cbc14489edd0555ab)
    #15 0x55ca91511b64 in _start (/workspace/build-asan/tsc+0x74b64) (BuildId: 73a10d7cc646a755f705b0ae57418e68578aec2f)

Indirect leak of 112 byte(s) in 2 object(s) allocated from:
    #0 0x55ca915fa191 in operator new(unsigned long) (/workspace/build-asan/tsc+0x15d191) (BuildId: 73a10d7cc646a755f705b0ae57418e68578aec2f)
    #1 0x7ff5c59b6da2  (/usr/lib/llvm-20/lib/libLLVM.so.20.1+0x1a9ada2) (BuildId: b856c61f98abf0989f157f153740fe0fadfbb760)
    #2 0x7ff5c6f3b039  (/usr/lib/llvm-20/lib/libLLVM.so.20.1+0x301f039) (BuildId: b856c61f98abf0989f157f153740fe0fadfbb760)
    #3 0x7ff5c6f3af97  (/usr/lib/llvm-20/lib/libLLVM.so.20.1+0x301ef97) (BuildId: b856c61f98abf0989f157f153740fe0fadfbb760)
    #4 0x7ff5c6f3998b  (/usr/lib/llvm-20/lib/libLLVM.so.20.1+0x301d98b) (BuildId: b856c61f98abf0989f157f153740fe0fadfbb760)
    #5 0x7ff5c6f398a6  (/usr/lib/llvm-20/lib/libLLVM.so.20.1+0x301d8a6) (BuildId: b856c61f98abf0989f157f153740fe0fadfbb760)
    #6 0x7ff5c6f3aa71  (/usr/lib/llvm-20/lib/libLLVM.so.20.1+0x301ea71) (BuildId: b856c61f98abf0989f157f153740fe0fadfbb760)
    #7 0x7ff5c7b29241  (/usr/lib/llvm-20/lib/libLLVM.so.20.1+0x3c0d241) (BuildId: b856c61f98abf0989f157f153740fe0fadfbb760)
    #8 0x7ff5c7b6091a  (/usr/lib/llvm-20/lib/libLLVM.so.20.1+0x3c4491a) (BuildId: b856c61f98abf0989f157f153740fe0fadfbb760)
    #9 0x7ff5c7b61a19  (/usr/lib/llvm-20/lib/libLLVM.so.20.1+0x3c45a19) (BuildId: b856c61f98abf0989f157f153740fe0fadfbb760)
    #10 0x7ff5c7b62b2c  (/usr/lib/llvm-20/lib/libLLVM.so.20.1+0x3c46b2c) (BuildId: b856c61f98abf0989f157f153740fe0fadfbb760)
    #11 0x55ca91648523 in llvm::Target::createTargetMachine(llvm::StringRef, llvm::StringRef, llvm::StringRef, llvm::TargetOptions const&, std::optional<llvm::Reloc::Model>, std::optional<llvm::CodeModel::Model>, llvm::CodeGenOptLevel, bool) const /usr/lib/llvm-20/include/llvm/MC/TargetRegistry.h:462:12
    #12 0x55ca9163a09e in tsc::TargetRegistry::initializeAllTargets() /workspace/src/TargetRegistry.cpp:67:41
    #13 0x55ca9162bdcd in tsc::Compiler::initializeLLVM() /workspace/src/Compiler.cpp:349:14
    #14 0x55ca9162b8b7 in tsc::Compiler::Compiler(tsc::CompilerOptions const&) /workspace/src/Compiler.cpp:24:5
    #15 0x55ca915fd7b5 in main /workspace/src/main.cpp:191:18
    #16 0x7ff5c395a337  (/lib/x86_64-linux-gnu/libc.so.6+0x2a337) (BuildId: 467f544f15035abef911999cbc14489edd0555ab)
    #17 0x7ff5c395a3fa in __libc_start_main (/lib/x86_64-linux-gnu/libc.so.6+0x2a3fa) (BuildId: 467f544f15035abef911999cbc14489edd0555ab)
    #18 0x55ca91511b64 in _start (/workspace/build-asan/tsc+0x74b64) (BuildId: 73a10d7cc646a755f705b0ae57418e68578aec2f)

Indirect leak of 112 byte(s) in 2 object(s) allocated from:
    #0 0x55ca915fa191 in operator new(unsigned long) (/workspace/build-asan/tsc+0x15d191) (BuildId: 73a10d7cc646a755f705b0ae57418e68578aec2f)
    #1 0x7ff5c59b6da2  (/usr/lib/llvm-20/lib/libLLVM.so.20.1+0x1a9ada2) (BuildId: b856c61f98abf0989f157f153740fe0fadfbb760)
    #2 0x7ff5c6f3b008  (/usr/lib/llvm-20/lib/libLLVM.so.20.1+0x301f008) (BuildId: b856c61f98abf0989f157f153740fe0fadfbb760)
    #3 0x7ff5c6f3af97  (/usr/lib/llvm-20/lib/libLLVM.so.20.1+0x301ef97) (BuildId: b856c61f98abf0989f157f153740fe0fadfbb760)
    #4 0x7ff5c6f3998b  (/usr/lib/llvm-20/lib/libLLVM.so.20.1+0x301d98b) (BuildId: b856c61f98abf0989f157f153740fe0fadfbb760)
    #5 0x7ff5c6f398a6  (/usr/lib/llvm-20/lib/libLLVM.so.20.1+0x301d8a6) (BuildId: b856c61f98abf0989f157f153740fe0fadfbb760)
    #6 0x7ff5c6f3aa71  (/usr/lib/llvm-20/lib/libLLVM.so.20.1+0x301ea71) (BuildId: b856c61f98abf0989f157f153740fe0fadfbb760)
    #7 0x7ff5c7b29241  (/usr/lib/llvm-20/lib/libLLVM.so.20.1+0x3c0d241) (BuildId: b856c61f98abf0989f157f153740fe0fadfbb760)
    #8 0x7ff5c7b6091a  (/usr/lib/llvm-20/lib/libLLVM.so.20.1+0x3c4491a) (BuildId: b856c61f98abf0989f157f153740fe0fadfbb760)
    #9 0x7ff5c7b61a19  (/usr/lib/llvm-20/lib/libLLVM.so.20.1+0x3c45a19) (BuildId: b856c61f98abf0989f157f153740fe0fadfbb760)
    #10 0x7ff5c7b62b2c  (/usr/lib/llvm-20/lib/libLLVM.so.20.1+0x3c46b2c) (BuildId: b856c61f98abf0989f157f153740fe0fadfbb760)
    #11 0x55ca91648523 in llvm::Target::createTargetMachine(llvm::StringRef, llvm::StringRef, llvm::StringRef, llvm::TargetOptions const&, std::optional<llvm::Reloc::Model>, std::optional<llvm::CodeModel::Model>, llvm::CodeGenOptLevel, bool) const /usr/lib/llvm-20/include/llvm/MC/TargetRegistry.h:462:12
    #12 0x55ca9163a09e in tsc::TargetRegistry::initializeAllTargets() /workspace/src/TargetRegistry.cpp:67:41
    #13 0x55ca9162bdcd in tsc::Compiler::initializeLLVM() /workspace/src/Compiler.cpp:349:14
    #14 0x55ca9162b8b7 in tsc::Compiler::Compiler(tsc::CompilerOptions const&) /workspace/src/Compiler.cpp:24:5
    #15 0x55ca915fd7b5 in main /workspace/src/main.cpp:191:18
    #16 0x7ff5c395a337  (/lib/x86_64-linux-gnu/libc.so.6+0x2a337) (BuildId: 467f544f15035abef911999cbc14489edd0555ab)
    #17 0x7ff5c395a3fa in __libc_start_main (/lib/x86_64-linux-gnu/libc.so.6+0x2a3fa) (BuildId: 467f544f15035abef911999cbc14489edd0555ab)
    #18 0x55ca91511b64 in _start (/workspace/build-asan/tsc+0x74b64) (BuildId: 73a10d7cc646a755f705b0ae57418e68578aec2f)

Indirect leak of 112 byte(s) in 2 object(s) allocated from:
    #0 0x55ca915fa191 in operator new(unsigned long) (/workspace/build-asan/tsc+0x15d191) (BuildId: 73a10d7cc646a755f705b0ae57418e68578aec2f)
    #1 0x7ff5c59b6da2  (/usr/lib/llvm-20/lib/libLLVM.so.20.1+0x1a9ada2) (BuildId: b856c61f98abf0989f157f153740fe0fadfbb760)
    #2 0x7ff5c6f3998b  (/usr/lib/llvm-20/lib/libLLVM.so.20.1+0x301d98b) (BuildId: b856c61f98abf0989f157f153740fe0fadfbb760)
    #3 0x7ff5c6f398a6  (/usr/lib/llvm-20/lib/libLLVM.so.20.1+0x301d8a6) (BuildId: b856c61f98abf0989f157f153740fe0fadfbb760)
    #4 0x7ff5c7b29106  (/usr/lib/llvm-20/lib/libLLVM.so.20.1+0x3c0d106) (BuildId: b856c61f98abf0989f157f153740fe0fadfbb760)
    #5 0x7ff5c7b6091a  (/usr/lib/llvm-20/lib/libLLVM.so.20.1+0x3c4491a) (BuildId: b856c61f98abf0989f157f153740fe0fadfbb760)
    #6 0x7ff5c7b61a19  (/usr/lib/llvm-20/lib/libLLVM.so.20.1+0x3c45a19) (BuildId: b856c61f98abf0989f157f153740fe0fadfbb760)
    #7 0x7ff5c7b62b2c  (/usr/lib/llvm-20/lib/libLLVM.so.20.1+0x3c46b2c) (BuildId: b856c61f98abf0989f157f153740fe0fadfbb760)
    #8 0x55ca91648523 in llvm::Target::createTargetMachine(llvm::StringRef, llvm::StringRef, llvm::StringRef, llvm::TargetOptions const&, std::optional<llvm::Reloc::Model>, std::optional<llvm::CodeModel::Model>, llvm::CodeGenOptLevel, bool) const /usr/lib/llvm-20/include/llvm/MC/TargetRegistry.h:462:12
    #9 0x55ca9163a09e in tsc::TargetRegistry::initializeAllTargets() /workspace/src/TargetRegistry.cpp:67:41
    #10 0x55ca9162bdcd in tsc::Compiler::initializeLLVM() /workspace/src/Compiler.cpp:349:14
    #11 0x55ca9162b8b7 in tsc::Compiler::Compiler(tsc::CompilerOptions const&) /workspace/src/Compiler.cpp:24:5
    #12 0x55ca915fd7b5 in main /workspace/src/main.cpp:191:18
    #13 0x7ff5c395a337  (/lib/x86_64-linux-gnu/libc.so.6+0x2a337) (BuildId: 467f544f15035abef911999cbc14489edd0555ab)
    #14 0x7ff5c395a3fa in __libc_start_main (/lib/x86_64-linux-gnu/libc.so.6+0x2a3fa) (BuildId: 467f544f15035abef911999cbc14489edd0555ab)
    #15 0x55ca91511b64 in _start (/workspace/build-asan/tsc+0x74b64) (BuildId: 73a10d7cc646a755f705b0ae57418e68578aec2f)

Indirect leak of 112 byte(s) in 2 object(s) allocated from:
    #0 0x55ca915fa191 in operator new(unsigned long) (/workspace/build-asan/tsc+0x15d191) (BuildId: 73a10d7cc646a755f705b0ae57418e68578aec2f)
    #1 0x7ff5c59b6da2  (/usr/lib/llvm-20/lib/libLLVM.so.20.1+0x1a9ada2) (BuildId: b856c61f98abf0989f157f153740fe0fadfbb760)
    #2 0x7ff5c6f3998b  (/usr/lib/llvm-20/lib/libLLVM.so.20.1+0x301d98b) (BuildId: b856c61f98abf0989f157f153740fe0fadfbb760)
    #3 0x7ff5c6f398a6  (/usr/lib/llvm-20/lib/libLLVM.so.20.1+0x301d8a6) (BuildId: b856c61f98abf0989f157f153740fe0fadfbb760)
    #4 0x7ff5c7b28f73  (/usr/lib/llvm-20/lib/libLLVM.so.20.1+0x3c0cf73) (BuildId: b856c61f98abf0989f157f153740fe0fadfbb760)
    #5 0x7ff5c7b6091a  (/usr/lib/llvm-20/lib/libLLVM.so.20.1+0x3c4491a) (BuildId: b856c61f98abf0989f157f153740fe0fadfbb760)
    #6 0x7ff5c7b61a19  (/usr/lib/llvm-20/lib/libLLVM.so.20.1+0x3c45a19) (BuildId: b856c61f98abf0989f157f153740fe0fadfbb760)
    #7 0x7ff5c7b62b2c  (/usr/lib/llvm-20/lib/libLLVM.so.20.1+0x3c46b2c) (BuildId: b856c61f98abf0989f157f153740fe0fadfbb760)
    #8 0x55ca91648523 in llvm::Target::createTargetMachine(llvm::StringRef, llvm::StringRef, llvm::StringRef, llvm::TargetOptions const&, std::optional<llvm::Reloc::Model>, std::optional<llvm::CodeModel::Model>, llvm::CodeGenOptLevel, bool) const /usr/lib/llvm-20/include/llvm/MC/TargetRegistry.h:462:12
    #9 0x55ca9163a09e in tsc::TargetRegistry::initializeAllTargets() /workspace/src/TargetRegistry.cpp:67:41
    #10 0x55ca9162bdcd in tsc::Compiler::initializeLLVM() /workspace/src/Compiler.cpp:349:14
    #11 0x55ca9162b8b7 in tsc::Compiler::Compiler(tsc::CompilerOptions const&) /workspace/src/Compiler.cpp:24:5
    #12 0x55ca915fd7b5 in main /workspace/src/main.cpp:191:18
    #13 0x7ff5c395a337  (/lib/x86_64-linux-gnu/libc.so.6+0x2a337) (BuildId: 467f544f15035abef911999cbc14489edd0555ab)
    #14 0x7ff5c395a3fa in __libc_start_main (/lib/x86_64-linux-gnu/libc.so.6+0x2a3fa) (BuildId: 467f544f15035abef911999cbc14489edd0555ab)
    #15 0x55ca91511b64 in _start (/workspace/build-asan/tsc+0x74b64) (BuildId: 73a10d7cc646a755f705b0ae57418e68578aec2f)

Indirect leak of 112 byte(s) in 2 object(s) allocated from:
    #0 0x55ca915fa191 in operator new(unsigned long) (/workspace/build-asan/tsc+0x15d191) (BuildId: 73a10d7cc646a755f705b0ae57418e68578aec2f)
    #1 0x7ff5c59b6da2  (/usr/lib/llvm-20/lib/libLLVM.so.20.1+0x1a9ada2) (BuildId: b856c61f98abf0989f157f153740fe0fadfbb760)
    #2 0x7ff5c6f3998b  (/usr/lib/llvm-20/lib/libLLVM.so.20.1+0x301d98b) (BuildId: b856c61f98abf0989f157f153740fe0fadfbb760)
    #3 0x7ff5c6f398a6  (/usr/lib/llvm-20/lib/libLLVM.so.20.1+0x301d8a6) (BuildId: b856c61f98abf0989f157f153740fe0fadfbb760)
    #4 0x7ff5c7b28ef9  (/usr/lib/llvm-20/lib/libLLVM.so.20.1+0x3c0cef9) (BuildId: b856c61f98abf0989f157f153740fe0fadfbb760)
    #5 0x7ff5c7b6091a  (/usr/lib/llvm-20/lib/libLLVM.so.20.1+0x3c4491a) (BuildId: b856c61f98abf0989f157f153740fe0fadfbb760)
    #6 0x7ff5c7b61a19  (/usr/lib/llvm-20/lib/libLLVM.so.20.1+0x3c45a19) (BuildId: b856c61f98abf0989f157f153740fe0fadfbb760)
    #7 0x7ff5c7b62b2c  (/usr/lib/llvm-20/lib/libLLVM.so.20.1+0x3c46b2c) (BuildId: b856c61f98abf0989f157f153740fe0fadfbb760)
    #8 0x55ca91648523 in llvm::Target::createTargetMachine(llvm::StringRef, llvm::StringRef, llvm::StringRef, llvm::TargetOptions const&, std::optional<llvm::Reloc::Model>, std::optional<llvm::CodeModel::Model>, llvm::CodeGenOptLevel, bool) const /usr/lib/llvm-20/include/llvm/MC/TargetRegistry.h:462:12
    #9 0x55ca9163a09e in tsc::TargetRegistry::initializeAllTargets() /workspace/src/TargetRegistry.cpp:67:41
    #10 0x55ca9162bdcd in tsc::Compiler::initializeLLVM() /workspace/src/Compiler.cpp:349:14
    #11 0x55ca9162b8b7 in tsc::Compiler::Compiler(tsc::CompilerOptions const&) /workspace/src/Compiler.cpp:24:5
    #12 0x55ca915fd7b5 in main /workspace/src/main.cpp:191:18
    #13 0x7ff5c395a337  (/lib/x86_64-linux-gnu/libc.so.6+0x2a337) (BuildId: 467f544f15035abef911999cbc14489edd0555ab)
    #14 0x7ff5c395a3fa in __libc_start_main (/lib/x86_64-linux-gnu/libc.so.6+0x2a3fa) (BuildId: 467f544f15035abef911999cbc14489edd0555ab)
    #15 0x55ca91511b64 in _start (/workspace/build-asan/tsc+0x74b64) (BuildId: 73a10d7cc646a755f705b0ae57418e68578aec2f)

Indirect leak of 112 byte(s) in 2 object(s) allocated from:
    #0 0x55ca915fa191 in operator new(unsigned long) (/workspace/build-asan/tsc+0x15d191) (BuildId: 73a10d7cc646a755f705b0ae57418e68578aec2f)
    #1 0x7ff5c59b6da2  (/usr/lib/llvm-20/lib/libLLVM.so.20.1+0x1a9ada2) (BuildId: b856c61f98abf0989f157f153740fe0fadfbb760)
    #2 0x7ff5c6f3998b  (/usr/lib/llvm-20/lib/libLLVM.so.20.1+0x301d98b) (BuildId: b856c61f98abf0989f157f153740fe0fadfbb760)
    #3 0x7ff5c6f398a6  (/usr/lib/llvm-20/lib/libLLVM.so.20.1+0x301d8a6) (BuildId: b856c61f98abf0989f157f153740fe0fadfbb760)
    #4 0x7ff5c7b28e93  (/usr/lib/llvm-20/lib/libLLVM.so.20.1+0x3c0ce93) (BuildId: b856c61f98abf0989f157f153740fe0fadfbb760)
    #5 0x7ff5c7b6091a  (/usr/lib/llvm-20/lib/libLLVM.so.20.1+0x3c4491a) (BuildId: b856c61f98abf0989f157f153740fe0fadfbb760)
    #6 0x7ff5c7b61a19  (/usr/lib/llvm-20/lib/libLLVM.so.20.1+0x3c45a19) (BuildId: b856c61f98abf0989f157f153740fe0fadfbb760)
    #7 0x7ff5c7b62b2c  (/usr/lib/llvm-20/lib/libLLVM.so.20.1+0x3c46b2c) (BuildId: b856c61f98abf0989f157f153740fe0fadfbb760)
    #8 0x55ca91648523 in llvm::Target::createTargetMachine(llvm::StringRef, llvm::StringRef, llvm::StringRef, llvm::TargetOptions const&, std::optional<llvm::Reloc::Model>, std::optional<llvm::CodeModel::Model>, llvm::CodeGenOptLevel, bool) const /usr/lib/llvm-20/include/llvm/MC/TargetRegistry.h:462:12
    #9 0x55ca9163a09e in tsc::TargetRegistry::initializeAllTargets() /workspace/src/TargetRegistry.cpp:67:41
    #10 0x55ca9162bdcd in tsc::Compiler::initializeLLVM() /workspace/src/Compiler.cpp:349:14
    #11 0x55ca9162b8b7 in tsc::Compiler::Compiler(tsc::CompilerOptions const&) /workspace/src/Compiler.cpp:24:5
    #12 0x55ca915fd7b5 in main /workspace/src/main.cpp:191:18
    #13 0x7ff5c395a337  (/lib/x86_64-linux-gnu/libc.so.6+0x2a337) (BuildId: 467f544f15035abef911999cbc14489edd0555ab)
    #14 0x7ff5c395a3fa in __libc_start_main (/lib/x86_64-linux-gnu/libc.so.6+0x2a3fa) (BuildId: 467f544f15035abef911999cbc14489edd0555ab)
    #15 0x55ca91511b64 in _start (/workspace/build-asan/tsc+0x74b64) (BuildId: 73a10d7cc646a755f705b0ae57418e68578aec2f)

Indirect leak of 112 byte(s) in 2 object(s) allocated from:
    #0 0x55ca915fa191 in operator new(unsigned long) (/workspace/build-asan/tsc+0x15d191) (BuildId: 73a10d7cc646a755f705b0ae57418e68578aec2f)
    #1 0x7ff5c59b6da2  (/usr/lib/llvm-20/lib/libLLVM.so.20.1+0x1a9ada2) (BuildId: b856c61f98abf0989f157f153740fe0fadfbb760)
    #2 0x7ff5c6f3998b  (/usr/lib/llvm-20/lib/libLLVM.so.20.1+0x301d98b) (BuildId: b856c61f98abf0989f157f153740fe0fadfbb760)
    #3 0x7ff5c6f398a6  (/usr/lib/llvm-20/lib/libLLVM.so.20.1+0x301d8a6) (BuildId: b856c61f98abf0989f157f153740fe0fadfbb760)
    #4 0x7ff5c7b28dc3  (/usr/lib/llvm-20/lib/libLLVM.so.20.1+0x3c0cdc3) (BuildId: b856c61f98abf0989f157f153740fe0fadfbb760)
    #5 0x7ff5c7b6091a  (/usr/lib/llvm-20/lib/libLLVM.so.20.1+0x3c4491a) (BuildId: b856c61f98abf0989f157f153740fe0fadfbb760)
    #6 0x7ff5c7b61a19  (/usr/lib/llvm-20/lib/libLLVM.so.20.1+0x3c45a19) (BuildId: b856c61f98abf0989f157f153740fe0fadfbb760)
    #7 0x7ff5c7b62b2c  (/usr/lib/llvm-20/lib/libLLVM.so.20.1+0x3c46b2c) (BuildId: b856c61f98abf0989f157f153740fe0fadfbb760)
    #8 0x55ca91648523 in llvm::Target::createTargetMachine(llvm::StringRef, llvm::StringRef, llvm::StringRef, llvm::TargetOptions const&, std::optional<llvm::Reloc::Model>, std::optional<llvm::CodeModel::Model>, llvm::CodeGenOptLevel, bool) const /usr/lib/llvm-20/include/llvm/MC/TargetRegistry.h:462:12
    #9 0x55ca9163a09e in tsc::TargetRegistry::initializeAllTargets() /workspace/src/TargetRegistry.cpp:67:41
    #10 0x55ca9162bdcd in tsc::Compiler::initializeLLVM() /workspace/src/Compiler.cpp:349:14
    #11 0x55ca9162b8b7 in tsc::Compiler::Compiler(tsc::CompilerOptions const&) /workspace/src/Compiler.cpp:24:5
    #12 0x55ca915fd7b5 in main /workspace/src/main.cpp:191:18
    #13 0x7ff5c395a337  (/lib/x86_64-linux-gnu/libc.so.6+0x2a337) (BuildId: 467f544f15035abef911999cbc14489edd0555ab)
    #14 0x7ff5c395a3fa in __libc_start_main (/lib/x86_64-linux-gnu/libc.so.6+0x2a3fa) (BuildId: 467f544f15035abef911999cbc14489edd0555ab)
    #15 0x55ca91511b64 in _start (/workspace/build-asan/tsc+0x74b64) (BuildId: 73a10d7cc646a755f705b0ae57418e68578aec2f)

Indirect leak of 112 byte(s) in 2 object(s) allocated from:
    #0 0x55ca915fa191 in operator new(unsigned long) (/workspace/build-asan/tsc+0x15d191) (BuildId: 73a10d7cc646a755f705b0ae57418e68578aec2f)
    #1 0x7ff5c59b6da2  (/usr/lib/llvm-20/lib/libLLVM.so.20.1+0x1a9ada2) (BuildId: b856c61f98abf0989f157f153740fe0fadfbb760)
    #2 0x7ff5c6f3b039  (/usr/lib/llvm-20/lib/libLLVM.so.20.1+0x301f039) (BuildId: b856c61f98abf0989f157f153740fe0fadfbb760)
    #3 0x7ff5c6f3af97  (/usr/lib/llvm-20/lib/libLLVM.so.20.1+0x301ef97) (BuildId: b856c61f98abf0989f157f153740fe0fadfbb760)
    #4 0x7ff5c6f3998b  (/usr/lib/llvm-20/lib/libLLVM.so.20.1+0x301d98b) (BuildId: b856c61f98abf0989f157f153740fe0fadfbb760)
    #5 0x7ff5c6f398a6  (/usr/lib/llvm-20/lib/libLLVM.so.20.1+0x301d8a6) (BuildId: b856c61f98abf0989f157f153740fe0fadfbb760)
    #6 0x7ff5c6f3aa71  (/usr/lib/llvm-20/lib/libLLVM.so.20.1+0x301ea71) (BuildId: b856c61f98abf0989f157f153740fe0fadfbb760)
    #7 0x7ff5c7b28d6b  (/usr/lib/llvm-20/lib/libLLVM.so.20.1+0x3c0cd6b) (BuildId: b856c61f98abf0989f157f153740fe0fadfbb760)
    #8 0x7ff5c7b6091a  (/usr/lib/llvm-20/lib/libLLVM.so.20.1+0x3c4491a) (BuildId: b856c61f98abf0989f157f153740fe0fadfbb760)
    #9 0x7ff5c7b61a19  (/usr/lib/llvm-20/lib/libLLVM.so.20.1+0x3c45a19) (BuildId: b856c61f98abf0989f157f153740fe0fadfbb760)
    #10 0x7ff5c7b62b2c  (/usr/lib/llvm-20/lib/libLLVM.so.20.1+0x3c46b2c) (BuildId: b856c61f98abf0989f157f153740fe0fadfbb760)
    #11 0x55ca91648523 in llvm::Target::createTargetMachine(llvm::StringRef, llvm::StringRef, llvm::StringRef, llvm::TargetOptions const&, std::optional<llvm::Reloc::Model>, std::optional<llvm::CodeModel::Model>, llvm::CodeGenOptLevel, bool) const /usr/lib/llvm-20/include/llvm/MC/TargetRegistry.h:462:12
    #12 0x55ca9163a09e in tsc::TargetRegistry::initializeAllTargets() /workspace/src/TargetRegistry.cpp:67:41
    #13 0x55ca9162bdcd in tsc::Compiler::initializeLLVM() /workspace/src/Compiler.cpp:349:14
    #14 0x55ca9162b8b7 in tsc::Compiler::Compiler(tsc::CompilerOptions const&) /workspace/src/Compiler.cpp:24:5
    #15 0x55ca915fd7b5 in main /workspace/src/main.cpp:191:18
    #16 0x7ff5c395a337  (/lib/x86_64-linux-gnu/libc.so.6+0x2a337) (BuildId: 467f544f15035abef911999cbc14489edd0555ab)
    #17 0x7ff5c395a3fa in __libc_start_main (/lib/x86_64-linux-gnu/libc.so.6+0x2a3fa) (BuildId: 467f544f15035abef911999cbc14489edd0555ab)
    #18 0x55ca91511b64 in _start (/workspace/build-asan/tsc+0x74b64) (BuildId: 73a10d7cc646a755f705b0ae57418e68578aec2f)

Indirect leak of 112 byte(s) in 2 object(s) allocated from:
    #0 0x55ca915fa191 in operator new(unsigned long) (/workspace/build-asan/tsc+0x15d191) (BuildId: 73a10d7cc646a755f705b0ae57418e68578aec2f)
    #1 0x7ff5c59b6da2  (/usr/lib/llvm-20/lib/libLLVM.so.20.1+0x1a9ada2) (BuildId: b856c61f98abf0989f157f153740fe0fadfbb760)
    #2 0x7ff5c6f3b008  (/usr/lib/llvm-20/lib/libLLVM.so.20.1+0x301f008) (BuildId: b856c61f98abf0989f157f153740fe0fadfbb760)
    #3 0x7ff5c6f3af97  (/usr/lib/llvm-20/lib/libLLVM.so.20.1+0x301ef97) (BuildId: b856c61f98abf0989f157f153740fe0fadfbb760)
    #4 0x7ff5c6f3998b  (/usr/lib/llvm-20/lib/libLLVM.so.20.1+0x301d98b) (BuildId: b856c61f98abf0989f157f153740fe0fadfbb760)
    #5 0x7ff5c6f398a6  (/usr/lib/llvm-20/lib/libLLVM.so.20.1+0x301d8a6) (BuildId: b856c61f98abf0989f157f153740fe0fadfbb760)
    #6 0x7ff5c6f3aa71  (/usr/lib/llvm-20/lib/libLLVM.so.20.1+0x301ea71) (BuildId: b856c61f98abf0989f157f153740fe0fadfbb760)
    #7 0x7ff5c7b28d6b  (/usr/lib/llvm-20/lib/libLLVM.so.20.1+0x3c0cd6b) (BuildId: b856c61f98abf0989f157f153740fe0fadfbb760)
    #8 0x7ff5c7b6091a  (/usr/lib/llvm-20/lib/libLLVM.so.20.1+0x3c4491a) (BuildId: b856c61f98abf0989f157f153740fe0fadfbb760)
    #9 0x7ff5c7b61a19  (/usr/lib/llvm-20/lib/libLLVM.so.20.1+0x3c45a19) (BuildId: b856c61f98abf0989f157f153740fe0fadfbb760)
    #10 0x7ff5c7b62b2c  (/usr/lib/llvm-20/lib/libLLVM.so.20.1+0x3c46b2c) (BuildId: b856c61f98abf0989f157f153740fe0fadfbb760)
    #11 0x55ca91648523 in llvm::Target::createTargetMachine(llvm::StringRef, llvm::StringRef, llvm::StringRef, llvm::TargetOptions const&, std::optional<llvm::Reloc::Model>, std::optional<llvm::CodeModel::Model>, llvm::CodeGenOptLevel, bool) const /usr/lib/llvm-20/include/llvm/MC/TargetRegistry.h:462:12
    #12 0x55ca9163a09e in tsc::TargetRegistry::initializeAllTargets() /workspace/src/TargetRegistry.cpp:67:41
    #13 0x55ca9162bdcd in tsc::Compiler::initializeLLVM() /workspace/src/Compiler.cpp:349:14
    #14 0x55ca9162b8b7 in tsc::Compiler::Compiler(tsc::CompilerOptions const&) /workspace/src/Compiler.cpp:24:5
    #15 0x55ca915fd7b5 in main /workspace/src/main.cpp:191:18
    #16 0x7ff5c395a337  (/lib/x86_64-linux-gnu/libc.so.6+0x2a337) (BuildId: 467f544f15035abef911999cbc14489edd0555ab)
    #17 0x7ff5c395a3fa in __libc_start_main (/lib/x86_64-linux-gnu/libc.so.6+0x2a3fa) (BuildId: 467f544f15035abef911999cbc14489edd0555ab)
    #18 0x55ca91511b64 in _start (/workspace/build-asan/tsc+0x74b64) (BuildId: 73a10d7cc646a755f705b0ae57418e68578aec2f)

Indirect leak of 112 byte(s) in 2 object(s) allocated from:
    #0 0x55ca915fa191 in operator new(unsigned long) (/workspace/build-asan/tsc+0x15d191) (BuildId: 73a10d7cc646a755f705b0ae57418e68578aec2f)
    #1 0x7ff5c59b6da2  (/usr/lib/llvm-20/lib/libLLVM.so.20.1+0x1a9ada2) (BuildId: b856c61f98abf0989f157f153740fe0fadfbb760)
    #2 0x7ff5c6f3998b  (/usr/lib/llvm-20/lib/libLLVM.so.20.1+0x301d98b) (BuildId: b856c61f98abf0989f157f153740fe0fadfbb760)
    #3 0x7ff5c6f398a6  (/usr/lib/llvm-20/lib/libLLVM.so.20.1+0x301d8a6) (BuildId: b856c61f98abf0989f157f153740fe0fadfbb760)
    #4 0x7ff5c7b28a1b  (/usr/lib/llvm-20/lib/libLLVM.so.20.1+0x3c0ca1b) (BuildId: b856c61f98abf0989f157f153740fe0fadfbb760)
    #5 0x7ff5c7b6091a  (/usr/lib/llvm-20/lib/libLLVM.so.20.1+0x3c4491a) (BuildId: b856c61f98abf0989f157f153740fe0fadfbb760)
    #6 0x7ff5c7b61a19  (/usr/lib/llvm-20/lib/libLLVM.so.20.1+0x3c45a19) (BuildId: b856c61f98abf0989f157f153740fe0fadfbb760)
    #7 0x7ff5c7b62b2c  (/usr/lib/llvm-20/lib/libLLVM.so.20.1+0x3c46b2c) (BuildId: b856c61f98abf0989f157f153740fe0fadfbb760)
    #8 0x55ca91648523 in llvm::Target::createTargetMachine(llvm::StringRef, llvm::StringRef, llvm::StringRef, llvm::TargetOptions const&, std::optional<llvm::Reloc::Model>, std::optional<llvm::CodeModel::Model>, llvm::CodeGenOptLevel, bool) const /usr/lib/llvm-20/include/llvm/MC/TargetRegistry.h:462:12
    #9 0x55ca9163a09e in tsc::TargetRegistry::initializeAllTargets() /workspace/src/TargetRegistry.cpp:67:41
    #10 0x55ca9162bdcd in tsc::Compiler::initializeLLVM() /workspace/src/Compiler.cpp:349:14
    #11 0x55ca9162b8b7 in tsc::Compiler::Compiler(tsc::CompilerOptions const&) /workspace/src/Compiler.cpp:24:5
    #12 0x55ca915fd7b5 in main /workspace/src/main.cpp:191:18
    #13 0x7ff5c395a337  (/lib/x86_64-linux-gnu/libc.so.6+0x2a337) (BuildId: 467f544f15035abef911999cbc14489edd0555ab)
    #14 0x7ff5c395a3fa in __libc_start_main (/lib/x86_64-linux-gnu/libc.so.6+0x2a3fa) (BuildId: 467f544f15035abef911999cbc14489edd0555ab)
    #15 0x55ca91511b64 in _start (/workspace/build-asan/tsc+0x74b64) (BuildId: 73a10d7cc646a755f705b0ae57418e68578aec2f)

Indirect leak of 112 byte(s) in 2 object(s) allocated from:
    #0 0x55ca915fa191 in operator new(unsigned long) (/workspace/build-asan/tsc+0x15d191) (BuildId: 73a10d7cc646a755f705b0ae57418e68578aec2f)
    #1 0x7ff5c59b6da2  (/usr/lib/llvm-20/lib/libLLVM.so.20.1+0x1a9ada2) (BuildId: b856c61f98abf0989f157f153740fe0fadfbb760)
    #2 0x7ff5c6f3998b  (/usr/lib/llvm-20/lib/libLLVM.so.20.1+0x301d98b) (BuildId: b856c61f98abf0989f157f153740fe0fadfbb760)
    #3 0x7ff5c6f398a6  (/usr/lib/llvm-20/lib/libLLVM.so.20.1+0x301d8a6) (BuildId: b856c61f98abf0989f157f153740fe0fadfbb760)
    #4 0x7ff5c7b286d3  (/usr/lib/llvm-20/lib/libLLVM.so.20.1+0x3c0c6d3) (BuildId: b856c61f98abf0989f157f153740fe0fadfbb760)
    #5 0x7ff5c7b6091a  (/usr/lib/llvm-20/lib/libLLVM.so.20.1+0x3c4491a) (BuildId: b856c61f98abf0989f157f153740fe0fadfbb760)
    #6 0x7ff5c7b61a19  (/usr/lib/llvm-20/lib/libLLVM.so.20.1+0x3c45a19) (BuildId: b856c61f98abf0989f157f153740fe0fadfbb760)
    #7 0x7ff5c7b62b2c  (/usr/lib/llvm-20/lib/libLLVM.so.20.1+0x3c46b2c) (BuildId: b856c61f98abf0989f157f153740fe0fadfbb760)
    #8 0x55ca91648523 in llvm::Target::createTargetMachine(llvm::StringRef, llvm::StringRef, llvm::StringRef, llvm::TargetOptions const&, std::optional<llvm::Reloc::Model>, std::optional<llvm::CodeModel::Model>, llvm::CodeGenOptLevel, bool) const /usr/lib/llvm-20/include/llvm/MC/TargetRegistry.h:462:12
    #9 0x55ca9163a09e in tsc::TargetRegistry::initializeAllTargets() /workspace/src/TargetRegistry.cpp:67:41
    #10 0x55ca9162bdcd in tsc::Compiler::initializeLLVM() /workspace/src/Compiler.cpp:349:14
    #11 0x55ca9162b8b7 in tsc::Compiler::Compiler(tsc::CompilerOptions const&) /workspace/src/Compiler.cpp:24:5
    #12 0x55ca915fd7b5 in main /workspace/src/main.cpp:191:18
    #13 0x7ff5c395a337  (/lib/x86_64-linux-gnu/libc.so.6+0x2a337) (BuildId: 467f544f15035abef911999cbc14489edd0555ab)
    #14 0x7ff5c395a3fa in __libc_start_main (/lib/x86_64-linux-gnu/libc.so.6+0x2a3fa) (BuildId: 467f544f15035abef911999cbc14489edd0555ab)
    #15 0x55ca91511b64 in _start (/workspace/build-asan/tsc+0x74b64) (BuildId: 73a10d7cc646a755f705b0ae57418e68578aec2f)

Indirect leak of 112 byte(s) in 2 object(s) allocated from:
    #0 0x55ca915fa191 in operator new(unsigned long) (/workspace/build-asan/tsc+0x15d191) (BuildId: 73a10d7cc646a755f705b0ae57418e68578aec2f)
    #1 0x7ff5c59b6da2  (/usr/lib/llvm-20/lib/libLLVM.so.20.1+0x1a9ada2) (BuildId: b856c61f98abf0989f157f153740fe0fadfbb760)
    #2 0x7ff5c6f3b039  (/usr/lib/llvm-20/lib/libLLVM.so.20.1+0x301f039) (BuildId: b856c61f98abf0989f157f153740fe0fadfbb760)
    #3 0x7ff5c6f3af97  (/usr/lib/llvm-20/lib/libLLVM.so.20.1+0x301ef97) (BuildId: b856c61f98abf0989f157f153740fe0fadfbb760)
    #4 0x7ff5c6f3998b  (/usr/lib/llvm-20/lib/libLLVM.so.20.1+0x301d98b) (BuildId: b856c61f98abf0989f157f153740fe0fadfbb760)
    #5 0x7ff5c6f398a6  (/usr/lib/llvm-20/lib/libLLVM.so.20.1+0x301d8a6) (BuildId: b856c61f98abf0989f157f153740fe0fadfbb760)
    #6 0x7ff5c6f3aa71  (/usr/lib/llvm-20/lib/libLLVM.so.20.1+0x301ea71) (BuildId: b856c61f98abf0989f157f153740fe0fadfbb760)
    #7 0x7ff5c7b29e11  (/usr/lib/llvm-20/lib/libLLVM.so.20.1+0x3c0de11) (BuildId: b856c61f98abf0989f157f153740fe0fadfbb760)
    #8 0x7ff5c7b6091a  (/usr/lib/llvm-20/lib/libLLVM.so.20.1+0x3c4491a) (BuildId: b856c61f98abf0989f157f153740fe0fadfbb760)
    #9 0x7ff5c7b6188a  (/usr/lib/llvm-20/lib/libLLVM.so.20.1+0x3c4588a) (BuildId: b856c61f98abf0989f157f153740fe0fadfbb760)
    #10 0x7ff5c7b62b2c  (/usr/lib/llvm-20/lib/libLLVM.so.20.1+0x3c46b2c) (BuildId: b856c61f98abf0989f157f153740fe0fadfbb760)
    #11 0x55ca91648523 in llvm::Target::createTargetMachine(llvm::StringRef, llvm::StringRef, llvm::StringRef, llvm::TargetOptions const&, std::optional<llvm::Reloc::Model>, std::optional<llvm::CodeModel::Model>, llvm::CodeGenOptLevel, bool) const /usr/lib/llvm-20/include/llvm/MC/TargetRegistry.h:462:12
    #12 0x55ca9163a09e in tsc::TargetRegistry::initializeAllTargets() /workspace/src/TargetRegistry.cpp:67:41
    #13 0x55ca9162bdcd in tsc::Compiler::initializeLLVM() /workspace/src/Compiler.cpp:349:14
    #14 0x55ca9162b8b7 in tsc::Compiler::Compiler(tsc::CompilerOptions const&) /workspace/src/Compiler.cpp:24:5
    #15 0x55ca915fd7b5 in main /workspace/src/main.cpp:191:18
    #16 0x7ff5c395a337  (/lib/x86_64-linux-gnu/libc.so.6+0x2a337) (BuildId: 467f544f15035abef911999cbc14489edd0555ab)
    #17 0x7ff5c395a3fa in __libc_start_main (/lib/x86_64-linux-gnu/libc.so.6+0x2a3fa) (BuildId: 467f544f15035abef911999cbc14489edd0555ab)
    #18 0x55ca91511b64 in _start (/workspace/build-asan/tsc+0x74b64) (BuildId: 73a10d7cc646a755f705b0ae57418e68578aec2f)

Indirect leak of 112 byte(s) in 2 object(s) allocated from:
    #0 0x55ca915fa191 in operator new(unsigned long) (/workspace/build-asan/tsc+0x15d191) (BuildId: 73a10d7cc646a755f705b0ae57418e68578aec2f)
    #1 0x7ff5c59b6da2  (/usr/lib/llvm-20/lib/libLLVM.so.20.1+0x1a9ada2) (BuildId: b856c61f98abf0989f157f153740fe0fadfbb760)
    #2 0x7ff5c6f3b008  (/usr/lib/llvm-20/lib/libLLVM.so.20.1+0x301f008) (BuildId: b856c61f98abf0989f157f153740fe0fadfbb760)
    #3 0x7ff5c6f3af97  (/usr/lib/llvm-20/lib/libLLVM.so.20.1+0x301ef97) (BuildId: b856c61f98abf0989f157f153740fe0fadfbb760)
    #4 0x7ff5c6f3998b  (/usr/lib/llvm-20/lib/libLLVM.so.20.1+0x301d98b) (BuildId: b856c61f98abf0989f157f153740fe0fadfbb760)
    #5 0x7ff5c6f398a6  (/usr/lib/llvm-20/lib/libLLVM.so.20.1+0x301d8a6) (BuildId: b856c61f98abf0989f157f153740fe0fadfbb760)
    #6 0x7ff5c6f3aa71  (/usr/lib/llvm-20/lib/libLLVM.so.20.1+0x301ea71) (BuildId: b856c61f98abf0989f157f153740fe0fadfbb760)
    #7 0x7ff5c7b29e11  (/usr/lib/llvm-20/lib/libLLVM.so.20.1+0x3c0de11) (BuildId: b856c61f98abf0989f157f153740fe0fadfbb760)
    #8 0x7ff5c7b6091a  (/usr/lib/llvm-20/lib/libLLVM.so.20.1+0x3c4491a) (BuildId: b856c61f98abf0989f157f153740fe0fadfbb760)
    #9 0x7ff5c7b6188a  (/usr/lib/llvm-20/lib/libLLVM.so.20.1+0x3c4588a) (BuildId: b856c61f98abf0989f157f153740fe0fadfbb760)
    #10 0x7ff5c7b62b2c  (/usr/lib/llvm-20/lib/libLLVM.so.20.1+0x3c46b2c) (BuildId: b856c61f98abf0989f157f153740fe0fadfbb760)
    #11 0x55ca91648523 in llvm::Target::createTargetMachine(llvm::StringRef, llvm::StringRef, llvm::StringRef, llvm::TargetOptions const&, std::optional<llvm::Reloc::Model>, std::optional<llvm::CodeModel::Model>, llvm::CodeGenOptLevel, bool) const /usr/lib/llvm-20/include/llvm/MC/TargetRegistry.h:462:12
    #12 0x55ca9163a09e in tsc::TargetRegistry::initializeAllTargets() /workspace/src/TargetRegistry.cpp:67:41
    #13 0x55ca9162bdcd in tsc::Compiler::initializeLLVM() /workspace/src/Compiler.cpp:349:14
    #14 0x55ca9162b8b7 in tsc::Compiler::Compiler(tsc::CompilerOptions const&) /workspace/src/Compiler.cpp:24:5
    #15 0x55ca915fd7b5 in main /workspace/src/main.cpp:191:18
    #16 0x7ff5c395a337  (/lib/x86_64-linux-gnu/libc.so.6+0x2a337) (BuildId: 467f544f15035abef911999cbc14489edd0555ab)
    #17 0x7ff5c395a3fa in __libc_start_main (/lib/x86_64-linux-gnu/libc.so.6+0x2a3fa) (BuildId: 467f544f15035abef911999cbc14489edd0555ab)
    #18 0x55ca91511b64 in _start (/workspace/build-asan/tsc+0x74b64) (BuildId: 73a10d7cc646a755f705b0ae57418e68578aec2f)

Indirect leak of 112 byte(s) in 2 object(s) allocated from:
    #0 0x55ca915fa191 in operator new(unsigned long) (/workspace/build-asan/tsc+0x15d191) (BuildId: 73a10d7cc646a755f705b0ae57418e68578aec2f)
    #1 0x7ff5c59b6da2  (/usr/lib/llvm-20/lib/libLLVM.so.20.1+0x1a9ada2) (BuildId: b856c61f98abf0989f157f153740fe0fadfbb760)
    #2 0x7ff5c6f3b039  (/usr/lib/llvm-20/lib/libLLVM.so.20.1+0x301f039) (BuildId: b856c61f98abf0989f157f153740fe0fadfbb760)
    #3 0x7ff5c6f3af97  (/usr/lib/llvm-20/lib/libLLVM.so.20.1+0x301ef97) (BuildId: b856c61f98abf0989f157f153740fe0fadfbb760)
    #4 0x7ff5c6f3998b  (/usr/lib/llvm-20/lib/libLLVM.so.20.1+0x301d98b) (BuildId: b856c61f98abf0989f157f153740fe0fadfbb760)
    #5 0x7ff5c6f398a6  (/usr/lib/llvm-20/lib/libLLVM.so.20.1+0x301d8a6) (BuildId: b856c61f98abf0989f157f153740fe0fadfbb760)
    #6 0x7ff5c6f3aa71  (/usr/lib/llvm-20/lib/libLLVM.so.20.1+0x301ea71) (BuildId: b856c61f98abf0989f157f153740fe0fadfbb760)
    #7 0x7ff5c7b29ddf  (/usr/lib/llvm-20/lib/libLLVM.so.20.1+0x3c0dddf) (BuildId: b856c61f98abf0989f157f153740fe0fadfbb760)
    #8 0x7ff5c7b6091a  (/usr/lib/llvm-20/lib/libLLVM.so.20.1+0x3c4491a) (BuildId: b856c61f98abf0989f157f153740fe0fadfbb760)
    #9 0x7ff5c7b6188a  (/usr/lib/llvm-20/lib/libLLVM.so.20.1+0x3c4588a) (BuildId: b856c61f98abf0989f157f153740fe0fadfbb760)
    #10 0x7ff5c7b62b2c  (/usr/lib/llvm-20/lib/libLLVM.so.20.1+0x3c46b2c) (BuildId: b856c61f98abf0989f157f153740fe0fadfbb760)
    #11 0x55ca91648523 in llvm::Target::createTargetMachine(llvm::StringRef, llvm::StringRef, llvm::StringRef, llvm::TargetOptions const&, std::optional<llvm::Reloc::Model>, std::optional<llvm::CodeModel::Model>, llvm::CodeGenOptLevel, bool) const /usr/lib/llvm-20/include/llvm/MC/TargetRegistry.h:462:12
    #12 0x55ca9163a09e in tsc::TargetRegistry::initializeAllTargets() /workspace/src/TargetRegistry.cpp:67:41
    #13 0x55ca9162bdcd in tsc::Compiler::initializeLLVM() /workspace/src/Compiler.cpp:349:14
    #14 0x55ca9162b8b7 in tsc::Compiler::Compiler(tsc::CompilerOptions const&) /workspace/src/Compiler.cpp:24:5
    #15 0x55ca915fd7b5 in main /workspace/src/main.cpp:191:18
    #16 0x7ff5c395a337  (/lib/x86_64-linux-gnu/libc.so.6+0x2a337) (BuildId: 467f544f15035abef911999cbc14489edd0555ab)
    #17 0x7ff5c395a3fa in __libc_start_main (/lib/x86_64-linux-gnu/libc.so.6+0x2a3fa) (BuildId: 467f544f15035abef911999cbc14489edd0555ab)
    #18 0x55ca91511b64 in _start (/workspace/build-asan/tsc+0x74b64) (BuildId: 73a10d7cc646a755f705b0ae57418e68578aec2f)

Indirect leak of 112 byte(s) in 2 object(s) allocated from:
    #0 0x55ca915fa191 in operator new(unsigned long) (/workspace/build-asan/tsc+0x15d191) (BuildId: 73a10d7cc646a755f705b0ae57418e68578aec2f)
    #1 0x7ff5c59b6da2  (/usr/lib/llvm-20/lib/libLLVM.so.20.1+0x1a9ada2) (BuildId: b856c61f98abf0989f157f153740fe0fadfbb760)
    #2 0x7ff5c6f3b008  (/usr/lib/llvm-20/lib/libLLVM.so.20.1+0x301f008) (BuildId: b856c61f98abf0989f157f153740fe0fadfbb760)
    #3 0x7ff5c6f3af97  (/usr/lib/llvm-20/lib/libLLVM.so.20.1+0x301ef97) (BuildId: b856c61f98abf0989f157f153740fe0fadfbb760)
    #4 0x7ff5c6f3998b  (/usr/lib/llvm-20/lib/libLLVM.so.20.1+0x301d98b) (BuildId: b856c61f98abf0989f157f153740fe0fadfbb760)
    #5 0x7ff5c6f398a6  (/usr/lib/llvm-20/lib/libLLVM.so.20.1+0x301d8a6) (BuildId: b856c61f98abf0989f157f153740fe0fadfbb760)
    #6 0x7ff5c6f3aa71  (/usr/lib/llvm-20/lib/libLLVM.so.20.1+0x301ea71) (BuildId: b856c61f98abf0989f157f153740fe0fadfbb760)
    #7 0x7ff5c7b29ddf  (/usr/lib/llvm-20/lib/libLLVM.so.20.1+0x3c0dddf) (BuildId: b856c61f98abf0989f157f153740fe0fadfbb760)
    #8 0x7ff5c7b6091a  (/usr/lib/llvm-20/lib/libLLVM.so.20.1+0x3c4491a) (BuildId: b856c61f98abf0989f157f153740fe0fadfbb760)
    #9 0x7ff5c7b6188a  (/usr/lib/llvm-20/lib/libLLVM.so.20.1+0x3c4588a) (BuildId: b856c61f98abf0989f157f153740fe0fadfbb760)
    #10 0x7ff5c7b62b2c  (/usr/lib/llvm-20/lib/libLLVM.so.20.1+0x3c46b2c) (BuildId: b856c61f98abf0989f157f153740fe0fadfbb760)
    #11 0x55ca91648523 in llvm::Target::createTargetMachine(llvm::StringRef, llvm::StringRef, llvm::StringRef, llvm::TargetOptions const&, std::optional<llvm::Reloc::Model>, std::optional<llvm::CodeModel::Model>, llvm::CodeGenOptLevel, bool) const /usr/lib/llvm-20/include/llvm/MC/TargetRegistry.h:462:12
    #12 0x55ca9163a09e in tsc::TargetRegistry::initializeAllTargets() /workspace/src/TargetRegistry.cpp:67:41
    #13 0x55ca9162bdcd in tsc::Compiler::initializeLLVM() /workspace/src/Compiler.cpp:349:14
    #14 0x55ca9162b8b7 in tsc::Compiler::Compiler(tsc::CompilerOptions const&) /workspace/src/Compiler.cpp:24:5
    #15 0x55ca915fd7b5 in main /workspace/src/main.cpp:191:18
    #16 0x7ff5c395a337  (/lib/x86_64-linux-gnu/libc.so.6+0x2a337) (BuildId: 467f544f15035abef911999cbc14489edd0555ab)
    #17 0x7ff5c395a3fa in __libc_start_main (/lib/x86_64-linux-gnu/libc.so.6+0x2a3fa) (BuildId: 467f544f15035abef911999cbc14489edd0555ab)
    #18 0x55ca91511b64 in _start (/workspace/build-asan/tsc+0x74b64) (BuildId: 73a10d7cc646a755f705b0ae57418e68578aec2f)

Indirect leak of 112 byte(s) in 2 object(s) allocated from:
    #0 0x55ca915fa191 in operator new(unsigned long) (/workspace/build-asan/tsc+0x15d191) (BuildId: 73a10d7cc646a755f705b0ae57418e68578aec2f)
    #1 0x7ff5c59b6da2  (/usr/lib/llvm-20/lib/libLLVM.so.20.1+0x1a9ada2) (BuildId: b856c61f98abf0989f157f153740fe0fadfbb760)
    #2 0x7ff5c6f3b039  (/usr/lib/llvm-20/lib/libLLVM.so.20.1+0x301f039) (BuildId: b856c61f98abf0989f157f153740fe0fadfbb760)
    #3 0x7ff5c6f3af97  (/usr/lib/llvm-20/lib/libLLVM.so.20.1+0x301ef97) (BuildId: b856c61f98abf0989f157f153740fe0fadfbb760)
    #4 0x7ff5c6f3998b  (/usr/lib/llvm-20/lib/libLLVM.so.20.1+0x301d98b) (BuildId: b856c61f98abf0989f157f153740fe0fadfbb760)
    #5 0x7ff5c6f398a6  (/usr/lib/llvm-20/lib/libLLVM.so.20.1+0x301d8a6) (BuildId: b856c61f98abf0989f157f153740fe0fadfbb760)
    #6 0x7ff5c6f3aa71  (/usr/lib/llvm-20/lib/libLLVM.so.20.1+0x301ea71) (BuildId: b856c61f98abf0989f157f153740fe0fadfbb760)
    #7 0x7ff5c7b29d8d  (/usr/lib/llvm-20/lib/libLLVM.so.20.1+0x3c0dd8d) (BuildId: b856c61f98abf0989f157f153740fe0fadfbb760)
    #8 0x7ff5c7b6091a  (/usr/lib/llvm-20/lib/libLLVM.so.20.1+0x3c4491a) (BuildId: b856c61f98abf0989f157f153740fe0fadfbb760)
    #9 0x7ff5c7b6188a  (/usr/lib/llvm-20/lib/libLLVM.so.20.1+0x3c4588a) (BuildId: b856c61f98abf0989f157f153740fe0fadfbb760)
    #10 0x7ff5c7b62b2c  (/usr/lib/llvm-20/lib/libLLVM.so.20.1+0x3c46b2c) (BuildId: b856c61f98abf0989f157f153740fe0fadfbb760)
    #11 0x55ca91648523 in llvm::Target::createTargetMachine(llvm::StringRef, llvm::StringRef, llvm::StringRef, llvm::TargetOptions const&, std::optional<llvm::Reloc::Model>, std::optional<llvm::CodeModel::Model>, llvm::CodeGenOptLevel, bool) const /usr/lib/llvm-20/include/llvm/MC/TargetRegistry.h:462:12
    #12 0x55ca9163a09e in tsc::TargetRegistry::initializeAllTargets() /workspace/src/TargetRegistry.cpp:67:41
    #13 0x55ca9162bdcd in tsc::Compiler::initializeLLVM() /workspace/src/Compiler.cpp:349:14
    #14 0x55ca9162b8b7 in tsc::Compiler::Compiler(tsc::CompilerOptions const&) /workspace/src/Compiler.cpp:24:5
    #15 0x55ca915fd7b5 in main /workspace/src/main.cpp:191:18
    #16 0x7ff5c395a337  (/lib/x86_64-linux-gnu/libc.so.6+0x2a337) (BuildId: 467f544f15035abef911999cbc14489edd0555ab)
    #17 0x7ff5c395a3fa in __libc_start_main (/lib/x86_64-linux-gnu/libc.so.6+0x2a3fa) (BuildId: 467f544f15035abef911999cbc14489edd0555ab)
    #18 0x55ca91511b64 in _start (/workspace/build-asan/tsc+0x74b64) (BuildId: 73a10d7cc646a755f705b0ae57418e68578aec2f)

Indirect leak of 112 byte(s) in 2 object(s) allocated from:
    #0 0x55ca915fa191 in operator new(unsigned long) (/workspace/build-asan/tsc+0x15d191) (BuildId: 73a10d7cc646a755f705b0ae57418e68578aec2f)
    #1 0x7ff5c59b6da2  (/usr/lib/llvm-20/lib/libLLVM.so.20.1+0x1a9ada2) (BuildId: b856c61f98abf0989f157f153740fe0fadfbb760)
    #2 0x7ff5c6f3b008  (/usr/lib/llvm-20/lib/libLLVM.so.20.1+0x301f008) (BuildId: b856c61f98abf0989f157f153740fe0fadfbb760)
    #3 0x7ff5c6f3af97  (/usr/lib/llvm-20/lib/libLLVM.so.20.1+0x301ef97) (BuildId: b856c61f98abf0989f157f153740fe0fadfbb760)
    #4 0x7ff5c6f3998b  (/usr/lib/llvm-20/lib/libLLVM.so.20.1+0x301d98b) (BuildId: b856c61f98abf0989f157f153740fe0fadfbb760)
    #5 0x7ff5c6f398a6  (/usr/lib/llvm-20/lib/libLLVM.so.20.1+0x301d8a6) (BuildId: b856c61f98abf0989f157f153740fe0fadfbb760)
    #6 0x7ff5c6f3aa71  (/usr/lib/llvm-20/lib/libLLVM.so.20.1+0x301ea71) (BuildId: b856c61f98abf0989f157f153740fe0fadfbb760)
    #7 0x7ff5c7b29d8d  (/usr/lib/llvm-20/lib/libLLVM.so.20.1+0x3c0dd8d) (BuildId: b856c61f98abf0989f157f153740fe0fadfbb760)
    #8 0x7ff5c7b6091a  (/usr/lib/llvm-20/lib/libLLVM.so.20.1+0x3c4491a) (BuildId: b856c61f98abf0989f157f153740fe0fadfbb760)
    #9 0x7ff5c7b6188a  (/usr/lib/llvm-20/lib/libLLVM.so.20.1+0x3c4588a) (BuildId: b856c61f98abf0989f157f153740fe0fadfbb760)
    #10 0x7ff5c7b62b2c  (/usr/lib/llvm-20/lib/libLLVM.so.20.1+0x3c46b2c) (BuildId: b856c61f98abf0989f157f153740fe0fadfbb760)
    #11 0x55ca91648523 in llvm::Target::createTargetMachine(llvm::StringRef, llvm::StringRef, llvm::StringRef, llvm::TargetOptions const&, std::optional<llvm::Reloc::Model>, std::optional<llvm::CodeModel::Model>, llvm::CodeGenOptLevel, bool) const /usr/lib/llvm-20/include/llvm/MC/TargetRegistry.h:462:12
    #12 0x55ca9163a09e in tsc::TargetRegistry::initializeAllTargets() /workspace/src/TargetRegistry.cpp:67:41
    #13 0x55ca9162bdcd in tsc::Compiler::initializeLLVM() /workspace/src/Compiler.cpp:349:14
    #14 0x55ca9162b8b7 in tsc::Compiler::Compiler(tsc::CompilerOptions const&) /workspace/src/Compiler.cpp:24:5
    #15 0x55ca915fd7b5 in main /workspace/src/main.cpp:191:18
    #16 0x7ff5c395a337  (/lib/x86_64-linux-gnu/libc.so.6+0x2a337) (BuildId: 467f544f15035abef911999cbc14489edd0555ab)
    #17 0x7ff5c395a3fa in __libc_start_main (/lib/x86_64-linux-gnu/libc.so.6+0x2a3fa) (BuildId: 467f544f15035abef911999cbc14489edd0555ab)
    #18 0x55ca91511b64 in _start (/workspace/build-asan/tsc+0x74b64) (BuildId: 73a10d7cc646a755f705b0ae57418e68578aec2f)

Indirect leak of 112 byte(s) in 2 object(s) allocated from:
    #0 0x55ca915fa191 in operator new(unsigned long) (/workspace/build-asan/tsc+0x15d191) (BuildId: 73a10d7cc646a755f705b0ae57418e68578aec2f)
    #1 0x7ff5c59b6da2  (/usr/lib/llvm-20/lib/libLLVM.so.20.1+0x1a9ada2) (BuildId: b856c61f98abf0989f157f153740fe0fadfbb760)
    #2 0x7ff5c6f3b039  (/usr/lib/llvm-20/lib/libLLVM.so.20.1+0x301f039) (BuildId: b856c61f98abf0989f157f153740fe0fadfbb760)
    #3 0x7ff5c6f3af97  (/usr/lib/llvm-20/lib/libLLVM.so.20.1+0x301ef97) (BuildId: b856c61f98abf0989f157f153740fe0fadfbb760)
    #4 0x7ff5c6f3998b  (/usr/lib/llvm-20/lib/libLLVM.so.20.1+0x301d98b) (BuildId: b856c61f98abf0989f157f153740fe0fadfbb760)
    #5 0x7ff5c6f398a6  (/usr/lib/llvm-20/lib/libLLVM.so.20.1+0x301d8a6) (BuildId: b856c61f98abf0989f157f153740fe0fadfbb760)
    #6 0x7ff5c6f3aa71  (/usr/lib/llvm-20/lib/libLLVM.so.20.1+0x301ea71) (BuildId: b856c61f98abf0989f157f153740fe0fadfbb760)
    #7 0x7ff5c7b29d5b  (/usr/lib/llvm-20/lib/libLLVM.so.20.1+0x3c0dd5b) (BuildId: b856c61f98abf0989f157f153740fe0fadfbb760)
    #8 0x7ff5c7b6091a  (/usr/lib/llvm-20/lib/libLLVM.so.20.1+0x3c4491a) (BuildId: b856c61f98abf0989f157f153740fe0fadfbb760)
    #9 0x7ff5c7b6188a  (/usr/lib/llvm-20/lib/libLLVM.so.20.1+0x3c4588a) (BuildId: b856c61f98abf0989f157f153740fe0fadfbb760)
    #10 0x7ff5c7b62b2c  (/usr/lib/llvm-20/lib/libLLVM.so.20.1+0x3c46b2c) (BuildId: b856c61f98abf0989f157f153740fe0fadfbb760)
    #11 0x55ca91648523 in llvm::Target::createTargetMachine(llvm::StringRef, llvm::StringRef, llvm::StringRef, llvm::TargetOptions const&, std::optional<llvm::Reloc::Model>, std::optional<llvm::CodeModel::Model>, llvm::CodeGenOptLevel, bool) const /usr/lib/llvm-20/include/llvm/MC/TargetRegistry.h:462:12
    #12 0x55ca9163a09e in tsc::TargetRegistry::initializeAllTargets() /workspace/src/TargetRegistry.cpp:67:41
    #13 0x55ca9162bdcd in tsc::Compiler::initializeLLVM() /workspace/src/Compiler.cpp:349:14
    #14 0x55ca9162b8b7 in tsc::Compiler::Compiler(tsc::CompilerOptions const&) /workspace/src/Compiler.cpp:24:5
    #15 0x55ca915fd7b5 in main /workspace/src/main.cpp:191:18
    #16 0x7ff5c395a337  (/lib/x86_64-linux-gnu/libc.so.6+0x2a337) (BuildId: 467f544f15035abef911999cbc14489edd0555ab)
    #17 0x7ff5c395a3fa in __libc_start_main (/lib/x86_64-linux-gnu/libc.so.6+0x2a3fa) (BuildId: 467f544f15035abef911999cbc14489edd0555ab)
    #18 0x55ca91511b64 in _start (/workspace/build-asan/tsc+0x74b64) (BuildId: 73a10d7cc646a755f705b0ae57418e68578aec2f)

Indirect leak of 112 byte(s) in 2 object(s) allocated from:
    #0 0x55ca915fa191 in operator new(unsigned long) (/workspace/build-asan/tsc+0x15d191) (BuildId: 73a10d7cc646a755f705b0ae57418e68578aec2f)
    #1 0x7ff5c59b6da2  (/usr/lib/llvm-20/lib/libLLVM.so.20.1+0x1a9ada2) (BuildId: b856c61f98abf0989f157f153740fe0fadfbb760)
    #2 0x7ff5c6f3b008  (/usr/lib/llvm-20/lib/libLLVM.so.20.1+0x301f008) (BuildId: b856c61f98abf0989f157f153740fe0fadfbb760)
    #3 0x7ff5c6f3af97  (/usr/lib/llvm-20/lib/libLLVM.so.20.1+0x301ef97) (BuildId: b856c61f98abf0989f157f153740fe0fadfbb760)
    #4 0x7ff5c6f3998b  (/usr/lib/llvm-20/lib/libLLVM.so.20.1+0x301d98b) (BuildId: b856c61f98abf0989f157f153740fe0fadfbb760)
    #5 0x7ff5c6f398a6  (/usr/lib/llvm-20/lib/libLLVM.so.20.1+0x301d8a6) (BuildId: b856c61f98abf0989f157f153740fe0fadfbb760)
    #6 0x7ff5c6f3aa71  (/usr/lib/llvm-20/lib/libLLVM.so.20.1+0x301ea71) (BuildId: b856c61f98abf0989f157f153740fe0fadfbb760)
    #7 0x7ff5c7b29d5b  (/usr/lib/llvm-20/lib/libLLVM.so.20.1+0x3c0dd5b) (BuildId: b856c61f98abf0989f157f153740fe0fadfbb760)
    #8 0x7ff5c7b6091a  (/usr/lib/llvm-20/lib/libLLVM.so.20.1+0x3c4491a) (BuildId: b856c61f98abf0989f157f153740fe0fadfbb760)
    #9 0x7ff5c7b6188a  (/usr/lib/llvm-20/lib/libLLVM.so.20.1+0x3c4588a) (BuildId: b856c61f98abf0989f157f153740fe0fadfbb760)
    #10 0x7ff5c7b62b2c  (/usr/lib/llvm-20/lib/libLLVM.so.20.1+0x3c46b2c) (BuildId: b856c61f98abf0989f157f153740fe0fadfbb760)
    #11 0x55ca91648523 in llvm::Target::createTargetMachine(llvm::StringRef, llvm::StringRef, llvm::StringRef, llvm::TargetOptions const&, std::optional<llvm::Reloc::Model>, std::optional<llvm::CodeModel::Model>, llvm::CodeGenOptLevel, bool) const /usr/lib/llvm-20/include/llvm/MC/TargetRegistry.h:462:12
    #12 0x55ca9163a09e in tsc::TargetRegistry::initializeAllTargets() /workspace/src/TargetRegistry.cpp:67:41
    #13 0x55ca9162bdcd in tsc::Compiler::initializeLLVM() /workspace/src/Compiler.cpp:349:14
    #14 0x55ca9162b8b7 in tsc::Compiler::Compiler(tsc::CompilerOptions const&) /workspace/src/Compiler.cpp:24:5
    #15 0x55ca915fd7b5 in main /workspace/src/main.cpp:191:18
    #16 0x7ff5c395a337  (/lib/x86_64-linux-gnu/libc.so.6+0x2a337) (BuildId: 467f544f15035abef911999cbc14489edd0555ab)
    #17 0x7ff5c395a3fa in __libc_start_main (/lib/x86_64-linux-gnu/libc.so.6+0x2a3fa) (BuildId: 467f544f15035abef911999cbc14489edd0555ab)
    #18 0x55ca91511b64 in _start (/workspace/build-asan/tsc+0x74b64) (BuildId: 73a10d7cc646a755f705b0ae57418e68578aec2f)

Indirect leak of 112 byte(s) in 2 object(s) allocated from:
    #0 0x55ca915fa191 in operator new(unsigned long) (/workspace/build-asan/tsc+0x15d191) (BuildId: 73a10d7cc646a755f705b0ae57418e68578aec2f)
    #1 0x7ff5c59b6da2  (/usr/lib/llvm-20/lib/libLLVM.so.20.1+0x1a9ada2) (BuildId: b856c61f98abf0989f157f153740fe0fadfbb760)
    #2 0x7ff5c6f3b039  (/usr/lib/llvm-20/lib/libLLVM.so.20.1+0x301f039) (BuildId: b856c61f98abf0989f157f153740fe0fadfbb760)
    #3 0x7ff5c6f3af97  (/usr/lib/llvm-20/lib/libLLVM.so.20.1+0x301ef97) (BuildId: b856c61f98abf0989f157f153740fe0fadfbb760)
    #4 0x7ff5c6f3998b  (/usr/lib/llvm-20/lib/libLLVM.so.20.1+0x301d98b) (BuildId: b856c61f98abf0989f157f153740fe0fadfbb760)
    #5 0x7ff5c6f398a6  (/usr/lib/llvm-20/lib/libLLVM.so.20.1+0x301d8a6) (BuildId: b856c61f98abf0989f157f153740fe0fadfbb760)
    #6 0x7ff5c6f3aa71  (/usr/lib/llvm-20/lib/libLLVM.so.20.1+0x301ea71) (BuildId: b856c61f98abf0989f157f153740fe0fadfbb760)
    #7 0x7ff5c7b29d0f  (/usr/lib/llvm-20/lib/libLLVM.so.20.1+0x3c0dd0f) (BuildId: b856c61f98abf0989f157f153740fe0fadfbb760)
    #8 0x7ff5c7b6091a  (/usr/lib/llvm-20/lib/libLLVM.so.20.1+0x3c4491a) (BuildId: b856c61f98abf0989f157f153740fe0fadfbb760)
    #9 0x7ff5c7b6188a  (/usr/lib/llvm-20/lib/libLLVM.so.20.1+0x3c4588a) (BuildId: b856c61f98abf0989f157f153740fe0fadfbb760)
    #10 0x7ff5c7b62b2c  (/usr/lib/llvm-20/lib/libLLVM.so.20.1+0x3c46b2c) (BuildId: b856c61f98abf0989f157f153740fe0fadfbb760)
    #11 0x55ca91648523 in llvm::Target::createTargetMachine(llvm::StringRef, llvm::StringRef, llvm::StringRef, llvm::TargetOptions const&, std::optional<llvm::Reloc::Model>, std::optional<llvm::CodeModel::Model>, llvm::CodeGenOptLevel, bool) const /usr/lib/llvm-20/include/llvm/MC/TargetRegistry.h:462:12
    #12 0x55ca9163a09e in tsc::TargetRegistry::initializeAllTargets() /workspace/src/TargetRegistry.cpp:67:41
    #13 0x55ca9162bdcd in tsc::Compiler::initializeLLVM() /workspace/src/Compiler.cpp:349:14
    #14 0x55ca9162b8b7 in tsc::Compiler::Compiler(tsc::CompilerOptions const&) /workspace/src/Compiler.cpp:24:5
    #15 0x55ca915fd7b5 in main /workspace/src/main.cpp:191:18
    #16 0x7ff5c395a337  (/lib/x86_64-linux-gnu/libc.so.6+0x2a337) (BuildId: 467f544f15035abef911999cbc14489edd0555ab)
    #17 0x7ff5c395a3fa in __libc_start_main (/lib/x86_64-linux-gnu/libc.so.6+0x2a3fa) (BuildId: 467f544f15035abef911999cbc14489edd0555ab)
    #18 0x55ca91511b64 in _start (/workspace/build-asan/tsc+0x74b64) (BuildId: 73a10d7cc646a755f705b0ae57418e68578aec2f)

Indirect leak of 112 byte(s) in 2 object(s) allocated from:
    #0 0x55ca915fa191 in operator new(unsigned long) (/workspace/build-asan/tsc+0x15d191) (BuildId: 73a10d7cc646a755f705b0ae57418e68578aec2f)
    #1 0x7ff5c59b6da2  (/usr/lib/llvm-20/lib/libLLVM.so.20.1+0x1a9ada2) (BuildId: b856c61f98abf0989f157f153740fe0fadfbb760)
    #2 0x7ff5c6f3b008  (/usr/lib/llvm-20/lib/libLLVM.so.20.1+0x301f008) (BuildId: b856c61f98abf0989f157f153740fe0fadfbb760)
    #3 0x7ff5c6f3af97  (/usr/lib/llvm-20/lib/libLLVM.so.20.1+0x301ef97) (BuildId: b856c61f98abf0989f157f153740fe0fadfbb760)
    #4 0x7ff5c6f3998b  (/usr/lib/llvm-20/lib/libLLVM.so.20.1+0x301d98b) (BuildId: b856c61f98abf0989f157f153740fe0fadfbb760)
    #5 0x7ff5c6f398a6  (/usr/lib/llvm-20/lib/libLLVM.so.20.1+0x301d8a6) (BuildId: b856c61f98abf0989f157f153740fe0fadfbb760)
    #6 0x7ff5c6f3aa71  (/usr/lib/llvm-20/lib/libLLVM.so.20.1+0x301ea71) (BuildId: b856c61f98abf0989f157f153740fe0fadfbb760)
    #7 0x7ff5c7b29d0f  (/usr/lib/llvm-20/lib/libLLVM.so.20.1+0x3c0dd0f) (BuildId: b856c61f98abf0989f157f153740fe0fadfbb760)
    #8 0x7ff5c7b6091a  (/usr/lib/llvm-20/lib/libLLVM.so.20.1+0x3c4491a) (BuildId: b856c61f98abf0989f157f153740fe0fadfbb760)
    #9 0x7ff5c7b6188a  (/usr/lib/llvm-20/lib/libLLVM.so.20.1+0x3c4588a) (BuildId: b856c61f98abf0989f157f153740fe0fadfbb760)
    #10 0x7ff5c7b62b2c  (/usr/lib/llvm-20/lib/libLLVM.so.20.1+0x3c46b2c) (BuildId: b856c61f98abf0989f157f153740fe0fadfbb760)
    #11 0x55ca91648523 in llvm::Target::createTargetMachine(llvm::StringRef, llvm::StringRef, llvm::StringRef, llvm::TargetOptions const&, std::optional<llvm::Reloc::Model>, std::optional<llvm::CodeModel::Model>, llvm::CodeGenOptLevel, bool) const /usr/lib/llvm-20/include/llvm/MC/TargetRegistry.h:462:12
    #12 0x55ca9163a09e in tsc::TargetRegistry::initializeAllTargets() /workspace/src/TargetRegistry.cpp:67:41
    #13 0x55ca9162bdcd in tsc::Compiler::initializeLLVM() /workspace/src/Compiler.cpp:349:14
    #14 0x55ca9162b8b7 in tsc::Compiler::Compiler(tsc::CompilerOptions const&) /workspace/src/Compiler.cpp:24:5
    #15 0x55ca915fd7b5 in main /workspace/src/main.cpp:191:18
    #16 0x7ff5c395a337  (/lib/x86_64-linux-gnu/libc.so.6+0x2a337) (BuildId: 467f544f15035abef911999cbc14489edd0555ab)
    #17 0x7ff5c395a3fa in __libc_start_main (/lib/x86_64-linux-gnu/libc.so.6+0x2a3fa) (BuildId: 467f544f15035abef911999cbc14489edd0555ab)
    #18 0x55ca91511b64 in _start (/workspace/build-asan/tsc+0x74b64) (BuildId: 73a10d7cc646a755f705b0ae57418e68578aec2f)

Indirect leak of 112 byte(s) in 2 object(s) allocated from:
    #0 0x55ca915fa191 in operator new(unsigned long) (/workspace/build-asan/tsc+0x15d191) (BuildId: 73a10d7cc646a755f705b0ae57418e68578aec2f)
    #1 0x7ff5c59b6da2  (/usr/lib/llvm-20/lib/libLLVM.so.20.1+0x1a9ada2) (BuildId: b856c61f98abf0989f157f153740fe0fadfbb760)
    #2 0x7ff5c6f3b039  (/usr/lib/llvm-20/lib/libLLVM.so.20.1+0x301f039) (BuildId: b856c61f98abf0989f157f153740fe0fadfbb760)
    #3 0x7ff5c6f3af97  (/usr/lib/llvm-20/lib/libLLVM.so.20.1+0x301ef97) (BuildId: b856c61f98abf0989f157f153740fe0fadfbb760)
    #4 0x7ff5c6f3998b  (/usr/lib/llvm-20/lib/libLLVM.so.20.1+0x301d98b) (BuildId: b856c61f98abf0989f157f153740fe0fadfbb760)
    #5 0x7ff5c6f398a6  (/usr/lib/llvm-20/lib/libLLVM.so.20.1+0x301d8a6) (BuildId: b856c61f98abf0989f157f153740fe0fadfbb760)
    #6 0x7ff5c6f3aa71  (/usr/lib/llvm-20/lib/libLLVM.so.20.1+0x301ea71) (BuildId: b856c61f98abf0989f157f153740fe0fadfbb760)
    #7 0x7ff5c7b29cdd  (/usr/lib/llvm-20/lib/libLLVM.so.20.1+0x3c0dcdd) (BuildId: b856c61f98abf0989f157f153740fe0fadfbb760)
    #8 0x7ff5c7b6091a  (/usr/lib/llvm-20/lib/libLLVM.so.20.1+0x3c4491a) (BuildId: b856c61f98abf0989f157f153740fe0fadfbb760)
    #9 0x7ff5c7b6188a  (/usr/lib/llvm-20/lib/libLLVM.so.20.1+0x3c4588a) (BuildId: b856c61f98abf0989f157f153740fe0fadfbb760)
    #10 0x7ff5c7b62b2c  (/usr/lib/llvm-20/lib/libLLVM.so.20.1+0x3c46b2c) (BuildId: b856c61f98abf0989f157f153740fe0fadfbb760)
    #11 0x55ca91648523 in llvm::Target::createTargetMachine(llvm::StringRef, llvm::StringRef, llvm::StringRef, llvm::TargetOptions const&, std::optional<llvm::Reloc::Model>, std::optional<llvm::CodeModel::Model>, llvm::CodeGenOptLevel, bool) const /usr/lib/llvm-20/include/llvm/MC/TargetRegistry.h:462:12
    #12 0x55ca9163a09e in tsc::TargetRegistry::initializeAllTargets() /workspace/src/TargetRegistry.cpp:67:41
    #13 0x55ca9162bdcd in tsc::Compiler::initializeLLVM() /workspace/src/Compiler.cpp:349:14
    #14 0x55ca9162b8b7 in tsc::Compiler::Compiler(tsc::CompilerOptions const&) /workspace/src/Compiler.cpp:24:5
    #15 0x55ca915fd7b5 in main /workspace/src/main.cpp:191:18
    #16 0x7ff5c395a337  (/lib/x86_64-linux-gnu/libc.so.6+0x2a337) (BuildId: 467f544f15035abef911999cbc14489edd0555ab)
    #17 0x7ff5c395a3fa in __libc_start_main (/lib/x86_64-linux-gnu/libc.so.6+0x2a3fa) (BuildId: 467f544f15035abef911999cbc14489edd0555ab)
    #18 0x55ca91511b64 in _start (/workspace/build-asan/tsc+0x74b64) (BuildId: 73a10d7cc646a755f705b0ae57418e68578aec2f)

Indirect leak of 112 byte(s) in 2 object(s) allocated from:
    #0 0x55ca915fa191 in operator new(unsigned long) (/workspace/build-asan/tsc+0x15d191) (BuildId: 73a10d7cc646a755f705b0ae57418e68578aec2f)
    #1 0x7ff5c59b6da2  (/usr/lib/llvm-20/lib/libLLVM.so.20.1+0x1a9ada2) (BuildId: b856c61f98abf0989f157f153740fe0fadfbb760)
    #2 0x7ff5c6f3b008  (/usr/lib/llvm-20/lib/libLLVM.so.20.1+0x301f008) (BuildId: b856c61f98abf0989f157f153740fe0fadfbb760)
    #3 0x7ff5c6f3af97  (/usr/lib/llvm-20/lib/libLLVM.so.20.1+0x301ef97) (BuildId: b856c61f98abf0989f157f153740fe0fadfbb760)
    #4 0x7ff5c6f3998b  (/usr/lib/llvm-20/lib/libLLVM.so.20.1+0x301d98b) (BuildId: b856c61f98abf0989f157f153740fe0fadfbb760)
    #5 0x7ff5c6f398a6  (/usr/lib/llvm-20/lib/libLLVM.so.20.1+0x301d8a6) (BuildId: b856c61f98abf0989f157f153740fe0fadfbb760)
    #6 0x7ff5c6f3aa71  (/usr/lib/llvm-20/lib/libLLVM.so.20.1+0x301ea71) (BuildId: b856c61f98abf0989f157f153740fe0fadfbb760)
    #7 0x7ff5c7b29cdd  (/usr/lib/llvm-20/lib/libLLVM.so.20.1+0x3c0dcdd) (BuildId: b856c61f98abf0989f157f153740fe0fadfbb760)
    #8 0x7ff5c7b6091a  (/usr/lib/llvm-20/lib/libLLVM.so.20.1+0x3c4491a) (BuildId: b856c61f98abf0989f157f153740fe0fadfbb760)
    #9 0x7ff5c7b6188a  (/usr/lib/llvm-20/lib/libLLVM.so.20.1+0x3c4588a) (BuildId: b856c61f98abf0989f157f153740fe0fadfbb760)
    #10 0x7ff5c7b62b2c  (/usr/lib/llvm-20/lib/libLLVM.so.20.1+0x3c46b2c) (BuildId: b856c61f98abf0989f157f153740fe0fadfbb760)
    #11 0x55ca91648523 in llvm::Target::createTargetMachine(llvm::StringRef, llvm::StringRef, llvm::StringRef, llvm::TargetOptions const&, std::optional<llvm::Reloc::Model>, std::optional<llvm::CodeModel::Model>, llvm::CodeGenOptLevel, bool) const /usr/lib/llvm-20/include/llvm/MC/TargetRegistry.h:462:12
    #12 0x55ca9163a09e in tsc::TargetRegistry::initializeAllTargets() /workspace/src/TargetRegistry.cpp:67:41
    #13 0x55ca9162bdcd in tsc::Compiler::initializeLLVM() /workspace/src/Compiler.cpp:349:14
    #14 0x55ca9162b8b7 in tsc::Compiler::Compiler(tsc::CompilerOptions const&) /workspace/src/Compiler.cpp:24:5
    #15 0x55ca915fd7b5 in main /workspace/src/main.cpp:191:18
    #16 0x7ff5c395a337  (/lib/x86_64-linux-gnu/libc.so.6+0x2a337) (BuildId: 467f544f15035abef911999cbc14489edd0555ab)
    #17 0x7ff5c395a3fa in __libc_start_main (/lib/x86_64-linux-gnu/libc.so.6+0x2a3fa) (BuildId: 467f544f15035abef911999cbc14489edd0555ab)
    #18 0x55ca91511b64 in _start (/workspace/build-asan/tsc+0x74b64) (BuildId: 73a10d7cc646a755f705b0ae57418e68578aec2f)

Indirect leak of 112 byte(s) in 2 object(s) allocated from:
    #0 0x55ca915fa191 in operator new(unsigned long) (/workspace/build-asan/tsc+0x15d191) (BuildId: 73a10d7cc646a755f705b0ae57418e68578aec2f)
    #1 0x7ff5c59b6da2  (/usr/lib/llvm-20/lib/libLLVM.so.20.1+0x1a9ada2) (BuildId: b856c61f98abf0989f157f153740fe0fadfbb760)
    #2 0x7ff5c6f3b039  (/usr/lib/llvm-20/lib/libLLVM.so.20.1+0x301f039) (BuildId: b856c61f98abf0989f157f153740fe0fadfbb760)
    #3 0x7ff5c6f3af97  (/usr/lib/llvm-20/lib/libLLVM.so.20.1+0x301ef97) (BuildId: b856c61f98abf0989f157f153740fe0fadfbb760)
    #4 0x7ff5c6f3998b  (/usr/lib/llvm-20/lib/libLLVM.so.20.1+0x301d98b) (BuildId: b856c61f98abf0989f157f153740fe0fadfbb760)
    #5 0x7ff5c6f398a6  (/usr/lib/llvm-20/lib/libLLVM.so.20.1+0x301d8a6) (BuildId: b856c61f98abf0989f157f153740fe0fadfbb760)
    #6 0x7ff5c6f3aa71  (/usr/lib/llvm-20/lib/libLLVM.so.20.1+0x301ea71) (BuildId: b856c61f98abf0989f157f153740fe0fadfbb760)
    #7 0x7ff5c7b29c8e  (/usr/lib/llvm-20/lib/libLLVM.so.20.1+0x3c0dc8e) (BuildId: b856c61f98abf0989f157f153740fe0fadfbb760)
    #8 0x7ff5c7b6091a  (/usr/lib/llvm-20/lib/libLLVM.so.20.1+0x3c4491a) (BuildId: b856c61f98abf0989f157f153740fe0fadfbb760)
    #9 0x7ff5c7b6188a  (/usr/lib/llvm-20/lib/libLLVM.so.20.1+0x3c4588a) (BuildId: b856c61f98abf0989f157f153740fe0fadfbb760)
    #10 0x7ff5c7b62b2c  (/usr/lib/llvm-20/lib/libLLVM.so.20.1+0x3c46b2c) (BuildId: b856c61f98abf0989f157f153740fe0fadfbb760)
    #11 0x55ca91648523 in llvm::Target::createTargetMachine(llvm::StringRef, llvm::StringRef, llvm::StringRef, llvm::TargetOptions const&, std::optional<llvm::Reloc::Model>, std::optional<llvm::CodeModel::Model>, llvm::CodeGenOptLevel, bool) const /usr/lib/llvm-20/include/llvm/MC/TargetRegistry.h:462:12
    #12 0x55ca9163a09e in tsc::TargetRegistry::initializeAllTargets() /workspace/src/TargetRegistry.cpp:67:41
    #13 0x55ca9162bdcd in tsc::Compiler::initializeLLVM() /workspace/src/Compiler.cpp:349:14
    #14 0x55ca9162b8b7 in tsc::Compiler::Compiler(tsc::CompilerOptions const&) /workspace/src/Compiler.cpp:24:5
    #15 0x55ca915fd7b5 in main /workspace/src/main.cpp:191:18
    #16 0x7ff5c395a337  (/lib/x86_64-linux-gnu/libc.so.6+0x2a337) (BuildId: 467f544f15035abef911999cbc14489edd0555ab)
    #17 0x7ff5c395a3fa in __libc_start_main (/lib/x86_64-linux-gnu/libc.so.6+0x2a3fa) (BuildId: 467f544f15035abef911999cbc14489edd0555ab)
    #18 0x55ca91511b64 in _start (/workspace/build-asan/tsc+0x74b64) (BuildId: 73a10d7cc646a755f705b0ae57418e68578aec2f)

Indirect leak of 112 byte(s) in 2 object(s) allocated from:
    #0 0x55ca915fa191 in operator new(unsigned long) (/workspace/build-asan/tsc+0x15d191) (BuildId: 73a10d7cc646a755f705b0ae57418e68578aec2f)
    #1 0x7ff5c59b6da2  (/usr/lib/llvm-20/lib/libLLVM.so.20.1+0x1a9ada2) (BuildId: b856c61f98abf0989f157f153740fe0fadfbb760)
    #2 0x7ff5c6f3b008  (/usr/lib/llvm-20/lib/libLLVM.so.20.1+0x301f008) (BuildId: b856c61f98abf0989f157f153740fe0fadfbb760)
    #3 0x7ff5c6f3af97  (/usr/lib/llvm-20/lib/libLLVM.so.20.1+0x301ef97) (BuildId: b856c61f98abf0989f157f153740fe0fadfbb760)
    #4 0x7ff5c6f3998b  (/usr/lib/llvm-20/lib/libLLVM.so.20.1+0x301d98b) (BuildId: b856c61f98abf0989f157f153740fe0fadfbb760)
    #5 0x7ff5c6f398a6  (/usr/lib/llvm-20/lib/libLLVM.so.20.1+0x301d8a6) (BuildId: b856c61f98abf0989f157f153740fe0fadfbb760)
    #6 0x7ff5c6f3aa71  (/usr/lib/llvm-20/lib/libLLVM.so.20.1+0x301ea71) (BuildId: b856c61f98abf0989f157f153740fe0fadfbb760)
    #7 0x7ff5c7b29c8e  (/usr/lib/llvm-20/lib/libLLVM.so.20.1+0x3c0dc8e) (BuildId: b856c61f98abf0989f157f153740fe0fadfbb760)
    #8 0x7ff5c7b6091a  (/usr/lib/llvm-20/lib/libLLVM.so.20.1+0x3c4491a) (BuildId: b856c61f98abf0989f157f153740fe0fadfbb760)
    #9 0x7ff5c7b6188a  (/usr/lib/llvm-20/lib/libLLVM.so.20.1+0x3c4588a) (BuildId: b856c61f98abf0989f157f153740fe0fadfbb760)
    #10 0x7ff5c7b62b2c  (/usr/lib/llvm-20/lib/libLLVM.so.20.1+0x3c46b2c) (BuildId: b856c61f98abf0989f157f153740fe0fadfbb760)
    #11 0x55ca91648523 in llvm::Target::createTargetMachine(llvm::StringRef, llvm::StringRef, llvm::StringRef, llvm::TargetOptions const&, std::optional<llvm::Reloc::Model>, std::optional<llvm::CodeModel::Model>, llvm::CodeGenOptLevel, bool) const /usr/lib/llvm-20/include/llvm/MC/TargetRegistry.h:462:12
    #12 0x55ca9163a09e in tsc::TargetRegistry::initializeAllTargets() /workspace/src/TargetRegistry.cpp:67:41
    #13 0x55ca9162bdcd in tsc::Compiler::initializeLLVM() /workspace/src/Compiler.cpp:349:14
    #14 0x55ca9162b8b7 in tsc::Compiler::Compiler(tsc::CompilerOptions const&) /workspace/src/Compiler.cpp:24:5
    #15 0x55ca915fd7b5 in main /workspace/src/main.cpp:191:18
    #16 0x7ff5c395a337  (/lib/x86_64-linux-gnu/libc.so.6+0x2a337) (BuildId: 467f544f15035abef911999cbc14489edd0555ab)
    #17 0x7ff5c395a3fa in __libc_start_main (/lib/x86_64-linux-gnu/libc.so.6+0x2a3fa) (BuildId: 467f544f15035abef911999cbc14489edd0555ab)
    #18 0x55ca91511b64 in _start (/workspace/build-asan/tsc+0x74b64) (BuildId: 73a10d7cc646a755f705b0ae57418e68578aec2f)

Indirect leak of 112 byte(s) in 2 object(s) allocated from:
    #0 0x55ca915fa191 in operator new(unsigned long) (/workspace/build-asan/tsc+0x15d191) (BuildId: 73a10d7cc646a755f705b0ae57418e68578aec2f)
    #1 0x7ff5c59b6da2  (/usr/lib/llvm-20/lib/libLLVM.so.20.1+0x1a9ada2) (BuildId: b856c61f98abf0989f157f153740fe0fadfbb760)
    #2 0x7ff5c6f3b039  (/usr/lib/llvm-20/lib/libLLVM.so.20.1+0x301f039) (BuildId: b856c61f98abf0989f157f153740fe0fadfbb760)
    #3 0x7ff5c6f3af97  (/usr/lib/llvm-20/lib/libLLVM.so.20.1+0x301ef97) (BuildId: b856c61f98abf0989f157f153740fe0fadfbb760)
    #4 0x7ff5c6f3998b  (/usr/lib/llvm-20/lib/libLLVM.so.20.1+0x301d98b) (BuildId: b856c61f98abf0989f157f153740fe0fadfbb760)
    #5 0x7ff5c6f398a6  (/usr/lib/llvm-20/lib/libLLVM.so.20.1+0x301d8a6) (BuildId: b856c61f98abf0989f157f153740fe0fadfbb760)
    #6 0x7ff5c6f3aa71  (/usr/lib/llvm-20/lib/libLLVM.so.20.1+0x301ea71) (BuildId: b856c61f98abf0989f157f153740fe0fadfbb760)
    #7 0x7ff5c7b29c5c  (/usr/lib/llvm-20/lib/libLLVM.so.20.1+0x3c0dc5c) (BuildId: b856c61f98abf0989f157f153740fe0fadfbb760)
    #8 0x7ff5c7b6091a  (/usr/lib/llvm-20/lib/libLLVM.so.20.1+0x3c4491a) (BuildId: b856c61f98abf0989f157f153740fe0fadfbb760)
    #9 0x7ff5c7b6188a  (/usr/lib/llvm-20/lib/libLLVM.so.20.1+0x3c4588a) (BuildId: b856c61f98abf0989f157f153740fe0fadfbb760)
    #10 0x7ff5c7b62b2c  (/usr/lib/llvm-20/lib/libLLVM.so.20.1+0x3c46b2c) (BuildId: b856c61f98abf0989f157f153740fe0fadfbb760)
    #11 0x55ca91648523 in llvm::Target::createTargetMachine(llvm::StringRef, llvm::StringRef, llvm::StringRef, llvm::TargetOptions const&, std::optional<llvm::Reloc::Model>, std::optional<llvm::CodeModel::Model>, llvm::CodeGenOptLevel, bool) const /usr/lib/llvm-20/include/llvm/MC/TargetRegistry.h:462:12
    #12 0x55ca9163a09e in tsc::TargetRegistry::initializeAllTargets() /workspace/src/TargetRegistry.cpp:67:41
    #13 0x55ca9162bdcd in tsc::Compiler::initializeLLVM() /workspace/src/Compiler.cpp:349:14
    #14 0x55ca9162b8b7 in tsc::Compiler::Compiler(tsc::CompilerOptions const&) /workspace/src/Compiler.cpp:24:5
    #15 0x55ca915fd7b5 in main /workspace/src/main.cpp:191:18
    #16 0x7ff5c395a337  (/lib/x86_64-linux-gnu/libc.so.6+0x2a337) (BuildId: 467f544f15035abef911999cbc14489edd0555ab)
    #17 0x7ff5c395a3fa in __libc_start_main (/lib/x86_64-linux-gnu/libc.so.6+0x2a3fa) (BuildId: 467f544f15035abef911999cbc14489edd0555ab)
    #18 0x55ca91511b64 in _start (/workspace/build-asan/tsc+0x74b64) (BuildId: 73a10d7cc646a755f705b0ae57418e68578aec2f)

Indirect leak of 112 byte(s) in 2 object(s) allocated from:
    #0 0x55ca915fa191 in operator new(unsigned long) (/workspace/build-asan/tsc+0x15d191) (BuildId: 73a10d7cc646a755f705b0ae57418e68578aec2f)
    #1 0x7ff5c59b6da2  (/usr/lib/llvm-20/lib/libLLVM.so.20.1+0x1a9ada2) (BuildId: b856c61f98abf0989f157f153740fe0fadfbb760)
    #2 0x7ff5c6f3b008  (/usr/lib/llvm-20/lib/libLLVM.so.20.1+0x301f008) (BuildId: b856c61f98abf0989f157f153740fe0fadfbb760)
    #3 0x7ff5c6f3af97  (/usr/lib/llvm-20/lib/libLLVM.so.20.1+0x301ef97) (BuildId: b856c61f98abf0989f157f153740fe0fadfbb760)
    #4 0x7ff5c6f3998b  (/usr/lib/llvm-20/lib/libLLVM.so.20.1+0x301d98b) (BuildId: b856c61f98abf0989f157f153740fe0fadfbb760)
    #5 0x7ff5c6f398a6  (/usr/lib/llvm-20/lib/libLLVM.so.20.1+0x301d8a6) (BuildId: b856c61f98abf0989f157f153740fe0fadfbb760)
    #6 0x7ff5c6f3aa71  (/usr/lib/llvm-20/lib/libLLVM.so.20.1+0x301ea71) (BuildId: b856c61f98abf0989f157f153740fe0fadfbb760)
    #7 0x7ff5c7b29c5c  (/usr/lib/llvm-20/lib/libLLVM.so.20.1+0x3c0dc5c) (BuildId: b856c61f98abf0989f157f153740fe0fadfbb760)
    #8 0x7ff5c7b6091a  (/usr/lib/llvm-20/lib/libLLVM.so.20.1+0x3c4491a) (BuildId: b856c61f98abf0989f157f153740fe0fadfbb760)
    #9 0x7ff5c7b6188a  (/usr/lib/llvm-20/lib/libLLVM.so.20.1+0x3c4588a) (BuildId: b856c61f98abf0989f157f153740fe0fadfbb760)
    #10 0x7ff5c7b62b2c  (/usr/lib/llvm-20/lib/libLLVM.so.20.1+0x3c46b2c) (BuildId: b856c61f98abf0989f157f153740fe0fadfbb760)
    #11 0x55ca91648523 in llvm::Target::createTargetMachine(llvm::StringRef, llvm::StringRef, llvm::StringRef, llvm::TargetOptions const&, std::optional<llvm::Reloc::Model>, std::optional<llvm::CodeModel::Model>, llvm::CodeGenOptLevel, bool) const /usr/lib/llvm-20/include/llvm/MC/TargetRegistry.h:462:12
    #12 0x55ca9163a09e in tsc::TargetRegistry::initializeAllTargets() /workspace/src/TargetRegistry.cpp:67:41
    #13 0x55ca9162bdcd in tsc::Compiler::initializeLLVM() /workspace/src/Compiler.cpp:349:14
    #14 0x55ca9162b8b7 in tsc::Compiler::Compiler(tsc::CompilerOptions const&) /workspace/src/Compiler.cpp:24:5
    #15 0x55ca915fd7b5 in main /workspace/src/main.cpp:191:18
    #16 0x7ff5c395a337  (/lib/x86_64-linux-gnu/libc.so.6+0x2a337) (BuildId: 467f544f15035abef911999cbc14489edd0555ab)
    #17 0x7ff5c395a3fa in __libc_start_main (/lib/x86_64-linux-gnu/libc.so.6+0x2a3fa) (BuildId: 467f544f15035abef911999cbc14489edd0555ab)
    #18 0x55ca91511b64 in _start (/workspace/build-asan/tsc+0x74b64) (BuildId: 73a10d7cc646a755f705b0ae57418e68578aec2f)

Indirect leak of 112 byte(s) in 2 object(s) allocated from:
    #0 0x55ca915fa191 in operator new(unsigned long) (/workspace/build-asan/tsc+0x15d191) (BuildId: 73a10d7cc646a755f705b0ae57418e68578aec2f)
    #1 0x7ff5c59b6da2  (/usr/lib/llvm-20/lib/libLLVM.so.20.1+0x1a9ada2) (BuildId: b856c61f98abf0989f157f153740fe0fadfbb760)
    #2 0x7ff5c6f3998b  (/usr/lib/llvm-20/lib/libLLVM.so.20.1+0x301d98b) (BuildId: b856c61f98abf0989f157f153740fe0fadfbb760)
    #3 0x7ff5c6f398a6  (/usr/lib/llvm-20/lib/libLLVM.so.20.1+0x301d8a6) (BuildId: b856c61f98abf0989f157f153740fe0fadfbb760)
    #4 0x7ff5c7b29b2c  (/usr/lib/llvm-20/lib/libLLVM.so.20.1+0x3c0db2c) (BuildId: b856c61f98abf0989f157f153740fe0fadfbb760)
    #5 0x7ff5c7b6091a  (/usr/lib/llvm-20/lib/libLLVM.so.20.1+0x3c4491a) (BuildId: b856c61f98abf0989f157f153740fe0fadfbb760)
    #6 0x7ff5c7b6188a  (/usr/lib/llvm-20/lib/libLLVM.so.20.1+0x3c4588a) (BuildId: b856c61f98abf0989f157f153740fe0fadfbb760)
    #7 0x7ff5c7b62b2c  (/usr/lib/llvm-20/lib/libLLVM.so.20.1+0x3c46b2c) (BuildId: b856c61f98abf0989f157f153740fe0fadfbb760)
    #8 0x55ca91648523 in llvm::Target::createTargetMachine(llvm::StringRef, llvm::StringRef, llvm::StringRef, llvm::TargetOptions const&, std::optional<llvm::Reloc::Model>, std::optional<llvm::CodeModel::Model>, llvm::CodeGenOptLevel, bool) const /usr/lib/llvm-20/include/llvm/MC/TargetRegistry.h:462:12
    #9 0x55ca9163a09e in tsc::TargetRegistry::initializeAllTargets() /workspace/src/TargetRegistry.cpp:67:41
    #10 0x55ca9162bdcd in tsc::Compiler::initializeLLVM() /workspace/src/Compiler.cpp:349:14
    #11 0x55ca9162b8b7 in tsc::Compiler::Compiler(tsc::CompilerOptions const&) /workspace/src/Compiler.cpp:24:5
    #12 0x55ca915fd7b5 in main /workspace/src/main.cpp:191:18
    #13 0x7ff5c395a337  (/lib/x86_64-linux-gnu/libc.so.6+0x2a337) (BuildId: 467f544f15035abef911999cbc14489edd0555ab)
    #14 0x7ff5c395a3fa in __libc_start_main (/lib/x86_64-linux-gnu/libc.so.6+0x2a3fa) (BuildId: 467f544f15035abef911999cbc14489edd0555ab)
    #15 0x55ca91511b64 in _start (/workspace/build-asan/tsc+0x74b64) (BuildId: 73a10d7cc646a755f705b0ae57418e68578aec2f)

Indirect leak of 112 byte(s) in 2 object(s) allocated from:
    #0 0x55ca915fa191 in operator new(unsigned long) (/workspace/build-asan/tsc+0x15d191) (BuildId: 73a10d7cc646a755f705b0ae57418e68578aec2f)
    #1 0x7ff5c7b2bb3b  (/usr/lib/llvm-20/lib/libLLVM.so.20.1+0x3c0fb3b) (BuildId: b856c61f98abf0989f157f153740fe0fadfbb760)
    #2 0x7ff5c6f3998b  (/usr/lib/llvm-20/lib/libLLVM.so.20.1+0x301d98b) (BuildId: b856c61f98abf0989f157f153740fe0fadfbb760)
    #3 0x7ff5c6f398a6  (/usr/lib/llvm-20/lib/libLLVM.so.20.1+0x301d8a6) (BuildId: b856c61f98abf0989f157f153740fe0fadfbb760)
    #4 0x7ff5c7b29a27  (/usr/lib/llvm-20/lib/libLLVM.so.20.1+0x3c0da27) (BuildId: b856c61f98abf0989f157f153740fe0fadfbb760)
    #5 0x7ff5c7b6091a  (/usr/lib/llvm-20/lib/libLLVM.so.20.1+0x3c4491a) (BuildId: b856c61f98abf0989f157f153740fe0fadfbb760)
    #6 0x7ff5c7b6188a  (/usr/lib/llvm-20/lib/libLLVM.so.20.1+0x3c4588a) (BuildId: b856c61f98abf0989f157f153740fe0fadfbb760)
    #7 0x7ff5c7b62b2c  (/usr/lib/llvm-20/lib/libLLVM.so.20.1+0x3c46b2c) (BuildId: b856c61f98abf0989f157f153740fe0fadfbb760)
    #8 0x55ca91648523 in llvm::Target::createTargetMachine(llvm::StringRef, llvm::StringRef, llvm::StringRef, llvm::TargetOptions const&, std::optional<llvm::Reloc::Model>, std::optional<llvm::CodeModel::Model>, llvm::CodeGenOptLevel, bool) const /usr/lib/llvm-20/include/llvm/MC/TargetRegistry.h:462:12
    #9 0x55ca9163a09e in tsc::TargetRegistry::initializeAllTargets() /workspace/src/TargetRegistry.cpp:67:41
    #10 0x55ca9162bdcd in tsc::Compiler::initializeLLVM() /workspace/src/Compiler.cpp:349:14
    #11 0x55ca9162b8b7 in tsc::Compiler::Compiler(tsc::CompilerOptions const&) /workspace/src/Compiler.cpp:24:5
    #12 0x55ca915fd7b5 in main /workspace/src/main.cpp:191:18
    #13 0x7ff5c395a337  (/lib/x86_64-linux-gnu/libc.so.6+0x2a337) (BuildId: 467f544f15035abef911999cbc14489edd0555ab)
    #14 0x7ff5c395a3fa in __libc_start_main (/lib/x86_64-linux-gnu/libc.so.6+0x2a3fa) (BuildId: 467f544f15035abef911999cbc14489edd0555ab)
    #15 0x55ca91511b64 in _start (/workspace/build-asan/tsc+0x74b64) (BuildId: 73a10d7cc646a755f705b0ae57418e68578aec2f)

Indirect leak of 112 byte(s) in 2 object(s) allocated from:
    #0 0x55ca915fa191 in operator new(unsigned long) (/workspace/build-asan/tsc+0x15d191) (BuildId: 73a10d7cc646a755f705b0ae57418e68578aec2f)
    #1 0x7ff5c59b6da2  (/usr/lib/llvm-20/lib/libLLVM.so.20.1+0x1a9ada2) (BuildId: b856c61f98abf0989f157f153740fe0fadfbb760)
    #2 0x7ff5c6f3998b  (/usr/lib/llvm-20/lib/libLLVM.so.20.1+0x301d98b) (BuildId: b856c61f98abf0989f157f153740fe0fadfbb760)
    #3 0x7ff5c6f398a6  (/usr/lib/llvm-20/lib/libLLVM.so.20.1+0x301d8a6) (BuildId: b856c61f98abf0989f157f153740fe0fadfbb760)
    #4 0x7ff5c7b2991e  (/usr/lib/llvm-20/lib/libLLVM.so.20.1+0x3c0d91e) (BuildId: b856c61f98abf0989f157f153740fe0fadfbb760)
    #5 0x7ff5c7b6091a  (/usr/lib/llvm-20/lib/libLLVM.so.20.1+0x3c4491a) (BuildId: b856c61f98abf0989f157f153740fe0fadfbb760)
    #6 0x7ff5c7b6188a  (/usr/lib/llvm-20/lib/libLLVM.so.20.1+0x3c4588a) (BuildId: b856c61f98abf0989f157f153740fe0fadfbb760)
    #7 0x7ff5c7b62b2c  (/usr/lib/llvm-20/lib/libLLVM.so.20.1+0x3c46b2c) (BuildId: b856c61f98abf0989f157f153740fe0fadfbb760)
    #8 0x55ca91648523 in llvm::Target::createTargetMachine(llvm::StringRef, llvm::StringRef, llvm::StringRef, llvm::TargetOptions const&, std::optional<llvm::Reloc::Model>, std::optional<llvm::CodeModel::Model>, llvm::CodeGenOptLevel, bool) const /usr/lib/llvm-20/include/llvm/MC/TargetRegistry.h:462:12
    #9 0x55ca9163a09e in tsc::TargetRegistry::initializeAllTargets() /workspace/src/TargetRegistry.cpp:67:41
    #10 0x55ca9162bdcd in tsc::Compiler::initializeLLVM() /workspace/src/Compiler.cpp:349:14
    #11 0x55ca9162b8b7 in tsc::Compiler::Compiler(tsc::CompilerOptions const&) /workspace/src/Compiler.cpp:24:5
    #12 0x55ca915fd7b5 in main /workspace/src/main.cpp:191:18
    #13 0x7ff5c395a337  (/lib/x86_64-linux-gnu/libc.so.6+0x2a337) (BuildId: 467f544f15035abef911999cbc14489edd0555ab)
    #14 0x7ff5c395a3fa in __libc_start_main (/lib/x86_64-linux-gnu/libc.so.6+0x2a3fa) (BuildId: 467f544f15035abef911999cbc14489edd0555ab)
    #15 0x55ca91511b64 in _start (/workspace/build-asan/tsc+0x74b64) (BuildId: 73a10d7cc646a755f705b0ae57418e68578aec2f)

Indirect leak of 112 byte(s) in 2 object(s) allocated from:
    #0 0x55ca915fa191 in operator new(unsigned long) (/workspace/build-asan/tsc+0x15d191) (BuildId: 73a10d7cc646a755f705b0ae57418e68578aec2f)
    #1 0x7ff5c59b6da2  (/usr/lib/llvm-20/lib/libLLVM.so.20.1+0x1a9ada2) (BuildId: b856c61f98abf0989f157f153740fe0fadfbb760)
    #2 0x7ff5c6f3998b  (/usr/lib/llvm-20/lib/libLLVM.so.20.1+0x301d98b) (BuildId: b856c61f98abf0989f157f153740fe0fadfbb760)
    #3 0x7ff5c6f398a6  (/usr/lib/llvm-20/lib/libLLVM.so.20.1+0x301d8a6) (BuildId: b856c61f98abf0989f157f153740fe0fadfbb760)
    #4 0x7ff5c7b2964d  (/usr/lib/llvm-20/lib/libLLVM.so.20.1+0x3c0d64d) (BuildId: b856c61f98abf0989f157f153740fe0fadfbb760)
    #5 0x7ff5c7b6091a  (/usr/lib/llvm-20/lib/libLLVM.so.20.1+0x3c4491a) (BuildId: b856c61f98abf0989f157f153740fe0fadfbb760)
    #6 0x7ff5c7b6188a  (/usr/lib/llvm-20/lib/libLLVM.so.20.1+0x3c4588a) (BuildId: b856c61f98abf0989f157f153740fe0fadfbb760)
    #7 0x7ff5c7b62b2c  (/usr/lib/llvm-20/lib/libLLVM.so.20.1+0x3c46b2c) (BuildId: b856c61f98abf0989f157f153740fe0fadfbb760)
    #8 0x55ca91648523 in llvm::Target::createTargetMachine(llvm::StringRef, llvm::StringRef, llvm::StringRef, llvm::TargetOptions const&, std::optional<llvm::Reloc::Model>, std::optional<llvm::CodeModel::Model>, llvm::CodeGenOptLevel, bool) const /usr/lib/llvm-20/include/llvm/MC/TargetRegistry.h:462:12
    #9 0x55ca9163a09e in tsc::TargetRegistry::initializeAllTargets() /workspace/src/TargetRegistry.cpp:67:41
    #10 0x55ca9162bdcd in tsc::Compiler::initializeLLVM() /workspace/src/Compiler.cpp:349:14
    #11 0x55ca9162b8b7 in tsc::Compiler::Compiler(tsc::CompilerOptions const&) /workspace/src/Compiler.cpp:24:5
    #12 0x55ca915fd7b5 in main /workspace/src/main.cpp:191:18
    #13 0x7ff5c395a337  (/lib/x86_64-linux-gnu/libc.so.6+0x2a337) (BuildId: 467f544f15035abef911999cbc14489edd0555ab)
    #14 0x7ff5c395a3fa in __libc_start_main (/lib/x86_64-linux-gnu/libc.so.6+0x2a3fa) (BuildId: 467f544f15035abef911999cbc14489edd0555ab)
    #15 0x55ca91511b64 in _start (/workspace/build-asan/tsc+0x74b64) (BuildId: 73a10d7cc646a755f705b0ae57418e68578aec2f)

Indirect leak of 112 byte(s) in 2 object(s) allocated from:
    #0 0x55ca915fa191 in operator new(unsigned long) (/workspace/build-asan/tsc+0x15d191) (BuildId: 73a10d7cc646a755f705b0ae57418e68578aec2f)
    #1 0x7ff5c59b6da2  (/usr/lib/llvm-20/lib/libLLVM.so.20.1+0x1a9ada2) (BuildId: b856c61f98abf0989f157f153740fe0fadfbb760)
    #2 0x7ff5c6f3998b  (/usr/lib/llvm-20/lib/libLLVM.so.20.1+0x301d98b) (BuildId: b856c61f98abf0989f157f153740fe0fadfbb760)
    #3 0x7ff5c6f398a6  (/usr/lib/llvm-20/lib/libLLVM.so.20.1+0x301d8a6) (BuildId: b856c61f98abf0989f157f153740fe0fadfbb760)
    #4 0x7ff5c7b29526  (/usr/lib/llvm-20/lib/libLLVM.so.20.1+0x3c0d526) (BuildId: b856c61f98abf0989f157f153740fe0fadfbb760)
    #5 0x7ff5c7b6091a  (/usr/lib/llvm-20/lib/libLLVM.so.20.1+0x3c4491a) (BuildId: b856c61f98abf0989f157f153740fe0fadfbb760)
    #6 0x7ff5c7b6188a  (/usr/lib/llvm-20/lib/libLLVM.so.20.1+0x3c4588a) (BuildId: b856c61f98abf0989f157f153740fe0fadfbb760)
    #7 0x7ff5c7b62b2c  (/usr/lib/llvm-20/lib/libLLVM.so.20.1+0x3c46b2c) (BuildId: b856c61f98abf0989f157f153740fe0fadfbb760)
    #8 0x55ca91648523 in llvm::Target::createTargetMachine(llvm::StringRef, llvm::StringRef, llvm::StringRef, llvm::TargetOptions const&, std::optional<llvm::Reloc::Model>, std::optional<llvm::CodeModel::Model>, llvm::CodeGenOptLevel, bool) const /usr/lib/llvm-20/include/llvm/MC/TargetRegistry.h:462:12
    #9 0x55ca9163a09e in tsc::TargetRegistry::initializeAllTargets() /workspace/src/TargetRegistry.cpp:67:41
    #10 0x55ca9162bdcd in tsc::Compiler::initializeLLVM() /workspace/src/Compiler.cpp:349:14
    #11 0x55ca9162b8b7 in tsc::Compiler::Compiler(tsc::CompilerOptions const&) /workspace/src/Compiler.cpp:24:5
    #12 0x55ca915fd7b5 in main /workspace/src/main.cpp:191:18
    #13 0x7ff5c395a337  (/lib/x86_64-linux-gnu/libc.so.6+0x2a337) (BuildId: 467f544f15035abef911999cbc14489edd0555ab)
    #14 0x7ff5c395a3fa in __libc_start_main (/lib/x86_64-linux-gnu/libc.so.6+0x2a3fa) (BuildId: 467f544f15035abef911999cbc14489edd0555ab)
    #15 0x55ca91511b64 in _start (/workspace/build-asan/tsc+0x74b64) (BuildId: 73a10d7cc646a755f705b0ae57418e68578aec2f)

Indirect leak of 112 byte(s) in 2 object(s) allocated from:
    #0 0x55ca915fa191 in operator new(unsigned long) (/workspace/build-asan/tsc+0x15d191) (BuildId: 73a10d7cc646a755f705b0ae57418e68578aec2f)
    #1 0x7ff5c59b6da2  (/usr/lib/llvm-20/lib/libLLVM.so.20.1+0x1a9ada2) (BuildId: b856c61f98abf0989f157f153740fe0fadfbb760)
    #2 0x7ff5c6f3998b  (/usr/lib/llvm-20/lib/libLLVM.so.20.1+0x301d98b) (BuildId: b856c61f98abf0989f157f153740fe0fadfbb760)
    #3 0x7ff5c6f398a6  (/usr/lib/llvm-20/lib/libLLVM.so.20.1+0x301d8a6) (BuildId: b856c61f98abf0989f157f153740fe0fadfbb760)
    #4 0x7ff5c7b29463  (/usr/lib/llvm-20/lib/libLLVM.so.20.1+0x3c0d463) (BuildId: b856c61f98abf0989f157f153740fe0fadfbb760)
    #5 0x7ff5c7b6091a  (/usr/lib/llvm-20/lib/libLLVM.so.20.1+0x3c4491a) (BuildId: b856c61f98abf0989f157f153740fe0fadfbb760)
    #6 0x7ff5c7b6188a  (/usr/lib/llvm-20/lib/libLLVM.so.20.1+0x3c4588a) (BuildId: b856c61f98abf0989f157f153740fe0fadfbb760)
    #7 0x7ff5c7b62b2c  (/usr/lib/llvm-20/lib/libLLVM.so.20.1+0x3c46b2c) (BuildId: b856c61f98abf0989f157f153740fe0fadfbb760)
    #8 0x55ca91648523 in llvm::Target::createTargetMachine(llvm::StringRef, llvm::StringRef, llvm::StringRef, llvm::TargetOptions const&, std::optional<llvm::Reloc::Model>, std::optional<llvm::CodeModel::Model>, llvm::CodeGenOptLevel, bool) const /usr/lib/llvm-20/include/llvm/MC/TargetRegistry.h:462:12
    #9 0x55ca9163a09e in tsc::TargetRegistry::initializeAllTargets() /workspace/src/TargetRegistry.cpp:67:41
    #10 0x55ca9162bdcd in tsc::Compiler::initializeLLVM() /workspace/src/Compiler.cpp:349:14
    #11 0x55ca9162b8b7 in tsc::Compiler::Compiler(tsc::CompilerOptions const&) /workspace/src/Compiler.cpp:24:5
    #12 0x55ca915fd7b5 in main /workspace/src/main.cpp:191:18
    #13 0x7ff5c395a337  (/lib/x86_64-linux-gnu/libc.so.6+0x2a337) (BuildId: 467f544f15035abef911999cbc14489edd0555ab)
    #14 0x7ff5c395a3fa in __libc_start_main (/lib/x86_64-linux-gnu/libc.so.6+0x2a3fa) (BuildId: 467f544f15035abef911999cbc14489edd0555ab)
    #15 0x55ca91511b64 in _start (/workspace/build-asan/tsc+0x74b64) (BuildId: 73a10d7cc646a755f705b0ae57418e68578aec2f)

Indirect leak of 112 byte(s) in 2 object(s) allocated from:
    #0 0x55ca915fa191 in operator new(unsigned long) (/workspace/build-asan/tsc+0x15d191) (BuildId: 73a10d7cc646a755f705b0ae57418e68578aec2f)
    #1 0x7ff5c59b6da2  (/usr/lib/llvm-20/lib/libLLVM.so.20.1+0x1a9ada2) (BuildId: b856c61f98abf0989f157f153740fe0fadfbb760)
    #2 0x7ff5c6f3998b  (/usr/lib/llvm-20/lib/libLLVM.so.20.1+0x301d98b) (BuildId: b856c61f98abf0989f157f153740fe0fadfbb760)
    #3 0x7ff5c6f398a6  (/usr/lib/llvm-20/lib/libLLVM.so.20.1+0x301d8a6) (BuildId: b856c61f98abf0989f157f153740fe0fadfbb760)
    #4 0x7ff5c7b293f6  (/usr/lib/llvm-20/lib/libLLVM.so.20.1+0x3c0d3f6) (BuildId: b856c61f98abf0989f157f153740fe0fadfbb760)
    #5 0x7ff5c7b6091a  (/usr/lib/llvm-20/lib/libLLVM.so.20.1+0x3c4491a) (BuildId: b856c61f98abf0989f157f153740fe0fadfbb760)
    #6 0x7ff5c7b6188a  (/usr/lib/llvm-20/lib/libLLVM.so.20.1+0x3c4588a) (BuildId: b856c61f98abf0989f157f153740fe0fadfbb760)
    #7 0x7ff5c7b62b2c  (/usr/lib/llvm-20/lib/libLLVM.so.20.1+0x3c46b2c) (BuildId: b856c61f98abf0989f157f153740fe0fadfbb760)
    #8 0x55ca91648523 in llvm::Target::createTargetMachine(llvm::StringRef, llvm::StringRef, llvm::StringRef, llvm::TargetOptions const&, std::optional<llvm::Reloc::Model>, std::optional<llvm::CodeModel::Model>, llvm::CodeGenOptLevel, bool) const /usr/lib/llvm-20/include/llvm/MC/TargetRegistry.h:462:12
    #9 0x55ca9163a09e in tsc::TargetRegistry::initializeAllTargets() /workspace/src/TargetRegistry.cpp:67:41
    #10 0x55ca9162bdcd in tsc::Compiler::initializeLLVM() /workspace/src/Compiler.cpp:349:14
    #11 0x55ca9162b8b7 in tsc::Compiler::Compiler(tsc::CompilerOptions const&) /workspace/src/Compiler.cpp:24:5
    #12 0x55ca915fd7b5 in main /workspace/src/main.cpp:191:18
    #13 0x7ff5c395a337  (/lib/x86_64-linux-gnu/libc.so.6+0x2a337) (BuildId: 467f544f15035abef911999cbc14489edd0555ab)
    #14 0x7ff5c395a3fa in __libc_start_main (/lib/x86_64-linux-gnu/libc.so.6+0x2a3fa) (BuildId: 467f544f15035abef911999cbc14489edd0555ab)
    #15 0x55ca91511b64 in _start (/workspace/build-asan/tsc+0x74b64) (BuildId: 73a10d7cc646a755f705b0ae57418e68578aec2f)

Indirect leak of 112 byte(s) in 2 object(s) allocated from:
    #0 0x55ca915fa191 in operator new(unsigned long) (/workspace/build-asan/tsc+0x15d191) (BuildId: 73a10d7cc646a755f705b0ae57418e68578aec2f)
    #1 0x7ff5c59b6da2  (/usr/lib/llvm-20/lib/libLLVM.so.20.1+0x1a9ada2) (BuildId: b856c61f98abf0989f157f153740fe0fadfbb760)
    #2 0x7ff5c6f3998b  (/usr/lib/llvm-20/lib/libLLVM.so.20.1+0x301d98b) (BuildId: b856c61f98abf0989f157f153740fe0fadfbb760)
    #3 0x7ff5c6f398a6  (/usr/lib/llvm-20/lib/libLLVM.so.20.1+0x301d8a6) (BuildId: b856c61f98abf0989f157f153740fe0fadfbb760)
    #4 0x7ff5c7b292a2  (/usr/lib/llvm-20/lib/libLLVM.so.20.1+0x3c0d2a2) (BuildId: b856c61f98abf0989f157f153740fe0fadfbb760)
    #5 0x7ff5c7b6091a  (/usr/lib/llvm-20/lib/libLLVM.so.20.1+0x3c4491a) (BuildId: b856c61f98abf0989f157f153740fe0fadfbb760)
    #6 0x7ff5c7b6188a  (/usr/lib/llvm-20/lib/libLLVM.so.20.1+0x3c4588a) (BuildId: b856c61f98abf0989f157f153740fe0fadfbb760)
    #7 0x7ff5c7b62b2c  (/usr/lib/llvm-20/lib/libLLVM.so.20.1+0x3c46b2c) (BuildId: b856c61f98abf0989f157f153740fe0fadfbb760)
    #8 0x55ca91648523 in llvm::Target::createTargetMachine(llvm::StringRef, llvm::StringRef, llvm::StringRef, llvm::TargetOptions const&, std::optional<llvm::Reloc::Model>, std::optional<llvm::CodeModel::Model>, llvm::CodeGenOptLevel, bool) const /usr/lib/llvm-20/include/llvm/MC/TargetRegistry.h:462:12
    #9 0x55ca9163a09e in tsc::TargetRegistry::initializeAllTargets() /workspace/src/TargetRegistry.cpp:67:41
    #10 0x55ca9162bdcd in tsc::Compiler::initializeLLVM() /workspace/src/Compiler.cpp:349:14
    #11 0x55ca9162b8b7 in tsc::Compiler::Compiler(tsc::CompilerOptions const&) /workspace/src/Compiler.cpp:24:5
    #12 0x55ca915fd7b5 in main /workspace/src/main.cpp:191:18
    #13 0x7ff5c395a337  (/lib/x86_64-linux-gnu/libc.so.6+0x2a337) (BuildId: 467f544f15035abef911999cbc14489edd0555ab)
    #14 0x7ff5c395a3fa in __libc_start_main (/lib/x86_64-linux-gnu/libc.so.6+0x2a3fa) (BuildId: 467f544f15035abef911999cbc14489edd0555ab)
    #15 0x55ca91511b64 in _start (/workspace/build-asan/tsc+0x74b64) (BuildId: 73a10d7cc646a755f705b0ae57418e68578aec2f)

Indirect leak of 112 byte(s) in 2 object(s) allocated from:
    #0 0x55ca915fa191 in operator new(unsigned long) (/workspace/build-asan/tsc+0x15d191) (BuildId: 73a10d7cc646a755f705b0ae57418e68578aec2f)
    #1 0x7ff5c59b6da2  (/usr/lib/llvm-20/lib/libLLVM.so.20.1+0x1a9ada2) (BuildId: b856c61f98abf0989f157f153740fe0fadfbb760)
    #2 0x7ff5c6f3b039  (/usr/lib/llvm-20/lib/libLLVM.so.20.1+0x301f039) (BuildId: b856c61f98abf0989f157f153740fe0fadfbb760)
    #3 0x7ff5c6f3af97  (/usr/lib/llvm-20/lib/libLLVM.so.20.1+0x301ef97) (BuildId: b856c61f98abf0989f157f153740fe0fadfbb760)
    #4 0x7ff5c6f3998b  (/usr/lib/llvm-20/lib/libLLVM.so.20.1+0x301d98b) (BuildId: b856c61f98abf0989f157f153740fe0fadfbb760)
    #5 0x7ff5c6f398a6  (/usr/lib/llvm-20/lib/libLLVM.so.20.1+0x301d8a6) (BuildId: b856c61f98abf0989f157f153740fe0fadfbb760)
    #6 0x7ff5c6f3aa71  (/usr/lib/llvm-20/lib/libLLVM.so.20.1+0x301ea71) (BuildId: b856c61f98abf0989f157f153740fe0fadfbb760)
    #7 0x7ff5c7b29241  (/usr/lib/llvm-20/lib/libLLVM.so.20.1+0x3c0d241) (BuildId: b856c61f98abf0989f157f153740fe0fadfbb760)
    #8 0x7ff5c7b6091a  (/usr/lib/llvm-20/lib/libLLVM.so.20.1+0x3c4491a) (BuildId: b856c61f98abf0989f157f153740fe0fadfbb760)
    #9 0x7ff5c7b6188a  (/usr/lib/llvm-20/lib/libLLVM.so.20.1+0x3c4588a) (BuildId: b856c61f98abf0989f157f153740fe0fadfbb760)
    #10 0x7ff5c7b62b2c  (/usr/lib/llvm-20/lib/libLLVM.so.20.1+0x3c46b2c) (BuildId: b856c61f98abf0989f157f153740fe0fadfbb760)
    #11 0x55ca91648523 in llvm::Target::createTargetMachine(llvm::StringRef, llvm::StringRef, llvm::StringRef, llvm::TargetOptions const&, std::optional<llvm::Reloc::Model>, std::optional<llvm::CodeModel::Model>, llvm::CodeGenOptLevel, bool) const /usr/lib/llvm-20/include/llvm/MC/TargetRegistry.h:462:12
    #12 0x55ca9163a09e in tsc::TargetRegistry::initializeAllTargets() /workspace/src/TargetRegistry.cpp:67:41
    #13 0x55ca9162bdcd in tsc::Compiler::initializeLLVM() /workspace/src/Compiler.cpp:349:14
    #14 0x55ca9162b8b7 in tsc::Compiler::Compiler(tsc::CompilerOptions const&) /workspace/src/Compiler.cpp:24:5
    #15 0x55ca915fd7b5 in main /workspace/src/main.cpp:191:18
    #16 0x7ff5c395a337  (/lib/x86_64-linux-gnu/libc.so.6+0x2a337) (BuildId: 467f544f15035abef911999cbc14489edd0555ab)
    #17 0x7ff5c395a3fa in __libc_start_main (/lib/x86_64-linux-gnu/libc.so.6+0x2a3fa) (BuildId: 467f544f15035abef911999cbc14489edd0555ab)
    #18 0x55ca91511b64 in _start (/workspace/build-asan/tsc+0x74b64) (BuildId: 73a10d7cc646a755f705b0ae57418e68578aec2f)

Indirect leak of 112 byte(s) in 2 object(s) allocated from:
    #0 0x55ca915fa191 in operator new(unsigned long) (/workspace/build-asan/tsc+0x15d191) (BuildId: 73a10d7cc646a755f705b0ae57418e68578aec2f)
    #1 0x7ff5c59b6da2  (/usr/lib/llvm-20/lib/libLLVM.so.20.1+0x1a9ada2) (BuildId: b856c61f98abf0989f157f153740fe0fadfbb760)
    #2 0x7ff5c6f3b008  (/usr/lib/llvm-20/lib/libLLVM.so.20.1+0x301f008) (BuildId: b856c61f98abf0989f157f153740fe0fadfbb760)
    #3 0x7ff5c6f3af97  (/usr/lib/llvm-20/lib/libLLVM.so.20.1+0x301ef97) (BuildId: b856c61f98abf0989f157f153740fe0fadfbb760)
    #4 0x7ff5c6f3998b  (/usr/lib/llvm-20/lib/libLLVM.so.20.1+0x301d98b) (BuildId: b856c61f98abf0989f157f153740fe0fadfbb760)
    #5 0x7ff5c6f398a6  (/usr/lib/llvm-20/lib/libLLVM.so.20.1+0x301d8a6) (BuildId: b856c61f98abf0989f157f153740fe0fadfbb760)
    #6 0x7ff5c6f3aa71  (/usr/lib/llvm-20/lib/libLLVM.so.20.1+0x301ea71) (BuildId: b856c61f98abf0989f157f153740fe0fadfbb760)
    #7 0x7ff5c7b29241  (/usr/lib/llvm-20/lib/libLLVM.so.20.1+0x3c0d241) (BuildId: b856c61f98abf0989f157f153740fe0fadfbb760)
    #8 0x7ff5c7b6091a  (/usr/lib/llvm-20/lib/libLLVM.so.20.1+0x3c4491a) (BuildId: b856c61f98abf0989f157f153740fe0fadfbb760)
    #9 0x7ff5c7b6188a  (/usr/lib/llvm-20/lib/libLLVM.so.20.1+0x3c4588a) (BuildId: b856c61f98abf0989f157f153740fe0fadfbb760)
    #10 0x7ff5c7b62b2c  (/usr/lib/llvm-20/lib/libLLVM.so.20.1+0x3c46b2c) (BuildId: b856c61f98abf0989f157f153740fe0fadfbb760)
    #11 0x55ca91648523 in llvm::Target::createTargetMachine(llvm::StringRef, llvm::StringRef, llvm::StringRef, llvm::TargetOptions const&, std::optional<llvm::Reloc::Model>, std::optional<llvm::CodeModel::Model>, llvm::CodeGenOptLevel, bool) const /usr/lib/llvm-20/include/llvm/MC/TargetRegistry.h:462:12
    #12 0x55ca9163a09e in tsc::TargetRegistry::initializeAllTargets() /workspace/src/TargetRegistry.cpp:67:41
    #13 0x55ca9162bdcd in tsc::Compiler::initializeLLVM() /workspace/src/Compiler.cpp:349:14
    #14 0x55ca9162b8b7 in tsc::Compiler::Compiler(tsc::CompilerOptions const&) /workspace/src/Compiler.cpp:24:5
    #15 0x55ca915fd7b5 in main /workspace/src/main.cpp:191:18
    #16 0x7ff5c395a337  (/lib/x86_64-linux-gnu/libc.so.6+0x2a337) (BuildId: 467f544f15035abef911999cbc14489edd0555ab)
    #17 0x7ff5c395a3fa in __libc_start_main (/lib/x86_64-linux-gnu/libc.so.6+0x2a3fa) (BuildId: 467f544f15035abef911999cbc14489edd0555ab)
    #18 0x55ca91511b64 in _start (/workspace/build-asan/tsc+0x74b64) (BuildId: 73a10d7cc646a755f705b0ae57418e68578aec2f)

Indirect leak of 112 byte(s) in 2 object(s) allocated from:
    #0 0x55ca915fa191 in operator new(unsigned long) (/workspace/build-asan/tsc+0x15d191) (BuildId: 73a10d7cc646a755f705b0ae57418e68578aec2f)
    #1 0x7ff5c59b6da2  (/usr/lib/llvm-20/lib/libLLVM.so.20.1+0x1a9ada2) (BuildId: b856c61f98abf0989f157f153740fe0fadfbb760)
    #2 0x7ff5c6f3998b  (/usr/lib/llvm-20/lib/libLLVM.so.20.1+0x301d98b) (BuildId: b856c61f98abf0989f157f153740fe0fadfbb760)
    #3 0x7ff5c6f398a6  (/usr/lib/llvm-20/lib/libLLVM.so.20.1+0x301d8a6) (BuildId: b856c61f98abf0989f157f153740fe0fadfbb760)
    #4 0x7ff5c7b29106  (/usr/lib/llvm-20/lib/libLLVM.so.20.1+0x3c0d106) (BuildId: b856c61f98abf0989f157f153740fe0fadfbb760)
    #5 0x7ff5c7b6091a  (/usr/lib/llvm-20/lib/libLLVM.so.20.1+0x3c4491a) (BuildId: b856c61f98abf0989f157f153740fe0fadfbb760)
    #6 0x7ff5c7b6188a  (/usr/lib/llvm-20/lib/libLLVM.so.20.1+0x3c4588a) (BuildId: b856c61f98abf0989f157f153740fe0fadfbb760)
    #7 0x7ff5c7b62b2c  (/usr/lib/llvm-20/lib/libLLVM.so.20.1+0x3c46b2c) (BuildId: b856c61f98abf0989f157f153740fe0fadfbb760)
    #8 0x55ca91648523 in llvm::Target::createTargetMachine(llvm::StringRef, llvm::StringRef, llvm::StringRef, llvm::TargetOptions const&, std::optional<llvm::Reloc::Model>, std::optional<llvm::CodeModel::Model>, llvm::CodeGenOptLevel, bool) const /usr/lib/llvm-20/include/llvm/MC/TargetRegistry.h:462:12
    #9 0x55ca9163a09e in tsc::TargetRegistry::initializeAllTargets() /workspace/src/TargetRegistry.cpp:67:41
    #10 0x55ca9162bdcd in tsc::Compiler::initializeLLVM() /workspace/src/Compiler.cpp:349:14
    #11 0x55ca9162b8b7 in tsc::Compiler::Compiler(tsc::CompilerOptions const&) /workspace/src/Compiler.cpp:24:5
    #12 0x55ca915fd7b5 in main /workspace/src/main.cpp:191:18
    #13 0x7ff5c395a337  (/lib/x86_64-linux-gnu/libc.so.6+0x2a337) (BuildId: 467f544f15035abef911999cbc14489edd0555ab)
    #14 0x7ff5c395a3fa in __libc_start_main (/lib/x86_64-linux-gnu/libc.so.6+0x2a3fa) (BuildId: 467f544f15035abef911999cbc14489edd0555ab)
    #15 0x55ca91511b64 in _start (/workspace/build-asan/tsc+0x74b64) (BuildId: 73a10d7cc646a755f705b0ae57418e68578aec2f)

Indirect leak of 112 byte(s) in 2 object(s) allocated from:
    #0 0x55ca915fa191 in operator new(unsigned long) (/workspace/build-asan/tsc+0x15d191) (BuildId: 73a10d7cc646a755f705b0ae57418e68578aec2f)
    #1 0x7ff5c59b6da2  (/usr/lib/llvm-20/lib/libLLVM.so.20.1+0x1a9ada2) (BuildId: b856c61f98abf0989f157f153740fe0fadfbb760)
    #2 0x7ff5c6f3998b  (/usr/lib/llvm-20/lib/libLLVM.so.20.1+0x301d98b) (BuildId: b856c61f98abf0989f157f153740fe0fadfbb760)
    #3 0x7ff5c6f398a6  (/usr/lib/llvm-20/lib/libLLVM.so.20.1+0x301d8a6) (BuildId: b856c61f98abf0989f157f153740fe0fadfbb760)
    #4 0x7ff5c7b28f73  (/usr/lib/llvm-20/lib/libLLVM.so.20.1+0x3c0cf73) (BuildId: b856c61f98abf0989f157f153740fe0fadfbb760)
    #5 0x7ff5c7b6091a  (/usr/lib/llvm-20/lib/libLLVM.so.20.1+0x3c4491a) (BuildId: b856c61f98abf0989f157f153740fe0fadfbb760)
    #6 0x7ff5c7b6188a  (/usr/lib/llvm-20/lib/libLLVM.so.20.1+0x3c4588a) (BuildId: b856c61f98abf0989f157f153740fe0fadfbb760)
    #7 0x7ff5c7b62b2c  (/usr/lib/llvm-20/lib/libLLVM.so.20.1+0x3c46b2c) (BuildId: b856c61f98abf0989f157f153740fe0fadfbb760)
    #8 0x55ca91648523 in llvm::Target::createTargetMachine(llvm::StringRef, llvm::StringRef, llvm::StringRef, llvm::TargetOptions const&, std::optional<llvm::Reloc::Model>, std::optional<llvm::CodeModel::Model>, llvm::CodeGenOptLevel, bool) const /usr/lib/llvm-20/include/llvm/MC/TargetRegistry.h:462:12
    #9 0x55ca9163a09e in tsc::TargetRegistry::initializeAllTargets() /workspace/src/TargetRegistry.cpp:67:41
    #10 0x55ca9162bdcd in tsc::Compiler::initializeLLVM() /workspace/src/Compiler.cpp:349:14
    #11 0x55ca9162b8b7 in tsc::Compiler::Compiler(tsc::CompilerOptions const&) /workspace/src/Compiler.cpp:24:5
    #12 0x55ca915fd7b5 in main /workspace/src/main.cpp:191:18
    #13 0x7ff5c395a337  (/lib/x86_64-linux-gnu/libc.so.6+0x2a337) (BuildId: 467f544f15035abef911999cbc14489edd0555ab)
    #14 0x7ff5c395a3fa in __libc_start_main (/lib/x86_64-linux-gnu/libc.so.6+0x2a3fa) (BuildId: 467f544f15035abef911999cbc14489edd0555ab)
    #15 0x55ca91511b64 in _start (/workspace/build-asan/tsc+0x74b64) (BuildId: 73a10d7cc646a755f705b0ae57418e68578aec2f)

Indirect leak of 112 byte(s) in 2 object(s) allocated from:
    #0 0x55ca915fa191 in operator new(unsigned long) (/workspace/build-asan/tsc+0x15d191) (BuildId: 73a10d7cc646a755f705b0ae57418e68578aec2f)
    #1 0x7ff5c59b6da2  (/usr/lib/llvm-20/lib/libLLVM.so.20.1+0x1a9ada2) (BuildId: b856c61f98abf0989f157f153740fe0fadfbb760)
    #2 0x7ff5c6f3998b  (/usr/lib/llvm-20/lib/libLLVM.so.20.1+0x301d98b) (BuildId: b856c61f98abf0989f157f153740fe0fadfbb760)
    #3 0x7ff5c6f398a6  (/usr/lib/llvm-20/lib/libLLVM.so.20.1+0x301d8a6) (BuildId: b856c61f98abf0989f157f153740fe0fadfbb760)
    #4 0x7ff5c7b28ef9  (/usr/lib/llvm-20/lib/libLLVM.so.20.1+0x3c0cef9) (BuildId: b856c61f98abf0989f157f153740fe0fadfbb760)
    #5 0x7ff5c7b6091a  (/usr/lib/llvm-20/lib/libLLVM.so.20.1+0x3c4491a) (BuildId: b856c61f98abf0989f157f153740fe0fadfbb760)
    #6 0x7ff5c7b6188a  (/usr/lib/llvm-20/lib/libLLVM.so.20.1+0x3c4588a) (BuildId: b856c61f98abf0989f157f153740fe0fadfbb760)
    #7 0x7ff5c7b62b2c  (/usr/lib/llvm-20/lib/libLLVM.so.20.1+0x3c46b2c) (BuildId: b856c61f98abf0989f157f153740fe0fadfbb760)
    #8 0x55ca91648523 in llvm::Target::createTargetMachine(llvm::StringRef, llvm::StringRef, llvm::StringRef, llvm::TargetOptions const&, std::optional<llvm::Reloc::Model>, std::optional<llvm::CodeModel::Model>, llvm::CodeGenOptLevel, bool) const /usr/lib/llvm-20/include/llvm/MC/TargetRegistry.h:462:12
    #9 0x55ca9163a09e in tsc::TargetRegistry::initializeAllTargets() /workspace/src/TargetRegistry.cpp:67:41
    #10 0x55ca9162bdcd in tsc::Compiler::initializeLLVM() /workspace/src/Compiler.cpp:349:14
    #11 0x55ca9162b8b7 in tsc::Compiler::Compiler(tsc::CompilerOptions const&) /workspace/src/Compiler.cpp:24:5
    #12 0x55ca915fd7b5 in main /workspace/src/main.cpp:191:18
    #13 0x7ff5c395a337  (/lib/x86_64-linux-gnu/libc.so.6+0x2a337) (BuildId: 467f544f15035abef911999cbc14489edd0555ab)
    #14 0x7ff5c395a3fa in __libc_start_main (/lib/x86_64-linux-gnu/libc.so.6+0x2a3fa) (BuildId: 467f544f15035abef911999cbc14489edd0555ab)
    #15 0x55ca91511b64 in _start (/workspace/build-asan/tsc+0x74b64) (BuildId: 73a10d7cc646a755f705b0ae57418e68578aec2f)

Indirect leak of 112 byte(s) in 2 object(s) allocated from:
    #0 0x55ca915fa191 in operator new(unsigned long) (/workspace/build-asan/tsc+0x15d191) (BuildId: 73a10d7cc646a755f705b0ae57418e68578aec2f)
    #1 0x7ff5c59b6da2  (/usr/lib/llvm-20/lib/libLLVM.so.20.1+0x1a9ada2) (BuildId: b856c61f98abf0989f157f153740fe0fadfbb760)
    #2 0x7ff5c6f3998b  (/usr/lib/llvm-20/lib/libLLVM.so.20.1+0x301d98b) (BuildId: b856c61f98abf0989f157f153740fe0fadfbb760)
    #3 0x7ff5c6f398a6  (/usr/lib/llvm-20/lib/libLLVM.so.20.1+0x301d8a6) (BuildId: b856c61f98abf0989f157f153740fe0fadfbb760)
    #4 0x7ff5c7b28e93  (/usr/lib/llvm-20/lib/libLLVM.so.20.1+0x3c0ce93) (BuildId: b856c61f98abf0989f157f153740fe0fadfbb760)
    #5 0x7ff5c7b6091a  (/usr/lib/llvm-20/lib/libLLVM.so.20.1+0x3c4491a) (BuildId: b856c61f98abf0989f157f153740fe0fadfbb760)
    #6 0x7ff5c7b6188a  (/usr/lib/llvm-20/lib/libLLVM.so.20.1+0x3c4588a) (BuildId: b856c61f98abf0989f157f153740fe0fadfbb760)
    #7 0x7ff5c7b62b2c  (/usr/lib/llvm-20/lib/libLLVM.so.20.1+0x3c46b2c) (BuildId: b856c61f98abf0989f157f153740fe0fadfbb760)
    #8 0x55ca91648523 in llvm::Target::createTargetMachine(llvm::StringRef, llvm::StringRef, llvm::StringRef, llvm::TargetOptions const&, std::optional<llvm::Reloc::Model>, std::optional<llvm::CodeModel::Model>, llvm::CodeGenOptLevel, bool) const /usr/lib/llvm-20/include/llvm/MC/TargetRegistry.h:462:12
    #9 0x55ca9163a09e in tsc::TargetRegistry::initializeAllTargets() /workspace/src/TargetRegistry.cpp:67:41
    #10 0x55ca9162bdcd in tsc::Compiler::initializeLLVM() /workspace/src/Compiler.cpp:349:14
    #11 0x55ca9162b8b7 in tsc::Compiler::Compiler(tsc::CompilerOptions const&) /workspace/src/Compiler.cpp:24:5
    #12 0x55ca915fd7b5 in main /workspace/src/main.cpp:191:18
    #13 0x7ff5c395a337  (/lib/x86_64-linux-gnu/libc.so.6+0x2a337) (BuildId: 467f544f15035abef911999cbc14489edd0555ab)
    #14 0x7ff5c395a3fa in __libc_start_main (/lib/x86_64-linux-gnu/libc.so.6+0x2a3fa) (BuildId: 467f544f15035abef911999cbc14489edd0555ab)
    #15 0x55ca91511b64 in _start (/workspace/build-asan/tsc+0x74b64) (BuildId: 73a10d7cc646a755f705b0ae57418e68578aec2f)

Indirect leak of 112 byte(s) in 2 object(s) allocated from:
    #0 0x55ca915fa191 in operator new(unsigned long) (/workspace/build-asan/tsc+0x15d191) (BuildId: 73a10d7cc646a755f705b0ae57418e68578aec2f)
    #1 0x7ff5c59b6da2  (/usr/lib/llvm-20/lib/libLLVM.so.20.1+0x1a9ada2) (BuildId: b856c61f98abf0989f157f153740fe0fadfbb760)
    #2 0x7ff5c6f3998b  (/usr/lib/llvm-20/lib/libLLVM.so.20.1+0x301d98b) (BuildId: b856c61f98abf0989f157f153740fe0fadfbb760)
    #3 0x7ff5c6f398a6  (/usr/lib/llvm-20/lib/libLLVM.so.20.1+0x301d8a6) (BuildId: b856c61f98abf0989f157f153740fe0fadfbb760)
    #4 0x7ff5c7b28dc3  (/usr/lib/llvm-20/lib/libLLVM.so.20.1+0x3c0cdc3) (BuildId: b856c61f98abf0989f157f153740fe0fadfbb760)
    #5 0x7ff5c7b6091a  (/usr/lib/llvm-20/lib/libLLVM.so.20.1+0x3c4491a) (BuildId: b856c61f98abf0989f157f153740fe0fadfbb760)
    #6 0x7ff5c7b6188a  (/usr/lib/llvm-20/lib/libLLVM.so.20.1+0x3c4588a) (BuildId: b856c61f98abf0989f157f153740fe0fadfbb760)
    #7 0x7ff5c7b62b2c  (/usr/lib/llvm-20/lib/libLLVM.so.20.1+0x3c46b2c) (BuildId: b856c61f98abf0989f157f153740fe0fadfbb760)
    #8 0x55ca91648523 in llvm::Target::createTargetMachine(llvm::StringRef, llvm::StringRef, llvm::StringRef, llvm::TargetOptions const&, std::optional<llvm::Reloc::Model>, std::optional<llvm::CodeModel::Model>, llvm::CodeGenOptLevel, bool) const /usr/lib/llvm-20/include/llvm/MC/TargetRegistry.h:462:12
    #9 0x55ca9163a09e in tsc::TargetRegistry::initializeAllTargets() /workspace/src/TargetRegistry.cpp:67:41
    #10 0x55ca9162bdcd in tsc::Compiler::initializeLLVM() /workspace/src/Compiler.cpp:349:14
    #11 0x55ca9162b8b7 in tsc::Compiler::Compiler(tsc::CompilerOptions const&) /workspace/src/Compiler.cpp:24:5
    #12 0x55ca915fd7b5 in main /workspace/src/main.cpp:191:18
    #13 0x7ff5c395a337  (/lib/x86_64-linux-gnu/libc.so.6+0x2a337) (BuildId: 467f544f15035abef911999cbc14489edd0555ab)
    #14 0x7ff5c395a3fa in __libc_start_main (/lib/x86_64-linux-gnu/libc.so.6+0x2a3fa) (BuildId: 467f544f15035abef911999cbc14489edd0555ab)
    #15 0x55ca91511b64 in _start (/workspace/build-asan/tsc+0x74b64) (BuildId: 73a10d7cc646a755f705b0ae57418e68578aec2f)

Indirect leak of 112 byte(s) in 2 object(s) allocated from:
    #0 0x55ca915fa191 in operator new(unsigned long) (/workspace/build-asan/tsc+0x15d191) (BuildId: 73a10d7cc646a755f705b0ae57418e68578aec2f)
    #1 0x7ff5c59b6da2  (/usr/lib/llvm-20/lib/libLLVM.so.20.1+0x1a9ada2) (BuildId: b856c61f98abf0989f157f153740fe0fadfbb760)
    #2 0x7ff5c6f3b039  (/usr/lib/llvm-20/lib/libLLVM.so.20.1+0x301f039) (BuildId: b856c61f98abf0989f157f153740fe0fadfbb760)
    #3 0x7ff5c6f3af97  (/usr/lib/llvm-20/lib/libLLVM.so.20.1+0x301ef97) (BuildId: b856c61f98abf0989f157f153740fe0fadfbb760)
    #4 0x7ff5c6f3998b  (/usr/lib/llvm-20/lib/libLLVM.so.20.1+0x301d98b) (BuildId: b856c61f98abf0989f157f153740fe0fadfbb760)
    #5 0x7ff5c6f398a6  (/usr/lib/llvm-20/lib/libLLVM.so.20.1+0x301d8a6) (BuildId: b856c61f98abf0989f157f153740fe0fadfbb760)
    #6 0x7ff5c6f3aa71  (/usr/lib/llvm-20/lib/libLLVM.so.20.1+0x301ea71) (BuildId: b856c61f98abf0989f157f153740fe0fadfbb760)
    #7 0x7ff5c7b28d6b  (/usr/lib/llvm-20/lib/libLLVM.so.20.1+0x3c0cd6b) (BuildId: b856c61f98abf0989f157f153740fe0fadfbb760)
    #8 0x7ff5c7b6091a  (/usr/lib/llvm-20/lib/libLLVM.so.20.1+0x3c4491a) (BuildId: b856c61f98abf0989f157f153740fe0fadfbb760)
    #9 0x7ff5c7b6188a  (/usr/lib/llvm-20/lib/libLLVM.so.20.1+0x3c4588a) (BuildId: b856c61f98abf0989f157f153740fe0fadfbb760)
    #10 0x7ff5c7b62b2c  (/usr/lib/llvm-20/lib/libLLVM.so.20.1+0x3c46b2c) (BuildId: b856c61f98abf0989f157f153740fe0fadfbb760)
    #11 0x55ca91648523 in llvm::Target::createTargetMachine(llvm::StringRef, llvm::StringRef, llvm::StringRef, llvm::TargetOptions const&, std::optional<llvm::Reloc::Model>, std::optional<llvm::CodeModel::Model>, llvm::CodeGenOptLevel, bool) const /usr/lib/llvm-20/include/llvm/MC/TargetRegistry.h:462:12
    #12 0x55ca9163a09e in tsc::TargetRegistry::initializeAllTargets() /workspace/src/TargetRegistry.cpp:67:41
    #13 0x55ca9162bdcd in tsc::Compiler::initializeLLVM() /workspace/src/Compiler.cpp:349:14
    #14 0x55ca9162b8b7 in tsc::Compiler::Compiler(tsc::CompilerOptions const&) /workspace/src/Compiler.cpp:24:5
    #15 0x55ca915fd7b5 in main /workspace/src/main.cpp:191:18
    #16 0x7ff5c395a337  (/lib/x86_64-linux-gnu/libc.so.6+0x2a337) (BuildId: 467f544f15035abef911999cbc14489edd0555ab)
    #17 0x7ff5c395a3fa in __libc_start_main (/lib/x86_64-linux-gnu/libc.so.6+0x2a3fa) (BuildId: 467f544f15035abef911999cbc14489edd0555ab)
    #18 0x55ca91511b64 in _start (/workspace/build-asan/tsc+0x74b64) (BuildId: 73a10d7cc646a755f705b0ae57418e68578aec2f)

Indirect leak of 112 byte(s) in 2 object(s) allocated from:
    #0 0x55ca915fa191 in operator new(unsigned long) (/workspace/build-asan/tsc+0x15d191) (BuildId: 73a10d7cc646a755f705b0ae57418e68578aec2f)
    #1 0x7ff5c59b6da2  (/usr/lib/llvm-20/lib/libLLVM.so.20.1+0x1a9ada2) (BuildId: b856c61f98abf0989f157f153740fe0fadfbb760)
    #2 0x7ff5c6f3b008  (/usr/lib/llvm-20/lib/libLLVM.so.20.1+0x301f008) (BuildId: b856c61f98abf0989f157f153740fe0fadfbb760)
    #3 0x7ff5c6f3af97  (/usr/lib/llvm-20/lib/libLLVM.so.20.1+0x301ef97) (BuildId: b856c61f98abf0989f157f153740fe0fadfbb760)
    #4 0x7ff5c6f3998b  (/usr/lib/llvm-20/lib/libLLVM.so.20.1+0x301d98b) (BuildId: b856c61f98abf0989f157f153740fe0fadfbb760)
    #5 0x7ff5c6f398a6  (/usr/lib/llvm-20/lib/libLLVM.so.20.1+0x301d8a6) (BuildId: b856c61f98abf0989f157f153740fe0fadfbb760)
    #6 0x7ff5c6f3aa71  (/usr/lib/llvm-20/lib/libLLVM.so.20.1+0x301ea71) (BuildId: b856c61f98abf0989f157f153740fe0fadfbb760)
    #7 0x7ff5c7b28d6b  (/usr/lib/llvm-20/lib/libLLVM.so.20.1+0x3c0cd6b) (BuildId: b856c61f98abf0989f157f153740fe0fadfbb760)
    #8 0x7ff5c7b6091a  (/usr/lib/llvm-20/lib/libLLVM.so.20.1+0x3c4491a) (BuildId: b856c61f98abf0989f157f153740fe0fadfbb760)
    #9 0x7ff5c7b6188a  (/usr/lib/llvm-20/lib/libLLVM.so.20.1+0x3c4588a) (BuildId: b856c61f98abf0989f157f153740fe0fadfbb760)
    #10 0x7ff5c7b62b2c  (/usr/lib/llvm-20/lib/libLLVM.so.20.1+0x3c46b2c) (BuildId: b856c61f98abf0989f157f153740fe0fadfbb760)
    #11 0x55ca91648523 in llvm::Target::createTargetMachine(llvm::StringRef, llvm::StringRef, llvm::StringRef, llvm::TargetOptions const&, std::optional<llvm::Reloc::Model>, std::optional<llvm::CodeModel::Model>, llvm::CodeGenOptLevel, bool) const /usr/lib/llvm-20/include/llvm/MC/TargetRegistry.h:462:12
    #12 0x55ca9163a09e in tsc::TargetRegistry::initializeAllTargets() /workspace/src/TargetRegistry.cpp:67:41
    #13 0x55ca9162bdcd in tsc::Compiler::initializeLLVM() /workspace/src/Compiler.cpp:349:14
    #14 0x55ca9162b8b7 in tsc::Compiler::Compiler(tsc::CompilerOptions const&) /workspace/src/Compiler.cpp:24:5
    #15 0x55ca915fd7b5 in main /workspace/src/main.cpp:191:18
    #16 0x7ff5c395a337  (/lib/x86_64-linux-gnu/libc.so.6+0x2a337) (BuildId: 467f544f15035abef911999cbc14489edd0555ab)
    #17 0x7ff5c395a3fa in __libc_start_main (/lib/x86_64-linux-gnu/libc.so.6+0x2a3fa) (BuildId: 467f544f15035abef911999cbc14489edd0555ab)
    #18 0x55ca91511b64 in _start (/workspace/build-asan/tsc+0x74b64) (BuildId: 73a10d7cc646a755f705b0ae57418e68578aec2f)

Indirect leak of 112 byte(s) in 2 object(s) allocated from:
    #0 0x55ca915fa191 in operator new(unsigned long) (/workspace/build-asan/tsc+0x15d191) (BuildId: 73a10d7cc646a755f705b0ae57418e68578aec2f)
    #1 0x7ff5c59b6da2  (/usr/lib/llvm-20/lib/libLLVM.so.20.1+0x1a9ada2) (BuildId: b856c61f98abf0989f157f153740fe0fadfbb760)
    #2 0x7ff5c6f3998b  (/usr/lib/llvm-20/lib/libLLVM.so.20.1+0x301d98b) (BuildId: b856c61f98abf0989f157f153740fe0fadfbb760)
    #3 0x7ff5c6f398a6  (/usr/lib/llvm-20/lib/libLLVM.so.20.1+0x301d8a6) (BuildId: b856c61f98abf0989f157f153740fe0fadfbb760)
    #4 0x7ff5c7b28a1b  (/usr/lib/llvm-20/lib/libLLVM.so.20.1+0x3c0ca1b) (BuildId: b856c61f98abf0989f157f153740fe0fadfbb760)
    #5 0x7ff5c7b6091a  (/usr/lib/llvm-20/lib/libLLVM.so.20.1+0x3c4491a) (BuildId: b856c61f98abf0989f157f153740fe0fadfbb760)
    #6 0x7ff5c7b6188a  (/usr/lib/llvm-20/lib/libLLVM.so.20.1+0x3c4588a) (BuildId: b856c61f98abf0989f157f153740fe0fadfbb760)
    #7 0x7ff5c7b62b2c  (/usr/lib/llvm-20/lib/libLLVM.so.20.1+0x3c46b2c) (BuildId: b856c61f98abf0989f157f153740fe0fadfbb760)
    #8 0x55ca91648523 in llvm::Target::createTargetMachine(llvm::StringRef, llvm::StringRef, llvm::StringRef, llvm::TargetOptions const&, std::optional<llvm::Reloc::Model>, std::optional<llvm::CodeModel::Model>, llvm::CodeGenOptLevel, bool) const /usr/lib/llvm-20/include/llvm/MC/TargetRegistry.h:462:12
    #9 0x55ca9163a09e in tsc::TargetRegistry::initializeAllTargets() /workspace/src/TargetRegistry.cpp:67:41
    #10 0x55ca9162bdcd in tsc::Compiler::initializeLLVM() /workspace/src/Compiler.cpp:349:14
    #11 0x55ca9162b8b7 in tsc::Compiler::Compiler(tsc::CompilerOptions const&) /workspace/src/Compiler.cpp:24:5
    #12 0x55ca915fd7b5 in main /workspace/src/main.cpp:191:18
    #13 0x7ff5c395a337  (/lib/x86_64-linux-gnu/libc.so.6+0x2a337) (BuildId: 467f544f15035abef911999cbc14489edd0555ab)
    #14 0x7ff5c395a3fa in __libc_start_main (/lib/x86_64-linux-gnu/libc.so.6+0x2a3fa) (BuildId: 467f544f15035abef911999cbc14489edd0555ab)
    #15 0x55ca91511b64 in _start (/workspace/build-asan/tsc+0x74b64) (BuildId: 73a10d7cc646a755f705b0ae57418e68578aec2f)

Indirect leak of 112 byte(s) in 2 object(s) allocated from:
    #0 0x55ca915fa191 in operator new(unsigned long) (/workspace/build-asan/tsc+0x15d191) (BuildId: 73a10d7cc646a755f705b0ae57418e68578aec2f)
    #1 0x7ff5c59b6da2  (/usr/lib/llvm-20/lib/libLLVM.so.20.1+0x1a9ada2) (BuildId: b856c61f98abf0989f157f153740fe0fadfbb760)
    #2 0x7ff5c6f3998b  (/usr/lib/llvm-20/lib/libLLVM.so.20.1+0x301d98b) (BuildId: b856c61f98abf0989f157f153740fe0fadfbb760)
    #3 0x7ff5c6f398a6  (/usr/lib/llvm-20/lib/libLLVM.so.20.1+0x301d8a6) (BuildId: b856c61f98abf0989f157f153740fe0fadfbb760)
    #4 0x7ff5c7b286d3  (/usr/lib/llvm-20/lib/libLLVM.so.20.1+0x3c0c6d3) (BuildId: b856c61f98abf0989f157f153740fe0fadfbb760)
    #5 0x7ff5c7b6091a  (/usr/lib/llvm-20/lib/libLLVM.so.20.1+0x3c4491a) (BuildId: b856c61f98abf0989f157f153740fe0fadfbb760)
    #6 0x7ff5c7b6188a  (/usr/lib/llvm-20/lib/libLLVM.so.20.1+0x3c4588a) (BuildId: b856c61f98abf0989f157f153740fe0fadfbb760)
    #7 0x7ff5c7b62b2c  (/usr/lib/llvm-20/lib/libLLVM.so.20.1+0x3c46b2c) (BuildId: b856c61f98abf0989f157f153740fe0fadfbb760)
    #8 0x55ca91648523 in llvm::Target::createTargetMachine(llvm::StringRef, llvm::StringRef, llvm::StringRef, llvm::TargetOptions const&, std::optional<llvm::Reloc::Model>, std::optional<llvm::CodeModel::Model>, llvm::CodeGenOptLevel, bool) const /usr/lib/llvm-20/include/llvm/MC/TargetRegistry.h:462:12
    #9 0x55ca9163a09e in tsc::TargetRegistry::initializeAllTargets() /workspace/src/TargetRegistry.cpp:67:41
    #10 0x55ca9162bdcd in tsc::Compiler::initializeLLVM() /workspace/src/Compiler.cpp:349:14
    #11 0x55ca9162b8b7 in tsc::Compiler::Compiler(tsc::CompilerOptions const&) /workspace/src/Compiler.cpp:24:5
    #12 0x55ca915fd7b5 in main /workspace/src/main.cpp:191:18
    #13 0x7ff5c395a337  (/lib/x86_64-linux-gnu/libc.so.6+0x2a337) (BuildId: 467f544f15035abef911999cbc14489edd0555ab)
    #14 0x7ff5c395a3fa in __libc_start_main (/lib/x86_64-linux-gnu/libc.so.6+0x2a3fa) (BuildId: 467f544f15035abef911999cbc14489edd0555ab)
    #15 0x55ca91511b64 in _start (/workspace/build-asan/tsc+0x74b64) (BuildId: 73a10d7cc646a755f705b0ae57418e68578aec2f)

Indirect leak of 112 byte(s) in 2 object(s) allocated from:
    #0 0x55ca915fa191 in operator new(unsigned long) (/workspace/build-asan/tsc+0x15d191) (BuildId: 73a10d7cc646a755f705b0ae57418e68578aec2f)
    #1 0x7ff5c59b6da2  (/usr/lib/llvm-20/lib/libLLVM.so.20.1+0x1a9ada2) (BuildId: b856c61f98abf0989f157f153740fe0fadfbb760)
    #2 0x7ff5c6f3b039  (/usr/lib/llvm-20/lib/libLLVM.so.20.1+0x301f039) (BuildId: b856c61f98abf0989f157f153740fe0fadfbb760)
    #3 0x7ff5c6f3af97  (/usr/lib/llvm-20/lib/libLLVM.so.20.1+0x301ef97) (BuildId: b856c61f98abf0989f157f153740fe0fadfbb760)
    #4 0x7ff5c6f3998b  (/usr/lib/llvm-20/lib/libLLVM.so.20.1+0x301d98b) (BuildId: b856c61f98abf0989f157f153740fe0fadfbb760)
    #5 0x7ff5c6f398a6  (/usr/lib/llvm-20/lib/libLLVM.so.20.1+0x301d8a6) (BuildId: b856c61f98abf0989f157f153740fe0fadfbb760)
    #6 0x7ff5c6f3aa71  (/usr/lib/llvm-20/lib/libLLVM.so.20.1+0x301ea71) (BuildId: b856c61f98abf0989f157f153740fe0fadfbb760)
    #7 0x7ff5c7b29e11  (/usr/lib/llvm-20/lib/libLLVM.so.20.1+0x3c0de11) (BuildId: b856c61f98abf0989f157f153740fe0fadfbb760)
    #8 0x7ff5c7b6091a  (/usr/lib/llvm-20/lib/libLLVM.so.20.1+0x3c4491a) (BuildId: b856c61f98abf0989f157f153740fe0fadfbb760)
    #9 0x7ff5c7b61710  (/usr/lib/llvm-20/lib/libLLVM.so.20.1+0x3c45710) (BuildId: b856c61f98abf0989f157f153740fe0fadfbb760)
    #10 0x7ff5c7b62b2c  (/usr/lib/llvm-20/lib/libLLVM.so.20.1+0x3c46b2c) (BuildId: b856c61f98abf0989f157f153740fe0fadfbb760)
    #11 0x55ca91648523 in llvm::Target::createTargetMachine(llvm::StringRef, llvm::StringRef, llvm::StringRef, llvm::TargetOptions const&, std::optional<llvm::Reloc::Model>, std::optional<llvm::CodeModel::Model>, llvm::CodeGenOptLevel, bool) const /usr/lib/llvm-20/include/llvm/MC/TargetRegistry.h:462:12
    #12 0x55ca9163a09e in tsc::TargetRegistry::initializeAllTargets() /workspace/src/TargetRegistry.cpp:67:41
    #13 0x55ca9162bdcd in tsc::Compiler::initializeLLVM() /workspace/src/Compiler.cpp:349:14
    #14 0x55ca9162b8b7 in tsc::Compiler::Compiler(tsc::CompilerOptions const&) /workspace/src/Compiler.cpp:24:5
    #15 0x55ca915fd7b5 in main /workspace/src/main.cpp:191:18
    #16 0x7ff5c395a337  (/lib/x86_64-linux-gnu/libc.so.6+0x2a337) (BuildId: 467f544f15035abef911999cbc14489edd0555ab)
    #17 0x7ff5c395a3fa in __libc_start_main (/lib/x86_64-linux-gnu/libc.so.6+0x2a3fa) (BuildId: 467f544f15035abef911999cbc14489edd0555ab)
    #18 0x55ca91511b64 in _start (/workspace/build-asan/tsc+0x74b64) (BuildId: 73a10d7cc646a755f705b0ae57418e68578aec2f)

Indirect leak of 112 byte(s) in 2 object(s) allocated from:
    #0 0x55ca915fa191 in operator new(unsigned long) (/workspace/build-asan/tsc+0x15d191) (BuildId: 73a10d7cc646a755f705b0ae57418e68578aec2f)
    #1 0x7ff5c59b6da2  (/usr/lib/llvm-20/lib/libLLVM.so.20.1+0x1a9ada2) (BuildId: b856c61f98abf0989f157f153740fe0fadfbb760)
    #2 0x7ff5c6f3b008  (/usr/lib/llvm-20/lib/libLLVM.so.20.1+0x301f008) (BuildId: b856c61f98abf0989f157f153740fe0fadfbb760)
    #3 0x7ff5c6f3af97  (/usr/lib/llvm-20/lib/libLLVM.so.20.1+0x301ef97) (BuildId: b856c61f98abf0989f157f153740fe0fadfbb760)
    #4 0x7ff5c6f3998b  (/usr/lib/llvm-20/lib/libLLVM.so.20.1+0x301d98b) (BuildId: b856c61f98abf0989f157f153740fe0fadfbb760)
    #5 0x7ff5c6f398a6  (/usr/lib/llvm-20/lib/libLLVM.so.20.1+0x301d8a6) (BuildId: b856c61f98abf0989f157f153740fe0fadfbb760)
    #6 0x7ff5c6f3aa71  (/usr/lib/llvm-20/lib/libLLVM.so.20.1+0x301ea71) (BuildId: b856c61f98abf0989f157f153740fe0fadfbb760)
    #7 0x7ff5c7b29e11  (/usr/lib/llvm-20/lib/libLLVM.so.20.1+0x3c0de11) (BuildId: b856c61f98abf0989f157f153740fe0fadfbb760)
    #8 0x7ff5c7b6091a  (/usr/lib/llvm-20/lib/libLLVM.so.20.1+0x3c4491a) (BuildId: b856c61f98abf0989f157f153740fe0fadfbb760)
    #9 0x7ff5c7b61710  (/usr/lib/llvm-20/lib/libLLVM.so.20.1+0x3c45710) (BuildId: b856c61f98abf0989f157f153740fe0fadfbb760)
    #10 0x7ff5c7b62b2c  (/usr/lib/llvm-20/lib/libLLVM.so.20.1+0x3c46b2c) (BuildId: b856c61f98abf0989f157f153740fe0fadfbb760)
    #11 0x55ca91648523 in llvm::Target::createTargetMachine(llvm::StringRef, llvm::StringRef, llvm::StringRef, llvm::TargetOptions const&, std::optional<llvm::Reloc::Model>, std::optional<llvm::CodeModel::Model>, llvm::CodeGenOptLevel, bool) const /usr/lib/llvm-20/include/llvm/MC/TargetRegistry.h:462:12
    #12 0x55ca9163a09e in tsc::TargetRegistry::initializeAllTargets() /workspace/src/TargetRegistry.cpp:67:41
    #13 0x55ca9162bdcd in tsc::Compiler::initializeLLVM() /workspace/src/Compiler.cpp:349:14
    #14 0x55ca9162b8b7 in tsc::Compiler::Compiler(tsc::CompilerOptions const&) /workspace/src/Compiler.cpp:24:5
    #15 0x55ca915fd7b5 in main /workspace/src/main.cpp:191:18
    #16 0x7ff5c395a337  (/lib/x86_64-linux-gnu/libc.so.6+0x2a337) (BuildId: 467f544f15035abef911999cbc14489edd0555ab)
    #17 0x7ff5c395a3fa in __libc_start_main (/lib/x86_64-linux-gnu/libc.so.6+0x2a3fa) (BuildId: 467f544f15035abef911999cbc14489edd0555ab)
    #18 0x55ca91511b64 in _start (/workspace/build-asan/tsc+0x74b64) (BuildId: 73a10d7cc646a755f705b0ae57418e68578aec2f)

Indirect leak of 112 byte(s) in 2 object(s) allocated from:
    #0 0x55ca915fa191 in operator new(unsigned long) (/workspace/build-asan/tsc+0x15d191) (BuildId: 73a10d7cc646a755f705b0ae57418e68578aec2f)
    #1 0x7ff5c59b6da2  (/usr/lib/llvm-20/lib/libLLVM.so.20.1+0x1a9ada2) (BuildId: b856c61f98abf0989f157f153740fe0fadfbb760)
    #2 0x7ff5c6f3b039  (/usr/lib/llvm-20/lib/libLLVM.so.20.1+0x301f039) (BuildId: b856c61f98abf0989f157f153740fe0fadfbb760)
    #3 0x7ff5c6f3af97  (/usr/lib/llvm-20/lib/libLLVM.so.20.1+0x301ef97) (BuildId: b856c61f98abf0989f157f153740fe0fadfbb760)
    #4 0x7ff5c6f3998b  (/usr/lib/llvm-20/lib/libLLVM.so.20.1+0x301d98b) (BuildId: b856c61f98abf0989f157f153740fe0fadfbb760)
    #5 0x7ff5c6f398a6  (/usr/lib/llvm-20/lib/libLLVM.so.20.1+0x301d8a6) (BuildId: b856c61f98abf0989f157f153740fe0fadfbb760)
    #6 0x7ff5c6f3aa71  (/usr/lib/llvm-20/lib/libLLVM.so.20.1+0x301ea71) (BuildId: b856c61f98abf0989f157f153740fe0fadfbb760)
    #7 0x7ff5c7b29ddf  (/usr/lib/llvm-20/lib/libLLVM.so.20.1+0x3c0dddf) (BuildId: b856c61f98abf0989f157f153740fe0fadfbb760)
    #8 0x7ff5c7b6091a  (/usr/lib/llvm-20/lib/libLLVM.so.20.1+0x3c4491a) (BuildId: b856c61f98abf0989f157f153740fe0fadfbb760)
    #9 0x7ff5c7b61710  (/usr/lib/llvm-20/lib/libLLVM.so.20.1+0x3c45710) (BuildId: b856c61f98abf0989f157f153740fe0fadfbb760)
    #10 0x7ff5c7b62b2c  (/usr/lib/llvm-20/lib/libLLVM.so.20.1+0x3c46b2c) (BuildId: b856c61f98abf0989f157f153740fe0fadfbb760)
    #11 0x55ca91648523 in llvm::Target::createTargetMachine(llvm::StringRef, llvm::StringRef, llvm::StringRef, llvm::TargetOptions const&, std::optional<llvm::Reloc::Model>, std::optional<llvm::CodeModel::Model>, llvm::CodeGenOptLevel, bool) const /usr/lib/llvm-20/include/llvm/MC/TargetRegistry.h:462:12
    #12 0x55ca9163a09e in tsc::TargetRegistry::initializeAllTargets() /workspace/src/TargetRegistry.cpp:67:41
    #13 0x55ca9162bdcd in tsc::Compiler::initializeLLVM() /workspace/src/Compiler.cpp:349:14
    #14 0x55ca9162b8b7 in tsc::Compiler::Compiler(tsc::CompilerOptions const&) /workspace/src/Compiler.cpp:24:5
    #15 0x55ca915fd7b5 in main /workspace/src/main.cpp:191:18
    #16 0x7ff5c395a337  (/lib/x86_64-linux-gnu/libc.so.6+0x2a337) (BuildId: 467f544f15035abef911999cbc14489edd0555ab)
    #17 0x7ff5c395a3fa in __libc_start_main (/lib/x86_64-linux-gnu/libc.so.6+0x2a3fa) (BuildId: 467f544f15035abef911999cbc14489edd0555ab)
    #18 0x55ca91511b64 in _start (/workspace/build-asan/tsc+0x74b64) (BuildId: 73a10d7cc646a755f705b0ae57418e68578aec2f)

Indirect leak of 112 byte(s) in 2 object(s) allocated from:
    #0 0x55ca915fa191 in operator new(unsigned long) (/workspace/build-asan/tsc+0x15d191) (BuildId: 73a10d7cc646a755f705b0ae57418e68578aec2f)
    #1 0x7ff5c59b6da2  (/usr/lib/llvm-20/lib/libLLVM.so.20.1+0x1a9ada2) (BuildId: b856c61f98abf0989f157f153740fe0fadfbb760)
    #2 0x7ff5c6f3b008  (/usr/lib/llvm-20/lib/libLLVM.so.20.1+0x301f008) (BuildId: b856c61f98abf0989f157f153740fe0fadfbb760)
    #3 0x7ff5c6f3af97  (/usr/lib/llvm-20/lib/libLLVM.so.20.1+0x301ef97) (BuildId: b856c61f98abf0989f157f153740fe0fadfbb760)
    #4 0x7ff5c6f3998b  (/usr/lib/llvm-20/lib/libLLVM.so.20.1+0x301d98b) (BuildId: b856c61f98abf0989f157f153740fe0fadfbb760)
    #5 0x7ff5c6f398a6  (/usr/lib/llvm-20/lib/libLLVM.so.20.1+0x301d8a6) (BuildId: b856c61f98abf0989f157f153740fe0fadfbb760)
    #6 0x7ff5c6f3aa71  (/usr/lib/llvm-20/lib/libLLVM.so.20.1+0x301ea71) (BuildId: b856c61f98abf0989f157f153740fe0fadfbb760)
    #7 0x7ff5c7b29ddf  (/usr/lib/llvm-20/lib/libLLVM.so.20.1+0x3c0dddf) (BuildId: b856c61f98abf0989f157f153740fe0fadfbb760)
    #8 0x7ff5c7b6091a  (/usr/lib/llvm-20/lib/libLLVM.so.20.1+0x3c4491a) (BuildId: b856c61f98abf0989f157f153740fe0fadfbb760)
    #9 0x7ff5c7b61710  (/usr/lib/llvm-20/lib/libLLVM.so.20.1+0x3c45710) (BuildId: b856c61f98abf0989f157f153740fe0fadfbb760)
    #10 0x7ff5c7b62b2c  (/usr/lib/llvm-20/lib/libLLVM.so.20.1+0x3c46b2c) (BuildId: b856c61f98abf0989f157f153740fe0fadfbb760)
    #11 0x55ca91648523 in llvm::Target::createTargetMachine(llvm::StringRef, llvm::StringRef, llvm::StringRef, llvm::TargetOptions const&, std::optional<llvm::Reloc::Model>, std::optional<llvm::CodeModel::Model>, llvm::CodeGenOptLevel, bool) const /usr/lib/llvm-20/include/llvm/MC/TargetRegistry.h:462:12
    #12 0x55ca9163a09e in tsc::TargetRegistry::initializeAllTargets() /workspace/src/TargetRegistry.cpp:67:41
    #13 0x55ca9162bdcd in tsc::Compiler::initializeLLVM() /workspace/src/Compiler.cpp:349:14
    #14 0x55ca9162b8b7 in tsc::Compiler::Compiler(tsc::CompilerOptions const&) /workspace/src/Compiler.cpp:24:5
    #15 0x55ca915fd7b5 in main /workspace/src/main.cpp:191:18
    #16 0x7ff5c395a337  (/lib/x86_64-linux-gnu/libc.so.6+0x2a337) (BuildId: 467f544f15035abef911999cbc14489edd0555ab)
    #17 0x7ff5c395a3fa in __libc_start_main (/lib/x86_64-linux-gnu/libc.so.6+0x2a3fa) (BuildId: 467f544f15035abef911999cbc14489edd0555ab)
    #18 0x55ca91511b64 in _start (/workspace/build-asan/tsc+0x74b64) (BuildId: 73a10d7cc646a755f705b0ae57418e68578aec2f)

Indirect leak of 112 byte(s) in 2 object(s) allocated from:
    #0 0x55ca915fa191 in operator new(unsigned long) (/workspace/build-asan/tsc+0x15d191) (BuildId: 73a10d7cc646a755f705b0ae57418e68578aec2f)
    #1 0x7ff5c59b6da2  (/usr/lib/llvm-20/lib/libLLVM.so.20.1+0x1a9ada2) (BuildId: b856c61f98abf0989f157f153740fe0fadfbb760)
    #2 0x7ff5c6f3b039  (/usr/lib/llvm-20/lib/libLLVM.so.20.1+0x301f039) (BuildId: b856c61f98abf0989f157f153740fe0fadfbb760)
    #3 0x7ff5c6f3af97  (/usr/lib/llvm-20/lib/libLLVM.so.20.1+0x301ef97) (BuildId: b856c61f98abf0989f157f153740fe0fadfbb760)
    #4 0x7ff5c6f3998b  (/usr/lib/llvm-20/lib/libLLVM.so.20.1+0x301d98b) (BuildId: b856c61f98abf0989f157f153740fe0fadfbb760)
    #5 0x7ff5c6f398a6  (/usr/lib/llvm-20/lib/libLLVM.so.20.1+0x301d8a6) (BuildId: b856c61f98abf0989f157f153740fe0fadfbb760)
    #6 0x7ff5c6f3aa71  (/usr/lib/llvm-20/lib/libLLVM.so.20.1+0x301ea71) (BuildId: b856c61f98abf0989f157f153740fe0fadfbb760)
    #7 0x7ff5c7b29d8d  (/usr/lib/llvm-20/lib/libLLVM.so.20.1+0x3c0dd8d) (BuildId: b856c61f98abf0989f157f153740fe0fadfbb760)
    #8 0x7ff5c7b6091a  (/usr/lib/llvm-20/lib/libLLVM.so.20.1+0x3c4491a) (BuildId: b856c61f98abf0989f157f153740fe0fadfbb760)
    #9 0x7ff5c7b61710  (/usr/lib/llvm-20/lib/libLLVM.so.20.1+0x3c45710) (BuildId: b856c61f98abf0989f157f153740fe0fadfbb760)
    #10 0x7ff5c7b62b2c  (/usr/lib/llvm-20/lib/libLLVM.so.20.1+0x3c46b2c) (BuildId: b856c61f98abf0989f157f153740fe0fadfbb760)
    #11 0x55ca91648523 in llvm::Target::createTargetMachine(llvm::StringRef, llvm::StringRef, llvm::StringRef, llvm::TargetOptions const&, std::optional<llvm::Reloc::Model>, std::optional<llvm::CodeModel::Model>, llvm::CodeGenOptLevel, bool) const /usr/lib/llvm-20/include/llvm/MC/TargetRegistry.h:462:12
    #12 0x55ca9163a09e in tsc::TargetRegistry::initializeAllTargets() /workspace/src/TargetRegistry.cpp:67:41
    #13 0x55ca9162bdcd in tsc::Compiler::initializeLLVM() /workspace/src/Compiler.cpp:349:14
    #14 0x55ca9162b8b7 in tsc::Compiler::Compiler(tsc::CompilerOptions const&) /workspace/src/Compiler.cpp:24:5
    #15 0x55ca915fd7b5 in main /workspace/src/main.cpp:191:18
    #16 0x7ff5c395a337  (/lib/x86_64-linux-gnu/libc.so.6+0x2a337) (BuildId: 467f544f15035abef911999cbc14489edd0555ab)
    #17 0x7ff5c395a3fa in __libc_start_main (/lib/x86_64-linux-gnu/libc.so.6+0x2a3fa) (BuildId: 467f544f15035abef911999cbc14489edd0555ab)
    #18 0x55ca91511b64 in _start (/workspace/build-asan/tsc+0x74b64) (BuildId: 73a10d7cc646a755f705b0ae57418e68578aec2f)

Indirect leak of 112 byte(s) in 2 object(s) allocated from:
    #0 0x55ca915fa191 in operator new(unsigned long) (/workspace/build-asan/tsc+0x15d191) (BuildId: 73a10d7cc646a755f705b0ae57418e68578aec2f)
    #1 0x7ff5c59b6da2  (/usr/lib/llvm-20/lib/libLLVM.so.20.1+0x1a9ada2) (BuildId: b856c61f98abf0989f157f153740fe0fadfbb760)
    #2 0x7ff5c6f3b008  (/usr/lib/llvm-20/lib/libLLVM.so.20.1+0x301f008) (BuildId: b856c61f98abf0989f157f153740fe0fadfbb760)
    #3 0x7ff5c6f3af97  (/usr/lib/llvm-20/lib/libLLVM.so.20.1+0x301ef97) (BuildId: b856c61f98abf0989f157f153740fe0fadfbb760)
    #4 0x7ff5c6f3998b  (/usr/lib/llvm-20/lib/libLLVM.so.20.1+0x301d98b) (BuildId: b856c61f98abf0989f157f153740fe0fadfbb760)
    #5 0x7ff5c6f398a6  (/usr/lib/llvm-20/lib/libLLVM.so.20.1+0x301d8a6) (BuildId: b856c61f98abf0989f157f153740fe0fadfbb760)
    #6 0x7ff5c6f3aa71  (/usr/lib/llvm-20/lib/libLLVM.so.20.1+0x301ea71) (BuildId: b856c61f98abf0989f157f153740fe0fadfbb760)
    #7 0x7ff5c7b29d8d  (/usr/lib/llvm-20/lib/libLLVM.so.20.1+0x3c0dd8d) (BuildId: b856c61f98abf0989f157f153740fe0fadfbb760)
    #8 0x7ff5c7b6091a  (/usr/lib/llvm-20/lib/libLLVM.so.20.1+0x3c4491a) (BuildId: b856c61f98abf0989f157f153740fe0fadfbb760)
    #9 0x7ff5c7b61710  (/usr/lib/llvm-20/lib/libLLVM.so.20.1+0x3c45710) (BuildId: b856c61f98abf0989f157f153740fe0fadfbb760)
    #10 0x7ff5c7b62b2c  (/usr/lib/llvm-20/lib/libLLVM.so.20.1+0x3c46b2c) (BuildId: b856c61f98abf0989f157f153740fe0fadfbb760)
    #11 0x55ca91648523 in llvm::Target::createTargetMachine(llvm::StringRef, llvm::StringRef, llvm::StringRef, llvm::TargetOptions const&, std::optional<llvm::Reloc::Model>, std::optional<llvm::CodeModel::Model>, llvm::CodeGenOptLevel, bool) const /usr/lib/llvm-20/include/llvm/MC/TargetRegistry.h:462:12
    #12 0x55ca9163a09e in tsc::TargetRegistry::initializeAllTargets() /workspace/src/TargetRegistry.cpp:67:41
    #13 0x55ca9162bdcd in tsc::Compiler::initializeLLVM() /workspace/src/Compiler.cpp:349:14
    #14 0x55ca9162b8b7 in tsc::Compiler::Compiler(tsc::CompilerOptions const&) /workspace/src/Compiler.cpp:24:5
    #15 0x55ca915fd7b5 in main /workspace/src/main.cpp:191:18
    #16 0x7ff5c395a337  (/lib/x86_64-linux-gnu/libc.so.6+0x2a337) (BuildId: 467f544f15035abef911999cbc14489edd0555ab)
    #17 0x7ff5c395a3fa in __libc_start_main (/lib/x86_64-linux-gnu/libc.so.6+0x2a3fa) (BuildId: 467f544f15035abef911999cbc14489edd0555ab)
    #18 0x55ca91511b64 in _start (/workspace/build-asan/tsc+0x74b64) (BuildId: 73a10d7cc646a755f705b0ae57418e68578aec2f)

Indirect leak of 112 byte(s) in 2 object(s) allocated from:
    #0 0x55ca915fa191 in operator new(unsigned long) (/workspace/build-asan/tsc+0x15d191) (BuildId: 73a10d7cc646a755f705b0ae57418e68578aec2f)
    #1 0x7ff5c59b6da2  (/usr/lib/llvm-20/lib/libLLVM.so.20.1+0x1a9ada2) (BuildId: b856c61f98abf0989f157f153740fe0fadfbb760)
    #2 0x7ff5c6f3b039  (/usr/lib/llvm-20/lib/libLLVM.so.20.1+0x301f039) (BuildId: b856c61f98abf0989f157f153740fe0fadfbb760)
    #3 0x7ff5c6f3af97  (/usr/lib/llvm-20/lib/libLLVM.so.20.1+0x301ef97) (BuildId: b856c61f98abf0989f157f153740fe0fadfbb760)
    #4 0x7ff5c6f3998b  (/usr/lib/llvm-20/lib/libLLVM.so.20.1+0x301d98b) (BuildId: b856c61f98abf0989f157f153740fe0fadfbb760)
    #5 0x7ff5c6f398a6  (/usr/lib/llvm-20/lib/libLLVM.so.20.1+0x301d8a6) (BuildId: b856c61f98abf0989f157f153740fe0fadfbb760)
    #6 0x7ff5c6f3aa71  (/usr/lib/llvm-20/lib/libLLVM.so.20.1+0x301ea71) (BuildId: b856c61f98abf0989f157f153740fe0fadfbb760)
    #7 0x7ff5c7b29d5b  (/usr/lib/llvm-20/lib/libLLVM.so.20.1+0x3c0dd5b) (BuildId: b856c61f98abf0989f157f153740fe0fadfbb760)
    #8 0x7ff5c7b6091a  (/usr/lib/llvm-20/lib/libLLVM.so.20.1+0x3c4491a) (BuildId: b856c61f98abf0989f157f153740fe0fadfbb760)
    #9 0x7ff5c7b61710  (/usr/lib/llvm-20/lib/libLLVM.so.20.1+0x3c45710) (BuildId: b856c61f98abf0989f157f153740fe0fadfbb760)
    #10 0x7ff5c7b62b2c  (/usr/lib/llvm-20/lib/libLLVM.so.20.1+0x3c46b2c) (BuildId: b856c61f98abf0989f157f153740fe0fadfbb760)
    #11 0x55ca91648523 in llvm::Target::createTargetMachine(llvm::StringRef, llvm::StringRef, llvm::StringRef, llvm::TargetOptions const&, std::optional<llvm::Reloc::Model>, std::optional<llvm::CodeModel::Model>, llvm::CodeGenOptLevel, bool) const /usr/lib/llvm-20/include/llvm/MC/TargetRegistry.h:462:12
    #12 0x55ca9163a09e in tsc::TargetRegistry::initializeAllTargets() /workspace/src/TargetRegistry.cpp:67:41
    #13 0x55ca9162bdcd in tsc::Compiler::initializeLLVM() /workspace/src/Compiler.cpp:349:14
    #14 0x55ca9162b8b7 in tsc::Compiler::Compiler(tsc::CompilerOptions const&) /workspace/src/Compiler.cpp:24:5
    #15 0x55ca915fd7b5 in main /workspace/src/main.cpp:191:18
    #16 0x7ff5c395a337  (/lib/x86_64-linux-gnu/libc.so.6+0x2a337) (BuildId: 467f544f15035abef911999cbc14489edd0555ab)
    #17 0x7ff5c395a3fa in __libc_start_main (/lib/x86_64-linux-gnu/libc.so.6+0x2a3fa) (BuildId: 467f544f15035abef911999cbc14489edd0555ab)
    #18 0x55ca91511b64 in _start (/workspace/build-asan/tsc+0x74b64) (BuildId: 73a10d7cc646a755f705b0ae57418e68578aec2f)

Indirect leak of 112 byte(s) in 2 object(s) allocated from:
    #0 0x55ca915fa191 in operator new(unsigned long) (/workspace/build-asan/tsc+0x15d191) (BuildId: 73a10d7cc646a755f705b0ae57418e68578aec2f)
    #1 0x7ff5c59b6da2  (/usr/lib/llvm-20/lib/libLLVM.so.20.1+0x1a9ada2) (BuildId: b856c61f98abf0989f157f153740fe0fadfbb760)
    #2 0x7ff5c6f3b008  (/usr/lib/llvm-20/lib/libLLVM.so.20.1+0x301f008) (BuildId: b856c61f98abf0989f157f153740fe0fadfbb760)
    #3 0x7ff5c6f3af97  (/usr/lib/llvm-20/lib/libLLVM.so.20.1+0x301ef97) (BuildId: b856c61f98abf0989f157f153740fe0fadfbb760)
    #4 0x7ff5c6f3998b  (/usr/lib/llvm-20/lib/libLLVM.so.20.1+0x301d98b) (BuildId: b856c61f98abf0989f157f153740fe0fadfbb760)
    #5 0x7ff5c6f398a6  (/usr/lib/llvm-20/lib/libLLVM.so.20.1+0x301d8a6) (BuildId: b856c61f98abf0989f157f153740fe0fadfbb760)
    #6 0x7ff5c6f3aa71  (/usr/lib/llvm-20/lib/libLLVM.so.20.1+0x301ea71) (BuildId: b856c61f98abf0989f157f153740fe0fadfbb760)
    #7 0x7ff5c7b29d5b  (/usr/lib/llvm-20/lib/libLLVM.so.20.1+0x3c0dd5b) (BuildId: b856c61f98abf0989f157f153740fe0fadfbb760)
    #8 0x7ff5c7b6091a  (/usr/lib/llvm-20/lib/libLLVM.so.20.1+0x3c4491a) (BuildId: b856c61f98abf0989f157f153740fe0fadfbb760)
    #9 0x7ff5c7b61710  (/usr/lib/llvm-20/lib/libLLVM.so.20.1+0x3c45710) (BuildId: b856c61f98abf0989f157f153740fe0fadfbb760)
    #10 0x7ff5c7b62b2c  (/usr/lib/llvm-20/lib/libLLVM.so.20.1+0x3c46b2c) (BuildId: b856c61f98abf0989f157f153740fe0fadfbb760)
    #11 0x55ca91648523 in llvm::Target::createTargetMachine(llvm::StringRef, llvm::StringRef, llvm::StringRef, llvm::TargetOptions const&, std::optional<llvm::Reloc::Model>, std::optional<llvm::CodeModel::Model>, llvm::CodeGenOptLevel, bool) const /usr/lib/llvm-20/include/llvm/MC/TargetRegistry.h:462:12
    #12 0x55ca9163a09e in tsc::TargetRegistry::initializeAllTargets() /workspace/src/TargetRegistry.cpp:67:41
    #13 0x55ca9162bdcd in tsc::Compiler::initializeLLVM() /workspace/src/Compiler.cpp:349:14
    #14 0x55ca9162b8b7 in tsc::Compiler::Compiler(tsc::CompilerOptions const&) /workspace/src/Compiler.cpp:24:5
    #15 0x55ca915fd7b5 in main /workspace/src/main.cpp:191:18
    #16 0x7ff5c395a337  (/lib/x86_64-linux-gnu/libc.so.6+0x2a337) (BuildId: 467f544f15035abef911999cbc14489edd0555ab)
    #17 0x7ff5c395a3fa in __libc_start_main (/lib/x86_64-linux-gnu/libc.so.6+0x2a3fa) (BuildId: 467f544f15035abef911999cbc14489edd0555ab)
    #18 0x55ca91511b64 in _start (/workspace/build-asan/tsc+0x74b64) (BuildId: 73a10d7cc646a755f705b0ae57418e68578aec2f)

Indirect leak of 112 byte(s) in 2 object(s) allocated from:
    #0 0x55ca915fa191 in operator new(unsigned long) (/workspace/build-asan/tsc+0x15d191) (BuildId: 73a10d7cc646a755f705b0ae57418e68578aec2f)
    #1 0x7ff5c59b6da2  (/usr/lib/llvm-20/lib/libLLVM.so.20.1+0x1a9ada2) (BuildId: b856c61f98abf0989f157f153740fe0fadfbb760)
    #2 0x7ff5c6f3b039  (/usr/lib/llvm-20/lib/libLLVM.so.20.1+0x301f039) (BuildId: b856c61f98abf0989f157f153740fe0fadfbb760)
    #3 0x7ff5c6f3af97  (/usr/lib/llvm-20/lib/libLLVM.so.20.1+0x301ef97) (BuildId: b856c61f98abf0989f157f153740fe0fadfbb760)
    #4 0x7ff5c6f3998b  (/usr/lib/llvm-20/lib/libLLVM.so.20.1+0x301d98b) (BuildId: b856c61f98abf0989f157f153740fe0fadfbb760)
    #5 0x7ff5c6f398a6  (/usr/lib/llvm-20/lib/libLLVM.so.20.1+0x301d8a6) (BuildId: b856c61f98abf0989f157f153740fe0fadfbb760)
    #6 0x7ff5c6f3aa71  (/usr/lib/llvm-20/lib/libLLVM.so.20.1+0x301ea71) (BuildId: b856c61f98abf0989f157f153740fe0fadfbb760)
    #7 0x7ff5c7b29d0f  (/usr/lib/llvm-20/lib/libLLVM.so.20.1+0x3c0dd0f) (BuildId: b856c61f98abf0989f157f153740fe0fadfbb760)
    #8 0x7ff5c7b6091a  (/usr/lib/llvm-20/lib/libLLVM.so.20.1+0x3c4491a) (BuildId: b856c61f98abf0989f157f153740fe0fadfbb760)
    #9 0x7ff5c7b61710  (/usr/lib/llvm-20/lib/libLLVM.so.20.1+0x3c45710) (BuildId: b856c61f98abf0989f157f153740fe0fadfbb760)
    #10 0x7ff5c7b62b2c  (/usr/lib/llvm-20/lib/libLLVM.so.20.1+0x3c46b2c) (BuildId: b856c61f98abf0989f157f153740fe0fadfbb760)
    #11 0x55ca91648523 in llvm::Target::createTargetMachine(llvm::StringRef, llvm::StringRef, llvm::StringRef, llvm::TargetOptions const&, std::optional<llvm::Reloc::Model>, std::optional<llvm::CodeModel::Model>, llvm::CodeGenOptLevel, bool) const /usr/lib/llvm-20/include/llvm/MC/TargetRegistry.h:462:12
    #12 0x55ca9163a09e in tsc::TargetRegistry::initializeAllTargets() /workspace/src/TargetRegistry.cpp:67:41
    #13 0x55ca9162bdcd in tsc::Compiler::initializeLLVM() /workspace/src/Compiler.cpp:349:14
    #14 0x55ca9162b8b7 in tsc::Compiler::Compiler(tsc::CompilerOptions const&) /workspace/src/Compiler.cpp:24:5
    #15 0x55ca915fd7b5 in main /workspace/src/main.cpp:191:18
    #16 0x7ff5c395a337  (/lib/x86_64-linux-gnu/libc.so.6+0x2a337) (BuildId: 467f544f15035abef911999cbc14489edd0555ab)
    #17 0x7ff5c395a3fa in __libc_start_main (/lib/x86_64-linux-gnu/libc.so.6+0x2a3fa) (BuildId: 467f544f15035abef911999cbc14489edd0555ab)
    #18 0x55ca91511b64 in _start (/workspace/build-asan/tsc+0x74b64) (BuildId: 73a10d7cc646a755f705b0ae57418e68578aec2f)

Indirect leak of 112 byte(s) in 2 object(s) allocated from:
    #0 0x55ca915fa191 in operator new(unsigned long) (/workspace/build-asan/tsc+0x15d191) (BuildId: 73a10d7cc646a755f705b0ae57418e68578aec2f)
    #1 0x7ff5c59b6da2  (/usr/lib/llvm-20/lib/libLLVM.so.20.1+0x1a9ada2) (BuildId: b856c61f98abf0989f157f153740fe0fadfbb760)
    #2 0x7ff5c6f3b008  (/usr/lib/llvm-20/lib/libLLVM.so.20.1+0x301f008) (BuildId: b856c61f98abf0989f157f153740fe0fadfbb760)
    #3 0x7ff5c6f3af97  (/usr/lib/llvm-20/lib/libLLVM.so.20.1+0x301ef97) (BuildId: b856c61f98abf0989f157f153740fe0fadfbb760)
    #4 0x7ff5c6f3998b  (/usr/lib/llvm-20/lib/libLLVM.so.20.1+0x301d98b) (BuildId: b856c61f98abf0989f157f153740fe0fadfbb760)
    #5 0x7ff5c6f398a6  (/usr/lib/llvm-20/lib/libLLVM.so.20.1+0x301d8a6) (BuildId: b856c61f98abf0989f157f153740fe0fadfbb760)
    #6 0x7ff5c6f3aa71  (/usr/lib/llvm-20/lib/libLLVM.so.20.1+0x301ea71) (BuildId: b856c61f98abf0989f157f153740fe0fadfbb760)
    #7 0x7ff5c7b29d0f  (/usr/lib/llvm-20/lib/libLLVM.so.20.1+0x3c0dd0f) (BuildId: b856c61f98abf0989f157f153740fe0fadfbb760)
    #8 0x7ff5c7b6091a  (/usr/lib/llvm-20/lib/libLLVM.so.20.1+0x3c4491a) (BuildId: b856c61f98abf0989f157f153740fe0fadfbb760)
    #9 0x7ff5c7b61710  (/usr/lib/llvm-20/lib/libLLVM.so.20.1+0x3c45710) (BuildId: b856c61f98abf0989f157f153740fe0fadfbb760)
    #10 0x7ff5c7b62b2c  (/usr/lib/llvm-20/lib/libLLVM.so.20.1+0x3c46b2c) (BuildId: b856c61f98abf0989f157f153740fe0fadfbb760)
    #11 0x55ca91648523 in llvm::Target::createTargetMachine(llvm::StringRef, llvm::StringRef, llvm::StringRef, llvm::TargetOptions const&, std::optional<llvm::Reloc::Model>, std::optional<llvm::CodeModel::Model>, llvm::CodeGenOptLevel, bool) const /usr/lib/llvm-20/include/llvm/MC/TargetRegistry.h:462:12
    #12 0x55ca9163a09e in tsc::TargetRegistry::initializeAllTargets() /workspace/src/TargetRegistry.cpp:67:41
    #13 0x55ca9162bdcd in tsc::Compiler::initializeLLVM() /workspace/src/Compiler.cpp:349:14
    #14 0x55ca9162b8b7 in tsc::Compiler::Compiler(tsc::CompilerOptions const&) /workspace/src/Compiler.cpp:24:5
    #15 0x55ca915fd7b5 in main /workspace/src/main.cpp:191:18
    #16 0x7ff5c395a337  (/lib/x86_64-linux-gnu/libc.so.6+0x2a337) (BuildId: 467f544f15035abef911999cbc14489edd0555ab)
    #17 0x7ff5c395a3fa in __libc_start_main (/lib/x86_64-linux-gnu/libc.so.6+0x2a3fa) (BuildId: 467f544f15035abef911999cbc14489edd0555ab)
    #18 0x55ca91511b64 in _start (/workspace/build-asan/tsc+0x74b64) (BuildId: 73a10d7cc646a755f705b0ae57418e68578aec2f)

Indirect leak of 112 byte(s) in 2 object(s) allocated from:
    #0 0x55ca915fa191 in operator new(unsigned long) (/workspace/build-asan/tsc+0x15d191) (BuildId: 73a10d7cc646a755f705b0ae57418e68578aec2f)
    #1 0x7ff5c59b6da2  (/usr/lib/llvm-20/lib/libLLVM.so.20.1+0x1a9ada2) (BuildId: b856c61f98abf0989f157f153740fe0fadfbb760)
    #2 0x7ff5c6f3b039  (/usr/lib/llvm-20/lib/libLLVM.so.20.1+0x301f039) (BuildId: b856c61f98abf0989f157f153740fe0fadfbb760)
    #3 0x7ff5c6f3af97  (/usr/lib/llvm-20/lib/libLLVM.so.20.1+0x301ef97) (BuildId: b856c61f98abf0989f157f153740fe0fadfbb760)
    #4 0x7ff5c6f3998b  (/usr/lib/llvm-20/lib/libLLVM.so.20.1+0x301d98b) (BuildId: b856c61f98abf0989f157f153740fe0fadfbb760)
    #5 0x7ff5c6f398a6  (/usr/lib/llvm-20/lib/libLLVM.so.20.1+0x301d8a6) (BuildId: b856c61f98abf0989f157f153740fe0fadfbb760)
    #6 0x7ff5c6f3aa71  (/usr/lib/llvm-20/lib/libLLVM.so.20.1+0x301ea71) (BuildId: b856c61f98abf0989f157f153740fe0fadfbb760)
    #7 0x7ff5c7b29cdd  (/usr/lib/llvm-20/lib/libLLVM.so.20.1+0x3c0dcdd) (BuildId: b856c61f98abf0989f157f153740fe0fadfbb760)
    #8 0x7ff5c7b6091a  (/usr/lib/llvm-20/lib/libLLVM.so.20.1+0x3c4491a) (BuildId: b856c61f98abf0989f157f153740fe0fadfbb760)
    #9 0x7ff5c7b61710  (/usr/lib/llvm-20/lib/libLLVM.so.20.1+0x3c45710) (BuildId: b856c61f98abf0989f157f153740fe0fadfbb760)
    #10 0x7ff5c7b62b2c  (/usr/lib/llvm-20/lib/libLLVM.so.20.1+0x3c46b2c) (BuildId: b856c61f98abf0989f157f153740fe0fadfbb760)
    #11 0x55ca91648523 in llvm::Target::createTargetMachine(llvm::StringRef, llvm::StringRef, llvm::StringRef, llvm::TargetOptions const&, std::optional<llvm::Reloc::Model>, std::optional<llvm::CodeModel::Model>, llvm::CodeGenOptLevel, bool) const /usr/lib/llvm-20/include/llvm/MC/TargetRegistry.h:462:12
    #12 0x55ca9163a09e in tsc::TargetRegistry::initializeAllTargets() /workspace/src/TargetRegistry.cpp:67:41
    #13 0x55ca9162bdcd in tsc::Compiler::initializeLLVM() /workspace/src/Compiler.cpp:349:14
    #14 0x55ca9162b8b7 in tsc::Compiler::Compiler(tsc::CompilerOptions const&) /workspace/src/Compiler.cpp:24:5
    #15 0x55ca915fd7b5 in main /workspace/src/main.cpp:191:18
    #16 0x7ff5c395a337  (/lib/x86_64-linux-gnu/libc.so.6+0x2a337) (BuildId: 467f544f15035abef911999cbc14489edd0555ab)
    #17 0x7ff5c395a3fa in __libc_start_main (/lib/x86_64-linux-gnu/libc.so.6+0x2a3fa) (BuildId: 467f544f15035abef911999cbc14489edd0555ab)
    #18 0x55ca91511b64 in _start (/workspace/build-asan/tsc+0x74b64) (BuildId: 73a10d7cc646a755f705b0ae57418e68578aec2f)

Indirect leak of 112 byte(s) in 2 object(s) allocated from:
    #0 0x55ca915fa191 in operator new(unsigned long) (/workspace/build-asan/tsc+0x15d191) (BuildId: 73a10d7cc646a755f705b0ae57418e68578aec2f)
    #1 0x7ff5c59b6da2  (/usr/lib/llvm-20/lib/libLLVM.so.20.1+0x1a9ada2) (BuildId: b856c61f98abf0989f157f153740fe0fadfbb760)
    #2 0x7ff5c6f3b008  (/usr/lib/llvm-20/lib/libLLVM.so.20.1+0x301f008) (BuildId: b856c61f98abf0989f157f153740fe0fadfbb760)
    #3 0x7ff5c6f3af97  (/usr/lib/llvm-20/lib/libLLVM.so.20.1+0x301ef97) (BuildId: b856c61f98abf0989f157f153740fe0fadfbb760)
    #4 0x7ff5c6f3998b  (/usr/lib/llvm-20/lib/libLLVM.so.20.1+0x301d98b) (BuildId: b856c61f98abf0989f157f153740fe0fadfbb760)
    #5 0x7ff5c6f398a6  (/usr/lib/llvm-20/lib/libLLVM.so.20.1+0x301d8a6) (BuildId: b856c61f98abf0989f157f153740fe0fadfbb760)
    #6 0x7ff5c6f3aa71  (/usr/lib/llvm-20/lib/libLLVM.so.20.1+0x301ea71) (BuildId: b856c61f98abf0989f157f153740fe0fadfbb760)
    #7 0x7ff5c7b29cdd  (/usr/lib/llvm-20/lib/libLLVM.so.20.1+0x3c0dcdd) (BuildId: b856c61f98abf0989f157f153740fe0fadfbb760)
    #8 0x7ff5c7b6091a  (/usr/lib/llvm-20/lib/libLLVM.so.20.1+0x3c4491a) (BuildId: b856c61f98abf0989f157f153740fe0fadfbb760)
    #9 0x7ff5c7b61710  (/usr/lib/llvm-20/lib/libLLVM.so.20.1+0x3c45710) (BuildId: b856c61f98abf0989f157f153740fe0fadfbb760)
    #10 0x7ff5c7b62b2c  (/usr/lib/llvm-20/lib/libLLVM.so.20.1+0x3c46b2c) (BuildId: b856c61f98abf0989f157f153740fe0fadfbb760)
    #11 0x55ca91648523 in llvm::Target::createTargetMachine(llvm::StringRef, llvm::StringRef, llvm::StringRef, llvm::TargetOptions const&, std::optional<llvm::Reloc::Model>, std::optional<llvm::CodeModel::Model>, llvm::CodeGenOptLevel, bool) const /usr/lib/llvm-20/include/llvm/MC/TargetRegistry.h:462:12
    #12 0x55ca9163a09e in tsc::TargetRegistry::initializeAllTargets() /workspace/src/TargetRegistry.cpp:67:41
    #13 0x55ca9162bdcd in tsc::Compiler::initializeLLVM() /workspace/src/Compiler.cpp:349:14
    #14 0x55ca9162b8b7 in tsc::Compiler::Compiler(tsc::CompilerOptions const&) /workspace/src/Compiler.cpp:24:5
    #15 0x55ca915fd7b5 in main /workspace/src/main.cpp:191:18
    #16 0x7ff5c395a337  (/lib/x86_64-linux-gnu/libc.so.6+0x2a337) (BuildId: 467f544f15035abef911999cbc14489edd0555ab)
    #17 0x7ff5c395a3fa in __libc_start_main (/lib/x86_64-linux-gnu/libc.so.6+0x2a3fa) (BuildId: 467f544f15035abef911999cbc14489edd0555ab)
    #18 0x55ca91511b64 in _start (/workspace/build-asan/tsc+0x74b64) (BuildId: 73a10d7cc646a755f705b0ae57418e68578aec2f)

Indirect leak of 112 byte(s) in 2 object(s) allocated from:
    #0 0x55ca915fa191 in operator new(unsigned long) (/workspace/build-asan/tsc+0x15d191) (BuildId: 73a10d7cc646a755f705b0ae57418e68578aec2f)
    #1 0x7ff5c59b6da2  (/usr/lib/llvm-20/lib/libLLVM.so.20.1+0x1a9ada2) (BuildId: b856c61f98abf0989f157f153740fe0fadfbb760)
    #2 0x7ff5c6f3b039  (/usr/lib/llvm-20/lib/libLLVM.so.20.1+0x301f039) (BuildId: b856c61f98abf0989f157f153740fe0fadfbb760)
    #3 0x7ff5c6f3af97  (/usr/lib/llvm-20/lib/libLLVM.so.20.1+0x301ef97) (BuildId: b856c61f98abf0989f157f153740fe0fadfbb760)
    #4 0x7ff5c6f3998b  (/usr/lib/llvm-20/lib/libLLVM.so.20.1+0x301d98b) (BuildId: b856c61f98abf0989f157f153740fe0fadfbb760)
    #5 0x7ff5c6f398a6  (/usr/lib/llvm-20/lib/libLLVM.so.20.1+0x301d8a6) (BuildId: b856c61f98abf0989f157f153740fe0fadfbb760)
    #6 0x7ff5c6f3aa71  (/usr/lib/llvm-20/lib/libLLVM.so.20.1+0x301ea71) (BuildId: b856c61f98abf0989f157f153740fe0fadfbb760)
    #7 0x7ff5c7b29c8e  (/usr/lib/llvm-20/lib/libLLVM.so.20.1+0x3c0dc8e) (BuildId: b856c61f98abf0989f157f153740fe0fadfbb760)
    #8 0x7ff5c7b6091a  (/usr/lib/llvm-20/lib/libLLVM.so.20.1+0x3c4491a) (BuildId: b856c61f98abf0989f157f153740fe0fadfbb760)
    #9 0x7ff5c7b61710  (/usr/lib/llvm-20/lib/libLLVM.so.20.1+0x3c45710) (BuildId: b856c61f98abf0989f157f153740fe0fadfbb760)
    #10 0x7ff5c7b62b2c  (/usr/lib/llvm-20/lib/libLLVM.so.20.1+0x3c46b2c) (BuildId: b856c61f98abf0989f157f153740fe0fadfbb760)
    #11 0x55ca91648523 in llvm::Target::createTargetMachine(llvm::StringRef, llvm::StringRef, llvm::StringRef, llvm::TargetOptions const&, std::optional<llvm::Reloc::Model>, std::optional<llvm::CodeModel::Model>, llvm::CodeGenOptLevel, bool) const /usr/lib/llvm-20/include/llvm/MC/TargetRegistry.h:462:12
    #12 0x55ca9163a09e in tsc::TargetRegistry::initializeAllTargets() /workspace/src/TargetRegistry.cpp:67:41
    #13 0x55ca9162bdcd in tsc::Compiler::initializeLLVM() /workspace/src/Compiler.cpp:349:14
    #14 0x55ca9162b8b7 in tsc::Compiler::Compiler(tsc::CompilerOptions const&) /workspace/src/Compiler.cpp:24:5
    #15 0x55ca915fd7b5 in main /workspace/src/main.cpp:191:18
    #16 0x7ff5c395a337  (/lib/x86_64-linux-gnu/libc.so.6+0x2a337) (BuildId: 467f544f15035abef911999cbc14489edd0555ab)
    #17 0x7ff5c395a3fa in __libc_start_main (/lib/x86_64-linux-gnu/libc.so.6+0x2a3fa) (BuildId: 467f544f15035abef911999cbc14489edd0555ab)
    #18 0x55ca91511b64 in _start (/workspace/build-asan/tsc+0x74b64) (BuildId: 73a10d7cc646a755f705b0ae57418e68578aec2f)

Indirect leak of 112 byte(s) in 2 object(s) allocated from:
    #0 0x55ca915fa191 in operator new(unsigned long) (/workspace/build-asan/tsc+0x15d191) (BuildId: 73a10d7cc646a755f705b0ae57418e68578aec2f)
    #1 0x7ff5c59b6da2  (/usr/lib/llvm-20/lib/libLLVM.so.20.1+0x1a9ada2) (BuildId: b856c61f98abf0989f157f153740fe0fadfbb760)
    #2 0x7ff5c6f3b008  (/usr/lib/llvm-20/lib/libLLVM.so.20.1+0x301f008) (BuildId: b856c61f98abf0989f157f153740fe0fadfbb760)
    #3 0x7ff5c6f3af97  (/usr/lib/llvm-20/lib/libLLVM.so.20.1+0x301ef97) (BuildId: b856c61f98abf0989f157f153740fe0fadfbb760)
    #4 0x7ff5c6f3998b  (/usr/lib/llvm-20/lib/libLLVM.so.20.1+0x301d98b) (BuildId: b856c61f98abf0989f157f153740fe0fadfbb760)
    #5 0x7ff5c6f398a6  (/usr/lib/llvm-20/lib/libLLVM.so.20.1+0x301d8a6) (BuildId: b856c61f98abf0989f157f153740fe0fadfbb760)
    #6 0x7ff5c6f3aa71  (/usr/lib/llvm-20/lib/libLLVM.so.20.1+0x301ea71) (BuildId: b856c61f98abf0989f157f153740fe0fadfbb760)
    #7 0x7ff5c7b29c8e  (/usr/lib/llvm-20/lib/libLLVM.so.20.1+0x3c0dc8e) (BuildId: b856c61f98abf0989f157f153740fe0fadfbb760)
    #8 0x7ff5c7b6091a  (/usr/lib/llvm-20/lib/libLLVM.so.20.1+0x3c4491a) (BuildId: b856c61f98abf0989f157f153740fe0fadfbb760)
    #9 0x7ff5c7b61710  (/usr/lib/llvm-20/lib/libLLVM.so.20.1+0x3c45710) (BuildId: b856c61f98abf0989f157f153740fe0fadfbb760)
    #10 0x7ff5c7b62b2c  (/usr/lib/llvm-20/lib/libLLVM.so.20.1+0x3c46b2c) (BuildId: b856c61f98abf0989f157f153740fe0fadfbb760)
    #11 0x55ca91648523 in llvm::Target::createTargetMachine(llvm::StringRef, llvm::StringRef, llvm::StringRef, llvm::TargetOptions const&, std::optional<llvm::Reloc::Model>, std::optional<llvm::CodeModel::Model>, llvm::CodeGenOptLevel, bool) const /usr/lib/llvm-20/include/llvm/MC/TargetRegistry.h:462:12
    #12 0x55ca9163a09e in tsc::TargetRegistry::initializeAllTargets() /workspace/src/TargetRegistry.cpp:67:41
    #13 0x55ca9162bdcd in tsc::Compiler::initializeLLVM() /workspace/src/Compiler.cpp:349:14
    #14 0x55ca9162b8b7 in tsc::Compiler::Compiler(tsc::CompilerOptions const&) /workspace/src/Compiler.cpp:24:5
    #15 0x55ca915fd7b5 in main /workspace/src/main.cpp:191:18
    #16 0x7ff5c395a337  (/lib/x86_64-linux-gnu/libc.so.6+0x2a337) (BuildId: 467f544f15035abef911999cbc14489edd0555ab)
    #17 0x7ff5c395a3fa in __libc_start_main (/lib/x86_64-linux-gnu/libc.so.6+0x2a3fa) (BuildId: 467f544f15035abef911999cbc14489edd0555ab)
    #18 0x55ca91511b64 in _start (/workspace/build-asan/tsc+0x74b64) (BuildId: 73a10d7cc646a755f705b0ae57418e68578aec2f)

Indirect leak of 112 byte(s) in 2 object(s) allocated from:
    #0 0x55ca915fa191 in operator new(unsigned long) (/workspace/build-asan/tsc+0x15d191) (BuildId: 73a10d7cc646a755f705b0ae57418e68578aec2f)
    #1 0x7ff5c59b6da2  (/usr/lib/llvm-20/lib/libLLVM.so.20.1+0x1a9ada2) (BuildId: b856c61f98abf0989f157f153740fe0fadfbb760)
    #2 0x7ff5c6f3b039  (/usr/lib/llvm-20/lib/libLLVM.so.20.1+0x301f039) (BuildId: b856c61f98abf0989f157f153740fe0fadfbb760)
    #3 0x7ff5c6f3af97  (/usr/lib/llvm-20/lib/libLLVM.so.20.1+0x301ef97) (BuildId: b856c61f98abf0989f157f153740fe0fadfbb760)
    #4 0x7ff5c6f3998b  (/usr/lib/llvm-20/lib/libLLVM.so.20.1+0x301d98b) (BuildId: b856c61f98abf0989f157f153740fe0fadfbb760)
    #5 0x7ff5c6f398a6  (/usr/lib/llvm-20/lib/libLLVM.so.20.1+0x301d8a6) (BuildId: b856c61f98abf0989f157f153740fe0fadfbb760)
    #6 0x7ff5c6f3aa71  (/usr/lib/llvm-20/lib/libLLVM.so.20.1+0x301ea71) (BuildId: b856c61f98abf0989f157f153740fe0fadfbb760)
    #7 0x7ff5c7b29c5c  (/usr/lib/llvm-20/lib/libLLVM.so.20.1+0x3c0dc5c) (BuildId: b856c61f98abf0989f157f153740fe0fadfbb760)
    #8 0x7ff5c7b6091a  (/usr/lib/llvm-20/lib/libLLVM.so.20.1+0x3c4491a) (BuildId: b856c61f98abf0989f157f153740fe0fadfbb760)
    #9 0x7ff5c7b61710  (/usr/lib/llvm-20/lib/libLLVM.so.20.1+0x3c45710) (BuildId: b856c61f98abf0989f157f153740fe0fadfbb760)
    #10 0x7ff5c7b62b2c  (/usr/lib/llvm-20/lib/libLLVM.so.20.1+0x3c46b2c) (BuildId: b856c61f98abf0989f157f153740fe0fadfbb760)
    #11 0x55ca91648523 in llvm::Target::createTargetMachine(llvm::StringRef, llvm::StringRef, llvm::StringRef, llvm::TargetOptions const&, std::optional<llvm::Reloc::Model>, std::optional<llvm::CodeModel::Model>, llvm::CodeGenOptLevel, bool) const /usr/lib/llvm-20/include/llvm/MC/TargetRegistry.h:462:12
    #12 0x55ca9163a09e in tsc::TargetRegistry::initializeAllTargets() /workspace/src/TargetRegistry.cpp:67:41
    #13 0x55ca9162bdcd in tsc::Compiler::initializeLLVM() /workspace/src/Compiler.cpp:349:14
    #14 0x55ca9162b8b7 in tsc::Compiler::Compiler(tsc::CompilerOptions const&) /workspace/src/Compiler.cpp:24:5
    #15 0x55ca915fd7b5 in main /workspace/src/main.cpp:191:18
    #16 0x7ff5c395a337  (/lib/x86_64-linux-gnu/libc.so.6+0x2a337) (BuildId: 467f544f15035abef911999cbc14489edd0555ab)
    #17 0x7ff5c395a3fa in __libc_start_main (/lib/x86_64-linux-gnu/libc.so.6+0x2a3fa) (BuildId: 467f544f15035abef911999cbc14489edd0555ab)
    #18 0x55ca91511b64 in _start (/workspace/build-asan/tsc+0x74b64) (BuildId: 73a10d7cc646a755f705b0ae57418e68578aec2f)

Indirect leak of 112 byte(s) in 2 object(s) allocated from:
    #0 0x55ca915fa191 in operator new(unsigned long) (/workspace/build-asan/tsc+0x15d191) (BuildId: 73a10d7cc646a755f705b0ae57418e68578aec2f)
    #1 0x7ff5c59b6da2  (/usr/lib/llvm-20/lib/libLLVM.so.20.1+0x1a9ada2) (BuildId: b856c61f98abf0989f157f153740fe0fadfbb760)
    #2 0x7ff5c6f3b008  (/usr/lib/llvm-20/lib/libLLVM.so.20.1+0x301f008) (BuildId: b856c61f98abf0989f157f153740fe0fadfbb760)
    #3 0x7ff5c6f3af97  (/usr/lib/llvm-20/lib/libLLVM.so.20.1+0x301ef97) (BuildId: b856c61f98abf0989f157f153740fe0fadfbb760)
    #4 0x7ff5c6f3998b  (/usr/lib/llvm-20/lib/libLLVM.so.20.1+0x301d98b) (BuildId: b856c61f98abf0989f157f153740fe0fadfbb760)
    #5 0x7ff5c6f398a6  (/usr/lib/llvm-20/lib/libLLVM.so.20.1+0x301d8a6) (BuildId: b856c61f98abf0989f157f153740fe0fadfbb760)
    #6 0x7ff5c6f3aa71  (/usr/lib/llvm-20/lib/libLLVM.so.20.1+0x301ea71) (BuildId: b856c61f98abf0989f157f153740fe0fadfbb760)
    #7 0x7ff5c7b29c5c  (/usr/lib/llvm-20/lib/libLLVM.so.20.1+0x3c0dc5c) (BuildId: b856c61f98abf0989f157f153740fe0fadfbb760)
    #8 0x7ff5c7b6091a  (/usr/lib/llvm-20/lib/libLLVM.so.20.1+0x3c4491a) (BuildId: b856c61f98abf0989f157f153740fe0fadfbb760)
    #9 0x7ff5c7b61710  (/usr/lib/llvm-20/lib/libLLVM.so.20.1+0x3c45710) (BuildId: b856c61f98abf0989f157f153740fe0fadfbb760)
    #10 0x7ff5c7b62b2c  (/usr/lib/llvm-20/lib/libLLVM.so.20.1+0x3c46b2c) (BuildId: b856c61f98abf0989f157f153740fe0fadfbb760)
    #11 0x55ca91648523 in llvm::Target::createTargetMachine(llvm::StringRef, llvm::StringRef, llvm::StringRef, llvm::TargetOptions const&, std::optional<llvm::Reloc::Model>, std::optional<llvm::CodeModel::Model>, llvm::CodeGenOptLevel, bool) const /usr/lib/llvm-20/include/llvm/MC/TargetRegistry.h:462:12
    #12 0x55ca9163a09e in tsc::TargetRegistry::initializeAllTargets() /workspace/src/TargetRegistry.cpp:67:41
    #13 0x55ca9162bdcd in tsc::Compiler::initializeLLVM() /workspace/src/Compiler.cpp:349:14
    #14 0x55ca9162b8b7 in tsc::Compiler::Compiler(tsc::CompilerOptions const&) /workspace/src/Compiler.cpp:24:5
    #15 0x55ca915fd7b5 in main /workspace/src/main.cpp:191:18
    #16 0x7ff5c395a337  (/lib/x86_64-linux-gnu/libc.so.6+0x2a337) (BuildId: 467f544f15035abef911999cbc14489edd0555ab)
    #17 0x7ff5c395a3fa in __libc_start_main (/lib/x86_64-linux-gnu/libc.so.6+0x2a3fa) (BuildId: 467f544f15035abef911999cbc14489edd0555ab)
    #18 0x55ca91511b64 in _start (/workspace/build-asan/tsc+0x74b64) (BuildId: 73a10d7cc646a755f705b0ae57418e68578aec2f)

Indirect leak of 112 byte(s) in 2 object(s) allocated from:
    #0 0x55ca915fa191 in operator new(unsigned long) (/workspace/build-asan/tsc+0x15d191) (BuildId: 73a10d7cc646a755f705b0ae57418e68578aec2f)
    #1 0x7ff5c59b6da2  (/usr/lib/llvm-20/lib/libLLVM.so.20.1+0x1a9ada2) (BuildId: b856c61f98abf0989f157f153740fe0fadfbb760)
    #2 0x7ff5c6f3998b  (/usr/lib/llvm-20/lib/libLLVM.so.20.1+0x301d98b) (BuildId: b856c61f98abf0989f157f153740fe0fadfbb760)
    #3 0x7ff5c6f398a6  (/usr/lib/llvm-20/lib/libLLVM.so.20.1+0x301d8a6) (BuildId: b856c61f98abf0989f157f153740fe0fadfbb760)
    #4 0x7ff5c7b29b2c  (/usr/lib/llvm-20/lib/libLLVM.so.20.1+0x3c0db2c) (BuildId: b856c61f98abf0989f157f153740fe0fadfbb760)
    #5 0x7ff5c7b6091a  (/usr/lib/llvm-20/lib/libLLVM.so.20.1+0x3c4491a) (BuildId: b856c61f98abf0989f157f153740fe0fadfbb760)
    #6 0x7ff5c7b61710  (/usr/lib/llvm-20/lib/libLLVM.so.20.1+0x3c45710) (BuildId: b856c61f98abf0989f157f153740fe0fadfbb760)
    #7 0x7ff5c7b62b2c  (/usr/lib/llvm-20/lib/libLLVM.so.20.1+0x3c46b2c) (BuildId: b856c61f98abf0989f157f153740fe0fadfbb760)
    #8 0x55ca91648523 in llvm::Target::createTargetMachine(llvm::StringRef, llvm::StringRef, llvm::StringRef, llvm::TargetOptions const&, std::optional<llvm::Reloc::Model>, std::optional<llvm::CodeModel::Model>, llvm::CodeGenOptLevel, bool) const /usr/lib/llvm-20/include/llvm/MC/TargetRegistry.h:462:12
    #9 0x55ca9163a09e in tsc::TargetRegistry::initializeAllTargets() /workspace/src/TargetRegistry.cpp:67:41
    #10 0x55ca9162bdcd in tsc::Compiler::initializeLLVM() /workspace/src/Compiler.cpp:349:14
    #11 0x55ca9162b8b7 in tsc::Compiler::Compiler(tsc::CompilerOptions const&) /workspace/src/Compiler.cpp:24:5
    #12 0x55ca915fd7b5 in main /workspace/src/main.cpp:191:18
    #13 0x7ff5c395a337  (/lib/x86_64-linux-gnu/libc.so.6+0x2a337) (BuildId: 467f544f15035abef911999cbc14489edd0555ab)
    #14 0x7ff5c395a3fa in __libc_start_main (/lib/x86_64-linux-gnu/libc.so.6+0x2a3fa) (BuildId: 467f544f15035abef911999cbc14489edd0555ab)
    #15 0x55ca91511b64 in _start (/workspace/build-asan/tsc+0x74b64) (BuildId: 73a10d7cc646a755f705b0ae57418e68578aec2f)

Indirect leak of 112 byte(s) in 2 object(s) allocated from:
    #0 0x55ca915fa191 in operator new(unsigned long) (/workspace/build-asan/tsc+0x15d191) (BuildId: 73a10d7cc646a755f705b0ae57418e68578aec2f)
    #1 0x7ff5c7b2bb3b  (/usr/lib/llvm-20/lib/libLLVM.so.20.1+0x3c0fb3b) (BuildId: b856c61f98abf0989f157f153740fe0fadfbb760)
    #2 0x7ff5c6f3998b  (/usr/lib/llvm-20/lib/libLLVM.so.20.1+0x301d98b) (BuildId: b856c61f98abf0989f157f153740fe0fadfbb760)
    #3 0x7ff5c6f398a6  (/usr/lib/llvm-20/lib/libLLVM.so.20.1+0x301d8a6) (BuildId: b856c61f98abf0989f157f153740fe0fadfbb760)
    #4 0x7ff5c7b29a27  (/usr/lib/llvm-20/lib/libLLVM.so.20.1+0x3c0da27) (BuildId: b856c61f98abf0989f157f153740fe0fadfbb760)
    #5 0x7ff5c7b6091a  (/usr/lib/llvm-20/lib/libLLVM.so.20.1+0x3c4491a) (BuildId: b856c61f98abf0989f157f153740fe0fadfbb760)
    #6 0x7ff5c7b61710  (/usr/lib/llvm-20/lib/libLLVM.so.20.1+0x3c45710) (BuildId: b856c61f98abf0989f157f153740fe0fadfbb760)
    #7 0x7ff5c7b62b2c  (/usr/lib/llvm-20/lib/libLLVM.so.20.1+0x3c46b2c) (BuildId: b856c61f98abf0989f157f153740fe0fadfbb760)
    #8 0x55ca91648523 in llvm::Target::createTargetMachine(llvm::StringRef, llvm::StringRef, llvm::StringRef, llvm::TargetOptions const&, std::optional<llvm::Reloc::Model>, std::optional<llvm::CodeModel::Model>, llvm::CodeGenOptLevel, bool) const /usr/lib/llvm-20/include/llvm/MC/TargetRegistry.h:462:12
    #9 0x55ca9163a09e in tsc::TargetRegistry::initializeAllTargets() /workspace/src/TargetRegistry.cpp:67:41
    #10 0x55ca9162bdcd in tsc::Compiler::initializeLLVM() /workspace/src/Compiler.cpp:349:14
    #11 0x55ca9162b8b7 in tsc::Compiler::Compiler(tsc::CompilerOptions const&) /workspace/src/Compiler.cpp:24:5
    #12 0x55ca915fd7b5 in main /workspace/src/main.cpp:191:18
    #13 0x7ff5c395a337  (/lib/x86_64-linux-gnu/libc.so.6+0x2a337) (BuildId: 467f544f15035abef911999cbc14489edd0555ab)
    #14 0x7ff5c395a3fa in __libc_start_main (/lib/x86_64-linux-gnu/libc.so.6+0x2a3fa) (BuildId: 467f544f15035abef911999cbc14489edd0555ab)
    #15 0x55ca91511b64 in _start (/workspace/build-asan/tsc+0x74b64) (BuildId: 73a10d7cc646a755f705b0ae57418e68578aec2f)

Indirect leak of 112 byte(s) in 2 object(s) allocated from:
    #0 0x55ca915fa191 in operator new(unsigned long) (/workspace/build-asan/tsc+0x15d191) (BuildId: 73a10d7cc646a755f705b0ae57418e68578aec2f)
    #1 0x7ff5c59b6da2  (/usr/lib/llvm-20/lib/libLLVM.so.20.1+0x1a9ada2) (BuildId: b856c61f98abf0989f157f153740fe0fadfbb760)
    #2 0x7ff5c6f3998b  (/usr/lib/llvm-20/lib/libLLVM.so.20.1+0x301d98b) (BuildId: b856c61f98abf0989f157f153740fe0fadfbb760)
    #3 0x7ff5c6f398a6  (/usr/lib/llvm-20/lib/libLLVM.so.20.1+0x301d8a6) (BuildId: b856c61f98abf0989f157f153740fe0fadfbb760)
    #4 0x7ff5c7b2991e  (/usr/lib/llvm-20/lib/libLLVM.so.20.1+0x3c0d91e) (BuildId: b856c61f98abf0989f157f153740fe0fadfbb760)
    #5 0x7ff5c7b6091a  (/usr/lib/llvm-20/lib/libLLVM.so.20.1+0x3c4491a) (BuildId: b856c61f98abf0989f157f153740fe0fadfbb760)
    #6 0x7ff5c7b61710  (/usr/lib/llvm-20/lib/libLLVM.so.20.1+0x3c45710) (BuildId: b856c61f98abf0989f157f153740fe0fadfbb760)
    #7 0x7ff5c7b62b2c  (/usr/lib/llvm-20/lib/libLLVM.so.20.1+0x3c46b2c) (BuildId: b856c61f98abf0989f157f153740fe0fadfbb760)
    #8 0x55ca91648523 in llvm::Target::createTargetMachine(llvm::StringRef, llvm::StringRef, llvm::StringRef, llvm::TargetOptions const&, std::optional<llvm::Reloc::Model>, std::optional<llvm::CodeModel::Model>, llvm::CodeGenOptLevel, bool) const /usr/lib/llvm-20/include/llvm/MC/TargetRegistry.h:462:12
    #9 0x55ca9163a09e in tsc::TargetRegistry::initializeAllTargets() /workspace/src/TargetRegistry.cpp:67:41
    #10 0x55ca9162bdcd in tsc::Compiler::initializeLLVM() /workspace/src/Compiler.cpp:349:14
    #11 0x55ca9162b8b7 in tsc::Compiler::Compiler(tsc::CompilerOptions const&) /workspace/src/Compiler.cpp:24:5
    #12 0x55ca915fd7b5 in main /workspace/src/main.cpp:191:18
    #13 0x7ff5c395a337  (/lib/x86_64-linux-gnu/libc.so.6+0x2a337) (BuildId: 467f544f15035abef911999cbc14489edd0555ab)
    #14 0x7ff5c395a3fa in __libc_start_main (/lib/x86_64-linux-gnu/libc.so.6+0x2a3fa) (BuildId: 467f544f15035abef911999cbc14489edd0555ab)
    #15 0x55ca91511b64 in _start (/workspace/build-asan/tsc+0x74b64) (BuildId: 73a10d7cc646a755f705b0ae57418e68578aec2f)

Indirect leak of 112 byte(s) in 2 object(s) allocated from:
    #0 0x55ca915fa191 in operator new(unsigned long) (/workspace/build-asan/tsc+0x15d191) (BuildId: 73a10d7cc646a755f705b0ae57418e68578aec2f)
    #1 0x7ff5c59b6da2  (/usr/lib/llvm-20/lib/libLLVM.so.20.1+0x1a9ada2) (BuildId: b856c61f98abf0989f157f153740fe0fadfbb760)
    #2 0x7ff5c6f3998b  (/usr/lib/llvm-20/lib/libLLVM.so.20.1+0x301d98b) (BuildId: b856c61f98abf0989f157f153740fe0fadfbb760)
    #3 0x7ff5c6f398a6  (/usr/lib/llvm-20/lib/libLLVM.so.20.1+0x301d8a6) (BuildId: b856c61f98abf0989f157f153740fe0fadfbb760)
    #4 0x7ff5c7b2964d  (/usr/lib/llvm-20/lib/libLLVM.so.20.1+0x3c0d64d) (BuildId: b856c61f98abf0989f157f153740fe0fadfbb760)
    #5 0x7ff5c7b6091a  (/usr/lib/llvm-20/lib/libLLVM.so.20.1+0x3c4491a) (BuildId: b856c61f98abf0989f157f153740fe0fadfbb760)
    #6 0x7ff5c7b61710  (/usr/lib/llvm-20/lib/libLLVM.so.20.1+0x3c45710) (BuildId: b856c61f98abf0989f157f153740fe0fadfbb760)
    #7 0x7ff5c7b62b2c  (/usr/lib/llvm-20/lib/libLLVM.so.20.1+0x3c46b2c) (BuildId: b856c61f98abf0989f157f153740fe0fadfbb760)
    #8 0x55ca91648523 in llvm::Target::createTargetMachine(llvm::StringRef, llvm::StringRef, llvm::StringRef, llvm::TargetOptions const&, std::optional<llvm::Reloc::Model>, std::optional<llvm::CodeModel::Model>, llvm::CodeGenOptLevel, bool) const /usr/lib/llvm-20/include/llvm/MC/TargetRegistry.h:462:12
    #9 0x55ca9163a09e in tsc::TargetRegistry::initializeAllTargets() /workspace/src/TargetRegistry.cpp:67:41
    #10 0x55ca9162bdcd in tsc::Compiler::initializeLLVM() /workspace/src/Compiler.cpp:349:14
    #11 0x55ca9162b8b7 in tsc::Compiler::Compiler(tsc::CompilerOptions const&) /workspace/src/Compiler.cpp:24:5
    #12 0x55ca915fd7b5 in main /workspace/src/main.cpp:191:18
    #13 0x7ff5c395a337  (/lib/x86_64-linux-gnu/libc.so.6+0x2a337) (BuildId: 467f544f15035abef911999cbc14489edd0555ab)
    #14 0x7ff5c395a3fa in __libc_start_main (/lib/x86_64-linux-gnu/libc.so.6+0x2a3fa) (BuildId: 467f544f15035abef911999cbc14489edd0555ab)
    #15 0x55ca91511b64 in _start (/workspace/build-asan/tsc+0x74b64) (BuildId: 73a10d7cc646a755f705b0ae57418e68578aec2f)

Indirect leak of 112 byte(s) in 2 object(s) allocated from:
    #0 0x55ca915fa191 in operator new(unsigned long) (/workspace/build-asan/tsc+0x15d191) (BuildId: 73a10d7cc646a755f705b0ae57418e68578aec2f)
    #1 0x7ff5c59b6da2  (/usr/lib/llvm-20/lib/libLLVM.so.20.1+0x1a9ada2) (BuildId: b856c61f98abf0989f157f153740fe0fadfbb760)
    #2 0x7ff5c6f3998b  (/usr/lib/llvm-20/lib/libLLVM.so.20.1+0x301d98b) (BuildId: b856c61f98abf0989f157f153740fe0fadfbb760)
    #3 0x7ff5c6f398a6  (/usr/lib/llvm-20/lib/libLLVM.so.20.1+0x301d8a6) (BuildId: b856c61f98abf0989f157f153740fe0fadfbb760)
    #4 0x7ff5c7b29526  (/usr/lib/llvm-20/lib/libLLVM.so.20.1+0x3c0d526) (BuildId: b856c61f98abf0989f157f153740fe0fadfbb760)
    #5 0x7ff5c7b6091a  (/usr/lib/llvm-20/lib/libLLVM.so.20.1+0x3c4491a) (BuildId: b856c61f98abf0989f157f153740fe0fadfbb760)
    #6 0x7ff5c7b61710  (/usr/lib/llvm-20/lib/libLLVM.so.20.1+0x3c45710) (BuildId: b856c61f98abf0989f157f153740fe0fadfbb760)
    #7 0x7ff5c7b62b2c  (/usr/lib/llvm-20/lib/libLLVM.so.20.1+0x3c46b2c) (BuildId: b856c61f98abf0989f157f153740fe0fadfbb760)
    #8 0x55ca91648523 in llvm::Target::createTargetMachine(llvm::StringRef, llvm::StringRef, llvm::StringRef, llvm::TargetOptions const&, std::optional<llvm::Reloc::Model>, std::optional<llvm::CodeModel::Model>, llvm::CodeGenOptLevel, bool) const /usr/lib/llvm-20/include/llvm/MC/TargetRegistry.h:462:12
    #9 0x55ca9163a09e in tsc::TargetRegistry::initializeAllTargets() /workspace/src/TargetRegistry.cpp:67:41
    #10 0x55ca9162bdcd in tsc::Compiler::initializeLLVM() /workspace/src/Compiler.cpp:349:14
    #11 0x55ca9162b8b7 in tsc::Compiler::Compiler(tsc::CompilerOptions const&) /workspace/src/Compiler.cpp:24:5
    #12 0x55ca915fd7b5 in main /workspace/src/main.cpp:191:18
    #13 0x7ff5c395a337  (/lib/x86_64-linux-gnu/libc.so.6+0x2a337) (BuildId: 467f544f15035abef911999cbc14489edd0555ab)
    #14 0x7ff5c395a3fa in __libc_start_main (/lib/x86_64-linux-gnu/libc.so.6+0x2a3fa) (BuildId: 467f544f15035abef911999cbc14489edd0555ab)
    #15 0x55ca91511b64 in _start (/workspace/build-asan/tsc+0x74b64) (BuildId: 73a10d7cc646a755f705b0ae57418e68578aec2f)

Indirect leak of 112 byte(s) in 2 object(s) allocated from:
    #0 0x55ca915fa191 in operator new(unsigned long) (/workspace/build-asan/tsc+0x15d191) (BuildId: 73a10d7cc646a755f705b0ae57418e68578aec2f)
    #1 0x7ff5c59b6da2  (/usr/lib/llvm-20/lib/libLLVM.so.20.1+0x1a9ada2) (BuildId: b856c61f98abf0989f157f153740fe0fadfbb760)
    #2 0x7ff5c6f3998b  (/usr/lib/llvm-20/lib/libLLVM.so.20.1+0x301d98b) (BuildId: b856c61f98abf0989f157f153740fe0fadfbb760)
    #3 0x7ff5c6f398a6  (/usr/lib/llvm-20/lib/libLLVM.so.20.1+0x301d8a6) (BuildId: b856c61f98abf0989f157f153740fe0fadfbb760)
    #4 0x7ff5c7b29463  (/usr/lib/llvm-20/lib/libLLVM.so.20.1+0x3c0d463) (BuildId: b856c61f98abf0989f157f153740fe0fadfbb760)
    #5 0x7ff5c7b6091a  (/usr/lib/llvm-20/lib/libLLVM.so.20.1+0x3c4491a) (BuildId: b856c61f98abf0989f157f153740fe0fadfbb760)
    #6 0x7ff5c7b61710  (/usr/lib/llvm-20/lib/libLLVM.so.20.1+0x3c45710) (BuildId: b856c61f98abf0989f157f153740fe0fadfbb760)
    #7 0x7ff5c7b62b2c  (/usr/lib/llvm-20/lib/libLLVM.so.20.1+0x3c46b2c) (BuildId: b856c61f98abf0989f157f153740fe0fadfbb760)
    #8 0x55ca91648523 in llvm::Target::createTargetMachine(llvm::StringRef, llvm::StringRef, llvm::StringRef, llvm::TargetOptions const&, std::optional<llvm::Reloc::Model>, std::optional<llvm::CodeModel::Model>, llvm::CodeGenOptLevel, bool) const /usr/lib/llvm-20/include/llvm/MC/TargetRegistry.h:462:12
    #9 0x55ca9163a09e in tsc::TargetRegistry::initializeAllTargets() /workspace/src/TargetRegistry.cpp:67:41
    #10 0x55ca9162bdcd in tsc::Compiler::initializeLLVM() /workspace/src/Compiler.cpp:349:14
    #11 0x55ca9162b8b7 in tsc::Compiler::Compiler(tsc::CompilerOptions const&) /workspace/src/Compiler.cpp:24:5
    #12 0x55ca915fd7b5 in main /workspace/src/main.cpp:191:18
    #13 0x7ff5c395a337  (/lib/x86_64-linux-gnu/libc.so.6+0x2a337) (BuildId: 467f544f15035abef911999cbc14489edd0555ab)
    #14 0x7ff5c395a3fa in __libc_start_main (/lib/x86_64-linux-gnu/libc.so.6+0x2a3fa) (BuildId: 467f544f15035abef911999cbc14489edd0555ab)
    #15 0x55ca91511b64 in _start (/workspace/build-asan/tsc+0x74b64) (BuildId: 73a10d7cc646a755f705b0ae57418e68578aec2f)

Indirect leak of 112 byte(s) in 2 object(s) allocated from:
    #0 0x55ca915fa191 in operator new(unsigned long) (/workspace/build-asan/tsc+0x15d191) (BuildId: 73a10d7cc646a755f705b0ae57418e68578aec2f)
    #1 0x7ff5c59b6da2  (/usr/lib/llvm-20/lib/libLLVM.so.20.1+0x1a9ada2) (BuildId: b856c61f98abf0989f157f153740fe0fadfbb760)
    #2 0x7ff5c6f3998b  (/usr/lib/llvm-20/lib/libLLVM.so.20.1+0x301d98b) (BuildId: b856c61f98abf0989f157f153740fe0fadfbb760)
    #3 0x7ff5c6f398a6  (/usr/lib/llvm-20/lib/libLLVM.so.20.1+0x301d8a6) (BuildId: b856c61f98abf0989f157f153740fe0fadfbb760)
    #4 0x7ff5c7b293f6  (/usr/lib/llvm-20/lib/libLLVM.so.20.1+0x3c0d3f6) (BuildId: b856c61f98abf0989f157f153740fe0fadfbb760)
    #5 0x7ff5c7b6091a  (/usr/lib/llvm-20/lib/libLLVM.so.20.1+0x3c4491a) (BuildId: b856c61f98abf0989f157f153740fe0fadfbb760)
    #6 0x7ff5c7b61710  (/usr/lib/llvm-20/lib/libLLVM.so.20.1+0x3c45710) (BuildId: b856c61f98abf0989f157f153740fe0fadfbb760)
    #7 0x7ff5c7b62b2c  (/usr/lib/llvm-20/lib/libLLVM.so.20.1+0x3c46b2c) (BuildId: b856c61f98abf0989f157f153740fe0fadfbb760)
    #8 0x55ca91648523 in llvm::Target::createTargetMachine(llvm::StringRef, llvm::StringRef, llvm::StringRef, llvm::TargetOptions const&, std::optional<llvm::Reloc::Model>, std::optional<llvm::CodeModel::Model>, llvm::CodeGenOptLevel, bool) const /usr/lib/llvm-20/include/llvm/MC/TargetRegistry.h:462:12
    #9 0x55ca9163a09e in tsc::TargetRegistry::initializeAllTargets() /workspace/src/TargetRegistry.cpp:67:41
    #10 0x55ca9162bdcd in tsc::Compiler::initializeLLVM() /workspace/src/Compiler.cpp:349:14
    #11 0x55ca9162b8b7 in tsc::Compiler::Compiler(tsc::CompilerOptions const&) /workspace/src/Compiler.cpp:24:5
    #12 0x55ca915fd7b5 in main /workspace/src/main.cpp:191:18
    #13 0x7ff5c395a337  (/lib/x86_64-linux-gnu/libc.so.6+0x2a337) (BuildId: 467f544f15035abef911999cbc14489edd0555ab)
    #14 0x7ff5c395a3fa in __libc_start_main (/lib/x86_64-linux-gnu/libc.so.6+0x2a3fa) (BuildId: 467f544f15035abef911999cbc14489edd0555ab)
    #15 0x55ca91511b64 in _start (/workspace/build-asan/tsc+0x74b64) (BuildId: 73a10d7cc646a755f705b0ae57418e68578aec2f)

Indirect leak of 112 byte(s) in 2 object(s) allocated from:
    #0 0x55ca915fa191 in operator new(unsigned long) (/workspace/build-asan/tsc+0x15d191) (BuildId: 73a10d7cc646a755f705b0ae57418e68578aec2f)
    #1 0x7ff5c59b6da2  (/usr/lib/llvm-20/lib/libLLVM.so.20.1+0x1a9ada2) (BuildId: b856c61f98abf0989f157f153740fe0fadfbb760)
    #2 0x7ff5c6f3998b  (/usr/lib/llvm-20/lib/libLLVM.so.20.1+0x301d98b) (BuildId: b856c61f98abf0989f157f153740fe0fadfbb760)
    #3 0x7ff5c6f398a6  (/usr/lib/llvm-20/lib/libLLVM.so.20.1+0x301d8a6) (BuildId: b856c61f98abf0989f157f153740fe0fadfbb760)
    #4 0x7ff5c7b292a2  (/usr/lib/llvm-20/lib/libLLVM.so.20.1+0x3c0d2a2) (BuildId: b856c61f98abf0989f157f153740fe0fadfbb760)
    #5 0x7ff5c7b6091a  (/usr/lib/llvm-20/lib/libLLVM.so.20.1+0x3c4491a) (BuildId: b856c61f98abf0989f157f153740fe0fadfbb760)
    #6 0x7ff5c7b61710  (/usr/lib/llvm-20/lib/libLLVM.so.20.1+0x3c45710) (BuildId: b856c61f98abf0989f157f153740fe0fadfbb760)
    #7 0x7ff5c7b62b2c  (/usr/lib/llvm-20/lib/libLLVM.so.20.1+0x3c46b2c) (BuildId: b856c61f98abf0989f157f153740fe0fadfbb760)
    #8 0x55ca91648523 in llvm::Target::createTargetMachine(llvm::StringRef, llvm::StringRef, llvm::StringRef, llvm::TargetOptions const&, std::optional<llvm::Reloc::Model>, std::optional<llvm::CodeModel::Model>, llvm::CodeGenOptLevel, bool) const /usr/lib/llvm-20/include/llvm/MC/TargetRegistry.h:462:12
    #9 0x55ca9163a09e in tsc::TargetRegistry::initializeAllTargets() /workspace/src/TargetRegistry.cpp:67:41
    #10 0x55ca9162bdcd in tsc::Compiler::initializeLLVM() /workspace/src/Compiler.cpp:349:14
    #11 0x55ca9162b8b7 in tsc::Compiler::Compiler(tsc::CompilerOptions const&) /workspace/src/Compiler.cpp:24:5
    #12 0x55ca915fd7b5 in main /workspace/src/main.cpp:191:18
    #13 0x7ff5c395a337  (/lib/x86_64-linux-gnu/libc.so.6+0x2a337) (BuildId: 467f544f15035abef911999cbc14489edd0555ab)
    #14 0x7ff5c395a3fa in __libc_start_main (/lib/x86_64-linux-gnu/libc.so.6+0x2a3fa) (BuildId: 467f544f15035abef911999cbc14489edd0555ab)
    #15 0x55ca91511b64 in _start (/workspace/build-asan/tsc+0x74b64) (BuildId: 73a10d7cc646a755f705b0ae57418e68578aec2f)

Indirect leak of 112 byte(s) in 2 object(s) allocated from:
    #0 0x55ca915fa191 in operator new(unsigned long) (/workspace/build-asan/tsc+0x15d191) (BuildId: 73a10d7cc646a755f705b0ae57418e68578aec2f)
    #1 0x7ff5c59b6da2  (/usr/lib/llvm-20/lib/libLLVM.so.20.1+0x1a9ada2) (BuildId: b856c61f98abf0989f157f153740fe0fadfbb760)
    #2 0x7ff5c6f3b039  (/usr/lib/llvm-20/lib/libLLVM.so.20.1+0x301f039) (BuildId: b856c61f98abf0989f157f153740fe0fadfbb760)
    #3 0x7ff5c6f3af97  (/usr/lib/llvm-20/lib/libLLVM.so.20.1+0x301ef97) (BuildId: b856c61f98abf0989f157f153740fe0fadfbb760)
    #4 0x7ff5c6f3998b  (/usr/lib/llvm-20/lib/libLLVM.so.20.1+0x301d98b) (BuildId: b856c61f98abf0989f157f153740fe0fadfbb760)
    #5 0x7ff5c6f398a6  (/usr/lib/llvm-20/lib/libLLVM.so.20.1+0x301d8a6) (BuildId: b856c61f98abf0989f157f153740fe0fadfbb760)
    #6 0x7ff5c6f3aa71  (/usr/lib/llvm-20/lib/libLLVM.so.20.1+0x301ea71) (BuildId: b856c61f98abf0989f157f153740fe0fadfbb760)
    #7 0x7ff5c7b29241  (/usr/lib/llvm-20/lib/libLLVM.so.20.1+0x3c0d241) (BuildId: b856c61f98abf0989f157f153740fe0fadfbb760)
    #8 0x7ff5c7b6091a  (/usr/lib/llvm-20/lib/libLLVM.so.20.1+0x3c4491a) (BuildId: b856c61f98abf0989f157f153740fe0fadfbb760)
    #9 0x7ff5c7b61710  (/usr/lib/llvm-20/lib/libLLVM.so.20.1+0x3c45710) (BuildId: b856c61f98abf0989f157f153740fe0fadfbb760)
    #10 0x7ff5c7b62b2c  (/usr/lib/llvm-20/lib/libLLVM.so.20.1+0x3c46b2c) (BuildId: b856c61f98abf0989f157f153740fe0fadfbb760)
    #11 0x55ca91648523 in llvm::Target::createTargetMachine(llvm::StringRef, llvm::StringRef, llvm::StringRef, llvm::TargetOptions const&, std::optional<llvm::Reloc::Model>, std::optional<llvm::CodeModel::Model>, llvm::CodeGenOptLevel, bool) const /usr/lib/llvm-20/include/llvm/MC/TargetRegistry.h:462:12
    #12 0x55ca9163a09e in tsc::TargetRegistry::initializeAllTargets() /workspace/src/TargetRegistry.cpp:67:41
    #13 0x55ca9162bdcd in tsc::Compiler::initializeLLVM() /workspace/src/Compiler.cpp:349:14
    #14 0x55ca9162b8b7 in tsc::Compiler::Compiler(tsc::CompilerOptions const&) /workspace/src/Compiler.cpp:24:5
    #15 0x55ca915fd7b5 in main /workspace/src/main.cpp:191:18
    #16 0x7ff5c395a337  (/lib/x86_64-linux-gnu/libc.so.6+0x2a337) (BuildId: 467f544f15035abef911999cbc14489edd0555ab)
    #17 0x7ff5c395a3fa in __libc_start_main (/lib/x86_64-linux-gnu/libc.so.6+0x2a3fa) (BuildId: 467f544f15035abef911999cbc14489edd0555ab)
    #18 0x55ca91511b64 in _start (/workspace/build-asan/tsc+0x74b64) (BuildId: 73a10d7cc646a755f705b0ae57418e68578aec2f)

Indirect leak of 112 byte(s) in 2 object(s) allocated from:
    #0 0x55ca915fa191 in operator new(unsigned long) (/workspace/build-asan/tsc+0x15d191) (BuildId: 73a10d7cc646a755f705b0ae57418e68578aec2f)
    #1 0x7ff5c59b6da2  (/usr/lib/llvm-20/lib/libLLVM.so.20.1+0x1a9ada2) (BuildId: b856c61f98abf0989f157f153740fe0fadfbb760)
    #2 0x7ff5c6f3b008  (/usr/lib/llvm-20/lib/libLLVM.so.20.1+0x301f008) (BuildId: b856c61f98abf0989f157f153740fe0fadfbb760)
    #3 0x7ff5c6f3af97  (/usr/lib/llvm-20/lib/libLLVM.so.20.1+0x301ef97) (BuildId: b856c61f98abf0989f157f153740fe0fadfbb760)
    #4 0x7ff5c6f3998b  (/usr/lib/llvm-20/lib/libLLVM.so.20.1+0x301d98b) (BuildId: b856c61f98abf0989f157f153740fe0fadfbb760)
    #5 0x7ff5c6f398a6  (/usr/lib/llvm-20/lib/libLLVM.so.20.1+0x301d8a6) (BuildId: b856c61f98abf0989f157f153740fe0fadfbb760)
    #6 0x7ff5c6f3aa71  (/usr/lib/llvm-20/lib/libLLVM.so.20.1+0x301ea71) (BuildId: b856c61f98abf0989f157f153740fe0fadfbb760)
    #7 0x7ff5c7b29241  (/usr/lib/llvm-20/lib/libLLVM.so.20.1+0x3c0d241) (BuildId: b856c61f98abf0989f157f153740fe0fadfbb760)
    #8 0x7ff5c7b6091a  (/usr/lib/llvm-20/lib/libLLVM.so.20.1+0x3c4491a) (BuildId: b856c61f98abf0989f157f153740fe0fadfbb760)
    #9 0x7ff5c7b61710  (/usr/lib/llvm-20/lib/libLLVM.so.20.1+0x3c45710) (BuildId: b856c61f98abf0989f157f153740fe0fadfbb760)
    #10 0x7ff5c7b62b2c  (/usr/lib/llvm-20/lib/libLLVM.so.20.1+0x3c46b2c) (BuildId: b856c61f98abf0989f157f153740fe0fadfbb760)
    #11 0x55ca91648523 in llvm::Target::createTargetMachine(llvm::StringRef, llvm::StringRef, llvm::StringRef, llvm::TargetOptions const&, std::optional<llvm::Reloc::Model>, std::optional<llvm::CodeModel::Model>, llvm::CodeGenOptLevel, bool) const /usr/lib/llvm-20/include/llvm/MC/TargetRegistry.h:462:12
    #12 0x55ca9163a09e in tsc::TargetRegistry::initializeAllTargets() /workspace/src/TargetRegistry.cpp:67:41
    #13 0x55ca9162bdcd in tsc::Compiler::initializeLLVM() /workspace/src/Compiler.cpp:349:14
    #14 0x55ca9162b8b7 in tsc::Compiler::Compiler(tsc::CompilerOptions const&) /workspace/src/Compiler.cpp:24:5
    #15 0x55ca915fd7b5 in main /workspace/src/main.cpp:191:18
    #16 0x7ff5c395a337  (/lib/x86_64-linux-gnu/libc.so.6+0x2a337) (BuildId: 467f544f15035abef911999cbc14489edd0555ab)
    #17 0x7ff5c395a3fa in __libc_start_main (/lib/x86_64-linux-gnu/libc.so.6+0x2a3fa) (BuildId: 467f544f15035abef911999cbc14489edd0555ab)
    #18 0x55ca91511b64 in _start (/workspace/build-asan/tsc+0x74b64) (BuildId: 73a10d7cc646a755f705b0ae57418e68578aec2f)

Indirect leak of 112 byte(s) in 2 object(s) allocated from:
    #0 0x55ca915fa191 in operator new(unsigned long) (/workspace/build-asan/tsc+0x15d191) (BuildId: 73a10d7cc646a755f705b0ae57418e68578aec2f)
    #1 0x7ff5c59b6da2  (/usr/lib/llvm-20/lib/libLLVM.so.20.1+0x1a9ada2) (BuildId: b856c61f98abf0989f157f153740fe0fadfbb760)
    #2 0x7ff5c6f3998b  (/usr/lib/llvm-20/lib/libLLVM.so.20.1+0x301d98b) (BuildId: b856c61f98abf0989f157f153740fe0fadfbb760)
    #3 0x7ff5c6f398a6  (/usr/lib/llvm-20/lib/libLLVM.so.20.1+0x301d8a6) (BuildId: b856c61f98abf0989f157f153740fe0fadfbb760)
    #4 0x7ff5c7b29106  (/usr/lib/llvm-20/lib/libLLVM.so.20.1+0x3c0d106) (BuildId: b856c61f98abf0989f157f153740fe0fadfbb760)
    #5 0x7ff5c7b6091a  (/usr/lib/llvm-20/lib/libLLVM.so.20.1+0x3c4491a) (BuildId: b856c61f98abf0989f157f153740fe0fadfbb760)
    #6 0x7ff5c7b61710  (/usr/lib/llvm-20/lib/libLLVM.so.20.1+0x3c45710) (BuildId: b856c61f98abf0989f157f153740fe0fadfbb760)
    #7 0x7ff5c7b62b2c  (/usr/lib/llvm-20/lib/libLLVM.so.20.1+0x3c46b2c) (BuildId: b856c61f98abf0989f157f153740fe0fadfbb760)
    #8 0x55ca91648523 in llvm::Target::createTargetMachine(llvm::StringRef, llvm::StringRef, llvm::StringRef, llvm::TargetOptions const&, std::optional<llvm::Reloc::Model>, std::optional<llvm::CodeModel::Model>, llvm::CodeGenOptLevel, bool) const /usr/lib/llvm-20/include/llvm/MC/TargetRegistry.h:462:12
    #9 0x55ca9163a09e in tsc::TargetRegistry::initializeAllTargets() /workspace/src/TargetRegistry.cpp:67:41
    #10 0x55ca9162bdcd in tsc::Compiler::initializeLLVM() /workspace/src/Compiler.cpp:349:14
    #11 0x55ca9162b8b7 in tsc::Compiler::Compiler(tsc::CompilerOptions const&) /workspace/src/Compiler.cpp:24:5
    #12 0x55ca915fd7b5 in main /workspace/src/main.cpp:191:18
    #13 0x7ff5c395a337  (/lib/x86_64-linux-gnu/libc.so.6+0x2a337) (BuildId: 467f544f15035abef911999cbc14489edd0555ab)
    #14 0x7ff5c395a3fa in __libc_start_main (/lib/x86_64-linux-gnu/libc.so.6+0x2a3fa) (BuildId: 467f544f15035abef911999cbc14489edd0555ab)
    #15 0x55ca91511b64 in _start (/workspace/build-asan/tsc+0x74b64) (BuildId: 73a10d7cc646a755f705b0ae57418e68578aec2f)

Indirect leak of 112 byte(s) in 2 object(s) allocated from:
    #0 0x55ca915fa191 in operator new(unsigned long) (/workspace/build-asan/tsc+0x15d191) (BuildId: 73a10d7cc646a755f705b0ae57418e68578aec2f)
    #1 0x7ff5c59b6da2  (/usr/lib/llvm-20/lib/libLLVM.so.20.1+0x1a9ada2) (BuildId: b856c61f98abf0989f157f153740fe0fadfbb760)
    #2 0x7ff5c6f3998b  (/usr/lib/llvm-20/lib/libLLVM.so.20.1+0x301d98b) (BuildId: b856c61f98abf0989f157f153740fe0fadfbb760)
    #3 0x7ff5c6f398a6  (/usr/lib/llvm-20/lib/libLLVM.so.20.1+0x301d8a6) (BuildId: b856c61f98abf0989f157f153740fe0fadfbb760)
    #4 0x7ff5c7b28f73  (/usr/lib/llvm-20/lib/libLLVM.so.20.1+0x3c0cf73) (BuildId: b856c61f98abf0989f157f153740fe0fadfbb760)
    #5 0x7ff5c7b6091a  (/usr/lib/llvm-20/lib/libLLVM.so.20.1+0x3c4491a) (BuildId: b856c61f98abf0989f157f153740fe0fadfbb760)
    #6 0x7ff5c7b61710  (/usr/lib/llvm-20/lib/libLLVM.so.20.1+0x3c45710) (BuildId: b856c61f98abf0989f157f153740fe0fadfbb760)
    #7 0x7ff5c7b62b2c  (/usr/lib/llvm-20/lib/libLLVM.so.20.1+0x3c46b2c) (BuildId: b856c61f98abf0989f157f153740fe0fadfbb760)
    #8 0x55ca91648523 in llvm::Target::createTargetMachine(llvm::StringRef, llvm::StringRef, llvm::StringRef, llvm::TargetOptions const&, std::optional<llvm::Reloc::Model>, std::optional<llvm::CodeModel::Model>, llvm::CodeGenOptLevel, bool) const /usr/lib/llvm-20/include/llvm/MC/TargetRegistry.h:462:12
    #9 0x55ca9163a09e in tsc::TargetRegistry::initializeAllTargets() /workspace/src/TargetRegistry.cpp:67:41
    #10 0x55ca9162bdcd in tsc::Compiler::initializeLLVM() /workspace/src/Compiler.cpp:349:14
    #11 0x55ca9162b8b7 in tsc::Compiler::Compiler(tsc::CompilerOptions const&) /workspace/src/Compiler.cpp:24:5
    #12 0x55ca915fd7b5 in main /workspace/src/main.cpp:191:18
    #13 0x7ff5c395a337  (/lib/x86_64-linux-gnu/libc.so.6+0x2a337) (BuildId: 467f544f15035abef911999cbc14489edd0555ab)
    #14 0x7ff5c395a3fa in __libc_start_main (/lib/x86_64-linux-gnu/libc.so.6+0x2a3fa) (BuildId: 467f544f15035abef911999cbc14489edd0555ab)
    #15 0x55ca91511b64 in _start (/workspace/build-asan/tsc+0x74b64) (BuildId: 73a10d7cc646a755f705b0ae57418e68578aec2f)

Indirect leak of 112 byte(s) in 2 object(s) allocated from:
    #0 0x55ca915fa191 in operator new(unsigned long) (/workspace/build-asan/tsc+0x15d191) (BuildId: 73a10d7cc646a755f705b0ae57418e68578aec2f)
    #1 0x7ff5c59b6da2  (/usr/lib/llvm-20/lib/libLLVM.so.20.1+0x1a9ada2) (BuildId: b856c61f98abf0989f157f153740fe0fadfbb760)
    #2 0x7ff5c6f3998b  (/usr/lib/llvm-20/lib/libLLVM.so.20.1+0x301d98b) (BuildId: b856c61f98abf0989f157f153740fe0fadfbb760)
    #3 0x7ff5c6f398a6  (/usr/lib/llvm-20/lib/libLLVM.so.20.1+0x301d8a6) (BuildId: b856c61f98abf0989f157f153740fe0fadfbb760)
    #4 0x7ff5c7b28ef9  (/usr/lib/llvm-20/lib/libLLVM.so.20.1+0x3c0cef9) (BuildId: b856c61f98abf0989f157f153740fe0fadfbb760)
    #5 0x7ff5c7b6091a  (/usr/lib/llvm-20/lib/libLLVM.so.20.1+0x3c4491a) (BuildId: b856c61f98abf0989f157f153740fe0fadfbb760)
    #6 0x7ff5c7b61710  (/usr/lib/llvm-20/lib/libLLVM.so.20.1+0x3c45710) (BuildId: b856c61f98abf0989f157f153740fe0fadfbb760)
    #7 0x7ff5c7b62b2c  (/usr/lib/llvm-20/lib/libLLVM.so.20.1+0x3c46b2c) (BuildId: b856c61f98abf0989f157f153740fe0fadfbb760)
    #8 0x55ca91648523 in llvm::Target::createTargetMachine(llvm::StringRef, llvm::StringRef, llvm::StringRef, llvm::TargetOptions const&, std::optional<llvm::Reloc::Model>, std::optional<llvm::CodeModel::Model>, llvm::CodeGenOptLevel, bool) const /usr/lib/llvm-20/include/llvm/MC/TargetRegistry.h:462:12
    #9 0x55ca9163a09e in tsc::TargetRegistry::initializeAllTargets() /workspace/src/TargetRegistry.cpp:67:41
    #10 0x55ca9162bdcd in tsc::Compiler::initializeLLVM() /workspace/src/Compiler.cpp:349:14
    #11 0x55ca9162b8b7 in tsc::Compiler::Compiler(tsc::CompilerOptions const&) /workspace/src/Compiler.cpp:24:5
    #12 0x55ca915fd7b5 in main /workspace/src/main.cpp:191:18
    #13 0x7ff5c395a337  (/lib/x86_64-linux-gnu/libc.so.6+0x2a337) (BuildId: 467f544f15035abef911999cbc14489edd0555ab)
    #14 0x7ff5c395a3fa in __libc_start_main (/lib/x86_64-linux-gnu/libc.so.6+0x2a3fa) (BuildId: 467f544f15035abef911999cbc14489edd0555ab)
    #15 0x55ca91511b64 in _start (/workspace/build-asan/tsc+0x74b64) (BuildId: 73a10d7cc646a755f705b0ae57418e68578aec2f)

Indirect leak of 112 byte(s) in 2 object(s) allocated from:
    #0 0x55ca915fa191 in operator new(unsigned long) (/workspace/build-asan/tsc+0x15d191) (BuildId: 73a10d7cc646a755f705b0ae57418e68578aec2f)
    #1 0x7ff5c59b6da2  (/usr/lib/llvm-20/lib/libLLVM.so.20.1+0x1a9ada2) (BuildId: b856c61f98abf0989f157f153740fe0fadfbb760)
    #2 0x7ff5c6f3998b  (/usr/lib/llvm-20/lib/libLLVM.so.20.1+0x301d98b) (BuildId: b856c61f98abf0989f157f153740fe0fadfbb760)
    #3 0x7ff5c6f398a6  (/usr/lib/llvm-20/lib/libLLVM.so.20.1+0x301d8a6) (BuildId: b856c61f98abf0989f157f153740fe0fadfbb760)
    #4 0x7ff5c7b28e93  (/usr/lib/llvm-20/lib/libLLVM.so.20.1+0x3c0ce93) (BuildId: b856c61f98abf0989f157f153740fe0fadfbb760)
    #5 0x7ff5c7b6091a  (/usr/lib/llvm-20/lib/libLLVM.so.20.1+0x3c4491a) (BuildId: b856c61f98abf0989f157f153740fe0fadfbb760)
    #6 0x7ff5c7b61710  (/usr/lib/llvm-20/lib/libLLVM.so.20.1+0x3c45710) (BuildId: b856c61f98abf0989f157f153740fe0fadfbb760)
    #7 0x7ff5c7b62b2c  (/usr/lib/llvm-20/lib/libLLVM.so.20.1+0x3c46b2c) (BuildId: b856c61f98abf0989f157f153740fe0fadfbb760)
    #8 0x55ca91648523 in llvm::Target::createTargetMachine(llvm::StringRef, llvm::StringRef, llvm::StringRef, llvm::TargetOptions const&, std::optional<llvm::Reloc::Model>, std::optional<llvm::CodeModel::Model>, llvm::CodeGenOptLevel, bool) const /usr/lib/llvm-20/include/llvm/MC/TargetRegistry.h:462:12
    #9 0x55ca9163a09e in tsc::TargetRegistry::initializeAllTargets() /workspace/src/TargetRegistry.cpp:67:41
    #10 0x55ca9162bdcd in tsc::Compiler::initializeLLVM() /workspace/src/Compiler.cpp:349:14
    #11 0x55ca9162b8b7 in tsc::Compiler::Compiler(tsc::CompilerOptions const&) /workspace/src/Compiler.cpp:24:5
    #12 0x55ca915fd7b5 in main /workspace/src/main.cpp:191:18
    #13 0x7ff5c395a337  (/lib/x86_64-linux-gnu/libc.so.6+0x2a337) (BuildId: 467f544f15035abef911999cbc14489edd0555ab)
    #14 0x7ff5c395a3fa in __libc_start_main (/lib/x86_64-linux-gnu/libc.so.6+0x2a3fa) (BuildId: 467f544f15035abef911999cbc14489edd0555ab)
    #15 0x55ca91511b64 in _start (/workspace/build-asan/tsc+0x74b64) (BuildId: 73a10d7cc646a755f705b0ae57418e68578aec2f)

Indirect leak of 112 byte(s) in 2 object(s) allocated from:
    #0 0x55ca915fa191 in operator new(unsigned long) (/workspace/build-asan/tsc+0x15d191) (BuildId: 73a10d7cc646a755f705b0ae57418e68578aec2f)
    #1 0x7ff5c59b6da2  (/usr/lib/llvm-20/lib/libLLVM.so.20.1+0x1a9ada2) (BuildId: b856c61f98abf0989f157f153740fe0fadfbb760)
    #2 0x7ff5c6f3998b  (/usr/lib/llvm-20/lib/libLLVM.so.20.1+0x301d98b) (BuildId: b856c61f98abf0989f157f153740fe0fadfbb760)
    #3 0x7ff5c6f398a6  (/usr/lib/llvm-20/lib/libLLVM.so.20.1+0x301d8a6) (BuildId: b856c61f98abf0989f157f153740fe0fadfbb760)
    #4 0x7ff5c7b28dc3  (/usr/lib/llvm-20/lib/libLLVM.so.20.1+0x3c0cdc3) (BuildId: b856c61f98abf0989f157f153740fe0fadfbb760)
    #5 0x7ff5c7b6091a  (/usr/lib/llvm-20/lib/libLLVM.so.20.1+0x3c4491a) (BuildId: b856c61f98abf0989f157f153740fe0fadfbb760)
    #6 0x7ff5c7b61710  (/usr/lib/llvm-20/lib/libLLVM.so.20.1+0x3c45710) (BuildId: b856c61f98abf0989f157f153740fe0fadfbb760)
    #7 0x7ff5c7b62b2c  (/usr/lib/llvm-20/lib/libLLVM.so.20.1+0x3c46b2c) (BuildId: b856c61f98abf0989f157f153740fe0fadfbb760)
    #8 0x55ca91648523 in llvm::Target::createTargetMachine(llvm::StringRef, llvm::StringRef, llvm::StringRef, llvm::TargetOptions const&, std::optional<llvm::Reloc::Model>, std::optional<llvm::CodeModel::Model>, llvm::CodeGenOptLevel, bool) const /usr/lib/llvm-20/include/llvm/MC/TargetRegistry.h:462:12
    #9 0x55ca9163a09e in tsc::TargetRegistry::initializeAllTargets() /workspace/src/TargetRegistry.cpp:67:41
    #10 0x55ca9162bdcd in tsc::Compiler::initializeLLVM() /workspace/src/Compiler.cpp:349:14
    #11 0x55ca9162b8b7 in tsc::Compiler::Compiler(tsc::CompilerOptions const&) /workspace/src/Compiler.cpp:24:5
    #12 0x55ca915fd7b5 in main /workspace/src/main.cpp:191:18
    #13 0x7ff5c395a337  (/lib/x86_64-linux-gnu/libc.so.6+0x2a337) (BuildId: 467f544f15035abef911999cbc14489edd0555ab)
    #14 0x7ff5c395a3fa in __libc_start_main (/lib/x86_64-linux-gnu/libc.so.6+0x2a3fa) (BuildId: 467f544f15035abef911999cbc14489edd0555ab)
    #15 0x55ca91511b64 in _start (/workspace/build-asan/tsc+0x74b64) (BuildId: 73a10d7cc646a755f705b0ae57418e68578aec2f)

Indirect leak of 112 byte(s) in 2 object(s) allocated from:
    #0 0x55ca915fa191 in operator new(unsigned long) (/workspace/build-asan/tsc+0x15d191) (BuildId: 73a10d7cc646a755f705b0ae57418e68578aec2f)
    #1 0x7ff5c59b6da2  (/usr/lib/llvm-20/lib/libLLVM.so.20.1+0x1a9ada2) (BuildId: b856c61f98abf0989f157f153740fe0fadfbb760)
    #2 0x7ff5c6f3b039  (/usr/lib/llvm-20/lib/libLLVM.so.20.1+0x301f039) (BuildId: b856c61f98abf0989f157f153740fe0fadfbb760)
    #3 0x7ff5c6f3af97  (/usr/lib/llvm-20/lib/libLLVM.so.20.1+0x301ef97) (BuildId: b856c61f98abf0989f157f153740fe0fadfbb760)
    #4 0x7ff5c6f3998b  (/usr/lib/llvm-20/lib/libLLVM.so.20.1+0x301d98b) (BuildId: b856c61f98abf0989f157f153740fe0fadfbb760)
    #5 0x7ff5c6f398a6  (/usr/lib/llvm-20/lib/libLLVM.so.20.1+0x301d8a6) (BuildId: b856c61f98abf0989f157f153740fe0fadfbb760)
    #6 0x7ff5c6f3aa71  (/usr/lib/llvm-20/lib/libLLVM.so.20.1+0x301ea71) (BuildId: b856c61f98abf0989f157f153740fe0fadfbb760)
    #7 0x7ff5c7b28d6b  (/usr/lib/llvm-20/lib/libLLVM.so.20.1+0x3c0cd6b) (BuildId: b856c61f98abf0989f157f153740fe0fadfbb760)
    #8 0x7ff5c7b6091a  (/usr/lib/llvm-20/lib/libLLVM.so.20.1+0x3c4491a) (BuildId: b856c61f98abf0989f157f153740fe0fadfbb760)
    #9 0x7ff5c7b61710  (/usr/lib/llvm-20/lib/libLLVM.so.20.1+0x3c45710) (BuildId: b856c61f98abf0989f157f153740fe0fadfbb760)
    #10 0x7ff5c7b62b2c  (/usr/lib/llvm-20/lib/libLLVM.so.20.1+0x3c46b2c) (BuildId: b856c61f98abf0989f157f153740fe0fadfbb760)
    #11 0x55ca91648523 in llvm::Target::createTargetMachine(llvm::StringRef, llvm::StringRef, llvm::StringRef, llvm::TargetOptions const&, std::optional<llvm::Reloc::Model>, std::optional<llvm::CodeModel::Model>, llvm::CodeGenOptLevel, bool) const /usr/lib/llvm-20/include/llvm/MC/TargetRegistry.h:462:12
    #12 0x55ca9163a09e in tsc::TargetRegistry::initializeAllTargets() /workspace/src/TargetRegistry.cpp:67:41
    #13 0x55ca9162bdcd in tsc::Compiler::initializeLLVM() /workspace/src/Compiler.cpp:349:14
    #14 0x55ca9162b8b7 in tsc::Compiler::Compiler(tsc::CompilerOptions const&) /workspace/src/Compiler.cpp:24:5
    #15 0x55ca915fd7b5 in main /workspace/src/main.cpp:191:18
    #16 0x7ff5c395a337  (/lib/x86_64-linux-gnu/libc.so.6+0x2a337) (BuildId: 467f544f15035abef911999cbc14489edd0555ab)
    #17 0x7ff5c395a3fa in __libc_start_main (/lib/x86_64-linux-gnu/libc.so.6+0x2a3fa) (BuildId: 467f544f15035abef911999cbc14489edd0555ab)
    #18 0x55ca91511b64 in _start (/workspace/build-asan/tsc+0x74b64) (BuildId: 73a10d7cc646a755f705b0ae57418e68578aec2f)

Indirect leak of 112 byte(s) in 2 object(s) allocated from:
    #0 0x55ca915fa191 in operator new(unsigned long) (/workspace/build-asan/tsc+0x15d191) (BuildId: 73a10d7cc646a755f705b0ae57418e68578aec2f)
    #1 0x7ff5c59b6da2  (/usr/lib/llvm-20/lib/libLLVM.so.20.1+0x1a9ada2) (BuildId: b856c61f98abf0989f157f153740fe0fadfbb760)
    #2 0x7ff5c6f3b008  (/usr/lib/llvm-20/lib/libLLVM.so.20.1+0x301f008) (BuildId: b856c61f98abf0989f157f153740fe0fadfbb760)
    #3 0x7ff5c6f3af97  (/usr/lib/llvm-20/lib/libLLVM.so.20.1+0x301ef97) (BuildId: b856c61f98abf0989f157f153740fe0fadfbb760)
    #4 0x7ff5c6f3998b  (/usr/lib/llvm-20/lib/libLLVM.so.20.1+0x301d98b) (BuildId: b856c61f98abf0989f157f153740fe0fadfbb760)
    #5 0x7ff5c6f398a6  (/usr/lib/llvm-20/lib/libLLVM.so.20.1+0x301d8a6) (BuildId: b856c61f98abf0989f157f153740fe0fadfbb760)
    #6 0x7ff5c6f3aa71  (/usr/lib/llvm-20/lib/libLLVM.so.20.1+0x301ea71) (BuildId: b856c61f98abf0989f157f153740fe0fadfbb760)
    #7 0x7ff5c7b28d6b  (/usr/lib/llvm-20/lib/libLLVM.so.20.1+0x3c0cd6b) (BuildId: b856c61f98abf0989f157f153740fe0fadfbb760)
    #8 0x7ff5c7b6091a  (/usr/lib/llvm-20/lib/libLLVM.so.20.1+0x3c4491a) (BuildId: b856c61f98abf0989f157f153740fe0fadfbb760)
    #9 0x7ff5c7b61710  (/usr/lib/llvm-20/lib/libLLVM.so.20.1+0x3c45710) (BuildId: b856c61f98abf0989f157f153740fe0fadfbb760)
    #10 0x7ff5c7b62b2c  (/usr/lib/llvm-20/lib/libLLVM.so.20.1+0x3c46b2c) (BuildId: b856c61f98abf0989f157f153740fe0fadfbb760)
    #11 0x55ca91648523 in llvm::Target::createTargetMachine(llvm::StringRef, llvm::StringRef, llvm::StringRef, llvm::TargetOptions const&, std::optional<llvm::Reloc::Model>, std::optional<llvm::CodeModel::Model>, llvm::CodeGenOptLevel, bool) const /usr/lib/llvm-20/include/llvm/MC/TargetRegistry.h:462:12
    #12 0x55ca9163a09e in tsc::TargetRegistry::initializeAllTargets() /workspace/src/TargetRegistry.cpp:67:41
    #13 0x55ca9162bdcd in tsc::Compiler::initializeLLVM() /workspace/src/Compiler.cpp:349:14
    #14 0x55ca9162b8b7 in tsc::Compiler::Compiler(tsc::CompilerOptions const&) /workspace/src/Compiler.cpp:24:5
    #15 0x55ca915fd7b5 in main /workspace/src/main.cpp:191:18
    #16 0x7ff5c395a337  (/lib/x86_64-linux-gnu/libc.so.6+0x2a337) (BuildId: 467f544f15035abef911999cbc14489edd0555ab)
    #17 0x7ff5c395a3fa in __libc_start_main (/lib/x86_64-linux-gnu/libc.so.6+0x2a3fa) (BuildId: 467f544f15035abef911999cbc14489edd0555ab)
    #18 0x55ca91511b64 in _start (/workspace/build-asan/tsc+0x74b64) (BuildId: 73a10d7cc646a755f705b0ae57418e68578aec2f)

Indirect leak of 112 byte(s) in 2 object(s) allocated from:
    #0 0x55ca915fa191 in operator new(unsigned long) (/workspace/build-asan/tsc+0x15d191) (BuildId: 73a10d7cc646a755f705b0ae57418e68578aec2f)
    #1 0x7ff5c59b6da2  (/usr/lib/llvm-20/lib/libLLVM.so.20.1+0x1a9ada2) (BuildId: b856c61f98abf0989f157f153740fe0fadfbb760)
    #2 0x7ff5c6f3998b  (/usr/lib/llvm-20/lib/libLLVM.so.20.1+0x301d98b) (BuildId: b856c61f98abf0989f157f153740fe0fadfbb760)
    #3 0x7ff5c6f398a6  (/usr/lib/llvm-20/lib/libLLVM.so.20.1+0x301d8a6) (BuildId: b856c61f98abf0989f157f153740fe0fadfbb760)
    #4 0x7ff5c7b28a1b  (/usr/lib/llvm-20/lib/libLLVM.so.20.1+0x3c0ca1b) (BuildId: b856c61f98abf0989f157f153740fe0fadfbb760)
    #5 0x7ff5c7b6091a  (/usr/lib/llvm-20/lib/libLLVM.so.20.1+0x3c4491a) (BuildId: b856c61f98abf0989f157f153740fe0fadfbb760)
    #6 0x7ff5c7b61710  (/usr/lib/llvm-20/lib/libLLVM.so.20.1+0x3c45710) (BuildId: b856c61f98abf0989f157f153740fe0fadfbb760)
    #7 0x7ff5c7b62b2c  (/usr/lib/llvm-20/lib/libLLVM.so.20.1+0x3c46b2c) (BuildId: b856c61f98abf0989f157f153740fe0fadfbb760)
    #8 0x55ca91648523 in llvm::Target::createTargetMachine(llvm::StringRef, llvm::StringRef, llvm::StringRef, llvm::TargetOptions const&, std::optional<llvm::Reloc::Model>, std::optional<llvm::CodeModel::Model>, llvm::CodeGenOptLevel, bool) const /usr/lib/llvm-20/include/llvm/MC/TargetRegistry.h:462:12
    #9 0x55ca9163a09e in tsc::TargetRegistry::initializeAllTargets() /workspace/src/TargetRegistry.cpp:67:41
    #10 0x55ca9162bdcd in tsc::Compiler::initializeLLVM() /workspace/src/Compiler.cpp:349:14
    #11 0x55ca9162b8b7 in tsc::Compiler::Compiler(tsc::CompilerOptions const&) /workspace/src/Compiler.cpp:24:5
    #12 0x55ca915fd7b5 in main /workspace/src/main.cpp:191:18
    #13 0x7ff5c395a337  (/lib/x86_64-linux-gnu/libc.so.6+0x2a337) (BuildId: 467f544f15035abef911999cbc14489edd0555ab)
    #14 0x7ff5c395a3fa in __libc_start_main (/lib/x86_64-linux-gnu/libc.so.6+0x2a3fa) (BuildId: 467f544f15035abef911999cbc14489edd0555ab)
    #15 0x55ca91511b64 in _start (/workspace/build-asan/tsc+0x74b64) (BuildId: 73a10d7cc646a755f705b0ae57418e68578aec2f)

Indirect leak of 112 byte(s) in 2 object(s) allocated from:
    #0 0x55ca915fa191 in operator new(unsigned long) (/workspace/build-asan/tsc+0x15d191) (BuildId: 73a10d7cc646a755f705b0ae57418e68578aec2f)
    #1 0x7ff5c59b6da2  (/usr/lib/llvm-20/lib/libLLVM.so.20.1+0x1a9ada2) (BuildId: b856c61f98abf0989f157f153740fe0fadfbb760)
    #2 0x7ff5c6f3998b  (/usr/lib/llvm-20/lib/libLLVM.so.20.1+0x301d98b) (BuildId: b856c61f98abf0989f157f153740fe0fadfbb760)
    #3 0x7ff5c6f398a6  (/usr/lib/llvm-20/lib/libLLVM.so.20.1+0x301d8a6) (BuildId: b856c61f98abf0989f157f153740fe0fadfbb760)
    #4 0x7ff5c7b286d3  (/usr/lib/llvm-20/lib/libLLVM.so.20.1+0x3c0c6d3) (BuildId: b856c61f98abf0989f157f153740fe0fadfbb760)
    #5 0x7ff5c7b6091a  (/usr/lib/llvm-20/lib/libLLVM.so.20.1+0x3c4491a) (BuildId: b856c61f98abf0989f157f153740fe0fadfbb760)
    #6 0x7ff5c7b61710  (/usr/lib/llvm-20/lib/libLLVM.so.20.1+0x3c45710) (BuildId: b856c61f98abf0989f157f153740fe0fadfbb760)
    #7 0x7ff5c7b62b2c  (/usr/lib/llvm-20/lib/libLLVM.so.20.1+0x3c46b2c) (BuildId: b856c61f98abf0989f157f153740fe0fadfbb760)
    #8 0x55ca91648523 in llvm::Target::createTargetMachine(llvm::StringRef, llvm::StringRef, llvm::StringRef, llvm::TargetOptions const&, std::optional<llvm::Reloc::Model>, std::optional<llvm::CodeModel::Model>, llvm::CodeGenOptLevel, bool) const /usr/lib/llvm-20/include/llvm/MC/TargetRegistry.h:462:12
    #9 0x55ca9163a09e in tsc::TargetRegistry::initializeAllTargets() /workspace/src/TargetRegistry.cpp:67:41
    #10 0x55ca9162bdcd in tsc::Compiler::initializeLLVM() /workspace/src/Compiler.cpp:349:14
    #11 0x55ca9162b8b7 in tsc::Compiler::Compiler(tsc::CompilerOptions const&) /workspace/src/Compiler.cpp:24:5
    #12 0x55ca915fd7b5 in main /workspace/src/main.cpp:191:18
    #13 0x7ff5c395a337  (/lib/x86_64-linux-gnu/libc.so.6+0x2a337) (BuildId: 467f544f15035abef911999cbc14489edd0555ab)
    #14 0x7ff5c395a3fa in __libc_start_main (/lib/x86_64-linux-gnu/libc.so.6+0x2a3fa) (BuildId: 467f544f15035abef911999cbc14489edd0555ab)
    #15 0x55ca91511b64 in _start (/workspace/build-asan/tsc+0x74b64) (BuildId: 73a10d7cc646a755f705b0ae57418e68578aec2f)

Indirect leak of 112 byte(s) in 2 object(s) allocated from:
    #0 0x55ca915fa191 in operator new(unsigned long) (/workspace/build-asan/tsc+0x15d191) (BuildId: 73a10d7cc646a755f705b0ae57418e68578aec2f)
    #1 0x7ff5c59b6da2  (/usr/lib/llvm-20/lib/libLLVM.so.20.1+0x1a9ada2) (BuildId: b856c61f98abf0989f157f153740fe0fadfbb760)
    #2 0x7ff5c6f3b039  (/usr/lib/llvm-20/lib/libLLVM.so.20.1+0x301f039) (BuildId: b856c61f98abf0989f157f153740fe0fadfbb760)
    #3 0x7ff5c6f3af97  (/usr/lib/llvm-20/lib/libLLVM.so.20.1+0x301ef97) (BuildId: b856c61f98abf0989f157f153740fe0fadfbb760)
    #4 0x7ff5c6f3998b  (/usr/lib/llvm-20/lib/libLLVM.so.20.1+0x301d98b) (BuildId: b856c61f98abf0989f157f153740fe0fadfbb760)
    #5 0x7ff5c6f398a6  (/usr/lib/llvm-20/lib/libLLVM.so.20.1+0x301d8a6) (BuildId: b856c61f98abf0989f157f153740fe0fadfbb760)
    #6 0x7ff5c6f3aa71  (/usr/lib/llvm-20/lib/libLLVM.so.20.1+0x301ea71) (BuildId: b856c61f98abf0989f157f153740fe0fadfbb760)
    #7 0x7ff5c7b29e11  (/usr/lib/llvm-20/lib/libLLVM.so.20.1+0x3c0de11) (BuildId: b856c61f98abf0989f157f153740fe0fadfbb760)
    #8 0x7ff5c7b6091a  (/usr/lib/llvm-20/lib/libLLVM.so.20.1+0x3c4491a) (BuildId: b856c61f98abf0989f157f153740fe0fadfbb760)
    #9 0x7ff5c7b61a19  (/usr/lib/llvm-20/lib/libLLVM.so.20.1+0x3c45a19) (BuildId: b856c61f98abf0989f157f153740fe0fadfbb760)
    #10 0x7ff5c7b62a6c  (/usr/lib/llvm-20/lib/libLLVM.so.20.1+0x3c46a6c) (BuildId: b856c61f98abf0989f157f153740fe0fadfbb760)
    #11 0x55ca91648523 in llvm::Target::createTargetMachine(llvm::StringRef, llvm::StringRef, llvm::StringRef, llvm::TargetOptions const&, std::optional<llvm::Reloc::Model>, std::optional<llvm::CodeModel::Model>, llvm::CodeGenOptLevel, bool) const /usr/lib/llvm-20/include/llvm/MC/TargetRegistry.h:462:12
    #12 0x55ca9163a09e in tsc::TargetRegistry::initializeAllTargets() /workspace/src/TargetRegistry.cpp:67:41
    #13 0x55ca9162bdcd in tsc::Compiler::initializeLLVM() /workspace/src/Compiler.cpp:349:14
    #14 0x55ca9162b8b7 in tsc::Compiler::Compiler(tsc::CompilerOptions const&) /workspace/src/Compiler.cpp:24:5
    #15 0x55ca915fd7b5 in main /workspace/src/main.cpp:191:18
    #16 0x7ff5c395a337  (/lib/x86_64-linux-gnu/libc.so.6+0x2a337) (BuildId: 467f544f15035abef911999cbc14489edd0555ab)
    #17 0x7ff5c395a3fa in __libc_start_main (/lib/x86_64-linux-gnu/libc.so.6+0x2a3fa) (BuildId: 467f544f15035abef911999cbc14489edd0555ab)
    #18 0x55ca91511b64 in _start (/workspace/build-asan/tsc+0x74b64) (BuildId: 73a10d7cc646a755f705b0ae57418e68578aec2f)

Indirect leak of 112 byte(s) in 2 object(s) allocated from:
    #0 0x55ca915fa191 in operator new(unsigned long) (/workspace/build-asan/tsc+0x15d191) (BuildId: 73a10d7cc646a755f705b0ae57418e68578aec2f)
    #1 0x7ff5c59b6da2  (/usr/lib/llvm-20/lib/libLLVM.so.20.1+0x1a9ada2) (BuildId: b856c61f98abf0989f157f153740fe0fadfbb760)
    #2 0x7ff5c6f3b008  (/usr/lib/llvm-20/lib/libLLVM.so.20.1+0x301f008) (BuildId: b856c61f98abf0989f157f153740fe0fadfbb760)
    #3 0x7ff5c6f3af97  (/usr/lib/llvm-20/lib/libLLVM.so.20.1+0x301ef97) (BuildId: b856c61f98abf0989f157f153740fe0fadfbb760)
    #4 0x7ff5c6f3998b  (/usr/lib/llvm-20/lib/libLLVM.so.20.1+0x301d98b) (BuildId: b856c61f98abf0989f157f153740fe0fadfbb760)
    #5 0x7ff5c6f398a6  (/usr/lib/llvm-20/lib/libLLVM.so.20.1+0x301d8a6) (BuildId: b856c61f98abf0989f157f153740fe0fadfbb760)
    #6 0x7ff5c6f3aa71  (/usr/lib/llvm-20/lib/libLLVM.so.20.1+0x301ea71) (BuildId: b856c61f98abf0989f157f153740fe0fadfbb760)
    #7 0x7ff5c7b29e11  (/usr/lib/llvm-20/lib/libLLVM.so.20.1+0x3c0de11) (BuildId: b856c61f98abf0989f157f153740fe0fadfbb760)
    #8 0x7ff5c7b6091a  (/usr/lib/llvm-20/lib/libLLVM.so.20.1+0x3c4491a) (BuildId: b856c61f98abf0989f157f153740fe0fadfbb760)
    #9 0x7ff5c7b61a19  (/usr/lib/llvm-20/lib/libLLVM.so.20.1+0x3c45a19) (BuildId: b856c61f98abf0989f157f153740fe0fadfbb760)
    #10 0x7ff5c7b62a6c  (/usr/lib/llvm-20/lib/libLLVM.so.20.1+0x3c46a6c) (BuildId: b856c61f98abf0989f157f153740fe0fadfbb760)
    #11 0x55ca91648523 in llvm::Target::createTargetMachine(llvm::StringRef, llvm::StringRef, llvm::StringRef, llvm::TargetOptions const&, std::optional<llvm::Reloc::Model>, std::optional<llvm::CodeModel::Model>, llvm::CodeGenOptLevel, bool) const /usr/lib/llvm-20/include/llvm/MC/TargetRegistry.h:462:12
    #12 0x55ca9163a09e in tsc::TargetRegistry::initializeAllTargets() /workspace/src/TargetRegistry.cpp:67:41
    #13 0x55ca9162bdcd in tsc::Compiler::initializeLLVM() /workspace/src/Compiler.cpp:349:14
    #14 0x55ca9162b8b7 in tsc::Compiler::Compiler(tsc::CompilerOptions const&) /workspace/src/Compiler.cpp:24:5
    #15 0x55ca915fd7b5 in main /workspace/src/main.cpp:191:18
    #16 0x7ff5c395a337  (/lib/x86_64-linux-gnu/libc.so.6+0x2a337) (BuildId: 467f544f15035abef911999cbc14489edd0555ab)
    #17 0x7ff5c395a3fa in __libc_start_main (/lib/x86_64-linux-gnu/libc.so.6+0x2a3fa) (BuildId: 467f544f15035abef911999cbc14489edd0555ab)
    #18 0x55ca91511b64 in _start (/workspace/build-asan/tsc+0x74b64) (BuildId: 73a10d7cc646a755f705b0ae57418e68578aec2f)

Indirect leak of 112 byte(s) in 2 object(s) allocated from:
    #0 0x55ca915fa191 in operator new(unsigned long) (/workspace/build-asan/tsc+0x15d191) (BuildId: 73a10d7cc646a755f705b0ae57418e68578aec2f)
    #1 0x7ff5c59b6da2  (/usr/lib/llvm-20/lib/libLLVM.so.20.1+0x1a9ada2) (BuildId: b856c61f98abf0989f157f153740fe0fadfbb760)
    #2 0x7ff5c6f3b039  (/usr/lib/llvm-20/lib/libLLVM.so.20.1+0x301f039) (BuildId: b856c61f98abf0989f157f153740fe0fadfbb760)
    #3 0x7ff5c6f3af97  (/usr/lib/llvm-20/lib/libLLVM.so.20.1+0x301ef97) (BuildId: b856c61f98abf0989f157f153740fe0fadfbb760)
    #4 0x7ff5c6f3998b  (/usr/lib/llvm-20/lib/libLLVM.so.20.1+0x301d98b) (BuildId: b856c61f98abf0989f157f153740fe0fadfbb760)
    #5 0x7ff5c6f398a6  (/usr/lib/llvm-20/lib/libLLVM.so.20.1+0x301d8a6) (BuildId: b856c61f98abf0989f157f153740fe0fadfbb760)
    #6 0x7ff5c6f3aa71  (/usr/lib/llvm-20/lib/libLLVM.so.20.1+0x301ea71) (BuildId: b856c61f98abf0989f157f153740fe0fadfbb760)
    #7 0x7ff5c7b29ddf  (/usr/lib/llvm-20/lib/libLLVM.so.20.1+0x3c0dddf) (BuildId: b856c61f98abf0989f157f153740fe0fadfbb760)
    #8 0x7ff5c7b6091a  (/usr/lib/llvm-20/lib/libLLVM.so.20.1+0x3c4491a) (BuildId: b856c61f98abf0989f157f153740fe0fadfbb760)
    #9 0x7ff5c7b61a19  (/usr/lib/llvm-20/lib/libLLVM.so.20.1+0x3c45a19) (BuildId: b856c61f98abf0989f157f153740fe0fadfbb760)
    #10 0x7ff5c7b62a6c  (/usr/lib/llvm-20/lib/libLLVM.so.20.1+0x3c46a6c) (BuildId: b856c61f98abf0989f157f153740fe0fadfbb760)
    #11 0x55ca91648523 in llvm::Target::createTargetMachine(llvm::StringRef, llvm::StringRef, llvm::StringRef, llvm::TargetOptions const&, std::optional<llvm::Reloc::Model>, std::optional<llvm::CodeModel::Model>, llvm::CodeGenOptLevel, bool) const /usr/lib/llvm-20/include/llvm/MC/TargetRegistry.h:462:12
    #12 0x55ca9163a09e in tsc::TargetRegistry::initializeAllTargets() /workspace/src/TargetRegistry.cpp:67:41
    #13 0x55ca9162bdcd in tsc::Compiler::initializeLLVM() /workspace/src/Compiler.cpp:349:14
    #14 0x55ca9162b8b7 in tsc::Compiler::Compiler(tsc::CompilerOptions const&) /workspace/src/Compiler.cpp:24:5
    #15 0x55ca915fd7b5 in main /workspace/src/main.cpp:191:18
    #16 0x7ff5c395a337  (/lib/x86_64-linux-gnu/libc.so.6+0x2a337) (BuildId: 467f544f15035abef911999cbc14489edd0555ab)
    #17 0x7ff5c395a3fa in __libc_start_main (/lib/x86_64-linux-gnu/libc.so.6+0x2a3fa) (BuildId: 467f544f15035abef911999cbc14489edd0555ab)
    #18 0x55ca91511b64 in _start (/workspace/build-asan/tsc+0x74b64) (BuildId: 73a10d7cc646a755f705b0ae57418e68578aec2f)

Indirect leak of 112 byte(s) in 2 object(s) allocated from:
    #0 0x55ca915fa191 in operator new(unsigned long) (/workspace/build-asan/tsc+0x15d191) (BuildId: 73a10d7cc646a755f705b0ae57418e68578aec2f)
    #1 0x7ff5c59b6da2  (/usr/lib/llvm-20/lib/libLLVM.so.20.1+0x1a9ada2) (BuildId: b856c61f98abf0989f157f153740fe0fadfbb760)
    #2 0x7ff5c6f3b008  (/usr/lib/llvm-20/lib/libLLVM.so.20.1+0x301f008) (BuildId: b856c61f98abf0989f157f153740fe0fadfbb760)
    #3 0x7ff5c6f3af97  (/usr/lib/llvm-20/lib/libLLVM.so.20.1+0x301ef97) (BuildId: b856c61f98abf0989f157f153740fe0fadfbb760)
    #4 0x7ff5c6f3998b  (/usr/lib/llvm-20/lib/libLLVM.so.20.1+0x301d98b) (BuildId: b856c61f98abf0989f157f153740fe0fadfbb760)
    #5 0x7ff5c6f398a6  (/usr/lib/llvm-20/lib/libLLVM.so.20.1+0x301d8a6) (BuildId: b856c61f98abf0989f157f153740fe0fadfbb760)
    #6 0x7ff5c6f3aa71  (/usr/lib/llvm-20/lib/libLLVM.so.20.1+0x301ea71) (BuildId: b856c61f98abf0989f157f153740fe0fadfbb760)
    #7 0x7ff5c7b29ddf  (/usr/lib/llvm-20/lib/libLLVM.so.20.1+0x3c0dddf) (BuildId: b856c61f98abf0989f157f153740fe0fadfbb760)
    #8 0x7ff5c7b6091a  (/usr/lib/llvm-20/lib/libLLVM.so.20.1+0x3c4491a) (BuildId: b856c61f98abf0989f157f153740fe0fadfbb760)
    #9 0x7ff5c7b61a19  (/usr/lib/llvm-20/lib/libLLVM.so.20.1+0x3c45a19) (BuildId: b856c61f98abf0989f157f153740fe0fadfbb760)
    #10 0x7ff5c7b62a6c  (/usr/lib/llvm-20/lib/libLLVM.so.20.1+0x3c46a6c) (BuildId: b856c61f98abf0989f157f153740fe0fadfbb760)
    #11 0x55ca91648523 in llvm::Target::createTargetMachine(llvm::StringRef, llvm::StringRef, llvm::StringRef, llvm::TargetOptions const&, std::optional<llvm::Reloc::Model>, std::optional<llvm::CodeModel::Model>, llvm::CodeGenOptLevel, bool) const /usr/lib/llvm-20/include/llvm/MC/TargetRegistry.h:462:12
    #12 0x55ca9163a09e in tsc::TargetRegistry::initializeAllTargets() /workspace/src/TargetRegistry.cpp:67:41
    #13 0x55ca9162bdcd in tsc::Compiler::initializeLLVM() /workspace/src/Compiler.cpp:349:14
    #14 0x55ca9162b8b7 in tsc::Compiler::Compiler(tsc::CompilerOptions const&) /workspace/src/Compiler.cpp:24:5
    #15 0x55ca915fd7b5 in main /workspace/src/main.cpp:191:18
    #16 0x7ff5c395a337  (/lib/x86_64-linux-gnu/libc.so.6+0x2a337) (BuildId: 467f544f15035abef911999cbc14489edd0555ab)
    #17 0x7ff5c395a3fa in __libc_start_main (/lib/x86_64-linux-gnu/libc.so.6+0x2a3fa) (BuildId: 467f544f15035abef911999cbc14489edd0555ab)
    #18 0x55ca91511b64 in _start (/workspace/build-asan/tsc+0x74b64) (BuildId: 73a10d7cc646a755f705b0ae57418e68578aec2f)

Indirect leak of 112 byte(s) in 2 object(s) allocated from:
    #0 0x55ca915fa191 in operator new(unsigned long) (/workspace/build-asan/tsc+0x15d191) (BuildId: 73a10d7cc646a755f705b0ae57418e68578aec2f)
    #1 0x7ff5c59b6da2  (/usr/lib/llvm-20/lib/libLLVM.so.20.1+0x1a9ada2) (BuildId: b856c61f98abf0989f157f153740fe0fadfbb760)
    #2 0x7ff5c6f3b039  (/usr/lib/llvm-20/lib/libLLVM.so.20.1+0x301f039) (BuildId: b856c61f98abf0989f157f153740fe0fadfbb760)
    #3 0x7ff5c6f3af97  (/usr/lib/llvm-20/lib/libLLVM.so.20.1+0x301ef97) (BuildId: b856c61f98abf0989f157f153740fe0fadfbb760)
    #4 0x7ff5c6f3998b  (/usr/lib/llvm-20/lib/libLLVM.so.20.1+0x301d98b) (BuildId: b856c61f98abf0989f157f153740fe0fadfbb760)
    #5 0x7ff5c6f398a6  (/usr/lib/llvm-20/lib/libLLVM.so.20.1+0x301d8a6) (BuildId: b856c61f98abf0989f157f153740fe0fadfbb760)
    #6 0x7ff5c6f3aa71  (/usr/lib/llvm-20/lib/libLLVM.so.20.1+0x301ea71) (BuildId: b856c61f98abf0989f157f153740fe0fadfbb760)
    #7 0x7ff5c7b29d8d  (/usr/lib/llvm-20/lib/libLLVM.so.20.1+0x3c0dd8d) (BuildId: b856c61f98abf0989f157f153740fe0fadfbb760)
    #8 0x7ff5c7b6091a  (/usr/lib/llvm-20/lib/libLLVM.so.20.1+0x3c4491a) (BuildId: b856c61f98abf0989f157f153740fe0fadfbb760)
    #9 0x7ff5c7b61a19  (/usr/lib/llvm-20/lib/libLLVM.so.20.1+0x3c45a19) (BuildId: b856c61f98abf0989f157f153740fe0fadfbb760)
    #10 0x7ff5c7b62a6c  (/usr/lib/llvm-20/lib/libLLVM.so.20.1+0x3c46a6c) (BuildId: b856c61f98abf0989f157f153740fe0fadfbb760)
    #11 0x55ca91648523 in llvm::Target::createTargetMachine(llvm::StringRef, llvm::StringRef, llvm::StringRef, llvm::TargetOptions const&, std::optional<llvm::Reloc::Model>, std::optional<llvm::CodeModel::Model>, llvm::CodeGenOptLevel, bool) const /usr/lib/llvm-20/include/llvm/MC/TargetRegistry.h:462:12
    #12 0x55ca9163a09e in tsc::TargetRegistry::initializeAllTargets() /workspace/src/TargetRegistry.cpp:67:41
    #13 0x55ca9162bdcd in tsc::Compiler::initializeLLVM() /workspace/src/Compiler.cpp:349:14
    #14 0x55ca9162b8b7 in tsc::Compiler::Compiler(tsc::CompilerOptions const&) /workspace/src/Compiler.cpp:24:5
    #15 0x55ca915fd7b5 in main /workspace/src/main.cpp:191:18
    #16 0x7ff5c395a337  (/lib/x86_64-linux-gnu/libc.so.6+0x2a337) (BuildId: 467f544f15035abef911999cbc14489edd0555ab)
    #17 0x7ff5c395a3fa in __libc_start_main (/lib/x86_64-linux-gnu/libc.so.6+0x2a3fa) (BuildId: 467f544f15035abef911999cbc14489edd0555ab)
    #18 0x55ca91511b64 in _start (/workspace/build-asan/tsc+0x74b64) (BuildId: 73a10d7cc646a755f705b0ae57418e68578aec2f)

Indirect leak of 112 byte(s) in 2 object(s) allocated from:
    #0 0x55ca915fa191 in operator new(unsigned long) (/workspace/build-asan/tsc+0x15d191) (BuildId: 73a10d7cc646a755f705b0ae57418e68578aec2f)
    #1 0x7ff5c59b6da2  (/usr/lib/llvm-20/lib/libLLVM.so.20.1+0x1a9ada2) (BuildId: b856c61f98abf0989f157f153740fe0fadfbb760)
    #2 0x7ff5c6f3b008  (/usr/lib/llvm-20/lib/libLLVM.so.20.1+0x301f008) (BuildId: b856c61f98abf0989f157f153740fe0fadfbb760)
    #3 0x7ff5c6f3af97  (/usr/lib/llvm-20/lib/libLLVM.so.20.1+0x301ef97) (BuildId: b856c61f98abf0989f157f153740fe0fadfbb760)
    #4 0x7ff5c6f3998b  (/usr/lib/llvm-20/lib/libLLVM.so.20.1+0x301d98b) (BuildId: b856c61f98abf0989f157f153740fe0fadfbb760)
    #5 0x7ff5c6f398a6  (/usr/lib/llvm-20/lib/libLLVM.so.20.1+0x301d8a6) (BuildId: b856c61f98abf0989f157f153740fe0fadfbb760)
    #6 0x7ff5c6f3aa71  (/usr/lib/llvm-20/lib/libLLVM.so.20.1+0x301ea71) (BuildId: b856c61f98abf0989f157f153740fe0fadfbb760)
    #7 0x7ff5c7b29d8d  (/usr/lib/llvm-20/lib/libLLVM.so.20.1+0x3c0dd8d) (BuildId: b856c61f98abf0989f157f153740fe0fadfbb760)
    #8 0x7ff5c7b6091a  (/usr/lib/llvm-20/lib/libLLVM.so.20.1+0x3c4491a) (BuildId: b856c61f98abf0989f157f153740fe0fadfbb760)
    #9 0x7ff5c7b61a19  (/usr/lib/llvm-20/lib/libLLVM.so.20.1+0x3c45a19) (BuildId: b856c61f98abf0989f157f153740fe0fadfbb760)
    #10 0x7ff5c7b62a6c  (/usr/lib/llvm-20/lib/libLLVM.so.20.1+0x3c46a6c) (BuildId: b856c61f98abf0989f157f153740fe0fadfbb760)
    #11 0x55ca91648523 in llvm::Target::createTargetMachine(llvm::StringRef, llvm::StringRef, llvm::StringRef, llvm::TargetOptions const&, std::optional<llvm::Reloc::Model>, std::optional<llvm::CodeModel::Model>, llvm::CodeGenOptLevel, bool) const /usr/lib/llvm-20/include/llvm/MC/TargetRegistry.h:462:12
    #12 0x55ca9163a09e in tsc::TargetRegistry::initializeAllTargets() /workspace/src/TargetRegistry.cpp:67:41
    #13 0x55ca9162bdcd in tsc::Compiler::initializeLLVM() /workspace/src/Compiler.cpp:349:14
    #14 0x55ca9162b8b7 in tsc::Compiler::Compiler(tsc::CompilerOptions const&) /workspace/src/Compiler.cpp:24:5
    #15 0x55ca915fd7b5 in main /workspace/src/main.cpp:191:18
    #16 0x7ff5c395a337  (/lib/x86_64-linux-gnu/libc.so.6+0x2a337) (BuildId: 467f544f15035abef911999cbc14489edd0555ab)
    #17 0x7ff5c395a3fa in __libc_start_main (/lib/x86_64-linux-gnu/libc.so.6+0x2a3fa) (BuildId: 467f544f15035abef911999cbc14489edd0555ab)
    #18 0x55ca91511b64 in _start (/workspace/build-asan/tsc+0x74b64) (BuildId: 73a10d7cc646a755f705b0ae57418e68578aec2f)

Indirect leak of 112 byte(s) in 2 object(s) allocated from:
    #0 0x55ca915fa191 in operator new(unsigned long) (/workspace/build-asan/tsc+0x15d191) (BuildId: 73a10d7cc646a755f705b0ae57418e68578aec2f)
    #1 0x7ff5c59b6da2  (/usr/lib/llvm-20/lib/libLLVM.so.20.1+0x1a9ada2) (BuildId: b856c61f98abf0989f157f153740fe0fadfbb760)
    #2 0x7ff5c6f3b039  (/usr/lib/llvm-20/lib/libLLVM.so.20.1+0x301f039) (BuildId: b856c61f98abf0989f157f153740fe0fadfbb760)
    #3 0x7ff5c6f3af97  (/usr/lib/llvm-20/lib/libLLVM.so.20.1+0x301ef97) (BuildId: b856c61f98abf0989f157f153740fe0fadfbb760)
    #4 0x7ff5c6f3998b  (/usr/lib/llvm-20/lib/libLLVM.so.20.1+0x301d98b) (BuildId: b856c61f98abf0989f157f153740fe0fadfbb760)
    #5 0x7ff5c6f398a6  (/usr/lib/llvm-20/lib/libLLVM.so.20.1+0x301d8a6) (BuildId: b856c61f98abf0989f157f153740fe0fadfbb760)
    #6 0x7ff5c6f3aa71  (/usr/lib/llvm-20/lib/libLLVM.so.20.1+0x301ea71) (BuildId: b856c61f98abf0989f157f153740fe0fadfbb760)
    #7 0x7ff5c7b29d5b  (/usr/lib/llvm-20/lib/libLLVM.so.20.1+0x3c0dd5b) (BuildId: b856c61f98abf0989f157f153740fe0fadfbb760)
    #8 0x7ff5c7b6091a  (/usr/lib/llvm-20/lib/libLLVM.so.20.1+0x3c4491a) (BuildId: b856c61f98abf0989f157f153740fe0fadfbb760)
    #9 0x7ff5c7b61a19  (/usr/lib/llvm-20/lib/libLLVM.so.20.1+0x3c45a19) (BuildId: b856c61f98abf0989f157f153740fe0fadfbb760)
    #10 0x7ff5c7b62a6c  (/usr/lib/llvm-20/lib/libLLVM.so.20.1+0x3c46a6c) (BuildId: b856c61f98abf0989f157f153740fe0fadfbb760)
    #11 0x55ca91648523 in llvm::Target::createTargetMachine(llvm::StringRef, llvm::StringRef, llvm::StringRef, llvm::TargetOptions const&, std::optional<llvm::Reloc::Model>, std::optional<llvm::CodeModel::Model>, llvm::CodeGenOptLevel, bool) const /usr/lib/llvm-20/include/llvm/MC/TargetRegistry.h:462:12
    #12 0x55ca9163a09e in tsc::TargetRegistry::initializeAllTargets() /workspace/src/TargetRegistry.cpp:67:41
    #13 0x55ca9162bdcd in tsc::Compiler::initializeLLVM() /workspace/src/Compiler.cpp:349:14
    #14 0x55ca9162b8b7 in tsc::Compiler::Compiler(tsc::CompilerOptions const&) /workspace/src/Compiler.cpp:24:5
    #15 0x55ca915fd7b5 in main /workspace/src/main.cpp:191:18
    #16 0x7ff5c395a337  (/lib/x86_64-linux-gnu/libc.so.6+0x2a337) (BuildId: 467f544f15035abef911999cbc14489edd0555ab)
    #17 0x7ff5c395a3fa in __libc_start_main (/lib/x86_64-linux-gnu/libc.so.6+0x2a3fa) (BuildId: 467f544f15035abef911999cbc14489edd0555ab)
    #18 0x55ca91511b64 in _start (/workspace/build-asan/tsc+0x74b64) (BuildId: 73a10d7cc646a755f705b0ae57418e68578aec2f)

Indirect leak of 112 byte(s) in 2 object(s) allocated from:
    #0 0x55ca915fa191 in operator new(unsigned long) (/workspace/build-asan/tsc+0x15d191) (BuildId: 73a10d7cc646a755f705b0ae57418e68578aec2f)
    #1 0x7ff5c59b6da2  (/usr/lib/llvm-20/lib/libLLVM.so.20.1+0x1a9ada2) (BuildId: b856c61f98abf0989f157f153740fe0fadfbb760)
    #2 0x7ff5c6f3b008  (/usr/lib/llvm-20/lib/libLLVM.so.20.1+0x301f008) (BuildId: b856c61f98abf0989f157f153740fe0fadfbb760)
    #3 0x7ff5c6f3af97  (/usr/lib/llvm-20/lib/libLLVM.so.20.1+0x301ef97) (BuildId: b856c61f98abf0989f157f153740fe0fadfbb760)
    #4 0x7ff5c6f3998b  (/usr/lib/llvm-20/lib/libLLVM.so.20.1+0x301d98b) (BuildId: b856c61f98abf0989f157f153740fe0fadfbb760)
    #5 0x7ff5c6f398a6  (/usr/lib/llvm-20/lib/libLLVM.so.20.1+0x301d8a6) (BuildId: b856c61f98abf0989f157f153740fe0fadfbb760)
    #6 0x7ff5c6f3aa71  (/usr/lib/llvm-20/lib/libLLVM.so.20.1+0x301ea71) (BuildId: b856c61f98abf0989f157f153740fe0fadfbb760)
    #7 0x7ff5c7b29d5b  (/usr/lib/llvm-20/lib/libLLVM.so.20.1+0x3c0dd5b) (BuildId: b856c61f98abf0989f157f153740fe0fadfbb760)
    #8 0x7ff5c7b6091a  (/usr/lib/llvm-20/lib/libLLVM.so.20.1+0x3c4491a) (BuildId: b856c61f98abf0989f157f153740fe0fadfbb760)
    #9 0x7ff5c7b61a19  (/usr/lib/llvm-20/lib/libLLVM.so.20.1+0x3c45a19) (BuildId: b856c61f98abf0989f157f153740fe0fadfbb760)
    #10 0x7ff5c7b62a6c  (/usr/lib/llvm-20/lib/libLLVM.so.20.1+0x3c46a6c) (BuildId: b856c61f98abf0989f157f153740fe0fadfbb760)
    #11 0x55ca91648523 in llvm::Target::createTargetMachine(llvm::StringRef, llvm::StringRef, llvm::StringRef, llvm::TargetOptions const&, std::optional<llvm::Reloc::Model>, std::optional<llvm::CodeModel::Model>, llvm::CodeGenOptLevel, bool) const /usr/lib/llvm-20/include/llvm/MC/TargetRegistry.h:462:12
    #12 0x55ca9163a09e in tsc::TargetRegistry::initializeAllTargets() /workspace/src/TargetRegistry.cpp:67:41
    #13 0x55ca9162bdcd in tsc::Compiler::initializeLLVM() /workspace/src/Compiler.cpp:349:14
    #14 0x55ca9162b8b7 in tsc::Compiler::Compiler(tsc::CompilerOptions const&) /workspace/src/Compiler.cpp:24:5
    #15 0x55ca915fd7b5 in main /workspace/src/main.cpp:191:18
    #16 0x7ff5c395a337  (/lib/x86_64-linux-gnu/libc.so.6+0x2a337) (BuildId: 467f544f15035abef911999cbc14489edd0555ab)
    #17 0x7ff5c395a3fa in __libc_start_main (/lib/x86_64-linux-gnu/libc.so.6+0x2a3fa) (BuildId: 467f544f15035abef911999cbc14489edd0555ab)
    #18 0x55ca91511b64 in _start (/workspace/build-asan/tsc+0x74b64) (BuildId: 73a10d7cc646a755f705b0ae57418e68578aec2f)

Indirect leak of 112 byte(s) in 2 object(s) allocated from:
    #0 0x55ca915fa191 in operator new(unsigned long) (/workspace/build-asan/tsc+0x15d191) (BuildId: 73a10d7cc646a755f705b0ae57418e68578aec2f)
    #1 0x7ff5c59b6da2  (/usr/lib/llvm-20/lib/libLLVM.so.20.1+0x1a9ada2) (BuildId: b856c61f98abf0989f157f153740fe0fadfbb760)
    #2 0x7ff5c6f3b039  (/usr/lib/llvm-20/lib/libLLVM.so.20.1+0x301f039) (BuildId: b856c61f98abf0989f157f153740fe0fadfbb760)
    #3 0x7ff5c6f3af97  (/usr/lib/llvm-20/lib/libLLVM.so.20.1+0x301ef97) (BuildId: b856c61f98abf0989f157f153740fe0fadfbb760)
    #4 0x7ff5c6f3998b  (/usr/lib/llvm-20/lib/libLLVM.so.20.1+0x301d98b) (BuildId: b856c61f98abf0989f157f153740fe0fadfbb760)
    #5 0x7ff5c6f398a6  (/usr/lib/llvm-20/lib/libLLVM.so.20.1+0x301d8a6) (BuildId: b856c61f98abf0989f157f153740fe0fadfbb760)
    #6 0x7ff5c6f3aa71  (/usr/lib/llvm-20/lib/libLLVM.so.20.1+0x301ea71) (BuildId: b856c61f98abf0989f157f153740fe0fadfbb760)
    #7 0x7ff5c7b29d0f  (/usr/lib/llvm-20/lib/libLLVM.so.20.1+0x3c0dd0f) (BuildId: b856c61f98abf0989f157f153740fe0fadfbb760)
    #8 0x7ff5c7b6091a  (/usr/lib/llvm-20/lib/libLLVM.so.20.1+0x3c4491a) (BuildId: b856c61f98abf0989f157f153740fe0fadfbb760)
    #9 0x7ff5c7b61a19  (/usr/lib/llvm-20/lib/libLLVM.so.20.1+0x3c45a19) (BuildId: b856c61f98abf0989f157f153740fe0fadfbb760)
    #10 0x7ff5c7b62a6c  (/usr/lib/llvm-20/lib/libLLVM.so.20.1+0x3c46a6c) (BuildId: b856c61f98abf0989f157f153740fe0fadfbb760)
    #11 0x55ca91648523 in llvm::Target::createTargetMachine(llvm::StringRef, llvm::StringRef, llvm::StringRef, llvm::TargetOptions const&, std::optional<llvm::Reloc::Model>, std::optional<llvm::CodeModel::Model>, llvm::CodeGenOptLevel, bool) const /usr/lib/llvm-20/include/llvm/MC/TargetRegistry.h:462:12
    #12 0x55ca9163a09e in tsc::TargetRegistry::initializeAllTargets() /workspace/src/TargetRegistry.cpp:67:41
    #13 0x55ca9162bdcd in tsc::Compiler::initializeLLVM() /workspace/src/Compiler.cpp:349:14
    #14 0x55ca9162b8b7 in tsc::Compiler::Compiler(tsc::CompilerOptions const&) /workspace/src/Compiler.cpp:24:5
    #15 0x55ca915fd7b5 in main /workspace/src/main.cpp:191:18
    #16 0x7ff5c395a337  (/lib/x86_64-linux-gnu/libc.so.6+0x2a337) (BuildId: 467f544f15035abef911999cbc14489edd0555ab)
    #17 0x7ff5c395a3fa in __libc_start_main (/lib/x86_64-linux-gnu/libc.so.6+0x2a3fa) (BuildId: 467f544f15035abef911999cbc14489edd0555ab)
    #18 0x55ca91511b64 in _start (/workspace/build-asan/tsc+0x74b64) (BuildId: 73a10d7cc646a755f705b0ae57418e68578aec2f)

Indirect leak of 112 byte(s) in 2 object(s) allocated from:
    #0 0x55ca915fa191 in operator new(unsigned long) (/workspace/build-asan/tsc+0x15d191) (BuildId: 73a10d7cc646a755f705b0ae57418e68578aec2f)
    #1 0x7ff5c59b6da2  (/usr/lib/llvm-20/lib/libLLVM.so.20.1+0x1a9ada2) (BuildId: b856c61f98abf0989f157f153740fe0fadfbb760)
    #2 0x7ff5c6f3b008  (/usr/lib/llvm-20/lib/libLLVM.so.20.1+0x301f008) (BuildId: b856c61f98abf0989f157f153740fe0fadfbb760)
    #3 0x7ff5c6f3af97  (/usr/lib/llvm-20/lib/libLLVM.so.20.1+0x301ef97) (BuildId: b856c61f98abf0989f157f153740fe0fadfbb760)
    #4 0x7ff5c6f3998b  (/usr/lib/llvm-20/lib/libLLVM.so.20.1+0x301d98b) (BuildId: b856c61f98abf0989f157f153740fe0fadfbb760)
    #5 0x7ff5c6f398a6  (/usr/lib/llvm-20/lib/libLLVM.so.20.1+0x301d8a6) (BuildId: b856c61f98abf0989f157f153740fe0fadfbb760)
    #6 0x7ff5c6f3aa71  (/usr/lib/llvm-20/lib/libLLVM.so.20.1+0x301ea71) (BuildId: b856c61f98abf0989f157f153740fe0fadfbb760)
    #7 0x7ff5c7b29d0f  (/usr/lib/llvm-20/lib/libLLVM.so.20.1+0x3c0dd0f) (BuildId: b856c61f98abf0989f157f153740fe0fadfbb760)
    #8 0x7ff5c7b6091a  (/usr/lib/llvm-20/lib/libLLVM.so.20.1+0x3c4491a) (BuildId: b856c61f98abf0989f157f153740fe0fadfbb760)
    #9 0x7ff5c7b61a19  (/usr/lib/llvm-20/lib/libLLVM.so.20.1+0x3c45a19) (BuildId: b856c61f98abf0989f157f153740fe0fadfbb760)
    #10 0x7ff5c7b62a6c  (/usr/lib/llvm-20/lib/libLLVM.so.20.1+0x3c46a6c) (BuildId: b856c61f98abf0989f157f153740fe0fadfbb760)
    #11 0x55ca91648523 in llvm::Target::createTargetMachine(llvm::StringRef, llvm::StringRef, llvm::StringRef, llvm::TargetOptions const&, std::optional<llvm::Reloc::Model>, std::optional<llvm::CodeModel::Model>, llvm::CodeGenOptLevel, bool) const /usr/lib/llvm-20/include/llvm/MC/TargetRegistry.h:462:12
    #12 0x55ca9163a09e in tsc::TargetRegistry::initializeAllTargets() /workspace/src/TargetRegistry.cpp:67:41
    #13 0x55ca9162bdcd in tsc::Compiler::initializeLLVM() /workspace/src/Compiler.cpp:349:14
    #14 0x55ca9162b8b7 in tsc::Compiler::Compiler(tsc::CompilerOptions const&) /workspace/src/Compiler.cpp:24:5
    #15 0x55ca915fd7b5 in main /workspace/src/main.cpp:191:18
    #16 0x7ff5c395a337  (/lib/x86_64-linux-gnu/libc.so.6+0x2a337) (BuildId: 467f544f15035abef911999cbc14489edd0555ab)
    #17 0x7ff5c395a3fa in __libc_start_main (/lib/x86_64-linux-gnu/libc.so.6+0x2a3fa) (BuildId: 467f544f15035abef911999cbc14489edd0555ab)
    #18 0x55ca91511b64 in _start (/workspace/build-asan/tsc+0x74b64) (BuildId: 73a10d7cc646a755f705b0ae57418e68578aec2f)

Indirect leak of 112 byte(s) in 2 object(s) allocated from:
    #0 0x55ca915fa191 in operator new(unsigned long) (/workspace/build-asan/tsc+0x15d191) (BuildId: 73a10d7cc646a755f705b0ae57418e68578aec2f)
    #1 0x7ff5c59b6da2  (/usr/lib/llvm-20/lib/libLLVM.so.20.1+0x1a9ada2) (BuildId: b856c61f98abf0989f157f153740fe0fadfbb760)
    #2 0x7ff5c6f3b039  (/usr/lib/llvm-20/lib/libLLVM.so.20.1+0x301f039) (BuildId: b856c61f98abf0989f157f153740fe0fadfbb760)
    #3 0x7ff5c6f3af97  (/usr/lib/llvm-20/lib/libLLVM.so.20.1+0x301ef97) (BuildId: b856c61f98abf0989f157f153740fe0fadfbb760)
    #4 0x7ff5c6f3998b  (/usr/lib/llvm-20/lib/libLLVM.so.20.1+0x301d98b) (BuildId: b856c61f98abf0989f157f153740fe0fadfbb760)
    #5 0x7ff5c6f398a6  (/usr/lib/llvm-20/lib/libLLVM.so.20.1+0x301d8a6) (BuildId: b856c61f98abf0989f157f153740fe0fadfbb760)
    #6 0x7ff5c6f3aa71  (/usr/lib/llvm-20/lib/libLLVM.so.20.1+0x301ea71) (BuildId: b856c61f98abf0989f157f153740fe0fadfbb760)
    #7 0x7ff5c7b29cdd  (/usr/lib/llvm-20/lib/libLLVM.so.20.1+0x3c0dcdd) (BuildId: b856c61f98abf0989f157f153740fe0fadfbb760)
    #8 0x7ff5c7b6091a  (/usr/lib/llvm-20/lib/libLLVM.so.20.1+0x3c4491a) (BuildId: b856c61f98abf0989f157f153740fe0fadfbb760)
    #9 0x7ff5c7b61a19  (/usr/lib/llvm-20/lib/libLLVM.so.20.1+0x3c45a19) (BuildId: b856c61f98abf0989f157f153740fe0fadfbb760)
    #10 0x7ff5c7b62a6c  (/usr/lib/llvm-20/lib/libLLVM.so.20.1+0x3c46a6c) (BuildId: b856c61f98abf0989f157f153740fe0fadfbb760)
    #11 0x55ca91648523 in llvm::Target::createTargetMachine(llvm::StringRef, llvm::StringRef, llvm::StringRef, llvm::TargetOptions const&, std::optional<llvm::Reloc::Model>, std::optional<llvm::CodeModel::Model>, llvm::CodeGenOptLevel, bool) const /usr/lib/llvm-20/include/llvm/MC/TargetRegistry.h:462:12
    #12 0x55ca9163a09e in tsc::TargetRegistry::initializeAllTargets() /workspace/src/TargetRegistry.cpp:67:41
    #13 0x55ca9162bdcd in tsc::Compiler::initializeLLVM() /workspace/src/Compiler.cpp:349:14
    #14 0x55ca9162b8b7 in tsc::Compiler::Compiler(tsc::CompilerOptions const&) /workspace/src/Compiler.cpp:24:5
    #15 0x55ca915fd7b5 in main /workspace/src/main.cpp:191:18
    #16 0x7ff5c395a337  (/lib/x86_64-linux-gnu/libc.so.6+0x2a337) (BuildId: 467f544f15035abef911999cbc14489edd0555ab)
    #17 0x7ff5c395a3fa in __libc_start_main (/lib/x86_64-linux-gnu/libc.so.6+0x2a3fa) (BuildId: 467f544f15035abef911999cbc14489edd0555ab)
    #18 0x55ca91511b64 in _start (/workspace/build-asan/tsc+0x74b64) (BuildId: 73a10d7cc646a755f705b0ae57418e68578aec2f)

Indirect leak of 112 byte(s) in 2 object(s) allocated from:
    #0 0x55ca915fa191 in operator new(unsigned long) (/workspace/build-asan/tsc+0x15d191) (BuildId: 73a10d7cc646a755f705b0ae57418e68578aec2f)
    #1 0x7ff5c59b6da2  (/usr/lib/llvm-20/lib/libLLVM.so.20.1+0x1a9ada2) (BuildId: b856c61f98abf0989f157f153740fe0fadfbb760)
    #2 0x7ff5c6f3b008  (/usr/lib/llvm-20/lib/libLLVM.so.20.1+0x301f008) (BuildId: b856c61f98abf0989f157f153740fe0fadfbb760)
    #3 0x7ff5c6f3af97  (/usr/lib/llvm-20/lib/libLLVM.so.20.1+0x301ef97) (BuildId: b856c61f98abf0989f157f153740fe0fadfbb760)
    #4 0x7ff5c6f3998b  (/usr/lib/llvm-20/lib/libLLVM.so.20.1+0x301d98b) (BuildId: b856c61f98abf0989f157f153740fe0fadfbb760)
    #5 0x7ff5c6f398a6  (/usr/lib/llvm-20/lib/libLLVM.so.20.1+0x301d8a6) (BuildId: b856c61f98abf0989f157f153740fe0fadfbb760)
    #6 0x7ff5c6f3aa71  (/usr/lib/llvm-20/lib/libLLVM.so.20.1+0x301ea71) (BuildId: b856c61f98abf0989f157f153740fe0fadfbb760)
    #7 0x7ff5c7b29cdd  (/usr/lib/llvm-20/lib/libLLVM.so.20.1+0x3c0dcdd) (BuildId: b856c61f98abf0989f157f153740fe0fadfbb760)
    #8 0x7ff5c7b6091a  (/usr/lib/llvm-20/lib/libLLVM.so.20.1+0x3c4491a) (BuildId: b856c61f98abf0989f157f153740fe0fadfbb760)
    #9 0x7ff5c7b61a19  (/usr/lib/llvm-20/lib/libLLVM.so.20.1+0x3c45a19) (BuildId: b856c61f98abf0989f157f153740fe0fadfbb760)
    #10 0x7ff5c7b62a6c  (/usr/lib/llvm-20/lib/libLLVM.so.20.1+0x3c46a6c) (BuildId: b856c61f98abf0989f157f153740fe0fadfbb760)
    #11 0x55ca91648523 in llvm::Target::createTargetMachine(llvm::StringRef, llvm::StringRef, llvm::StringRef, llvm::TargetOptions const&, std::optional<llvm::Reloc::Model>, std::optional<llvm::CodeModel::Model>, llvm::CodeGenOptLevel, bool) const /usr/lib/llvm-20/include/llvm/MC/TargetRegistry.h:462:12
    #12 0x55ca9163a09e in tsc::TargetRegistry::initializeAllTargets() /workspace/src/TargetRegistry.cpp:67:41
    #13 0x55ca9162bdcd in tsc::Compiler::initializeLLVM() /workspace/src/Compiler.cpp:349:14
    #14 0x55ca9162b8b7 in tsc::Compiler::Compiler(tsc::CompilerOptions const&) /workspace/src/Compiler.cpp:24:5
    #15 0x55ca915fd7b5 in main /workspace/src/main.cpp:191:18
    #16 0x7ff5c395a337  (/lib/x86_64-linux-gnu/libc.so.6+0x2a337) (BuildId: 467f544f15035abef911999cbc14489edd0555ab)
    #17 0x7ff5c395a3fa in __libc_start_main (/lib/x86_64-linux-gnu/libc.so.6+0x2a3fa) (BuildId: 467f544f15035abef911999cbc14489edd0555ab)
    #18 0x55ca91511b64 in _start (/workspace/build-asan/tsc+0x74b64) (BuildId: 73a10d7cc646a755f705b0ae57418e68578aec2f)

Indirect leak of 112 byte(s) in 2 object(s) allocated from:
    #0 0x55ca915fa191 in operator new(unsigned long) (/workspace/build-asan/tsc+0x15d191) (BuildId: 73a10d7cc646a755f705b0ae57418e68578aec2f)
    #1 0x7ff5c59b6da2  (/usr/lib/llvm-20/lib/libLLVM.so.20.1+0x1a9ada2) (BuildId: b856c61f98abf0989f157f153740fe0fadfbb760)
    #2 0x7ff5c6f3b039  (/usr/lib/llvm-20/lib/libLLVM.so.20.1+0x301f039) (BuildId: b856c61f98abf0989f157f153740fe0fadfbb760)
    #3 0x7ff5c6f3af97  (/usr/lib/llvm-20/lib/libLLVM.so.20.1+0x301ef97) (BuildId: b856c61f98abf0989f157f153740fe0fadfbb760)
    #4 0x7ff5c6f3998b  (/usr/lib/llvm-20/lib/libLLVM.so.20.1+0x301d98b) (BuildId: b856c61f98abf0989f157f153740fe0fadfbb760)
    #5 0x7ff5c6f398a6  (/usr/lib/llvm-20/lib/libLLVM.so.20.1+0x301d8a6) (BuildId: b856c61f98abf0989f157f153740fe0fadfbb760)
    #6 0x7ff5c6f3aa71  (/usr/lib/llvm-20/lib/libLLVM.so.20.1+0x301ea71) (BuildId: b856c61f98abf0989f157f153740fe0fadfbb760)
    #7 0x7ff5c7b29c8e  (/usr/lib/llvm-20/lib/libLLVM.so.20.1+0x3c0dc8e) (BuildId: b856c61f98abf0989f157f153740fe0fadfbb760)
    #8 0x7ff5c7b6091a  (/usr/lib/llvm-20/lib/libLLVM.so.20.1+0x3c4491a) (BuildId: b856c61f98abf0989f157f153740fe0fadfbb760)
    #9 0x7ff5c7b61a19  (/usr/lib/llvm-20/lib/libLLVM.so.20.1+0x3c45a19) (BuildId: b856c61f98abf0989f157f153740fe0fadfbb760)
    #10 0x7ff5c7b62a6c  (/usr/lib/llvm-20/lib/libLLVM.so.20.1+0x3c46a6c) (BuildId: b856c61f98abf0989f157f153740fe0fadfbb760)
    #11 0x55ca91648523 in llvm::Target::createTargetMachine(llvm::StringRef, llvm::StringRef, llvm::StringRef, llvm::TargetOptions const&, std::optional<llvm::Reloc::Model>, std::optional<llvm::CodeModel::Model>, llvm::CodeGenOptLevel, bool) const /usr/lib/llvm-20/include/llvm/MC/TargetRegistry.h:462:12
    #12 0x55ca9163a09e in tsc::TargetRegistry::initializeAllTargets() /workspace/src/TargetRegistry.cpp:67:41
    #13 0x55ca9162bdcd in tsc::Compiler::initializeLLVM() /workspace/src/Compiler.cpp:349:14
    #14 0x55ca9162b8b7 in tsc::Compiler::Compiler(tsc::CompilerOptions const&) /workspace/src/Compiler.cpp:24:5
    #15 0x55ca915fd7b5 in main /workspace/src/main.cpp:191:18
    #16 0x7ff5c395a337  (/lib/x86_64-linux-gnu/libc.so.6+0x2a337) (BuildId: 467f544f15035abef911999cbc14489edd0555ab)
    #17 0x7ff5c395a3fa in __libc_start_main (/lib/x86_64-linux-gnu/libc.so.6+0x2a3fa) (BuildId: 467f544f15035abef911999cbc14489edd0555ab)
    #18 0x55ca91511b64 in _start (/workspace/build-asan/tsc+0x74b64) (BuildId: 73a10d7cc646a755f705b0ae57418e68578aec2f)

Indirect leak of 112 byte(s) in 2 object(s) allocated from:
    #0 0x55ca915fa191 in operator new(unsigned long) (/workspace/build-asan/tsc+0x15d191) (BuildId: 73a10d7cc646a755f705b0ae57418e68578aec2f)
    #1 0x7ff5c59b6da2  (/usr/lib/llvm-20/lib/libLLVM.so.20.1+0x1a9ada2) (BuildId: b856c61f98abf0989f157f153740fe0fadfbb760)
    #2 0x7ff5c6f3b008  (/usr/lib/llvm-20/lib/libLLVM.so.20.1+0x301f008) (BuildId: b856c61f98abf0989f157f153740fe0fadfbb760)
    #3 0x7ff5c6f3af97  (/usr/lib/llvm-20/lib/libLLVM.so.20.1+0x301ef97) (BuildId: b856c61f98abf0989f157f153740fe0fadfbb760)
    #4 0x7ff5c6f3998b  (/usr/lib/llvm-20/lib/libLLVM.so.20.1+0x301d98b) (BuildId: b856c61f98abf0989f157f153740fe0fadfbb760)
    #5 0x7ff5c6f398a6  (/usr/lib/llvm-20/lib/libLLVM.so.20.1+0x301d8a6) (BuildId: b856c61f98abf0989f157f153740fe0fadfbb760)
    #6 0x7ff5c6f3aa71  (/usr/lib/llvm-20/lib/libLLVM.so.20.1+0x301ea71) (BuildId: b856c61f98abf0989f157f153740fe0fadfbb760)
    #7 0x7ff5c7b29c8e  (/usr/lib/llvm-20/lib/libLLVM.so.20.1+0x3c0dc8e) (BuildId: b856c61f98abf0989f157f153740fe0fadfbb760)
    #8 0x7ff5c7b6091a  (/usr/lib/llvm-20/lib/libLLVM.so.20.1+0x3c4491a) (BuildId: b856c61f98abf0989f157f153740fe0fadfbb760)
    #9 0x7ff5c7b61a19  (/usr/lib/llvm-20/lib/libLLVM.so.20.1+0x3c45a19) (BuildId: b856c61f98abf0989f157f153740fe0fadfbb760)
    #10 0x7ff5c7b62a6c  (/usr/lib/llvm-20/lib/libLLVM.so.20.1+0x3c46a6c) (BuildId: b856c61f98abf0989f157f153740fe0fadfbb760)
    #11 0x55ca91648523 in llvm::Target::createTargetMachine(llvm::StringRef, llvm::StringRef, llvm::StringRef, llvm::TargetOptions const&, std::optional<llvm::Reloc::Model>, std::optional<llvm::CodeModel::Model>, llvm::CodeGenOptLevel, bool) const /usr/lib/llvm-20/include/llvm/MC/TargetRegistry.h:462:12
    #12 0x55ca9163a09e in tsc::TargetRegistry::initializeAllTargets() /workspace/src/TargetRegistry.cpp:67:41
    #13 0x55ca9162bdcd in tsc::Compiler::initializeLLVM() /workspace/src/Compiler.cpp:349:14
    #14 0x55ca9162b8b7 in tsc::Compiler::Compiler(tsc::CompilerOptions const&) /workspace/src/Compiler.cpp:24:5
    #15 0x55ca915fd7b5 in main /workspace/src/main.cpp:191:18
    #16 0x7ff5c395a337  (/lib/x86_64-linux-gnu/libc.so.6+0x2a337) (BuildId: 467f544f15035abef911999cbc14489edd0555ab)
    #17 0x7ff5c395a3fa in __libc_start_main (/lib/x86_64-linux-gnu/libc.so.6+0x2a3fa) (BuildId: 467f544f15035abef911999cbc14489edd0555ab)
    #18 0x55ca91511b64 in _start (/workspace/build-asan/tsc+0x74b64) (BuildId: 73a10d7cc646a755f705b0ae57418e68578aec2f)

Indirect leak of 112 byte(s) in 2 object(s) allocated from:
    #0 0x55ca915fa191 in operator new(unsigned long) (/workspace/build-asan/tsc+0x15d191) (BuildId: 73a10d7cc646a755f705b0ae57418e68578aec2f)
    #1 0x7ff5c59b6da2  (/usr/lib/llvm-20/lib/libLLVM.so.20.1+0x1a9ada2) (BuildId: b856c61f98abf0989f157f153740fe0fadfbb760)
    #2 0x7ff5c6f3b039  (/usr/lib/llvm-20/lib/libLLVM.so.20.1+0x301f039) (BuildId: b856c61f98abf0989f157f153740fe0fadfbb760)
    #3 0x7ff5c6f3af97  (/usr/lib/llvm-20/lib/libLLVM.so.20.1+0x301ef97) (BuildId: b856c61f98abf0989f157f153740fe0fadfbb760)
    #4 0x7ff5c6f3998b  (/usr/lib/llvm-20/lib/libLLVM.so.20.1+0x301d98b) (BuildId: b856c61f98abf0989f157f153740fe0fadfbb760)
    #5 0x7ff5c6f398a6  (/usr/lib/llvm-20/lib/libLLVM.so.20.1+0x301d8a6) (BuildId: b856c61f98abf0989f157f153740fe0fadfbb760)
    #6 0x7ff5c6f3aa71  (/usr/lib/llvm-20/lib/libLLVM.so.20.1+0x301ea71) (BuildId: b856c61f98abf0989f157f153740fe0fadfbb760)
    #7 0x7ff5c7b29c5c  (/usr/lib/llvm-20/lib/libLLVM.so.20.1+0x3c0dc5c) (BuildId: b856c61f98abf0989f157f153740fe0fadfbb760)
    #8 0x7ff5c7b6091a  (/usr/lib/llvm-20/lib/libLLVM.so.20.1+0x3c4491a) (BuildId: b856c61f98abf0989f157f153740fe0fadfbb760)
    #9 0x7ff5c7b61a19  (/usr/lib/llvm-20/lib/libLLVM.so.20.1+0x3c45a19) (BuildId: b856c61f98abf0989f157f153740fe0fadfbb760)
    #10 0x7ff5c7b62a6c  (/usr/lib/llvm-20/lib/libLLVM.so.20.1+0x3c46a6c) (BuildId: b856c61f98abf0989f157f153740fe0fadfbb760)
    #11 0x55ca91648523 in llvm::Target::createTargetMachine(llvm::StringRef, llvm::StringRef, llvm::StringRef, llvm::TargetOptions const&, std::optional<llvm::Reloc::Model>, std::optional<llvm::CodeModel::Model>, llvm::CodeGenOptLevel, bool) const /usr/lib/llvm-20/include/llvm/MC/TargetRegistry.h:462:12
    #12 0x55ca9163a09e in tsc::TargetRegistry::initializeAllTargets() /workspace/src/TargetRegistry.cpp:67:41
    #13 0x55ca9162bdcd in tsc::Compiler::initializeLLVM() /workspace/src/Compiler.cpp:349:14
    #14 0x55ca9162b8b7 in tsc::Compiler::Compiler(tsc::CompilerOptions const&) /workspace/src/Compiler.cpp:24:5
    #15 0x55ca915fd7b5 in main /workspace/src/main.cpp:191:18
    #16 0x7ff5c395a337  (/lib/x86_64-linux-gnu/libc.so.6+0x2a337) (BuildId: 467f544f15035abef911999cbc14489edd0555ab)
    #17 0x7ff5c395a3fa in __libc_start_main (/lib/x86_64-linux-gnu/libc.so.6+0x2a3fa) (BuildId: 467f544f15035abef911999cbc14489edd0555ab)
    #18 0x55ca91511b64 in _start (/workspace/build-asan/tsc+0x74b64) (BuildId: 73a10d7cc646a755f705b0ae57418e68578aec2f)

Indirect leak of 112 byte(s) in 2 object(s) allocated from:
    #0 0x55ca915fa191 in operator new(unsigned long) (/workspace/build-asan/tsc+0x15d191) (BuildId: 73a10d7cc646a755f705b0ae57418e68578aec2f)
    #1 0x7ff5c59b6da2  (/usr/lib/llvm-20/lib/libLLVM.so.20.1+0x1a9ada2) (BuildId: b856c61f98abf0989f157f153740fe0fadfbb760)
    #2 0x7ff5c6f3b008  (/usr/lib/llvm-20/lib/libLLVM.so.20.1+0x301f008) (BuildId: b856c61f98abf0989f157f153740fe0fadfbb760)
    #3 0x7ff5c6f3af97  (/usr/lib/llvm-20/lib/libLLVM.so.20.1+0x301ef97) (BuildId: b856c61f98abf0989f157f153740fe0fadfbb760)
    #4 0x7ff5c6f3998b  (/usr/lib/llvm-20/lib/libLLVM.so.20.1+0x301d98b) (BuildId: b856c61f98abf0989f157f153740fe0fadfbb760)
    #5 0x7ff5c6f398a6  (/usr/lib/llvm-20/lib/libLLVM.so.20.1+0x301d8a6) (BuildId: b856c61f98abf0989f157f153740fe0fadfbb760)
    #6 0x7ff5c6f3aa71  (/usr/lib/llvm-20/lib/libLLVM.so.20.1+0x301ea71) (BuildId: b856c61f98abf0989f157f153740fe0fadfbb760)
    #7 0x7ff5c7b29c5c  (/usr/lib/llvm-20/lib/libLLVM.so.20.1+0x3c0dc5c) (BuildId: b856c61f98abf0989f157f153740fe0fadfbb760)
    #8 0x7ff5c7b6091a  (/usr/lib/llvm-20/lib/libLLVM.so.20.1+0x3c4491a) (BuildId: b856c61f98abf0989f157f153740fe0fadfbb760)
    #9 0x7ff5c7b61a19  (/usr/lib/llvm-20/lib/libLLVM.so.20.1+0x3c45a19) (BuildId: b856c61f98abf0989f157f153740fe0fadfbb760)
    #10 0x7ff5c7b62a6c  (/usr/lib/llvm-20/lib/libLLVM.so.20.1+0x3c46a6c) (BuildId: b856c61f98abf0989f157f153740fe0fadfbb760)
    #11 0x55ca91648523 in llvm::Target::createTargetMachine(llvm::StringRef, llvm::StringRef, llvm::StringRef, llvm::TargetOptions const&, std::optional<llvm::Reloc::Model>, std::optional<llvm::CodeModel::Model>, llvm::CodeGenOptLevel, bool) const /usr/lib/llvm-20/include/llvm/MC/TargetRegistry.h:462:12
    #12 0x55ca9163a09e in tsc::TargetRegistry::initializeAllTargets() /workspace/src/TargetRegistry.cpp:67:41
    #13 0x55ca9162bdcd in tsc::Compiler::initializeLLVM() /workspace/src/Compiler.cpp:349:14
    #14 0x55ca9162b8b7 in tsc::Compiler::Compiler(tsc::CompilerOptions const&) /workspace/src/Compiler.cpp:24:5
    #15 0x55ca915fd7b5 in main /workspace/src/main.cpp:191:18
    #16 0x7ff5c395a337  (/lib/x86_64-linux-gnu/libc.so.6+0x2a337) (BuildId: 467f544f15035abef911999cbc14489edd0555ab)
    #17 0x7ff5c395a3fa in __libc_start_main (/lib/x86_64-linux-gnu/libc.so.6+0x2a3fa) (BuildId: 467f544f15035abef911999cbc14489edd0555ab)
    #18 0x55ca91511b64 in _start (/workspace/build-asan/tsc+0x74b64) (BuildId: 73a10d7cc646a755f705b0ae57418e68578aec2f)

Indirect leak of 112 byte(s) in 2 object(s) allocated from:
    #0 0x55ca915fa191 in operator new(unsigned long) (/workspace/build-asan/tsc+0x15d191) (BuildId: 73a10d7cc646a755f705b0ae57418e68578aec2f)
    #1 0x7ff5c59b6da2  (/usr/lib/llvm-20/lib/libLLVM.so.20.1+0x1a9ada2) (BuildId: b856c61f98abf0989f157f153740fe0fadfbb760)
    #2 0x7ff5c6f3998b  (/usr/lib/llvm-20/lib/libLLVM.so.20.1+0x301d98b) (BuildId: b856c61f98abf0989f157f153740fe0fadfbb760)
    #3 0x7ff5c6f398a6  (/usr/lib/llvm-20/lib/libLLVM.so.20.1+0x301d8a6) (BuildId: b856c61f98abf0989f157f153740fe0fadfbb760)
    #4 0x7ff5c7b29b2c  (/usr/lib/llvm-20/lib/libLLVM.so.20.1+0x3c0db2c) (BuildId: b856c61f98abf0989f157f153740fe0fadfbb760)
    #5 0x7ff5c7b6091a  (/usr/lib/llvm-20/lib/libLLVM.so.20.1+0x3c4491a) (BuildId: b856c61f98abf0989f157f153740fe0fadfbb760)
    #6 0x7ff5c7b61a19  (/usr/lib/llvm-20/lib/libLLVM.so.20.1+0x3c45a19) (BuildId: b856c61f98abf0989f157f153740fe0fadfbb760)
    #7 0x7ff5c7b62a6c  (/usr/lib/llvm-20/lib/libLLVM.so.20.1+0x3c46a6c) (BuildId: b856c61f98abf0989f157f153740fe0fadfbb760)
    #8 0x55ca91648523 in llvm::Target::createTargetMachine(llvm::StringRef, llvm::StringRef, llvm::StringRef, llvm::TargetOptions const&, std::optional<llvm::Reloc::Model>, std::optional<llvm::CodeModel::Model>, llvm::CodeGenOptLevel, bool) const /usr/lib/llvm-20/include/llvm/MC/TargetRegistry.h:462:12
    #9 0x55ca9163a09e in tsc::TargetRegistry::initializeAllTargets() /workspace/src/TargetRegistry.cpp:67:41
    #10 0x55ca9162bdcd in tsc::Compiler::initializeLLVM() /workspace/src/Compiler.cpp:349:14
    #11 0x55ca9162b8b7 in tsc::Compiler::Compiler(tsc::CompilerOptions const&) /workspace/src/Compiler.cpp:24:5
    #12 0x55ca915fd7b5 in main /workspace/src/main.cpp:191:18
    #13 0x7ff5c395a337  (/lib/x86_64-linux-gnu/libc.so.6+0x2a337) (BuildId: 467f544f15035abef911999cbc14489edd0555ab)
    #14 0x7ff5c395a3fa in __libc_start_main (/lib/x86_64-linux-gnu/libc.so.6+0x2a3fa) (BuildId: 467f544f15035abef911999cbc14489edd0555ab)
    #15 0x55ca91511b64 in _start (/workspace/build-asan/tsc+0x74b64) (BuildId: 73a10d7cc646a755f705b0ae57418e68578aec2f)

Indirect leak of 112 byte(s) in 2 object(s) allocated from:
    #0 0x55ca915fa191 in operator new(unsigned long) (/workspace/build-asan/tsc+0x15d191) (BuildId: 73a10d7cc646a755f705b0ae57418e68578aec2f)
    #1 0x7ff5c7b2bb3b  (/usr/lib/llvm-20/lib/libLLVM.so.20.1+0x3c0fb3b) (BuildId: b856c61f98abf0989f157f153740fe0fadfbb760)
    #2 0x7ff5c6f3998b  (/usr/lib/llvm-20/lib/libLLVM.so.20.1+0x301d98b) (BuildId: b856c61f98abf0989f157f153740fe0fadfbb760)
    #3 0x7ff5c6f398a6  (/usr/lib/llvm-20/lib/libLLVM.so.20.1+0x301d8a6) (BuildId: b856c61f98abf0989f157f153740fe0fadfbb760)
    #4 0x7ff5c7b29a27  (/usr/lib/llvm-20/lib/libLLVM.so.20.1+0x3c0da27) (BuildId: b856c61f98abf0989f157f153740fe0fadfbb760)
    #5 0x7ff5c7b6091a  (/usr/lib/llvm-20/lib/libLLVM.so.20.1+0x3c4491a) (BuildId: b856c61f98abf0989f157f153740fe0fadfbb760)
    #6 0x7ff5c7b61a19  (/usr/lib/llvm-20/lib/libLLVM.so.20.1+0x3c45a19) (BuildId: b856c61f98abf0989f157f153740fe0fadfbb760)
    #7 0x7ff5c7b62a6c  (/usr/lib/llvm-20/lib/libLLVM.so.20.1+0x3c46a6c) (BuildId: b856c61f98abf0989f157f153740fe0fadfbb760)
    #8 0x55ca91648523 in llvm::Target::createTargetMachine(llvm::StringRef, llvm::StringRef, llvm::StringRef, llvm::TargetOptions const&, std::optional<llvm::Reloc::Model>, std::optional<llvm::CodeModel::Model>, llvm::CodeGenOptLevel, bool) const /usr/lib/llvm-20/include/llvm/MC/TargetRegistry.h:462:12
    #9 0x55ca9163a09e in tsc::TargetRegistry::initializeAllTargets() /workspace/src/TargetRegistry.cpp:67:41
    #10 0x55ca9162bdcd in tsc::Compiler::initializeLLVM() /workspace/src/Compiler.cpp:349:14
    #11 0x55ca9162b8b7 in tsc::Compiler::Compiler(tsc::CompilerOptions const&) /workspace/src/Compiler.cpp:24:5
    #12 0x55ca915fd7b5 in main /workspace/src/main.cpp:191:18
    #13 0x7ff5c395a337  (/lib/x86_64-linux-gnu/libc.so.6+0x2a337) (BuildId: 467f544f15035abef911999cbc14489edd0555ab)
    #14 0x7ff5c395a3fa in __libc_start_main (/lib/x86_64-linux-gnu/libc.so.6+0x2a3fa) (BuildId: 467f544f15035abef911999cbc14489edd0555ab)
    #15 0x55ca91511b64 in _start (/workspace/build-asan/tsc+0x74b64) (BuildId: 73a10d7cc646a755f705b0ae57418e68578aec2f)

Indirect leak of 112 byte(s) in 2 object(s) allocated from:
    #0 0x55ca915fa191 in operator new(unsigned long) (/workspace/build-asan/tsc+0x15d191) (BuildId: 73a10d7cc646a755f705b0ae57418e68578aec2f)
    #1 0x7ff5c59b6da2  (/usr/lib/llvm-20/lib/libLLVM.so.20.1+0x1a9ada2) (BuildId: b856c61f98abf0989f157f153740fe0fadfbb760)
    #2 0x7ff5c6f3998b  (/usr/lib/llvm-20/lib/libLLVM.so.20.1+0x301d98b) (BuildId: b856c61f98abf0989f157f153740fe0fadfbb760)
    #3 0x7ff5c6f398a6  (/usr/lib/llvm-20/lib/libLLVM.so.20.1+0x301d8a6) (BuildId: b856c61f98abf0989f157f153740fe0fadfbb760)
    #4 0x7ff5c7b2991e  (/usr/lib/llvm-20/lib/libLLVM.so.20.1+0x3c0d91e) (BuildId: b856c61f98abf0989f157f153740fe0fadfbb760)
    #5 0x7ff5c7b6091a  (/usr/lib/llvm-20/lib/libLLVM.so.20.1+0x3c4491a) (BuildId: b856c61f98abf0989f157f153740fe0fadfbb760)
    #6 0x7ff5c7b61a19  (/usr/lib/llvm-20/lib/libLLVM.so.20.1+0x3c45a19) (BuildId: b856c61f98abf0989f157f153740fe0fadfbb760)
    #7 0x7ff5c7b62a6c  (/usr/lib/llvm-20/lib/libLLVM.so.20.1+0x3c46a6c) (BuildId: b856c61f98abf0989f157f153740fe0fadfbb760)
    #8 0x55ca91648523 in llvm::Target::createTargetMachine(llvm::StringRef, llvm::StringRef, llvm::StringRef, llvm::TargetOptions const&, std::optional<llvm::Reloc::Model>, std::optional<llvm::CodeModel::Model>, llvm::CodeGenOptLevel, bool) const /usr/lib/llvm-20/include/llvm/MC/TargetRegistry.h:462:12
    #9 0x55ca9163a09e in tsc::TargetRegistry::initializeAllTargets() /workspace/src/TargetRegistry.cpp:67:41
    #10 0x55ca9162bdcd in tsc::Compiler::initializeLLVM() /workspace/src/Compiler.cpp:349:14
    #11 0x55ca9162b8b7 in tsc::Compiler::Compiler(tsc::CompilerOptions const&) /workspace/src/Compiler.cpp:24:5
    #12 0x55ca915fd7b5 in main /workspace/src/main.cpp:191:18
    #13 0x7ff5c395a337  (/lib/x86_64-linux-gnu/libc.so.6+0x2a337) (BuildId: 467f544f15035abef911999cbc14489edd0555ab)
    #14 0x7ff5c395a3fa in __libc_start_main (/lib/x86_64-linux-gnu/libc.so.6+0x2a3fa) (BuildId: 467f544f15035abef911999cbc14489edd0555ab)
    #15 0x55ca91511b64 in _start (/workspace/build-asan/tsc+0x74b64) (BuildId: 73a10d7cc646a755f705b0ae57418e68578aec2f)

Indirect leak of 112 byte(s) in 2 object(s) allocated from:
    #0 0x55ca915fa191 in operator new(unsigned long) (/workspace/build-asan/tsc+0x15d191) (BuildId: 73a10d7cc646a755f705b0ae57418e68578aec2f)
    #1 0x7ff5c59b6da2  (/usr/lib/llvm-20/lib/libLLVM.so.20.1+0x1a9ada2) (BuildId: b856c61f98abf0989f157f153740fe0fadfbb760)
    #2 0x7ff5c6f3998b  (/usr/lib/llvm-20/lib/libLLVM.so.20.1+0x301d98b) (BuildId: b856c61f98abf0989f157f153740fe0fadfbb760)
    #3 0x7ff5c6f398a6  (/usr/lib/llvm-20/lib/libLLVM.so.20.1+0x301d8a6) (BuildId: b856c61f98abf0989f157f153740fe0fadfbb760)
    #4 0x7ff5c7b2964d  (/usr/lib/llvm-20/lib/libLLVM.so.20.1+0x3c0d64d) (BuildId: b856c61f98abf0989f157f153740fe0fadfbb760)
    #5 0x7ff5c7b6091a  (/usr/lib/llvm-20/lib/libLLVM.so.20.1+0x3c4491a) (BuildId: b856c61f98abf0989f157f153740fe0fadfbb760)
    #6 0x7ff5c7b61a19  (/usr/lib/llvm-20/lib/libLLVM.so.20.1+0x3c45a19) (BuildId: b856c61f98abf0989f157f153740fe0fadfbb760)
    #7 0x7ff5c7b62a6c  (/usr/lib/llvm-20/lib/libLLVM.so.20.1+0x3c46a6c) (BuildId: b856c61f98abf0989f157f153740fe0fadfbb760)
    #8 0x55ca91648523 in llvm::Target::createTargetMachine(llvm::StringRef, llvm::StringRef, llvm::StringRef, llvm::TargetOptions const&, std::optional<llvm::Reloc::Model>, std::optional<llvm::CodeModel::Model>, llvm::CodeGenOptLevel, bool) const /usr/lib/llvm-20/include/llvm/MC/TargetRegistry.h:462:12
    #9 0x55ca9163a09e in tsc::TargetRegistry::initializeAllTargets() /workspace/src/TargetRegistry.cpp:67:41
    #10 0x55ca9162bdcd in tsc::Compiler::initializeLLVM() /workspace/src/Compiler.cpp:349:14
    #11 0x55ca9162b8b7 in tsc::Compiler::Compiler(tsc::CompilerOptions const&) /workspace/src/Compiler.cpp:24:5
    #12 0x55ca915fd7b5 in main /workspace/src/main.cpp:191:18
    #13 0x7ff5c395a337  (/lib/x86_64-linux-gnu/libc.so.6+0x2a337) (BuildId: 467f544f15035abef911999cbc14489edd0555ab)
    #14 0x7ff5c395a3fa in __libc_start_main (/lib/x86_64-linux-gnu/libc.so.6+0x2a3fa) (BuildId: 467f544f15035abef911999cbc14489edd0555ab)
    #15 0x55ca91511b64 in _start (/workspace/build-asan/tsc+0x74b64) (BuildId: 73a10d7cc646a755f705b0ae57418e68578aec2f)

Indirect leak of 112 byte(s) in 2 object(s) allocated from:
    #0 0x55ca915fa191 in operator new(unsigned long) (/workspace/build-asan/tsc+0x15d191) (BuildId: 73a10d7cc646a755f705b0ae57418e68578aec2f)
    #1 0x7ff5c59b6da2  (/usr/lib/llvm-20/lib/libLLVM.so.20.1+0x1a9ada2) (BuildId: b856c61f98abf0989f157f153740fe0fadfbb760)
    #2 0x7ff5c6f3998b  (/usr/lib/llvm-20/lib/libLLVM.so.20.1+0x301d98b) (BuildId: b856c61f98abf0989f157f153740fe0fadfbb760)
    #3 0x7ff5c6f398a6  (/usr/lib/llvm-20/lib/libLLVM.so.20.1+0x301d8a6) (BuildId: b856c61f98abf0989f157f153740fe0fadfbb760)
    #4 0x7ff5c7b29526  (/usr/lib/llvm-20/lib/libLLVM.so.20.1+0x3c0d526) (BuildId: b856c61f98abf0989f157f153740fe0fadfbb760)
    #5 0x7ff5c7b6091a  (/usr/lib/llvm-20/lib/libLLVM.so.20.1+0x3c4491a) (BuildId: b856c61f98abf0989f157f153740fe0fadfbb760)
    #6 0x7ff5c7b61a19  (/usr/lib/llvm-20/lib/libLLVM.so.20.1+0x3c45a19) (BuildId: b856c61f98abf0989f157f153740fe0fadfbb760)
    #7 0x7ff5c7b62a6c  (/usr/lib/llvm-20/lib/libLLVM.so.20.1+0x3c46a6c) (BuildId: b856c61f98abf0989f157f153740fe0fadfbb760)
    #8 0x55ca91648523 in llvm::Target::createTargetMachine(llvm::StringRef, llvm::StringRef, llvm::StringRef, llvm::TargetOptions const&, std::optional<llvm::Reloc::Model>, std::optional<llvm::CodeModel::Model>, llvm::CodeGenOptLevel, bool) const /usr/lib/llvm-20/include/llvm/MC/TargetRegistry.h:462:12
    #9 0x55ca9163a09e in tsc::TargetRegistry::initializeAllTargets() /workspace/src/TargetRegistry.cpp:67:41
    #10 0x55ca9162bdcd in tsc::Compiler::initializeLLVM() /workspace/src/Compiler.cpp:349:14
    #11 0x55ca9162b8b7 in tsc::Compiler::Compiler(tsc::CompilerOptions const&) /workspace/src/Compiler.cpp:24:5
    #12 0x55ca915fd7b5 in main /workspace/src/main.cpp:191:18
    #13 0x7ff5c395a337  (/lib/x86_64-linux-gnu/libc.so.6+0x2a337) (BuildId: 467f544f15035abef911999cbc14489edd0555ab)
    #14 0x7ff5c395a3fa in __libc_start_main (/lib/x86_64-linux-gnu/libc.so.6+0x2a3fa) (BuildId: 467f544f15035abef911999cbc14489edd0555ab)
    #15 0x55ca91511b64 in _start (/workspace/build-asan/tsc+0x74b64) (BuildId: 73a10d7cc646a755f705b0ae57418e68578aec2f)

Indirect leak of 112 byte(s) in 2 object(s) allocated from:
    #0 0x55ca915fa191 in operator new(unsigned long) (/workspace/build-asan/tsc+0x15d191) (BuildId: 73a10d7cc646a755f705b0ae57418e68578aec2f)
    #1 0x7ff5c59b6da2  (/usr/lib/llvm-20/lib/libLLVM.so.20.1+0x1a9ada2) (BuildId: b856c61f98abf0989f157f153740fe0fadfbb760)
    #2 0x7ff5c6f3998b  (/usr/lib/llvm-20/lib/libLLVM.so.20.1+0x301d98b) (BuildId: b856c61f98abf0989f157f153740fe0fadfbb760)
    #3 0x7ff5c6f398a6  (/usr/lib/llvm-20/lib/libLLVM.so.20.1+0x301d8a6) (BuildId: b856c61f98abf0989f157f153740fe0fadfbb760)
    #4 0x7ff5c7b29463  (/usr/lib/llvm-20/lib/libLLVM.so.20.1+0x3c0d463) (BuildId: b856c61f98abf0989f157f153740fe0fadfbb760)
    #5 0x7ff5c7b6091a  (/usr/lib/llvm-20/lib/libLLVM.so.20.1+0x3c4491a) (BuildId: b856c61f98abf0989f157f153740fe0fadfbb760)
    #6 0x7ff5c7b61a19  (/usr/lib/llvm-20/lib/libLLVM.so.20.1+0x3c45a19) (BuildId: b856c61f98abf0989f157f153740fe0fadfbb760)
    #7 0x7ff5c7b62a6c  (/usr/lib/llvm-20/lib/libLLVM.so.20.1+0x3c46a6c) (BuildId: b856c61f98abf0989f157f153740fe0fadfbb760)
    #8 0x55ca91648523 in llvm::Target::createTargetMachine(llvm::StringRef, llvm::StringRef, llvm::StringRef, llvm::TargetOptions const&, std::optional<llvm::Reloc::Model>, std::optional<llvm::CodeModel::Model>, llvm::CodeGenOptLevel, bool) const /usr/lib/llvm-20/include/llvm/MC/TargetRegistry.h:462:12
    #9 0x55ca9163a09e in tsc::TargetRegistry::initializeAllTargets() /workspace/src/TargetRegistry.cpp:67:41
    #10 0x55ca9162bdcd in tsc::Compiler::initializeLLVM() /workspace/src/Compiler.cpp:349:14
    #11 0x55ca9162b8b7 in tsc::Compiler::Compiler(tsc::CompilerOptions const&) /workspace/src/Compiler.cpp:24:5
    #12 0x55ca915fd7b5 in main /workspace/src/main.cpp:191:18
    #13 0x7ff5c395a337  (/lib/x86_64-linux-gnu/libc.so.6+0x2a337) (BuildId: 467f544f15035abef911999cbc14489edd0555ab)
    #14 0x7ff5c395a3fa in __libc_start_main (/lib/x86_64-linux-gnu/libc.so.6+0x2a3fa) (BuildId: 467f544f15035abef911999cbc14489edd0555ab)
    #15 0x55ca91511b64 in _start (/workspace/build-asan/tsc+0x74b64) (BuildId: 73a10d7cc646a755f705b0ae57418e68578aec2f)

Indirect leak of 112 byte(s) in 2 object(s) allocated from:
    #0 0x55ca915fa191 in operator new(unsigned long) (/workspace/build-asan/tsc+0x15d191) (BuildId: 73a10d7cc646a755f705b0ae57418e68578aec2f)
    #1 0x7ff5c59b6da2  (/usr/lib/llvm-20/lib/libLLVM.so.20.1+0x1a9ada2) (BuildId: b856c61f98abf0989f157f153740fe0fadfbb760)
    #2 0x7ff5c6f3998b  (/usr/lib/llvm-20/lib/libLLVM.so.20.1+0x301d98b) (BuildId: b856c61f98abf0989f157f153740fe0fadfbb760)
    #3 0x7ff5c6f398a6  (/usr/lib/llvm-20/lib/libLLVM.so.20.1+0x301d8a6) (BuildId: b856c61f98abf0989f157f153740fe0fadfbb760)
    #4 0x7ff5c7b293f6  (/usr/lib/llvm-20/lib/libLLVM.so.20.1+0x3c0d3f6) (BuildId: b856c61f98abf0989f157f153740fe0fadfbb760)
    #5 0x7ff5c7b6091a  (/usr/lib/llvm-20/lib/libLLVM.so.20.1+0x3c4491a) (BuildId: b856c61f98abf0989f157f153740fe0fadfbb760)
    #6 0x7ff5c7b61a19  (/usr/lib/llvm-20/lib/libLLVM.so.20.1+0x3c45a19) (BuildId: b856c61f98abf0989f157f153740fe0fadfbb760)
    #7 0x7ff5c7b62a6c  (/usr/lib/llvm-20/lib/libLLVM.so.20.1+0x3c46a6c) (BuildId: b856c61f98abf0989f157f153740fe0fadfbb760)
    #8 0x55ca91648523 in llvm::Target::createTargetMachine(llvm::StringRef, llvm::StringRef, llvm::StringRef, llvm::TargetOptions const&, std::optional<llvm::Reloc::Model>, std::optional<llvm::CodeModel::Model>, llvm::CodeGenOptLevel, bool) const /usr/lib/llvm-20/include/llvm/MC/TargetRegistry.h:462:12
    #9 0x55ca9163a09e in tsc::TargetRegistry::initializeAllTargets() /workspace/src/TargetRegistry.cpp:67:41
    #10 0x55ca9162bdcd in tsc::Compiler::initializeLLVM() /workspace/src/Compiler.cpp:349:14
    #11 0x55ca9162b8b7 in tsc::Compiler::Compiler(tsc::CompilerOptions const&) /workspace/src/Compiler.cpp:24:5
    #12 0x55ca915fd7b5 in main /workspace/src/main.cpp:191:18
    #13 0x7ff5c395a337  (/lib/x86_64-linux-gnu/libc.so.6+0x2a337) (BuildId: 467f544f15035abef911999cbc14489edd0555ab)
    #14 0x7ff5c395a3fa in __libc_start_main (/lib/x86_64-linux-gnu/libc.so.6+0x2a3fa) (BuildId: 467f544f15035abef911999cbc14489edd0555ab)
    #15 0x55ca91511b64 in _start (/workspace/build-asan/tsc+0x74b64) (BuildId: 73a10d7cc646a755f705b0ae57418e68578aec2f)

Indirect leak of 112 byte(s) in 2 object(s) allocated from:
    #0 0x55ca915fa191 in operator new(unsigned long) (/workspace/build-asan/tsc+0x15d191) (BuildId: 73a10d7cc646a755f705b0ae57418e68578aec2f)
    #1 0x7ff5c59b6da2  (/usr/lib/llvm-20/lib/libLLVM.so.20.1+0x1a9ada2) (BuildId: b856c61f98abf0989f157f153740fe0fadfbb760)
    #2 0x7ff5c6f3998b  (/usr/lib/llvm-20/lib/libLLVM.so.20.1+0x301d98b) (BuildId: b856c61f98abf0989f157f153740fe0fadfbb760)
    #3 0x7ff5c6f398a6  (/usr/lib/llvm-20/lib/libLLVM.so.20.1+0x301d8a6) (BuildId: b856c61f98abf0989f157f153740fe0fadfbb760)
    #4 0x7ff5c7b292a2  (/usr/lib/llvm-20/lib/libLLVM.so.20.1+0x3c0d2a2) (BuildId: b856c61f98abf0989f157f153740fe0fadfbb760)
    #5 0x7ff5c7b6091a  (/usr/lib/llvm-20/lib/libLLVM.so.20.1+0x3c4491a) (BuildId: b856c61f98abf0989f157f153740fe0fadfbb760)
    #6 0x7ff5c7b61a19  (/usr/lib/llvm-20/lib/libLLVM.so.20.1+0x3c45a19) (BuildId: b856c61f98abf0989f157f153740fe0fadfbb760)
    #7 0x7ff5c7b62a6c  (/usr/lib/llvm-20/lib/libLLVM.so.20.1+0x3c46a6c) (BuildId: b856c61f98abf0989f157f153740fe0fadfbb760)
    #8 0x55ca91648523 in llvm::Target::createTargetMachine(llvm::StringRef, llvm::StringRef, llvm::StringRef, llvm::TargetOptions const&, std::optional<llvm::Reloc::Model>, std::optional<llvm::CodeModel::Model>, llvm::CodeGenOptLevel, bool) const /usr/lib/llvm-20/include/llvm/MC/TargetRegistry.h:462:12
    #9 0x55ca9163a09e in tsc::TargetRegistry::initializeAllTargets() /workspace/src/TargetRegistry.cpp:67:41
    #10 0x55ca9162bdcd in tsc::Compiler::initializeLLVM() /workspace/src/Compiler.cpp:349:14
    #11 0x55ca9162b8b7 in tsc::Compiler::Compiler(tsc::CompilerOptions const&) /workspace/src/Compiler.cpp:24:5
    #12 0x55ca915fd7b5 in main /workspace/src/main.cpp:191:18
    #13 0x7ff5c395a337  (/lib/x86_64-linux-gnu/libc.so.6+0x2a337) (BuildId: 467f544f15035abef911999cbc14489edd0555ab)
    #14 0x7ff5c395a3fa in __libc_start_main (/lib/x86_64-linux-gnu/libc.so.6+0x2a3fa) (BuildId: 467f544f15035abef911999cbc14489edd0555ab)
    #15 0x55ca91511b64 in _start (/workspace/build-asan/tsc+0x74b64) (BuildId: 73a10d7cc646a755f705b0ae57418e68578aec2f)

Indirect leak of 112 byte(s) in 2 object(s) allocated from:
    #0 0x55ca915fa191 in operator new(unsigned long) (/workspace/build-asan/tsc+0x15d191) (BuildId: 73a10d7cc646a755f705b0ae57418e68578aec2f)
    #1 0x7ff5c59b6da2  (/usr/lib/llvm-20/lib/libLLVM.so.20.1+0x1a9ada2) (BuildId: b856c61f98abf0989f157f153740fe0fadfbb760)
    #2 0x7ff5c6f3b039  (/usr/lib/llvm-20/lib/libLLVM.so.20.1+0x301f039) (BuildId: b856c61f98abf0989f157f153740fe0fadfbb760)
    #3 0x7ff5c6f3af97  (/usr/lib/llvm-20/lib/libLLVM.so.20.1+0x301ef97) (BuildId: b856c61f98abf0989f157f153740fe0fadfbb760)
    #4 0x7ff5c6f3998b  (/usr/lib/llvm-20/lib/libLLVM.so.20.1+0x301d98b) (BuildId: b856c61f98abf0989f157f153740fe0fadfbb760)
    #5 0x7ff5c6f398a6  (/usr/lib/llvm-20/lib/libLLVM.so.20.1+0x301d8a6) (BuildId: b856c61f98abf0989f157f153740fe0fadfbb760)
    #6 0x7ff5c6f3aa71  (/usr/lib/llvm-20/lib/libLLVM.so.20.1+0x301ea71) (BuildId: b856c61f98abf0989f157f153740fe0fadfbb760)
    #7 0x7ff5c7b29241  (/usr/lib/llvm-20/lib/libLLVM.so.20.1+0x3c0d241) (BuildId: b856c61f98abf0989f157f153740fe0fadfbb760)
    #8 0x7ff5c7b6091a  (/usr/lib/llvm-20/lib/libLLVM.so.20.1+0x3c4491a) (BuildId: b856c61f98abf0989f157f153740fe0fadfbb760)
    #9 0x7ff5c7b61a19  (/usr/lib/llvm-20/lib/libLLVM.so.20.1+0x3c45a19) (BuildId: b856c61f98abf0989f157f153740fe0fadfbb760)
    #10 0x7ff5c7b62a6c  (/usr/lib/llvm-20/lib/libLLVM.so.20.1+0x3c46a6c) (BuildId: b856c61f98abf0989f157f153740fe0fadfbb760)
    #11 0x55ca91648523 in llvm::Target::createTargetMachine(llvm::StringRef, llvm::StringRef, llvm::StringRef, llvm::TargetOptions const&, std::optional<llvm::Reloc::Model>, std::optional<llvm::CodeModel::Model>, llvm::CodeGenOptLevel, bool) const /usr/lib/llvm-20/include/llvm/MC/TargetRegistry.h:462:12
    #12 0x55ca9163a09e in tsc::TargetRegistry::initializeAllTargets() /workspace/src/TargetRegistry.cpp:67:41
    #13 0x55ca9162bdcd in tsc::Compiler::initializeLLVM() /workspace/src/Compiler.cpp:349:14
    #14 0x55ca9162b8b7 in tsc::Compiler::Compiler(tsc::CompilerOptions const&) /workspace/src/Compiler.cpp:24:5
    #15 0x55ca915fd7b5 in main /workspace/src/main.cpp:191:18
    #16 0x7ff5c395a337  (/lib/x86_64-linux-gnu/libc.so.6+0x2a337) (BuildId: 467f544f15035abef911999cbc14489edd0555ab)
    #17 0x7ff5c395a3fa in __libc_start_main (/lib/x86_64-linux-gnu/libc.so.6+0x2a3fa) (BuildId: 467f544f15035abef911999cbc14489edd0555ab)
    #18 0x55ca91511b64 in _start (/workspace/build-asan/tsc+0x74b64) (BuildId: 73a10d7cc646a755f705b0ae57418e68578aec2f)

Indirect leak of 112 byte(s) in 2 object(s) allocated from:
    #0 0x55ca915fa191 in operator new(unsigned long) (/workspace/build-asan/tsc+0x15d191) (BuildId: 73a10d7cc646a755f705b0ae57418e68578aec2f)
    #1 0x7ff5c59b6da2  (/usr/lib/llvm-20/lib/libLLVM.so.20.1+0x1a9ada2) (BuildId: b856c61f98abf0989f157f153740fe0fadfbb760)
    #2 0x7ff5c6f3b008  (/usr/lib/llvm-20/lib/libLLVM.so.20.1+0x301f008) (BuildId: b856c61f98abf0989f157f153740fe0fadfbb760)
    #3 0x7ff5c6f3af97  (/usr/lib/llvm-20/lib/libLLVM.so.20.1+0x301ef97) (BuildId: b856c61f98abf0989f157f153740fe0fadfbb760)
    #4 0x7ff5c6f3998b  (/usr/lib/llvm-20/lib/libLLVM.so.20.1+0x301d98b) (BuildId: b856c61f98abf0989f157f153740fe0fadfbb760)
    #5 0x7ff5c6f398a6  (/usr/lib/llvm-20/lib/libLLVM.so.20.1+0x301d8a6) (BuildId: b856c61f98abf0989f157f153740fe0fadfbb760)
    #6 0x7ff5c6f3aa71  (/usr/lib/llvm-20/lib/libLLVM.so.20.1+0x301ea71) (BuildId: b856c61f98abf0989f157f153740fe0fadfbb760)
    #7 0x7ff5c7b29241  (/usr/lib/llvm-20/lib/libLLVM.so.20.1+0x3c0d241) (BuildId: b856c61f98abf0989f157f153740fe0fadfbb760)
    #8 0x7ff5c7b6091a  (/usr/lib/llvm-20/lib/libLLVM.so.20.1+0x3c4491a) (BuildId: b856c61f98abf0989f157f153740fe0fadfbb760)
    #9 0x7ff5c7b61a19  (/usr/lib/llvm-20/lib/libLLVM.so.20.1+0x3c45a19) (BuildId: b856c61f98abf0989f157f153740fe0fadfbb760)
    #10 0x7ff5c7b62a6c  (/usr/lib/llvm-20/lib/libLLVM.so.20.1+0x3c46a6c) (BuildId: b856c61f98abf0989f157f153740fe0fadfbb760)
    #11 0x55ca91648523 in llvm::Target::createTargetMachine(llvm::StringRef, llvm::StringRef, llvm::StringRef, llvm::TargetOptions const&, std::optional<llvm::Reloc::Model>, std::optional<llvm::CodeModel::Model>, llvm::CodeGenOptLevel, bool) const /usr/lib/llvm-20/include/llvm/MC/TargetRegistry.h:462:12
    #12 0x55ca9163a09e in tsc::TargetRegistry::initializeAllTargets() /workspace/src/TargetRegistry.cpp:67:41
    #13 0x55ca9162bdcd in tsc::Compiler::initializeLLVM() /workspace/src/Compiler.cpp:349:14
    #14 0x55ca9162b8b7 in tsc::Compiler::Compiler(tsc::CompilerOptions const&) /workspace/src/Compiler.cpp:24:5
    #15 0x55ca915fd7b5 in main /workspace/src/main.cpp:191:18
    #16 0x7ff5c395a337  (/lib/x86_64-linux-gnu/libc.so.6+0x2a337) (BuildId: 467f544f15035abef911999cbc14489edd0555ab)
    #17 0x7ff5c395a3fa in __libc_start_main (/lib/x86_64-linux-gnu/libc.so.6+0x2a3fa) (BuildId: 467f544f15035abef911999cbc14489edd0555ab)
    #18 0x55ca91511b64 in _start (/workspace/build-asan/tsc+0x74b64) (BuildId: 73a10d7cc646a755f705b0ae57418e68578aec2f)

Indirect leak of 112 byte(s) in 2 object(s) allocated from:
    #0 0x55ca915fa191 in operator new(unsigned long) (/workspace/build-asan/tsc+0x15d191) (BuildId: 73a10d7cc646a755f705b0ae57418e68578aec2f)
    #1 0x7ff5c59b6da2  (/usr/lib/llvm-20/lib/libLLVM.so.20.1+0x1a9ada2) (BuildId: b856c61f98abf0989f157f153740fe0fadfbb760)
    #2 0x7ff5c6f3998b  (/usr/lib/llvm-20/lib/libLLVM.so.20.1+0x301d98b) (BuildId: b856c61f98abf0989f157f153740fe0fadfbb760)
    #3 0x7ff5c6f398a6  (/usr/lib/llvm-20/lib/libLLVM.so.20.1+0x301d8a6) (BuildId: b856c61f98abf0989f157f153740fe0fadfbb760)
    #4 0x7ff5c7b29106  (/usr/lib/llvm-20/lib/libLLVM.so.20.1+0x3c0d106) (BuildId: b856c61f98abf0989f157f153740fe0fadfbb760)
    #5 0x7ff5c7b6091a  (/usr/lib/llvm-20/lib/libLLVM.so.20.1+0x3c4491a) (BuildId: b856c61f98abf0989f157f153740fe0fadfbb760)
    #6 0x7ff5c7b61a19  (/usr/lib/llvm-20/lib/libLLVM.so.20.1+0x3c45a19) (BuildId: b856c61f98abf0989f157f153740fe0fadfbb760)
    #7 0x7ff5c7b62a6c  (/usr/lib/llvm-20/lib/libLLVM.so.20.1+0x3c46a6c) (BuildId: b856c61f98abf0989f157f153740fe0fadfbb760)
    #8 0x55ca91648523 in llvm::Target::createTargetMachine(llvm::StringRef, llvm::StringRef, llvm::StringRef, llvm::TargetOptions const&, std::optional<llvm::Reloc::Model>, std::optional<llvm::CodeModel::Model>, llvm::CodeGenOptLevel, bool) const /usr/lib/llvm-20/include/llvm/MC/TargetRegistry.h:462:12
    #9 0x55ca9163a09e in tsc::TargetRegistry::initializeAllTargets() /workspace/src/TargetRegistry.cpp:67:41
    #10 0x55ca9162bdcd in tsc::Compiler::initializeLLVM() /workspace/src/Compiler.cpp:349:14
    #11 0x55ca9162b8b7 in tsc::Compiler::Compiler(tsc::CompilerOptions const&) /workspace/src/Compiler.cpp:24:5
    #12 0x55ca915fd7b5 in main /workspace/src/main.cpp:191:18
    #13 0x7ff5c395a337  (/lib/x86_64-linux-gnu/libc.so.6+0x2a337) (BuildId: 467f544f15035abef911999cbc14489edd0555ab)
    #14 0x7ff5c395a3fa in __libc_start_main (/lib/x86_64-linux-gnu/libc.so.6+0x2a3fa) (BuildId: 467f544f15035abef911999cbc14489edd0555ab)
    #15 0x55ca91511b64 in _start (/workspace/build-asan/tsc+0x74b64) (BuildId: 73a10d7cc646a755f705b0ae57418e68578aec2f)

Indirect leak of 112 byte(s) in 2 object(s) allocated from:
    #0 0x55ca915fa191 in operator new(unsigned long) (/workspace/build-asan/tsc+0x15d191) (BuildId: 73a10d7cc646a755f705b0ae57418e68578aec2f)
    #1 0x7ff5c59b6da2  (/usr/lib/llvm-20/lib/libLLVM.so.20.1+0x1a9ada2) (BuildId: b856c61f98abf0989f157f153740fe0fadfbb760)
    #2 0x7ff5c6f3998b  (/usr/lib/llvm-20/lib/libLLVM.so.20.1+0x301d98b) (BuildId: b856c61f98abf0989f157f153740fe0fadfbb760)
    #3 0x7ff5c6f398a6  (/usr/lib/llvm-20/lib/libLLVM.so.20.1+0x301d8a6) (BuildId: b856c61f98abf0989f157f153740fe0fadfbb760)
    #4 0x7ff5c7b28f73  (/usr/lib/llvm-20/lib/libLLVM.so.20.1+0x3c0cf73) (BuildId: b856c61f98abf0989f157f153740fe0fadfbb760)
    #5 0x7ff5c7b6091a  (/usr/lib/llvm-20/lib/libLLVM.so.20.1+0x3c4491a) (BuildId: b856c61f98abf0989f157f153740fe0fadfbb760)
    #6 0x7ff5c7b61a19  (/usr/lib/llvm-20/lib/libLLVM.so.20.1+0x3c45a19) (BuildId: b856c61f98abf0989f157f153740fe0fadfbb760)
    #7 0x7ff5c7b62a6c  (/usr/lib/llvm-20/lib/libLLVM.so.20.1+0x3c46a6c) (BuildId: b856c61f98abf0989f157f153740fe0fadfbb760)
    #8 0x55ca91648523 in llvm::Target::createTargetMachine(llvm::StringRef, llvm::StringRef, llvm::StringRef, llvm::TargetOptions const&, std::optional<llvm::Reloc::Model>, std::optional<llvm::CodeModel::Model>, llvm::CodeGenOptLevel, bool) const /usr/lib/llvm-20/include/llvm/MC/TargetRegistry.h:462:12
    #9 0x55ca9163a09e in tsc::TargetRegistry::initializeAllTargets() /workspace/src/TargetRegistry.cpp:67:41
    #10 0x55ca9162bdcd in tsc::Compiler::initializeLLVM() /workspace/src/Compiler.cpp:349:14
    #11 0x55ca9162b8b7 in tsc::Compiler::Compiler(tsc::CompilerOptions const&) /workspace/src/Compiler.cpp:24:5
    #12 0x55ca915fd7b5 in main /workspace/src/main.cpp:191:18
    #13 0x7ff5c395a337  (/lib/x86_64-linux-gnu/libc.so.6+0x2a337) (BuildId: 467f544f15035abef911999cbc14489edd0555ab)
    #14 0x7ff5c395a3fa in __libc_start_main (/lib/x86_64-linux-gnu/libc.so.6+0x2a3fa) (BuildId: 467f544f15035abef911999cbc14489edd0555ab)
    #15 0x55ca91511b64 in _start (/workspace/build-asan/tsc+0x74b64) (BuildId: 73a10d7cc646a755f705b0ae57418e68578aec2f)

Indirect leak of 112 byte(s) in 2 object(s) allocated from:
    #0 0x55ca915fa191 in operator new(unsigned long) (/workspace/build-asan/tsc+0x15d191) (BuildId: 73a10d7cc646a755f705b0ae57418e68578aec2f)
    #1 0x7ff5c59b6da2  (/usr/lib/llvm-20/lib/libLLVM.so.20.1+0x1a9ada2) (BuildId: b856c61f98abf0989f157f153740fe0fadfbb760)
    #2 0x7ff5c6f3998b  (/usr/lib/llvm-20/lib/libLLVM.so.20.1+0x301d98b) (BuildId: b856c61f98abf0989f157f153740fe0fadfbb760)
    #3 0x7ff5c6f398a6  (/usr/lib/llvm-20/lib/libLLVM.so.20.1+0x301d8a6) (BuildId: b856c61f98abf0989f157f153740fe0fadfbb760)
    #4 0x7ff5c7b28ef9  (/usr/lib/llvm-20/lib/libLLVM.so.20.1+0x3c0cef9) (BuildId: b856c61f98abf0989f157f153740fe0fadfbb760)
    #5 0x7ff5c7b6091a  (/usr/lib/llvm-20/lib/libLLVM.so.20.1+0x3c4491a) (BuildId: b856c61f98abf0989f157f153740fe0fadfbb760)
    #6 0x7ff5c7b61a19  (/usr/lib/llvm-20/lib/libLLVM.so.20.1+0x3c45a19) (BuildId: b856c61f98abf0989f157f153740fe0fadfbb760)
    #7 0x7ff5c7b62a6c  (/usr/lib/llvm-20/lib/libLLVM.so.20.1+0x3c46a6c) (BuildId: b856c61f98abf0989f157f153740fe0fadfbb760)
    #8 0x55ca91648523 in llvm::Target::createTargetMachine(llvm::StringRef, llvm::StringRef, llvm::StringRef, llvm::TargetOptions const&, std::optional<llvm::Reloc::Model>, std::optional<llvm::CodeModel::Model>, llvm::CodeGenOptLevel, bool) const /usr/lib/llvm-20/include/llvm/MC/TargetRegistry.h:462:12
    #9 0x55ca9163a09e in tsc::TargetRegistry::initializeAllTargets() /workspace/src/TargetRegistry.cpp:67:41
    #10 0x55ca9162bdcd in tsc::Compiler::initializeLLVM() /workspace/src/Compiler.cpp:349:14
    #11 0x55ca9162b8b7 in tsc::Compiler::Compiler(tsc::CompilerOptions const&) /workspace/src/Compiler.cpp:24:5
    #12 0x55ca915fd7b5 in main /workspace/src/main.cpp:191:18
    #13 0x7ff5c395a337  (/lib/x86_64-linux-gnu/libc.so.6+0x2a337) (BuildId: 467f544f15035abef911999cbc14489edd0555ab)
    #14 0x7ff5c395a3fa in __libc_start_main (/lib/x86_64-linux-gnu/libc.so.6+0x2a3fa) (BuildId: 467f544f15035abef911999cbc14489edd0555ab)
    #15 0x55ca91511b64 in _start (/workspace/build-asan/tsc+0x74b64) (BuildId: 73a10d7cc646a755f705b0ae57418e68578aec2f)

Indirect leak of 112 byte(s) in 2 object(s) allocated from:
    #0 0x55ca915fa191 in operator new(unsigned long) (/workspace/build-asan/tsc+0x15d191) (BuildId: 73a10d7cc646a755f705b0ae57418e68578aec2f)
    #1 0x7ff5c59b6da2  (/usr/lib/llvm-20/lib/libLLVM.so.20.1+0x1a9ada2) (BuildId: b856c61f98abf0989f157f153740fe0fadfbb760)
    #2 0x7ff5c6f3998b  (/usr/lib/llvm-20/lib/libLLVM.so.20.1+0x301d98b) (BuildId: b856c61f98abf0989f157f153740fe0fadfbb760)
    #3 0x7ff5c6f398a6  (/usr/lib/llvm-20/lib/libLLVM.so.20.1+0x301d8a6) (BuildId: b856c61f98abf0989f157f153740fe0fadfbb760)
    #4 0x7ff5c7b28e93  (/usr/lib/llvm-20/lib/libLLVM.so.20.1+0x3c0ce93) (BuildId: b856c61f98abf0989f157f153740fe0fadfbb760)
    #5 0x7ff5c7b6091a  (/usr/lib/llvm-20/lib/libLLVM.so.20.1+0x3c4491a) (BuildId: b856c61f98abf0989f157f153740fe0fadfbb760)
    #6 0x7ff5c7b61a19  (/usr/lib/llvm-20/lib/libLLVM.so.20.1+0x3c45a19) (BuildId: b856c61f98abf0989f157f153740fe0fadfbb760)
    #7 0x7ff5c7b62a6c  (/usr/lib/llvm-20/lib/libLLVM.so.20.1+0x3c46a6c) (BuildId: b856c61f98abf0989f157f153740fe0fadfbb760)
    #8 0x55ca91648523 in llvm::Target::createTargetMachine(llvm::StringRef, llvm::StringRef, llvm::StringRef, llvm::TargetOptions const&, std::optional<llvm::Reloc::Model>, std::optional<llvm::CodeModel::Model>, llvm::CodeGenOptLevel, bool) const /usr/lib/llvm-20/include/llvm/MC/TargetRegistry.h:462:12
    #9 0x55ca9163a09e in tsc::TargetRegistry::initializeAllTargets() /workspace/src/TargetRegistry.cpp:67:41
    #10 0x55ca9162bdcd in tsc::Compiler::initializeLLVM() /workspace/src/Compiler.cpp:349:14
    #11 0x55ca9162b8b7 in tsc::Compiler::Compiler(tsc::CompilerOptions const&) /workspace/src/Compiler.cpp:24:5
    #12 0x55ca915fd7b5 in main /workspace/src/main.cpp:191:18
    #13 0x7ff5c395a337  (/lib/x86_64-linux-gnu/libc.so.6+0x2a337) (BuildId: 467f544f15035abef911999cbc14489edd0555ab)
    #14 0x7ff5c395a3fa in __libc_start_main (/lib/x86_64-linux-gnu/libc.so.6+0x2a3fa) (BuildId: 467f544f15035abef911999cbc14489edd0555ab)
    #15 0x55ca91511b64 in _start (/workspace/build-asan/tsc+0x74b64) (BuildId: 73a10d7cc646a755f705b0ae57418e68578aec2f)

Indirect leak of 112 byte(s) in 2 object(s) allocated from:
    #0 0x55ca915fa191 in operator new(unsigned long) (/workspace/build-asan/tsc+0x15d191) (BuildId: 73a10d7cc646a755f705b0ae57418e68578aec2f)
    #1 0x7ff5c59b6da2  (/usr/lib/llvm-20/lib/libLLVM.so.20.1+0x1a9ada2) (BuildId: b856c61f98abf0989f157f153740fe0fadfbb760)
    #2 0x7ff5c6f3998b  (/usr/lib/llvm-20/lib/libLLVM.so.20.1+0x301d98b) (BuildId: b856c61f98abf0989f157f153740fe0fadfbb760)
    #3 0x7ff5c6f398a6  (/usr/lib/llvm-20/lib/libLLVM.so.20.1+0x301d8a6) (BuildId: b856c61f98abf0989f157f153740fe0fadfbb760)
    #4 0x7ff5c7b28dc3  (/usr/lib/llvm-20/lib/libLLVM.so.20.1+0x3c0cdc3) (BuildId: b856c61f98abf0989f157f153740fe0fadfbb760)
    #5 0x7ff5c7b6091a  (/usr/lib/llvm-20/lib/libLLVM.so.20.1+0x3c4491a) (BuildId: b856c61f98abf0989f157f153740fe0fadfbb760)
    #6 0x7ff5c7b61a19  (/usr/lib/llvm-20/lib/libLLVM.so.20.1+0x3c45a19) (BuildId: b856c61f98abf0989f157f153740fe0fadfbb760)
    #7 0x7ff5c7b62a6c  (/usr/lib/llvm-20/lib/libLLVM.so.20.1+0x3c46a6c) (BuildId: b856c61f98abf0989f157f153740fe0fadfbb760)
    #8 0x55ca91648523 in llvm::Target::createTargetMachine(llvm::StringRef, llvm::StringRef, llvm::StringRef, llvm::TargetOptions const&, std::optional<llvm::Reloc::Model>, std::optional<llvm::CodeModel::Model>, llvm::CodeGenOptLevel, bool) const /usr/lib/llvm-20/include/llvm/MC/TargetRegistry.h:462:12
    #9 0x55ca9163a09e in tsc::TargetRegistry::initializeAllTargets() /workspace/src/TargetRegistry.cpp:67:41
    #10 0x55ca9162bdcd in tsc::Compiler::initializeLLVM() /workspace/src/Compiler.cpp:349:14
    #11 0x55ca9162b8b7 in tsc::Compiler::Compiler(tsc::CompilerOptions const&) /workspace/src/Compiler.cpp:24:5
    #12 0x55ca915fd7b5 in main /workspace/src/main.cpp:191:18
    #13 0x7ff5c395a337  (/lib/x86_64-linux-gnu/libc.so.6+0x2a337) (BuildId: 467f544f15035abef911999cbc14489edd0555ab)
    #14 0x7ff5c395a3fa in __libc_start_main (/lib/x86_64-linux-gnu/libc.so.6+0x2a3fa) (BuildId: 467f544f15035abef911999cbc14489edd0555ab)
    #15 0x55ca91511b64 in _start (/workspace/build-asan/tsc+0x74b64) (BuildId: 73a10d7cc646a755f705b0ae57418e68578aec2f)

Indirect leak of 112 byte(s) in 2 object(s) allocated from:
    #0 0x55ca915fa191 in operator new(unsigned long) (/workspace/build-asan/tsc+0x15d191) (BuildId: 73a10d7cc646a755f705b0ae57418e68578aec2f)
    #1 0x7ff5c59b6da2  (/usr/lib/llvm-20/lib/libLLVM.so.20.1+0x1a9ada2) (BuildId: b856c61f98abf0989f157f153740fe0fadfbb760)
    #2 0x7ff5c6f3b039  (/usr/lib/llvm-20/lib/libLLVM.so.20.1+0x301f039) (BuildId: b856c61f98abf0989f157f153740fe0fadfbb760)
    #3 0x7ff5c6f3af97  (/usr/lib/llvm-20/lib/libLLVM.so.20.1+0x301ef97) (BuildId: b856c61f98abf0989f157f153740fe0fadfbb760)
    #4 0x7ff5c6f3998b  (/usr/lib/llvm-20/lib/libLLVM.so.20.1+0x301d98b) (BuildId: b856c61f98abf0989f157f153740fe0fadfbb760)
    #5 0x7ff5c6f398a6  (/usr/lib/llvm-20/lib/libLLVM.so.20.1+0x301d8a6) (BuildId: b856c61f98abf0989f157f153740fe0fadfbb760)
    #6 0x7ff5c6f3aa71  (/usr/lib/llvm-20/lib/libLLVM.so.20.1+0x301ea71) (BuildId: b856c61f98abf0989f157f153740fe0fadfbb760)
    #7 0x7ff5c7b28d6b  (/usr/lib/llvm-20/lib/libLLVM.so.20.1+0x3c0cd6b) (BuildId: b856c61f98abf0989f157f153740fe0fadfbb760)
    #8 0x7ff5c7b6091a  (/usr/lib/llvm-20/lib/libLLVM.so.20.1+0x3c4491a) (BuildId: b856c61f98abf0989f157f153740fe0fadfbb760)
    #9 0x7ff5c7b61a19  (/usr/lib/llvm-20/lib/libLLVM.so.20.1+0x3c45a19) (BuildId: b856c61f98abf0989f157f153740fe0fadfbb760)
    #10 0x7ff5c7b62a6c  (/usr/lib/llvm-20/lib/libLLVM.so.20.1+0x3c46a6c) (BuildId: b856c61f98abf0989f157f153740fe0fadfbb760)
    #11 0x55ca91648523 in llvm::Target::createTargetMachine(llvm::StringRef, llvm::StringRef, llvm::StringRef, llvm::TargetOptions const&, std::optional<llvm::Reloc::Model>, std::optional<llvm::CodeModel::Model>, llvm::CodeGenOptLevel, bool) const /usr/lib/llvm-20/include/llvm/MC/TargetRegistry.h:462:12
    #12 0x55ca9163a09e in tsc::TargetRegistry::initializeAllTargets() /workspace/src/TargetRegistry.cpp:67:41
    #13 0x55ca9162bdcd in tsc::Compiler::initializeLLVM() /workspace/src/Compiler.cpp:349:14
    #14 0x55ca9162b8b7 in tsc::Compiler::Compiler(tsc::CompilerOptions const&) /workspace/src/Compiler.cpp:24:5
    #15 0x55ca915fd7b5 in main /workspace/src/main.cpp:191:18
    #16 0x7ff5c395a337  (/lib/x86_64-linux-gnu/libc.so.6+0x2a337) (BuildId: 467f544f15035abef911999cbc14489edd0555ab)
    #17 0x7ff5c395a3fa in __libc_start_main (/lib/x86_64-linux-gnu/libc.so.6+0x2a3fa) (BuildId: 467f544f15035abef911999cbc14489edd0555ab)
    #18 0x55ca91511b64 in _start (/workspace/build-asan/tsc+0x74b64) (BuildId: 73a10d7cc646a755f705b0ae57418e68578aec2f)

Indirect leak of 112 byte(s) in 2 object(s) allocated from:
    #0 0x55ca915fa191 in operator new(unsigned long) (/workspace/build-asan/tsc+0x15d191) (BuildId: 73a10d7cc646a755f705b0ae57418e68578aec2f)
    #1 0x7ff5c59b6da2  (/usr/lib/llvm-20/lib/libLLVM.so.20.1+0x1a9ada2) (BuildId: b856c61f98abf0989f157f153740fe0fadfbb760)
    #2 0x7ff5c6f3b008  (/usr/lib/llvm-20/lib/libLLVM.so.20.1+0x301f008) (BuildId: b856c61f98abf0989f157f153740fe0fadfbb760)
    #3 0x7ff5c6f3af97  (/usr/lib/llvm-20/lib/libLLVM.so.20.1+0x301ef97) (BuildId: b856c61f98abf0989f157f153740fe0fadfbb760)
    #4 0x7ff5c6f3998b  (/usr/lib/llvm-20/lib/libLLVM.so.20.1+0x301d98b) (BuildId: b856c61f98abf0989f157f153740fe0fadfbb760)
    #5 0x7ff5c6f398a6  (/usr/lib/llvm-20/lib/libLLVM.so.20.1+0x301d8a6) (BuildId: b856c61f98abf0989f157f153740fe0fadfbb760)
    #6 0x7ff5c6f3aa71  (/usr/lib/llvm-20/lib/libLLVM.so.20.1+0x301ea71) (BuildId: b856c61f98abf0989f157f153740fe0fadfbb760)
    #7 0x7ff5c7b28d6b  (/usr/lib/llvm-20/lib/libLLVM.so.20.1+0x3c0cd6b) (BuildId: b856c61f98abf0989f157f153740fe0fadfbb760)
    #8 0x7ff5c7b6091a  (/usr/lib/llvm-20/lib/libLLVM.so.20.1+0x3c4491a) (BuildId: b856c61f98abf0989f157f153740fe0fadfbb760)
    #9 0x7ff5c7b61a19  (/usr/lib/llvm-20/lib/libLLVM.so.20.1+0x3c45a19) (BuildId: b856c61f98abf0989f157f153740fe0fadfbb760)
    #10 0x7ff5c7b62a6c  (/usr/lib/llvm-20/lib/libLLVM.so.20.1+0x3c46a6c) (BuildId: b856c61f98abf0989f157f153740fe0fadfbb760)
    #11 0x55ca91648523 in llvm::Target::createTargetMachine(llvm::StringRef, llvm::StringRef, llvm::StringRef, llvm::TargetOptions const&, std::optional<llvm::Reloc::Model>, std::optional<llvm::CodeModel::Model>, llvm::CodeGenOptLevel, bool) const /usr/lib/llvm-20/include/llvm/MC/TargetRegistry.h:462:12
    #12 0x55ca9163a09e in tsc::TargetRegistry::initializeAllTargets() /workspace/src/TargetRegistry.cpp:67:41
    #13 0x55ca9162bdcd in tsc::Compiler::initializeLLVM() /workspace/src/Compiler.cpp:349:14
    #14 0x55ca9162b8b7 in tsc::Compiler::Compiler(tsc::CompilerOptions const&) /workspace/src/Compiler.cpp:24:5
    #15 0x55ca915fd7b5 in main /workspace/src/main.cpp:191:18
    #16 0x7ff5c395a337  (/lib/x86_64-linux-gnu/libc.so.6+0x2a337) (BuildId: 467f544f15035abef911999cbc14489edd0555ab)
    #17 0x7ff5c395a3fa in __libc_start_main (/lib/x86_64-linux-gnu/libc.so.6+0x2a3fa) (BuildId: 467f544f15035abef911999cbc14489edd0555ab)
    #18 0x55ca91511b64 in _start (/workspace/build-asan/tsc+0x74b64) (BuildId: 73a10d7cc646a755f705b0ae57418e68578aec2f)

Indirect leak of 112 byte(s) in 2 object(s) allocated from:
    #0 0x55ca915fa191 in operator new(unsigned long) (/workspace/build-asan/tsc+0x15d191) (BuildId: 73a10d7cc646a755f705b0ae57418e68578aec2f)
    #1 0x7ff5c59b6da2  (/usr/lib/llvm-20/lib/libLLVM.so.20.1+0x1a9ada2) (BuildId: b856c61f98abf0989f157f153740fe0fadfbb760)
    #2 0x7ff5c6f3998b  (/usr/lib/llvm-20/lib/libLLVM.so.20.1+0x301d98b) (BuildId: b856c61f98abf0989f157f153740fe0fadfbb760)
    #3 0x7ff5c6f398a6  (/usr/lib/llvm-20/lib/libLLVM.so.20.1+0x301d8a6) (BuildId: b856c61f98abf0989f157f153740fe0fadfbb760)
    #4 0x7ff5c7b28a1b  (/usr/lib/llvm-20/lib/libLLVM.so.20.1+0x3c0ca1b) (BuildId: b856c61f98abf0989f157f153740fe0fadfbb760)
    #5 0x7ff5c7b6091a  (/usr/lib/llvm-20/lib/libLLVM.so.20.1+0x3c4491a) (BuildId: b856c61f98abf0989f157f153740fe0fadfbb760)
    #6 0x7ff5c7b61a19  (/usr/lib/llvm-20/lib/libLLVM.so.20.1+0x3c45a19) (BuildId: b856c61f98abf0989f157f153740fe0fadfbb760)
    #7 0x7ff5c7b62a6c  (/usr/lib/llvm-20/lib/libLLVM.so.20.1+0x3c46a6c) (BuildId: b856c61f98abf0989f157f153740fe0fadfbb760)
    #8 0x55ca91648523 in llvm::Target::createTargetMachine(llvm::StringRef, llvm::StringRef, llvm::StringRef, llvm::TargetOptions const&, std::optional<llvm::Reloc::Model>, std::optional<llvm::CodeModel::Model>, llvm::CodeGenOptLevel, bool) const /usr/lib/llvm-20/include/llvm/MC/TargetRegistry.h:462:12
    #9 0x55ca9163a09e in tsc::TargetRegistry::initializeAllTargets() /workspace/src/TargetRegistry.cpp:67:41
    #10 0x55ca9162bdcd in tsc::Compiler::initializeLLVM() /workspace/src/Compiler.cpp:349:14
    #11 0x55ca9162b8b7 in tsc::Compiler::Compiler(tsc::CompilerOptions const&) /workspace/src/Compiler.cpp:24:5
    #12 0x55ca915fd7b5 in main /workspace/src/main.cpp:191:18
    #13 0x7ff5c395a337  (/lib/x86_64-linux-gnu/libc.so.6+0x2a337) (BuildId: 467f544f15035abef911999cbc14489edd0555ab)
    #14 0x7ff5c395a3fa in __libc_start_main (/lib/x86_64-linux-gnu/libc.so.6+0x2a3fa) (BuildId: 467f544f15035abef911999cbc14489edd0555ab)
    #15 0x55ca91511b64 in _start (/workspace/build-asan/tsc+0x74b64) (BuildId: 73a10d7cc646a755f705b0ae57418e68578aec2f)

Indirect leak of 112 byte(s) in 2 object(s) allocated from:
    #0 0x55ca915fa191 in operator new(unsigned long) (/workspace/build-asan/tsc+0x15d191) (BuildId: 73a10d7cc646a755f705b0ae57418e68578aec2f)
    #1 0x7ff5c59b6da2  (/usr/lib/llvm-20/lib/libLLVM.so.20.1+0x1a9ada2) (BuildId: b856c61f98abf0989f157f153740fe0fadfbb760)
    #2 0x7ff5c6f3998b  (/usr/lib/llvm-20/lib/libLLVM.so.20.1+0x301d98b) (BuildId: b856c61f98abf0989f157f153740fe0fadfbb760)
    #3 0x7ff5c6f398a6  (/usr/lib/llvm-20/lib/libLLVM.so.20.1+0x301d8a6) (BuildId: b856c61f98abf0989f157f153740fe0fadfbb760)
    #4 0x7ff5c7b286d3  (/usr/lib/llvm-20/lib/libLLVM.so.20.1+0x3c0c6d3) (BuildId: b856c61f98abf0989f157f153740fe0fadfbb760)
    #5 0x7ff5c7b6091a  (/usr/lib/llvm-20/lib/libLLVM.so.20.1+0x3c4491a) (BuildId: b856c61f98abf0989f157f153740fe0fadfbb760)
    #6 0x7ff5c7b61a19  (/usr/lib/llvm-20/lib/libLLVM.so.20.1+0x3c45a19) (BuildId: b856c61f98abf0989f157f153740fe0fadfbb760)
    #7 0x7ff5c7b62a6c  (/usr/lib/llvm-20/lib/libLLVM.so.20.1+0x3c46a6c) (BuildId: b856c61f98abf0989f157f153740fe0fadfbb760)
    #8 0x55ca91648523 in llvm::Target::createTargetMachine(llvm::StringRef, llvm::StringRef, llvm::StringRef, llvm::TargetOptions const&, std::optional<llvm::Reloc::Model>, std::optional<llvm::CodeModel::Model>, llvm::CodeGenOptLevel, bool) const /usr/lib/llvm-20/include/llvm/MC/TargetRegistry.h:462:12
    #9 0x55ca9163a09e in tsc::TargetRegistry::initializeAllTargets() /workspace/src/TargetRegistry.cpp:67:41
    #10 0x55ca9162bdcd in tsc::Compiler::initializeLLVM() /workspace/src/Compiler.cpp:349:14
    #11 0x55ca9162b8b7 in tsc::Compiler::Compiler(tsc::CompilerOptions const&) /workspace/src/Compiler.cpp:24:5
    #12 0x55ca915fd7b5 in main /workspace/src/main.cpp:191:18
    #13 0x7ff5c395a337  (/lib/x86_64-linux-gnu/libc.so.6+0x2a337) (BuildId: 467f544f15035abef911999cbc14489edd0555ab)
    #14 0x7ff5c395a3fa in __libc_start_main (/lib/x86_64-linux-gnu/libc.so.6+0x2a3fa) (BuildId: 467f544f15035abef911999cbc14489edd0555ab)
    #15 0x55ca91511b64 in _start (/workspace/build-asan/tsc+0x74b64) (BuildId: 73a10d7cc646a755f705b0ae57418e68578aec2f)

Indirect leak of 112 byte(s) in 2 object(s) allocated from:
    #0 0x55ca915fa191 in operator new(unsigned long) (/workspace/build-asan/tsc+0x15d191) (BuildId: 73a10d7cc646a755f705b0ae57418e68578aec2f)
    #1 0x7ff5c59b6da2  (/usr/lib/llvm-20/lib/libLLVM.so.20.1+0x1a9ada2) (BuildId: b856c61f98abf0989f157f153740fe0fadfbb760)
    #2 0x7ff5c6f3b039  (/usr/lib/llvm-20/lib/libLLVM.so.20.1+0x301f039) (BuildId: b856c61f98abf0989f157f153740fe0fadfbb760)
    #3 0x7ff5c6f3af97  (/usr/lib/llvm-20/lib/libLLVM.so.20.1+0x301ef97) (BuildId: b856c61f98abf0989f157f153740fe0fadfbb760)
    #4 0x7ff5c6f3998b  (/usr/lib/llvm-20/lib/libLLVM.so.20.1+0x301d98b) (BuildId: b856c61f98abf0989f157f153740fe0fadfbb760)
    #5 0x7ff5c6f398a6  (/usr/lib/llvm-20/lib/libLLVM.so.20.1+0x301d8a6) (BuildId: b856c61f98abf0989f157f153740fe0fadfbb760)
    #6 0x7ff5c6f3aa71  (/usr/lib/llvm-20/lib/libLLVM.so.20.1+0x301ea71) (BuildId: b856c61f98abf0989f157f153740fe0fadfbb760)
    #7 0x7ff5c7b29e11  (/usr/lib/llvm-20/lib/libLLVM.so.20.1+0x3c0de11) (BuildId: b856c61f98abf0989f157f153740fe0fadfbb760)
    #8 0x7ff5c7b6091a  (/usr/lib/llvm-20/lib/libLLVM.so.20.1+0x3c4491a) (BuildId: b856c61f98abf0989f157f153740fe0fadfbb760)
    #9 0x7ff5c7b6188a  (/usr/lib/llvm-20/lib/libLLVM.so.20.1+0x3c4588a) (BuildId: b856c61f98abf0989f157f153740fe0fadfbb760)
    #10 0x7ff5c7b62a6c  (/usr/lib/llvm-20/lib/libLLVM.so.20.1+0x3c46a6c) (BuildId: b856c61f98abf0989f157f153740fe0fadfbb760)
    #11 0x55ca91648523 in llvm::Target::createTargetMachine(llvm::StringRef, llvm::StringRef, llvm::StringRef, llvm::TargetOptions const&, std::optional<llvm::Reloc::Model>, std::optional<llvm::CodeModel::Model>, llvm::CodeGenOptLevel, bool) const /usr/lib/llvm-20/include/llvm/MC/TargetRegistry.h:462:12
    #12 0x55ca9163a09e in tsc::TargetRegistry::initializeAllTargets() /workspace/src/TargetRegistry.cpp:67:41
    #13 0x55ca9162bdcd in tsc::Compiler::initializeLLVM() /workspace/src/Compiler.cpp:349:14
    #14 0x55ca9162b8b7 in tsc::Compiler::Compiler(tsc::CompilerOptions const&) /workspace/src/Compiler.cpp:24:5
    #15 0x55ca915fd7b5 in main /workspace/src/main.cpp:191:18
    #16 0x7ff5c395a337  (/lib/x86_64-linux-gnu/libc.so.6+0x2a337) (BuildId: 467f544f15035abef911999cbc14489edd0555ab)
    #17 0x7ff5c395a3fa in __libc_start_main (/lib/x86_64-linux-gnu/libc.so.6+0x2a3fa) (BuildId: 467f544f15035abef911999cbc14489edd0555ab)
    #18 0x55ca91511b64 in _start (/workspace/build-asan/tsc+0x74b64) (BuildId: 73a10d7cc646a755f705b0ae57418e68578aec2f)

Indirect leak of 112 byte(s) in 2 object(s) allocated from:
    #0 0x55ca915fa191 in operator new(unsigned long) (/workspace/build-asan/tsc+0x15d191) (BuildId: 73a10d7cc646a755f705b0ae57418e68578aec2f)
    #1 0x7ff5c59b6da2  (/usr/lib/llvm-20/lib/libLLVM.so.20.1+0x1a9ada2) (BuildId: b856c61f98abf0989f157f153740fe0fadfbb760)
    #2 0x7ff5c6f3b008  (/usr/lib/llvm-20/lib/libLLVM.so.20.1+0x301f008) (BuildId: b856c61f98abf0989f157f153740fe0fadfbb760)
    #3 0x7ff5c6f3af97  (/usr/lib/llvm-20/lib/libLLVM.so.20.1+0x301ef97) (BuildId: b856c61f98abf0989f157f153740fe0fadfbb760)
    #4 0x7ff5c6f3998b  (/usr/lib/llvm-20/lib/libLLVM.so.20.1+0x301d98b) (BuildId: b856c61f98abf0989f157f153740fe0fadfbb760)
    #5 0x7ff5c6f398a6  (/usr/lib/llvm-20/lib/libLLVM.so.20.1+0x301d8a6) (BuildId: b856c61f98abf0989f157f153740fe0fadfbb760)
    #6 0x7ff5c6f3aa71  (/usr/lib/llvm-20/lib/libLLVM.so.20.1+0x301ea71) (BuildId: b856c61f98abf0989f157f153740fe0fadfbb760)
    #7 0x7ff5c7b29e11  (/usr/lib/llvm-20/lib/libLLVM.so.20.1+0x3c0de11) (BuildId: b856c61f98abf0989f157f153740fe0fadfbb760)
    #8 0x7ff5c7b6091a  (/usr/lib/llvm-20/lib/libLLVM.so.20.1+0x3c4491a) (BuildId: b856c61f98abf0989f157f153740fe0fadfbb760)
    #9 0x7ff5c7b6188a  (/usr/lib/llvm-20/lib/libLLVM.so.20.1+0x3c4588a) (BuildId: b856c61f98abf0989f157f153740fe0fadfbb760)
    #10 0x7ff5c7b62a6c  (/usr/lib/llvm-20/lib/libLLVM.so.20.1+0x3c46a6c) (BuildId: b856c61f98abf0989f157f153740fe0fadfbb760)
    #11 0x55ca91648523 in llvm::Target::createTargetMachine(llvm::StringRef, llvm::StringRef, llvm::StringRef, llvm::TargetOptions const&, std::optional<llvm::Reloc::Model>, std::optional<llvm::CodeModel::Model>, llvm::CodeGenOptLevel, bool) const /usr/lib/llvm-20/include/llvm/MC/TargetRegistry.h:462:12
    #12 0x55ca9163a09e in tsc::TargetRegistry::initializeAllTargets() /workspace/src/TargetRegistry.cpp:67:41
    #13 0x55ca9162bdcd in tsc::Compiler::initializeLLVM() /workspace/src/Compiler.cpp:349:14
    #14 0x55ca9162b8b7 in tsc::Compiler::Compiler(tsc::CompilerOptions const&) /workspace/src/Compiler.cpp:24:5
    #15 0x55ca915fd7b5 in main /workspace/src/main.cpp:191:18
    #16 0x7ff5c395a337  (/lib/x86_64-linux-gnu/libc.so.6+0x2a337) (BuildId: 467f544f15035abef911999cbc14489edd0555ab)
    #17 0x7ff5c395a3fa in __libc_start_main (/lib/x86_64-linux-gnu/libc.so.6+0x2a3fa) (BuildId: 467f544f15035abef911999cbc14489edd0555ab)
    #18 0x55ca91511b64 in _start (/workspace/build-asan/tsc+0x74b64) (BuildId: 73a10d7cc646a755f705b0ae57418e68578aec2f)

Indirect leak of 112 byte(s) in 2 object(s) allocated from:
    #0 0x55ca915fa191 in operator new(unsigned long) (/workspace/build-asan/tsc+0x15d191) (BuildId: 73a10d7cc646a755f705b0ae57418e68578aec2f)
    #1 0x7ff5c59b6da2  (/usr/lib/llvm-20/lib/libLLVM.so.20.1+0x1a9ada2) (BuildId: b856c61f98abf0989f157f153740fe0fadfbb760)
    #2 0x7ff5c6f3b039  (/usr/lib/llvm-20/lib/libLLVM.so.20.1+0x301f039) (BuildId: b856c61f98abf0989f157f153740fe0fadfbb760)
    #3 0x7ff5c6f3af97  (/usr/lib/llvm-20/lib/libLLVM.so.20.1+0x301ef97) (BuildId: b856c61f98abf0989f157f153740fe0fadfbb760)
    #4 0x7ff5c6f3998b  (/usr/lib/llvm-20/lib/libLLVM.so.20.1+0x301d98b) (BuildId: b856c61f98abf0989f157f153740fe0fadfbb760)
    #5 0x7ff5c6f398a6  (/usr/lib/llvm-20/lib/libLLVM.so.20.1+0x301d8a6) (BuildId: b856c61f98abf0989f157f153740fe0fadfbb760)
    #6 0x7ff5c6f3aa71  (/usr/lib/llvm-20/lib/libLLVM.so.20.1+0x301ea71) (BuildId: b856c61f98abf0989f157f153740fe0fadfbb760)
    #7 0x7ff5c7b29ddf  (/usr/lib/llvm-20/lib/libLLVM.so.20.1+0x3c0dddf) (BuildId: b856c61f98abf0989f157f153740fe0fadfbb760)
    #8 0x7ff5c7b6091a  (/usr/lib/llvm-20/lib/libLLVM.so.20.1+0x3c4491a) (BuildId: b856c61f98abf0989f157f153740fe0fadfbb760)
    #9 0x7ff5c7b6188a  (/usr/lib/llvm-20/lib/libLLVM.so.20.1+0x3c4588a) (BuildId: b856c61f98abf0989f157f153740fe0fadfbb760)
    #10 0x7ff5c7b62a6c  (/usr/lib/llvm-20/lib/libLLVM.so.20.1+0x3c46a6c) (BuildId: b856c61f98abf0989f157f153740fe0fadfbb760)
    #11 0x55ca91648523 in llvm::Target::createTargetMachine(llvm::StringRef, llvm::StringRef, llvm::StringRef, llvm::TargetOptions const&, std::optional<llvm::Reloc::Model>, std::optional<llvm::CodeModel::Model>, llvm::CodeGenOptLevel, bool) const /usr/lib/llvm-20/include/llvm/MC/TargetRegistry.h:462:12
    #12 0x55ca9163a09e in tsc::TargetRegistry::initializeAllTargets() /workspace/src/TargetRegistry.cpp:67:41
    #13 0x55ca9162bdcd in tsc::Compiler::initializeLLVM() /workspace/src/Compiler.cpp:349:14
    #14 0x55ca9162b8b7 in tsc::Compiler::Compiler(tsc::CompilerOptions const&) /workspace/src/Compiler.cpp:24:5
    #15 0x55ca915fd7b5 in main /workspace/src/main.cpp:191:18
    #16 0x7ff5c395a337  (/lib/x86_64-linux-gnu/libc.so.6+0x2a337) (BuildId: 467f544f15035abef911999cbc14489edd0555ab)
    #17 0x7ff5c395a3fa in __libc_start_main (/lib/x86_64-linux-gnu/libc.so.6+0x2a3fa) (BuildId: 467f544f15035abef911999cbc14489edd0555ab)
    #18 0x55ca91511b64 in _start (/workspace/build-asan/tsc+0x74b64) (BuildId: 73a10d7cc646a755f705b0ae57418e68578aec2f)

Indirect leak of 112 byte(s) in 2 object(s) allocated from:
    #0 0x55ca915fa191 in operator new(unsigned long) (/workspace/build-asan/tsc+0x15d191) (BuildId: 73a10d7cc646a755f705b0ae57418e68578aec2f)
    #1 0x7ff5c59b6da2  (/usr/lib/llvm-20/lib/libLLVM.so.20.1+0x1a9ada2) (BuildId: b856c61f98abf0989f157f153740fe0fadfbb760)
    #2 0x7ff5c6f3b008  (/usr/lib/llvm-20/lib/libLLVM.so.20.1+0x301f008) (BuildId: b856c61f98abf0989f157f153740fe0fadfbb760)
    #3 0x7ff5c6f3af97  (/usr/lib/llvm-20/lib/libLLVM.so.20.1+0x301ef97) (BuildId: b856c61f98abf0989f157f153740fe0fadfbb760)
    #4 0x7ff5c6f3998b  (/usr/lib/llvm-20/lib/libLLVM.so.20.1+0x301d98b) (BuildId: b856c61f98abf0989f157f153740fe0fadfbb760)
    #5 0x7ff5c6f398a6  (/usr/lib/llvm-20/lib/libLLVM.so.20.1+0x301d8a6) (BuildId: b856c61f98abf0989f157f153740fe0fadfbb760)
    #6 0x7ff5c6f3aa71  (/usr/lib/llvm-20/lib/libLLVM.so.20.1+0x301ea71) (BuildId: b856c61f98abf0989f157f153740fe0fadfbb760)
    #7 0x7ff5c7b29ddf  (/usr/lib/llvm-20/lib/libLLVM.so.20.1+0x3c0dddf) (BuildId: b856c61f98abf0989f157f153740fe0fadfbb760)
    #8 0x7ff5c7b6091a  (/usr/lib/llvm-20/lib/libLLVM.so.20.1+0x3c4491a) (BuildId: b856c61f98abf0989f157f153740fe0fadfbb760)
    #9 0x7ff5c7b6188a  (/usr/lib/llvm-20/lib/libLLVM.so.20.1+0x3c4588a) (BuildId: b856c61f98abf0989f157f153740fe0fadfbb760)
    #10 0x7ff5c7b62a6c  (/usr/lib/llvm-20/lib/libLLVM.so.20.1+0x3c46a6c) (BuildId: b856c61f98abf0989f157f153740fe0fadfbb760)
    #11 0x55ca91648523 in llvm::Target::createTargetMachine(llvm::StringRef, llvm::StringRef, llvm::StringRef, llvm::TargetOptions const&, std::optional<llvm::Reloc::Model>, std::optional<llvm::CodeModel::Model>, llvm::CodeGenOptLevel, bool) const /usr/lib/llvm-20/include/llvm/MC/TargetRegistry.h:462:12
    #12 0x55ca9163a09e in tsc::TargetRegistry::initializeAllTargets() /workspace/src/TargetRegistry.cpp:67:41
    #13 0x55ca9162bdcd in tsc::Compiler::initializeLLVM() /workspace/src/Compiler.cpp:349:14
    #14 0x55ca9162b8b7 in tsc::Compiler::Compiler(tsc::CompilerOptions const&) /workspace/src/Compiler.cpp:24:5
    #15 0x55ca915fd7b5 in main /workspace/src/main.cpp:191:18
    #16 0x7ff5c395a337  (/lib/x86_64-linux-gnu/libc.so.6+0x2a337) (BuildId: 467f544f15035abef911999cbc14489edd0555ab)
    #17 0x7ff5c395a3fa in __libc_start_main (/lib/x86_64-linux-gnu/libc.so.6+0x2a3fa) (BuildId: 467f544f15035abef911999cbc14489edd0555ab)
    #18 0x55ca91511b64 in _start (/workspace/build-asan/tsc+0x74b64) (BuildId: 73a10d7cc646a755f705b0ae57418e68578aec2f)

Indirect leak of 112 byte(s) in 2 object(s) allocated from:
    #0 0x55ca915fa191 in operator new(unsigned long) (/workspace/build-asan/tsc+0x15d191) (BuildId: 73a10d7cc646a755f705b0ae57418e68578aec2f)
    #1 0x7ff5c59b6da2  (/usr/lib/llvm-20/lib/libLLVM.so.20.1+0x1a9ada2) (BuildId: b856c61f98abf0989f157f153740fe0fadfbb760)
    #2 0x7ff5c6f3b039  (/usr/lib/llvm-20/lib/libLLVM.so.20.1+0x301f039) (BuildId: b856c61f98abf0989f157f153740fe0fadfbb760)
    #3 0x7ff5c6f3af97  (/usr/lib/llvm-20/lib/libLLVM.so.20.1+0x301ef97) (BuildId: b856c61f98abf0989f157f153740fe0fadfbb760)
    #4 0x7ff5c6f3998b  (/usr/lib/llvm-20/lib/libLLVM.so.20.1+0x301d98b) (BuildId: b856c61f98abf0989f157f153740fe0fadfbb760)
    #5 0x7ff5c6f398a6  (/usr/lib/llvm-20/lib/libLLVM.so.20.1+0x301d8a6) (BuildId: b856c61f98abf0989f157f153740fe0fadfbb760)
    #6 0x7ff5c6f3aa71  (/usr/lib/llvm-20/lib/libLLVM.so.20.1+0x301ea71) (BuildId: b856c61f98abf0989f157f153740fe0fadfbb760)
    #7 0x7ff5c7b29d8d  (/usr/lib/llvm-20/lib/libLLVM.so.20.1+0x3c0dd8d) (BuildId: b856c61f98abf0989f157f153740fe0fadfbb760)
    #8 0x7ff5c7b6091a  (/usr/lib/llvm-20/lib/libLLVM.so.20.1+0x3c4491a) (BuildId: b856c61f98abf0989f157f153740fe0fadfbb760)
    #9 0x7ff5c7b6188a  (/usr/lib/llvm-20/lib/libLLVM.so.20.1+0x3c4588a) (BuildId: b856c61f98abf0989f157f153740fe0fadfbb760)
    #10 0x7ff5c7b62a6c  (/usr/lib/llvm-20/lib/libLLVM.so.20.1+0x3c46a6c) (BuildId: b856c61f98abf0989f157f153740fe0fadfbb760)
    #11 0x55ca91648523 in llvm::Target::createTargetMachine(llvm::StringRef, llvm::StringRef, llvm::StringRef, llvm::TargetOptions const&, std::optional<llvm::Reloc::Model>, std::optional<llvm::CodeModel::Model>, llvm::CodeGenOptLevel, bool) const /usr/lib/llvm-20/include/llvm/MC/TargetRegistry.h:462:12
    #12 0x55ca9163a09e in tsc::TargetRegistry::initializeAllTargets() /workspace/src/TargetRegistry.cpp:67:41
    #13 0x55ca9162bdcd in tsc::Compiler::initializeLLVM() /workspace/src/Compiler.cpp:349:14
    #14 0x55ca9162b8b7 in tsc::Compiler::Compiler(tsc::CompilerOptions const&) /workspace/src/Compiler.cpp:24:5
    #15 0x55ca915fd7b5 in main /workspace/src/main.cpp:191:18
    #16 0x7ff5c395a337  (/lib/x86_64-linux-gnu/libc.so.6+0x2a337) (BuildId: 467f544f15035abef911999cbc14489edd0555ab)
    #17 0x7ff5c395a3fa in __libc_start_main (/lib/x86_64-linux-gnu/libc.so.6+0x2a3fa) (BuildId: 467f544f15035abef911999cbc14489edd0555ab)
    #18 0x55ca91511b64 in _start (/workspace/build-asan/tsc+0x74b64) (BuildId: 73a10d7cc646a755f705b0ae57418e68578aec2f)

Indirect leak of 112 byte(s) in 2 object(s) allocated from:
    #0 0x55ca915fa191 in operator new(unsigned long) (/workspace/build-asan/tsc+0x15d191) (BuildId: 73a10d7cc646a755f705b0ae57418e68578aec2f)
    #1 0x7ff5c59b6da2  (/usr/lib/llvm-20/lib/libLLVM.so.20.1+0x1a9ada2) (BuildId: b856c61f98abf0989f157f153740fe0fadfbb760)
    #2 0x7ff5c6f3b008  (/usr/lib/llvm-20/lib/libLLVM.so.20.1+0x301f008) (BuildId: b856c61f98abf0989f157f153740fe0fadfbb760)
    #3 0x7ff5c6f3af97  (/usr/lib/llvm-20/lib/libLLVM.so.20.1+0x301ef97) (BuildId: b856c61f98abf0989f157f153740fe0fadfbb760)
    #4 0x7ff5c6f3998b  (/usr/lib/llvm-20/lib/libLLVM.so.20.1+0x301d98b) (BuildId: b856c61f98abf0989f157f153740fe0fadfbb760)
    #5 0x7ff5c6f398a6  (/usr/lib/llvm-20/lib/libLLVM.so.20.1+0x301d8a6) (BuildId: b856c61f98abf0989f157f153740fe0fadfbb760)
    #6 0x7ff5c6f3aa71  (/usr/lib/llvm-20/lib/libLLVM.so.20.1+0x301ea71) (BuildId: b856c61f98abf0989f157f153740fe0fadfbb760)
    #7 0x7ff5c7b29d8d  (/usr/lib/llvm-20/lib/libLLVM.so.20.1+0x3c0dd8d) (BuildId: b856c61f98abf0989f157f153740fe0fadfbb760)
    #8 0x7ff5c7b6091a  (/usr/lib/llvm-20/lib/libLLVM.so.20.1+0x3c4491a) (BuildId: b856c61f98abf0989f157f153740fe0fadfbb760)
    #9 0x7ff5c7b6188a  (/usr/lib/llvm-20/lib/libLLVM.so.20.1+0x3c4588a) (BuildId: b856c61f98abf0989f157f153740fe0fadfbb760)
    #10 0x7ff5c7b62a6c  (/usr/lib/llvm-20/lib/libLLVM.so.20.1+0x3c46a6c) (BuildId: b856c61f98abf0989f157f153740fe0fadfbb760)
    #11 0x55ca91648523 in llvm::Target::createTargetMachine(llvm::StringRef, llvm::StringRef, llvm::StringRef, llvm::TargetOptions const&, std::optional<llvm::Reloc::Model>, std::optional<llvm::CodeModel::Model>, llvm::CodeGenOptLevel, bool) const /usr/lib/llvm-20/include/llvm/MC/TargetRegistry.h:462:12
    #12 0x55ca9163a09e in tsc::TargetRegistry::initializeAllTargets() /workspace/src/TargetRegistry.cpp:67:41
    #13 0x55ca9162bdcd in tsc::Compiler::initializeLLVM() /workspace/src/Compiler.cpp:349:14
    #14 0x55ca9162b8b7 in tsc::Compiler::Compiler(tsc::CompilerOptions const&) /workspace/src/Compiler.cpp:24:5
    #15 0x55ca915fd7b5 in main /workspace/src/main.cpp:191:18
    #16 0x7ff5c395a337  (/lib/x86_64-linux-gnu/libc.so.6+0x2a337) (BuildId: 467f544f15035abef911999cbc14489edd0555ab)
    #17 0x7ff5c395a3fa in __libc_start_main (/lib/x86_64-linux-gnu/libc.so.6+0x2a3fa) (BuildId: 467f544f15035abef911999cbc14489edd0555ab)
    #18 0x55ca91511b64 in _start (/workspace/build-asan/tsc+0x74b64) (BuildId: 73a10d7cc646a755f705b0ae57418e68578aec2f)

Indirect leak of 112 byte(s) in 2 object(s) allocated from:
    #0 0x55ca915fa191 in operator new(unsigned long) (/workspace/build-asan/tsc+0x15d191) (BuildId: 73a10d7cc646a755f705b0ae57418e68578aec2f)
    #1 0x7ff5c59b6da2  (/usr/lib/llvm-20/lib/libLLVM.so.20.1+0x1a9ada2) (BuildId: b856c61f98abf0989f157f153740fe0fadfbb760)
    #2 0x7ff5c6f3b039  (/usr/lib/llvm-20/lib/libLLVM.so.20.1+0x301f039) (BuildId: b856c61f98abf0989f157f153740fe0fadfbb760)
    #3 0x7ff5c6f3af97  (/usr/lib/llvm-20/lib/libLLVM.so.20.1+0x301ef97) (BuildId: b856c61f98abf0989f157f153740fe0fadfbb760)
    #4 0x7ff5c6f3998b  (/usr/lib/llvm-20/lib/libLLVM.so.20.1+0x301d98b) (BuildId: b856c61f98abf0989f157f153740fe0fadfbb760)
    #5 0x7ff5c6f398a6  (/usr/lib/llvm-20/lib/libLLVM.so.20.1+0x301d8a6) (BuildId: b856c61f98abf0989f157f153740fe0fadfbb760)
    #6 0x7ff5c6f3aa71  (/usr/lib/llvm-20/lib/libLLVM.so.20.1+0x301ea71) (BuildId: b856c61f98abf0989f157f153740fe0fadfbb760)
    #7 0x7ff5c7b29d5b  (/usr/lib/llvm-20/lib/libLLVM.so.20.1+0x3c0dd5b) (BuildId: b856c61f98abf0989f157f153740fe0fadfbb760)
    #8 0x7ff5c7b6091a  (/usr/lib/llvm-20/lib/libLLVM.so.20.1+0x3c4491a) (BuildId: b856c61f98abf0989f157f153740fe0fadfbb760)
    #9 0x7ff5c7b6188a  (/usr/lib/llvm-20/lib/libLLVM.so.20.1+0x3c4588a) (BuildId: b856c61f98abf0989f157f153740fe0fadfbb760)
    #10 0x7ff5c7b62a6c  (/usr/lib/llvm-20/lib/libLLVM.so.20.1+0x3c46a6c) (BuildId: b856c61f98abf0989f157f153740fe0fadfbb760)
    #11 0x55ca91648523 in llvm::Target::createTargetMachine(llvm::StringRef, llvm::StringRef, llvm::StringRef, llvm::TargetOptions const&, std::optional<llvm::Reloc::Model>, std::optional<llvm::CodeModel::Model>, llvm::CodeGenOptLevel, bool) const /usr/lib/llvm-20/include/llvm/MC/TargetRegistry.h:462:12
    #12 0x55ca9163a09e in tsc::TargetRegistry::initializeAllTargets() /workspace/src/TargetRegistry.cpp:67:41
    #13 0x55ca9162bdcd in tsc::Compiler::initializeLLVM() /workspace/src/Compiler.cpp:349:14
    #14 0x55ca9162b8b7 in tsc::Compiler::Compiler(tsc::CompilerOptions const&) /workspace/src/Compiler.cpp:24:5
    #15 0x55ca915fd7b5 in main /workspace/src/main.cpp:191:18
    #16 0x7ff5c395a337  (/lib/x86_64-linux-gnu/libc.so.6+0x2a337) (BuildId: 467f544f15035abef911999cbc14489edd0555ab)
    #17 0x7ff5c395a3fa in __libc_start_main (/lib/x86_64-linux-gnu/libc.so.6+0x2a3fa) (BuildId: 467f544f15035abef911999cbc14489edd0555ab)
    #18 0x55ca91511b64 in _start (/workspace/build-asan/tsc+0x74b64) (BuildId: 73a10d7cc646a755f705b0ae57418e68578aec2f)

Indirect leak of 112 byte(s) in 2 object(s) allocated from:
    #0 0x55ca915fa191 in operator new(unsigned long) (/workspace/build-asan/tsc+0x15d191) (BuildId: 73a10d7cc646a755f705b0ae57418e68578aec2f)
    #1 0x7ff5c59b6da2  (/usr/lib/llvm-20/lib/libLLVM.so.20.1+0x1a9ada2) (BuildId: b856c61f98abf0989f157f153740fe0fadfbb760)
    #2 0x7ff5c6f3b008  (/usr/lib/llvm-20/lib/libLLVM.so.20.1+0x301f008) (BuildId: b856c61f98abf0989f157f153740fe0fadfbb760)
    #3 0x7ff5c6f3af97  (/usr/lib/llvm-20/lib/libLLVM.so.20.1+0x301ef97) (BuildId: b856c61f98abf0989f157f153740fe0fadfbb760)
    #4 0x7ff5c6f3998b  (/usr/lib/llvm-20/lib/libLLVM.so.20.1+0x301d98b) (BuildId: b856c61f98abf0989f157f153740fe0fadfbb760)
    #5 0x7ff5c6f398a6  (/usr/lib/llvm-20/lib/libLLVM.so.20.1+0x301d8a6) (BuildId: b856c61f98abf0989f157f153740fe0fadfbb760)
    #6 0x7ff5c6f3aa71  (/usr/lib/llvm-20/lib/libLLVM.so.20.1+0x301ea71) (BuildId: b856c61f98abf0989f157f153740fe0fadfbb760)
    #7 0x7ff5c7b29d5b  (/usr/lib/llvm-20/lib/libLLVM.so.20.1+0x3c0dd5b) (BuildId: b856c61f98abf0989f157f153740fe0fadfbb760)
    #8 0x7ff5c7b6091a  (/usr/lib/llvm-20/lib/libLLVM.so.20.1+0x3c4491a) (BuildId: b856c61f98abf0989f157f153740fe0fadfbb760)
    #9 0x7ff5c7b6188a  (/usr/lib/llvm-20/lib/libLLVM.so.20.1+0x3c4588a) (BuildId: b856c61f98abf0989f157f153740fe0fadfbb760)
    #10 0x7ff5c7b62a6c  (/usr/lib/llvm-20/lib/libLLVM.so.20.1+0x3c46a6c) (BuildId: b856c61f98abf0989f157f153740fe0fadfbb760)
    #11 0x55ca91648523 in llvm::Target::createTargetMachine(llvm::StringRef, llvm::StringRef, llvm::StringRef, llvm::TargetOptions const&, std::optional<llvm::Reloc::Model>, std::optional<llvm::CodeModel::Model>, llvm::CodeGenOptLevel, bool) const /usr/lib/llvm-20/include/llvm/MC/TargetRegistry.h:462:12
    #12 0x55ca9163a09e in tsc::TargetRegistry::initializeAllTargets() /workspace/src/TargetRegistry.cpp:67:41
    #13 0x55ca9162bdcd in tsc::Compiler::initializeLLVM() /workspace/src/Compiler.cpp:349:14
    #14 0x55ca9162b8b7 in tsc::Compiler::Compiler(tsc::CompilerOptions const&) /workspace/src/Compiler.cpp:24:5
    #15 0x55ca915fd7b5 in main /workspace/src/main.cpp:191:18
    #16 0x7ff5c395a337  (/lib/x86_64-linux-gnu/libc.so.6+0x2a337) (BuildId: 467f544f15035abef911999cbc14489edd0555ab)
    #17 0x7ff5c395a3fa in __libc_start_main (/lib/x86_64-linux-gnu/libc.so.6+0x2a3fa) (BuildId: 467f544f15035abef911999cbc14489edd0555ab)
    #18 0x55ca91511b64 in _start (/workspace/build-asan/tsc+0x74b64) (BuildId: 73a10d7cc646a755f705b0ae57418e68578aec2f)

Indirect leak of 112 byte(s) in 2 object(s) allocated from:
    #0 0x55ca915fa191 in operator new(unsigned long) (/workspace/build-asan/tsc+0x15d191) (BuildId: 73a10d7cc646a755f705b0ae57418e68578aec2f)
    #1 0x7ff5c59b6da2  (/usr/lib/llvm-20/lib/libLLVM.so.20.1+0x1a9ada2) (BuildId: b856c61f98abf0989f157f153740fe0fadfbb760)
    #2 0x7ff5c6f3b039  (/usr/lib/llvm-20/lib/libLLVM.so.20.1+0x301f039) (BuildId: b856c61f98abf0989f157f153740fe0fadfbb760)
    #3 0x7ff5c6f3af97  (/usr/lib/llvm-20/lib/libLLVM.so.20.1+0x301ef97) (BuildId: b856c61f98abf0989f157f153740fe0fadfbb760)
    #4 0x7ff5c6f3998b  (/usr/lib/llvm-20/lib/libLLVM.so.20.1+0x301d98b) (BuildId: b856c61f98abf0989f157f153740fe0fadfbb760)
    #5 0x7ff5c6f398a6  (/usr/lib/llvm-20/lib/libLLVM.so.20.1+0x301d8a6) (BuildId: b856c61f98abf0989f157f153740fe0fadfbb760)
    #6 0x7ff5c6f3aa71  (/usr/lib/llvm-20/lib/libLLVM.so.20.1+0x301ea71) (BuildId: b856c61f98abf0989f157f153740fe0fadfbb760)
    #7 0x7ff5c7b29d0f  (/usr/lib/llvm-20/lib/libLLVM.so.20.1+0x3c0dd0f) (BuildId: b856c61f98abf0989f157f153740fe0fadfbb760)
    #8 0x7ff5c7b6091a  (/usr/lib/llvm-20/lib/libLLVM.so.20.1+0x3c4491a) (BuildId: b856c61f98abf0989f157f153740fe0fadfbb760)
    #9 0x7ff5c7b6188a  (/usr/lib/llvm-20/lib/libLLVM.so.20.1+0x3c4588a) (BuildId: b856c61f98abf0989f157f153740fe0fadfbb760)
    #10 0x7ff5c7b62a6c  (/usr/lib/llvm-20/lib/libLLVM.so.20.1+0x3c46a6c) (BuildId: b856c61f98abf0989f157f153740fe0fadfbb760)
    #11 0x55ca91648523 in llvm::Target::createTargetMachine(llvm::StringRef, llvm::StringRef, llvm::StringRef, llvm::TargetOptions const&, std::optional<llvm::Reloc::Model>, std::optional<llvm::CodeModel::Model>, llvm::CodeGenOptLevel, bool) const /usr/lib/llvm-20/include/llvm/MC/TargetRegistry.h:462:12
    #12 0x55ca9163a09e in tsc::TargetRegistry::initializeAllTargets() /workspace/src/TargetRegistry.cpp:67:41
    #13 0x55ca9162bdcd in tsc::Compiler::initializeLLVM() /workspace/src/Compiler.cpp:349:14
    #14 0x55ca9162b8b7 in tsc::Compiler::Compiler(tsc::CompilerOptions const&) /workspace/src/Compiler.cpp:24:5
    #15 0x55ca915fd7b5 in main /workspace/src/main.cpp:191:18
    #16 0x7ff5c395a337  (/lib/x86_64-linux-gnu/libc.so.6+0x2a337) (BuildId: 467f544f15035abef911999cbc14489edd0555ab)
    #17 0x7ff5c395a3fa in __libc_start_main (/lib/x86_64-linux-gnu/libc.so.6+0x2a3fa) (BuildId: 467f544f15035abef911999cbc14489edd0555ab)
    #18 0x55ca91511b64 in _start (/workspace/build-asan/tsc+0x74b64) (BuildId: 73a10d7cc646a755f705b0ae57418e68578aec2f)

Indirect leak of 112 byte(s) in 2 object(s) allocated from:
    #0 0x55ca915fa191 in operator new(unsigned long) (/workspace/build-asan/tsc+0x15d191) (BuildId: 73a10d7cc646a755f705b0ae57418e68578aec2f)
    #1 0x7ff5c59b6da2  (/usr/lib/llvm-20/lib/libLLVM.so.20.1+0x1a9ada2) (BuildId: b856c61f98abf0989f157f153740fe0fadfbb760)
    #2 0x7ff5c6f3b008  (/usr/lib/llvm-20/lib/libLLVM.so.20.1+0x301f008) (BuildId: b856c61f98abf0989f157f153740fe0fadfbb760)
    #3 0x7ff5c6f3af97  (/usr/lib/llvm-20/lib/libLLVM.so.20.1+0x301ef97) (BuildId: b856c61f98abf0989f157f153740fe0fadfbb760)
    #4 0x7ff5c6f3998b  (/usr/lib/llvm-20/lib/libLLVM.so.20.1+0x301d98b) (BuildId: b856c61f98abf0989f157f153740fe0fadfbb760)
    #5 0x7ff5c6f398a6  (/usr/lib/llvm-20/lib/libLLVM.so.20.1+0x301d8a6) (BuildId: b856c61f98abf0989f157f153740fe0fadfbb760)
    #6 0x7ff5c6f3aa71  (/usr/lib/llvm-20/lib/libLLVM.so.20.1+0x301ea71) (BuildId: b856c61f98abf0989f157f153740fe0fadfbb760)
    #7 0x7ff5c7b29d0f  (/usr/lib/llvm-20/lib/libLLVM.so.20.1+0x3c0dd0f) (BuildId: b856c61f98abf0989f157f153740fe0fadfbb760)
    #8 0x7ff5c7b6091a  (/usr/lib/llvm-20/lib/libLLVM.so.20.1+0x3c4491a) (BuildId: b856c61f98abf0989f157f153740fe0fadfbb760)
    #9 0x7ff5c7b6188a  (/usr/lib/llvm-20/lib/libLLVM.so.20.1+0x3c4588a) (BuildId: b856c61f98abf0989f157f153740fe0fadfbb760)
    #10 0x7ff5c7b62a6c  (/usr/lib/llvm-20/lib/libLLVM.so.20.1+0x3c46a6c) (BuildId: b856c61f98abf0989f157f153740fe0fadfbb760)
    #11 0x55ca91648523 in llvm::Target::createTargetMachine(llvm::StringRef, llvm::StringRef, llvm::StringRef, llvm::TargetOptions const&, std::optional<llvm::Reloc::Model>, std::optional<llvm::CodeModel::Model>, llvm::CodeGenOptLevel, bool) const /usr/lib/llvm-20/include/llvm/MC/TargetRegistry.h:462:12
    #12 0x55ca9163a09e in tsc::TargetRegistry::initializeAllTargets() /workspace/src/TargetRegistry.cpp:67:41
    #13 0x55ca9162bdcd in tsc::Compiler::initializeLLVM() /workspace/src/Compiler.cpp:349:14
    #14 0x55ca9162b8b7 in tsc::Compiler::Compiler(tsc::CompilerOptions const&) /workspace/src/Compiler.cpp:24:5
    #15 0x55ca915fd7b5 in main /workspace/src/main.cpp:191:18
    #16 0x7ff5c395a337  (/lib/x86_64-linux-gnu/libc.so.6+0x2a337) (BuildId: 467f544f15035abef911999cbc14489edd0555ab)
    #17 0x7ff5c395a3fa in __libc_start_main (/lib/x86_64-linux-gnu/libc.so.6+0x2a3fa) (BuildId: 467f544f15035abef911999cbc14489edd0555ab)
    #18 0x55ca91511b64 in _start (/workspace/build-asan/tsc+0x74b64) (BuildId: 73a10d7cc646a755f705b0ae57418e68578aec2f)

Indirect leak of 112 byte(s) in 2 object(s) allocated from:
    #0 0x55ca915fa191 in operator new(unsigned long) (/workspace/build-asan/tsc+0x15d191) (BuildId: 73a10d7cc646a755f705b0ae57418e68578aec2f)
    #1 0x7ff5c59b6da2  (/usr/lib/llvm-20/lib/libLLVM.so.20.1+0x1a9ada2) (BuildId: b856c61f98abf0989f157f153740fe0fadfbb760)
    #2 0x7ff5c6f3b039  (/usr/lib/llvm-20/lib/libLLVM.so.20.1+0x301f039) (BuildId: b856c61f98abf0989f157f153740fe0fadfbb760)
    #3 0x7ff5c6f3af97  (/usr/lib/llvm-20/lib/libLLVM.so.20.1+0x301ef97) (BuildId: b856c61f98abf0989f157f153740fe0fadfbb760)
    #4 0x7ff5c6f3998b  (/usr/lib/llvm-20/lib/libLLVM.so.20.1+0x301d98b) (BuildId: b856c61f98abf0989f157f153740fe0fadfbb760)
    #5 0x7ff5c6f398a6  (/usr/lib/llvm-20/lib/libLLVM.so.20.1+0x301d8a6) (BuildId: b856c61f98abf0989f157f153740fe0fadfbb760)
    #6 0x7ff5c6f3aa71  (/usr/lib/llvm-20/lib/libLLVM.so.20.1+0x301ea71) (BuildId: b856c61f98abf0989f157f153740fe0fadfbb760)
    #7 0x7ff5c7b29cdd  (/usr/lib/llvm-20/lib/libLLVM.so.20.1+0x3c0dcdd) (BuildId: b856c61f98abf0989f157f153740fe0fadfbb760)
    #8 0x7ff5c7b6091a  (/usr/lib/llvm-20/lib/libLLVM.so.20.1+0x3c4491a) (BuildId: b856c61f98abf0989f157f153740fe0fadfbb760)
    #9 0x7ff5c7b6188a  (/usr/lib/llvm-20/lib/libLLVM.so.20.1+0x3c4588a) (BuildId: b856c61f98abf0989f157f153740fe0fadfbb760)
    #10 0x7ff5c7b62a6c  (/usr/lib/llvm-20/lib/libLLVM.so.20.1+0x3c46a6c) (BuildId: b856c61f98abf0989f157f153740fe0fadfbb760)
    #11 0x55ca91648523 in llvm::Target::createTargetMachine(llvm::StringRef, llvm::StringRef, llvm::StringRef, llvm::TargetOptions const&, std::optional<llvm::Reloc::Model>, std::optional<llvm::CodeModel::Model>, llvm::CodeGenOptLevel, bool) const /usr/lib/llvm-20/include/llvm/MC/TargetRegistry.h:462:12
    #12 0x55ca9163a09e in tsc::TargetRegistry::initializeAllTargets() /workspace/src/TargetRegistry.cpp:67:41
    #13 0x55ca9162bdcd in tsc::Compiler::initializeLLVM() /workspace/src/Compiler.cpp:349:14
    #14 0x55ca9162b8b7 in tsc::Compiler::Compiler(tsc::CompilerOptions const&) /workspace/src/Compiler.cpp:24:5
    #15 0x55ca915fd7b5 in main /workspace/src/main.cpp:191:18
    #16 0x7ff5c395a337  (/lib/x86_64-linux-gnu/libc.so.6+0x2a337) (BuildId: 467f544f15035abef911999cbc14489edd0555ab)
    #17 0x7ff5c395a3fa in __libc_start_main (/lib/x86_64-linux-gnu/libc.so.6+0x2a3fa) (BuildId: 467f544f15035abef911999cbc14489edd0555ab)
    #18 0x55ca91511b64 in _start (/workspace/build-asan/tsc+0x74b64) (BuildId: 73a10d7cc646a755f705b0ae57418e68578aec2f)

Indirect leak of 112 byte(s) in 2 object(s) allocated from:
    #0 0x55ca915fa191 in operator new(unsigned long) (/workspace/build-asan/tsc+0x15d191) (BuildId: 73a10d7cc646a755f705b0ae57418e68578aec2f)
    #1 0x7ff5c59b6da2  (/usr/lib/llvm-20/lib/libLLVM.so.20.1+0x1a9ada2) (BuildId: b856c61f98abf0989f157f153740fe0fadfbb760)
    #2 0x7ff5c6f3b008  (/usr/lib/llvm-20/lib/libLLVM.so.20.1+0x301f008) (BuildId: b856c61f98abf0989f157f153740fe0fadfbb760)
    #3 0x7ff5c6f3af97  (/usr/lib/llvm-20/lib/libLLVM.so.20.1+0x301ef97) (BuildId: b856c61f98abf0989f157f153740fe0fadfbb760)
    #4 0x7ff5c6f3998b  (/usr/lib/llvm-20/lib/libLLVM.so.20.1+0x301d98b) (BuildId: b856c61f98abf0989f157f153740fe0fadfbb760)
    #5 0x7ff5c6f398a6  (/usr/lib/llvm-20/lib/libLLVM.so.20.1+0x301d8a6) (BuildId: b856c61f98abf0989f157f153740fe0fadfbb760)
    #6 0x7ff5c6f3aa71  (/usr/lib/llvm-20/lib/libLLVM.so.20.1+0x301ea71) (BuildId: b856c61f98abf0989f157f153740fe0fadfbb760)
    #7 0x7ff5c7b29cdd  (/usr/lib/llvm-20/lib/libLLVM.so.20.1+0x3c0dcdd) (BuildId: b856c61f98abf0989f157f153740fe0fadfbb760)
    #8 0x7ff5c7b6091a  (/usr/lib/llvm-20/lib/libLLVM.so.20.1+0x3c4491a) (BuildId: b856c61f98abf0989f157f153740fe0fadfbb760)
    #9 0x7ff5c7b6188a  (/usr/lib/llvm-20/lib/libLLVM.so.20.1+0x3c4588a) (BuildId: b856c61f98abf0989f157f153740fe0fadfbb760)
    #10 0x7ff5c7b62a6c  (/usr/lib/llvm-20/lib/libLLVM.so.20.1+0x3c46a6c) (BuildId: b856c61f98abf0989f157f153740fe0fadfbb760)
    #11 0x55ca91648523 in llvm::Target::createTargetMachine(llvm::StringRef, llvm::StringRef, llvm::StringRef, llvm::TargetOptions const&, std::optional<llvm::Reloc::Model>, std::optional<llvm::CodeModel::Model>, llvm::CodeGenOptLevel, bool) const /usr/lib/llvm-20/include/llvm/MC/TargetRegistry.h:462:12
    #12 0x55ca9163a09e in tsc::TargetRegistry::initializeAllTargets() /workspace/src/TargetRegistry.cpp:67:41
    #13 0x55ca9162bdcd in tsc::Compiler::initializeLLVM() /workspace/src/Compiler.cpp:349:14
    #14 0x55ca9162b8b7 in tsc::Compiler::Compiler(tsc::CompilerOptions const&) /workspace/src/Compiler.cpp:24:5
    #15 0x55ca915fd7b5 in main /workspace/src/main.cpp:191:18
    #16 0x7ff5c395a337  (/lib/x86_64-linux-gnu/libc.so.6+0x2a337) (BuildId: 467f544f15035abef911999cbc14489edd0555ab)
    #17 0x7ff5c395a3fa in __libc_start_main (/lib/x86_64-linux-gnu/libc.so.6+0x2a3fa) (BuildId: 467f544f15035abef911999cbc14489edd0555ab)
    #18 0x55ca91511b64 in _start (/workspace/build-asan/tsc+0x74b64) (BuildId: 73a10d7cc646a755f705b0ae57418e68578aec2f)

Indirect leak of 112 byte(s) in 2 object(s) allocated from:
    #0 0x55ca915fa191 in operator new(unsigned long) (/workspace/build-asan/tsc+0x15d191) (BuildId: 73a10d7cc646a755f705b0ae57418e68578aec2f)
    #1 0x7ff5c59b6da2  (/usr/lib/llvm-20/lib/libLLVM.so.20.1+0x1a9ada2) (BuildId: b856c61f98abf0989f157f153740fe0fadfbb760)
    #2 0x7ff5c6f3b039  (/usr/lib/llvm-20/lib/libLLVM.so.20.1+0x301f039) (BuildId: b856c61f98abf0989f157f153740fe0fadfbb760)
    #3 0x7ff5c6f3af97  (/usr/lib/llvm-20/lib/libLLVM.so.20.1+0x301ef97) (BuildId: b856c61f98abf0989f157f153740fe0fadfbb760)
    #4 0x7ff5c6f3998b  (/usr/lib/llvm-20/lib/libLLVM.so.20.1+0x301d98b) (BuildId: b856c61f98abf0989f157f153740fe0fadfbb760)
    #5 0x7ff5c6f398a6  (/usr/lib/llvm-20/lib/libLLVM.so.20.1+0x301d8a6) (BuildId: b856c61f98abf0989f157f153740fe0fadfbb760)
    #6 0x7ff5c6f3aa71  (/usr/lib/llvm-20/lib/libLLVM.so.20.1+0x301ea71) (BuildId: b856c61f98abf0989f157f153740fe0fadfbb760)
    #7 0x7ff5c7b29c8e  (/usr/lib/llvm-20/lib/libLLVM.so.20.1+0x3c0dc8e) (BuildId: b856c61f98abf0989f157f153740fe0fadfbb760)
    #8 0x7ff5c7b6091a  (/usr/lib/llvm-20/lib/libLLVM.so.20.1+0x3c4491a) (BuildId: b856c61f98abf0989f157f153740fe0fadfbb760)
    #9 0x7ff5c7b6188a  (/usr/lib/llvm-20/lib/libLLVM.so.20.1+0x3c4588a) (BuildId: b856c61f98abf0989f157f153740fe0fadfbb760)
    #10 0x7ff5c7b62a6c  (/usr/lib/llvm-20/lib/libLLVM.so.20.1+0x3c46a6c) (BuildId: b856c61f98abf0989f157f153740fe0fadfbb760)
    #11 0x55ca91648523 in llvm::Target::createTargetMachine(llvm::StringRef, llvm::StringRef, llvm::StringRef, llvm::TargetOptions const&, std::optional<llvm::Reloc::Model>, std::optional<llvm::CodeModel::Model>, llvm::CodeGenOptLevel, bool) const /usr/lib/llvm-20/include/llvm/MC/TargetRegistry.h:462:12
    #12 0x55ca9163a09e in tsc::TargetRegistry::initializeAllTargets() /workspace/src/TargetRegistry.cpp:67:41
    #13 0x55ca9162bdcd in tsc::Compiler::initializeLLVM() /workspace/src/Compiler.cpp:349:14
    #14 0x55ca9162b8b7 in tsc::Compiler::Compiler(tsc::CompilerOptions const&) /workspace/src/Compiler.cpp:24:5
    #15 0x55ca915fd7b5 in main /workspace/src/main.cpp:191:18
    #16 0x7ff5c395a337  (/lib/x86_64-linux-gnu/libc.so.6+0x2a337) (BuildId: 467f544f15035abef911999cbc14489edd0555ab)
    #17 0x7ff5c395a3fa in __libc_start_main (/lib/x86_64-linux-gnu/libc.so.6+0x2a3fa) (BuildId: 467f544f15035abef911999cbc14489edd0555ab)
    #18 0x55ca91511b64 in _start (/workspace/build-asan/tsc+0x74b64) (BuildId: 73a10d7cc646a755f705b0ae57418e68578aec2f)

Indirect leak of 112 byte(s) in 2 object(s) allocated from:
    #0 0x55ca915fa191 in operator new(unsigned long) (/workspace/build-asan/tsc+0x15d191) (BuildId: 73a10d7cc646a755f705b0ae57418e68578aec2f)
    #1 0x7ff5c59b6da2  (/usr/lib/llvm-20/lib/libLLVM.so.20.1+0x1a9ada2) (BuildId: b856c61f98abf0989f157f153740fe0fadfbb760)
    #2 0x7ff5c6f3b008  (/usr/lib/llvm-20/lib/libLLVM.so.20.1+0x301f008) (BuildId: b856c61f98abf0989f157f153740fe0fadfbb760)
    #3 0x7ff5c6f3af97  (/usr/lib/llvm-20/lib/libLLVM.so.20.1+0x301ef97) (BuildId: b856c61f98abf0989f157f153740fe0fadfbb760)
    #4 0x7ff5c6f3998b  (/usr/lib/llvm-20/lib/libLLVM.so.20.1+0x301d98b) (BuildId: b856c61f98abf0989f157f153740fe0fadfbb760)
    #5 0x7ff5c6f398a6  (/usr/lib/llvm-20/lib/libLLVM.so.20.1+0x301d8a6) (BuildId: b856c61f98abf0989f157f153740fe0fadfbb760)
    #6 0x7ff5c6f3aa71  (/usr/lib/llvm-20/lib/libLLVM.so.20.1+0x301ea71) (BuildId: b856c61f98abf0989f157f153740fe0fadfbb760)
    #7 0x7ff5c7b29c8e  (/usr/lib/llvm-20/lib/libLLVM.so.20.1+0x3c0dc8e) (BuildId: b856c61f98abf0989f157f153740fe0fadfbb760)
    #8 0x7ff5c7b6091a  (/usr/lib/llvm-20/lib/libLLVM.so.20.1+0x3c4491a) (BuildId: b856c61f98abf0989f157f153740fe0fadfbb760)
    #9 0x7ff5c7b6188a  (/usr/lib/llvm-20/lib/libLLVM.so.20.1+0x3c4588a) (BuildId: b856c61f98abf0989f157f153740fe0fadfbb760)
    #10 0x7ff5c7b62a6c  (/usr/lib/llvm-20/lib/libLLVM.so.20.1+0x3c46a6c) (BuildId: b856c61f98abf0989f157f153740fe0fadfbb760)
    #11 0x55ca91648523 in llvm::Target::createTargetMachine(llvm::StringRef, llvm::StringRef, llvm::StringRef, llvm::TargetOptions const&, std::optional<llvm::Reloc::Model>, std::optional<llvm::CodeModel::Model>, llvm::CodeGenOptLevel, bool) const /usr/lib/llvm-20/include/llvm/MC/TargetRegistry.h:462:12
    #12 0x55ca9163a09e in tsc::TargetRegistry::initializeAllTargets() /workspace/src/TargetRegistry.cpp:67:41
    #13 0x55ca9162bdcd in tsc::Compiler::initializeLLVM() /workspace/src/Compiler.cpp:349:14
    #14 0x55ca9162b8b7 in tsc::Compiler::Compiler(tsc::CompilerOptions const&) /workspace/src/Compiler.cpp:24:5
    #15 0x55ca915fd7b5 in main /workspace/src/main.cpp:191:18
    #16 0x7ff5c395a337  (/lib/x86_64-linux-gnu/libc.so.6+0x2a337) (BuildId: 467f544f15035abef911999cbc14489edd0555ab)
    #17 0x7ff5c395a3fa in __libc_start_main (/lib/x86_64-linux-gnu/libc.so.6+0x2a3fa) (BuildId: 467f544f15035abef911999cbc14489edd0555ab)
    #18 0x55ca91511b64 in _start (/workspace/build-asan/tsc+0x74b64) (BuildId: 73a10d7cc646a755f705b0ae57418e68578aec2f)

Indirect leak of 112 byte(s) in 2 object(s) allocated from:
    #0 0x55ca915fa191 in operator new(unsigned long) (/workspace/build-asan/tsc+0x15d191) (BuildId: 73a10d7cc646a755f705b0ae57418e68578aec2f)
    #1 0x7ff5c59b6da2  (/usr/lib/llvm-20/lib/libLLVM.so.20.1+0x1a9ada2) (BuildId: b856c61f98abf0989f157f153740fe0fadfbb760)
    #2 0x7ff5c6f3b039  (/usr/lib/llvm-20/lib/libLLVM.so.20.1+0x301f039) (BuildId: b856c61f98abf0989f157f153740fe0fadfbb760)
    #3 0x7ff5c6f3af97  (/usr/lib/llvm-20/lib/libLLVM.so.20.1+0x301ef97) (BuildId: b856c61f98abf0989f157f153740fe0fadfbb760)
    #4 0x7ff5c6f3998b  (/usr/lib/llvm-20/lib/libLLVM.so.20.1+0x301d98b) (BuildId: b856c61f98abf0989f157f153740fe0fadfbb760)
    #5 0x7ff5c6f398a6  (/usr/lib/llvm-20/lib/libLLVM.so.20.1+0x301d8a6) (BuildId: b856c61f98abf0989f157f153740fe0fadfbb760)
    #6 0x7ff5c6f3aa71  (/usr/lib/llvm-20/lib/libLLVM.so.20.1+0x301ea71) (BuildId: b856c61f98abf0989f157f153740fe0fadfbb760)
    #7 0x7ff5c7b29c5c  (/usr/lib/llvm-20/lib/libLLVM.so.20.1+0x3c0dc5c) (BuildId: b856c61f98abf0989f157f153740fe0fadfbb760)
    #8 0x7ff5c7b6091a  (/usr/lib/llvm-20/lib/libLLVM.so.20.1+0x3c4491a) (BuildId: b856c61f98abf0989f157f153740fe0fadfbb760)
    #9 0x7ff5c7b6188a  (/usr/lib/llvm-20/lib/libLLVM.so.20.1+0x3c4588a) (BuildId: b856c61f98abf0989f157f153740fe0fadfbb760)
    #10 0x7ff5c7b62a6c  (/usr/lib/llvm-20/lib/libLLVM.so.20.1+0x3c46a6c) (BuildId: b856c61f98abf0989f157f153740fe0fadfbb760)
    #11 0x55ca91648523 in llvm::Target::createTargetMachine(llvm::StringRef, llvm::StringRef, llvm::StringRef, llvm::TargetOptions const&, std::optional<llvm::Reloc::Model>, std::optional<llvm::CodeModel::Model>, llvm::CodeGenOptLevel, bool) const /usr/lib/llvm-20/include/llvm/MC/TargetRegistry.h:462:12
    #12 0x55ca9163a09e in tsc::TargetRegistry::initializeAllTargets() /workspace/src/TargetRegistry.cpp:67:41
    #13 0x55ca9162bdcd in tsc::Compiler::initializeLLVM() /workspace/src/Compiler.cpp:349:14
    #14 0x55ca9162b8b7 in tsc::Compiler::Compiler(tsc::CompilerOptions const&) /workspace/src/Compiler.cpp:24:5
    #15 0x55ca915fd7b5 in main /workspace/src/main.cpp:191:18
    #16 0x7ff5c395a337  (/lib/x86_64-linux-gnu/libc.so.6+0x2a337) (BuildId: 467f544f15035abef911999cbc14489edd0555ab)
    #17 0x7ff5c395a3fa in __libc_start_main (/lib/x86_64-linux-gnu/libc.so.6+0x2a3fa) (BuildId: 467f544f15035abef911999cbc14489edd0555ab)
    #18 0x55ca91511b64 in _start (/workspace/build-asan/tsc+0x74b64) (BuildId: 73a10d7cc646a755f705b0ae57418e68578aec2f)

Indirect leak of 112 byte(s) in 2 object(s) allocated from:
    #0 0x55ca915fa191 in operator new(unsigned long) (/workspace/build-asan/tsc+0x15d191) (BuildId: 73a10d7cc646a755f705b0ae57418e68578aec2f)
    #1 0x7ff5c59b6da2  (/usr/lib/llvm-20/lib/libLLVM.so.20.1+0x1a9ada2) (BuildId: b856c61f98abf0989f157f153740fe0fadfbb760)
    #2 0x7ff5c6f3b008  (/usr/lib/llvm-20/lib/libLLVM.so.20.1+0x301f008) (BuildId: b856c61f98abf0989f157f153740fe0fadfbb760)
    #3 0x7ff5c6f3af97  (/usr/lib/llvm-20/lib/libLLVM.so.20.1+0x301ef97) (BuildId: b856c61f98abf0989f157f153740fe0fadfbb760)
    #4 0x7ff5c6f3998b  (/usr/lib/llvm-20/lib/libLLVM.so.20.1+0x301d98b) (BuildId: b856c61f98abf0989f157f153740fe0fadfbb760)
    #5 0x7ff5c6f398a6  (/usr/lib/llvm-20/lib/libLLVM.so.20.1+0x301d8a6) (BuildId: b856c61f98abf0989f157f153740fe0fadfbb760)
    #6 0x7ff5c6f3aa71  (/usr/lib/llvm-20/lib/libLLVM.so.20.1+0x301ea71) (BuildId: b856c61f98abf0989f157f153740fe0fadfbb760)
    #7 0x7ff5c7b29c5c  (/usr/lib/llvm-20/lib/libLLVM.so.20.1+0x3c0dc5c) (BuildId: b856c61f98abf0989f157f153740fe0fadfbb760)
    #8 0x7ff5c7b6091a  (/usr/lib/llvm-20/lib/libLLVM.so.20.1+0x3c4491a) (BuildId: b856c61f98abf0989f157f153740fe0fadfbb760)
    #9 0x7ff5c7b6188a  (/usr/lib/llvm-20/lib/libLLVM.so.20.1+0x3c4588a) (BuildId: b856c61f98abf0989f157f153740fe0fadfbb760)
    #10 0x7ff5c7b62a6c  (/usr/lib/llvm-20/lib/libLLVM.so.20.1+0x3c46a6c) (BuildId: b856c61f98abf0989f157f153740fe0fadfbb760)
    #11 0x55ca91648523 in llvm::Target::createTargetMachine(llvm::StringRef, llvm::StringRef, llvm::StringRef, llvm::TargetOptions const&, std::optional<llvm::Reloc::Model>, std::optional<llvm::CodeModel::Model>, llvm::CodeGenOptLevel, bool) const /usr/lib/llvm-20/include/llvm/MC/TargetRegistry.h:462:12
    #12 0x55ca9163a09e in tsc::TargetRegistry::initializeAllTargets() /workspace/src/TargetRegistry.cpp:67:41
    #13 0x55ca9162bdcd in tsc::Compiler::initializeLLVM() /workspace/src/Compiler.cpp:349:14
    #14 0x55ca9162b8b7 in tsc::Compiler::Compiler(tsc::CompilerOptions const&) /workspace/src/Compiler.cpp:24:5
    #15 0x55ca915fd7b5 in main /workspace/src/main.cpp:191:18
    #16 0x7ff5c395a337  (/lib/x86_64-linux-gnu/libc.so.6+0x2a337) (BuildId: 467f544f15035abef911999cbc14489edd0555ab)
    #17 0x7ff5c395a3fa in __libc_start_main (/lib/x86_64-linux-gnu/libc.so.6+0x2a3fa) (BuildId: 467f544f15035abef911999cbc14489edd0555ab)
    #18 0x55ca91511b64 in _start (/workspace/build-asan/tsc+0x74b64) (BuildId: 73a10d7cc646a755f705b0ae57418e68578aec2f)

Indirect leak of 112 byte(s) in 2 object(s) allocated from:
    #0 0x55ca915fa191 in operator new(unsigned long) (/workspace/build-asan/tsc+0x15d191) (BuildId: 73a10d7cc646a755f705b0ae57418e68578aec2f)
    #1 0x7ff5c59b6da2  (/usr/lib/llvm-20/lib/libLLVM.so.20.1+0x1a9ada2) (BuildId: b856c61f98abf0989f157f153740fe0fadfbb760)
    #2 0x7ff5c6f3998b  (/usr/lib/llvm-20/lib/libLLVM.so.20.1+0x301d98b) (BuildId: b856c61f98abf0989f157f153740fe0fadfbb760)
    #3 0x7ff5c6f398a6  (/usr/lib/llvm-20/lib/libLLVM.so.20.1+0x301d8a6) (BuildId: b856c61f98abf0989f157f153740fe0fadfbb760)
    #4 0x7ff5c7b29b2c  (/usr/lib/llvm-20/lib/libLLVM.so.20.1+0x3c0db2c) (BuildId: b856c61f98abf0989f157f153740fe0fadfbb760)
    #5 0x7ff5c7b6091a  (/usr/lib/llvm-20/lib/libLLVM.so.20.1+0x3c4491a) (BuildId: b856c61f98abf0989f157f153740fe0fadfbb760)
    #6 0x7ff5c7b6188a  (/usr/lib/llvm-20/lib/libLLVM.so.20.1+0x3c4588a) (BuildId: b856c61f98abf0989f157f153740fe0fadfbb760)
    #7 0x7ff5c7b62a6c  (/usr/lib/llvm-20/lib/libLLVM.so.20.1+0x3c46a6c) (BuildId: b856c61f98abf0989f157f153740fe0fadfbb760)
    #8 0x55ca91648523 in llvm::Target::createTargetMachine(llvm::StringRef, llvm::StringRef, llvm::StringRef, llvm::TargetOptions const&, std::optional<llvm::Reloc::Model>, std::optional<llvm::CodeModel::Model>, llvm::CodeGenOptLevel, bool) const /usr/lib/llvm-20/include/llvm/MC/TargetRegistry.h:462:12
    #9 0x55ca9163a09e in tsc::TargetRegistry::initializeAllTargets() /workspace/src/TargetRegistry.cpp:67:41
    #10 0x55ca9162bdcd in tsc::Compiler::initializeLLVM() /workspace/src/Compiler.cpp:349:14
    #11 0x55ca9162b8b7 in tsc::Compiler::Compiler(tsc::CompilerOptions const&) /workspace/src/Compiler.cpp:24:5
    #12 0x55ca915fd7b5 in main /workspace/src/main.cpp:191:18
    #13 0x7ff5c395a337  (/lib/x86_64-linux-gnu/libc.so.6+0x2a337) (BuildId: 467f544f15035abef911999cbc14489edd0555ab)
    #14 0x7ff5c395a3fa in __libc_start_main (/lib/x86_64-linux-gnu/libc.so.6+0x2a3fa) (BuildId: 467f544f15035abef911999cbc14489edd0555ab)
    #15 0x55ca91511b64 in _start (/workspace/build-asan/tsc+0x74b64) (BuildId: 73a10d7cc646a755f705b0ae57418e68578aec2f)

Indirect leak of 112 byte(s) in 2 object(s) allocated from:
    #0 0x55ca915fa191 in operator new(unsigned long) (/workspace/build-asan/tsc+0x15d191) (BuildId: 73a10d7cc646a755f705b0ae57418e68578aec2f)
    #1 0x7ff5c7b2bb3b  (/usr/lib/llvm-20/lib/libLLVM.so.20.1+0x3c0fb3b) (BuildId: b856c61f98abf0989f157f153740fe0fadfbb760)
    #2 0x7ff5c6f3998b  (/usr/lib/llvm-20/lib/libLLVM.so.20.1+0x301d98b) (BuildId: b856c61f98abf0989f157f153740fe0fadfbb760)
    #3 0x7ff5c6f398a6  (/usr/lib/llvm-20/lib/libLLVM.so.20.1+0x301d8a6) (BuildId: b856c61f98abf0989f157f153740fe0fadfbb760)
    #4 0x7ff5c7b29a27  (/usr/lib/llvm-20/lib/libLLVM.so.20.1+0x3c0da27) (BuildId: b856c61f98abf0989f157f153740fe0fadfbb760)
    #5 0x7ff5c7b6091a  (/usr/lib/llvm-20/lib/libLLVM.so.20.1+0x3c4491a) (BuildId: b856c61f98abf0989f157f153740fe0fadfbb760)
    #6 0x7ff5c7b6188a  (/usr/lib/llvm-20/lib/libLLVM.so.20.1+0x3c4588a) (BuildId: b856c61f98abf0989f157f153740fe0fadfbb760)
    #7 0x7ff5c7b62a6c  (/usr/lib/llvm-20/lib/libLLVM.so.20.1+0x3c46a6c) (BuildId: b856c61f98abf0989f157f153740fe0fadfbb760)
    #8 0x55ca91648523 in llvm::Target::createTargetMachine(llvm::StringRef, llvm::StringRef, llvm::StringRef, llvm::TargetOptions const&, std::optional<llvm::Reloc::Model>, std::optional<llvm::CodeModel::Model>, llvm::CodeGenOptLevel, bool) const /usr/lib/llvm-20/include/llvm/MC/TargetRegistry.h:462:12
    #9 0x55ca9163a09e in tsc::TargetRegistry::initializeAllTargets() /workspace/src/TargetRegistry.cpp:67:41
    #10 0x55ca9162bdcd in tsc::Compiler::initializeLLVM() /workspace/src/Compiler.cpp:349:14
    #11 0x55ca9162b8b7 in tsc::Compiler::Compiler(tsc::CompilerOptions const&) /workspace/src/Compiler.cpp:24:5
    #12 0x55ca915fd7b5 in main /workspace/src/main.cpp:191:18
    #13 0x7ff5c395a337  (/lib/x86_64-linux-gnu/libc.so.6+0x2a337) (BuildId: 467f544f15035abef911999cbc14489edd0555ab)
    #14 0x7ff5c395a3fa in __libc_start_main (/lib/x86_64-linux-gnu/libc.so.6+0x2a3fa) (BuildId: 467f544f15035abef911999cbc14489edd0555ab)
    #15 0x55ca91511b64 in _start (/workspace/build-asan/tsc+0x74b64) (BuildId: 73a10d7cc646a755f705b0ae57418e68578aec2f)

Indirect leak of 112 byte(s) in 2 object(s) allocated from:
    #0 0x55ca915fa191 in operator new(unsigned long) (/workspace/build-asan/tsc+0x15d191) (BuildId: 73a10d7cc646a755f705b0ae57418e68578aec2f)
    #1 0x7ff5c59b6da2  (/usr/lib/llvm-20/lib/libLLVM.so.20.1+0x1a9ada2) (BuildId: b856c61f98abf0989f157f153740fe0fadfbb760)
    #2 0x7ff5c6f3998b  (/usr/lib/llvm-20/lib/libLLVM.so.20.1+0x301d98b) (BuildId: b856c61f98abf0989f157f153740fe0fadfbb760)
    #3 0x7ff5c6f398a6  (/usr/lib/llvm-20/lib/libLLVM.so.20.1+0x301d8a6) (BuildId: b856c61f98abf0989f157f153740fe0fadfbb760)
    #4 0x7ff5c7b2991e  (/usr/lib/llvm-20/lib/libLLVM.so.20.1+0x3c0d91e) (BuildId: b856c61f98abf0989f157f153740fe0fadfbb760)
    #5 0x7ff5c7b6091a  (/usr/lib/llvm-20/lib/libLLVM.so.20.1+0x3c4491a) (BuildId: b856c61f98abf0989f157f153740fe0fadfbb760)
    #6 0x7ff5c7b6188a  (/usr/lib/llvm-20/lib/libLLVM.so.20.1+0x3c4588a) (BuildId: b856c61f98abf0989f157f153740fe0fadfbb760)
    #7 0x7ff5c7b62a6c  (/usr/lib/llvm-20/lib/libLLVM.so.20.1+0x3c46a6c) (BuildId: b856c61f98abf0989f157f153740fe0fadfbb760)
    #8 0x55ca91648523 in llvm::Target::createTargetMachine(llvm::StringRef, llvm::StringRef, llvm::StringRef, llvm::TargetOptions const&, std::optional<llvm::Reloc::Model>, std::optional<llvm::CodeModel::Model>, llvm::CodeGenOptLevel, bool) const /usr/lib/llvm-20/include/llvm/MC/TargetRegistry.h:462:12
    #9 0x55ca9163a09e in tsc::TargetRegistry::initializeAllTargets() /workspace/src/TargetRegistry.cpp:67:41
    #10 0x55ca9162bdcd in tsc::Compiler::initializeLLVM() /workspace/src/Compiler.cpp:349:14
    #11 0x55ca9162b8b7 in tsc::Compiler::Compiler(tsc::CompilerOptions const&) /workspace/src/Compiler.cpp:24:5
    #12 0x55ca915fd7b5 in main /workspace/src/main.cpp:191:18
    #13 0x7ff5c395a337  (/lib/x86_64-linux-gnu/libc.so.6+0x2a337) (BuildId: 467f544f15035abef911999cbc14489edd0555ab)
    #14 0x7ff5c395a3fa in __libc_start_main (/lib/x86_64-linux-gnu/libc.so.6+0x2a3fa) (BuildId: 467f544f15035abef911999cbc14489edd0555ab)
    #15 0x55ca91511b64 in _start (/workspace/build-asan/tsc+0x74b64) (BuildId: 73a10d7cc646a755f705b0ae57418e68578aec2f)

Indirect leak of 112 byte(s) in 2 object(s) allocated from:
    #0 0x55ca915fa191 in operator new(unsigned long) (/workspace/build-asan/tsc+0x15d191) (BuildId: 73a10d7cc646a755f705b0ae57418e68578aec2f)
    #1 0x7ff5c59b6da2  (/usr/lib/llvm-20/lib/libLLVM.so.20.1+0x1a9ada2) (BuildId: b856c61f98abf0989f157f153740fe0fadfbb760)
    #2 0x7ff5c6f3998b  (/usr/lib/llvm-20/lib/libLLVM.so.20.1+0x301d98b) (BuildId: b856c61f98abf0989f157f153740fe0fadfbb760)
    #3 0x7ff5c6f398a6  (/usr/lib/llvm-20/lib/libLLVM.so.20.1+0x301d8a6) (BuildId: b856c61f98abf0989f157f153740fe0fadfbb760)
    #4 0x7ff5c7b2964d  (/usr/lib/llvm-20/lib/libLLVM.so.20.1+0x3c0d64d) (BuildId: b856c61f98abf0989f157f153740fe0fadfbb760)
    #5 0x7ff5c7b6091a  (/usr/lib/llvm-20/lib/libLLVM.so.20.1+0x3c4491a) (BuildId: b856c61f98abf0989f157f153740fe0fadfbb760)
    #6 0x7ff5c7b6188a  (/usr/lib/llvm-20/lib/libLLVM.so.20.1+0x3c4588a) (BuildId: b856c61f98abf0989f157f153740fe0fadfbb760)
    #7 0x7ff5c7b62a6c  (/usr/lib/llvm-20/lib/libLLVM.so.20.1+0x3c46a6c) (BuildId: b856c61f98abf0989f157f153740fe0fadfbb760)
    #8 0x55ca91648523 in llvm::Target::createTargetMachine(llvm::StringRef, llvm::StringRef, llvm::StringRef, llvm::TargetOptions const&, std::optional<llvm::Reloc::Model>, std::optional<llvm::CodeModel::Model>, llvm::CodeGenOptLevel, bool) const /usr/lib/llvm-20/include/llvm/MC/TargetRegistry.h:462:12
    #9 0x55ca9163a09e in tsc::TargetRegistry::initializeAllTargets() /workspace/src/TargetRegistry.cpp:67:41
    #10 0x55ca9162bdcd in tsc::Compiler::initializeLLVM() /workspace/src/Compiler.cpp:349:14
    #11 0x55ca9162b8b7 in tsc::Compiler::Compiler(tsc::CompilerOptions const&) /workspace/src/Compiler.cpp:24:5
    #12 0x55ca915fd7b5 in main /workspace/src/main.cpp:191:18
    #13 0x7ff5c395a337  (/lib/x86_64-linux-gnu/libc.so.6+0x2a337) (BuildId: 467f544f15035abef911999cbc14489edd0555ab)
    #14 0x7ff5c395a3fa in __libc_start_main (/lib/x86_64-linux-gnu/libc.so.6+0x2a3fa) (BuildId: 467f544f15035abef911999cbc14489edd0555ab)
    #15 0x55ca91511b64 in _start (/workspace/build-asan/tsc+0x74b64) (BuildId: 73a10d7cc646a755f705b0ae57418e68578aec2f)

Indirect leak of 112 byte(s) in 2 object(s) allocated from:
    #0 0x55ca915fa191 in operator new(unsigned long) (/workspace/build-asan/tsc+0x15d191) (BuildId: 73a10d7cc646a755f705b0ae57418e68578aec2f)
    #1 0x7ff5c59b6da2  (/usr/lib/llvm-20/lib/libLLVM.so.20.1+0x1a9ada2) (BuildId: b856c61f98abf0989f157f153740fe0fadfbb760)
    #2 0x7ff5c6f3998b  (/usr/lib/llvm-20/lib/libLLVM.so.20.1+0x301d98b) (BuildId: b856c61f98abf0989f157f153740fe0fadfbb760)
    #3 0x7ff5c6f398a6  (/usr/lib/llvm-20/lib/libLLVM.so.20.1+0x301d8a6) (BuildId: b856c61f98abf0989f157f153740fe0fadfbb760)
    #4 0x7ff5c7b29526  (/usr/lib/llvm-20/lib/libLLVM.so.20.1+0x3c0d526) (BuildId: b856c61f98abf0989f157f153740fe0fadfbb760)
    #5 0x7ff5c7b6091a  (/usr/lib/llvm-20/lib/libLLVM.so.20.1+0x3c4491a) (BuildId: b856c61f98abf0989f157f153740fe0fadfbb760)
    #6 0x7ff5c7b6188a  (/usr/lib/llvm-20/lib/libLLVM.so.20.1+0x3c4588a) (BuildId: b856c61f98abf0989f157f153740fe0fadfbb760)
    #7 0x7ff5c7b62a6c  (/usr/lib/llvm-20/lib/libLLVM.so.20.1+0x3c46a6c) (BuildId: b856c61f98abf0989f157f153740fe0fadfbb760)
    #8 0x55ca91648523 in llvm::Target::createTargetMachine(llvm::StringRef, llvm::StringRef, llvm::StringRef, llvm::TargetOptions const&, std::optional<llvm::Reloc::Model>, std::optional<llvm::CodeModel::Model>, llvm::CodeGenOptLevel, bool) const /usr/lib/llvm-20/include/llvm/MC/TargetRegistry.h:462:12
    #9 0x55ca9163a09e in tsc::TargetRegistry::initializeAllTargets() /workspace/src/TargetRegistry.cpp:67:41
    #10 0x55ca9162bdcd in tsc::Compiler::initializeLLVM() /workspace/src/Compiler.cpp:349:14
    #11 0x55ca9162b8b7 in tsc::Compiler::Compiler(tsc::CompilerOptions const&) /workspace/src/Compiler.cpp:24:5
    #12 0x55ca915fd7b5 in main /workspace/src/main.cpp:191:18
    #13 0x7ff5c395a337  (/lib/x86_64-linux-gnu/libc.so.6+0x2a337) (BuildId: 467f544f15035abef911999cbc14489edd0555ab)
    #14 0x7ff5c395a3fa in __libc_start_main (/lib/x86_64-linux-gnu/libc.so.6+0x2a3fa) (BuildId: 467f544f15035abef911999cbc14489edd0555ab)
    #15 0x55ca91511b64 in _start (/workspace/build-asan/tsc+0x74b64) (BuildId: 73a10d7cc646a755f705b0ae57418e68578aec2f)

Indirect leak of 112 byte(s) in 2 object(s) allocated from:
    #0 0x55ca915fa191 in operator new(unsigned long) (/workspace/build-asan/tsc+0x15d191) (BuildId: 73a10d7cc646a755f705b0ae57418e68578aec2f)
    #1 0x7ff5c59b6da2  (/usr/lib/llvm-20/lib/libLLVM.so.20.1+0x1a9ada2) (BuildId: b856c61f98abf0989f157f153740fe0fadfbb760)
    #2 0x7ff5c6f3998b  (/usr/lib/llvm-20/lib/libLLVM.so.20.1+0x301d98b) (BuildId: b856c61f98abf0989f157f153740fe0fadfbb760)
    #3 0x7ff5c6f398a6  (/usr/lib/llvm-20/lib/libLLVM.so.20.1+0x301d8a6) (BuildId: b856c61f98abf0989f157f153740fe0fadfbb760)
    #4 0x7ff5c7b29463  (/usr/lib/llvm-20/lib/libLLVM.so.20.1+0x3c0d463) (BuildId: b856c61f98abf0989f157f153740fe0fadfbb760)
    #5 0x7ff5c7b6091a  (/usr/lib/llvm-20/lib/libLLVM.so.20.1+0x3c4491a) (BuildId: b856c61f98abf0989f157f153740fe0fadfbb760)
    #6 0x7ff5c7b6188a  (/usr/lib/llvm-20/lib/libLLVM.so.20.1+0x3c4588a) (BuildId: b856c61f98abf0989f157f153740fe0fadfbb760)
    #7 0x7ff5c7b62a6c  (/usr/lib/llvm-20/lib/libLLVM.so.20.1+0x3c46a6c) (BuildId: b856c61f98abf0989f157f153740fe0fadfbb760)
    #8 0x55ca91648523 in llvm::Target::createTargetMachine(llvm::StringRef, llvm::StringRef, llvm::StringRef, llvm::TargetOptions const&, std::optional<llvm::Reloc::Model>, std::optional<llvm::CodeModel::Model>, llvm::CodeGenOptLevel, bool) const /usr/lib/llvm-20/include/llvm/MC/TargetRegistry.h:462:12
    #9 0x55ca9163a09e in tsc::TargetRegistry::initializeAllTargets() /workspace/src/TargetRegistry.cpp:67:41
    #10 0x55ca9162bdcd in tsc::Compiler::initializeLLVM() /workspace/src/Compiler.cpp:349:14
    #11 0x55ca9162b8b7 in tsc::Compiler::Compiler(tsc::CompilerOptions const&) /workspace/src/Compiler.cpp:24:5
    #12 0x55ca915fd7b5 in main /workspace/src/main.cpp:191:18
    #13 0x7ff5c395a337  (/lib/x86_64-linux-gnu/libc.so.6+0x2a337) (BuildId: 467f544f15035abef911999cbc14489edd0555ab)
    #14 0x7ff5c395a3fa in __libc_start_main (/lib/x86_64-linux-gnu/libc.so.6+0x2a3fa) (BuildId: 467f544f15035abef911999cbc14489edd0555ab)
    #15 0x55ca91511b64 in _start (/workspace/build-asan/tsc+0x74b64) (BuildId: 73a10d7cc646a755f705b0ae57418e68578aec2f)

Indirect leak of 112 byte(s) in 2 object(s) allocated from:
    #0 0x55ca915fa191 in operator new(unsigned long) (/workspace/build-asan/tsc+0x15d191) (BuildId: 73a10d7cc646a755f705b0ae57418e68578aec2f)
    #1 0x7ff5c59b6da2  (/usr/lib/llvm-20/lib/libLLVM.so.20.1+0x1a9ada2) (BuildId: b856c61f98abf0989f157f153740fe0fadfbb760)
    #2 0x7ff5c6f3998b  (/usr/lib/llvm-20/lib/libLLVM.so.20.1+0x301d98b) (BuildId: b856c61f98abf0989f157f153740fe0fadfbb760)
    #3 0x7ff5c6f398a6  (/usr/lib/llvm-20/lib/libLLVM.so.20.1+0x301d8a6) (BuildId: b856c61f98abf0989f157f153740fe0fadfbb760)
    #4 0x7ff5c7b293f6  (/usr/lib/llvm-20/lib/libLLVM.so.20.1+0x3c0d3f6) (BuildId: b856c61f98abf0989f157f153740fe0fadfbb760)
    #5 0x7ff5c7b6091a  (/usr/lib/llvm-20/lib/libLLVM.so.20.1+0x3c4491a) (BuildId: b856c61f98abf0989f157f153740fe0fadfbb760)
    #6 0x7ff5c7b6188a  (/usr/lib/llvm-20/lib/libLLVM.so.20.1+0x3c4588a) (BuildId: b856c61f98abf0989f157f153740fe0fadfbb760)
    #7 0x7ff5c7b62a6c  (/usr/lib/llvm-20/lib/libLLVM.so.20.1+0x3c46a6c) (BuildId: b856c61f98abf0989f157f153740fe0fadfbb760)
    #8 0x55ca91648523 in llvm::Target::createTargetMachine(llvm::StringRef, llvm::StringRef, llvm::StringRef, llvm::TargetOptions const&, std::optional<llvm::Reloc::Model>, std::optional<llvm::CodeModel::Model>, llvm::CodeGenOptLevel, bool) const /usr/lib/llvm-20/include/llvm/MC/TargetRegistry.h:462:12
    #9 0x55ca9163a09e in tsc::TargetRegistry::initializeAllTargets() /workspace/src/TargetRegistry.cpp:67:41
    #10 0x55ca9162bdcd in tsc::Compiler::initializeLLVM() /workspace/src/Compiler.cpp:349:14
    #11 0x55ca9162b8b7 in tsc::Compiler::Compiler(tsc::CompilerOptions const&) /workspace/src/Compiler.cpp:24:5
    #12 0x55ca915fd7b5 in main /workspace/src/main.cpp:191:18
    #13 0x7ff5c395a337  (/lib/x86_64-linux-gnu/libc.so.6+0x2a337) (BuildId: 467f544f15035abef911999cbc14489edd0555ab)
    #14 0x7ff5c395a3fa in __libc_start_main (/lib/x86_64-linux-gnu/libc.so.6+0x2a3fa) (BuildId: 467f544f15035abef911999cbc14489edd0555ab)
    #15 0x55ca91511b64 in _start (/workspace/build-asan/tsc+0x74b64) (BuildId: 73a10d7cc646a755f705b0ae57418e68578aec2f)

Indirect leak of 112 byte(s) in 2 object(s) allocated from:
    #0 0x55ca915fa191 in operator new(unsigned long) (/workspace/build-asan/tsc+0x15d191) (BuildId: 73a10d7cc646a755f705b0ae57418e68578aec2f)
    #1 0x7ff5c59b6da2  (/usr/lib/llvm-20/lib/libLLVM.so.20.1+0x1a9ada2) (BuildId: b856c61f98abf0989f157f153740fe0fadfbb760)
    #2 0x7ff5c6f3998b  (/usr/lib/llvm-20/lib/libLLVM.so.20.1+0x301d98b) (BuildId: b856c61f98abf0989f157f153740fe0fadfbb760)
    #3 0x7ff5c6f398a6  (/usr/lib/llvm-20/lib/libLLVM.so.20.1+0x301d8a6) (BuildId: b856c61f98abf0989f157f153740fe0fadfbb760)
    #4 0x7ff5c7b292a2  (/usr/lib/llvm-20/lib/libLLVM.so.20.1+0x3c0d2a2) (BuildId: b856c61f98abf0989f157f153740fe0fadfbb760)
    #5 0x7ff5c7b6091a  (/usr/lib/llvm-20/lib/libLLVM.so.20.1+0x3c4491a) (BuildId: b856c61f98abf0989f157f153740fe0fadfbb760)
    #6 0x7ff5c7b6188a  (/usr/lib/llvm-20/lib/libLLVM.so.20.1+0x3c4588a) (BuildId: b856c61f98abf0989f157f153740fe0fadfbb760)
    #7 0x7ff5c7b62a6c  (/usr/lib/llvm-20/lib/libLLVM.so.20.1+0x3c46a6c) (BuildId: b856c61f98abf0989f157f153740fe0fadfbb760)
    #8 0x55ca91648523 in llvm::Target::createTargetMachine(llvm::StringRef, llvm::StringRef, llvm::StringRef, llvm::TargetOptions const&, std::optional<llvm::Reloc::Model>, std::optional<llvm::CodeModel::Model>, llvm::CodeGenOptLevel, bool) const /usr/lib/llvm-20/include/llvm/MC/TargetRegistry.h:462:12
    #9 0x55ca9163a09e in tsc::TargetRegistry::initializeAllTargets() /workspace/src/TargetRegistry.cpp:67:41
    #10 0x55ca9162bdcd in tsc::Compiler::initializeLLVM() /workspace/src/Compiler.cpp:349:14
    #11 0x55ca9162b8b7 in tsc::Compiler::Compiler(tsc::CompilerOptions const&) /workspace/src/Compiler.cpp:24:5
    #12 0x55ca915fd7b5 in main /workspace/src/main.cpp:191:18
    #13 0x7ff5c395a337  (/lib/x86_64-linux-gnu/libc.so.6+0x2a337) (BuildId: 467f544f15035abef911999cbc14489edd0555ab)
    #14 0x7ff5c395a3fa in __libc_start_main (/lib/x86_64-linux-gnu/libc.so.6+0x2a3fa) (BuildId: 467f544f15035abef911999cbc14489edd0555ab)
    #15 0x55ca91511b64 in _start (/workspace/build-asan/tsc+0x74b64) (BuildId: 73a10d7cc646a755f705b0ae57418e68578aec2f)

Indirect leak of 112 byte(s) in 2 object(s) allocated from:
    #0 0x55ca915fa191 in operator new(unsigned long) (/workspace/build-asan/tsc+0x15d191) (BuildId: 73a10d7cc646a755f705b0ae57418e68578aec2f)
    #1 0x7ff5c59b6da2  (/usr/lib/llvm-20/lib/libLLVM.so.20.1+0x1a9ada2) (BuildId: b856c61f98abf0989f157f153740fe0fadfbb760)
    #2 0x7ff5c6f3b039  (/usr/lib/llvm-20/lib/libLLVM.so.20.1+0x301f039) (BuildId: b856c61f98abf0989f157f153740fe0fadfbb760)
    #3 0x7ff5c6f3af97  (/usr/lib/llvm-20/lib/libLLVM.so.20.1+0x301ef97) (BuildId: b856c61f98abf0989f157f153740fe0fadfbb760)
    #4 0x7ff5c6f3998b  (/usr/lib/llvm-20/lib/libLLVM.so.20.1+0x301d98b) (BuildId: b856c61f98abf0989f157f153740fe0fadfbb760)
    #5 0x7ff5c6f398a6  (/usr/lib/llvm-20/lib/libLLVM.so.20.1+0x301d8a6) (BuildId: b856c61f98abf0989f157f153740fe0fadfbb760)
    #6 0x7ff5c6f3aa71  (/usr/lib/llvm-20/lib/libLLVM.so.20.1+0x301ea71) (BuildId: b856c61f98abf0989f157f153740fe0fadfbb760)
    #7 0x7ff5c7b29241  (/usr/lib/llvm-20/lib/libLLVM.so.20.1+0x3c0d241) (BuildId: b856c61f98abf0989f157f153740fe0fadfbb760)
    #8 0x7ff5c7b6091a  (/usr/lib/llvm-20/lib/libLLVM.so.20.1+0x3c4491a) (BuildId: b856c61f98abf0989f157f153740fe0fadfbb760)
    #9 0x7ff5c7b6188a  (/usr/lib/llvm-20/lib/libLLVM.so.20.1+0x3c4588a) (BuildId: b856c61f98abf0989f157f153740fe0fadfbb760)
    #10 0x7ff5c7b62a6c  (/usr/lib/llvm-20/lib/libLLVM.so.20.1+0x3c46a6c) (BuildId: b856c61f98abf0989f157f153740fe0fadfbb760)
    #11 0x55ca91648523 in llvm::Target::createTargetMachine(llvm::StringRef, llvm::StringRef, llvm::StringRef, llvm::TargetOptions const&, std::optional<llvm::Reloc::Model>, std::optional<llvm::CodeModel::Model>, llvm::CodeGenOptLevel, bool) const /usr/lib/llvm-20/include/llvm/MC/TargetRegistry.h:462:12
    #12 0x55ca9163a09e in tsc::TargetRegistry::initializeAllTargets() /workspace/src/TargetRegistry.cpp:67:41
    #13 0x55ca9162bdcd in tsc::Compiler::initializeLLVM() /workspace/src/Compiler.cpp:349:14
    #14 0x55ca9162b8b7 in tsc::Compiler::Compiler(tsc::CompilerOptions const&) /workspace/src/Compiler.cpp:24:5
    #15 0x55ca915fd7b5 in main /workspace/src/main.cpp:191:18
    #16 0x7ff5c395a337  (/lib/x86_64-linux-gnu/libc.so.6+0x2a337) (BuildId: 467f544f15035abef911999cbc14489edd0555ab)
    #17 0x7ff5c395a3fa in __libc_start_main (/lib/x86_64-linux-gnu/libc.so.6+0x2a3fa) (BuildId: 467f544f15035abef911999cbc14489edd0555ab)
    #18 0x55ca91511b64 in _start (/workspace/build-asan/tsc+0x74b64) (BuildId: 73a10d7cc646a755f705b0ae57418e68578aec2f)

Indirect leak of 112 byte(s) in 2 object(s) allocated from:
    #0 0x55ca915fa191 in operator new(unsigned long) (/workspace/build-asan/tsc+0x15d191) (BuildId: 73a10d7cc646a755f705b0ae57418e68578aec2f)
    #1 0x7ff5c59b6da2  (/usr/lib/llvm-20/lib/libLLVM.so.20.1+0x1a9ada2) (BuildId: b856c61f98abf0989f157f153740fe0fadfbb760)
    #2 0x7ff5c6f3b008  (/usr/lib/llvm-20/lib/libLLVM.so.20.1+0x301f008) (BuildId: b856c61f98abf0989f157f153740fe0fadfbb760)
    #3 0x7ff5c6f3af97  (/usr/lib/llvm-20/lib/libLLVM.so.20.1+0x301ef97) (BuildId: b856c61f98abf0989f157f153740fe0fadfbb760)
    #4 0x7ff5c6f3998b  (/usr/lib/llvm-20/lib/libLLVM.so.20.1+0x301d98b) (BuildId: b856c61f98abf0989f157f153740fe0fadfbb760)
    #5 0x7ff5c6f398a6  (/usr/lib/llvm-20/lib/libLLVM.so.20.1+0x301d8a6) (BuildId: b856c61f98abf0989f157f153740fe0fadfbb760)
    #6 0x7ff5c6f3aa71  (/usr/lib/llvm-20/lib/libLLVM.so.20.1+0x301ea71) (BuildId: b856c61f98abf0989f157f153740fe0fadfbb760)
    #7 0x7ff5c7b29241  (/usr/lib/llvm-20/lib/libLLVM.so.20.1+0x3c0d241) (BuildId: b856c61f98abf0989f157f153740fe0fadfbb760)
    #8 0x7ff5c7b6091a  (/usr/lib/llvm-20/lib/libLLVM.so.20.1+0x3c4491a) (BuildId: b856c61f98abf0989f157f153740fe0fadfbb760)
    #9 0x7ff5c7b6188a  (/usr/lib/llvm-20/lib/libLLVM.so.20.1+0x3c4588a) (BuildId: b856c61f98abf0989f157f153740fe0fadfbb760)
    #10 0x7ff5c7b62a6c  (/usr/lib/llvm-20/lib/libLLVM.so.20.1+0x3c46a6c) (BuildId: b856c61f98abf0989f157f153740fe0fadfbb760)
    #11 0x55ca91648523 in llvm::Target::createTargetMachine(llvm::StringRef, llvm::StringRef, llvm::StringRef, llvm::TargetOptions const&, std::optional<llvm::Reloc::Model>, std::optional<llvm::CodeModel::Model>, llvm::CodeGenOptLevel, bool) const /usr/lib/llvm-20/include/llvm/MC/TargetRegistry.h:462:12
    #12 0x55ca9163a09e in tsc::TargetRegistry::initializeAllTargets() /workspace/src/TargetRegistry.cpp:67:41
    #13 0x55ca9162bdcd in tsc::Compiler::initializeLLVM() /workspace/src/Compiler.cpp:349:14
    #14 0x55ca9162b8b7 in tsc::Compiler::Compiler(tsc::CompilerOptions const&) /workspace/src/Compiler.cpp:24:5
    #15 0x55ca915fd7b5 in main /workspace/src/main.cpp:191:18
    #16 0x7ff5c395a337  (/lib/x86_64-linux-gnu/libc.so.6+0x2a337) (BuildId: 467f544f15035abef911999cbc14489edd0555ab)
    #17 0x7ff5c395a3fa in __libc_start_main (/lib/x86_64-linux-gnu/libc.so.6+0x2a3fa) (BuildId: 467f544f15035abef911999cbc14489edd0555ab)
    #18 0x55ca91511b64 in _start (/workspace/build-asan/tsc+0x74b64) (BuildId: 73a10d7cc646a755f705b0ae57418e68578aec2f)

Indirect leak of 112 byte(s) in 2 object(s) allocated from:
    #0 0x55ca915fa191 in operator new(unsigned long) (/workspace/build-asan/tsc+0x15d191) (BuildId: 73a10d7cc646a755f705b0ae57418e68578aec2f)
    #1 0x7ff5c59b6da2  (/usr/lib/llvm-20/lib/libLLVM.so.20.1+0x1a9ada2) (BuildId: b856c61f98abf0989f157f153740fe0fadfbb760)
    #2 0x7ff5c6f3998b  (/usr/lib/llvm-20/lib/libLLVM.so.20.1+0x301d98b) (BuildId: b856c61f98abf0989f157f153740fe0fadfbb760)
    #3 0x7ff5c6f398a6  (/usr/lib/llvm-20/lib/libLLVM.so.20.1+0x301d8a6) (BuildId: b856c61f98abf0989f157f153740fe0fadfbb760)
    #4 0x7ff5c7b29106  (/usr/lib/llvm-20/lib/libLLVM.so.20.1+0x3c0d106) (BuildId: b856c61f98abf0989f157f153740fe0fadfbb760)
    #5 0x7ff5c7b6091a  (/usr/lib/llvm-20/lib/libLLVM.so.20.1+0x3c4491a) (BuildId: b856c61f98abf0989f157f153740fe0fadfbb760)
    #6 0x7ff5c7b6188a  (/usr/lib/llvm-20/lib/libLLVM.so.20.1+0x3c4588a) (BuildId: b856c61f98abf0989f157f153740fe0fadfbb760)
    #7 0x7ff5c7b62a6c  (/usr/lib/llvm-20/lib/libLLVM.so.20.1+0x3c46a6c) (BuildId: b856c61f98abf0989f157f153740fe0fadfbb760)
    #8 0x55ca91648523 in llvm::Target::createTargetMachine(llvm::StringRef, llvm::StringRef, llvm::StringRef, llvm::TargetOptions const&, std::optional<llvm::Reloc::Model>, std::optional<llvm::CodeModel::Model>, llvm::CodeGenOptLevel, bool) const /usr/lib/llvm-20/include/llvm/MC/TargetRegistry.h:462:12
    #9 0x55ca9163a09e in tsc::TargetRegistry::initializeAllTargets() /workspace/src/TargetRegistry.cpp:67:41
    #10 0x55ca9162bdcd in tsc::Compiler::initializeLLVM() /workspace/src/Compiler.cpp:349:14
    #11 0x55ca9162b8b7 in tsc::Compiler::Compiler(tsc::CompilerOptions const&) /workspace/src/Compiler.cpp:24:5
    #12 0x55ca915fd7b5 in main /workspace/src/main.cpp:191:18
    #13 0x7ff5c395a337  (/lib/x86_64-linux-gnu/libc.so.6+0x2a337) (BuildId: 467f544f15035abef911999cbc14489edd0555ab)
    #14 0x7ff5c395a3fa in __libc_start_main (/lib/x86_64-linux-gnu/libc.so.6+0x2a3fa) (BuildId: 467f544f15035abef911999cbc14489edd0555ab)
    #15 0x55ca91511b64 in _start (/workspace/build-asan/tsc+0x74b64) (BuildId: 73a10d7cc646a755f705b0ae57418e68578aec2f)

Indirect leak of 112 byte(s) in 2 object(s) allocated from:
    #0 0x55ca915fa191 in operator new(unsigned long) (/workspace/build-asan/tsc+0x15d191) (BuildId: 73a10d7cc646a755f705b0ae57418e68578aec2f)
    #1 0x7ff5c59b6da2  (/usr/lib/llvm-20/lib/libLLVM.so.20.1+0x1a9ada2) (BuildId: b856c61f98abf0989f157f153740fe0fadfbb760)
    #2 0x7ff5c6f3998b  (/usr/lib/llvm-20/lib/libLLVM.so.20.1+0x301d98b) (BuildId: b856c61f98abf0989f157f153740fe0fadfbb760)
    #3 0x7ff5c6f398a6  (/usr/lib/llvm-20/lib/libLLVM.so.20.1+0x301d8a6) (BuildId: b856c61f98abf0989f157f153740fe0fadfbb760)
    #4 0x7ff5c7b28f73  (/usr/lib/llvm-20/lib/libLLVM.so.20.1+0x3c0cf73) (BuildId: b856c61f98abf0989f157f153740fe0fadfbb760)
    #5 0x7ff5c7b6091a  (/usr/lib/llvm-20/lib/libLLVM.so.20.1+0x3c4491a) (BuildId: b856c61f98abf0989f157f153740fe0fadfbb760)
    #6 0x7ff5c7b6188a  (/usr/lib/llvm-20/lib/libLLVM.so.20.1+0x3c4588a) (BuildId: b856c61f98abf0989f157f153740fe0fadfbb760)
    #7 0x7ff5c7b62a6c  (/usr/lib/llvm-20/lib/libLLVM.so.20.1+0x3c46a6c) (BuildId: b856c61f98abf0989f157f153740fe0fadfbb760)
    #8 0x55ca91648523 in llvm::Target::createTargetMachine(llvm::StringRef, llvm::StringRef, llvm::StringRef, llvm::TargetOptions const&, std::optional<llvm::Reloc::Model>, std::optional<llvm::CodeModel::Model>, llvm::CodeGenOptLevel, bool) const /usr/lib/llvm-20/include/llvm/MC/TargetRegistry.h:462:12
    #9 0x55ca9163a09e in tsc::TargetRegistry::initializeAllTargets() /workspace/src/TargetRegistry.cpp:67:41
    #10 0x55ca9162bdcd in tsc::Compiler::initializeLLVM() /workspace/src/Compiler.cpp:349:14
    #11 0x55ca9162b8b7 in tsc::Compiler::Compiler(tsc::CompilerOptions const&) /workspace/src/Compiler.cpp:24:5
    #12 0x55ca915fd7b5 in main /workspace/src/main.cpp:191:18
    #13 0x7ff5c395a337  (/lib/x86_64-linux-gnu/libc.so.6+0x2a337) (BuildId: 467f544f15035abef911999cbc14489edd0555ab)
    #14 0x7ff5c395a3fa in __libc_start_main (/lib/x86_64-linux-gnu/libc.so.6+0x2a3fa) (BuildId: 467f544f15035abef911999cbc14489edd0555ab)
    #15 0x55ca91511b64 in _start (/workspace/build-asan/tsc+0x74b64) (BuildId: 73a10d7cc646a755f705b0ae57418e68578aec2f)

Indirect leak of 112 byte(s) in 2 object(s) allocated from:
    #0 0x55ca915fa191 in operator new(unsigned long) (/workspace/build-asan/tsc+0x15d191) (BuildId: 73a10d7cc646a755f705b0ae57418e68578aec2f)
    #1 0x7ff5c59b6da2  (/usr/lib/llvm-20/lib/libLLVM.so.20.1+0x1a9ada2) (BuildId: b856c61f98abf0989f157f153740fe0fadfbb760)
    #2 0x7ff5c6f3998b  (/usr/lib/llvm-20/lib/libLLVM.so.20.1+0x301d98b) (BuildId: b856c61f98abf0989f157f153740fe0fadfbb760)
    #3 0x7ff5c6f398a6  (/usr/lib/llvm-20/lib/libLLVM.so.20.1+0x301d8a6) (BuildId: b856c61f98abf0989f157f153740fe0fadfbb760)
    #4 0x7ff5c7b28ef9  (/usr/lib/llvm-20/lib/libLLVM.so.20.1+0x3c0cef9) (BuildId: b856c61f98abf0989f157f153740fe0fadfbb760)
    #5 0x7ff5c7b6091a  (/usr/lib/llvm-20/lib/libLLVM.so.20.1+0x3c4491a) (BuildId: b856c61f98abf0989f157f153740fe0fadfbb760)
    #6 0x7ff5c7b6188a  (/usr/lib/llvm-20/lib/libLLVM.so.20.1+0x3c4588a) (BuildId: b856c61f98abf0989f157f153740fe0fadfbb760)
    #7 0x7ff5c7b62a6c  (/usr/lib/llvm-20/lib/libLLVM.so.20.1+0x3c46a6c) (BuildId: b856c61f98abf0989f157f153740fe0fadfbb760)
    #8 0x55ca91648523 in llvm::Target::createTargetMachine(llvm::StringRef, llvm::StringRef, llvm::StringRef, llvm::TargetOptions const&, std::optional<llvm::Reloc::Model>, std::optional<llvm::CodeModel::Model>, llvm::CodeGenOptLevel, bool) const /usr/lib/llvm-20/include/llvm/MC/TargetRegistry.h:462:12
    #9 0x55ca9163a09e in tsc::TargetRegistry::initializeAllTargets() /workspace/src/TargetRegistry.cpp:67:41
    #10 0x55ca9162bdcd in tsc::Compiler::initializeLLVM() /workspace/src/Compiler.cpp:349:14
    #11 0x55ca9162b8b7 in tsc::Compiler::Compiler(tsc::CompilerOptions const&) /workspace/src/Compiler.cpp:24:5
    #12 0x55ca915fd7b5 in main /workspace/src/main.cpp:191:18
    #13 0x7ff5c395a337  (/lib/x86_64-linux-gnu/libc.so.6+0x2a337) (BuildId: 467f544f15035abef911999cbc14489edd0555ab)
    #14 0x7ff5c395a3fa in __libc_start_main (/lib/x86_64-linux-gnu/libc.so.6+0x2a3fa) (BuildId: 467f544f15035abef911999cbc14489edd0555ab)
    #15 0x55ca91511b64 in _start (/workspace/build-asan/tsc+0x74b64) (BuildId: 73a10d7cc646a755f705b0ae57418e68578aec2f)

Indirect leak of 112 byte(s) in 2 object(s) allocated from:
    #0 0x55ca915fa191 in operator new(unsigned long) (/workspace/build-asan/tsc+0x15d191) (BuildId: 73a10d7cc646a755f705b0ae57418e68578aec2f)
    #1 0x7ff5c59b6da2  (/usr/lib/llvm-20/lib/libLLVM.so.20.1+0x1a9ada2) (BuildId: b856c61f98abf0989f157f153740fe0fadfbb760)
    #2 0x7ff5c6f3998b  (/usr/lib/llvm-20/lib/libLLVM.so.20.1+0x301d98b) (BuildId: b856c61f98abf0989f157f153740fe0fadfbb760)
    #3 0x7ff5c6f398a6  (/usr/lib/llvm-20/lib/libLLVM.so.20.1+0x301d8a6) (BuildId: b856c61f98abf0989f157f153740fe0fadfbb760)
    #4 0x7ff5c7b28e93  (/usr/lib/llvm-20/lib/libLLVM.so.20.1+0x3c0ce93) (BuildId: b856c61f98abf0989f157f153740fe0fadfbb760)
    #5 0x7ff5c7b6091a  (/usr/lib/llvm-20/lib/libLLVM.so.20.1+0x3c4491a) (BuildId: b856c61f98abf0989f157f153740fe0fadfbb760)
    #6 0x7ff5c7b6188a  (/usr/lib/llvm-20/lib/libLLVM.so.20.1+0x3c4588a) (BuildId: b856c61f98abf0989f157f153740fe0fadfbb760)
    #7 0x7ff5c7b62a6c  (/usr/lib/llvm-20/lib/libLLVM.so.20.1+0x3c46a6c) (BuildId: b856c61f98abf0989f157f153740fe0fadfbb760)
    #8 0x55ca91648523 in llvm::Target::createTargetMachine(llvm::StringRef, llvm::StringRef, llvm::StringRef, llvm::TargetOptions const&, std::optional<llvm::Reloc::Model>, std::optional<llvm::CodeModel::Model>, llvm::CodeGenOptLevel, bool) const /usr/lib/llvm-20/include/llvm/MC/TargetRegistry.h:462:12
    #9 0x55ca9163a09e in tsc::TargetRegistry::initializeAllTargets() /workspace/src/TargetRegistry.cpp:67:41
    #10 0x55ca9162bdcd in tsc::Compiler::initializeLLVM() /workspace/src/Compiler.cpp:349:14
    #11 0x55ca9162b8b7 in tsc::Compiler::Compiler(tsc::CompilerOptions const&) /workspace/src/Compiler.cpp:24:5
    #12 0x55ca915fd7b5 in main /workspace/src/main.cpp:191:18
    #13 0x7ff5c395a337  (/lib/x86_64-linux-gnu/libc.so.6+0x2a337) (BuildId: 467f544f15035abef911999cbc14489edd0555ab)
    #14 0x7ff5c395a3fa in __libc_start_main (/lib/x86_64-linux-gnu/libc.so.6+0x2a3fa) (BuildId: 467f544f15035abef911999cbc14489edd0555ab)
    #15 0x55ca91511b64 in _start (/workspace/build-asan/tsc+0x74b64) (BuildId: 73a10d7cc646a755f705b0ae57418e68578aec2f)

Indirect leak of 112 byte(s) in 2 object(s) allocated from:
    #0 0x55ca915fa191 in operator new(unsigned long) (/workspace/build-asan/tsc+0x15d191) (BuildId: 73a10d7cc646a755f705b0ae57418e68578aec2f)
    #1 0x7ff5c59b6da2  (/usr/lib/llvm-20/lib/libLLVM.so.20.1+0x1a9ada2) (BuildId: b856c61f98abf0989f157f153740fe0fadfbb760)
    #2 0x7ff5c6f3998b  (/usr/lib/llvm-20/lib/libLLVM.so.20.1+0x301d98b) (BuildId: b856c61f98abf0989f157f153740fe0fadfbb760)
    #3 0x7ff5c6f398a6  (/usr/lib/llvm-20/lib/libLLVM.so.20.1+0x301d8a6) (BuildId: b856c61f98abf0989f157f153740fe0fadfbb760)
    #4 0x7ff5c7b28dc3  (/usr/lib/llvm-20/lib/libLLVM.so.20.1+0x3c0cdc3) (BuildId: b856c61f98abf0989f157f153740fe0fadfbb760)
    #5 0x7ff5c7b6091a  (/usr/lib/llvm-20/lib/libLLVM.so.20.1+0x3c4491a) (BuildId: b856c61f98abf0989f157f153740fe0fadfbb760)
    #6 0x7ff5c7b6188a  (/usr/lib/llvm-20/lib/libLLVM.so.20.1+0x3c4588a) (BuildId: b856c61f98abf0989f157f153740fe0fadfbb760)
    #7 0x7ff5c7b62a6c  (/usr/lib/llvm-20/lib/libLLVM.so.20.1+0x3c46a6c) (BuildId: b856c61f98abf0989f157f153740fe0fadfbb760)
    #8 0x55ca91648523 in llvm::Target::createTargetMachine(llvm::StringRef, llvm::StringRef, llvm::StringRef, llvm::TargetOptions const&, std::optional<llvm::Reloc::Model>, std::optional<llvm::CodeModel::Model>, llvm::CodeGenOptLevel, bool) const /usr/lib/llvm-20/include/llvm/MC/TargetRegistry.h:462:12
    #9 0x55ca9163a09e in tsc::TargetRegistry::initializeAllTargets() /workspace/src/TargetRegistry.cpp:67:41
    #10 0x55ca9162bdcd in tsc::Compiler::initializeLLVM() /workspace/src/Compiler.cpp:349:14
    #11 0x55ca9162b8b7 in tsc::Compiler::Compiler(tsc::CompilerOptions const&) /workspace/src/Compiler.cpp:24:5
    #12 0x55ca915fd7b5 in main /workspace/src/main.cpp:191:18
    #13 0x7ff5c395a337  (/lib/x86_64-linux-gnu/libc.so.6+0x2a337) (BuildId: 467f544f15035abef911999cbc14489edd0555ab)
    #14 0x7ff5c395a3fa in __libc_start_main (/lib/x86_64-linux-gnu/libc.so.6+0x2a3fa) (BuildId: 467f544f15035abef911999cbc14489edd0555ab)
    #15 0x55ca91511b64 in _start (/workspace/build-asan/tsc+0x74b64) (BuildId: 73a10d7cc646a755f705b0ae57418e68578aec2f)

Indirect leak of 112 byte(s) in 2 object(s) allocated from:
    #0 0x55ca915fa191 in operator new(unsigned long) (/workspace/build-asan/tsc+0x15d191) (BuildId: 73a10d7cc646a755f705b0ae57418e68578aec2f)
    #1 0x7ff5c59b6da2  (/usr/lib/llvm-20/lib/libLLVM.so.20.1+0x1a9ada2) (BuildId: b856c61f98abf0989f157f153740fe0fadfbb760)
    #2 0x7ff5c6f3b039  (/usr/lib/llvm-20/lib/libLLVM.so.20.1+0x301f039) (BuildId: b856c61f98abf0989f157f153740fe0fadfbb760)
    #3 0x7ff5c6f3af97  (/usr/lib/llvm-20/lib/libLLVM.so.20.1+0x301ef97) (BuildId: b856c61f98abf0989f157f153740fe0fadfbb760)
    #4 0x7ff5c6f3998b  (/usr/lib/llvm-20/lib/libLLVM.so.20.1+0x301d98b) (BuildId: b856c61f98abf0989f157f153740fe0fadfbb760)
    #5 0x7ff5c6f398a6  (/usr/lib/llvm-20/lib/libLLVM.so.20.1+0x301d8a6) (BuildId: b856c61f98abf0989f157f153740fe0fadfbb760)
    #6 0x7ff5c6f3aa71  (/usr/lib/llvm-20/lib/libLLVM.so.20.1+0x301ea71) (BuildId: b856c61f98abf0989f157f153740fe0fadfbb760)
    #7 0x7ff5c7b28d6b  (/usr/lib/llvm-20/lib/libLLVM.so.20.1+0x3c0cd6b) (BuildId: b856c61f98abf0989f157f153740fe0fadfbb760)
    #8 0x7ff5c7b6091a  (/usr/lib/llvm-20/lib/libLLVM.so.20.1+0x3c4491a) (BuildId: b856c61f98abf0989f157f153740fe0fadfbb760)
    #9 0x7ff5c7b6188a  (/usr/lib/llvm-20/lib/libLLVM.so.20.1+0x3c4588a) (BuildId: b856c61f98abf0989f157f153740fe0fadfbb760)
    #10 0x7ff5c7b62a6c  (/usr/lib/llvm-20/lib/libLLVM.so.20.1+0x3c46a6c) (BuildId: b856c61f98abf0989f157f153740fe0fadfbb760)
    #11 0x55ca91648523 in llvm::Target::createTargetMachine(llvm::StringRef, llvm::StringRef, llvm::StringRef, llvm::TargetOptions const&, std::optional<llvm::Reloc::Model>, std::optional<llvm::CodeModel::Model>, llvm::CodeGenOptLevel, bool) const /usr/lib/llvm-20/include/llvm/MC/TargetRegistry.h:462:12
    #12 0x55ca9163a09e in tsc::TargetRegistry::initializeAllTargets() /workspace/src/TargetRegistry.cpp:67:41
    #13 0x55ca9162bdcd in tsc::Compiler::initializeLLVM() /workspace/src/Compiler.cpp:349:14
    #14 0x55ca9162b8b7 in tsc::Compiler::Compiler(tsc::CompilerOptions const&) /workspace/src/Compiler.cpp:24:5
    #15 0x55ca915fd7b5 in main /workspace/src/main.cpp:191:18
    #16 0x7ff5c395a337  (/lib/x86_64-linux-gnu/libc.so.6+0x2a337) (BuildId: 467f544f15035abef911999cbc14489edd0555ab)
    #17 0x7ff5c395a3fa in __libc_start_main (/lib/x86_64-linux-gnu/libc.so.6+0x2a3fa) (BuildId: 467f544f15035abef911999cbc14489edd0555ab)
    #18 0x55ca91511b64 in _start (/workspace/build-asan/tsc+0x74b64) (BuildId: 73a10d7cc646a755f705b0ae57418e68578aec2f)

Indirect leak of 112 byte(s) in 2 object(s) allocated from:
    #0 0x55ca915fa191 in operator new(unsigned long) (/workspace/build-asan/tsc+0x15d191) (BuildId: 73a10d7cc646a755f705b0ae57418e68578aec2f)
    #1 0x7ff5c59b6da2  (/usr/lib/llvm-20/lib/libLLVM.so.20.1+0x1a9ada2) (BuildId: b856c61f98abf0989f157f153740fe0fadfbb760)
    #2 0x7ff5c6f3b008  (/usr/lib/llvm-20/lib/libLLVM.so.20.1+0x301f008) (BuildId: b856c61f98abf0989f157f153740fe0fadfbb760)
    #3 0x7ff5c6f3af97  (/usr/lib/llvm-20/lib/libLLVM.so.20.1+0x301ef97) (BuildId: b856c61f98abf0989f157f153740fe0fadfbb760)
    #4 0x7ff5c6f3998b  (/usr/lib/llvm-20/lib/libLLVM.so.20.1+0x301d98b) (BuildId: b856c61f98abf0989f157f153740fe0fadfbb760)
    #5 0x7ff5c6f398a6  (/usr/lib/llvm-20/lib/libLLVM.so.20.1+0x301d8a6) (BuildId: b856c61f98abf0989f157f153740fe0fadfbb760)
    #6 0x7ff5c6f3aa71  (/usr/lib/llvm-20/lib/libLLVM.so.20.1+0x301ea71) (BuildId: b856c61f98abf0989f157f153740fe0fadfbb760)
    #7 0x7ff5c7b28d6b  (/usr/lib/llvm-20/lib/libLLVM.so.20.1+0x3c0cd6b) (BuildId: b856c61f98abf0989f157f153740fe0fadfbb760)
    #8 0x7ff5c7b6091a  (/usr/lib/llvm-20/lib/libLLVM.so.20.1+0x3c4491a) (BuildId: b856c61f98abf0989f157f153740fe0fadfbb760)
    #9 0x7ff5c7b6188a  (/usr/lib/llvm-20/lib/libLLVM.so.20.1+0x3c4588a) (BuildId: b856c61f98abf0989f157f153740fe0fadfbb760)
    #10 0x7ff5c7b62a6c  (/usr/lib/llvm-20/lib/libLLVM.so.20.1+0x3c46a6c) (BuildId: b856c61f98abf0989f157f153740fe0fadfbb760)
    #11 0x55ca91648523 in llvm::Target::createTargetMachine(llvm::StringRef, llvm::StringRef, llvm::StringRef, llvm::TargetOptions const&, std::optional<llvm::Reloc::Model>, std::optional<llvm::CodeModel::Model>, llvm::CodeGenOptLevel, bool) const /usr/lib/llvm-20/include/llvm/MC/TargetRegistry.h:462:12
    #12 0x55ca9163a09e in tsc::TargetRegistry::initializeAllTargets() /workspace/src/TargetRegistry.cpp:67:41
    #13 0x55ca9162bdcd in tsc::Compiler::initializeLLVM() /workspace/src/Compiler.cpp:349:14
    #14 0x55ca9162b8b7 in tsc::Compiler::Compiler(tsc::CompilerOptions const&) /workspace/src/Compiler.cpp:24:5
    #15 0x55ca915fd7b5 in main /workspace/src/main.cpp:191:18
    #16 0x7ff5c395a337  (/lib/x86_64-linux-gnu/libc.so.6+0x2a337) (BuildId: 467f544f15035abef911999cbc14489edd0555ab)
    #17 0x7ff5c395a3fa in __libc_start_main (/lib/x86_64-linux-gnu/libc.so.6+0x2a3fa) (BuildId: 467f544f15035abef911999cbc14489edd0555ab)
    #18 0x55ca91511b64 in _start (/workspace/build-asan/tsc+0x74b64) (BuildId: 73a10d7cc646a755f705b0ae57418e68578aec2f)

Indirect leak of 112 byte(s) in 2 object(s) allocated from:
    #0 0x55ca915fa191 in operator new(unsigned long) (/workspace/build-asan/tsc+0x15d191) (BuildId: 73a10d7cc646a755f705b0ae57418e68578aec2f)
    #1 0x7ff5c59b6da2  (/usr/lib/llvm-20/lib/libLLVM.so.20.1+0x1a9ada2) (BuildId: b856c61f98abf0989f157f153740fe0fadfbb760)
    #2 0x7ff5c6f3998b  (/usr/lib/llvm-20/lib/libLLVM.so.20.1+0x301d98b) (BuildId: b856c61f98abf0989f157f153740fe0fadfbb760)
    #3 0x7ff5c6f398a6  (/usr/lib/llvm-20/lib/libLLVM.so.20.1+0x301d8a6) (BuildId: b856c61f98abf0989f157f153740fe0fadfbb760)
    #4 0x7ff5c7b28a1b  (/usr/lib/llvm-20/lib/libLLVM.so.20.1+0x3c0ca1b) (BuildId: b856c61f98abf0989f157f153740fe0fadfbb760)
    #5 0x7ff5c7b6091a  (/usr/lib/llvm-20/lib/libLLVM.so.20.1+0x3c4491a) (BuildId: b856c61f98abf0989f157f153740fe0fadfbb760)
    #6 0x7ff5c7b6188a  (/usr/lib/llvm-20/lib/libLLVM.so.20.1+0x3c4588a) (BuildId: b856c61f98abf0989f157f153740fe0fadfbb760)
    #7 0x7ff5c7b62a6c  (/usr/lib/llvm-20/lib/libLLVM.so.20.1+0x3c46a6c) (BuildId: b856c61f98abf0989f157f153740fe0fadfbb760)
    #8 0x55ca91648523 in llvm::Target::createTargetMachine(llvm::StringRef, llvm::StringRef, llvm::StringRef, llvm::TargetOptions const&, std::optional<llvm::Reloc::Model>, std::optional<llvm::CodeModel::Model>, llvm::CodeGenOptLevel, bool) const /usr/lib/llvm-20/include/llvm/MC/TargetRegistry.h:462:12
    #9 0x55ca9163a09e in tsc::TargetRegistry::initializeAllTargets() /workspace/src/TargetRegistry.cpp:67:41
    #10 0x55ca9162bdcd in tsc::Compiler::initializeLLVM() /workspace/src/Compiler.cpp:349:14
    #11 0x55ca9162b8b7 in tsc::Compiler::Compiler(tsc::CompilerOptions const&) /workspace/src/Compiler.cpp:24:5
    #12 0x55ca915fd7b5 in main /workspace/src/main.cpp:191:18
    #13 0x7ff5c395a337  (/lib/x86_64-linux-gnu/libc.so.6+0x2a337) (BuildId: 467f544f15035abef911999cbc14489edd0555ab)
    #14 0x7ff5c395a3fa in __libc_start_main (/lib/x86_64-linux-gnu/libc.so.6+0x2a3fa) (BuildId: 467f544f15035abef911999cbc14489edd0555ab)
    #15 0x55ca91511b64 in _start (/workspace/build-asan/tsc+0x74b64) (BuildId: 73a10d7cc646a755f705b0ae57418e68578aec2f)

Indirect leak of 112 byte(s) in 2 object(s) allocated from:
    #0 0x55ca915fa191 in operator new(unsigned long) (/workspace/build-asan/tsc+0x15d191) (BuildId: 73a10d7cc646a755f705b0ae57418e68578aec2f)
    #1 0x7ff5c59b6da2  (/usr/lib/llvm-20/lib/libLLVM.so.20.1+0x1a9ada2) (BuildId: b856c61f98abf0989f157f153740fe0fadfbb760)
    #2 0x7ff5c6f3998b  (/usr/lib/llvm-20/lib/libLLVM.so.20.1+0x301d98b) (BuildId: b856c61f98abf0989f157f153740fe0fadfbb760)
    #3 0x7ff5c6f398a6  (/usr/lib/llvm-20/lib/libLLVM.so.20.1+0x301d8a6) (BuildId: b856c61f98abf0989f157f153740fe0fadfbb760)
    #4 0x7ff5c7b286d3  (/usr/lib/llvm-20/lib/libLLVM.so.20.1+0x3c0c6d3) (BuildId: b856c61f98abf0989f157f153740fe0fadfbb760)
    #5 0x7ff5c7b6091a  (/usr/lib/llvm-20/lib/libLLVM.so.20.1+0x3c4491a) (BuildId: b856c61f98abf0989f157f153740fe0fadfbb760)
    #6 0x7ff5c7b6188a  (/usr/lib/llvm-20/lib/libLLVM.so.20.1+0x3c4588a) (BuildId: b856c61f98abf0989f157f153740fe0fadfbb760)
    #7 0x7ff5c7b62a6c  (/usr/lib/llvm-20/lib/libLLVM.so.20.1+0x3c46a6c) (BuildId: b856c61f98abf0989f157f153740fe0fadfbb760)
    #8 0x55ca91648523 in llvm::Target::createTargetMachine(llvm::StringRef, llvm::StringRef, llvm::StringRef, llvm::TargetOptions const&, std::optional<llvm::Reloc::Model>, std::optional<llvm::CodeModel::Model>, llvm::CodeGenOptLevel, bool) const /usr/lib/llvm-20/include/llvm/MC/TargetRegistry.h:462:12
    #9 0x55ca9163a09e in tsc::TargetRegistry::initializeAllTargets() /workspace/src/TargetRegistry.cpp:67:41
    #10 0x55ca9162bdcd in tsc::Compiler::initializeLLVM() /workspace/src/Compiler.cpp:349:14
    #11 0x55ca9162b8b7 in tsc::Compiler::Compiler(tsc::CompilerOptions const&) /workspace/src/Compiler.cpp:24:5
    #12 0x55ca915fd7b5 in main /workspace/src/main.cpp:191:18
    #13 0x7ff5c395a337  (/lib/x86_64-linux-gnu/libc.so.6+0x2a337) (BuildId: 467f544f15035abef911999cbc14489edd0555ab)
    #14 0x7ff5c395a3fa in __libc_start_main (/lib/x86_64-linux-gnu/libc.so.6+0x2a3fa) (BuildId: 467f544f15035abef911999cbc14489edd0555ab)
    #15 0x55ca91511b64 in _start (/workspace/build-asan/tsc+0x74b64) (BuildId: 73a10d7cc646a755f705b0ae57418e68578aec2f)

Indirect leak of 112 byte(s) in 2 object(s) allocated from:
    #0 0x55ca915fa191 in operator new(unsigned long) (/workspace/build-asan/tsc+0x15d191) (BuildId: 73a10d7cc646a755f705b0ae57418e68578aec2f)
    #1 0x7ff5c59b6da2  (/usr/lib/llvm-20/lib/libLLVM.so.20.1+0x1a9ada2) (BuildId: b856c61f98abf0989f157f153740fe0fadfbb760)
    #2 0x7ff5c6f3b039  (/usr/lib/llvm-20/lib/libLLVM.so.20.1+0x301f039) (BuildId: b856c61f98abf0989f157f153740fe0fadfbb760)
    #3 0x7ff5c6f3af97  (/usr/lib/llvm-20/lib/libLLVM.so.20.1+0x301ef97) (BuildId: b856c61f98abf0989f157f153740fe0fadfbb760)
    #4 0x7ff5c6f3998b  (/usr/lib/llvm-20/lib/libLLVM.so.20.1+0x301d98b) (BuildId: b856c61f98abf0989f157f153740fe0fadfbb760)
    #5 0x7ff5c6f398a6  (/usr/lib/llvm-20/lib/libLLVM.so.20.1+0x301d8a6) (BuildId: b856c61f98abf0989f157f153740fe0fadfbb760)
    #6 0x7ff5c6f3aa71  (/usr/lib/llvm-20/lib/libLLVM.so.20.1+0x301ea71) (BuildId: b856c61f98abf0989f157f153740fe0fadfbb760)
    #7 0x7ff5c7b29e11  (/usr/lib/llvm-20/lib/libLLVM.so.20.1+0x3c0de11) (BuildId: b856c61f98abf0989f157f153740fe0fadfbb760)
    #8 0x7ff5c7b6091a  (/usr/lib/llvm-20/lib/libLLVM.so.20.1+0x3c4491a) (BuildId: b856c61f98abf0989f157f153740fe0fadfbb760)
    #9 0x7ff5c7b61710  (/usr/lib/llvm-20/lib/libLLVM.so.20.1+0x3c45710) (BuildId: b856c61f98abf0989f157f153740fe0fadfbb760)
    #10 0x7ff5c7b62a6c  (/usr/lib/llvm-20/lib/libLLVM.so.20.1+0x3c46a6c) (BuildId: b856c61f98abf0989f157f153740fe0fadfbb760)
    #11 0x55ca91648523 in llvm::Target::createTargetMachine(llvm::StringRef, llvm::StringRef, llvm::StringRef, llvm::TargetOptions const&, std::optional<llvm::Reloc::Model>, std::optional<llvm::CodeModel::Model>, llvm::CodeGenOptLevel, bool) const /usr/lib/llvm-20/include/llvm/MC/TargetRegistry.h:462:12
    #12 0x55ca9163a09e in tsc::TargetRegistry::initializeAllTargets() /workspace/src/TargetRegistry.cpp:67:41
    #13 0x55ca9162bdcd in tsc::Compiler::initializeLLVM() /workspace/src/Compiler.cpp:349:14
    #14 0x55ca9162b8b7 in tsc::Compiler::Compiler(tsc::CompilerOptions const&) /workspace/src/Compiler.cpp:24:5
    #15 0x55ca915fd7b5 in main /workspace/src/main.cpp:191:18
    #16 0x7ff5c395a337  (/lib/x86_64-linux-gnu/libc.so.6+0x2a337) (BuildId: 467f544f15035abef911999cbc14489edd0555ab)
    #17 0x7ff5c395a3fa in __libc_start_main (/lib/x86_64-linux-gnu/libc.so.6+0x2a3fa) (BuildId: 467f544f15035abef911999cbc14489edd0555ab)
    #18 0x55ca91511b64 in _start (/workspace/build-asan/tsc+0x74b64) (BuildId: 73a10d7cc646a755f705b0ae57418e68578aec2f)

Indirect leak of 112 byte(s) in 2 object(s) allocated from:
    #0 0x55ca915fa191 in operator new(unsigned long) (/workspace/build-asan/tsc+0x15d191) (BuildId: 73a10d7cc646a755f705b0ae57418e68578aec2f)
    #1 0x7ff5c59b6da2  (/usr/lib/llvm-20/lib/libLLVM.so.20.1+0x1a9ada2) (BuildId: b856c61f98abf0989f157f153740fe0fadfbb760)
    #2 0x7ff5c6f3b008  (/usr/lib/llvm-20/lib/libLLVM.so.20.1+0x301f008) (BuildId: b856c61f98abf0989f157f153740fe0fadfbb760)
    #3 0x7ff5c6f3af97  (/usr/lib/llvm-20/lib/libLLVM.so.20.1+0x301ef97) (BuildId: b856c61f98abf0989f157f153740fe0fadfbb760)
    #4 0x7ff5c6f3998b  (/usr/lib/llvm-20/lib/libLLVM.so.20.1+0x301d98b) (BuildId: b856c61f98abf0989f157f153740fe0fadfbb760)
    #5 0x7ff5c6f398a6  (/usr/lib/llvm-20/lib/libLLVM.so.20.1+0x301d8a6) (BuildId: b856c61f98abf0989f157f153740fe0fadfbb760)
    #6 0x7ff5c6f3aa71  (/usr/lib/llvm-20/lib/libLLVM.so.20.1+0x301ea71) (BuildId: b856c61f98abf0989f157f153740fe0fadfbb760)
    #7 0x7ff5c7b29e11  (/usr/lib/llvm-20/lib/libLLVM.so.20.1+0x3c0de11) (BuildId: b856c61f98abf0989f157f153740fe0fadfbb760)
    #8 0x7ff5c7b6091a  (/usr/lib/llvm-20/lib/libLLVM.so.20.1+0x3c4491a) (BuildId: b856c61f98abf0989f157f153740fe0fadfbb760)
    #9 0x7ff5c7b61710  (/usr/lib/llvm-20/lib/libLLVM.so.20.1+0x3c45710) (BuildId: b856c61f98abf0989f157f153740fe0fadfbb760)
    #10 0x7ff5c7b62a6c  (/usr/lib/llvm-20/lib/libLLVM.so.20.1+0x3c46a6c) (BuildId: b856c61f98abf0989f157f153740fe0fadfbb760)
    #11 0x55ca91648523 in llvm::Target::createTargetMachine(llvm::StringRef, llvm::StringRef, llvm::StringRef, llvm::TargetOptions const&, std::optional<llvm::Reloc::Model>, std::optional<llvm::CodeModel::Model>, llvm::CodeGenOptLevel, bool) const /usr/lib/llvm-20/include/llvm/MC/TargetRegistry.h:462:12
    #12 0x55ca9163a09e in tsc::TargetRegistry::initializeAllTargets() /workspace/src/TargetRegistry.cpp:67:41
    #13 0x55ca9162bdcd in tsc::Compiler::initializeLLVM() /workspace/src/Compiler.cpp:349:14
    #14 0x55ca9162b8b7 in tsc::Compiler::Compiler(tsc::CompilerOptions const&) /workspace/src/Compiler.cpp:24:5
    #15 0x55ca915fd7b5 in main /workspace/src/main.cpp:191:18
    #16 0x7ff5c395a337  (/lib/x86_64-linux-gnu/libc.so.6+0x2a337) (BuildId: 467f544f15035abef911999cbc14489edd0555ab)
    #17 0x7ff5c395a3fa in __libc_start_main (/lib/x86_64-linux-gnu/libc.so.6+0x2a3fa) (BuildId: 467f544f15035abef911999cbc14489edd0555ab)
    #18 0x55ca91511b64 in _start (/workspace/build-asan/tsc+0x74b64) (BuildId: 73a10d7cc646a755f705b0ae57418e68578aec2f)

Indirect leak of 112 byte(s) in 2 object(s) allocated from:
    #0 0x55ca915fa191 in operator new(unsigned long) (/workspace/build-asan/tsc+0x15d191) (BuildId: 73a10d7cc646a755f705b0ae57418e68578aec2f)
    #1 0x7ff5c59b6da2  (/usr/lib/llvm-20/lib/libLLVM.so.20.1+0x1a9ada2) (BuildId: b856c61f98abf0989f157f153740fe0fadfbb760)
    #2 0x7ff5c6f3b039  (/usr/lib/llvm-20/lib/libLLVM.so.20.1+0x301f039) (BuildId: b856c61f98abf0989f157f153740fe0fadfbb760)
    #3 0x7ff5c6f3af97  (/usr/lib/llvm-20/lib/libLLVM.so.20.1+0x301ef97) (BuildId: b856c61f98abf0989f157f153740fe0fadfbb760)
    #4 0x7ff5c6f3998b  (/usr/lib/llvm-20/lib/libLLVM.so.20.1+0x301d98b) (BuildId: b856c61f98abf0989f157f153740fe0fadfbb760)
    #5 0x7ff5c6f398a6  (/usr/lib/llvm-20/lib/libLLVM.so.20.1+0x301d8a6) (BuildId: b856c61f98abf0989f157f153740fe0fadfbb760)
    #6 0x7ff5c6f3aa71  (/usr/lib/llvm-20/lib/libLLVM.so.20.1+0x301ea71) (BuildId: b856c61f98abf0989f157f153740fe0fadfbb760)
    #7 0x7ff5c7b29ddf  (/usr/lib/llvm-20/lib/libLLVM.so.20.1+0x3c0dddf) (BuildId: b856c61f98abf0989f157f153740fe0fadfbb760)
    #8 0x7ff5c7b6091a  (/usr/lib/llvm-20/lib/libLLVM.so.20.1+0x3c4491a) (BuildId: b856c61f98abf0989f157f153740fe0fadfbb760)
    #9 0x7ff5c7b61710  (/usr/lib/llvm-20/lib/libLLVM.so.20.1+0x3c45710) (BuildId: b856c61f98abf0989f157f153740fe0fadfbb760)
    #10 0x7ff5c7b62a6c  (/usr/lib/llvm-20/lib/libLLVM.so.20.1+0x3c46a6c) (BuildId: b856c61f98abf0989f157f153740fe0fadfbb760)
    #11 0x55ca91648523 in llvm::Target::createTargetMachine(llvm::StringRef, llvm::StringRef, llvm::StringRef, llvm::TargetOptions const&, std::optional<llvm::Reloc::Model>, std::optional<llvm::CodeModel::Model>, llvm::CodeGenOptLevel, bool) const /usr/lib/llvm-20/include/llvm/MC/TargetRegistry.h:462:12
    #12 0x55ca9163a09e in tsc::TargetRegistry::initializeAllTargets() /workspace/src/TargetRegistry.cpp:67:41
    #13 0x55ca9162bdcd in tsc::Compiler::initializeLLVM() /workspace/src/Compiler.cpp:349:14
    #14 0x55ca9162b8b7 in tsc::Compiler::Compiler(tsc::CompilerOptions const&) /workspace/src/Compiler.cpp:24:5
    #15 0x55ca915fd7b5 in main /workspace/src/main.cpp:191:18
    #16 0x7ff5c395a337  (/lib/x86_64-linux-gnu/libc.so.6+0x2a337) (BuildId: 467f544f15035abef911999cbc14489edd0555ab)
    #17 0x7ff5c395a3fa in __libc_start_main (/lib/x86_64-linux-gnu/libc.so.6+0x2a3fa) (BuildId: 467f544f15035abef911999cbc14489edd0555ab)
    #18 0x55ca91511b64 in _start (/workspace/build-asan/tsc+0x74b64) (BuildId: 73a10d7cc646a755f705b0ae57418e68578aec2f)

Indirect leak of 112 byte(s) in 2 object(s) allocated from:
    #0 0x55ca915fa191 in operator new(unsigned long) (/workspace/build-asan/tsc+0x15d191) (BuildId: 73a10d7cc646a755f705b0ae57418e68578aec2f)
    #1 0x7ff5c59b6da2  (/usr/lib/llvm-20/lib/libLLVM.so.20.1+0x1a9ada2) (BuildId: b856c61f98abf0989f157f153740fe0fadfbb760)
    #2 0x7ff5c6f3b008  (/usr/lib/llvm-20/lib/libLLVM.so.20.1+0x301f008) (BuildId: b856c61f98abf0989f157f153740fe0fadfbb760)
    #3 0x7ff5c6f3af97  (/usr/lib/llvm-20/lib/libLLVM.so.20.1+0x301ef97) (BuildId: b856c61f98abf0989f157f153740fe0fadfbb760)
    #4 0x7ff5c6f3998b  (/usr/lib/llvm-20/lib/libLLVM.so.20.1+0x301d98b) (BuildId: b856c61f98abf0989f157f153740fe0fadfbb760)
    #5 0x7ff5c6f398a6  (/usr/lib/llvm-20/lib/libLLVM.so.20.1+0x301d8a6) (BuildId: b856c61f98abf0989f157f153740fe0fadfbb760)
    #6 0x7ff5c6f3aa71  (/usr/lib/llvm-20/lib/libLLVM.so.20.1+0x301ea71) (BuildId: b856c61f98abf0989f157f153740fe0fadfbb760)
    #7 0x7ff5c7b29ddf  (/usr/lib/llvm-20/lib/libLLVM.so.20.1+0x3c0dddf) (BuildId: b856c61f98abf0989f157f153740fe0fadfbb760)
    #8 0x7ff5c7b6091a  (/usr/lib/llvm-20/lib/libLLVM.so.20.1+0x3c4491a) (BuildId: b856c61f98abf0989f157f153740fe0fadfbb760)
    #9 0x7ff5c7b61710  (/usr/lib/llvm-20/lib/libLLVM.so.20.1+0x3c45710) (BuildId: b856c61f98abf0989f157f153740fe0fadfbb760)
    #10 0x7ff5c7b62a6c  (/usr/lib/llvm-20/lib/libLLVM.so.20.1+0x3c46a6c) (BuildId: b856c61f98abf0989f157f153740fe0fadfbb760)
    #11 0x55ca91648523 in llvm::Target::createTargetMachine(llvm::StringRef, llvm::StringRef, llvm::StringRef, llvm::TargetOptions const&, std::optional<llvm::Reloc::Model>, std::optional<llvm::CodeModel::Model>, llvm::CodeGenOptLevel, bool) const /usr/lib/llvm-20/include/llvm/MC/TargetRegistry.h:462:12
    #12 0x55ca9163a09e in tsc::TargetRegistry::initializeAllTargets() /workspace/src/TargetRegistry.cpp:67:41
    #13 0x55ca9162bdcd in tsc::Compiler::initializeLLVM() /workspace/src/Compiler.cpp:349:14
    #14 0x55ca9162b8b7 in tsc::Compiler::Compiler(tsc::CompilerOptions const&) /workspace/src/Compiler.cpp:24:5
    #15 0x55ca915fd7b5 in main /workspace/src/main.cpp:191:18
    #16 0x7ff5c395a337  (/lib/x86_64-linux-gnu/libc.so.6+0x2a337) (BuildId: 467f544f15035abef911999cbc14489edd0555ab)
    #17 0x7ff5c395a3fa in __libc_start_main (/lib/x86_64-linux-gnu/libc.so.6+0x2a3fa) (BuildId: 467f544f15035abef911999cbc14489edd0555ab)
    #18 0x55ca91511b64 in _start (/workspace/build-asan/tsc+0x74b64) (BuildId: 73a10d7cc646a755f705b0ae57418e68578aec2f)

Indirect leak of 112 byte(s) in 2 object(s) allocated from:
    #0 0x55ca915fa191 in operator new(unsigned long) (/workspace/build-asan/tsc+0x15d191) (BuildId: 73a10d7cc646a755f705b0ae57418e68578aec2f)
    #1 0x7ff5c59b6da2  (/usr/lib/llvm-20/lib/libLLVM.so.20.1+0x1a9ada2) (BuildId: b856c61f98abf0989f157f153740fe0fadfbb760)
    #2 0x7ff5c6f3b039  (/usr/lib/llvm-20/lib/libLLVM.so.20.1+0x301f039) (BuildId: b856c61f98abf0989f157f153740fe0fadfbb760)
    #3 0x7ff5c6f3af97  (/usr/lib/llvm-20/lib/libLLVM.so.20.1+0x301ef97) (BuildId: b856c61f98abf0989f157f153740fe0fadfbb760)
    #4 0x7ff5c6f3998b  (/usr/lib/llvm-20/lib/libLLVM.so.20.1+0x301d98b) (BuildId: b856c61f98abf0989f157f153740fe0fadfbb760)
    #5 0x7ff5c6f398a6  (/usr/lib/llvm-20/lib/libLLVM.so.20.1+0x301d8a6) (BuildId: b856c61f98abf0989f157f153740fe0fadfbb760)
    #6 0x7ff5c6f3aa71  (/usr/lib/llvm-20/lib/libLLVM.so.20.1+0x301ea71) (BuildId: b856c61f98abf0989f157f153740fe0fadfbb760)
    #7 0x7ff5c7b29d8d  (/usr/lib/llvm-20/lib/libLLVM.so.20.1+0x3c0dd8d) (BuildId: b856c61f98abf0989f157f153740fe0fadfbb760)
    #8 0x7ff5c7b6091a  (/usr/lib/llvm-20/lib/libLLVM.so.20.1+0x3c4491a) (BuildId: b856c61f98abf0989f157f153740fe0fadfbb760)
    #9 0x7ff5c7b61710  (/usr/lib/llvm-20/lib/libLLVM.so.20.1+0x3c45710) (BuildId: b856c61f98abf0989f157f153740fe0fadfbb760)
    #10 0x7ff5c7b62a6c  (/usr/lib/llvm-20/lib/libLLVM.so.20.1+0x3c46a6c) (BuildId: b856c61f98abf0989f157f153740fe0fadfbb760)
    #11 0x55ca91648523 in llvm::Target::createTargetMachine(llvm::StringRef, llvm::StringRef, llvm::StringRef, llvm::TargetOptions const&, std::optional<llvm::Reloc::Model>, std::optional<llvm::CodeModel::Model>, llvm::CodeGenOptLevel, bool) const /usr/lib/llvm-20/include/llvm/MC/TargetRegistry.h:462:12
    #12 0x55ca9163a09e in tsc::TargetRegistry::initializeAllTargets() /workspace/src/TargetRegistry.cpp:67:41
    #13 0x55ca9162bdcd in tsc::Compiler::initializeLLVM() /workspace/src/Compiler.cpp:349:14
    #14 0x55ca9162b8b7 in tsc::Compiler::Compiler(tsc::CompilerOptions const&) /workspace/src/Compiler.cpp:24:5
    #15 0x55ca915fd7b5 in main /workspace/src/main.cpp:191:18
    #16 0x7ff5c395a337  (/lib/x86_64-linux-gnu/libc.so.6+0x2a337) (BuildId: 467f544f15035abef911999cbc14489edd0555ab)
    #17 0x7ff5c395a3fa in __libc_start_main (/lib/x86_64-linux-gnu/libc.so.6+0x2a3fa) (BuildId: 467f544f15035abef911999cbc14489edd0555ab)
    #18 0x55ca91511b64 in _start (/workspace/build-asan/tsc+0x74b64) (BuildId: 73a10d7cc646a755f705b0ae57418e68578aec2f)

Indirect leak of 112 byte(s) in 2 object(s) allocated from:
    #0 0x55ca915fa191 in operator new(unsigned long) (/workspace/build-asan/tsc+0x15d191) (BuildId: 73a10d7cc646a755f705b0ae57418e68578aec2f)
    #1 0x7ff5c59b6da2  (/usr/lib/llvm-20/lib/libLLVM.so.20.1+0x1a9ada2) (BuildId: b856c61f98abf0989f157f153740fe0fadfbb760)
    #2 0x7ff5c6f3b008  (/usr/lib/llvm-20/lib/libLLVM.so.20.1+0x301f008) (BuildId: b856c61f98abf0989f157f153740fe0fadfbb760)
    #3 0x7ff5c6f3af97  (/usr/lib/llvm-20/lib/libLLVM.so.20.1+0x301ef97) (BuildId: b856c61f98abf0989f157f153740fe0fadfbb760)
    #4 0x7ff5c6f3998b  (/usr/lib/llvm-20/lib/libLLVM.so.20.1+0x301d98b) (BuildId: b856c61f98abf0989f157f153740fe0fadfbb760)
    #5 0x7ff5c6f398a6  (/usr/lib/llvm-20/lib/libLLVM.so.20.1+0x301d8a6) (BuildId: b856c61f98abf0989f157f153740fe0fadfbb760)
    #6 0x7ff5c6f3aa71  (/usr/lib/llvm-20/lib/libLLVM.so.20.1+0x301ea71) (BuildId: b856c61f98abf0989f157f153740fe0fadfbb760)
    #7 0x7ff5c7b29d8d  (/usr/lib/llvm-20/lib/libLLVM.so.20.1+0x3c0dd8d) (BuildId: b856c61f98abf0989f157f153740fe0fadfbb760)
    #8 0x7ff5c7b6091a  (/usr/lib/llvm-20/lib/libLLVM.so.20.1+0x3c4491a) (BuildId: b856c61f98abf0989f157f153740fe0fadfbb760)
    #9 0x7ff5c7b61710  (/usr/lib/llvm-20/lib/libLLVM.so.20.1+0x3c45710) (BuildId: b856c61f98abf0989f157f153740fe0fadfbb760)
    #10 0x7ff5c7b62a6c  (/usr/lib/llvm-20/lib/libLLVM.so.20.1+0x3c46a6c) (BuildId: b856c61f98abf0989f157f153740fe0fadfbb760)
    #11 0x55ca91648523 in llvm::Target::createTargetMachine(llvm::StringRef, llvm::StringRef, llvm::StringRef, llvm::TargetOptions const&, std::optional<llvm::Reloc::Model>, std::optional<llvm::CodeModel::Model>, llvm::CodeGenOptLevel, bool) const /usr/lib/llvm-20/include/llvm/MC/TargetRegistry.h:462:12
    #12 0x55ca9163a09e in tsc::TargetRegistry::initializeAllTargets() /workspace/src/TargetRegistry.cpp:67:41
    #13 0x55ca9162bdcd in tsc::Compiler::initializeLLVM() /workspace/src/Compiler.cpp:349:14
    #14 0x55ca9162b8b7 in tsc::Compiler::Compiler(tsc::CompilerOptions const&) /workspace/src/Compiler.cpp:24:5
    #15 0x55ca915fd7b5 in main /workspace/src/main.cpp:191:18
    #16 0x7ff5c395a337  (/lib/x86_64-linux-gnu/libc.so.6+0x2a337) (BuildId: 467f544f15035abef911999cbc14489edd0555ab)
    #17 0x7ff5c395a3fa in __libc_start_main (/lib/x86_64-linux-gnu/libc.so.6+0x2a3fa) (BuildId: 467f544f15035abef911999cbc14489edd0555ab)
    #18 0x55ca91511b64 in _start (/workspace/build-asan/tsc+0x74b64) (BuildId: 73a10d7cc646a755f705b0ae57418e68578aec2f)

Indirect leak of 112 byte(s) in 2 object(s) allocated from:
    #0 0x55ca915fa191 in operator new(unsigned long) (/workspace/build-asan/tsc+0x15d191) (BuildId: 73a10d7cc646a755f705b0ae57418e68578aec2f)
    #1 0x7ff5c59b6da2  (/usr/lib/llvm-20/lib/libLLVM.so.20.1+0x1a9ada2) (BuildId: b856c61f98abf0989f157f153740fe0fadfbb760)
    #2 0x7ff5c6f3b039  (/usr/lib/llvm-20/lib/libLLVM.so.20.1+0x301f039) (BuildId: b856c61f98abf0989f157f153740fe0fadfbb760)
    #3 0x7ff5c6f3af97  (/usr/lib/llvm-20/lib/libLLVM.so.20.1+0x301ef97) (BuildId: b856c61f98abf0989f157f153740fe0fadfbb760)
    #4 0x7ff5c6f3998b  (/usr/lib/llvm-20/lib/libLLVM.so.20.1+0x301d98b) (BuildId: b856c61f98abf0989f157f153740fe0fadfbb760)
    #5 0x7ff5c6f398a6  (/usr/lib/llvm-20/lib/libLLVM.so.20.1+0x301d8a6) (BuildId: b856c61f98abf0989f157f153740fe0fadfbb760)
    #6 0x7ff5c6f3aa71  (/usr/lib/llvm-20/lib/libLLVM.so.20.1+0x301ea71) (BuildId: b856c61f98abf0989f157f153740fe0fadfbb760)
    #7 0x7ff5c7b29d5b  (/usr/lib/llvm-20/lib/libLLVM.so.20.1+0x3c0dd5b) (BuildId: b856c61f98abf0989f157f153740fe0fadfbb760)
    #8 0x7ff5c7b6091a  (/usr/lib/llvm-20/lib/libLLVM.so.20.1+0x3c4491a) (BuildId: b856c61f98abf0989f157f153740fe0fadfbb760)
    #9 0x7ff5c7b61710  (/usr/lib/llvm-20/lib/libLLVM.so.20.1+0x3c45710) (BuildId: b856c61f98abf0989f157f153740fe0fadfbb760)
    #10 0x7ff5c7b62a6c  (/usr/lib/llvm-20/lib/libLLVM.so.20.1+0x3c46a6c) (BuildId: b856c61f98abf0989f157f153740fe0fadfbb760)
    #11 0x55ca91648523 in llvm::Target::createTargetMachine(llvm::StringRef, llvm::StringRef, llvm::StringRef, llvm::TargetOptions const&, std::optional<llvm::Reloc::Model>, std::optional<llvm::CodeModel::Model>, llvm::CodeGenOptLevel, bool) const /usr/lib/llvm-20/include/llvm/MC/TargetRegistry.h:462:12
    #12 0x55ca9163a09e in tsc::TargetRegistry::initializeAllTargets() /workspace/src/TargetRegistry.cpp:67:41
    #13 0x55ca9162bdcd in tsc::Compiler::initializeLLVM() /workspace/src/Compiler.cpp:349:14
    #14 0x55ca9162b8b7 in tsc::Compiler::Compiler(tsc::CompilerOptions const&) /workspace/src/Compiler.cpp:24:5
    #15 0x55ca915fd7b5 in main /workspace/src/main.cpp:191:18
    #16 0x7ff5c395a337  (/lib/x86_64-linux-gnu/libc.so.6+0x2a337) (BuildId: 467f544f15035abef911999cbc14489edd0555ab)
    #17 0x7ff5c395a3fa in __libc_start_main (/lib/x86_64-linux-gnu/libc.so.6+0x2a3fa) (BuildId: 467f544f15035abef911999cbc14489edd0555ab)
    #18 0x55ca91511b64 in _start (/workspace/build-asan/tsc+0x74b64) (BuildId: 73a10d7cc646a755f705b0ae57418e68578aec2f)

Indirect leak of 112 byte(s) in 2 object(s) allocated from:
    #0 0x55ca915fa191 in operator new(unsigned long) (/workspace/build-asan/tsc+0x15d191) (BuildId: 73a10d7cc646a755f705b0ae57418e68578aec2f)
    #1 0x7ff5c59b6da2  (/usr/lib/llvm-20/lib/libLLVM.so.20.1+0x1a9ada2) (BuildId: b856c61f98abf0989f157f153740fe0fadfbb760)
    #2 0x7ff5c6f3b008  (/usr/lib/llvm-20/lib/libLLVM.so.20.1+0x301f008) (BuildId: b856c61f98abf0989f157f153740fe0fadfbb760)
    #3 0x7ff5c6f3af97  (/usr/lib/llvm-20/lib/libLLVM.so.20.1+0x301ef97) (BuildId: b856c61f98abf0989f157f153740fe0fadfbb760)
    #4 0x7ff5c6f3998b  (/usr/lib/llvm-20/lib/libLLVM.so.20.1+0x301d98b) (BuildId: b856c61f98abf0989f157f153740fe0fadfbb760)
    #5 0x7ff5c6f398a6  (/usr/lib/llvm-20/lib/libLLVM.so.20.1+0x301d8a6) (BuildId: b856c61f98abf0989f157f153740fe0fadfbb760)
    #6 0x7ff5c6f3aa71  (/usr/lib/llvm-20/lib/libLLVM.so.20.1+0x301ea71) (BuildId: b856c61f98abf0989f157f153740fe0fadfbb760)
    #7 0x7ff5c7b29d5b  (/usr/lib/llvm-20/lib/libLLVM.so.20.1+0x3c0dd5b) (BuildId: b856c61f98abf0989f157f153740fe0fadfbb760)
    #8 0x7ff5c7b6091a  (/usr/lib/llvm-20/lib/libLLVM.so.20.1+0x3c4491a) (BuildId: b856c61f98abf0989f157f153740fe0fadfbb760)
    #9 0x7ff5c7b61710  (/usr/lib/llvm-20/lib/libLLVM.so.20.1+0x3c45710) (BuildId: b856c61f98abf0989f157f153740fe0fadfbb760)
    #10 0x7ff5c7b62a6c  (/usr/lib/llvm-20/lib/libLLVM.so.20.1+0x3c46a6c) (BuildId: b856c61f98abf0989f157f153740fe0fadfbb760)
    #11 0x55ca91648523 in llvm::Target::createTargetMachine(llvm::StringRef, llvm::StringRef, llvm::StringRef, llvm::TargetOptions const&, std::optional<llvm::Reloc::Model>, std::optional<llvm::CodeModel::Model>, llvm::CodeGenOptLevel, bool) const /usr/lib/llvm-20/include/llvm/MC/TargetRegistry.h:462:12
    #12 0x55ca9163a09e in tsc::TargetRegistry::initializeAllTargets() /workspace/src/TargetRegistry.cpp:67:41
    #13 0x55ca9162bdcd in tsc::Compiler::initializeLLVM() /workspace/src/Compiler.cpp:349:14
    #14 0x55ca9162b8b7 in tsc::Compiler::Compiler(tsc::CompilerOptions const&) /workspace/src/Compiler.cpp:24:5
    #15 0x55ca915fd7b5 in main /workspace/src/main.cpp:191:18
    #16 0x7ff5c395a337  (/lib/x86_64-linux-gnu/libc.so.6+0x2a337) (BuildId: 467f544f15035abef911999cbc14489edd0555ab)
    #17 0x7ff5c395a3fa in __libc_start_main (/lib/x86_64-linux-gnu/libc.so.6+0x2a3fa) (BuildId: 467f544f15035abef911999cbc14489edd0555ab)
    #18 0x55ca91511b64 in _start (/workspace/build-asan/tsc+0x74b64) (BuildId: 73a10d7cc646a755f705b0ae57418e68578aec2f)

Indirect leak of 112 byte(s) in 2 object(s) allocated from:
    #0 0x55ca915fa191 in operator new(unsigned long) (/workspace/build-asan/tsc+0x15d191) (BuildId: 73a10d7cc646a755f705b0ae57418e68578aec2f)
    #1 0x7ff5c59b6da2  (/usr/lib/llvm-20/lib/libLLVM.so.20.1+0x1a9ada2) (BuildId: b856c61f98abf0989f157f153740fe0fadfbb760)
    #2 0x7ff5c6f3b039  (/usr/lib/llvm-20/lib/libLLVM.so.20.1+0x301f039) (BuildId: b856c61f98abf0989f157f153740fe0fadfbb760)
    #3 0x7ff5c6f3af97  (/usr/lib/llvm-20/lib/libLLVM.so.20.1+0x301ef97) (BuildId: b856c61f98abf0989f157f153740fe0fadfbb760)
    #4 0x7ff5c6f3998b  (/usr/lib/llvm-20/lib/libLLVM.so.20.1+0x301d98b) (BuildId: b856c61f98abf0989f157f153740fe0fadfbb760)
    #5 0x7ff5c6f398a6  (/usr/lib/llvm-20/lib/libLLVM.so.20.1+0x301d8a6) (BuildId: b856c61f98abf0989f157f153740fe0fadfbb760)
    #6 0x7ff5c6f3aa71  (/usr/lib/llvm-20/lib/libLLVM.so.20.1+0x301ea71) (BuildId: b856c61f98abf0989f157f153740fe0fadfbb760)
    #7 0x7ff5c7b29d0f  (/usr/lib/llvm-20/lib/libLLVM.so.20.1+0x3c0dd0f) (BuildId: b856c61f98abf0989f157f153740fe0fadfbb760)
    #8 0x7ff5c7b6091a  (/usr/lib/llvm-20/lib/libLLVM.so.20.1+0x3c4491a) (BuildId: b856c61f98abf0989f157f153740fe0fadfbb760)
    #9 0x7ff5c7b61710  (/usr/lib/llvm-20/lib/libLLVM.so.20.1+0x3c45710) (BuildId: b856c61f98abf0989f157f153740fe0fadfbb760)
    #10 0x7ff5c7b62a6c  (/usr/lib/llvm-20/lib/libLLVM.so.20.1+0x3c46a6c) (BuildId: b856c61f98abf0989f157f153740fe0fadfbb760)
    #11 0x55ca91648523 in llvm::Target::createTargetMachine(llvm::StringRef, llvm::StringRef, llvm::StringRef, llvm::TargetOptions const&, std::optional<llvm::Reloc::Model>, std::optional<llvm::CodeModel::Model>, llvm::CodeGenOptLevel, bool) const /usr/lib/llvm-20/include/llvm/MC/TargetRegistry.h:462:12
    #12 0x55ca9163a09e in tsc::TargetRegistry::initializeAllTargets() /workspace/src/TargetRegistry.cpp:67:41
    #13 0x55ca9162bdcd in tsc::Compiler::initializeLLVM() /workspace/src/Compiler.cpp:349:14
    #14 0x55ca9162b8b7 in tsc::Compiler::Compiler(tsc::CompilerOptions const&) /workspace/src/Compiler.cpp:24:5
    #15 0x55ca915fd7b5 in main /workspace/src/main.cpp:191:18
    #16 0x7ff5c395a337  (/lib/x86_64-linux-gnu/libc.so.6+0x2a337) (BuildId: 467f544f15035abef911999cbc14489edd0555ab)
    #17 0x7ff5c395a3fa in __libc_start_main (/lib/x86_64-linux-gnu/libc.so.6+0x2a3fa) (BuildId: 467f544f15035abef911999cbc14489edd0555ab)
    #18 0x55ca91511b64 in _start (/workspace/build-asan/tsc+0x74b64) (BuildId: 73a10d7cc646a755f705b0ae57418e68578aec2f)

Indirect leak of 112 byte(s) in 2 object(s) allocated from:
    #0 0x55ca915fa191 in operator new(unsigned long) (/workspace/build-asan/tsc+0x15d191) (BuildId: 73a10d7cc646a755f705b0ae57418e68578aec2f)
    #1 0x7ff5c59b6da2  (/usr/lib/llvm-20/lib/libLLVM.so.20.1+0x1a9ada2) (BuildId: b856c61f98abf0989f157f153740fe0fadfbb760)
    #2 0x7ff5c6f3b008  (/usr/lib/llvm-20/lib/libLLVM.so.20.1+0x301f008) (BuildId: b856c61f98abf0989f157f153740fe0fadfbb760)
    #3 0x7ff5c6f3af97  (/usr/lib/llvm-20/lib/libLLVM.so.20.1+0x301ef97) (BuildId: b856c61f98abf0989f157f153740fe0fadfbb760)
    #4 0x7ff5c6f3998b  (/usr/lib/llvm-20/lib/libLLVM.so.20.1+0x301d98b) (BuildId: b856c61f98abf0989f157f153740fe0fadfbb760)
    #5 0x7ff5c6f398a6  (/usr/lib/llvm-20/lib/libLLVM.so.20.1+0x301d8a6) (BuildId: b856c61f98abf0989f157f153740fe0fadfbb760)
    #6 0x7ff5c6f3aa71  (/usr/lib/llvm-20/lib/libLLVM.so.20.1+0x301ea71) (BuildId: b856c61f98abf0989f157f153740fe0fadfbb760)
    #7 0x7ff5c7b29d0f  (/usr/lib/llvm-20/lib/libLLVM.so.20.1+0x3c0dd0f) (BuildId: b856c61f98abf0989f157f153740fe0fadfbb760)
    #8 0x7ff5c7b6091a  (/usr/lib/llvm-20/lib/libLLVM.so.20.1+0x3c4491a) (BuildId: b856c61f98abf0989f157f153740fe0fadfbb760)
    #9 0x7ff5c7b61710  (/usr/lib/llvm-20/lib/libLLVM.so.20.1+0x3c45710) (BuildId: b856c61f98abf0989f157f153740fe0fadfbb760)
    #10 0x7ff5c7b62a6c  (/usr/lib/llvm-20/lib/libLLVM.so.20.1+0x3c46a6c) (BuildId: b856c61f98abf0989f157f153740fe0fadfbb760)
    #11 0x55ca91648523 in llvm::Target::createTargetMachine(llvm::StringRef, llvm::StringRef, llvm::StringRef, llvm::TargetOptions const&, std::optional<llvm::Reloc::Model>, std::optional<llvm::CodeModel::Model>, llvm::CodeGenOptLevel, bool) const /usr/lib/llvm-20/include/llvm/MC/TargetRegistry.h:462:12
    #12 0x55ca9163a09e in tsc::TargetRegistry::initializeAllTargets() /workspace/src/TargetRegistry.cpp:67:41
    #13 0x55ca9162bdcd in tsc::Compiler::initializeLLVM() /workspace/src/Compiler.cpp:349:14
    #14 0x55ca9162b8b7 in tsc::Compiler::Compiler(tsc::CompilerOptions const&) /workspace/src/Compiler.cpp:24:5
    #15 0x55ca915fd7b5 in main /workspace/src/main.cpp:191:18
    #16 0x7ff5c395a337  (/lib/x86_64-linux-gnu/libc.so.6+0x2a337) (BuildId: 467f544f15035abef911999cbc14489edd0555ab)
    #17 0x7ff5c395a3fa in __libc_start_main (/lib/x86_64-linux-gnu/libc.so.6+0x2a3fa) (BuildId: 467f544f15035abef911999cbc14489edd0555ab)
    #18 0x55ca91511b64 in _start (/workspace/build-asan/tsc+0x74b64) (BuildId: 73a10d7cc646a755f705b0ae57418e68578aec2f)

Indirect leak of 112 byte(s) in 2 object(s) allocated from:
    #0 0x55ca915fa191 in operator new(unsigned long) (/workspace/build-asan/tsc+0x15d191) (BuildId: 73a10d7cc646a755f705b0ae57418e68578aec2f)
    #1 0x7ff5c59b6da2  (/usr/lib/llvm-20/lib/libLLVM.so.20.1+0x1a9ada2) (BuildId: b856c61f98abf0989f157f153740fe0fadfbb760)
    #2 0x7ff5c6f3b039  (/usr/lib/llvm-20/lib/libLLVM.so.20.1+0x301f039) (BuildId: b856c61f98abf0989f157f153740fe0fadfbb760)
    #3 0x7ff5c6f3af97  (/usr/lib/llvm-20/lib/libLLVM.so.20.1+0x301ef97) (BuildId: b856c61f98abf0989f157f153740fe0fadfbb760)
    #4 0x7ff5c6f3998b  (/usr/lib/llvm-20/lib/libLLVM.so.20.1+0x301d98b) (BuildId: b856c61f98abf0989f157f153740fe0fadfbb760)
    #5 0x7ff5c6f398a6  (/usr/lib/llvm-20/lib/libLLVM.so.20.1+0x301d8a6) (BuildId: b856c61f98abf0989f157f153740fe0fadfbb760)
    #6 0x7ff5c6f3aa71  (/usr/lib/llvm-20/lib/libLLVM.so.20.1+0x301ea71) (BuildId: b856c61f98abf0989f157f153740fe0fadfbb760)
    #7 0x7ff5c7b29cdd  (/usr/lib/llvm-20/lib/libLLVM.so.20.1+0x3c0dcdd) (BuildId: b856c61f98abf0989f157f153740fe0fadfbb760)
    #8 0x7ff5c7b6091a  (/usr/lib/llvm-20/lib/libLLVM.so.20.1+0x3c4491a) (BuildId: b856c61f98abf0989f157f153740fe0fadfbb760)
    #9 0x7ff5c7b61710  (/usr/lib/llvm-20/lib/libLLVM.so.20.1+0x3c45710) (BuildId: b856c61f98abf0989f157f153740fe0fadfbb760)
    #10 0x7ff5c7b62a6c  (/usr/lib/llvm-20/lib/libLLVM.so.20.1+0x3c46a6c) (BuildId: b856c61f98abf0989f157f153740fe0fadfbb760)
    #11 0x55ca91648523 in llvm::Target::createTargetMachine(llvm::StringRef, llvm::StringRef, llvm::StringRef, llvm::TargetOptions const&, std::optional<llvm::Reloc::Model>, std::optional<llvm::CodeModel::Model>, llvm::CodeGenOptLevel, bool) const /usr/lib/llvm-20/include/llvm/MC/TargetRegistry.h:462:12
    #12 0x55ca9163a09e in tsc::TargetRegistry::initializeAllTargets() /workspace/src/TargetRegistry.cpp:67:41
    #13 0x55ca9162bdcd in tsc::Compiler::initializeLLVM() /workspace/src/Compiler.cpp:349:14
    #14 0x55ca9162b8b7 in tsc::Compiler::Compiler(tsc::CompilerOptions const&) /workspace/src/Compiler.cpp:24:5
    #15 0x55ca915fd7b5 in main /workspace/src/main.cpp:191:18
    #16 0x7ff5c395a337  (/lib/x86_64-linux-gnu/libc.so.6+0x2a337) (BuildId: 467f544f15035abef911999cbc14489edd0555ab)
    #17 0x7ff5c395a3fa in __libc_start_main (/lib/x86_64-linux-gnu/libc.so.6+0x2a3fa) (BuildId: 467f544f15035abef911999cbc14489edd0555ab)
    #18 0x55ca91511b64 in _start (/workspace/build-asan/tsc+0x74b64) (BuildId: 73a10d7cc646a755f705b0ae57418e68578aec2f)

Indirect leak of 112 byte(s) in 2 object(s) allocated from:
    #0 0x55ca915fa191 in operator new(unsigned long) (/workspace/build-asan/tsc+0x15d191) (BuildId: 73a10d7cc646a755f705b0ae57418e68578aec2f)
    #1 0x7ff5c59b6da2  (/usr/lib/llvm-20/lib/libLLVM.so.20.1+0x1a9ada2) (BuildId: b856c61f98abf0989f157f153740fe0fadfbb760)
    #2 0x7ff5c6f3b008  (/usr/lib/llvm-20/lib/libLLVM.so.20.1+0x301f008) (BuildId: b856c61f98abf0989f157f153740fe0fadfbb760)
    #3 0x7ff5c6f3af97  (/usr/lib/llvm-20/lib/libLLVM.so.20.1+0x301ef97) (BuildId: b856c61f98abf0989f157f153740fe0fadfbb760)
    #4 0x7ff5c6f3998b  (/usr/lib/llvm-20/lib/libLLVM.so.20.1+0x301d98b) (BuildId: b856c61f98abf0989f157f153740fe0fadfbb760)
    #5 0x7ff5c6f398a6  (/usr/lib/llvm-20/lib/libLLVM.so.20.1+0x301d8a6) (BuildId: b856c61f98abf0989f157f153740fe0fadfbb760)
    #6 0x7ff5c6f3aa71  (/usr/lib/llvm-20/lib/libLLVM.so.20.1+0x301ea71) (BuildId: b856c61f98abf0989f157f153740fe0fadfbb760)
    #7 0x7ff5c7b29cdd  (/usr/lib/llvm-20/lib/libLLVM.so.20.1+0x3c0dcdd) (BuildId: b856c61f98abf0989f157f153740fe0fadfbb760)
    #8 0x7ff5c7b6091a  (/usr/lib/llvm-20/lib/libLLVM.so.20.1+0x3c4491a) (BuildId: b856c61f98abf0989f157f153740fe0fadfbb760)
    #9 0x7ff5c7b61710  (/usr/lib/llvm-20/lib/libLLVM.so.20.1+0x3c45710) (BuildId: b856c61f98abf0989f157f153740fe0fadfbb760)
    #10 0x7ff5c7b62a6c  (/usr/lib/llvm-20/lib/libLLVM.so.20.1+0x3c46a6c) (BuildId: b856c61f98abf0989f157f153740fe0fadfbb760)
    #11 0x55ca91648523 in llvm::Target::createTargetMachine(llvm::StringRef, llvm::StringRef, llvm::StringRef, llvm::TargetOptions const&, std::optional<llvm::Reloc::Model>, std::optional<llvm::CodeModel::Model>, llvm::CodeGenOptLevel, bool) const /usr/lib/llvm-20/include/llvm/MC/TargetRegistry.h:462:12
    #12 0x55ca9163a09e in tsc::TargetRegistry::initializeAllTargets() /workspace/src/TargetRegistry.cpp:67:41
    #13 0x55ca9162bdcd in tsc::Compiler::initializeLLVM() /workspace/src/Compiler.cpp:349:14
    #14 0x55ca9162b8b7 in tsc::Compiler::Compiler(tsc::CompilerOptions const&) /workspace/src/Compiler.cpp:24:5
    #15 0x55ca915fd7b5 in main /workspace/src/main.cpp:191:18
    #16 0x7ff5c395a337  (/lib/x86_64-linux-gnu/libc.so.6+0x2a337) (BuildId: 467f544f15035abef911999cbc14489edd0555ab)
    #17 0x7ff5c395a3fa in __libc_start_main (/lib/x86_64-linux-gnu/libc.so.6+0x2a3fa) (BuildId: 467f544f15035abef911999cbc14489edd0555ab)
    #18 0x55ca91511b64 in _start (/workspace/build-asan/tsc+0x74b64) (BuildId: 73a10d7cc646a755f705b0ae57418e68578aec2f)

Indirect leak of 112 byte(s) in 2 object(s) allocated from:
    #0 0x55ca915fa191 in operator new(unsigned long) (/workspace/build-asan/tsc+0x15d191) (BuildId: 73a10d7cc646a755f705b0ae57418e68578aec2f)
    #1 0x7ff5c59b6da2  (/usr/lib/llvm-20/lib/libLLVM.so.20.1+0x1a9ada2) (BuildId: b856c61f98abf0989f157f153740fe0fadfbb760)
    #2 0x7ff5c6f3b039  (/usr/lib/llvm-20/lib/libLLVM.so.20.1+0x301f039) (BuildId: b856c61f98abf0989f157f153740fe0fadfbb760)
    #3 0x7ff5c6f3af97  (/usr/lib/llvm-20/lib/libLLVM.so.20.1+0x301ef97) (BuildId: b856c61f98abf0989f157f153740fe0fadfbb760)
    #4 0x7ff5c6f3998b  (/usr/lib/llvm-20/lib/libLLVM.so.20.1+0x301d98b) (BuildId: b856c61f98abf0989f157f153740fe0fadfbb760)
    #5 0x7ff5c6f398a6  (/usr/lib/llvm-20/lib/libLLVM.so.20.1+0x301d8a6) (BuildId: b856c61f98abf0989f157f153740fe0fadfbb760)
    #6 0x7ff5c6f3aa71  (/usr/lib/llvm-20/lib/libLLVM.so.20.1+0x301ea71) (BuildId: b856c61f98abf0989f157f153740fe0fadfbb760)
    #7 0x7ff5c7b29c8e  (/usr/lib/llvm-20/lib/libLLVM.so.20.1+0x3c0dc8e) (BuildId: b856c61f98abf0989f157f153740fe0fadfbb760)
    #8 0x7ff5c7b6091a  (/usr/lib/llvm-20/lib/libLLVM.so.20.1+0x3c4491a) (BuildId: b856c61f98abf0989f157f153740fe0fadfbb760)
    #9 0x7ff5c7b61710  (/usr/lib/llvm-20/lib/libLLVM.so.20.1+0x3c45710) (BuildId: b856c61f98abf0989f157f153740fe0fadfbb760)
    #10 0x7ff5c7b62a6c  (/usr/lib/llvm-20/lib/libLLVM.so.20.1+0x3c46a6c) (BuildId: b856c61f98abf0989f157f153740fe0fadfbb760)
    #11 0x55ca91648523 in llvm::Target::createTargetMachine(llvm::StringRef, llvm::StringRef, llvm::StringRef, llvm::TargetOptions const&, std::optional<llvm::Reloc::Model>, std::optional<llvm::CodeModel::Model>, llvm::CodeGenOptLevel, bool) const /usr/lib/llvm-20/include/llvm/MC/TargetRegistry.h:462:12
    #12 0x55ca9163a09e in tsc::TargetRegistry::initializeAllTargets() /workspace/src/TargetRegistry.cpp:67:41
    #13 0x55ca9162bdcd in tsc::Compiler::initializeLLVM() /workspace/src/Compiler.cpp:349:14
    #14 0x55ca9162b8b7 in tsc::Compiler::Compiler(tsc::CompilerOptions const&) /workspace/src/Compiler.cpp:24:5
    #15 0x55ca915fd7b5 in main /workspace/src/main.cpp:191:18
    #16 0x7ff5c395a337  (/lib/x86_64-linux-gnu/libc.so.6+0x2a337) (BuildId: 467f544f15035abef911999cbc14489edd0555ab)
    #17 0x7ff5c395a3fa in __libc_start_main (/lib/x86_64-linux-gnu/libc.so.6+0x2a3fa) (BuildId: 467f544f15035abef911999cbc14489edd0555ab)
    #18 0x55ca91511b64 in _start (/workspace/build-asan/tsc+0x74b64) (BuildId: 73a10d7cc646a755f705b0ae57418e68578aec2f)

Indirect leak of 112 byte(s) in 2 object(s) allocated from:
    #0 0x55ca915fa191 in operator new(unsigned long) (/workspace/build-asan/tsc+0x15d191) (BuildId: 73a10d7cc646a755f705b0ae57418e68578aec2f)
    #1 0x7ff5c59b6da2  (/usr/lib/llvm-20/lib/libLLVM.so.20.1+0x1a9ada2) (BuildId: b856c61f98abf0989f157f153740fe0fadfbb760)
    #2 0x7ff5c6f3b008  (/usr/lib/llvm-20/lib/libLLVM.so.20.1+0x301f008) (BuildId: b856c61f98abf0989f157f153740fe0fadfbb760)
    #3 0x7ff5c6f3af97  (/usr/lib/llvm-20/lib/libLLVM.so.20.1+0x301ef97) (BuildId: b856c61f98abf0989f157f153740fe0fadfbb760)
    #4 0x7ff5c6f3998b  (/usr/lib/llvm-20/lib/libLLVM.so.20.1+0x301d98b) (BuildId: b856c61f98abf0989f157f153740fe0fadfbb760)
    #5 0x7ff5c6f398a6  (/usr/lib/llvm-20/lib/libLLVM.so.20.1+0x301d8a6) (BuildId: b856c61f98abf0989f157f153740fe0fadfbb760)
    #6 0x7ff5c6f3aa71  (/usr/lib/llvm-20/lib/libLLVM.so.20.1+0x301ea71) (BuildId: b856c61f98abf0989f157f153740fe0fadfbb760)
    #7 0x7ff5c7b29c8e  (/usr/lib/llvm-20/lib/libLLVM.so.20.1+0x3c0dc8e) (BuildId: b856c61f98abf0989f157f153740fe0fadfbb760)
    #8 0x7ff5c7b6091a  (/usr/lib/llvm-20/lib/libLLVM.so.20.1+0x3c4491a) (BuildId: b856c61f98abf0989f157f153740fe0fadfbb760)
    #9 0x7ff5c7b61710  (/usr/lib/llvm-20/lib/libLLVM.so.20.1+0x3c45710) (BuildId: b856c61f98abf0989f157f153740fe0fadfbb760)
    #10 0x7ff5c7b62a6c  (/usr/lib/llvm-20/lib/libLLVM.so.20.1+0x3c46a6c) (BuildId: b856c61f98abf0989f157f153740fe0fadfbb760)
    #11 0x55ca91648523 in llvm::Target::createTargetMachine(llvm::StringRef, llvm::StringRef, llvm::StringRef, llvm::TargetOptions const&, std::optional<llvm::Reloc::Model>, std::optional<llvm::CodeModel::Model>, llvm::CodeGenOptLevel, bool) const /usr/lib/llvm-20/include/llvm/MC/TargetRegistry.h:462:12
    #12 0x55ca9163a09e in tsc::TargetRegistry::initializeAllTargets() /workspace/src/TargetRegistry.cpp:67:41
    #13 0x55ca9162bdcd in tsc::Compiler::initializeLLVM() /workspace/src/Compiler.cpp:349:14
    #14 0x55ca9162b8b7 in tsc::Compiler::Compiler(tsc::CompilerOptions const&) /workspace/src/Compiler.cpp:24:5
    #15 0x55ca915fd7b5 in main /workspace/src/main.cpp:191:18
    #16 0x7ff5c395a337  (/lib/x86_64-linux-gnu/libc.so.6+0x2a337) (BuildId: 467f544f15035abef911999cbc14489edd0555ab)
    #17 0x7ff5c395a3fa in __libc_start_main (/lib/x86_64-linux-gnu/libc.so.6+0x2a3fa) (BuildId: 467f544f15035abef911999cbc14489edd0555ab)
    #18 0x55ca91511b64 in _start (/workspace/build-asan/tsc+0x74b64) (BuildId: 73a10d7cc646a755f705b0ae57418e68578aec2f)

Indirect leak of 112 byte(s) in 2 object(s) allocated from:
    #0 0x55ca915fa191 in operator new(unsigned long) (/workspace/build-asan/tsc+0x15d191) (BuildId: 73a10d7cc646a755f705b0ae57418e68578aec2f)
    #1 0x7ff5c59b6da2  (/usr/lib/llvm-20/lib/libLLVM.so.20.1+0x1a9ada2) (BuildId: b856c61f98abf0989f157f153740fe0fadfbb760)
    #2 0x7ff5c6f3b039  (/usr/lib/llvm-20/lib/libLLVM.so.20.1+0x301f039) (BuildId: b856c61f98abf0989f157f153740fe0fadfbb760)
    #3 0x7ff5c6f3af97  (/usr/lib/llvm-20/lib/libLLVM.so.20.1+0x301ef97) (BuildId: b856c61f98abf0989f157f153740fe0fadfbb760)
    #4 0x7ff5c6f3998b  (/usr/lib/llvm-20/lib/libLLVM.so.20.1+0x301d98b) (BuildId: b856c61f98abf0989f157f153740fe0fadfbb760)
    #5 0x7ff5c6f398a6  (/usr/lib/llvm-20/lib/libLLVM.so.20.1+0x301d8a6) (BuildId: b856c61f98abf0989f157f153740fe0fadfbb760)
    #6 0x7ff5c6f3aa71  (/usr/lib/llvm-20/lib/libLLVM.so.20.1+0x301ea71) (BuildId: b856c61f98abf0989f157f153740fe0fadfbb760)
    #7 0x7ff5c7b29c5c  (/usr/lib/llvm-20/lib/libLLVM.so.20.1+0x3c0dc5c) (BuildId: b856c61f98abf0989f157f153740fe0fadfbb760)
    #8 0x7ff5c7b6091a  (/usr/lib/llvm-20/lib/libLLVM.so.20.1+0x3c4491a) (BuildId: b856c61f98abf0989f157f153740fe0fadfbb760)
    #9 0x7ff5c7b61710  (/usr/lib/llvm-20/lib/libLLVM.so.20.1+0x3c45710) (BuildId: b856c61f98abf0989f157f153740fe0fadfbb760)
    #10 0x7ff5c7b62a6c  (/usr/lib/llvm-20/lib/libLLVM.so.20.1+0x3c46a6c) (BuildId: b856c61f98abf0989f157f153740fe0fadfbb760)
    #11 0x55ca91648523 in llvm::Target::createTargetMachine(llvm::StringRef, llvm::StringRef, llvm::StringRef, llvm::TargetOptions const&, std::optional<llvm::Reloc::Model>, std::optional<llvm::CodeModel::Model>, llvm::CodeGenOptLevel, bool) const /usr/lib/llvm-20/include/llvm/MC/TargetRegistry.h:462:12
    #12 0x55ca9163a09e in tsc::TargetRegistry::initializeAllTargets() /workspace/src/TargetRegistry.cpp:67:41
    #13 0x55ca9162bdcd in tsc::Compiler::initializeLLVM() /workspace/src/Compiler.cpp:349:14
    #14 0x55ca9162b8b7 in tsc::Compiler::Compiler(tsc::CompilerOptions const&) /workspace/src/Compiler.cpp:24:5
    #15 0x55ca915fd7b5 in main /workspace/src/main.cpp:191:18
    #16 0x7ff5c395a337  (/lib/x86_64-linux-gnu/libc.so.6+0x2a337) (BuildId: 467f544f15035abef911999cbc14489edd0555ab)
    #17 0x7ff5c395a3fa in __libc_start_main (/lib/x86_64-linux-gnu/libc.so.6+0x2a3fa) (BuildId: 467f544f15035abef911999cbc14489edd0555ab)
    #18 0x55ca91511b64 in _start (/workspace/build-asan/tsc+0x74b64) (BuildId: 73a10d7cc646a755f705b0ae57418e68578aec2f)

Indirect leak of 112 byte(s) in 2 object(s) allocated from:
    #0 0x55ca915fa191 in operator new(unsigned long) (/workspace/build-asan/tsc+0x15d191) (BuildId: 73a10d7cc646a755f705b0ae57418e68578aec2f)
    #1 0x7ff5c59b6da2  (/usr/lib/llvm-20/lib/libLLVM.so.20.1+0x1a9ada2) (BuildId: b856c61f98abf0989f157f153740fe0fadfbb760)
    #2 0x7ff5c6f3b008  (/usr/lib/llvm-20/lib/libLLVM.so.20.1+0x301f008) (BuildId: b856c61f98abf0989f157f153740fe0fadfbb760)
    #3 0x7ff5c6f3af97  (/usr/lib/llvm-20/lib/libLLVM.so.20.1+0x301ef97) (BuildId: b856c61f98abf0989f157f153740fe0fadfbb760)
    #4 0x7ff5c6f3998b  (/usr/lib/llvm-20/lib/libLLVM.so.20.1+0x301d98b) (BuildId: b856c61f98abf0989f157f153740fe0fadfbb760)
    #5 0x7ff5c6f398a6  (/usr/lib/llvm-20/lib/libLLVM.so.20.1+0x301d8a6) (BuildId: b856c61f98abf0989f157f153740fe0fadfbb760)
    #6 0x7ff5c6f3aa71  (/usr/lib/llvm-20/lib/libLLVM.so.20.1+0x301ea71) (BuildId: b856c61f98abf0989f157f153740fe0fadfbb760)
    #7 0x7ff5c7b29c5c  (/usr/lib/llvm-20/lib/libLLVM.so.20.1+0x3c0dc5c) (BuildId: b856c61f98abf0989f157f153740fe0fadfbb760)
    #8 0x7ff5c7b6091a  (/usr/lib/llvm-20/lib/libLLVM.so.20.1+0x3c4491a) (BuildId: b856c61f98abf0989f157f153740fe0fadfbb760)
    #9 0x7ff5c7b61710  (/usr/lib/llvm-20/lib/libLLVM.so.20.1+0x3c45710) (BuildId: b856c61f98abf0989f157f153740fe0fadfbb760)
    #10 0x7ff5c7b62a6c  (/usr/lib/llvm-20/lib/libLLVM.so.20.1+0x3c46a6c) (BuildId: b856c61f98abf0989f157f153740fe0fadfbb760)
    #11 0x55ca91648523 in llvm::Target::createTargetMachine(llvm::StringRef, llvm::StringRef, llvm::StringRef, llvm::TargetOptions const&, std::optional<llvm::Reloc::Model>, std::optional<llvm::CodeModel::Model>, llvm::CodeGenOptLevel, bool) const /usr/lib/llvm-20/include/llvm/MC/TargetRegistry.h:462:12
    #12 0x55ca9163a09e in tsc::TargetRegistry::initializeAllTargets() /workspace/src/TargetRegistry.cpp:67:41
    #13 0x55ca9162bdcd in tsc::Compiler::initializeLLVM() /workspace/src/Compiler.cpp:349:14
    #14 0x55ca9162b8b7 in tsc::Compiler::Compiler(tsc::CompilerOptions const&) /workspace/src/Compiler.cpp:24:5
    #15 0x55ca915fd7b5 in main /workspace/src/main.cpp:191:18
    #16 0x7ff5c395a337  (/lib/x86_64-linux-gnu/libc.so.6+0x2a337) (BuildId: 467f544f15035abef911999cbc14489edd0555ab)
    #17 0x7ff5c395a3fa in __libc_start_main (/lib/x86_64-linux-gnu/libc.so.6+0x2a3fa) (BuildId: 467f544f15035abef911999cbc14489edd0555ab)
    #18 0x55ca91511b64 in _start (/workspace/build-asan/tsc+0x74b64) (BuildId: 73a10d7cc646a755f705b0ae57418e68578aec2f)

Indirect leak of 112 byte(s) in 2 object(s) allocated from:
    #0 0x55ca915fa191 in operator new(unsigned long) (/workspace/build-asan/tsc+0x15d191) (BuildId: 73a10d7cc646a755f705b0ae57418e68578aec2f)
    #1 0x7ff5c59b6da2  (/usr/lib/llvm-20/lib/libLLVM.so.20.1+0x1a9ada2) (BuildId: b856c61f98abf0989f157f153740fe0fadfbb760)
    #2 0x7ff5c6f3998b  (/usr/lib/llvm-20/lib/libLLVM.so.20.1+0x301d98b) (BuildId: b856c61f98abf0989f157f153740fe0fadfbb760)
    #3 0x7ff5c6f398a6  (/usr/lib/llvm-20/lib/libLLVM.so.20.1+0x301d8a6) (BuildId: b856c61f98abf0989f157f153740fe0fadfbb760)
    #4 0x7ff5c7b29b2c  (/usr/lib/llvm-20/lib/libLLVM.so.20.1+0x3c0db2c) (BuildId: b856c61f98abf0989f157f153740fe0fadfbb760)
    #5 0x7ff5c7b6091a  (/usr/lib/llvm-20/lib/libLLVM.so.20.1+0x3c4491a) (BuildId: b856c61f98abf0989f157f153740fe0fadfbb760)
    #6 0x7ff5c7b61710  (/usr/lib/llvm-20/lib/libLLVM.so.20.1+0x3c45710) (BuildId: b856c61f98abf0989f157f153740fe0fadfbb760)
    #7 0x7ff5c7b62a6c  (/usr/lib/llvm-20/lib/libLLVM.so.20.1+0x3c46a6c) (BuildId: b856c61f98abf0989f157f153740fe0fadfbb760)
    #8 0x55ca91648523 in llvm::Target::createTargetMachine(llvm::StringRef, llvm::StringRef, llvm::StringRef, llvm::TargetOptions const&, std::optional<llvm::Reloc::Model>, std::optional<llvm::CodeModel::Model>, llvm::CodeGenOptLevel, bool) const /usr/lib/llvm-20/include/llvm/MC/TargetRegistry.h:462:12
    #9 0x55ca9163a09e in tsc::TargetRegistry::initializeAllTargets() /workspace/src/TargetRegistry.cpp:67:41
    #10 0x55ca9162bdcd in tsc::Compiler::initializeLLVM() /workspace/src/Compiler.cpp:349:14
    #11 0x55ca9162b8b7 in tsc::Compiler::Compiler(tsc::CompilerOptions const&) /workspace/src/Compiler.cpp:24:5
    #12 0x55ca915fd7b5 in main /workspace/src/main.cpp:191:18
    #13 0x7ff5c395a337  (/lib/x86_64-linux-gnu/libc.so.6+0x2a337) (BuildId: 467f544f15035abef911999cbc14489edd0555ab)
    #14 0x7ff5c395a3fa in __libc_start_main (/lib/x86_64-linux-gnu/libc.so.6+0x2a3fa) (BuildId: 467f544f15035abef911999cbc14489edd0555ab)
    #15 0x55ca91511b64 in _start (/workspace/build-asan/tsc+0x74b64) (BuildId: 73a10d7cc646a755f705b0ae57418e68578aec2f)

Indirect leak of 112 byte(s) in 2 object(s) allocated from:
    #0 0x55ca915fa191 in operator new(unsigned long) (/workspace/build-asan/tsc+0x15d191) (BuildId: 73a10d7cc646a755f705b0ae57418e68578aec2f)
    #1 0x7ff5c7b2bb3b  (/usr/lib/llvm-20/lib/libLLVM.so.20.1+0x3c0fb3b) (BuildId: b856c61f98abf0989f157f153740fe0fadfbb760)
    #2 0x7ff5c6f3998b  (/usr/lib/llvm-20/lib/libLLVM.so.20.1+0x301d98b) (BuildId: b856c61f98abf0989f157f153740fe0fadfbb760)
    #3 0x7ff5c6f398a6  (/usr/lib/llvm-20/lib/libLLVM.so.20.1+0x301d8a6) (BuildId: b856c61f98abf0989f157f153740fe0fadfbb760)
    #4 0x7ff5c7b29a27  (/usr/lib/llvm-20/lib/libLLVM.so.20.1+0x3c0da27) (BuildId: b856c61f98abf0989f157f153740fe0fadfbb760)
    #5 0x7ff5c7b6091a  (/usr/lib/llvm-20/lib/libLLVM.so.20.1+0x3c4491a) (BuildId: b856c61f98abf0989f157f153740fe0fadfbb760)
    #6 0x7ff5c7b61710  (/usr/lib/llvm-20/lib/libLLVM.so.20.1+0x3c45710) (BuildId: b856c61f98abf0989f157f153740fe0fadfbb760)
    #7 0x7ff5c7b62a6c  (/usr/lib/llvm-20/lib/libLLVM.so.20.1+0x3c46a6c) (BuildId: b856c61f98abf0989f157f153740fe0fadfbb760)
    #8 0x55ca91648523 in llvm::Target::createTargetMachine(llvm::StringRef, llvm::StringRef, llvm::StringRef, llvm::TargetOptions const&, std::optional<llvm::Reloc::Model>, std::optional<llvm::CodeModel::Model>, llvm::CodeGenOptLevel, bool) const /usr/lib/llvm-20/include/llvm/MC/TargetRegistry.h:462:12
    #9 0x55ca9163a09e in tsc::TargetRegistry::initializeAllTargets() /workspace/src/TargetRegistry.cpp:67:41
    #10 0x55ca9162bdcd in tsc::Compiler::initializeLLVM() /workspace/src/Compiler.cpp:349:14
    #11 0x55ca9162b8b7 in tsc::Compiler::Compiler(tsc::CompilerOptions const&) /workspace/src/Compiler.cpp:24:5
    #12 0x55ca915fd7b5 in main /workspace/src/main.cpp:191:18
    #13 0x7ff5c395a337  (/lib/x86_64-linux-gnu/libc.so.6+0x2a337) (BuildId: 467f544f15035abef911999cbc14489edd0555ab)
    #14 0x7ff5c395a3fa in __libc_start_main (/lib/x86_64-linux-gnu/libc.so.6+0x2a3fa) (BuildId: 467f544f15035abef911999cbc14489edd0555ab)
    #15 0x55ca91511b64 in _start (/workspace/build-asan/tsc+0x74b64) (BuildId: 73a10d7cc646a755f705b0ae57418e68578aec2f)

Indirect leak of 112 byte(s) in 2 object(s) allocated from:
    #0 0x55ca915fa191 in operator new(unsigned long) (/workspace/build-asan/tsc+0x15d191) (BuildId: 73a10d7cc646a755f705b0ae57418e68578aec2f)
    #1 0x7ff5c59b6da2  (/usr/lib/llvm-20/lib/libLLVM.so.20.1+0x1a9ada2) (BuildId: b856c61f98abf0989f157f153740fe0fadfbb760)
    #2 0x7ff5c6f3998b  (/usr/lib/llvm-20/lib/libLLVM.so.20.1+0x301d98b) (BuildId: b856c61f98abf0989f157f153740fe0fadfbb760)
    #3 0x7ff5c6f398a6  (/usr/lib/llvm-20/lib/libLLVM.so.20.1+0x301d8a6) (BuildId: b856c61f98abf0989f157f153740fe0fadfbb760)
    #4 0x7ff5c7b2991e  (/usr/lib/llvm-20/lib/libLLVM.so.20.1+0x3c0d91e) (BuildId: b856c61f98abf0989f157f153740fe0fadfbb760)
    #5 0x7ff5c7b6091a  (/usr/lib/llvm-20/lib/libLLVM.so.20.1+0x3c4491a) (BuildId: b856c61f98abf0989f157f153740fe0fadfbb760)
    #6 0x7ff5c7b61710  (/usr/lib/llvm-20/lib/libLLVM.so.20.1+0x3c45710) (BuildId: b856c61f98abf0989f157f153740fe0fadfbb760)
    #7 0x7ff5c7b62a6c  (/usr/lib/llvm-20/lib/libLLVM.so.20.1+0x3c46a6c) (BuildId: b856c61f98abf0989f157f153740fe0fadfbb760)
    #8 0x55ca91648523 in llvm::Target::createTargetMachine(llvm::StringRef, llvm::StringRef, llvm::StringRef, llvm::TargetOptions const&, std::optional<llvm::Reloc::Model>, std::optional<llvm::CodeModel::Model>, llvm::CodeGenOptLevel, bool) const /usr/lib/llvm-20/include/llvm/MC/TargetRegistry.h:462:12
    #9 0x55ca9163a09e in tsc::TargetRegistry::initializeAllTargets() /workspace/src/TargetRegistry.cpp:67:41
    #10 0x55ca9162bdcd in tsc::Compiler::initializeLLVM() /workspace/src/Compiler.cpp:349:14
    #11 0x55ca9162b8b7 in tsc::Compiler::Compiler(tsc::CompilerOptions const&) /workspace/src/Compiler.cpp:24:5
    #12 0x55ca915fd7b5 in main /workspace/src/main.cpp:191:18
    #13 0x7ff5c395a337  (/lib/x86_64-linux-gnu/libc.so.6+0x2a337) (BuildId: 467f544f15035abef911999cbc14489edd0555ab)
    #14 0x7ff5c395a3fa in __libc_start_main (/lib/x86_64-linux-gnu/libc.so.6+0x2a3fa) (BuildId: 467f544f15035abef911999cbc14489edd0555ab)
    #15 0x55ca91511b64 in _start (/workspace/build-asan/tsc+0x74b64) (BuildId: 73a10d7cc646a755f705b0ae57418e68578aec2f)

Indirect leak of 112 byte(s) in 2 object(s) allocated from:
    #0 0x55ca915fa191 in operator new(unsigned long) (/workspace/build-asan/tsc+0x15d191) (BuildId: 73a10d7cc646a755f705b0ae57418e68578aec2f)
    #1 0x7ff5c59b6da2  (/usr/lib/llvm-20/lib/libLLVM.so.20.1+0x1a9ada2) (BuildId: b856c61f98abf0989f157f153740fe0fadfbb760)
    #2 0x7ff5c6f3998b  (/usr/lib/llvm-20/lib/libLLVM.so.20.1+0x301d98b) (BuildId: b856c61f98abf0989f157f153740fe0fadfbb760)
    #3 0x7ff5c6f398a6  (/usr/lib/llvm-20/lib/libLLVM.so.20.1+0x301d8a6) (BuildId: b856c61f98abf0989f157f153740fe0fadfbb760)
    #4 0x7ff5c7b2964d  (/usr/lib/llvm-20/lib/libLLVM.so.20.1+0x3c0d64d) (BuildId: b856c61f98abf0989f157f153740fe0fadfbb760)
    #5 0x7ff5c7b6091a  (/usr/lib/llvm-20/lib/libLLVM.so.20.1+0x3c4491a) (BuildId: b856c61f98abf0989f157f153740fe0fadfbb760)
    #6 0x7ff5c7b61710  (/usr/lib/llvm-20/lib/libLLVM.so.20.1+0x3c45710) (BuildId: b856c61f98abf0989f157f153740fe0fadfbb760)
    #7 0x7ff5c7b62a6c  (/usr/lib/llvm-20/lib/libLLVM.so.20.1+0x3c46a6c) (BuildId: b856c61f98abf0989f157f153740fe0fadfbb760)
    #8 0x55ca91648523 in llvm::Target::createTargetMachine(llvm::StringRef, llvm::StringRef, llvm::StringRef, llvm::TargetOptions const&, std::optional<llvm::Reloc::Model>, std::optional<llvm::CodeModel::Model>, llvm::CodeGenOptLevel, bool) const /usr/lib/llvm-20/include/llvm/MC/TargetRegistry.h:462:12
    #9 0x55ca9163a09e in tsc::TargetRegistry::initializeAllTargets() /workspace/src/TargetRegistry.cpp:67:41
    #10 0x55ca9162bdcd in tsc::Compiler::initializeLLVM() /workspace/src/Compiler.cpp:349:14
    #11 0x55ca9162b8b7 in tsc::Compiler::Compiler(tsc::CompilerOptions const&) /workspace/src/Compiler.cpp:24:5
    #12 0x55ca915fd7b5 in main /workspace/src/main.cpp:191:18
    #13 0x7ff5c395a337  (/lib/x86_64-linux-gnu/libc.so.6+0x2a337) (BuildId: 467f544f15035abef911999cbc14489edd0555ab)
    #14 0x7ff5c395a3fa in __libc_start_main (/lib/x86_64-linux-gnu/libc.so.6+0x2a3fa) (BuildId: 467f544f15035abef911999cbc14489edd0555ab)
    #15 0x55ca91511b64 in _start (/workspace/build-asan/tsc+0x74b64) (BuildId: 73a10d7cc646a755f705b0ae57418e68578aec2f)

Indirect leak of 112 byte(s) in 2 object(s) allocated from:
    #0 0x55ca915fa191 in operator new(unsigned long) (/workspace/build-asan/tsc+0x15d191) (BuildId: 73a10d7cc646a755f705b0ae57418e68578aec2f)
    #1 0x7ff5c59b6da2  (/usr/lib/llvm-20/lib/libLLVM.so.20.1+0x1a9ada2) (BuildId: b856c61f98abf0989f157f153740fe0fadfbb760)
    #2 0x7ff5c6f3998b  (/usr/lib/llvm-20/lib/libLLVM.so.20.1+0x301d98b) (BuildId: b856c61f98abf0989f157f153740fe0fadfbb760)
    #3 0x7ff5c6f398a6  (/usr/lib/llvm-20/lib/libLLVM.so.20.1+0x301d8a6) (BuildId: b856c61f98abf0989f157f153740fe0fadfbb760)
    #4 0x7ff5c7b29526  (/usr/lib/llvm-20/lib/libLLVM.so.20.1+0x3c0d526) (BuildId: b856c61f98abf0989f157f153740fe0fadfbb760)
    #5 0x7ff5c7b6091a  (/usr/lib/llvm-20/lib/libLLVM.so.20.1+0x3c4491a) (BuildId: b856c61f98abf0989f157f153740fe0fadfbb760)
    #6 0x7ff5c7b61710  (/usr/lib/llvm-20/lib/libLLVM.so.20.1+0x3c45710) (BuildId: b856c61f98abf0989f157f153740fe0fadfbb760)
    #7 0x7ff5c7b62a6c  (/usr/lib/llvm-20/lib/libLLVM.so.20.1+0x3c46a6c) (BuildId: b856c61f98abf0989f157f153740fe0fadfbb760)
    #8 0x55ca91648523 in llvm::Target::createTargetMachine(llvm::StringRef, llvm::StringRef, llvm::StringRef, llvm::TargetOptions const&, std::optional<llvm::Reloc::Model>, std::optional<llvm::CodeModel::Model>, llvm::CodeGenOptLevel, bool) const /usr/lib/llvm-20/include/llvm/MC/TargetRegistry.h:462:12
    #9 0x55ca9163a09e in tsc::TargetRegistry::initializeAllTargets() /workspace/src/TargetRegistry.cpp:67:41
    #10 0x55ca9162bdcd in tsc::Compiler::initializeLLVM() /workspace/src/Compiler.cpp:349:14
    #11 0x55ca9162b8b7 in tsc::Compiler::Compiler(tsc::CompilerOptions const&) /workspace/src/Compiler.cpp:24:5
    #12 0x55ca915fd7b5 in main /workspace/src/main.cpp:191:18
    #13 0x7ff5c395a337  (/lib/x86_64-linux-gnu/libc.so.6+0x2a337) (BuildId: 467f544f15035abef911999cbc14489edd0555ab)
    #14 0x7ff5c395a3fa in __libc_start_main (/lib/x86_64-linux-gnu/libc.so.6+0x2a3fa) (BuildId: 467f544f15035abef911999cbc14489edd0555ab)
    #15 0x55ca91511b64 in _start (/workspace/build-asan/tsc+0x74b64) (BuildId: 73a10d7cc646a755f705b0ae57418e68578aec2f)

Indirect leak of 112 byte(s) in 2 object(s) allocated from:
    #0 0x55ca915fa191 in operator new(unsigned long) (/workspace/build-asan/tsc+0x15d191) (BuildId: 73a10d7cc646a755f705b0ae57418e68578aec2f)
    #1 0x7ff5c59b6da2  (/usr/lib/llvm-20/lib/libLLVM.so.20.1+0x1a9ada2) (BuildId: b856c61f98abf0989f157f153740fe0fadfbb760)
    #2 0x7ff5c6f3998b  (/usr/lib/llvm-20/lib/libLLVM.so.20.1+0x301d98b) (BuildId: b856c61f98abf0989f157f153740fe0fadfbb760)
    #3 0x7ff5c6f398a6  (/usr/lib/llvm-20/lib/libLLVM.so.20.1+0x301d8a6) (BuildId: b856c61f98abf0989f157f153740fe0fadfbb760)
    #4 0x7ff5c7b29463  (/usr/lib/llvm-20/lib/libLLVM.so.20.1+0x3c0d463) (BuildId: b856c61f98abf0989f157f153740fe0fadfbb760)
    #5 0x7ff5c7b6091a  (/usr/lib/llvm-20/lib/libLLVM.so.20.1+0x3c4491a) (BuildId: b856c61f98abf0989f157f153740fe0fadfbb760)
    #6 0x7ff5c7b61710  (/usr/lib/llvm-20/lib/libLLVM.so.20.1+0x3c45710) (BuildId: b856c61f98abf0989f157f153740fe0fadfbb760)
    #7 0x7ff5c7b62a6c  (/usr/lib/llvm-20/lib/libLLVM.so.20.1+0x3c46a6c) (BuildId: b856c61f98abf0989f157f153740fe0fadfbb760)
    #8 0x55ca91648523 in llvm::Target::createTargetMachine(llvm::StringRef, llvm::StringRef, llvm::StringRef, llvm::TargetOptions const&, std::optional<llvm::Reloc::Model>, std::optional<llvm::CodeModel::Model>, llvm::CodeGenOptLevel, bool) const /usr/lib/llvm-20/include/llvm/MC/TargetRegistry.h:462:12
    #9 0x55ca9163a09e in tsc::TargetRegistry::initializeAllTargets() /workspace/src/TargetRegistry.cpp:67:41
    #10 0x55ca9162bdcd in tsc::Compiler::initializeLLVM() /workspace/src/Compiler.cpp:349:14
    #11 0x55ca9162b8b7 in tsc::Compiler::Compiler(tsc::CompilerOptions const&) /workspace/src/Compiler.cpp:24:5
    #12 0x55ca915fd7b5 in main /workspace/src/main.cpp:191:18
    #13 0x7ff5c395a337  (/lib/x86_64-linux-gnu/libc.so.6+0x2a337) (BuildId: 467f544f15035abef911999cbc14489edd0555ab)
    #14 0x7ff5c395a3fa in __libc_start_main (/lib/x86_64-linux-gnu/libc.so.6+0x2a3fa) (BuildId: 467f544f15035abef911999cbc14489edd0555ab)
    #15 0x55ca91511b64 in _start (/workspace/build-asan/tsc+0x74b64) (BuildId: 73a10d7cc646a755f705b0ae57418e68578aec2f)

Indirect leak of 112 byte(s) in 2 object(s) allocated from:
    #0 0x55ca915fa191 in operator new(unsigned long) (/workspace/build-asan/tsc+0x15d191) (BuildId: 73a10d7cc646a755f705b0ae57418e68578aec2f)
    #1 0x7ff5c59b6da2  (/usr/lib/llvm-20/lib/libLLVM.so.20.1+0x1a9ada2) (BuildId: b856c61f98abf0989f157f153740fe0fadfbb760)
    #2 0x7ff5c6f3998b  (/usr/lib/llvm-20/lib/libLLVM.so.20.1+0x301d98b) (BuildId: b856c61f98abf0989f157f153740fe0fadfbb760)
    #3 0x7ff5c6f398a6  (/usr/lib/llvm-20/lib/libLLVM.so.20.1+0x301d8a6) (BuildId: b856c61f98abf0989f157f153740fe0fadfbb760)
    #4 0x7ff5c7b293f6  (/usr/lib/llvm-20/lib/libLLVM.so.20.1+0x3c0d3f6) (BuildId: b856c61f98abf0989f157f153740fe0fadfbb760)
    #5 0x7ff5c7b6091a  (/usr/lib/llvm-20/lib/libLLVM.so.20.1+0x3c4491a) (BuildId: b856c61f98abf0989f157f153740fe0fadfbb760)
    #6 0x7ff5c7b61710  (/usr/lib/llvm-20/lib/libLLVM.so.20.1+0x3c45710) (BuildId: b856c61f98abf0989f157f153740fe0fadfbb760)
    #7 0x7ff5c7b62a6c  (/usr/lib/llvm-20/lib/libLLVM.so.20.1+0x3c46a6c) (BuildId: b856c61f98abf0989f157f153740fe0fadfbb760)
    #8 0x55ca91648523 in llvm::Target::createTargetMachine(llvm::StringRef, llvm::StringRef, llvm::StringRef, llvm::TargetOptions const&, std::optional<llvm::Reloc::Model>, std::optional<llvm::CodeModel::Model>, llvm::CodeGenOptLevel, bool) const /usr/lib/llvm-20/include/llvm/MC/TargetRegistry.h:462:12
    #9 0x55ca9163a09e in tsc::TargetRegistry::initializeAllTargets() /workspace/src/TargetRegistry.cpp:67:41
    #10 0x55ca9162bdcd in tsc::Compiler::initializeLLVM() /workspace/src/Compiler.cpp:349:14
    #11 0x55ca9162b8b7 in tsc::Compiler::Compiler(tsc::CompilerOptions const&) /workspace/src/Compiler.cpp:24:5
    #12 0x55ca915fd7b5 in main /workspace/src/main.cpp:191:18
    #13 0x7ff5c395a337  (/lib/x86_64-linux-gnu/libc.so.6+0x2a337) (BuildId: 467f544f15035abef911999cbc14489edd0555ab)
    #14 0x7ff5c395a3fa in __libc_start_main (/lib/x86_64-linux-gnu/libc.so.6+0x2a3fa) (BuildId: 467f544f15035abef911999cbc14489edd0555ab)
    #15 0x55ca91511b64 in _start (/workspace/build-asan/tsc+0x74b64) (BuildId: 73a10d7cc646a755f705b0ae57418e68578aec2f)

Indirect leak of 112 byte(s) in 2 object(s) allocated from:
    #0 0x55ca915fa191 in operator new(unsigned long) (/workspace/build-asan/tsc+0x15d191) (BuildId: 73a10d7cc646a755f705b0ae57418e68578aec2f)
    #1 0x7ff5c59b6da2  (/usr/lib/llvm-20/lib/libLLVM.so.20.1+0x1a9ada2) (BuildId: b856c61f98abf0989f157f153740fe0fadfbb760)
    #2 0x7ff5c6f3998b  (/usr/lib/llvm-20/lib/libLLVM.so.20.1+0x301d98b) (BuildId: b856c61f98abf0989f157f153740fe0fadfbb760)
    #3 0x7ff5c6f398a6  (/usr/lib/llvm-20/lib/libLLVM.so.20.1+0x301d8a6) (BuildId: b856c61f98abf0989f157f153740fe0fadfbb760)
    #4 0x7ff5c7b292a2  (/usr/lib/llvm-20/lib/libLLVM.so.20.1+0x3c0d2a2) (BuildId: b856c61f98abf0989f157f153740fe0fadfbb760)
    #5 0x7ff5c7b6091a  (/usr/lib/llvm-20/lib/libLLVM.so.20.1+0x3c4491a) (BuildId: b856c61f98abf0989f157f153740fe0fadfbb760)
    #6 0x7ff5c7b61710  (/usr/lib/llvm-20/lib/libLLVM.so.20.1+0x3c45710) (BuildId: b856c61f98abf0989f157f153740fe0fadfbb760)
    #7 0x7ff5c7b62a6c  (/usr/lib/llvm-20/lib/libLLVM.so.20.1+0x3c46a6c) (BuildId: b856c61f98abf0989f157f153740fe0fadfbb760)
    #8 0x55ca91648523 in llvm::Target::createTargetMachine(llvm::StringRef, llvm::StringRef, llvm::StringRef, llvm::TargetOptions const&, std::optional<llvm::Reloc::Model>, std::optional<llvm::CodeModel::Model>, llvm::CodeGenOptLevel, bool) const /usr/lib/llvm-20/include/llvm/MC/TargetRegistry.h:462:12
    #9 0x55ca9163a09e in tsc::TargetRegistry::initializeAllTargets() /workspace/src/TargetRegistry.cpp:67:41
    #10 0x55ca9162bdcd in tsc::Compiler::initializeLLVM() /workspace/src/Compiler.cpp:349:14
    #11 0x55ca9162b8b7 in tsc::Compiler::Compiler(tsc::CompilerOptions const&) /workspace/src/Compiler.cpp:24:5
    #12 0x55ca915fd7b5 in main /workspace/src/main.cpp:191:18
    #13 0x7ff5c395a337  (/lib/x86_64-linux-gnu/libc.so.6+0x2a337) (BuildId: 467f544f15035abef911999cbc14489edd0555ab)
    #14 0x7ff5c395a3fa in __libc_start_main (/lib/x86_64-linux-gnu/libc.so.6+0x2a3fa) (BuildId: 467f544f15035abef911999cbc14489edd0555ab)
    #15 0x55ca91511b64 in _start (/workspace/build-asan/tsc+0x74b64) (BuildId: 73a10d7cc646a755f705b0ae57418e68578aec2f)

Indirect leak of 112 byte(s) in 2 object(s) allocated from:
    #0 0x55ca915fa191 in operator new(unsigned long) (/workspace/build-asan/tsc+0x15d191) (BuildId: 73a10d7cc646a755f705b0ae57418e68578aec2f)
    #1 0x7ff5c59b6da2  (/usr/lib/llvm-20/lib/libLLVM.so.20.1+0x1a9ada2) (BuildId: b856c61f98abf0989f157f153740fe0fadfbb760)
    #2 0x7ff5c6f3b039  (/usr/lib/llvm-20/lib/libLLVM.so.20.1+0x301f039) (BuildId: b856c61f98abf0989f157f153740fe0fadfbb760)
    #3 0x7ff5c6f3af97  (/usr/lib/llvm-20/lib/libLLVM.so.20.1+0x301ef97) (BuildId: b856c61f98abf0989f157f153740fe0fadfbb760)
    #4 0x7ff5c6f3998b  (/usr/lib/llvm-20/lib/libLLVM.so.20.1+0x301d98b) (BuildId: b856c61f98abf0989f157f153740fe0fadfbb760)
    #5 0x7ff5c6f398a6  (/usr/lib/llvm-20/lib/libLLVM.so.20.1+0x301d8a6) (BuildId: b856c61f98abf0989f157f153740fe0fadfbb760)
    #6 0x7ff5c6f3aa71  (/usr/lib/llvm-20/lib/libLLVM.so.20.1+0x301ea71) (BuildId: b856c61f98abf0989f157f153740fe0fadfbb760)
    #7 0x7ff5c7b29241  (/usr/lib/llvm-20/lib/libLLVM.so.20.1+0x3c0d241) (BuildId: b856c61f98abf0989f157f153740fe0fadfbb760)
    #8 0x7ff5c7b6091a  (/usr/lib/llvm-20/lib/libLLVM.so.20.1+0x3c4491a) (BuildId: b856c61f98abf0989f157f153740fe0fadfbb760)
    #9 0x7ff5c7b61710  (/usr/lib/llvm-20/lib/libLLVM.so.20.1+0x3c45710) (BuildId: b856c61f98abf0989f157f153740fe0fadfbb760)
    #10 0x7ff5c7b62a6c  (/usr/lib/llvm-20/lib/libLLVM.so.20.1+0x3c46a6c) (BuildId: b856c61f98abf0989f157f153740fe0fadfbb760)
    #11 0x55ca91648523 in llvm::Target::createTargetMachine(llvm::StringRef, llvm::StringRef, llvm::StringRef, llvm::TargetOptions const&, std::optional<llvm::Reloc::Model>, std::optional<llvm::CodeModel::Model>, llvm::CodeGenOptLevel, bool) const /usr/lib/llvm-20/include/llvm/MC/TargetRegistry.h:462:12
    #12 0x55ca9163a09e in tsc::TargetRegistry::initializeAllTargets() /workspace/src/TargetRegistry.cpp:67:41
    #13 0x55ca9162bdcd in tsc::Compiler::initializeLLVM() /workspace/src/Compiler.cpp:349:14
    #14 0x55ca9162b8b7 in tsc::Compiler::Compiler(tsc::CompilerOptions const&) /workspace/src/Compiler.cpp:24:5
    #15 0x55ca915fd7b5 in main /workspace/src/main.cpp:191:18
    #16 0x7ff5c395a337  (/lib/x86_64-linux-gnu/libc.so.6+0x2a337) (BuildId: 467f544f15035abef911999cbc14489edd0555ab)
    #17 0x7ff5c395a3fa in __libc_start_main (/lib/x86_64-linux-gnu/libc.so.6+0x2a3fa) (BuildId: 467f544f15035abef911999cbc14489edd0555ab)
    #18 0x55ca91511b64 in _start (/workspace/build-asan/tsc+0x74b64) (BuildId: 73a10d7cc646a755f705b0ae57418e68578aec2f)

Indirect leak of 112 byte(s) in 2 object(s) allocated from:
    #0 0x55ca915fa191 in operator new(unsigned long) (/workspace/build-asan/tsc+0x15d191) (BuildId: 73a10d7cc646a755f705b0ae57418e68578aec2f)
    #1 0x7ff5c59b6da2  (/usr/lib/llvm-20/lib/libLLVM.so.20.1+0x1a9ada2) (BuildId: b856c61f98abf0989f157f153740fe0fadfbb760)
    #2 0x7ff5c6f3b008  (/usr/lib/llvm-20/lib/libLLVM.so.20.1+0x301f008) (BuildId: b856c61f98abf0989f157f153740fe0fadfbb760)
    #3 0x7ff5c6f3af97  (/usr/lib/llvm-20/lib/libLLVM.so.20.1+0x301ef97) (BuildId: b856c61f98abf0989f157f153740fe0fadfbb760)
    #4 0x7ff5c6f3998b  (/usr/lib/llvm-20/lib/libLLVM.so.20.1+0x301d98b) (BuildId: b856c61f98abf0989f157f153740fe0fadfbb760)
    #5 0x7ff5c6f398a6  (/usr/lib/llvm-20/lib/libLLVM.so.20.1+0x301d8a6) (BuildId: b856c61f98abf0989f157f153740fe0fadfbb760)
    #6 0x7ff5c6f3aa71  (/usr/lib/llvm-20/lib/libLLVM.so.20.1+0x301ea71) (BuildId: b856c61f98abf0989f157f153740fe0fadfbb760)
    #7 0x7ff5c7b29241  (/usr/lib/llvm-20/lib/libLLVM.so.20.1+0x3c0d241) (BuildId: b856c61f98abf0989f157f153740fe0fadfbb760)
    #8 0x7ff5c7b6091a  (/usr/lib/llvm-20/lib/libLLVM.so.20.1+0x3c4491a) (BuildId: b856c61f98abf0989f157f153740fe0fadfbb760)
    #9 0x7ff5c7b61710  (/usr/lib/llvm-20/lib/libLLVM.so.20.1+0x3c45710) (BuildId: b856c61f98abf0989f157f153740fe0fadfbb760)
    #10 0x7ff5c7b62a6c  (/usr/lib/llvm-20/lib/libLLVM.so.20.1+0x3c46a6c) (BuildId: b856c61f98abf0989f157f153740fe0fadfbb760)
    #11 0x55ca91648523 in llvm::Target::createTargetMachine(llvm::StringRef, llvm::StringRef, llvm::StringRef, llvm::TargetOptions const&, std::optional<llvm::Reloc::Model>, std::optional<llvm::CodeModel::Model>, llvm::CodeGenOptLevel, bool) const /usr/lib/llvm-20/include/llvm/MC/TargetRegistry.h:462:12
    #12 0x55ca9163a09e in tsc::TargetRegistry::initializeAllTargets() /workspace/src/TargetRegistry.cpp:67:41
    #13 0x55ca9162bdcd in tsc::Compiler::initializeLLVM() /workspace/src/Compiler.cpp:349:14
    #14 0x55ca9162b8b7 in tsc::Compiler::Compiler(tsc::CompilerOptions const&) /workspace/src/Compiler.cpp:24:5
    #15 0x55ca915fd7b5 in main /workspace/src/main.cpp:191:18
    #16 0x7ff5c395a337  (/lib/x86_64-linux-gnu/libc.so.6+0x2a337) (BuildId: 467f544f15035abef911999cbc14489edd0555ab)
    #17 0x7ff5c395a3fa in __libc_start_main (/lib/x86_64-linux-gnu/libc.so.6+0x2a3fa) (BuildId: 467f544f15035abef911999cbc14489edd0555ab)
    #18 0x55ca91511b64 in _start (/workspace/build-asan/tsc+0x74b64) (BuildId: 73a10d7cc646a755f705b0ae57418e68578aec2f)

Indirect leak of 112 byte(s) in 2 object(s) allocated from:
    #0 0x55ca915fa191 in operator new(unsigned long) (/workspace/build-asan/tsc+0x15d191) (BuildId: 73a10d7cc646a755f705b0ae57418e68578aec2f)
    #1 0x7ff5c59b6da2  (/usr/lib/llvm-20/lib/libLLVM.so.20.1+0x1a9ada2) (BuildId: b856c61f98abf0989f157f153740fe0fadfbb760)
    #2 0x7ff5c6f3998b  (/usr/lib/llvm-20/lib/libLLVM.so.20.1+0x301d98b) (BuildId: b856c61f98abf0989f157f153740fe0fadfbb760)
    #3 0x7ff5c6f398a6  (/usr/lib/llvm-20/lib/libLLVM.so.20.1+0x301d8a6) (BuildId: b856c61f98abf0989f157f153740fe0fadfbb760)
    #4 0x7ff5c7b29106  (/usr/lib/llvm-20/lib/libLLVM.so.20.1+0x3c0d106) (BuildId: b856c61f98abf0989f157f153740fe0fadfbb760)
    #5 0x7ff5c7b6091a  (/usr/lib/llvm-20/lib/libLLVM.so.20.1+0x3c4491a) (BuildId: b856c61f98abf0989f157f153740fe0fadfbb760)
    #6 0x7ff5c7b61710  (/usr/lib/llvm-20/lib/libLLVM.so.20.1+0x3c45710) (BuildId: b856c61f98abf0989f157f153740fe0fadfbb760)
    #7 0x7ff5c7b62a6c  (/usr/lib/llvm-20/lib/libLLVM.so.20.1+0x3c46a6c) (BuildId: b856c61f98abf0989f157f153740fe0fadfbb760)
    #8 0x55ca91648523 in llvm::Target::createTargetMachine(llvm::StringRef, llvm::StringRef, llvm::StringRef, llvm::TargetOptions const&, std::optional<llvm::Reloc::Model>, std::optional<llvm::CodeModel::Model>, llvm::CodeGenOptLevel, bool) const /usr/lib/llvm-20/include/llvm/MC/TargetRegistry.h:462:12
    #9 0x55ca9163a09e in tsc::TargetRegistry::initializeAllTargets() /workspace/src/TargetRegistry.cpp:67:41
    #10 0x55ca9162bdcd in tsc::Compiler::initializeLLVM() /workspace/src/Compiler.cpp:349:14
    #11 0x55ca9162b8b7 in tsc::Compiler::Compiler(tsc::CompilerOptions const&) /workspace/src/Compiler.cpp:24:5
    #12 0x55ca915fd7b5 in main /workspace/src/main.cpp:191:18
    #13 0x7ff5c395a337  (/lib/x86_64-linux-gnu/libc.so.6+0x2a337) (BuildId: 467f544f15035abef911999cbc14489edd0555ab)
    #14 0x7ff5c395a3fa in __libc_start_main (/lib/x86_64-linux-gnu/libc.so.6+0x2a3fa) (BuildId: 467f544f15035abef911999cbc14489edd0555ab)
    #15 0x55ca91511b64 in _start (/workspace/build-asan/tsc+0x74b64) (BuildId: 73a10d7cc646a755f705b0ae57418e68578aec2f)

Indirect leak of 112 byte(s) in 2 object(s) allocated from:
    #0 0x55ca915fa191 in operator new(unsigned long) (/workspace/build-asan/tsc+0x15d191) (BuildId: 73a10d7cc646a755f705b0ae57418e68578aec2f)
    #1 0x7ff5c59b6da2  (/usr/lib/llvm-20/lib/libLLVM.so.20.1+0x1a9ada2) (BuildId: b856c61f98abf0989f157f153740fe0fadfbb760)
    #2 0x7ff5c6f3998b  (/usr/lib/llvm-20/lib/libLLVM.so.20.1+0x301d98b) (BuildId: b856c61f98abf0989f157f153740fe0fadfbb760)
    #3 0x7ff5c6f398a6  (/usr/lib/llvm-20/lib/libLLVM.so.20.1+0x301d8a6) (BuildId: b856c61f98abf0989f157f153740fe0fadfbb760)
    #4 0x7ff5c7b28f73  (/usr/lib/llvm-20/lib/libLLVM.so.20.1+0x3c0cf73) (BuildId: b856c61f98abf0989f157f153740fe0fadfbb760)
    #5 0x7ff5c7b6091a  (/usr/lib/llvm-20/lib/libLLVM.so.20.1+0x3c4491a) (BuildId: b856c61f98abf0989f157f153740fe0fadfbb760)
    #6 0x7ff5c7b61710  (/usr/lib/llvm-20/lib/libLLVM.so.20.1+0x3c45710) (BuildId: b856c61f98abf0989f157f153740fe0fadfbb760)
    #7 0x7ff5c7b62a6c  (/usr/lib/llvm-20/lib/libLLVM.so.20.1+0x3c46a6c) (BuildId: b856c61f98abf0989f157f153740fe0fadfbb760)
    #8 0x55ca91648523 in llvm::Target::createTargetMachine(llvm::StringRef, llvm::StringRef, llvm::StringRef, llvm::TargetOptions const&, std::optional<llvm::Reloc::Model>, std::optional<llvm::CodeModel::Model>, llvm::CodeGenOptLevel, bool) const /usr/lib/llvm-20/include/llvm/MC/TargetRegistry.h:462:12
    #9 0x55ca9163a09e in tsc::TargetRegistry::initializeAllTargets() /workspace/src/TargetRegistry.cpp:67:41
    #10 0x55ca9162bdcd in tsc::Compiler::initializeLLVM() /workspace/src/Compiler.cpp:349:14
    #11 0x55ca9162b8b7 in tsc::Compiler::Compiler(tsc::CompilerOptions const&) /workspace/src/Compiler.cpp:24:5
    #12 0x55ca915fd7b5 in main /workspace/src/main.cpp:191:18
    #13 0x7ff5c395a337  (/lib/x86_64-linux-gnu/libc.so.6+0x2a337) (BuildId: 467f544f15035abef911999cbc14489edd0555ab)
    #14 0x7ff5c395a3fa in __libc_start_main (/lib/x86_64-linux-gnu/libc.so.6+0x2a3fa) (BuildId: 467f544f15035abef911999cbc14489edd0555ab)
    #15 0x55ca91511b64 in _start (/workspace/build-asan/tsc+0x74b64) (BuildId: 73a10d7cc646a755f705b0ae57418e68578aec2f)

Indirect leak of 112 byte(s) in 2 object(s) allocated from:
    #0 0x55ca915fa191 in operator new(unsigned long) (/workspace/build-asan/tsc+0x15d191) (BuildId: 73a10d7cc646a755f705b0ae57418e68578aec2f)
    #1 0x7ff5c59b6da2  (/usr/lib/llvm-20/lib/libLLVM.so.20.1+0x1a9ada2) (BuildId: b856c61f98abf0989f157f153740fe0fadfbb760)
    #2 0x7ff5c6f3998b  (/usr/lib/llvm-20/lib/libLLVM.so.20.1+0x301d98b) (BuildId: b856c61f98abf0989f157f153740fe0fadfbb760)
    #3 0x7ff5c6f398a6  (/usr/lib/llvm-20/lib/libLLVM.so.20.1+0x301d8a6) (BuildId: b856c61f98abf0989f157f153740fe0fadfbb760)
    #4 0x7ff5c7b28ef9  (/usr/lib/llvm-20/lib/libLLVM.so.20.1+0x3c0cef9) (BuildId: b856c61f98abf0989f157f153740fe0fadfbb760)
    #5 0x7ff5c7b6091a  (/usr/lib/llvm-20/lib/libLLVM.so.20.1+0x3c4491a) (BuildId: b856c61f98abf0989f157f153740fe0fadfbb760)
    #6 0x7ff5c7b61710  (/usr/lib/llvm-20/lib/libLLVM.so.20.1+0x3c45710) (BuildId: b856c61f98abf0989f157f153740fe0fadfbb760)
    #7 0x7ff5c7b62a6c  (/usr/lib/llvm-20/lib/libLLVM.so.20.1+0x3c46a6c) (BuildId: b856c61f98abf0989f157f153740fe0fadfbb760)
    #8 0x55ca91648523 in llvm::Target::createTargetMachine(llvm::StringRef, llvm::StringRef, llvm::StringRef, llvm::TargetOptions const&, std::optional<llvm::Reloc::Model>, std::optional<llvm::CodeModel::Model>, llvm::CodeGenOptLevel, bool) const /usr/lib/llvm-20/include/llvm/MC/TargetRegistry.h:462:12
    #9 0x55ca9163a09e in tsc::TargetRegistry::initializeAllTargets() /workspace/src/TargetRegistry.cpp:67:41
    #10 0x55ca9162bdcd in tsc::Compiler::initializeLLVM() /workspace/src/Compiler.cpp:349:14
    #11 0x55ca9162b8b7 in tsc::Compiler::Compiler(tsc::CompilerOptions const&) /workspace/src/Compiler.cpp:24:5
    #12 0x55ca915fd7b5 in main /workspace/src/main.cpp:191:18
    #13 0x7ff5c395a337  (/lib/x86_64-linux-gnu/libc.so.6+0x2a337) (BuildId: 467f544f15035abef911999cbc14489edd0555ab)
    #14 0x7ff5c395a3fa in __libc_start_main (/lib/x86_64-linux-gnu/libc.so.6+0x2a3fa) (BuildId: 467f544f15035abef911999cbc14489edd0555ab)
    #15 0x55ca91511b64 in _start (/workspace/build-asan/tsc+0x74b64) (BuildId: 73a10d7cc646a755f705b0ae57418e68578aec2f)

Indirect leak of 112 byte(s) in 2 object(s) allocated from:
    #0 0x55ca915fa191 in operator new(unsigned long) (/workspace/build-asan/tsc+0x15d191) (BuildId: 73a10d7cc646a755f705b0ae57418e68578aec2f)
    #1 0x7ff5c59b6da2  (/usr/lib/llvm-20/lib/libLLVM.so.20.1+0x1a9ada2) (BuildId: b856c61f98abf0989f157f153740fe0fadfbb760)
    #2 0x7ff5c6f3998b  (/usr/lib/llvm-20/lib/libLLVM.so.20.1+0x301d98b) (BuildId: b856c61f98abf0989f157f153740fe0fadfbb760)
    #3 0x7ff5c6f398a6  (/usr/lib/llvm-20/lib/libLLVM.so.20.1+0x301d8a6) (BuildId: b856c61f98abf0989f157f153740fe0fadfbb760)
    #4 0x7ff5c7b28e93  (/usr/lib/llvm-20/lib/libLLVM.so.20.1+0x3c0ce93) (BuildId: b856c61f98abf0989f157f153740fe0fadfbb760)
    #5 0x7ff5c7b6091a  (/usr/lib/llvm-20/lib/libLLVM.so.20.1+0x3c4491a) (BuildId: b856c61f98abf0989f157f153740fe0fadfbb760)
    #6 0x7ff5c7b61710  (/usr/lib/llvm-20/lib/libLLVM.so.20.1+0x3c45710) (BuildId: b856c61f98abf0989f157f153740fe0fadfbb760)
    #7 0x7ff5c7b62a6c  (/usr/lib/llvm-20/lib/libLLVM.so.20.1+0x3c46a6c) (BuildId: b856c61f98abf0989f157f153740fe0fadfbb760)
    #8 0x55ca91648523 in llvm::Target::createTargetMachine(llvm::StringRef, llvm::StringRef, llvm::StringRef, llvm::TargetOptions const&, std::optional<llvm::Reloc::Model>, std::optional<llvm::CodeModel::Model>, llvm::CodeGenOptLevel, bool) const /usr/lib/llvm-20/include/llvm/MC/TargetRegistry.h:462:12
    #9 0x55ca9163a09e in tsc::TargetRegistry::initializeAllTargets() /workspace/src/TargetRegistry.cpp:67:41
    #10 0x55ca9162bdcd in tsc::Compiler::initializeLLVM() /workspace/src/Compiler.cpp:349:14
    #11 0x55ca9162b8b7 in tsc::Compiler::Compiler(tsc::CompilerOptions const&) /workspace/src/Compiler.cpp:24:5
    #12 0x55ca915fd7b5 in main /workspace/src/main.cpp:191:18
    #13 0x7ff5c395a337  (/lib/x86_64-linux-gnu/libc.so.6+0x2a337) (BuildId: 467f544f15035abef911999cbc14489edd0555ab)
    #14 0x7ff5c395a3fa in __libc_start_main (/lib/x86_64-linux-gnu/libc.so.6+0x2a3fa) (BuildId: 467f544f15035abef911999cbc14489edd0555ab)
    #15 0x55ca91511b64 in _start (/workspace/build-asan/tsc+0x74b64) (BuildId: 73a10d7cc646a755f705b0ae57418e68578aec2f)

Indirect leak of 112 byte(s) in 2 object(s) allocated from:
    #0 0x55ca915fa191 in operator new(unsigned long) (/workspace/build-asan/tsc+0x15d191) (BuildId: 73a10d7cc646a755f705b0ae57418e68578aec2f)
    #1 0x7ff5c59b6da2  (/usr/lib/llvm-20/lib/libLLVM.so.20.1+0x1a9ada2) (BuildId: b856c61f98abf0989f157f153740fe0fadfbb760)
    #2 0x7ff5c6f3998b  (/usr/lib/llvm-20/lib/libLLVM.so.20.1+0x301d98b) (BuildId: b856c61f98abf0989f157f153740fe0fadfbb760)
    #3 0x7ff5c6f398a6  (/usr/lib/llvm-20/lib/libLLVM.so.20.1+0x301d8a6) (BuildId: b856c61f98abf0989f157f153740fe0fadfbb760)
    #4 0x7ff5c7b28dc3  (/usr/lib/llvm-20/lib/libLLVM.so.20.1+0x3c0cdc3) (BuildId: b856c61f98abf0989f157f153740fe0fadfbb760)
    #5 0x7ff5c7b6091a  (/usr/lib/llvm-20/lib/libLLVM.so.20.1+0x3c4491a) (BuildId: b856c61f98abf0989f157f153740fe0fadfbb760)
    #6 0x7ff5c7b61710  (/usr/lib/llvm-20/lib/libLLVM.so.20.1+0x3c45710) (BuildId: b856c61f98abf0989f157f153740fe0fadfbb760)
    #7 0x7ff5c7b62a6c  (/usr/lib/llvm-20/lib/libLLVM.so.20.1+0x3c46a6c) (BuildId: b856c61f98abf0989f157f153740fe0fadfbb760)
    #8 0x55ca91648523 in llvm::Target::createTargetMachine(llvm::StringRef, llvm::StringRef, llvm::StringRef, llvm::TargetOptions const&, std::optional<llvm::Reloc::Model>, std::optional<llvm::CodeModel::Model>, llvm::CodeGenOptLevel, bool) const /usr/lib/llvm-20/include/llvm/MC/TargetRegistry.h:462:12
    #9 0x55ca9163a09e in tsc::TargetRegistry::initializeAllTargets() /workspace/src/TargetRegistry.cpp:67:41
    #10 0x55ca9162bdcd in tsc::Compiler::initializeLLVM() /workspace/src/Compiler.cpp:349:14
    #11 0x55ca9162b8b7 in tsc::Compiler::Compiler(tsc::CompilerOptions const&) /workspace/src/Compiler.cpp:24:5
    #12 0x55ca915fd7b5 in main /workspace/src/main.cpp:191:18
    #13 0x7ff5c395a337  (/lib/x86_64-linux-gnu/libc.so.6+0x2a337) (BuildId: 467f544f15035abef911999cbc14489edd0555ab)
    #14 0x7ff5c395a3fa in __libc_start_main (/lib/x86_64-linux-gnu/libc.so.6+0x2a3fa) (BuildId: 467f544f15035abef911999cbc14489edd0555ab)
    #15 0x55ca91511b64 in _start (/workspace/build-asan/tsc+0x74b64) (BuildId: 73a10d7cc646a755f705b0ae57418e68578aec2f)

Indirect leak of 112 byte(s) in 2 object(s) allocated from:
    #0 0x55ca915fa191 in operator new(unsigned long) (/workspace/build-asan/tsc+0x15d191) (BuildId: 73a10d7cc646a755f705b0ae57418e68578aec2f)
    #1 0x7ff5c59b6da2  (/usr/lib/llvm-20/lib/libLLVM.so.20.1+0x1a9ada2) (BuildId: b856c61f98abf0989f157f153740fe0fadfbb760)
    #2 0x7ff5c6f3b039  (/usr/lib/llvm-20/lib/libLLVM.so.20.1+0x301f039) (BuildId: b856c61f98abf0989f157f153740fe0fadfbb760)
    #3 0x7ff5c6f3af97  (/usr/lib/llvm-20/lib/libLLVM.so.20.1+0x301ef97) (BuildId: b856c61f98abf0989f157f153740fe0fadfbb760)
    #4 0x7ff5c6f3998b  (/usr/lib/llvm-20/lib/libLLVM.so.20.1+0x301d98b) (BuildId: b856c61f98abf0989f157f153740fe0fadfbb760)
    #5 0x7ff5c6f398a6  (/usr/lib/llvm-20/lib/libLLVM.so.20.1+0x301d8a6) (BuildId: b856c61f98abf0989f157f153740fe0fadfbb760)
    #6 0x7ff5c6f3aa71  (/usr/lib/llvm-20/lib/libLLVM.so.20.1+0x301ea71) (BuildId: b856c61f98abf0989f157f153740fe0fadfbb760)
    #7 0x7ff5c7b28d6b  (/usr/lib/llvm-20/lib/libLLVM.so.20.1+0x3c0cd6b) (BuildId: b856c61f98abf0989f157f153740fe0fadfbb760)
    #8 0x7ff5c7b6091a  (/usr/lib/llvm-20/lib/libLLVM.so.20.1+0x3c4491a) (BuildId: b856c61f98abf0989f157f153740fe0fadfbb760)
    #9 0x7ff5c7b61710  (/usr/lib/llvm-20/lib/libLLVM.so.20.1+0x3c45710) (BuildId: b856c61f98abf0989f157f153740fe0fadfbb760)
    #10 0x7ff5c7b62a6c  (/usr/lib/llvm-20/lib/libLLVM.so.20.1+0x3c46a6c) (BuildId: b856c61f98abf0989f157f153740fe0fadfbb760)
    #11 0x55ca91648523 in llvm::Target::createTargetMachine(llvm::StringRef, llvm::StringRef, llvm::StringRef, llvm::TargetOptions const&, std::optional<llvm::Reloc::Model>, std::optional<llvm::CodeModel::Model>, llvm::CodeGenOptLevel, bool) const /usr/lib/llvm-20/include/llvm/MC/TargetRegistry.h:462:12
    #12 0x55ca9163a09e in tsc::TargetRegistry::initializeAllTargets() /workspace/src/TargetRegistry.cpp:67:41
    #13 0x55ca9162bdcd in tsc::Compiler::initializeLLVM() /workspace/src/Compiler.cpp:349:14
    #14 0x55ca9162b8b7 in tsc::Compiler::Compiler(tsc::CompilerOptions const&) /workspace/src/Compiler.cpp:24:5
    #15 0x55ca915fd7b5 in main /workspace/src/main.cpp:191:18
    #16 0x7ff5c395a337  (/lib/x86_64-linux-gnu/libc.so.6+0x2a337) (BuildId: 467f544f15035abef911999cbc14489edd0555ab)
    #17 0x7ff5c395a3fa in __libc_start_main (/lib/x86_64-linux-gnu/libc.so.6+0x2a3fa) (BuildId: 467f544f15035abef911999cbc14489edd0555ab)
    #18 0x55ca91511b64 in _start (/workspace/build-asan/tsc+0x74b64) (BuildId: 73a10d7cc646a755f705b0ae57418e68578aec2f)

Indirect leak of 112 byte(s) in 2 object(s) allocated from:
    #0 0x55ca915fa191 in operator new(unsigned long) (/workspace/build-asan/tsc+0x15d191) (BuildId: 73a10d7cc646a755f705b0ae57418e68578aec2f)
    #1 0x7ff5c59b6da2  (/usr/lib/llvm-20/lib/libLLVM.so.20.1+0x1a9ada2) (BuildId: b856c61f98abf0989f157f153740fe0fadfbb760)
    #2 0x7ff5c6f3b008  (/usr/lib/llvm-20/lib/libLLVM.so.20.1+0x301f008) (BuildId: b856c61f98abf0989f157f153740fe0fadfbb760)
    #3 0x7ff5c6f3af97  (/usr/lib/llvm-20/lib/libLLVM.so.20.1+0x301ef97) (BuildId: b856c61f98abf0989f157f153740fe0fadfbb760)
    #4 0x7ff5c6f3998b  (/usr/lib/llvm-20/lib/libLLVM.so.20.1+0x301d98b) (BuildId: b856c61f98abf0989f157f153740fe0fadfbb760)
    #5 0x7ff5c6f398a6  (/usr/lib/llvm-20/lib/libLLVM.so.20.1+0x301d8a6) (BuildId: b856c61f98abf0989f157f153740fe0fadfbb760)
    #6 0x7ff5c6f3aa71  (/usr/lib/llvm-20/lib/libLLVM.so.20.1+0x301ea71) (BuildId: b856c61f98abf0989f157f153740fe0fadfbb760)
    #7 0x7ff5c7b28d6b  (/usr/lib/llvm-20/lib/libLLVM.so.20.1+0x3c0cd6b) (BuildId: b856c61f98abf0989f157f153740fe0fadfbb760)
    #8 0x7ff5c7b6091a  (/usr/lib/llvm-20/lib/libLLVM.so.20.1+0x3c4491a) (BuildId: b856c61f98abf0989f157f153740fe0fadfbb760)
    #9 0x7ff5c7b61710  (/usr/lib/llvm-20/lib/libLLVM.so.20.1+0x3c45710) (BuildId: b856c61f98abf0989f157f153740fe0fadfbb760)
    #10 0x7ff5c7b62a6c  (/usr/lib/llvm-20/lib/libLLVM.so.20.1+0x3c46a6c) (BuildId: b856c61f98abf0989f157f153740fe0fadfbb760)
    #11 0x55ca91648523 in llvm::Target::createTargetMachine(llvm::StringRef, llvm::StringRef, llvm::StringRef, llvm::TargetOptions const&, std::optional<llvm::Reloc::Model>, std::optional<llvm::CodeModel::Model>, llvm::CodeGenOptLevel, bool) const /usr/lib/llvm-20/include/llvm/MC/TargetRegistry.h:462:12
    #12 0x55ca9163a09e in tsc::TargetRegistry::initializeAllTargets() /workspace/src/TargetRegistry.cpp:67:41
    #13 0x55ca9162bdcd in tsc::Compiler::initializeLLVM() /workspace/src/Compiler.cpp:349:14
    #14 0x55ca9162b8b7 in tsc::Compiler::Compiler(tsc::CompilerOptions const&) /workspace/src/Compiler.cpp:24:5
    #15 0x55ca915fd7b5 in main /workspace/src/main.cpp:191:18
    #16 0x7ff5c395a337  (/lib/x86_64-linux-gnu/libc.so.6+0x2a337) (BuildId: 467f544f15035abef911999cbc14489edd0555ab)
    #17 0x7ff5c395a3fa in __libc_start_main (/lib/x86_64-linux-gnu/libc.so.6+0x2a3fa) (BuildId: 467f544f15035abef911999cbc14489edd0555ab)
    #18 0x55ca91511b64 in _start (/workspace/build-asan/tsc+0x74b64) (BuildId: 73a10d7cc646a755f705b0ae57418e68578aec2f)

Indirect leak of 112 byte(s) in 2 object(s) allocated from:
    #0 0x55ca915fa191 in operator new(unsigned long) (/workspace/build-asan/tsc+0x15d191) (BuildId: 73a10d7cc646a755f705b0ae57418e68578aec2f)
    #1 0x7ff5c59b6da2  (/usr/lib/llvm-20/lib/libLLVM.so.20.1+0x1a9ada2) (BuildId: b856c61f98abf0989f157f153740fe0fadfbb760)
    #2 0x7ff5c6f3998b  (/usr/lib/llvm-20/lib/libLLVM.so.20.1+0x301d98b) (BuildId: b856c61f98abf0989f157f153740fe0fadfbb760)
    #3 0x7ff5c6f398a6  (/usr/lib/llvm-20/lib/libLLVM.so.20.1+0x301d8a6) (BuildId: b856c61f98abf0989f157f153740fe0fadfbb760)
    #4 0x7ff5c7b28a1b  (/usr/lib/llvm-20/lib/libLLVM.so.20.1+0x3c0ca1b) (BuildId: b856c61f98abf0989f157f153740fe0fadfbb760)
    #5 0x7ff5c7b6091a  (/usr/lib/llvm-20/lib/libLLVM.so.20.1+0x3c4491a) (BuildId: b856c61f98abf0989f157f153740fe0fadfbb760)
    #6 0x7ff5c7b61710  (/usr/lib/llvm-20/lib/libLLVM.so.20.1+0x3c45710) (BuildId: b856c61f98abf0989f157f153740fe0fadfbb760)
    #7 0x7ff5c7b62a6c  (/usr/lib/llvm-20/lib/libLLVM.so.20.1+0x3c46a6c) (BuildId: b856c61f98abf0989f157f153740fe0fadfbb760)
    #8 0x55ca91648523 in llvm::Target::createTargetMachine(llvm::StringRef, llvm::StringRef, llvm::StringRef, llvm::TargetOptions const&, std::optional<llvm::Reloc::Model>, std::optional<llvm::CodeModel::Model>, llvm::CodeGenOptLevel, bool) const /usr/lib/llvm-20/include/llvm/MC/TargetRegistry.h:462:12
    #9 0x55ca9163a09e in tsc::TargetRegistry::initializeAllTargets() /workspace/src/TargetRegistry.cpp:67:41
    #10 0x55ca9162bdcd in tsc::Compiler::initializeLLVM() /workspace/src/Compiler.cpp:349:14
    #11 0x55ca9162b8b7 in tsc::Compiler::Compiler(tsc::CompilerOptions const&) /workspace/src/Compiler.cpp:24:5
    #12 0x55ca915fd7b5 in main /workspace/src/main.cpp:191:18
    #13 0x7ff5c395a337  (/lib/x86_64-linux-gnu/libc.so.6+0x2a337) (BuildId: 467f544f15035abef911999cbc14489edd0555ab)
    #14 0x7ff5c395a3fa in __libc_start_main (/lib/x86_64-linux-gnu/libc.so.6+0x2a3fa) (BuildId: 467f544f15035abef911999cbc14489edd0555ab)
    #15 0x55ca91511b64 in _start (/workspace/build-asan/tsc+0x74b64) (BuildId: 73a10d7cc646a755f705b0ae57418e68578aec2f)

Indirect leak of 112 byte(s) in 2 object(s) allocated from:
    #0 0x55ca915fa191 in operator new(unsigned long) (/workspace/build-asan/tsc+0x15d191) (BuildId: 73a10d7cc646a755f705b0ae57418e68578aec2f)
    #1 0x7ff5c59b6da2  (/usr/lib/llvm-20/lib/libLLVM.so.20.1+0x1a9ada2) (BuildId: b856c61f98abf0989f157f153740fe0fadfbb760)
    #2 0x7ff5c6f3998b  (/usr/lib/llvm-20/lib/libLLVM.so.20.1+0x301d98b) (BuildId: b856c61f98abf0989f157f153740fe0fadfbb760)
    #3 0x7ff5c6f398a6  (/usr/lib/llvm-20/lib/libLLVM.so.20.1+0x301d8a6) (BuildId: b856c61f98abf0989f157f153740fe0fadfbb760)
    #4 0x7ff5c7b286d3  (/usr/lib/llvm-20/lib/libLLVM.so.20.1+0x3c0c6d3) (BuildId: b856c61f98abf0989f157f153740fe0fadfbb760)
    #5 0x7ff5c7b6091a  (/usr/lib/llvm-20/lib/libLLVM.so.20.1+0x3c4491a) (BuildId: b856c61f98abf0989f157f153740fe0fadfbb760)
    #6 0x7ff5c7b61710  (/usr/lib/llvm-20/lib/libLLVM.so.20.1+0x3c45710) (BuildId: b856c61f98abf0989f157f153740fe0fadfbb760)
    #7 0x7ff5c7b62a6c  (/usr/lib/llvm-20/lib/libLLVM.so.20.1+0x3c46a6c) (BuildId: b856c61f98abf0989f157f153740fe0fadfbb760)
    #8 0x55ca91648523 in llvm::Target::createTargetMachine(llvm::StringRef, llvm::StringRef, llvm::StringRef, llvm::TargetOptions const&, std::optional<llvm::Reloc::Model>, std::optional<llvm::CodeModel::Model>, llvm::CodeGenOptLevel, bool) const /usr/lib/llvm-20/include/llvm/MC/TargetRegistry.h:462:12
    #9 0x55ca9163a09e in tsc::TargetRegistry::initializeAllTargets() /workspace/src/TargetRegistry.cpp:67:41
    #10 0x55ca9162bdcd in tsc::Compiler::initializeLLVM() /workspace/src/Compiler.cpp:349:14
    #11 0x55ca9162b8b7 in tsc::Compiler::Compiler(tsc::CompilerOptions const&) /workspace/src/Compiler.cpp:24:5
    #12 0x55ca915fd7b5 in main /workspace/src/main.cpp:191:18
    #13 0x7ff5c395a337  (/lib/x86_64-linux-gnu/libc.so.6+0x2a337) (BuildId: 467f544f15035abef911999cbc14489edd0555ab)
    #14 0x7ff5c395a3fa in __libc_start_main (/lib/x86_64-linux-gnu/libc.so.6+0x2a3fa) (BuildId: 467f544f15035abef911999cbc14489edd0555ab)
    #15 0x55ca91511b64 in _start (/workspace/build-asan/tsc+0x74b64) (BuildId: 73a10d7cc646a755f705b0ae57418e68578aec2f)

Indirect leak of 112 byte(s) in 2 object(s) allocated from:
    #0 0x55ca915fa191 in operator new(unsigned long) (/workspace/build-asan/tsc+0x15d191) (BuildId: 73a10d7cc646a755f705b0ae57418e68578aec2f)
    #1 0x7ff5c59b6da2  (/usr/lib/llvm-20/lib/libLLVM.so.20.1+0x1a9ada2) (BuildId: b856c61f98abf0989f157f153740fe0fadfbb760)
    #2 0x7ff5c6f3b039  (/usr/lib/llvm-20/lib/libLLVM.so.20.1+0x301f039) (BuildId: b856c61f98abf0989f157f153740fe0fadfbb760)
    #3 0x7ff5c6f3af97  (/usr/lib/llvm-20/lib/libLLVM.so.20.1+0x301ef97) (BuildId: b856c61f98abf0989f157f153740fe0fadfbb760)
    #4 0x7ff5c6f3998b  (/usr/lib/llvm-20/lib/libLLVM.so.20.1+0x301d98b) (BuildId: b856c61f98abf0989f157f153740fe0fadfbb760)
    #5 0x7ff5c6f398a6  (/usr/lib/llvm-20/lib/libLLVM.so.20.1+0x301d8a6) (BuildId: b856c61f98abf0989f157f153740fe0fadfbb760)
    #6 0x7ff5c6f3aa71  (/usr/lib/llvm-20/lib/libLLVM.so.20.1+0x301ea71) (BuildId: b856c61f98abf0989f157f153740fe0fadfbb760)
    #7 0x7ff5c7b29e11  (/usr/lib/llvm-20/lib/libLLVM.so.20.1+0x3c0de11) (BuildId: b856c61f98abf0989f157f153740fe0fadfbb760)
    #8 0x7ff5c7b6091a  (/usr/lib/llvm-20/lib/libLLVM.so.20.1+0x3c4491a) (BuildId: b856c61f98abf0989f157f153740fe0fadfbb760)
    #9 0x7ff5c7b61a19  (/usr/lib/llvm-20/lib/libLLVM.so.20.1+0x3c45a19) (BuildId: b856c61f98abf0989f157f153740fe0fadfbb760)
    #10 0x7ff5c7b62b2c  (/usr/lib/llvm-20/lib/libLLVM.so.20.1+0x3c46b2c) (BuildId: b856c61f98abf0989f157f153740fe0fadfbb760)
    #11 0x55ca91648523 in llvm::Target::createTargetMachine(llvm::StringRef, llvm::StringRef, llvm::StringRef, llvm::TargetOptions const&, std::optional<llvm::Reloc::Model>, std::optional<llvm::CodeModel::Model>, llvm::CodeGenOptLevel, bool) const /usr/lib/llvm-20/include/llvm/MC/TargetRegistry.h:462:12
    #12 0x55ca9163a09e in tsc::TargetRegistry::initializeAllTargets() /workspace/src/TargetRegistry.cpp:67:41
    #13 0x55ca9162bdcd in tsc::Compiler::initializeLLVM() /workspace/src/Compiler.cpp:349:14
    #14 0x55ca9162b8b7 in tsc::Compiler::Compiler(tsc::CompilerOptions const&) /workspace/src/Compiler.cpp:24:5
    #15 0x55ca915fd7b5 in main /workspace/src/main.cpp:191:18
    #16 0x7ff5c395a337  (/lib/x86_64-linux-gnu/libc.so.6+0x2a337) (BuildId: 467f544f15035abef911999cbc14489edd0555ab)
    #17 0x7ff5c395a3fa in __libc_start_main (/lib/x86_64-linux-gnu/libc.so.6+0x2a3fa) (BuildId: 467f544f15035abef911999cbc14489edd0555ab)
    #18 0x55ca91511b64 in _start (/workspace/build-asan/tsc+0x74b64) (BuildId: 73a10d7cc646a755f705b0ae57418e68578aec2f)

Indirect leak of 112 byte(s) in 2 object(s) allocated from:
    #0 0x55ca915fa191 in operator new(unsigned long) (/workspace/build-asan/tsc+0x15d191) (BuildId: 73a10d7cc646a755f705b0ae57418e68578aec2f)
    #1 0x7ff5c59b6da2  (/usr/lib/llvm-20/lib/libLLVM.so.20.1+0x1a9ada2) (BuildId: b856c61f98abf0989f157f153740fe0fadfbb760)
    #2 0x7ff5c6f3b008  (/usr/lib/llvm-20/lib/libLLVM.so.20.1+0x301f008) (BuildId: b856c61f98abf0989f157f153740fe0fadfbb760)
    #3 0x7ff5c6f3af97  (/usr/lib/llvm-20/lib/libLLVM.so.20.1+0x301ef97) (BuildId: b856c61f98abf0989f157f153740fe0fadfbb760)
    #4 0x7ff5c6f3998b  (/usr/lib/llvm-20/lib/libLLVM.so.20.1+0x301d98b) (BuildId: b856c61f98abf0989f157f153740fe0fadfbb760)
    #5 0x7ff5c6f398a6  (/usr/lib/llvm-20/lib/libLLVM.so.20.1+0x301d8a6) (BuildId: b856c61f98abf0989f157f153740fe0fadfbb760)
    #6 0x7ff5c6f3aa71  (/usr/lib/llvm-20/lib/libLLVM.so.20.1+0x301ea71) (BuildId: b856c61f98abf0989f157f153740fe0fadfbb760)
    #7 0x7ff5c7b29e11  (/usr/lib/llvm-20/lib/libLLVM.so.20.1+0x3c0de11) (BuildId: b856c61f98abf0989f157f153740fe0fadfbb760)
    #8 0x7ff5c7b6091a  (/usr/lib/llvm-20/lib/libLLVM.so.20.1+0x3c4491a) (BuildId: b856c61f98abf0989f157f153740fe0fadfbb760)
    #9 0x7ff5c7b61a19  (/usr/lib/llvm-20/lib/libLLVM.so.20.1+0x3c45a19) (BuildId: b856c61f98abf0989f157f153740fe0fadfbb760)
    #10 0x7ff5c7b62b2c  (/usr/lib/llvm-20/lib/libLLVM.so.20.1+0x3c46b2c) (BuildId: b856c61f98abf0989f157f153740fe0fadfbb760)
    #11 0x55ca91648523 in llvm::Target::createTargetMachine(llvm::StringRef, llvm::StringRef, llvm::StringRef, llvm::TargetOptions const&, std::optional<llvm::Reloc::Model>, std::optional<llvm::CodeModel::Model>, llvm::CodeGenOptLevel, bool) const /usr/lib/llvm-20/include/llvm/MC/TargetRegistry.h:462:12
    #12 0x55ca9163a09e in tsc::TargetRegistry::initializeAllTargets() /workspace/src/TargetRegistry.cpp:67:41
    #13 0x55ca9162bdcd in tsc::Compiler::initializeLLVM() /workspace/src/Compiler.cpp:349:14
    #14 0x55ca9162b8b7 in tsc::Compiler::Compiler(tsc::CompilerOptions const&) /workspace/src/Compiler.cpp:24:5
    #15 0x55ca915fd7b5 in main /workspace/src/main.cpp:191:18
    #16 0x7ff5c395a337  (/lib/x86_64-linux-gnu/libc.so.6+0x2a337) (BuildId: 467f544f15035abef911999cbc14489edd0555ab)
    #17 0x7ff5c395a3fa in __libc_start_main (/lib/x86_64-linux-gnu/libc.so.6+0x2a3fa) (BuildId: 467f544f15035abef911999cbc14489edd0555ab)
    #18 0x55ca91511b64 in _start (/workspace/build-asan/tsc+0x74b64) (BuildId: 73a10d7cc646a755f705b0ae57418e68578aec2f)

Indirect leak of 112 byte(s) in 2 object(s) allocated from:
    #0 0x55ca915fa191 in operator new(unsigned long) (/workspace/build-asan/tsc+0x15d191) (BuildId: 73a10d7cc646a755f705b0ae57418e68578aec2f)
    #1 0x7ff5c59b6da2  (/usr/lib/llvm-20/lib/libLLVM.so.20.1+0x1a9ada2) (BuildId: b856c61f98abf0989f157f153740fe0fadfbb760)
    #2 0x7ff5c6f3b039  (/usr/lib/llvm-20/lib/libLLVM.so.20.1+0x301f039) (BuildId: b856c61f98abf0989f157f153740fe0fadfbb760)
    #3 0x7ff5c6f3af97  (/usr/lib/llvm-20/lib/libLLVM.so.20.1+0x301ef97) (BuildId: b856c61f98abf0989f157f153740fe0fadfbb760)
    #4 0x7ff5c6f3998b  (/usr/lib/llvm-20/lib/libLLVM.so.20.1+0x301d98b) (BuildId: b856c61f98abf0989f157f153740fe0fadfbb760)
    #5 0x7ff5c6f398a6  (/usr/lib/llvm-20/lib/libLLVM.so.20.1+0x301d8a6) (BuildId: b856c61f98abf0989f157f153740fe0fadfbb760)
    #6 0x7ff5c6f3aa71  (/usr/lib/llvm-20/lib/libLLVM.so.20.1+0x301ea71) (BuildId: b856c61f98abf0989f157f153740fe0fadfbb760)
    #7 0x7ff5c7b29ddf  (/usr/lib/llvm-20/lib/libLLVM.so.20.1+0x3c0dddf) (BuildId: b856c61f98abf0989f157f153740fe0fadfbb760)
    #8 0x7ff5c7b6091a  (/usr/lib/llvm-20/lib/libLLVM.so.20.1+0x3c4491a) (BuildId: b856c61f98abf0989f157f153740fe0fadfbb760)
    #9 0x7ff5c7b61a19  (/usr/lib/llvm-20/lib/libLLVM.so.20.1+0x3c45a19) (BuildId: b856c61f98abf0989f157f153740fe0fadfbb760)
    #10 0x7ff5c7b62b2c  (/usr/lib/llvm-20/lib/libLLVM.so.20.1+0x3c46b2c) (BuildId: b856c61f98abf0989f157f153740fe0fadfbb760)
    #11 0x55ca91648523 in llvm::Target::createTargetMachine(llvm::StringRef, llvm::StringRef, llvm::StringRef, llvm::TargetOptions const&, std::optional<llvm::Reloc::Model>, std::optional<llvm::CodeModel::Model>, llvm::CodeGenOptLevel, bool) const /usr/lib/llvm-20/include/llvm/MC/TargetRegistry.h:462:12
    #12 0x55ca9163a09e in tsc::TargetRegistry::initializeAllTargets() /workspace/src/TargetRegistry.cpp:67:41
    #13 0x55ca9162bdcd in tsc::Compiler::initializeLLVM() /workspace/src/Compiler.cpp:349:14
    #14 0x55ca9162b8b7 in tsc::Compiler::Compiler(tsc::CompilerOptions const&) /workspace/src/Compiler.cpp:24:5
    #15 0x55ca915fd7b5 in main /workspace/src/main.cpp:191:18
    #16 0x7ff5c395a337  (/lib/x86_64-linux-gnu/libc.so.6+0x2a337) (BuildId: 467f544f15035abef911999cbc14489edd0555ab)
    #17 0x7ff5c395a3fa in __libc_start_main (/lib/x86_64-linux-gnu/libc.so.6+0x2a3fa) (BuildId: 467f544f15035abef911999cbc14489edd0555ab)
    #18 0x55ca91511b64 in _start (/workspace/build-asan/tsc+0x74b64) (BuildId: 73a10d7cc646a755f705b0ae57418e68578aec2f)

Indirect leak of 112 byte(s) in 2 object(s) allocated from:
    #0 0x55ca915fa191 in operator new(unsigned long) (/workspace/build-asan/tsc+0x15d191) (BuildId: 73a10d7cc646a755f705b0ae57418e68578aec2f)
    #1 0x7ff5c59b6da2  (/usr/lib/llvm-20/lib/libLLVM.so.20.1+0x1a9ada2) (BuildId: b856c61f98abf0989f157f153740fe0fadfbb760)
    #2 0x7ff5c6f3b008  (/usr/lib/llvm-20/lib/libLLVM.so.20.1+0x301f008) (BuildId: b856c61f98abf0989f157f153740fe0fadfbb760)
    #3 0x7ff5c6f3af97  (/usr/lib/llvm-20/lib/libLLVM.so.20.1+0x301ef97) (BuildId: b856c61f98abf0989f157f153740fe0fadfbb760)
    #4 0x7ff5c6f3998b  (/usr/lib/llvm-20/lib/libLLVM.so.20.1+0x301d98b) (BuildId: b856c61f98abf0989f157f153740fe0fadfbb760)
    #5 0x7ff5c6f398a6  (/usr/lib/llvm-20/lib/libLLVM.so.20.1+0x301d8a6) (BuildId: b856c61f98abf0989f157f153740fe0fadfbb760)
    #6 0x7ff5c6f3aa71  (/usr/lib/llvm-20/lib/libLLVM.so.20.1+0x301ea71) (BuildId: b856c61f98abf0989f157f153740fe0fadfbb760)
    #7 0x7ff5c7b29ddf  (/usr/lib/llvm-20/lib/libLLVM.so.20.1+0x3c0dddf) (BuildId: b856c61f98abf0989f157f153740fe0fadfbb760)
    #8 0x7ff5c7b6091a  (/usr/lib/llvm-20/lib/libLLVM.so.20.1+0x3c4491a) (BuildId: b856c61f98abf0989f157f153740fe0fadfbb760)
    #9 0x7ff5c7b61a19  (/usr/lib/llvm-20/lib/libLLVM.so.20.1+0x3c45a19) (BuildId: b856c61f98abf0989f157f153740fe0fadfbb760)
    #10 0x7ff5c7b62b2c  (/usr/lib/llvm-20/lib/libLLVM.so.20.1+0x3c46b2c) (BuildId: b856c61f98abf0989f157f153740fe0fadfbb760)
    #11 0x55ca91648523 in llvm::Target::createTargetMachine(llvm::StringRef, llvm::StringRef, llvm::StringRef, llvm::TargetOptions const&, std::optional<llvm::Reloc::Model>, std::optional<llvm::CodeModel::Model>, llvm::CodeGenOptLevel, bool) const /usr/lib/llvm-20/include/llvm/MC/TargetRegistry.h:462:12
    #12 0x55ca9163a09e in tsc::TargetRegistry::initializeAllTargets() /workspace/src/TargetRegistry.cpp:67:41
    #13 0x55ca9162bdcd in tsc::Compiler::initializeLLVM() /workspace/src/Compiler.cpp:349:14
    #14 0x55ca9162b8b7 in tsc::Compiler::Compiler(tsc::CompilerOptions const&) /workspace/src/Compiler.cpp:24:5
    #15 0x55ca915fd7b5 in main /workspace/src/main.cpp:191:18
    #16 0x7ff5c395a337  (/lib/x86_64-linux-gnu/libc.so.6+0x2a337) (BuildId: 467f544f15035abef911999cbc14489edd0555ab)
    #17 0x7ff5c395a3fa in __libc_start_main (/lib/x86_64-linux-gnu/libc.so.6+0x2a3fa) (BuildId: 467f544f15035abef911999cbc14489edd0555ab)
    #18 0x55ca91511b64 in _start (/workspace/build-asan/tsc+0x74b64) (BuildId: 73a10d7cc646a755f705b0ae57418e68578aec2f)

Indirect leak of 112 byte(s) in 2 object(s) allocated from:
    #0 0x55ca915fa191 in operator new(unsigned long) (/workspace/build-asan/tsc+0x15d191) (BuildId: 73a10d7cc646a755f705b0ae57418e68578aec2f)
    #1 0x7ff5c59b6da2  (/usr/lib/llvm-20/lib/libLLVM.so.20.1+0x1a9ada2) (BuildId: b856c61f98abf0989f157f153740fe0fadfbb760)
    #2 0x7ff5c6f3b039  (/usr/lib/llvm-20/lib/libLLVM.so.20.1+0x301f039) (BuildId: b856c61f98abf0989f157f153740fe0fadfbb760)
    #3 0x7ff5c6f3af97  (/usr/lib/llvm-20/lib/libLLVM.so.20.1+0x301ef97) (BuildId: b856c61f98abf0989f157f153740fe0fadfbb760)
    #4 0x7ff5c6f3998b  (/usr/lib/llvm-20/lib/libLLVM.so.20.1+0x301d98b) (BuildId: b856c61f98abf0989f157f153740fe0fadfbb760)
    #5 0x7ff5c6f398a6  (/usr/lib/llvm-20/lib/libLLVM.so.20.1+0x301d8a6) (BuildId: b856c61f98abf0989f157f153740fe0fadfbb760)
    #6 0x7ff5c6f3aa71  (/usr/lib/llvm-20/lib/libLLVM.so.20.1+0x301ea71) (BuildId: b856c61f98abf0989f157f153740fe0fadfbb760)
    #7 0x7ff5c7b29d8d  (/usr/lib/llvm-20/lib/libLLVM.so.20.1+0x3c0dd8d) (BuildId: b856c61f98abf0989f157f153740fe0fadfbb760)
    #8 0x7ff5c7b6091a  (/usr/lib/llvm-20/lib/libLLVM.so.20.1+0x3c4491a) (BuildId: b856c61f98abf0989f157f153740fe0fadfbb760)
    #9 0x7ff5c7b61a19  (/usr/lib/llvm-20/lib/libLLVM.so.20.1+0x3c45a19) (BuildId: b856c61f98abf0989f157f153740fe0fadfbb760)
    #10 0x7ff5c7b62b2c  (/usr/lib/llvm-20/lib/libLLVM.so.20.1+0x3c46b2c) (BuildId: b856c61f98abf0989f157f153740fe0fadfbb760)
    #11 0x55ca91648523 in llvm::Target::createTargetMachine(llvm::StringRef, llvm::StringRef, llvm::StringRef, llvm::TargetOptions const&, std::optional<llvm::Reloc::Model>, std::optional<llvm::CodeModel::Model>, llvm::CodeGenOptLevel, bool) const /usr/lib/llvm-20/include/llvm/MC/TargetRegistry.h:462:12
    #12 0x55ca9163a09e in tsc::TargetRegistry::initializeAllTargets() /workspace/src/TargetRegistry.cpp:67:41
    #13 0x55ca9162bdcd in tsc::Compiler::initializeLLVM() /workspace/src/Compiler.cpp:349:14
    #14 0x55ca9162b8b7 in tsc::Compiler::Compiler(tsc::CompilerOptions const&) /workspace/src/Compiler.cpp:24:5
    #15 0x55ca915fd7b5 in main /workspace/src/main.cpp:191:18
    #16 0x7ff5c395a337  (/lib/x86_64-linux-gnu/libc.so.6+0x2a337) (BuildId: 467f544f15035abef911999cbc14489edd0555ab)
    #17 0x7ff5c395a3fa in __libc_start_main (/lib/x86_64-linux-gnu/libc.so.6+0x2a3fa) (BuildId: 467f544f15035abef911999cbc14489edd0555ab)
    #18 0x55ca91511b64 in _start (/workspace/build-asan/tsc+0x74b64) (BuildId: 73a10d7cc646a755f705b0ae57418e68578aec2f)

Indirect leak of 112 byte(s) in 2 object(s) allocated from:
    #0 0x55ca915fa191 in operator new(unsigned long) (/workspace/build-asan/tsc+0x15d191) (BuildId: 73a10d7cc646a755f705b0ae57418e68578aec2f)
    #1 0x7ff5c59b6da2  (/usr/lib/llvm-20/lib/libLLVM.so.20.1+0x1a9ada2) (BuildId: b856c61f98abf0989f157f153740fe0fadfbb760)
    #2 0x7ff5c6f3b008  (/usr/lib/llvm-20/lib/libLLVM.so.20.1+0x301f008) (BuildId: b856c61f98abf0989f157f153740fe0fadfbb760)
    #3 0x7ff5c6f3af97  (/usr/lib/llvm-20/lib/libLLVM.so.20.1+0x301ef97) (BuildId: b856c61f98abf0989f157f153740fe0fadfbb760)
    #4 0x7ff5c6f3998b  (/usr/lib/llvm-20/lib/libLLVM.so.20.1+0x301d98b) (BuildId: b856c61f98abf0989f157f153740fe0fadfbb760)
    #5 0x7ff5c6f398a6  (/usr/lib/llvm-20/lib/libLLVM.so.20.1+0x301d8a6) (BuildId: b856c61f98abf0989f157f153740fe0fadfbb760)
    #6 0x7ff5c6f3aa71  (/usr/lib/llvm-20/lib/libLLVM.so.20.1+0x301ea71) (BuildId: b856c61f98abf0989f157f153740fe0fadfbb760)
    #7 0x7ff5c7b29d8d  (/usr/lib/llvm-20/lib/libLLVM.so.20.1+0x3c0dd8d) (BuildId: b856c61f98abf0989f157f153740fe0fadfbb760)
    #8 0x7ff5c7b6091a  (/usr/lib/llvm-20/lib/libLLVM.so.20.1+0x3c4491a) (BuildId: b856c61f98abf0989f157f153740fe0fadfbb760)
    #9 0x7ff5c7b61a19  (/usr/lib/llvm-20/lib/libLLVM.so.20.1+0x3c45a19) (BuildId: b856c61f98abf0989f157f153740fe0fadfbb760)
    #10 0x7ff5c7b62b2c  (/usr/lib/llvm-20/lib/libLLVM.so.20.1+0x3c46b2c) (BuildId: b856c61f98abf0989f157f153740fe0fadfbb760)
    #11 0x55ca91648523 in llvm::Target::createTargetMachine(llvm::StringRef, llvm::StringRef, llvm::StringRef, llvm::TargetOptions const&, std::optional<llvm::Reloc::Model>, std::optional<llvm::CodeModel::Model>, llvm::CodeGenOptLevel, bool) const /usr/lib/llvm-20/include/llvm/MC/TargetRegistry.h:462:12
    #12 0x55ca9163a09e in tsc::TargetRegistry::initializeAllTargets() /workspace/src/TargetRegistry.cpp:67:41
    #13 0x55ca9162bdcd in tsc::Compiler::initializeLLVM() /workspace/src/Compiler.cpp:349:14
    #14 0x55ca9162b8b7 in tsc::Compiler::Compiler(tsc::CompilerOptions const&) /workspace/src/Compiler.cpp:24:5
    #15 0x55ca915fd7b5 in main /workspace/src/main.cpp:191:18
    #16 0x7ff5c395a337  (/lib/x86_64-linux-gnu/libc.so.6+0x2a337) (BuildId: 467f544f15035abef911999cbc14489edd0555ab)
    #17 0x7ff5c395a3fa in __libc_start_main (/lib/x86_64-linux-gnu/libc.so.6+0x2a3fa) (BuildId: 467f544f15035abef911999cbc14489edd0555ab)
    #18 0x55ca91511b64 in _start (/workspace/build-asan/tsc+0x74b64) (BuildId: 73a10d7cc646a755f705b0ae57418e68578aec2f)

Indirect leak of 112 byte(s) in 2 object(s) allocated from:
    #0 0x55ca915fa191 in operator new(unsigned long) (/workspace/build-asan/tsc+0x15d191) (BuildId: 73a10d7cc646a755f705b0ae57418e68578aec2f)
    #1 0x7ff5c59b6da2  (/usr/lib/llvm-20/lib/libLLVM.so.20.1+0x1a9ada2) (BuildId: b856c61f98abf0989f157f153740fe0fadfbb760)
    #2 0x7ff5c6f3b039  (/usr/lib/llvm-20/lib/libLLVM.so.20.1+0x301f039) (BuildId: b856c61f98abf0989f157f153740fe0fadfbb760)
    #3 0x7ff5c6f3af97  (/usr/lib/llvm-20/lib/libLLVM.so.20.1+0x301ef97) (BuildId: b856c61f98abf0989f157f153740fe0fadfbb760)
    #4 0x7ff5c6f3998b  (/usr/lib/llvm-20/lib/libLLVM.so.20.1+0x301d98b) (BuildId: b856c61f98abf0989f157f153740fe0fadfbb760)
    #5 0x7ff5c6f398a6  (/usr/lib/llvm-20/lib/libLLVM.so.20.1+0x301d8a6) (BuildId: b856c61f98abf0989f157f153740fe0fadfbb760)
    #6 0x7ff5c6f3aa71  (/usr/lib/llvm-20/lib/libLLVM.so.20.1+0x301ea71) (BuildId: b856c61f98abf0989f157f153740fe0fadfbb760)
    #7 0x7ff5c7b29d5b  (/usr/lib/llvm-20/lib/libLLVM.so.20.1+0x3c0dd5b) (BuildId: b856c61f98abf0989f157f153740fe0fadfbb760)
    #8 0x7ff5c7b6091a  (/usr/lib/llvm-20/lib/libLLVM.so.20.1+0x3c4491a) (BuildId: b856c61f98abf0989f157f153740fe0fadfbb760)
    #9 0x7ff5c7b61a19  (/usr/lib/llvm-20/lib/libLLVM.so.20.1+0x3c45a19) (BuildId: b856c61f98abf0989f157f153740fe0fadfbb760)
    #10 0x7ff5c7b62b2c  (/usr/lib/llvm-20/lib/libLLVM.so.20.1+0x3c46b2c) (BuildId: b856c61f98abf0989f157f153740fe0fadfbb760)
    #11 0x55ca91648523 in llvm::Target::createTargetMachine(llvm::StringRef, llvm::StringRef, llvm::StringRef, llvm::TargetOptions const&, std::optional<llvm::Reloc::Model>, std::optional<llvm::CodeModel::Model>, llvm::CodeGenOptLevel, bool) const /usr/lib/llvm-20/include/llvm/MC/TargetRegistry.h:462:12
    #12 0x55ca9163a09e in tsc::TargetRegistry::initializeAllTargets() /workspace/src/TargetRegistry.cpp:67:41
    #13 0x55ca9162bdcd in tsc::Compiler::initializeLLVM() /workspace/src/Compiler.cpp:349:14
    #14 0x55ca9162b8b7 in tsc::Compiler::Compiler(tsc::CompilerOptions const&) /workspace/src/Compiler.cpp:24:5
    #15 0x55ca915fd7b5 in main /workspace/src/main.cpp:191:18
    #16 0x7ff5c395a337  (/lib/x86_64-linux-gnu/libc.so.6+0x2a337) (BuildId: 467f544f15035abef911999cbc14489edd0555ab)
    #17 0x7ff5c395a3fa in __libc_start_main (/lib/x86_64-linux-gnu/libc.so.6+0x2a3fa) (BuildId: 467f544f15035abef911999cbc14489edd0555ab)
    #18 0x55ca91511b64 in _start (/workspace/build-asan/tsc+0x74b64) (BuildId: 73a10d7cc646a755f705b0ae57418e68578aec2f)

Indirect leak of 112 byte(s) in 2 object(s) allocated from:
    #0 0x55ca915fa191 in operator new(unsigned long) (/workspace/build-asan/tsc+0x15d191) (BuildId: 73a10d7cc646a755f705b0ae57418e68578aec2f)
    #1 0x7ff5c59b6da2  (/usr/lib/llvm-20/lib/libLLVM.so.20.1+0x1a9ada2) (BuildId: b856c61f98abf0989f157f153740fe0fadfbb760)
    #2 0x7ff5c6f3b008  (/usr/lib/llvm-20/lib/libLLVM.so.20.1+0x301f008) (BuildId: b856c61f98abf0989f157f153740fe0fadfbb760)
    #3 0x7ff5c6f3af97  (/usr/lib/llvm-20/lib/libLLVM.so.20.1+0x301ef97) (BuildId: b856c61f98abf0989f157f153740fe0fadfbb760)
    #4 0x7ff5c6f3998b  (/usr/lib/llvm-20/lib/libLLVM.so.20.1+0x301d98b) (BuildId: b856c61f98abf0989f157f153740fe0fadfbb760)
    #5 0x7ff5c6f398a6  (/usr/lib/llvm-20/lib/libLLVM.so.20.1+0x301d8a6) (BuildId: b856c61f98abf0989f157f153740fe0fadfbb760)
    #6 0x7ff5c6f3aa71  (/usr/lib/llvm-20/lib/libLLVM.so.20.1+0x301ea71) (BuildId: b856c61f98abf0989f157f153740fe0fadfbb760)
    #7 0x7ff5c7b29d5b  (/usr/lib/llvm-20/lib/libLLVM.so.20.1+0x3c0dd5b) (BuildId: b856c61f98abf0989f157f153740fe0fadfbb760)
    #8 0x7ff5c7b6091a  (/usr/lib/llvm-20/lib/libLLVM.so.20.1+0x3c4491a) (BuildId: b856c61f98abf0989f157f153740fe0fadfbb760)
    #9 0x7ff5c7b61a19  (/usr/lib/llvm-20/lib/libLLVM.so.20.1+0x3c45a19) (BuildId: b856c61f98abf0989f157f153740fe0fadfbb760)
    #10 0x7ff5c7b62b2c  (/usr/lib/llvm-20/lib/libLLVM.so.20.1+0x3c46b2c) (BuildId: b856c61f98abf0989f157f153740fe0fadfbb760)
    #11 0x55ca91648523 in llvm::Target::createTargetMachine(llvm::StringRef, llvm::StringRef, llvm::StringRef, llvm::TargetOptions const&, std::optional<llvm::Reloc::Model>, std::optional<llvm::CodeModel::Model>, llvm::CodeGenOptLevel, bool) const /usr/lib/llvm-20/include/llvm/MC/TargetRegistry.h:462:12
    #12 0x55ca9163a09e in tsc::TargetRegistry::initializeAllTargets() /workspace/src/TargetRegistry.cpp:67:41
    #13 0x55ca9162bdcd in tsc::Compiler::initializeLLVM() /workspace/src/Compiler.cpp:349:14
    #14 0x55ca9162b8b7 in tsc::Compiler::Compiler(tsc::CompilerOptions const&) /workspace/src/Compiler.cpp:24:5
    #15 0x55ca915fd7b5 in main /workspace/src/main.cpp:191:18
    #16 0x7ff5c395a337  (/lib/x86_64-linux-gnu/libc.so.6+0x2a337) (BuildId: 467f544f15035abef911999cbc14489edd0555ab)
    #17 0x7ff5c395a3fa in __libc_start_main (/lib/x86_64-linux-gnu/libc.so.6+0x2a3fa) (BuildId: 467f544f15035abef911999cbc14489edd0555ab)
    #18 0x55ca91511b64 in _start (/workspace/build-asan/tsc+0x74b64) (BuildId: 73a10d7cc646a755f705b0ae57418e68578aec2f)

Indirect leak of 104 byte(s) in 1 object(s) allocated from:
    #0 0x55ca915fa191 in operator new(unsigned long) (/workspace/build-asan/tsc+0x15d191) (BuildId: 73a10d7cc646a755f705b0ae57418e68578aec2f)
    #1 0x7ff5c534e995 in void std::vector<llvm::MCCFIInstruction, std::allocator<llvm::MCCFIInstruction>>::_M_realloc_append<llvm::MCCFIInstruction const&>(llvm::MCCFIInstruction const&) (/usr/lib/llvm-20/lib/libLLVM.so.20.1+0x1432995) (BuildId: b856c61f98abf0989f157f153740fe0fadfbb760)
    #2 0x7ff5c719b0f8  (/usr/lib/llvm-20/lib/libLLVM.so.20.1+0x327f0f8) (BuildId: b856c61f98abf0989f157f153740fe0fadfbb760)
    #3 0x7ff5c52d081f in llvm::CodeGenTargetMachineImpl::initAsmInfo() (/usr/lib/llvm-20/lib/libLLVM.so.20.1+0x13b481f) (BuildId: b856c61f98abf0989f157f153740fe0fadfbb760)
    #4 0x7ff5c70ed3c9  (/usr/lib/llvm-20/lib/libLLVM.so.20.1+0x31d13c9) (BuildId: b856c61f98abf0989f157f153740fe0fadfbb760)
    #5 0x7ff5c70efddc  (/usr/lib/llvm-20/lib/libLLVM.so.20.1+0x31d3ddc) (BuildId: b856c61f98abf0989f157f153740fe0fadfbb760)
    #6 0x55ca91648523 in llvm::Target::createTargetMachine(llvm::StringRef, llvm::StringRef, llvm::StringRef, llvm::TargetOptions const&, std::optional<llvm::Reloc::Model>, std::optional<llvm::CodeModel::Model>, llvm::CodeGenOptLevel, bool) const /usr/lib/llvm-20/include/llvm/MC/TargetRegistry.h:462:12
    #7 0x55ca9163a09e in tsc::TargetRegistry::initializeAllTargets() /workspace/src/TargetRegistry.cpp:67:41
    #8 0x55ca9162bdcd in tsc::Compiler::initializeLLVM() /workspace/src/Compiler.cpp:349:14
    #9 0x55ca9162b8b7 in tsc::Compiler::Compiler(tsc::CompilerOptions const&) /workspace/src/Compiler.cpp:24:5
    #10 0x55ca915fd7b5 in main /workspace/src/main.cpp:191:18
    #11 0x7ff5c395a337  (/lib/x86_64-linux-gnu/libc.so.6+0x2a337) (BuildId: 467f544f15035abef911999cbc14489edd0555ab)
    #12 0x7ff5c395a3fa in __libc_start_main (/lib/x86_64-linux-gnu/libc.so.6+0x2a3fa) (BuildId: 467f544f15035abef911999cbc14489edd0555ab)
    #13 0x55ca91511b64 in _start (/workspace/build-asan/tsc+0x74b64) (BuildId: 73a10d7cc646a755f705b0ae57418e68578aec2f)

Indirect leak of 104 byte(s) in 1 object(s) allocated from:
    #0 0x55ca915fa191 in operator new(unsigned long) (/workspace/build-asan/tsc+0x15d191) (BuildId: 73a10d7cc646a755f705b0ae57418e68578aec2f)
    #1 0x7ff5c534e995 in void std::vector<llvm::MCCFIInstruction, std::allocator<llvm::MCCFIInstruction>>::_M_realloc_append<llvm::MCCFIInstruction const&>(llvm::MCCFIInstruction const&) (/usr/lib/llvm-20/lib/libLLVM.so.20.1+0x1432995) (BuildId: b856c61f98abf0989f157f153740fe0fadfbb760)
    #2 0x7ff5c7a3a50c  (/usr/lib/llvm-20/lib/libLLVM.so.20.1+0x3b1e50c) (BuildId: b856c61f98abf0989f157f153740fe0fadfbb760)
    #3 0x7ff5c52d081f in llvm::CodeGenTargetMachineImpl::initAsmInfo() (/usr/lib/llvm-20/lib/libLLVM.so.20.1+0x13b481f) (BuildId: b856c61f98abf0989f157f153740fe0fadfbb760)
    #4 0x7ff5c79ce866  (/usr/lib/llvm-20/lib/libLLVM.so.20.1+0x3ab2866) (BuildId: b856c61f98abf0989f157f153740fe0fadfbb760)
    #5 0x7ff5c79d081a  (/usr/lib/llvm-20/lib/libLLVM.so.20.1+0x3ab481a) (BuildId: b856c61f98abf0989f157f153740fe0fadfbb760)
    #6 0x55ca91648523 in llvm::Target::createTargetMachine(llvm::StringRef, llvm::StringRef, llvm::StringRef, llvm::TargetOptions const&, std::optional<llvm::Reloc::Model>, std::optional<llvm::CodeModel::Model>, llvm::CodeGenOptLevel, bool) const /usr/lib/llvm-20/include/llvm/MC/TargetRegistry.h:462:12
    #7 0x55ca9163a09e in tsc::TargetRegistry::initializeAllTargets() /workspace/src/TargetRegistry.cpp:67:41
    #8 0x55ca9162bdcd in tsc::Compiler::initializeLLVM() /workspace/src/Compiler.cpp:349:14
    #9 0x55ca9162b8b7 in tsc::Compiler::Compiler(tsc::CompilerOptions const&) /workspace/src/Compiler.cpp:24:5
    #10 0x55ca915fd7b5 in main /workspace/src/main.cpp:191:18
    #11 0x7ff5c395a337  (/lib/x86_64-linux-gnu/libc.so.6+0x2a337) (BuildId: 467f544f15035abef911999cbc14489edd0555ab)
    #12 0x7ff5c395a3fa in __libc_start_main (/lib/x86_64-linux-gnu/libc.so.6+0x2a3fa) (BuildId: 467f544f15035abef911999cbc14489edd0555ab)
    #13 0x55ca91511b64 in _start (/workspace/build-asan/tsc+0x74b64) (BuildId: 73a10d7cc646a755f705b0ae57418e68578aec2f)

Indirect leak of 104 byte(s) in 1 object(s) allocated from:
    #0 0x55ca915fa191 in operator new(unsigned long) (/workspace/build-asan/tsc+0x15d191) (BuildId: 73a10d7cc646a755f705b0ae57418e68578aec2f)
    #1 0x7ff5c534e995 in void std::vector<llvm::MCCFIInstruction, std::allocator<llvm::MCCFIInstruction>>::_M_realloc_append<llvm::MCCFIInstruction const&>(llvm::MCCFIInstruction const&) (/usr/lib/llvm-20/lib/libLLVM.so.20.1+0x1432995) (BuildId: b856c61f98abf0989f157f153740fe0fadfbb760)
    #2 0x7ff5c7ee5d7c  (/usr/lib/llvm-20/lib/libLLVM.so.20.1+0x3fc9d7c) (BuildId: b856c61f98abf0989f157f153740fe0fadfbb760)
    #3 0x7ff5c52d081f in llvm::CodeGenTargetMachineImpl::initAsmInfo() (/usr/lib/llvm-20/lib/libLLVM.so.20.1+0x13b481f) (BuildId: b856c61f98abf0989f157f153740fe0fadfbb760)
    #4 0x7ff5c7ed4b76  (/usr/lib/llvm-20/lib/libLLVM.so.20.1+0x3fb8b76) (BuildId: b856c61f98abf0989f157f153740fe0fadfbb760)
    #5 0x7ff5c7ed569c  (/usr/lib/llvm-20/lib/libLLVM.so.20.1+0x3fb969c) (BuildId: b856c61f98abf0989f157f153740fe0fadfbb760)
    #6 0x55ca91648523 in llvm::Target::createTargetMachine(llvm::StringRef, llvm::StringRef, llvm::StringRef, llvm::TargetOptions const&, std::optional<llvm::Reloc::Model>, std::optional<llvm::CodeModel::Model>, llvm::CodeGenOptLevel, bool) const /usr/lib/llvm-20/include/llvm/MC/TargetRegistry.h:462:12
    #7 0x55ca9163a09e in tsc::TargetRegistry::initializeAllTargets() /workspace/src/TargetRegistry.cpp:67:41
    #8 0x55ca9162bdcd in tsc::Compiler::initializeLLVM() /workspace/src/Compiler.cpp:349:14
    #9 0x55ca9162b8b7 in tsc::Compiler::Compiler(tsc::CompilerOptions const&) /workspace/src/Compiler.cpp:24:5
    #10 0x55ca915fd7b5 in main /workspace/src/main.cpp:191:18
    #11 0x7ff5c395a337  (/lib/x86_64-linux-gnu/libc.so.6+0x2a337) (BuildId: 467f544f15035abef911999cbc14489edd0555ab)
    #12 0x7ff5c395a3fa in __libc_start_main (/lib/x86_64-linux-gnu/libc.so.6+0x2a3fa) (BuildId: 467f544f15035abef911999cbc14489edd0555ab)
    #13 0x55ca91511b64 in _start (/workspace/build-asan/tsc+0x74b64) (BuildId: 73a10d7cc646a755f705b0ae57418e68578aec2f)

Indirect leak of 104 byte(s) in 1 object(s) allocated from:
    #0 0x55ca915fa191 in operator new(unsigned long) (/workspace/build-asan/tsc+0x15d191) (BuildId: 73a10d7cc646a755f705b0ae57418e68578aec2f)
    #1 0x7ff5c534e995 in void std::vector<llvm::MCCFIInstruction, std::allocator<llvm::MCCFIInstruction>>::_M_realloc_append<llvm::MCCFIInstruction const&>(llvm::MCCFIInstruction const&) (/usr/lib/llvm-20/lib/libLLVM.so.20.1+0x1432995) (BuildId: b856c61f98abf0989f157f153740fe0fadfbb760)
    #2 0x7ff5c7ee5e8f  (/usr/lib/llvm-20/lib/libLLVM.so.20.1+0x3fc9e8f) (BuildId: b856c61f98abf0989f157f153740fe0fadfbb760)
    #3 0x7ff5c52d081f in llvm::CodeGenTargetMachineImpl::initAsmInfo() (/usr/lib/llvm-20/lib/libLLVM.so.20.1+0x13b481f) (BuildId: b856c61f98abf0989f157f153740fe0fadfbb760)
    #4 0x7ff5c7ed4b76  (/usr/lib/llvm-20/lib/libLLVM.so.20.1+0x3fb8b76) (BuildId: b856c61f98abf0989f157f153740fe0fadfbb760)
    #5 0x7ff5c7ed575c  (/usr/lib/llvm-20/lib/libLLVM.so.20.1+0x3fb975c) (BuildId: b856c61f98abf0989f157f153740fe0fadfbb760)
    #6 0x55ca91648523 in llvm::Target::createTargetMachine(llvm::StringRef, llvm::StringRef, llvm::StringRef, llvm::TargetOptions const&, std::optional<llvm::Reloc::Model>, std::optional<llvm::CodeModel::Model>, llvm::CodeGenOptLevel, bool) const /usr/lib/llvm-20/include/llvm/MC/TargetRegistry.h:462:12
    #7 0x55ca9163a09e in tsc::TargetRegistry::initializeAllTargets() /workspace/src/TargetRegistry.cpp:67:41
    #8 0x55ca9162bdcd in tsc::Compiler::initializeLLVM() /workspace/src/Compiler.cpp:349:14
    #9 0x55ca9162b8b7 in tsc::Compiler::Compiler(tsc::CompilerOptions const&) /workspace/src/Compiler.cpp:24:5
    #10 0x55ca915fd7b5 in main /workspace/src/main.cpp:191:18
    #11 0x7ff5c395a337  (/lib/x86_64-linux-gnu/libc.so.6+0x2a337) (BuildId: 467f544f15035abef911999cbc14489edd0555ab)
    #12 0x7ff5c395a3fa in __libc_start_main (/lib/x86_64-linux-gnu/libc.so.6+0x2a3fa) (BuildId: 467f544f15035abef911999cbc14489edd0555ab)
    #13 0x55ca91511b64 in _start (/workspace/build-asan/tsc+0x74b64) (BuildId: 73a10d7cc646a755f705b0ae57418e68578aec2f)

Indirect leak of 104 byte(s) in 1 object(s) allocated from:
    #0 0x55ca915fa191 in operator new(unsigned long) (/workspace/build-asan/tsc+0x15d191) (BuildId: 73a10d7cc646a755f705b0ae57418e68578aec2f)
    #1 0x7ff5c534e995 in void std::vector<llvm::MCCFIInstruction, std::allocator<llvm::MCCFIInstruction>>::_M_realloc_append<llvm::MCCFIInstruction const&>(llvm::MCCFIInstruction const&) (/usr/lib/llvm-20/lib/libLLVM.so.20.1+0x1432995) (BuildId: b856c61f98abf0989f157f153740fe0fadfbb760)
    #2 0x7ff5c7ee5d7c  (/usr/lib/llvm-20/lib/libLLVM.so.20.1+0x3fc9d7c) (BuildId: b856c61f98abf0989f157f153740fe0fadfbb760)
    #3 0x7ff5c52d081f in llvm::CodeGenTargetMachineImpl::initAsmInfo() (/usr/lib/llvm-20/lib/libLLVM.so.20.1+0x13b481f) (BuildId: b856c61f98abf0989f157f153740fe0fadfbb760)
    #4 0x7ff5c7ed4b76  (/usr/lib/llvm-20/lib/libLLVM.so.20.1+0x3fb8b76) (BuildId: b856c61f98abf0989f157f153740fe0fadfbb760)
    #5 0x7ff5c7ed581c  (/usr/lib/llvm-20/lib/libLLVM.so.20.1+0x3fb981c) (BuildId: b856c61f98abf0989f157f153740fe0fadfbb760)
    #6 0x55ca91648523 in llvm::Target::createTargetMachine(llvm::StringRef, llvm::StringRef, llvm::StringRef, llvm::TargetOptions const&, std::optional<llvm::Reloc::Model>, std::optional<llvm::CodeModel::Model>, llvm::CodeGenOptLevel, bool) const /usr/lib/llvm-20/include/llvm/MC/TargetRegistry.h:462:12
    #7 0x55ca9163a09e in tsc::TargetRegistry::initializeAllTargets() /workspace/src/TargetRegistry.cpp:67:41
    #8 0x55ca9162bdcd in tsc::Compiler::initializeLLVM() /workspace/src/Compiler.cpp:349:14
    #9 0x55ca9162b8b7 in tsc::Compiler::Compiler(tsc::CompilerOptions const&) /workspace/src/Compiler.cpp:24:5
    #10 0x55ca915fd7b5 in main /workspace/src/main.cpp:191:18
    #11 0x7ff5c395a337  (/lib/x86_64-linux-gnu/libc.so.6+0x2a337) (BuildId: 467f544f15035abef911999cbc14489edd0555ab)
    #12 0x7ff5c395a3fa in __libc_start_main (/lib/x86_64-linux-gnu/libc.so.6+0x2a3fa) (BuildId: 467f544f15035abef911999cbc14489edd0555ab)
    #13 0x55ca91511b64 in _start (/workspace/build-asan/tsc+0x74b64) (BuildId: 73a10d7cc646a755f705b0ae57418e68578aec2f)

Indirect leak of 104 byte(s) in 1 object(s) allocated from:
    #0 0x55ca915fa191 in operator new(unsigned long) (/workspace/build-asan/tsc+0x15d191) (BuildId: 73a10d7cc646a755f705b0ae57418e68578aec2f)
    #1 0x7ff5c534e995 in void std::vector<llvm::MCCFIInstruction, std::allocator<llvm::MCCFIInstruction>>::_M_realloc_append<llvm::MCCFIInstruction const&>(llvm::MCCFIInstruction const&) (/usr/lib/llvm-20/lib/libLLVM.so.20.1+0x1432995) (BuildId: b856c61f98abf0989f157f153740fe0fadfbb760)
    #2 0x7ff5c803d315  (/usr/lib/llvm-20/lib/libLLVM.so.20.1+0x4121315) (BuildId: b856c61f98abf0989f157f153740fe0fadfbb760)
    #3 0x7ff5c52d081f in llvm::CodeGenTargetMachineImpl::initAsmInfo() (/usr/lib/llvm-20/lib/libLLVM.so.20.1+0x13b481f) (BuildId: b856c61f98abf0989f157f153740fe0fadfbb760)
    #4 0x7ff5c8007c26  (/usr/lib/llvm-20/lib/libLLVM.so.20.1+0x40ebc26) (BuildId: b856c61f98abf0989f157f153740fe0fadfbb760)
    #5 0x7ff5c8008a0d  (/usr/lib/llvm-20/lib/libLLVM.so.20.1+0x40eca0d) (BuildId: b856c61f98abf0989f157f153740fe0fadfbb760)
    #6 0x55ca91648523 in llvm::Target::createTargetMachine(llvm::StringRef, llvm::StringRef, llvm::StringRef, llvm::TargetOptions const&, std::optional<llvm::Reloc::Model>, std::optional<llvm::CodeModel::Model>, llvm::CodeGenOptLevel, bool) const /usr/lib/llvm-20/include/llvm/MC/TargetRegistry.h:462:12
    #7 0x55ca9163a09e in tsc::TargetRegistry::initializeAllTargets() /workspace/src/TargetRegistry.cpp:67:41
    #8 0x55ca9162bdcd in tsc::Compiler::initializeLLVM() /workspace/src/Compiler.cpp:349:14
    #9 0x55ca9162b8b7 in tsc::Compiler::Compiler(tsc::CompilerOptions const&) /workspace/src/Compiler.cpp:24:5
    #10 0x55ca915fd7b5 in main /workspace/src/main.cpp:191:18
    #11 0x7ff5c395a337  (/lib/x86_64-linux-gnu/libc.so.6+0x2a337) (BuildId: 467f544f15035abef911999cbc14489edd0555ab)
    #12 0x7ff5c395a3fa in __libc_start_main (/lib/x86_64-linux-gnu/libc.so.6+0x2a3fa) (BuildId: 467f544f15035abef911999cbc14489edd0555ab)
    #13 0x55ca91511b64 in _start (/workspace/build-asan/tsc+0x74b64) (BuildId: 73a10d7cc646a755f705b0ae57418e68578aec2f)

Indirect leak of 104 byte(s) in 1 object(s) allocated from:
    #0 0x55ca915fa191 in operator new(unsigned long) (/workspace/build-asan/tsc+0x15d191) (BuildId: 73a10d7cc646a755f705b0ae57418e68578aec2f)
    #1 0x7ff5c534e995 in void std::vector<llvm::MCCFIInstruction, std::allocator<llvm::MCCFIInstruction>>::_M_realloc_append<llvm::MCCFIInstruction const&>(llvm::MCCFIInstruction const&) (/usr/lib/llvm-20/lib/libLLVM.so.20.1+0x1432995) (BuildId: b856c61f98abf0989f157f153740fe0fadfbb760)
    #2 0x7ff5c807f26c  (/usr/lib/llvm-20/lib/libLLVM.so.20.1+0x416326c) (BuildId: b856c61f98abf0989f157f153740fe0fadfbb760)
    #3 0x7ff5c52d081f in llvm::CodeGenTargetMachineImpl::initAsmInfo() (/usr/lib/llvm-20/lib/libLLVM.so.20.1+0x13b481f) (BuildId: b856c61f98abf0989f157f153740fe0fadfbb760)
    #4 0x7ff5c805e664  (/usr/lib/llvm-20/lib/libLLVM.so.20.1+0x4142664) (BuildId: b856c61f98abf0989f157f153740fe0fadfbb760)
    #5 0x7ff5c805ecda  (/usr/lib/llvm-20/lib/libLLVM.so.20.1+0x4142cda) (BuildId: b856c61f98abf0989f157f153740fe0fadfbb760)
    #6 0x55ca91648523 in llvm::Target::createTargetMachine(llvm::StringRef, llvm::StringRef, llvm::StringRef, llvm::TargetOptions const&, std::optional<llvm::Reloc::Model>, std::optional<llvm::CodeModel::Model>, llvm::CodeGenOptLevel, bool) const /usr/lib/llvm-20/include/llvm/MC/TargetRegistry.h:462:12
    #7 0x55ca9163a09e in tsc::TargetRegistry::initializeAllTargets() /workspace/src/TargetRegistry.cpp:67:41
    #8 0x55ca9162bdcd in tsc::Compiler::initializeLLVM() /workspace/src/Compiler.cpp:349:14
    #9 0x55ca9162b8b7 in tsc::Compiler::Compiler(tsc::CompilerOptions const&) /workspace/src/Compiler.cpp:24:5
    #10 0x55ca915fd7b5 in main /workspace/src/main.cpp:191:18
    #11 0x7ff5c395a337  (/lib/x86_64-linux-gnu/libc.so.6+0x2a337) (BuildId: 467f544f15035abef911999cbc14489edd0555ab)
    #12 0x7ff5c395a3fa in __libc_start_main (/lib/x86_64-linux-gnu/libc.so.6+0x2a3fa) (BuildId: 467f544f15035abef911999cbc14489edd0555ab)
    #13 0x55ca91511b64 in _start (/workspace/build-asan/tsc+0x74b64) (BuildId: 73a10d7cc646a755f705b0ae57418e68578aec2f)

Indirect leak of 104 byte(s) in 1 object(s) allocated from:
    #0 0x55ca915fa191 in operator new(unsigned long) (/workspace/build-asan/tsc+0x15d191) (BuildId: 73a10d7cc646a755f705b0ae57418e68578aec2f)
    #1 0x7ff5c534e995 in void std::vector<llvm::MCCFIInstruction, std::allocator<llvm::MCCFIInstruction>>::_M_realloc_append<llvm::MCCFIInstruction const&>(llvm::MCCFIInstruction const&) (/usr/lib/llvm-20/lib/libLLVM.so.20.1+0x1432995) (BuildId: b856c61f98abf0989f157f153740fe0fadfbb760)
    #2 0x7ff5c8431604  (/usr/lib/llvm-20/lib/libLLVM.so.20.1+0x4515604) (BuildId: b856c61f98abf0989f157f153740fe0fadfbb760)
    #3 0x7ff5c52d081f in llvm::CodeGenTargetMachineImpl::initAsmInfo() (/usr/lib/llvm-20/lib/libLLVM.so.20.1+0x13b481f) (BuildId: b856c61f98abf0989f157f153740fe0fadfbb760)
    #4 0x7ff5c841cad0  (/usr/lib/llvm-20/lib/libLLVM.so.20.1+0x4500ad0) (BuildId: b856c61f98abf0989f157f153740fe0fadfbb760)
    #5 0x7ff5c841d0da  (/usr/lib/llvm-20/lib/libLLVM.so.20.1+0x45010da) (BuildId: b856c61f98abf0989f157f153740fe0fadfbb760)
    #6 0x55ca91648523 in llvm::Target::createTargetMachine(llvm::StringRef, llvm::StringRef, llvm::StringRef, llvm::TargetOptions const&, std::optional<llvm::Reloc::Model>, std::optional<llvm::CodeModel::Model>, llvm::CodeGenOptLevel, bool) const /usr/lib/llvm-20/include/llvm/MC/TargetRegistry.h:462:12
    #7 0x55ca9163a09e in tsc::TargetRegistry::initializeAllTargets() /workspace/src/TargetRegistry.cpp:67:41
    #8 0x55ca9162bdcd in tsc::Compiler::initializeLLVM() /workspace/src/Compiler.cpp:349:14
    #9 0x55ca9162b8b7 in tsc::Compiler::Compiler(tsc::CompilerOptions const&) /workspace/src/Compiler.cpp:24:5
    #10 0x55ca915fd7b5 in main /workspace/src/main.cpp:191:18
    #11 0x7ff5c395a337  (/lib/x86_64-linux-gnu/libc.so.6+0x2a337) (BuildId: 467f544f15035abef911999cbc14489edd0555ab)
    #12 0x7ff5c395a3fa in __libc_start_main (/lib/x86_64-linux-gnu/libc.so.6+0x2a3fa) (BuildId: 467f544f15035abef911999cbc14489edd0555ab)
    #13 0x55ca91511b64 in _start (/workspace/build-asan/tsc+0x74b64) (BuildId: 73a10d7cc646a755f705b0ae57418e68578aec2f)

Indirect leak of 104 byte(s) in 2 object(s) allocated from:
    #0 0x55ca915fa191 in operator new(unsigned long) (/workspace/build-asan/tsc+0x15d191) (BuildId: 73a10d7cc646a755f705b0ae57418e68578aec2f)
    #1 0x7ff5c4ff3807 in llvm::DataLayout::parseLayoutString(llvm::StringRef) (/usr/lib/llvm-20/lib/libLLVM.so.20.1+0x10d7807) (BuildId: b856c61f98abf0989f157f153740fe0fadfbb760)
    #2 0x7ff5c4ff3744 in llvm::DataLayout::DataLayout(llvm::StringRef) (/usr/lib/llvm-20/lib/libLLVM.so.20.1+0x10d7744) (BuildId: b856c61f98abf0989f157f153740fe0fadfbb760)
    #3 0x7ff5c6ef490c in llvm::TargetMachine::TargetMachine(llvm::Target const&, llvm::StringRef, llvm::Triple const&, llvm::StringRef, llvm::StringRef, llvm::TargetOptions const&) (/usr/lib/llvm-20/lib/libLLVM.so.20.1+0x2fd890c) (BuildId: b856c61f98abf0989f157f153740fe0fadfbb760)
    #4 0x7ff5c52d0937 in llvm::CodeGenTargetMachineImpl::CodeGenTargetMachineImpl(llvm::Target const&, llvm::StringRef, llvm::Triple const&, llvm::StringRef, llvm::StringRef, llvm::TargetOptions const&, llvm::Reloc::Model, llvm::CodeModel::Model, llvm::CodeGenOptLevel) (/usr/lib/llvm-20/lib/libLLVM.so.20.1+0x13b4937) (BuildId: b856c61f98abf0989f157f153740fe0fadfbb760)
    #5 0x7ff5c778f320  (/usr/lib/llvm-20/lib/libLLVM.so.20.1+0x3873320) (BuildId: b856c61f98abf0989f157f153740fe0fadfbb760)
    #6 0x7ff5c77914e4  (/usr/lib/llvm-20/lib/libLLVM.so.20.1+0x38754e4) (BuildId: b856c61f98abf0989f157f153740fe0fadfbb760)
    #7 0x55ca91648523 in llvm::Target::createTargetMachine(llvm::StringRef, llvm::StringRef, llvm::StringRef, llvm::TargetOptions const&, std::optional<llvm::Reloc::Model>, std::optional<llvm::CodeModel::Model>, llvm::CodeGenOptLevel, bool) const /usr/lib/llvm-20/include/llvm/MC/TargetRegistry.h:462:12
    #8 0x55ca9163a09e in tsc::TargetRegistry::initializeAllTargets() /workspace/src/TargetRegistry.cpp:67:41
    #9 0x55ca9162bdcd in tsc::Compiler::initializeLLVM() /workspace/src/Compiler.cpp:349:14
    #10 0x55ca9162b8b7 in tsc::Compiler::Compiler(tsc::CompilerOptions const&) /workspace/src/Compiler.cpp:24:5
    #11 0x55ca915fd7b5 in main /workspace/src/main.cpp:191:18
    #12 0x7ff5c395a337  (/lib/x86_64-linux-gnu/libc.so.6+0x2a337) (BuildId: 467f544f15035abef911999cbc14489edd0555ab)
    #13 0x7ff5c395a3fa in __libc_start_main (/lib/x86_64-linux-gnu/libc.so.6+0x2a3fa) (BuildId: 467f544f15035abef911999cbc14489edd0555ab)
    #14 0x55ca91511b64 in _start (/workspace/build-asan/tsc+0x74b64) (BuildId: 73a10d7cc646a755f705b0ae57418e68578aec2f)

Indirect leak of 104 byte(s) in 2 object(s) allocated from:
    #0 0x55ca915fa191 in operator new(unsigned long) (/workspace/build-asan/tsc+0x15d191) (BuildId: 73a10d7cc646a755f705b0ae57418e68578aec2f)
    #1 0x7ff5c4ff3807 in llvm::DataLayout::parseLayoutString(llvm::StringRef) (/usr/lib/llvm-20/lib/libLLVM.so.20.1+0x10d7807) (BuildId: b856c61f98abf0989f157f153740fe0fadfbb760)
    #2 0x7ff5c4ff3744 in llvm::DataLayout::DataLayout(llvm::StringRef) (/usr/lib/llvm-20/lib/libLLVM.so.20.1+0x10d7744) (BuildId: b856c61f98abf0989f157f153740fe0fadfbb760)
    #3 0x7ff5c6ef490c in llvm::TargetMachine::TargetMachine(llvm::Target const&, llvm::StringRef, llvm::Triple const&, llvm::StringRef, llvm::StringRef, llvm::TargetOptions const&) (/usr/lib/llvm-20/lib/libLLVM.so.20.1+0x2fd890c) (BuildId: b856c61f98abf0989f157f153740fe0fadfbb760)
    #4 0x7ff5c52d0937 in llvm::CodeGenTargetMachineImpl::CodeGenTargetMachineImpl(llvm::Target const&, llvm::StringRef, llvm::Triple const&, llvm::StringRef, llvm::StringRef, llvm::TargetOptions const&, llvm::Reloc::Model, llvm::CodeModel::Model, llvm::CodeGenOptLevel) (/usr/lib/llvm-20/lib/libLLVM.so.20.1+0x13b4937) (BuildId: b856c61f98abf0989f157f153740fe0fadfbb760)
    #5 0x7ff5c778f320  (/usr/lib/llvm-20/lib/libLLVM.so.20.1+0x3873320) (BuildId: b856c61f98abf0989f157f153740fe0fadfbb760)
    #6 0x7ff5c77915a4  (/usr/lib/llvm-20/lib/libLLVM.so.20.1+0x38755a4) (BuildId: b856c61f98abf0989f157f153740fe0fadfbb760)
    #7 0x55ca91648523 in llvm::Target::createTargetMachine(llvm::StringRef, llvm::StringRef, llvm::StringRef, llvm::TargetOptions const&, std::optional<llvm::Reloc::Model>, std::optional<llvm::CodeModel::Model>, llvm::CodeGenOptLevel, bool) const /usr/lib/llvm-20/include/llvm/MC/TargetRegistry.h:462:12
    #8 0x55ca9163a09e in tsc::TargetRegistry::initializeAllTargets() /workspace/src/TargetRegistry.cpp:67:41
    #9 0x55ca9162bdcd in tsc::Compiler::initializeLLVM() /workspace/src/Compiler.cpp:349:14
    #10 0x55ca9162b8b7 in tsc::Compiler::Compiler(tsc::CompilerOptions const&) /workspace/src/Compiler.cpp:24:5
    #11 0x55ca915fd7b5 in main /workspace/src/main.cpp:191:18
    #12 0x7ff5c395a337  (/lib/x86_64-linux-gnu/libc.so.6+0x2a337) (BuildId: 467f544f15035abef911999cbc14489edd0555ab)
    #13 0x7ff5c395a3fa in __libc_start_main (/lib/x86_64-linux-gnu/libc.so.6+0x2a3fa) (BuildId: 467f544f15035abef911999cbc14489edd0555ab)
    #14 0x55ca91511b64 in _start (/workspace/build-asan/tsc+0x74b64) (BuildId: 73a10d7cc646a755f705b0ae57418e68578aec2f)

Indirect leak of 96 byte(s) in 2 object(s) allocated from:
    #0 0x55ca915fa191 in operator new(unsigned long) (/workspace/build-asan/tsc+0x15d191) (BuildId: 73a10d7cc646a755f705b0ae57418e68578aec2f)
    #1 0x7ff5c55781b6  (/usr/lib/llvm-20/lib/libLLVM.so.20.1+0x165c1b6) (BuildId: b856c61f98abf0989f157f153740fe0fadfbb760)
    #2 0x7ff5c7be9357  (/usr/lib/llvm-20/lib/libLLVM.so.20.1+0x3ccd357) (BuildId: b856c61f98abf0989f157f153740fe0fadfbb760)
    #3 0x7ff5c7c055da  (/usr/lib/llvm-20/lib/libLLVM.so.20.1+0x3ce95da) (BuildId: b856c61f98abf0989f157f153740fe0fadfbb760)
    #4 0x7ff5c7c06006  (/usr/lib/llvm-20/lib/libLLVM.so.20.1+0x3cea006) (BuildId: b856c61f98abf0989f157f153740fe0fadfbb760)
    #5 0x7ff5c7c07f34  (/usr/lib/llvm-20/lib/libLLVM.so.20.1+0x3cebf34) (BuildId: b856c61f98abf0989f157f153740fe0fadfbb760)
    #6 0x55ca91648523 in llvm::Target::createTargetMachine(llvm::StringRef, llvm::StringRef, llvm::StringRef, llvm::TargetOptions const&, std::optional<llvm::Reloc::Model>, std::optional<llvm::CodeModel::Model>, llvm::CodeGenOptLevel, bool) const /usr/lib/llvm-20/include/llvm/MC/TargetRegistry.h:462:12
    #7 0x55ca9163a09e in tsc::TargetRegistry::initializeAllTargets() /workspace/src/TargetRegistry.cpp:67:41
    #8 0x55ca9162bdcd in tsc::Compiler::initializeLLVM() /workspace/src/Compiler.cpp:349:14
    #9 0x55ca9162b8b7 in tsc::Compiler::Compiler(tsc::CompilerOptions const&) /workspace/src/Compiler.cpp:24:5
    #10 0x55ca915fd7b5 in main /workspace/src/main.cpp:191:18
    #11 0x7ff5c395a337  (/lib/x86_64-linux-gnu/libc.so.6+0x2a337) (BuildId: 467f544f15035abef911999cbc14489edd0555ab)
    #12 0x7ff5c395a3fa in __libc_start_main (/lib/x86_64-linux-gnu/libc.so.6+0x2a3fa) (BuildId: 467f544f15035abef911999cbc14489edd0555ab)
    #13 0x55ca91511b64 in _start (/workspace/build-asan/tsc+0x74b64) (BuildId: 73a10d7cc646a755f705b0ae57418e68578aec2f)

Indirect leak of 96 byte(s) in 2 object(s) allocated from:
    #0 0x55ca915fa191 in operator new(unsigned long) (/workspace/build-asan/tsc+0x15d191) (BuildId: 73a10d7cc646a755f705b0ae57418e68578aec2f)
    #1 0x7ff5c7eb1e31  (/usr/lib/llvm-20/lib/libLLVM.so.20.1+0x3f95e31) (BuildId: b856c61f98abf0989f157f153740fe0fadfbb760)
    #2 0x7ff5c52d0707 in llvm::CodeGenTargetMachineImpl::initAsmInfo() (/usr/lib/llvm-20/lib/libLLVM.so.20.1+0x13b4707) (BuildId: b856c61f98abf0989f157f153740fe0fadfbb760)
    #3 0x7ff5c7e26a54  (/usr/lib/llvm-20/lib/libLLVM.so.20.1+0x3f0aa54) (BuildId: b856c61f98abf0989f157f153740fe0fadfbb760)
    #4 0x7ff5c7e295aa  (/usr/lib/llvm-20/lib/libLLVM.so.20.1+0x3f0d5aa) (BuildId: b856c61f98abf0989f157f153740fe0fadfbb760)
    #5 0x55ca91648523 in llvm::Target::createTargetMachine(llvm::StringRef, llvm::StringRef, llvm::StringRef, llvm::TargetOptions const&, std::optional<llvm::Reloc::Model>, std::optional<llvm::CodeModel::Model>, llvm::CodeGenOptLevel, bool) const /usr/lib/llvm-20/include/llvm/MC/TargetRegistry.h:462:12
    #6 0x55ca9163a09e in tsc::TargetRegistry::initializeAllTargets() /workspace/src/TargetRegistry.cpp:67:41
    #7 0x55ca9162bdcd in tsc::Compiler::initializeLLVM() /workspace/src/Compiler.cpp:349:14
    #8 0x55ca9162b8b7 in tsc::Compiler::Compiler(tsc::CompilerOptions const&) /workspace/src/Compiler.cpp:24:5
    #9 0x55ca915fd7b5 in main /workspace/src/main.cpp:191:18
    #10 0x7ff5c395a337  (/lib/x86_64-linux-gnu/libc.so.6+0x2a337) (BuildId: 467f544f15035abef911999cbc14489edd0555ab)
    #11 0x7ff5c395a3fa in __libc_start_main (/lib/x86_64-linux-gnu/libc.so.6+0x2a3fa) (BuildId: 467f544f15035abef911999cbc14489edd0555ab)
    #12 0x55ca91511b64 in _start (/workspace/build-asan/tsc+0x74b64) (BuildId: 73a10d7cc646a755f705b0ae57418e68578aec2f)

Indirect leak of 96 byte(s) in 2 object(s) allocated from:
    #0 0x55ca915fa191 in operator new(unsigned long) (/workspace/build-asan/tsc+0x15d191) (BuildId: 73a10d7cc646a755f705b0ae57418e68578aec2f)
    #1 0x7ff5c80f7b51  (/usr/lib/llvm-20/lib/libLLVM.so.20.1+0x41dbb51) (BuildId: b856c61f98abf0989f157f153740fe0fadfbb760)
    #2 0x7ff5c52d0707 in llvm::CodeGenTargetMachineImpl::initAsmInfo() (/usr/lib/llvm-20/lib/libLLVM.so.20.1+0x13b4707) (BuildId: b856c61f98abf0989f157f153740fe0fadfbb760)
    #3 0x7ff5c80d8f3a  (/usr/lib/llvm-20/lib/libLLVM.so.20.1+0x41bcf3a) (BuildId: b856c61f98abf0989f157f153740fe0fadfbb760)
    #4 0x55ca91648523 in llvm::Target::createTargetMachine(llvm::StringRef, llvm::StringRef, llvm::StringRef, llvm::TargetOptions const&, std::optional<llvm::Reloc::Model>, std::optional<llvm::CodeModel::Model>, llvm::CodeGenOptLevel, bool) const /usr/lib/llvm-20/include/llvm/MC/TargetRegistry.h:462:12
    #5 0x55ca9163a09e in tsc::TargetRegistry::initializeAllTargets() /workspace/src/TargetRegistry.cpp:67:41
    #6 0x55ca9162bdcd in tsc::Compiler::initializeLLVM() /workspace/src/Compiler.cpp:349:14
    #7 0x55ca9162b8b7 in tsc::Compiler::Compiler(tsc::CompilerOptions const&) /workspace/src/Compiler.cpp:24:5
    #8 0x55ca915fd7b5 in main /workspace/src/main.cpp:191:18
    #9 0x7ff5c395a337  (/lib/x86_64-linux-gnu/libc.so.6+0x2a337) (BuildId: 467f544f15035abef911999cbc14489edd0555ab)
    #10 0x7ff5c395a3fa in __libc_start_main (/lib/x86_64-linux-gnu/libc.so.6+0x2a3fa) (BuildId: 467f544f15035abef911999cbc14489edd0555ab)
    #11 0x55ca91511b64 in _start (/workspace/build-asan/tsc+0x74b64) (BuildId: 73a10d7cc646a755f705b0ae57418e68578aec2f)

Indirect leak of 96 byte(s) in 2 object(s) allocated from:
    #0 0x55ca915fa191 in operator new(unsigned long) (/workspace/build-asan/tsc+0x15d191) (BuildId: 73a10d7cc646a755f705b0ae57418e68578aec2f)
    #1 0x7ff5c83fc321  (/usr/lib/llvm-20/lib/libLLVM.so.20.1+0x44e0321) (BuildId: b856c61f98abf0989f157f153740fe0fadfbb760)
    #2 0x7ff5c52d0707 in llvm::CodeGenTargetMachineImpl::initAsmInfo() (/usr/lib/llvm-20/lib/libLLVM.so.20.1+0x13b4707) (BuildId: b856c61f98abf0989f157f153740fe0fadfbb760)
    #3 0x7ff5c837bf6d  (/usr/lib/llvm-20/lib/libLLVM.so.20.1+0x445ff6d) (BuildId: b856c61f98abf0989f157f153740fe0fadfbb760)
    #4 0x7ff5c837de4d  (/usr/lib/llvm-20/lib/libLLVM.so.20.1+0x4461e4d) (BuildId: b856c61f98abf0989f157f153740fe0fadfbb760)
    #5 0x55ca91648523 in llvm::Target::createTargetMachine(llvm::StringRef, llvm::StringRef, llvm::StringRef, llvm::TargetOptions const&, std::optional<llvm::Reloc::Model>, std::optional<llvm::CodeModel::Model>, llvm::CodeGenOptLevel, bool) const /usr/lib/llvm-20/include/llvm/MC/TargetRegistry.h:462:12
    #6 0x55ca9163a09e in tsc::TargetRegistry::initializeAllTargets() /workspace/src/TargetRegistry.cpp:67:41
    #7 0x55ca9162bdcd in tsc::Compiler::initializeLLVM() /workspace/src/Compiler.cpp:349:14
    #8 0x55ca9162b8b7 in tsc::Compiler::Compiler(tsc::CompilerOptions const&) /workspace/src/Compiler.cpp:24:5
    #9 0x55ca915fd7b5 in main /workspace/src/main.cpp:191:18
    #10 0x7ff5c395a337  (/lib/x86_64-linux-gnu/libc.so.6+0x2a337) (BuildId: 467f544f15035abef911999cbc14489edd0555ab)
    #11 0x7ff5c395a3fa in __libc_start_main (/lib/x86_64-linux-gnu/libc.so.6+0x2a3fa) (BuildId: 467f544f15035abef911999cbc14489edd0555ab)
    #12 0x55ca91511b64 in _start (/workspace/build-asan/tsc+0x74b64) (BuildId: 73a10d7cc646a755f705b0ae57418e68578aec2f)

Indirect leak of 96 byte(s) in 1 object(s) allocated from:
    #0 0x55ca915b5858 in malloc (/workspace/build-asan/tsc+0x118858) (BuildId: 73a10d7cc646a755f705b0ae57418e68578aec2f)
    #1 0x7ff5c4ec87d6 in llvm::SmallVectorBase<unsigned int>::mallocForGrow(void*, unsigned long, unsigned long, unsigned long&) (/usr/lib/llvm-20/lib/libLLVM.so.20.1+0xfac7d6) (BuildId: b856c61f98abf0989f157f153740fe0fadfbb760)
    #2 0x7ff5c5a01f3c in llvm::SmallVectorTemplateBase<std::function<std::vector<std::pair<unsigned short, llvm::LegacyLegalizeActions::LegacyLegalizeAction>, std::allocator<std::pair<unsigned short, llvm::LegacyLegalizeActions::LegacyLegalizeAction>>> (std::vector<std::pair<unsigned short, llvm::LegacyLegalizeActions::LegacyLegalizeAction>, std::allocator<std::pair<unsigned short, llvm::LegacyLegalizeActions::LegacyLegalizeAction>>> const&)>, false>::grow(unsigned long) (/usr/lib/llvm-20/lib/libLLVM.so.20.1+0x1ae5f3c) (BuildId: b856c61f98abf0989f157f153740fe0fadfbb760)
    #3 0x7ff5c59ff333  (/usr/lib/llvm-20/lib/libLLVM.so.20.1+0x1ae3333) (BuildId: b856c61f98abf0989f157f153740fe0fadfbb760)
    #4 0x7ff5c59ff1eb in llvm::LegacyLegalizerInfo::LegacyLegalizerInfo() (/usr/lib/llvm-20/lib/libLLVM.so.20.1+0x1ae31eb) (BuildId: b856c61f98abf0989f157f153740fe0fadfbb760)
    #5 0x7ff5c843916f  (/usr/lib/llvm-20/lib/libLLVM.so.20.1+0x451d16f) (BuildId: b856c61f98abf0989f157f153740fe0fadfbb760)
    #6 0x7ff5c84564e6  (/usr/lib/llvm-20/lib/libLLVM.so.20.1+0x453a4e6) (BuildId: b856c61f98abf0989f157f153740fe0fadfbb760)
    #7 0x7ff5c8457105  (/usr/lib/llvm-20/lib/libLLVM.so.20.1+0x453b105) (BuildId: b856c61f98abf0989f157f153740fe0fadfbb760)
    #8 0x7ff5c8457a7a  (/usr/lib/llvm-20/lib/libLLVM.so.20.1+0x453ba7a) (BuildId: b856c61f98abf0989f157f153740fe0fadfbb760)
    #9 0x55ca91648523 in llvm::Target::createTargetMachine(llvm::StringRef, llvm::StringRef, llvm::StringRef, llvm::TargetOptions const&, std::optional<llvm::Reloc::Model>, std::optional<llvm::CodeModel::Model>, llvm::CodeGenOptLevel, bool) const /usr/lib/llvm-20/include/llvm/MC/TargetRegistry.h:462:12
    #10 0x55ca9163a09e in tsc::TargetRegistry::initializeAllTargets() /workspace/src/TargetRegistry.cpp:67:41
    #11 0x55ca9162bdcd in tsc::Compiler::initializeLLVM() /workspace/src/Compiler.cpp:349:14
    #12 0x55ca9162b8b7 in tsc::Compiler::Compiler(tsc::CompilerOptions const&) /workspace/src/Compiler.cpp:24:5
    #13 0x55ca915fd7b5 in main /workspace/src/main.cpp:191:18
    #14 0x7ff5c395a337  (/lib/x86_64-linux-gnu/libc.so.6+0x2a337) (BuildId: 467f544f15035abef911999cbc14489edd0555ab)
    #15 0x7ff5c395a3fa in __libc_start_main (/lib/x86_64-linux-gnu/libc.so.6+0x2a3fa) (BuildId: 467f544f15035abef911999cbc14489edd0555ab)
    #16 0x55ca91511b64 in _start (/workspace/build-asan/tsc+0x74b64) (BuildId: 73a10d7cc646a755f705b0ae57418e68578aec2f)

Indirect leak of 96 byte(s) in 2 object(s) allocated from:
    #0 0x55ca915fa191 in operator new(unsigned long) (/workspace/build-asan/tsc+0x15d191) (BuildId: 73a10d7cc646a755f705b0ae57418e68578aec2f)
    #1 0x7ff5c7853c71  (/usr/lib/llvm-20/lib/libLLVM.so.20.1+0x3937c71) (BuildId: b856c61f98abf0989f157f153740fe0fadfbb760)
    #2 0x7ff5c52d0707 in llvm::CodeGenTargetMachineImpl::initAsmInfo() (/usr/lib/llvm-20/lib/libLLVM.so.20.1+0x13b4707) (BuildId: b856c61f98abf0989f157f153740fe0fadfbb760)
    #3 0x7ff5c778f4cf  (/usr/lib/llvm-20/lib/libLLVM.so.20.1+0x38734cf) (BuildId: b856c61f98abf0989f157f153740fe0fadfbb760)
    #4 0x7ff5c77914e4  (/usr/lib/llvm-20/lib/libLLVM.so.20.1+0x38754e4) (BuildId: b856c61f98abf0989f157f153740fe0fadfbb760)
    #5 0x55ca91648523 in llvm::Target::createTargetMachine(llvm::StringRef, llvm::StringRef, llvm::StringRef, llvm::TargetOptions const&, std::optional<llvm::Reloc::Model>, std::optional<llvm::CodeModel::Model>, llvm::CodeGenOptLevel, bool) const /usr/lib/llvm-20/include/llvm/MC/TargetRegistry.h:462:12
    #6 0x55ca9163a09e in tsc::TargetRegistry::initializeAllTargets() /workspace/src/TargetRegistry.cpp:67:41
    #7 0x55ca9162bdcd in tsc::Compiler::initializeLLVM() /workspace/src/Compiler.cpp:349:14
    #8 0x55ca9162b8b7 in tsc::Compiler::Compiler(tsc::CompilerOptions const&) /workspace/src/Compiler.cpp:24:5
    #9 0x55ca915fd7b5 in main /workspace/src/main.cpp:191:18
    #10 0x7ff5c395a337  (/lib/x86_64-linux-gnu/libc.so.6+0x2a337) (BuildId: 467f544f15035abef911999cbc14489edd0555ab)
    #11 0x7ff5c395a3fa in __libc_start_main (/lib/x86_64-linux-gnu/libc.so.6+0x2a3fa) (BuildId: 467f544f15035abef911999cbc14489edd0555ab)
    #12 0x55ca91511b64 in _start (/workspace/build-asan/tsc+0x74b64) (BuildId: 73a10d7cc646a755f705b0ae57418e68578aec2f)

Indirect leak of 96 byte(s) in 2 object(s) allocated from:
    #0 0x55ca915fa191 in operator new(unsigned long) (/workspace/build-asan/tsc+0x15d191) (BuildId: 73a10d7cc646a755f705b0ae57418e68578aec2f)
    #1 0x7ff5c7853c71  (/usr/lib/llvm-20/lib/libLLVM.so.20.1+0x3937c71) (BuildId: b856c61f98abf0989f157f153740fe0fadfbb760)
    #2 0x7ff5c52d0707 in llvm::CodeGenTargetMachineImpl::initAsmInfo() (/usr/lib/llvm-20/lib/libLLVM.so.20.1+0x13b4707) (BuildId: b856c61f98abf0989f157f153740fe0fadfbb760)
    #3 0x7ff5c778f4cf  (/usr/lib/llvm-20/lib/libLLVM.so.20.1+0x38734cf) (BuildId: b856c61f98abf0989f157f153740fe0fadfbb760)
    #4 0x7ff5c77915a4  (/usr/lib/llvm-20/lib/libLLVM.so.20.1+0x38755a4) (BuildId: b856c61f98abf0989f157f153740fe0fadfbb760)
    #5 0x55ca91648523 in llvm::Target::createTargetMachine(llvm::StringRef, llvm::StringRef, llvm::StringRef, llvm::TargetOptions const&, std::optional<llvm::Reloc::Model>, std::optional<llvm::CodeModel::Model>, llvm::CodeGenOptLevel, bool) const /usr/lib/llvm-20/include/llvm/MC/TargetRegistry.h:462:12
    #6 0x55ca9163a09e in tsc::TargetRegistry::initializeAllTargets() /workspace/src/TargetRegistry.cpp:67:41
    #7 0x55ca9162bdcd in tsc::Compiler::initializeLLVM() /workspace/src/Compiler.cpp:349:14
    #8 0x55ca9162b8b7 in tsc::Compiler::Compiler(tsc::CompilerOptions const&) /workspace/src/Compiler.cpp:24:5
    #9 0x55ca915fd7b5 in main /workspace/src/main.cpp:191:18
    #10 0x7ff5c395a337  (/lib/x86_64-linux-gnu/libc.so.6+0x2a337) (BuildId: 467f544f15035abef911999cbc14489edd0555ab)
    #11 0x7ff5c395a3fa in __libc_start_main (/lib/x86_64-linux-gnu/libc.so.6+0x2a3fa) (BuildId: 467f544f15035abef911999cbc14489edd0555ab)
    #12 0x55ca91511b64 in _start (/workspace/build-asan/tsc+0x74b64) (BuildId: 73a10d7cc646a755f705b0ae57418e68578aec2f)

Indirect leak of 96 byte(s) in 2 object(s) allocated from:
    #0 0x55ca915fa191 in operator new(unsigned long) (/workspace/build-asan/tsc+0x15d191) (BuildId: 73a10d7cc646a755f705b0ae57418e68578aec2f)
    #1 0x7ff5c7ac9651  (/usr/lib/llvm-20/lib/libLLVM.so.20.1+0x3bad651) (BuildId: b856c61f98abf0989f157f153740fe0fadfbb760)
    #2 0x7ff5c52d0707 in llvm::CodeGenTargetMachineImpl::initAsmInfo() (/usr/lib/llvm-20/lib/libLLVM.so.20.1+0x13b4707) (BuildId: b856c61f98abf0989f157f153740fe0fadfbb760)
    #3 0x7ff5c7aa6971  (/usr/lib/llvm-20/lib/libLLVM.so.20.1+0x3b8a971) (BuildId: b856c61f98abf0989f157f153740fe0fadfbb760)
    #4 0x7ff5c7aa76ca  (/usr/lib/llvm-20/lib/libLLVM.so.20.1+0x3b8b6ca) (BuildId: b856c61f98abf0989f157f153740fe0fadfbb760)
    #5 0x55ca91648523 in llvm::Target::createTargetMachine(llvm::StringRef, llvm::StringRef, llvm::StringRef, llvm::TargetOptions const&, std::optional<llvm::Reloc::Model>, std::optional<llvm::CodeModel::Model>, llvm::CodeGenOptLevel, bool) const /usr/lib/llvm-20/include/llvm/MC/TargetRegistry.h:462:12
    #6 0x55ca9163a09e in tsc::TargetRegistry::initializeAllTargets() /workspace/src/TargetRegistry.cpp:67:41
    #7 0x55ca9162bdcd in tsc::Compiler::initializeLLVM() /workspace/src/Compiler.cpp:349:14
    #8 0x55ca9162b8b7 in tsc::Compiler::Compiler(tsc::CompilerOptions const&) /workspace/src/Compiler.cpp:24:5
    #9 0x55ca915fd7b5 in main /workspace/src/main.cpp:191:18
    #10 0x7ff5c395a337  (/lib/x86_64-linux-gnu/libc.so.6+0x2a337) (BuildId: 467f544f15035abef911999cbc14489edd0555ab)
    #11 0x7ff5c395a3fa in __libc_start_main (/lib/x86_64-linux-gnu/libc.so.6+0x2a3fa) (BuildId: 467f544f15035abef911999cbc14489edd0555ab)
    #12 0x55ca91511b64 in _start (/workspace/build-asan/tsc+0x74b64) (BuildId: 73a10d7cc646a755f705b0ae57418e68578aec2f)

Indirect leak of 96 byte(s) in 2 object(s) allocated from:
    #0 0x55ca915fa191 in operator new(unsigned long) (/workspace/build-asan/tsc+0x15d191) (BuildId: 73a10d7cc646a755f705b0ae57418e68578aec2f)
    #1 0x7ff5c7bacef1  (/usr/lib/llvm-20/lib/libLLVM.so.20.1+0x3c90ef1) (BuildId: b856c61f98abf0989f157f153740fe0fadfbb760)
    #2 0x7ff5c52d0707 in llvm::CodeGenTargetMachineImpl::initAsmInfo() (/usr/lib/llvm-20/lib/libLLVM.so.20.1+0x13b4707) (BuildId: b856c61f98abf0989f157f153740fe0fadfbb760)
    #3 0x7ff5c7b61a81  (/usr/lib/llvm-20/lib/libLLVM.so.20.1+0x3c45a81) (BuildId: b856c61f98abf0989f157f153740fe0fadfbb760)
    #4 0x7ff5c7b62a6c  (/usr/lib/llvm-20/lib/libLLVM.so.20.1+0x3c46a6c) (BuildId: b856c61f98abf0989f157f153740fe0fadfbb760)
    #5 0x55ca91648523 in llvm::Target::createTargetMachine(llvm::StringRef, llvm::StringRef, llvm::StringRef, llvm::TargetOptions const&, std::optional<llvm::Reloc::Model>, std::optional<llvm::CodeModel::Model>, llvm::CodeGenOptLevel, bool) const /usr/lib/llvm-20/include/llvm/MC/TargetRegistry.h:462:12
    #6 0x55ca9163a09e in tsc::TargetRegistry::initializeAllTargets() /workspace/src/TargetRegistry.cpp:67:41
    #7 0x55ca9162bdcd in tsc::Compiler::initializeLLVM() /workspace/src/Compiler.cpp:349:14
    #8 0x55ca9162b8b7 in tsc::Compiler::Compiler(tsc::CompilerOptions const&) /workspace/src/Compiler.cpp:24:5
    #9 0x55ca915fd7b5 in main /workspace/src/main.cpp:191:18
    #10 0x7ff5c395a337  (/lib/x86_64-linux-gnu/libc.so.6+0x2a337) (BuildId: 467f544f15035abef911999cbc14489edd0555ab)
    #11 0x7ff5c395a3fa in __libc_start_main (/lib/x86_64-linux-gnu/libc.so.6+0x2a3fa) (BuildId: 467f544f15035abef911999cbc14489edd0555ab)
    #12 0x55ca91511b64 in _start (/workspace/build-asan/tsc+0x74b64) (BuildId: 73a10d7cc646a755f705b0ae57418e68578aec2f)

Indirect leak of 96 byte(s) in 2 object(s) allocated from:
    #0 0x55ca915fa191 in operator new(unsigned long) (/workspace/build-asan/tsc+0x15d191) (BuildId: 73a10d7cc646a755f705b0ae57418e68578aec2f)
    #1 0x7ff5c7b2b93b  (/usr/lib/llvm-20/lib/libLLVM.so.20.1+0x3c0f93b) (BuildId: b856c61f98abf0989f157f153740fe0fadfbb760)
    #2 0x7ff5c6f3998b  (/usr/lib/llvm-20/lib/libLLVM.so.20.1+0x301d98b) (BuildId: b856c61f98abf0989f157f153740fe0fadfbb760)
    #3 0x7ff5c6f398a6  (/usr/lib/llvm-20/lib/libLLVM.so.20.1+0x301d8a6) (BuildId: b856c61f98abf0989f157f153740fe0fadfbb760)
    #4 0x7ff5c7b29094  (/usr/lib/llvm-20/lib/libLLVM.so.20.1+0x3c0d094) (BuildId: b856c61f98abf0989f157f153740fe0fadfbb760)
    #5 0x7ff5c7b6091a  (/usr/lib/llvm-20/lib/libLLVM.so.20.1+0x3c4491a) (BuildId: b856c61f98abf0989f157f153740fe0fadfbb760)
    #6 0x7ff5c7b61a19  (/usr/lib/llvm-20/lib/libLLVM.so.20.1+0x3c45a19) (BuildId: b856c61f98abf0989f157f153740fe0fadfbb760)
    #7 0x7ff5c7b62a6c  (/usr/lib/llvm-20/lib/libLLVM.so.20.1+0x3c46a6c) (BuildId: b856c61f98abf0989f157f153740fe0fadfbb760)
    #8 0x55ca91648523 in llvm::Target::createTargetMachine(llvm::StringRef, llvm::StringRef, llvm::StringRef, llvm::TargetOptions const&, std::optional<llvm::Reloc::Model>, std::optional<llvm::CodeModel::Model>, llvm::CodeGenOptLevel, bool) const /usr/lib/llvm-20/include/llvm/MC/TargetRegistry.h:462:12
    #9 0x55ca9163a09e in tsc::TargetRegistry::initializeAllTargets() /workspace/src/TargetRegistry.cpp:67:41
    #10 0x55ca9162bdcd in tsc::Compiler::initializeLLVM() /workspace/src/Compiler.cpp:349:14
    #11 0x55ca9162b8b7 in tsc::Compiler::Compiler(tsc::CompilerOptions const&) /workspace/src/Compiler.cpp:24:5
    #12 0x55ca915fd7b5 in main /workspace/src/main.cpp:191:18
    #13 0x7ff5c395a337  (/lib/x86_64-linux-gnu/libc.so.6+0x2a337) (BuildId: 467f544f15035abef911999cbc14489edd0555ab)
    #14 0x7ff5c395a3fa in __libc_start_main (/lib/x86_64-linux-gnu/libc.so.6+0x2a3fa) (BuildId: 467f544f15035abef911999cbc14489edd0555ab)
    #15 0x55ca91511b64 in _start (/workspace/build-asan/tsc+0x74b64) (BuildId: 73a10d7cc646a755f705b0ae57418e68578aec2f)

Indirect leak of 96 byte(s) in 2 object(s) allocated from:
    #0 0x55ca915fa191 in operator new(unsigned long) (/workspace/build-asan/tsc+0x15d191) (BuildId: 73a10d7cc646a755f705b0ae57418e68578aec2f)
    #1 0x7ff5c7b2b13b  (/usr/lib/llvm-20/lib/libLLVM.so.20.1+0x3c0f13b) (BuildId: b856c61f98abf0989f157f153740fe0fadfbb760)
    #2 0x7ff5c6f3998b  (/usr/lib/llvm-20/lib/libLLVM.so.20.1+0x301d98b) (BuildId: b856c61f98abf0989f157f153740fe0fadfbb760)
    #3 0x7ff5c6f398a6  (/usr/lib/llvm-20/lib/libLLVM.so.20.1+0x301d8a6) (BuildId: b856c61f98abf0989f157f153740fe0fadfbb760)
    #4 0x7ff5c7b285ab  (/usr/lib/llvm-20/lib/libLLVM.so.20.1+0x3c0c5ab) (BuildId: b856c61f98abf0989f157f153740fe0fadfbb760)
    #5 0x7ff5c7b6091a  (/usr/lib/llvm-20/lib/libLLVM.so.20.1+0x3c4491a) (BuildId: b856c61f98abf0989f157f153740fe0fadfbb760)
    #6 0x7ff5c7b61a19  (/usr/lib/llvm-20/lib/libLLVM.so.20.1+0x3c45a19) (BuildId: b856c61f98abf0989f157f153740fe0fadfbb760)
    #7 0x7ff5c7b62a6c  (/usr/lib/llvm-20/lib/libLLVM.so.20.1+0x3c46a6c) (BuildId: b856c61f98abf0989f157f153740fe0fadfbb760)
    #8 0x55ca91648523 in llvm::Target::createTargetMachine(llvm::StringRef, llvm::StringRef, llvm::StringRef, llvm::TargetOptions const&, std::optional<llvm::Reloc::Model>, std::optional<llvm::CodeModel::Model>, llvm::CodeGenOptLevel, bool) const /usr/lib/llvm-20/include/llvm/MC/TargetRegistry.h:462:12
    #9 0x55ca9163a09e in tsc::TargetRegistry::initializeAllTargets() /workspace/src/TargetRegistry.cpp:67:41
    #10 0x55ca9162bdcd in tsc::Compiler::initializeLLVM() /workspace/src/Compiler.cpp:349:14
    #11 0x55ca9162b8b7 in tsc::Compiler::Compiler(tsc::CompilerOptions const&) /workspace/src/Compiler.cpp:24:5
    #12 0x55ca915fd7b5 in main /workspace/src/main.cpp:191:18
    #13 0x7ff5c395a337  (/lib/x86_64-linux-gnu/libc.so.6+0x2a337) (BuildId: 467f544f15035abef911999cbc14489edd0555ab)
    #14 0x7ff5c395a3fa in __libc_start_main (/lib/x86_64-linux-gnu/libc.so.6+0x2a3fa) (BuildId: 467f544f15035abef911999cbc14489edd0555ab)
    #15 0x55ca91511b64 in _start (/workspace/build-asan/tsc+0x74b64) (BuildId: 73a10d7cc646a755f705b0ae57418e68578aec2f)

Indirect leak of 96 byte(s) in 2 object(s) allocated from:
    #0 0x55ca915fa191 in operator new(unsigned long) (/workspace/build-asan/tsc+0x15d191) (BuildId: 73a10d7cc646a755f705b0ae57418e68578aec2f)
    #1 0x7ff5c55781b6  (/usr/lib/llvm-20/lib/libLLVM.so.20.1+0x165c1b6) (BuildId: b856c61f98abf0989f157f153740fe0fadfbb760)
    #2 0x7ff5c7b0beb8  (/usr/lib/llvm-20/lib/libLLVM.so.20.1+0x3befeb8) (BuildId: b856c61f98abf0989f157f153740fe0fadfbb760)
    #3 0x7ff5c7ad53ae  (/usr/lib/llvm-20/lib/libLLVM.so.20.1+0x3bb93ae) (BuildId: b856c61f98abf0989f157f153740fe0fadfbb760)
    #4 0x7ff5c7b5ff58  (/usr/lib/llvm-20/lib/libLLVM.so.20.1+0x3c43f58) (BuildId: b856c61f98abf0989f157f153740fe0fadfbb760)
    #5 0x7ff5c7b61a19  (/usr/lib/llvm-20/lib/libLLVM.so.20.1+0x3c45a19) (BuildId: b856c61f98abf0989f157f153740fe0fadfbb760)
    #6 0x7ff5c7b62a6c  (/usr/lib/llvm-20/lib/libLLVM.so.20.1+0x3c46a6c) (BuildId: b856c61f98abf0989f157f153740fe0fadfbb760)
    #7 0x55ca91648523 in llvm::Target::createTargetMachine(llvm::StringRef, llvm::StringRef, llvm::StringRef, llvm::TargetOptions const&, std::optional<llvm::Reloc::Model>, std::optional<llvm::CodeModel::Model>, llvm::CodeGenOptLevel, bool) const /usr/lib/llvm-20/include/llvm/MC/TargetRegistry.h:462:12
    #8 0x55ca9163a09e in tsc::TargetRegistry::initializeAllTargets() /workspace/src/TargetRegistry.cpp:67:41
    #9 0x55ca9162bdcd in tsc::Compiler::initializeLLVM() /workspace/src/Compiler.cpp:349:14
    #10 0x55ca9162b8b7 in tsc::Compiler::Compiler(tsc::CompilerOptions const&) /workspace/src/Compiler.cpp:24:5
    #11 0x55ca915fd7b5 in main /workspace/src/main.cpp:191:18
    #12 0x7ff5c395a337  (/lib/x86_64-linux-gnu/libc.so.6+0x2a337) (BuildId: 467f544f15035abef911999cbc14489edd0555ab)
    #13 0x7ff5c395a3fa in __libc_start_main (/lib/x86_64-linux-gnu/libc.so.6+0x2a3fa) (BuildId: 467f544f15035abef911999cbc14489edd0555ab)
    #14 0x55ca91511b64 in _start (/workspace/build-asan/tsc+0x74b64) (BuildId: 73a10d7cc646a755f705b0ae57418e68578aec2f)

Indirect leak of 96 byte(s) in 2 object(s) allocated from:
    #0 0x55ca915fa191 in operator new(unsigned long) (/workspace/build-asan/tsc+0x15d191) (BuildId: 73a10d7cc646a755f705b0ae57418e68578aec2f)
    #1 0x7ff5c7b2b93b  (/usr/lib/llvm-20/lib/libLLVM.so.20.1+0x3c0f93b) (BuildId: b856c61f98abf0989f157f153740fe0fadfbb760)
    #2 0x7ff5c6f3998b  (/usr/lib/llvm-20/lib/libLLVM.so.20.1+0x301d98b) (BuildId: b856c61f98abf0989f157f153740fe0fadfbb760)
    #3 0x7ff5c6f398a6  (/usr/lib/llvm-20/lib/libLLVM.so.20.1+0x301d8a6) (BuildId: b856c61f98abf0989f157f153740fe0fadfbb760)
    #4 0x7ff5c7b29094  (/usr/lib/llvm-20/lib/libLLVM.so.20.1+0x3c0d094) (BuildId: b856c61f98abf0989f157f153740fe0fadfbb760)
    #5 0x7ff5c7b6091a  (/usr/lib/llvm-20/lib/libLLVM.so.20.1+0x3c4491a) (BuildId: b856c61f98abf0989f157f153740fe0fadfbb760)
    #6 0x7ff5c7b6188a  (/usr/lib/llvm-20/lib/libLLVM.so.20.1+0x3c4588a) (BuildId: b856c61f98abf0989f157f153740fe0fadfbb760)
    #7 0x7ff5c7b62a6c  (/usr/lib/llvm-20/lib/libLLVM.so.20.1+0x3c46a6c) (BuildId: b856c61f98abf0989f157f153740fe0fadfbb760)
    #8 0x55ca91648523 in llvm::Target::createTargetMachine(llvm::StringRef, llvm::StringRef, llvm::StringRef, llvm::TargetOptions const&, std::optional<llvm::Reloc::Model>, std::optional<llvm::CodeModel::Model>, llvm::CodeGenOptLevel, bool) const /usr/lib/llvm-20/include/llvm/MC/TargetRegistry.h:462:12
    #9 0x55ca9163a09e in tsc::TargetRegistry::initializeAllTargets() /workspace/src/TargetRegistry.cpp:67:41
    #10 0x55ca9162bdcd in tsc::Compiler::initializeLLVM() /workspace/src/Compiler.cpp:349:14
    #11 0x55ca9162b8b7 in tsc::Compiler::Compiler(tsc::CompilerOptions const&) /workspace/src/Compiler.cpp:24:5
    #12 0x55ca915fd7b5 in main /workspace/src/main.cpp:191:18
    #13 0x7ff5c395a337  (/lib/x86_64-linux-gnu/libc.so.6+0x2a337) (BuildId: 467f544f15035abef911999cbc14489edd0555ab)
    #14 0x7ff5c395a3fa in __libc_start_main (/lib/x86_64-linux-gnu/libc.so.6+0x2a3fa) (BuildId: 467f544f15035abef911999cbc14489edd0555ab)
    #15 0x55ca91511b64 in _start (/workspace/build-asan/tsc+0x74b64) (BuildId: 73a10d7cc646a755f705b0ae57418e68578aec2f)

Indirect leak of 96 byte(s) in 2 object(s) allocated from:
    #0 0x55ca915fa191 in operator new(unsigned long) (/workspace/build-asan/tsc+0x15d191) (BuildId: 73a10d7cc646a755f705b0ae57418e68578aec2f)
    #1 0x7ff5c7b2b13b  (/usr/lib/llvm-20/lib/libLLVM.so.20.1+0x3c0f13b) (BuildId: b856c61f98abf0989f157f153740fe0fadfbb760)
    #2 0x7ff5c6f3998b  (/usr/lib/llvm-20/lib/libLLVM.so.20.1+0x301d98b) (BuildId: b856c61f98abf0989f157f153740fe0fadfbb760)
    #3 0x7ff5c6f398a6  (/usr/lib/llvm-20/lib/libLLVM.so.20.1+0x301d8a6) (BuildId: b856c61f98abf0989f157f153740fe0fadfbb760)
    #4 0x7ff5c7b285ab  (/usr/lib/llvm-20/lib/libLLVM.so.20.1+0x3c0c5ab) (BuildId: b856c61f98abf0989f157f153740fe0fadfbb760)
    #5 0x7ff5c7b6091a  (/usr/lib/llvm-20/lib/libLLVM.so.20.1+0x3c4491a) (BuildId: b856c61f98abf0989f157f153740fe0fadfbb760)
    #6 0x7ff5c7b6188a  (/usr/lib/llvm-20/lib/libLLVM.so.20.1+0x3c4588a) (BuildId: b856c61f98abf0989f157f153740fe0fadfbb760)
    #7 0x7ff5c7b62a6c  (/usr/lib/llvm-20/lib/libLLVM.so.20.1+0x3c46a6c) (BuildId: b856c61f98abf0989f157f153740fe0fadfbb760)
    #8 0x55ca91648523 in llvm::Target::createTargetMachine(llvm::StringRef, llvm::StringRef, llvm::StringRef, llvm::TargetOptions const&, std::optional<llvm::Reloc::Model>, std::optional<llvm::CodeModel::Model>, llvm::CodeGenOptLevel, bool) const /usr/lib/llvm-20/include/llvm/MC/TargetRegistry.h:462:12
    #9 0x55ca9163a09e in tsc::TargetRegistry::initializeAllTargets() /workspace/src/TargetRegistry.cpp:67:41
    #10 0x55ca9162bdcd in tsc::Compiler::initializeLLVM() /workspace/src/Compiler.cpp:349:14
    #11 0x55ca9162b8b7 in tsc::Compiler::Compiler(tsc::CompilerOptions const&) /workspace/src/Compiler.cpp:24:5
    #12 0x55ca915fd7b5 in main /workspace/src/main.cpp:191:18
    #13 0x7ff5c395a337  (/lib/x86_64-linux-gnu/libc.so.6+0x2a337) (BuildId: 467f544f15035abef911999cbc14489edd0555ab)
    #14 0x7ff5c395a3fa in __libc_start_main (/lib/x86_64-linux-gnu/libc.so.6+0x2a3fa) (BuildId: 467f544f15035abef911999cbc14489edd0555ab)
    #15 0x55ca91511b64 in _start (/workspace/build-asan/tsc+0x74b64) (BuildId: 73a10d7cc646a755f705b0ae57418e68578aec2f)

Indirect leak of 96 byte(s) in 2 object(s) allocated from:
    #0 0x55ca915fa191 in operator new(unsigned long) (/workspace/build-asan/tsc+0x15d191) (BuildId: 73a10d7cc646a755f705b0ae57418e68578aec2f)
    #1 0x7ff5c55781b6  (/usr/lib/llvm-20/lib/libLLVM.so.20.1+0x165c1b6) (BuildId: b856c61f98abf0989f157f153740fe0fadfbb760)
    #2 0x7ff5c7b0beb8  (/usr/lib/llvm-20/lib/libLLVM.so.20.1+0x3befeb8) (BuildId: b856c61f98abf0989f157f153740fe0fadfbb760)
    #3 0x7ff5c7b4db99  (/usr/lib/llvm-20/lib/libLLVM.so.20.1+0x3c31b99) (BuildId: b856c61f98abf0989f157f153740fe0fadfbb760)
    #4 0x7ff5c7b4e7de  (/usr/lib/llvm-20/lib/libLLVM.so.20.1+0x3c327de) (BuildId: b856c61f98abf0989f157f153740fe0fadfbb760)
    #5 0x7ff5c7b5ff58  (/usr/lib/llvm-20/lib/libLLVM.so.20.1+0x3c43f58) (BuildId: b856c61f98abf0989f157f153740fe0fadfbb760)
    #6 0x7ff5c7b6188a  (/usr/lib/llvm-20/lib/libLLVM.so.20.1+0x3c4588a) (BuildId: b856c61f98abf0989f157f153740fe0fadfbb760)
    #7 0x7ff5c7b62a6c  (/usr/lib/llvm-20/lib/libLLVM.so.20.1+0x3c46a6c) (BuildId: b856c61f98abf0989f157f153740fe0fadfbb760)
    #8 0x55ca91648523 in llvm::Target::createTargetMachine(llvm::StringRef, llvm::StringRef, llvm::StringRef, llvm::TargetOptions const&, std::optional<llvm::Reloc::Model>, std::optional<llvm::CodeModel::Model>, llvm::CodeGenOptLevel, bool) const /usr/lib/llvm-20/include/llvm/MC/TargetRegistry.h:462:12
    #9 0x55ca9163a09e in tsc::TargetRegistry::initializeAllTargets() /workspace/src/TargetRegistry.cpp:67:41
    #10 0x55ca9162bdcd in tsc::Compiler::initializeLLVM() /workspace/src/Compiler.cpp:349:14
    #11 0x55ca9162b8b7 in tsc::Compiler::Compiler(tsc::CompilerOptions const&) /workspace/src/Compiler.cpp:24:5
    #12 0x55ca915fd7b5 in main /workspace/src/main.cpp:191:18
    #13 0x7ff5c395a337  (/lib/x86_64-linux-gnu/libc.so.6+0x2a337) (BuildId: 467f544f15035abef911999cbc14489edd0555ab)
    #14 0x7ff5c395a3fa in __libc_start_main (/lib/x86_64-linux-gnu/libc.so.6+0x2a3fa) (BuildId: 467f544f15035abef911999cbc14489edd0555ab)
    #15 0x55ca91511b64 in _start (/workspace/build-asan/tsc+0x74b64) (BuildId: 73a10d7cc646a755f705b0ae57418e68578aec2f)

Indirect leak of 96 byte(s) in 2 object(s) allocated from:
    #0 0x55ca915fa191 in operator new(unsigned long) (/workspace/build-asan/tsc+0x15d191) (BuildId: 73a10d7cc646a755f705b0ae57418e68578aec2f)
    #1 0x7ff5c7b2b93b  (/usr/lib/llvm-20/lib/libLLVM.so.20.1+0x3c0f93b) (BuildId: b856c61f98abf0989f157f153740fe0fadfbb760)
    #2 0x7ff5c6f3998b  (/usr/lib/llvm-20/lib/libLLVM.so.20.1+0x301d98b) (BuildId: b856c61f98abf0989f157f153740fe0fadfbb760)
    #3 0x7ff5c6f398a6  (/usr/lib/llvm-20/lib/libLLVM.so.20.1+0x301d8a6) (BuildId: b856c61f98abf0989f157f153740fe0fadfbb760)
    #4 0x7ff5c7b29094  (/usr/lib/llvm-20/lib/libLLVM.so.20.1+0x3c0d094) (BuildId: b856c61f98abf0989f157f153740fe0fadfbb760)
    #5 0x7ff5c7b6091a  (/usr/lib/llvm-20/lib/libLLVM.so.20.1+0x3c4491a) (BuildId: b856c61f98abf0989f157f153740fe0fadfbb760)
    #6 0x7ff5c7b61710  (/usr/lib/llvm-20/lib/libLLVM.so.20.1+0x3c45710) (BuildId: b856c61f98abf0989f157f153740fe0fadfbb760)
    #7 0x7ff5c7b62a6c  (/usr/lib/llvm-20/lib/libLLVM.so.20.1+0x3c46a6c) (BuildId: b856c61f98abf0989f157f153740fe0fadfbb760)
    #8 0x55ca91648523 in llvm::Target::createTargetMachine(llvm::StringRef, llvm::StringRef, llvm::StringRef, llvm::TargetOptions const&, std::optional<llvm::Reloc::Model>, std::optional<llvm::CodeModel::Model>, llvm::CodeGenOptLevel, bool) const /usr/lib/llvm-20/include/llvm/MC/TargetRegistry.h:462:12
    #9 0x55ca9163a09e in tsc::TargetRegistry::initializeAllTargets() /workspace/src/TargetRegistry.cpp:67:41
    #10 0x55ca9162bdcd in tsc::Compiler::initializeLLVM() /workspace/src/Compiler.cpp:349:14
    #11 0x55ca9162b8b7 in tsc::Compiler::Compiler(tsc::CompilerOptions const&) /workspace/src/Compiler.cpp:24:5
    #12 0x55ca915fd7b5 in main /workspace/src/main.cpp:191:18
    #13 0x7ff5c395a337  (/lib/x86_64-linux-gnu/libc.so.6+0x2a337) (BuildId: 467f544f15035abef911999cbc14489edd0555ab)
    #14 0x7ff5c395a3fa in __libc_start_main (/lib/x86_64-linux-gnu/libc.so.6+0x2a3fa) (BuildId: 467f544f15035abef911999cbc14489edd0555ab)
    #15 0x55ca91511b64 in _start (/workspace/build-asan/tsc+0x74b64) (BuildId: 73a10d7cc646a755f705b0ae57418e68578aec2f)

Indirect leak of 96 byte(s) in 2 object(s) allocated from:
    #0 0x55ca915fa191 in operator new(unsigned long) (/workspace/build-asan/tsc+0x15d191) (BuildId: 73a10d7cc646a755f705b0ae57418e68578aec2f)
    #1 0x7ff5c7b2b13b  (/usr/lib/llvm-20/lib/libLLVM.so.20.1+0x3c0f13b) (BuildId: b856c61f98abf0989f157f153740fe0fadfbb760)
    #2 0x7ff5c6f3998b  (/usr/lib/llvm-20/lib/libLLVM.so.20.1+0x301d98b) (BuildId: b856c61f98abf0989f157f153740fe0fadfbb760)
    #3 0x7ff5c6f398a6  (/usr/lib/llvm-20/lib/libLLVM.so.20.1+0x301d8a6) (BuildId: b856c61f98abf0989f157f153740fe0fadfbb760)
    #4 0x7ff5c7b285ab  (/usr/lib/llvm-20/lib/libLLVM.so.20.1+0x3c0c5ab) (BuildId: b856c61f98abf0989f157f153740fe0fadfbb760)
    #5 0x7ff5c7b6091a  (/usr/lib/llvm-20/lib/libLLVM.so.20.1+0x3c4491a) (BuildId: b856c61f98abf0989f157f153740fe0fadfbb760)
    #6 0x7ff5c7b61710  (/usr/lib/llvm-20/lib/libLLVM.so.20.1+0x3c45710) (BuildId: b856c61f98abf0989f157f153740fe0fadfbb760)
    #7 0x7ff5c7b62a6c  (/usr/lib/llvm-20/lib/libLLVM.so.20.1+0x3c46a6c) (BuildId: b856c61f98abf0989f157f153740fe0fadfbb760)
    #8 0x55ca91648523 in llvm::Target::createTargetMachine(llvm::StringRef, llvm::StringRef, llvm::StringRef, llvm::TargetOptions const&, std::optional<llvm::Reloc::Model>, std::optional<llvm::CodeModel::Model>, llvm::CodeGenOptLevel, bool) const /usr/lib/llvm-20/include/llvm/MC/TargetRegistry.h:462:12
    #9 0x55ca9163a09e in tsc::TargetRegistry::initializeAllTargets() /workspace/src/TargetRegistry.cpp:67:41
    #10 0x55ca9162bdcd in tsc::Compiler::initializeLLVM() /workspace/src/Compiler.cpp:349:14
    #11 0x55ca9162b8b7 in tsc::Compiler::Compiler(tsc::CompilerOptions const&) /workspace/src/Compiler.cpp:24:5
    #12 0x55ca915fd7b5 in main /workspace/src/main.cpp:191:18
    #13 0x7ff5c395a337  (/lib/x86_64-linux-gnu/libc.so.6+0x2a337) (BuildId: 467f544f15035abef911999cbc14489edd0555ab)
    #14 0x7ff5c395a3fa in __libc_start_main (/lib/x86_64-linux-gnu/libc.so.6+0x2a3fa) (BuildId: 467f544f15035abef911999cbc14489edd0555ab)
    #15 0x55ca91511b64 in _start (/workspace/build-asan/tsc+0x74b64) (BuildId: 73a10d7cc646a755f705b0ae57418e68578aec2f)

Indirect leak of 96 byte(s) in 2 object(s) allocated from:
    #0 0x55ca915fa191 in operator new(unsigned long) (/workspace/build-asan/tsc+0x15d191) (BuildId: 73a10d7cc646a755f705b0ae57418e68578aec2f)
    #1 0x7ff5c55781b6  (/usr/lib/llvm-20/lib/libLLVM.so.20.1+0x165c1b6) (BuildId: b856c61f98abf0989f157f153740fe0fadfbb760)
    #2 0x7ff5c7b0beb8  (/usr/lib/llvm-20/lib/libLLVM.so.20.1+0x3befeb8) (BuildId: b856c61f98abf0989f157f153740fe0fadfbb760)
    #3 0x7ff5c7b4db99  (/usr/lib/llvm-20/lib/libLLVM.so.20.1+0x3c31b99) (BuildId: b856c61f98abf0989f157f153740fe0fadfbb760)
    #4 0x7ff5c7b4e7de  (/usr/lib/llvm-20/lib/libLLVM.so.20.1+0x3c327de) (BuildId: b856c61f98abf0989f157f153740fe0fadfbb760)
    #5 0x7ff5c7b5ff58  (/usr/lib/llvm-20/lib/libLLVM.so.20.1+0x3c43f58) (BuildId: b856c61f98abf0989f157f153740fe0fadfbb760)
    #6 0x7ff5c7b61710  (/usr/lib/llvm-20/lib/libLLVM.so.20.1+0x3c45710) (BuildId: b856c61f98abf0989f157f153740fe0fadfbb760)
    #7 0x7ff5c7b62a6c  (/usr/lib/llvm-20/lib/libLLVM.so.20.1+0x3c46a6c) (BuildId: b856c61f98abf0989f157f153740fe0fadfbb760)
    #8 0x55ca91648523 in llvm::Target::createTargetMachine(llvm::StringRef, llvm::StringRef, llvm::StringRef, llvm::TargetOptions const&, std::optional<llvm::Reloc::Model>, std::optional<llvm::CodeModel::Model>, llvm::CodeGenOptLevel, bool) const /usr/lib/llvm-20/include/llvm/MC/TargetRegistry.h:462:12
    #9 0x55ca9163a09e in tsc::TargetRegistry::initializeAllTargets() /workspace/src/TargetRegistry.cpp:67:41
    #10 0x55ca9162bdcd in tsc::Compiler::initializeLLVM() /workspace/src/Compiler.cpp:349:14
    #11 0x55ca9162b8b7 in tsc::Compiler::Compiler(tsc::CompilerOptions const&) /workspace/src/Compiler.cpp:24:5
    #12 0x55ca915fd7b5 in main /workspace/src/main.cpp:191:18
    #13 0x7ff5c395a337  (/lib/x86_64-linux-gnu/libc.so.6+0x2a337) (BuildId: 467f544f15035abef911999cbc14489edd0555ab)
    #14 0x7ff5c395a3fa in __libc_start_main (/lib/x86_64-linux-gnu/libc.so.6+0x2a3fa) (BuildId: 467f544f15035abef911999cbc14489edd0555ab)
    #15 0x55ca91511b64 in _start (/workspace/build-asan/tsc+0x74b64) (BuildId: 73a10d7cc646a755f705b0ae57418e68578aec2f)

Indirect leak of 96 byte(s) in 2 object(s) allocated from:
    #0 0x55ca915fa191 in operator new(unsigned long) (/workspace/build-asan/tsc+0x15d191) (BuildId: 73a10d7cc646a755f705b0ae57418e68578aec2f)
    #1 0x7ff5c7bacef1  (/usr/lib/llvm-20/lib/libLLVM.so.20.1+0x3c90ef1) (BuildId: b856c61f98abf0989f157f153740fe0fadfbb760)
    #2 0x7ff5c52d0707 in llvm::CodeGenTargetMachineImpl::initAsmInfo() (/usr/lib/llvm-20/lib/libLLVM.so.20.1+0x13b4707) (BuildId: b856c61f98abf0989f157f153740fe0fadfbb760)
    #3 0x7ff5c7b61a81  (/usr/lib/llvm-20/lib/libLLVM.so.20.1+0x3c45a81) (BuildId: b856c61f98abf0989f157f153740fe0fadfbb760)
    #4 0x7ff5c7b62b2c  (/usr/lib/llvm-20/lib/libLLVM.so.20.1+0x3c46b2c) (BuildId: b856c61f98abf0989f157f153740fe0fadfbb760)
    #5 0x55ca91648523 in llvm::Target::createTargetMachine(llvm::StringRef, llvm::StringRef, llvm::StringRef, llvm::TargetOptions const&, std::optional<llvm::Reloc::Model>, std::optional<llvm::CodeModel::Model>, llvm::CodeGenOptLevel, bool) const /usr/lib/llvm-20/include/llvm/MC/TargetRegistry.h:462:12
    #6 0x55ca9163a09e in tsc::TargetRegistry::initializeAllTargets() /workspace/src/TargetRegistry.cpp:67:41
    #7 0x55ca9162bdcd in tsc::Compiler::initializeLLVM() /workspace/src/Compiler.cpp:349:14
    #8 0x55ca9162b8b7 in tsc::Compiler::Compiler(tsc::CompilerOptions const&) /workspace/src/Compiler.cpp:24:5
    #9 0x55ca915fd7b5 in main /workspace/src/main.cpp:191:18
    #10 0x7ff5c395a337  (/lib/x86_64-linux-gnu/libc.so.6+0x2a337) (BuildId: 467f544f15035abef911999cbc14489edd0555ab)
    #11 0x7ff5c395a3fa in __libc_start_main (/lib/x86_64-linux-gnu/libc.so.6+0x2a3fa) (BuildId: 467f544f15035abef911999cbc14489edd0555ab)
    #12 0x55ca91511b64 in _start (/workspace/build-asan/tsc+0x74b64) (BuildId: 73a10d7cc646a755f705b0ae57418e68578aec2f)

Indirect leak of 96 byte(s) in 2 object(s) allocated from:
    #0 0x55ca915fa191 in operator new(unsigned long) (/workspace/build-asan/tsc+0x15d191) (BuildId: 73a10d7cc646a755f705b0ae57418e68578aec2f)
    #1 0x7ff5c7b2b93b  (/usr/lib/llvm-20/lib/libLLVM.so.20.1+0x3c0f93b) (BuildId: b856c61f98abf0989f157f153740fe0fadfbb760)
    #2 0x7ff5c6f3998b  (/usr/lib/llvm-20/lib/libLLVM.so.20.1+0x301d98b) (BuildId: b856c61f98abf0989f157f153740fe0fadfbb760)
    #3 0x7ff5c6f398a6  (/usr/lib/llvm-20/lib/libLLVM.so.20.1+0x301d8a6) (BuildId: b856c61f98abf0989f157f153740fe0fadfbb760)
    #4 0x7ff5c7b29094  (/usr/lib/llvm-20/lib/libLLVM.so.20.1+0x3c0d094) (BuildId: b856c61f98abf0989f157f153740fe0fadfbb760)
    #5 0x7ff5c7b6091a  (/usr/lib/llvm-20/lib/libLLVM.so.20.1+0x3c4491a) (BuildId: b856c61f98abf0989f157f153740fe0fadfbb760)
    #6 0x7ff5c7b61a19  (/usr/lib/llvm-20/lib/libLLVM.so.20.1+0x3c45a19) (BuildId: b856c61f98abf0989f157f153740fe0fadfbb760)
    #7 0x7ff5c7b62b2c  (/usr/lib/llvm-20/lib/libLLVM.so.20.1+0x3c46b2c) (BuildId: b856c61f98abf0989f157f153740fe0fadfbb760)
    #8 0x55ca91648523 in llvm::Target::createTargetMachine(llvm::StringRef, llvm::StringRef, llvm::StringRef, llvm::TargetOptions const&, std::optional<llvm::Reloc::Model>, std::optional<llvm::CodeModel::Model>, llvm::CodeGenOptLevel, bool) const /usr/lib/llvm-20/include/llvm/MC/TargetRegistry.h:462:12
    #9 0x55ca9163a09e in tsc::TargetRegistry::initializeAllTargets() /workspace/src/TargetRegistry.cpp:67:41
    #10 0x55ca9162bdcd in tsc::Compiler::initializeLLVM() /workspace/src/Compiler.cpp:349:14
    #11 0x55ca9162b8b7 in tsc::Compiler::Compiler(tsc::CompilerOptions const&) /workspace/src/Compiler.cpp:24:5
    #12 0x55ca915fd7b5 in main /workspace/src/main.cpp:191:18
    #13 0x7ff5c395a337  (/lib/x86_64-linux-gnu/libc.so.6+0x2a337) (BuildId: 467f544f15035abef911999cbc14489edd0555ab)
    #14 0x7ff5c395a3fa in __libc_start_main (/lib/x86_64-linux-gnu/libc.so.6+0x2a3fa) (BuildId: 467f544f15035abef911999cbc14489edd0555ab)
    #15 0x55ca91511b64 in _start (/workspace/build-asan/tsc+0x74b64) (BuildId: 73a10d7cc646a755f705b0ae57418e68578aec2f)

Indirect leak of 96 byte(s) in 2 object(s) allocated from:
    #0 0x55ca915fa191 in operator new(unsigned long) (/workspace/build-asan/tsc+0x15d191) (BuildId: 73a10d7cc646a755f705b0ae57418e68578aec2f)
    #1 0x7ff5c7b2b13b  (/usr/lib/llvm-20/lib/libLLVM.so.20.1+0x3c0f13b) (BuildId: b856c61f98abf0989f157f153740fe0fadfbb760)
    #2 0x7ff5c6f3998b  (/usr/lib/llvm-20/lib/libLLVM.so.20.1+0x301d98b) (BuildId: b856c61f98abf0989f157f153740fe0fadfbb760)
    #3 0x7ff5c6f398a6  (/usr/lib/llvm-20/lib/libLLVM.so.20.1+0x301d8a6) (BuildId: b856c61f98abf0989f157f153740fe0fadfbb760)
    #4 0x7ff5c7b285ab  (/usr/lib/llvm-20/lib/libLLVM.so.20.1+0x3c0c5ab) (BuildId: b856c61f98abf0989f157f153740fe0fadfbb760)
    #5 0x7ff5c7b6091a  (/usr/lib/llvm-20/lib/libLLVM.so.20.1+0x3c4491a) (BuildId: b856c61f98abf0989f157f153740fe0fadfbb760)
    #6 0x7ff5c7b61a19  (/usr/lib/llvm-20/lib/libLLVM.so.20.1+0x3c45a19) (BuildId: b856c61f98abf0989f157f153740fe0fadfbb760)
    #7 0x7ff5c7b62b2c  (/usr/lib/llvm-20/lib/libLLVM.so.20.1+0x3c46b2c) (BuildId: b856c61f98abf0989f157f153740fe0fadfbb760)
    #8 0x55ca91648523 in llvm::Target::createTargetMachine(llvm::StringRef, llvm::StringRef, llvm::StringRef, llvm::TargetOptions const&, std::optional<llvm::Reloc::Model>, std::optional<llvm::CodeModel::Model>, llvm::CodeGenOptLevel, bool) const /usr/lib/llvm-20/include/llvm/MC/TargetRegistry.h:462:12
    #9 0x55ca9163a09e in tsc::TargetRegistry::initializeAllTargets() /workspace/src/TargetRegistry.cpp:67:41
    #10 0x55ca9162bdcd in tsc::Compiler::initializeLLVM() /workspace/src/Compiler.cpp:349:14
    #11 0x55ca9162b8b7 in tsc::Compiler::Compiler(tsc::CompilerOptions const&) /workspace/src/Compiler.cpp:24:5
    #12 0x55ca915fd7b5 in main /workspace/src/main.cpp:191:18
    #13 0x7ff5c395a337  (/lib/x86_64-linux-gnu/libc.so.6+0x2a337) (BuildId: 467f544f15035abef911999cbc14489edd0555ab)
    #14 0x7ff5c395a3fa in __libc_start_main (/lib/x86_64-linux-gnu/libc.so.6+0x2a3fa) (BuildId: 467f544f15035abef911999cbc14489edd0555ab)
    #15 0x55ca91511b64 in _start (/workspace/build-asan/tsc+0x74b64) (BuildId: 73a10d7cc646a755f705b0ae57418e68578aec2f)

Indirect leak of 96 byte(s) in 2 object(s) allocated from:
    #0 0x55ca915fa191 in operator new(unsigned long) (/workspace/build-asan/tsc+0x15d191) (BuildId: 73a10d7cc646a755f705b0ae57418e68578aec2f)
    #1 0x7ff5c55781b6  (/usr/lib/llvm-20/lib/libLLVM.so.20.1+0x165c1b6) (BuildId: b856c61f98abf0989f157f153740fe0fadfbb760)
    #2 0x7ff5c7b0beb8  (/usr/lib/llvm-20/lib/libLLVM.so.20.1+0x3befeb8) (BuildId: b856c61f98abf0989f157f153740fe0fadfbb760)
    #3 0x7ff5c7ad53ae  (/usr/lib/llvm-20/lib/libLLVM.so.20.1+0x3bb93ae) (BuildId: b856c61f98abf0989f157f153740fe0fadfbb760)
    #4 0x7ff5c7b5ff58  (/usr/lib/llvm-20/lib/libLLVM.so.20.1+0x3c43f58) (BuildId: b856c61f98abf0989f157f153740fe0fadfbb760)
    #5 0x7ff5c7b61a19  (/usr/lib/llvm-20/lib/libLLVM.so.20.1+0x3c45a19) (BuildId: b856c61f98abf0989f157f153740fe0fadfbb760)
    #6 0x7ff5c7b62b2c  (/usr/lib/llvm-20/lib/libLLVM.so.20.1+0x3c46b2c) (BuildId: b856c61f98abf0989f157f153740fe0fadfbb760)
    #7 0x55ca91648523 in llvm::Target::createTargetMachine(llvm::StringRef, llvm::StringRef, llvm::StringRef, llvm::TargetOptions const&, std::optional<llvm::Reloc::Model>, std::optional<llvm::CodeModel::Model>, llvm::CodeGenOptLevel, bool) const /usr/lib/llvm-20/include/llvm/MC/TargetRegistry.h:462:12
    #8 0x55ca9163a09e in tsc::TargetRegistry::initializeAllTargets() /workspace/src/TargetRegistry.cpp:67:41
    #9 0x55ca9162bdcd in tsc::Compiler::initializeLLVM() /workspace/src/Compiler.cpp:349:14
    #10 0x55ca9162b8b7 in tsc::Compiler::Compiler(tsc::CompilerOptions const&) /workspace/src/Compiler.cpp:24:5
    #11 0x55ca915fd7b5 in main /workspace/src/main.cpp:191:18
    #12 0x7ff5c395a337  (/lib/x86_64-linux-gnu/libc.so.6+0x2a337) (BuildId: 467f544f15035abef911999cbc14489edd0555ab)
    #13 0x7ff5c395a3fa in __libc_start_main (/lib/x86_64-linux-gnu/libc.so.6+0x2a3fa) (BuildId: 467f544f15035abef911999cbc14489edd0555ab)
    #14 0x55ca91511b64 in _start (/workspace/build-asan/tsc+0x74b64) (BuildId: 73a10d7cc646a755f705b0ae57418e68578aec2f)

Indirect leak of 96 byte(s) in 2 object(s) allocated from:
    #0 0x55ca915fa191 in operator new(unsigned long) (/workspace/build-asan/tsc+0x15d191) (BuildId: 73a10d7cc646a755f705b0ae57418e68578aec2f)
    #1 0x7ff5c7b2b93b  (/usr/lib/llvm-20/lib/libLLVM.so.20.1+0x3c0f93b) (BuildId: b856c61f98abf0989f157f153740fe0fadfbb760)
    #2 0x7ff5c6f3998b  (/usr/lib/llvm-20/lib/libLLVM.so.20.1+0x301d98b) (BuildId: b856c61f98abf0989f157f153740fe0fadfbb760)
    #3 0x7ff5c6f398a6  (/usr/lib/llvm-20/lib/libLLVM.so.20.1+0x301d8a6) (BuildId: b856c61f98abf0989f157f153740fe0fadfbb760)
    #4 0x7ff5c7b29094  (/usr/lib/llvm-20/lib/libLLVM.so.20.1+0x3c0d094) (BuildId: b856c61f98abf0989f157f153740fe0fadfbb760)
    #5 0x7ff5c7b6091a  (/usr/lib/llvm-20/lib/libLLVM.so.20.1+0x3c4491a) (BuildId: b856c61f98abf0989f157f153740fe0fadfbb760)
    #6 0x7ff5c7b6188a  (/usr/lib/llvm-20/lib/libLLVM.so.20.1+0x3c4588a) (BuildId: b856c61f98abf0989f157f153740fe0fadfbb760)
    #7 0x7ff5c7b62b2c  (/usr/lib/llvm-20/lib/libLLVM.so.20.1+0x3c46b2c) (BuildId: b856c61f98abf0989f157f153740fe0fadfbb760)
    #8 0x55ca91648523 in llvm::Target::createTargetMachine(llvm::StringRef, llvm::StringRef, llvm::StringRef, llvm::TargetOptions const&, std::optional<llvm::Reloc::Model>, std::optional<llvm::CodeModel::Model>, llvm::CodeGenOptLevel, bool) const /usr/lib/llvm-20/include/llvm/MC/TargetRegistry.h:462:12
    #9 0x55ca9163a09e in tsc::TargetRegistry::initializeAllTargets() /workspace/src/TargetRegistry.cpp:67:41
    #10 0x55ca9162bdcd in tsc::Compiler::initializeLLVM() /workspace/src/Compiler.cpp:349:14
    #11 0x55ca9162b8b7 in tsc::Compiler::Compiler(tsc::CompilerOptions const&) /workspace/src/Compiler.cpp:24:5
    #12 0x55ca915fd7b5 in main /workspace/src/main.cpp:191:18
    #13 0x7ff5c395a337  (/lib/x86_64-linux-gnu/libc.so.6+0x2a337) (BuildId: 467f544f15035abef911999cbc14489edd0555ab)
    #14 0x7ff5c395a3fa in __libc_start_main (/lib/x86_64-linux-gnu/libc.so.6+0x2a3fa) (BuildId: 467f544f15035abef911999cbc14489edd0555ab)
    #15 0x55ca91511b64 in _start (/workspace/build-asan/tsc+0x74b64) (BuildId: 73a10d7cc646a755f705b0ae57418e68578aec2f)

Indirect leak of 96 byte(s) in 2 object(s) allocated from:
    #0 0x55ca915fa191 in operator new(unsigned long) (/workspace/build-asan/tsc+0x15d191) (BuildId: 73a10d7cc646a755f705b0ae57418e68578aec2f)
    #1 0x7ff5c7b2b13b  (/usr/lib/llvm-20/lib/libLLVM.so.20.1+0x3c0f13b) (BuildId: b856c61f98abf0989f157f153740fe0fadfbb760)
    #2 0x7ff5c6f3998b  (/usr/lib/llvm-20/lib/libLLVM.so.20.1+0x301d98b) (BuildId: b856c61f98abf0989f157f153740fe0fadfbb760)
    #3 0x7ff5c6f398a6  (/usr/lib/llvm-20/lib/libLLVM.so.20.1+0x301d8a6) (BuildId: b856c61f98abf0989f157f153740fe0fadfbb760)
    #4 0x7ff5c7b285ab  (/usr/lib/llvm-20/lib/libLLVM.so.20.1+0x3c0c5ab) (BuildId: b856c61f98abf0989f157f153740fe0fadfbb760)
    #5 0x7ff5c7b6091a  (/usr/lib/llvm-20/lib/libLLVM.so.20.1+0x3c4491a) (BuildId: b856c61f98abf0989f157f153740fe0fadfbb760)
    #6 0x7ff5c7b6188a  (/usr/lib/llvm-20/lib/libLLVM.so.20.1+0x3c4588a) (BuildId: b856c61f98abf0989f157f153740fe0fadfbb760)
    #7 0x7ff5c7b62b2c  (/usr/lib/llvm-20/lib/libLLVM.so.20.1+0x3c46b2c) (BuildId: b856c61f98abf0989f157f153740fe0fadfbb760)
    #8 0x55ca91648523 in llvm::Target::createTargetMachine(llvm::StringRef, llvm::StringRef, llvm::StringRef, llvm::TargetOptions const&, std::optional<llvm::Reloc::Model>, std::optional<llvm::CodeModel::Model>, llvm::CodeGenOptLevel, bool) const /usr/lib/llvm-20/include/llvm/MC/TargetRegistry.h:462:12
    #9 0x55ca9163a09e in tsc::TargetRegistry::initializeAllTargets() /workspace/src/TargetRegistry.cpp:67:41
    #10 0x55ca9162bdcd in tsc::Compiler::initializeLLVM() /workspace/src/Compiler.cpp:349:14
    #11 0x55ca9162b8b7 in tsc::Compiler::Compiler(tsc::CompilerOptions const&) /workspace/src/Compiler.cpp:24:5
    #12 0x55ca915fd7b5 in main /workspace/src/main.cpp:191:18
    #13 0x7ff5c395a337  (/lib/x86_64-linux-gnu/libc.so.6+0x2a337) (BuildId: 467f544f15035abef911999cbc14489edd0555ab)
    #14 0x7ff5c395a3fa in __libc_start_main (/lib/x86_64-linux-gnu/libc.so.6+0x2a3fa) (BuildId: 467f544f15035abef911999cbc14489edd0555ab)
    #15 0x55ca91511b64 in _start (/workspace/build-asan/tsc+0x74b64) (BuildId: 73a10d7cc646a755f705b0ae57418e68578aec2f)

Indirect leak of 96 byte(s) in 2 object(s) allocated from:
    #0 0x55ca915fa191 in operator new(unsigned long) (/workspace/build-asan/tsc+0x15d191) (BuildId: 73a10d7cc646a755f705b0ae57418e68578aec2f)
    #1 0x7ff5c55781b6  (/usr/lib/llvm-20/lib/libLLVM.so.20.1+0x165c1b6) (BuildId: b856c61f98abf0989f157f153740fe0fadfbb760)
    #2 0x7ff5c7b0beb8  (/usr/lib/llvm-20/lib/libLLVM.so.20.1+0x3befeb8) (BuildId: b856c61f98abf0989f157f153740fe0fadfbb760)
    #3 0x7ff5c7b4db99  (/usr/lib/llvm-20/lib/libLLVM.so.20.1+0x3c31b99) (BuildId: b856c61f98abf0989f157f153740fe0fadfbb760)
    #4 0x7ff5c7b4e7de  (/usr/lib/llvm-20/lib/libLLVM.so.20.1+0x3c327de) (BuildId: b856c61f98abf0989f157f153740fe0fadfbb760)
    #5 0x7ff5c7b5ff58  (/usr/lib/llvm-20/lib/libLLVM.so.20.1+0x3c43f58) (BuildId: b856c61f98abf0989f157f153740fe0fadfbb760)
    #6 0x7ff5c7b6188a  (/usr/lib/llvm-20/lib/libLLVM.so.20.1+0x3c4588a) (BuildId: b856c61f98abf0989f157f153740fe0fadfbb760)
    #7 0x7ff5c7b62b2c  (/usr/lib/llvm-20/lib/libLLVM.so.20.1+0x3c46b2c) (BuildId: b856c61f98abf0989f157f153740fe0fadfbb760)
    #8 0x55ca91648523 in llvm::Target::createTargetMachine(llvm::StringRef, llvm::StringRef, llvm::StringRef, llvm::TargetOptions const&, std::optional<llvm::Reloc::Model>, std::optional<llvm::CodeModel::Model>, llvm::CodeGenOptLevel, bool) const /usr/lib/llvm-20/include/llvm/MC/TargetRegistry.h:462:12
    #9 0x55ca9163a09e in tsc::TargetRegistry::initializeAllTargets() /workspace/src/TargetRegistry.cpp:67:41
    #10 0x55ca9162bdcd in tsc::Compiler::initializeLLVM() /workspace/src/Compiler.cpp:349:14
    #11 0x55ca9162b8b7 in tsc::Compiler::Compiler(tsc::CompilerOptions const&) /workspace/src/Compiler.cpp:24:5
    #12 0x55ca915fd7b5 in main /workspace/src/main.cpp:191:18
    #13 0x7ff5c395a337  (/lib/x86_64-linux-gnu/libc.so.6+0x2a337) (BuildId: 467f544f15035abef911999cbc14489edd0555ab)
    #14 0x7ff5c395a3fa in __libc_start_main (/lib/x86_64-linux-gnu/libc.so.6+0x2a3fa) (BuildId: 467f544f15035abef911999cbc14489edd0555ab)
    #15 0x55ca91511b64 in _start (/workspace/build-asan/tsc+0x74b64) (BuildId: 73a10d7cc646a755f705b0ae57418e68578aec2f)

Indirect leak of 96 byte(s) in 2 object(s) allocated from:
    #0 0x55ca915fa191 in operator new(unsigned long) (/workspace/build-asan/tsc+0x15d191) (BuildId: 73a10d7cc646a755f705b0ae57418e68578aec2f)
    #1 0x7ff5c7b2b93b  (/usr/lib/llvm-20/lib/libLLVM.so.20.1+0x3c0f93b) (BuildId: b856c61f98abf0989f157f153740fe0fadfbb760)
    #2 0x7ff5c6f3998b  (/usr/lib/llvm-20/lib/libLLVM.so.20.1+0x301d98b) (BuildId: b856c61f98abf0989f157f153740fe0fadfbb760)
    #3 0x7ff5c6f398a6  (/usr/lib/llvm-20/lib/libLLVM.so.20.1+0x301d8a6) (BuildId: b856c61f98abf0989f157f153740fe0fadfbb760)
    #4 0x7ff5c7b29094  (/usr/lib/llvm-20/lib/libLLVM.so.20.1+0x3c0d094) (BuildId: b856c61f98abf0989f157f153740fe0fadfbb760)
    #5 0x7ff5c7b6091a  (/usr/lib/llvm-20/lib/libLLVM.so.20.1+0x3c4491a) (BuildId: b856c61f98abf0989f157f153740fe0fadfbb760)
    #6 0x7ff5c7b61710  (/usr/lib/llvm-20/lib/libLLVM.so.20.1+0x3c45710) (BuildId: b856c61f98abf0989f157f153740fe0fadfbb760)
    #7 0x7ff5c7b62b2c  (/usr/lib/llvm-20/lib/libLLVM.so.20.1+0x3c46b2c) (BuildId: b856c61f98abf0989f157f153740fe0fadfbb760)
    #8 0x55ca91648523 in llvm::Target::createTargetMachine(llvm::StringRef, llvm::StringRef, llvm::StringRef, llvm::TargetOptions const&, std::optional<llvm::Reloc::Model>, std::optional<llvm::CodeModel::Model>, llvm::CodeGenOptLevel, bool) const /usr/lib/llvm-20/include/llvm/MC/TargetRegistry.h:462:12
    #9 0x55ca9163a09e in tsc::TargetRegistry::initializeAllTargets() /workspace/src/TargetRegistry.cpp:67:41
    #10 0x55ca9162bdcd in tsc::Compiler::initializeLLVM() /workspace/src/Compiler.cpp:349:14
    #11 0x55ca9162b8b7 in tsc::Compiler::Compiler(tsc::CompilerOptions const&) /workspace/src/Compiler.cpp:24:5
    #12 0x55ca915fd7b5 in main /workspace/src/main.cpp:191:18
    #13 0x7ff5c395a337  (/lib/x86_64-linux-gnu/libc.so.6+0x2a337) (BuildId: 467f544f15035abef911999cbc14489edd0555ab)
    #14 0x7ff5c395a3fa in __libc_start_main (/lib/x86_64-linux-gnu/libc.so.6+0x2a3fa) (BuildId: 467f544f15035abef911999cbc14489edd0555ab)
    #15 0x55ca91511b64 in _start (/workspace/build-asan/tsc+0x74b64) (BuildId: 73a10d7cc646a755f705b0ae57418e68578aec2f)

Indirect leak of 96 byte(s) in 2 object(s) allocated from:
    #0 0x55ca915fa191 in operator new(unsigned long) (/workspace/build-asan/tsc+0x15d191) (BuildId: 73a10d7cc646a755f705b0ae57418e68578aec2f)
    #1 0x7ff5c7b2b13b  (/usr/lib/llvm-20/lib/libLLVM.so.20.1+0x3c0f13b) (BuildId: b856c61f98abf0989f157f153740fe0fadfbb760)
    #2 0x7ff5c6f3998b  (/usr/lib/llvm-20/lib/libLLVM.so.20.1+0x301d98b) (BuildId: b856c61f98abf0989f157f153740fe0fadfbb760)
    #3 0x7ff5c6f398a6  (/usr/lib/llvm-20/lib/libLLVM.so.20.1+0x301d8a6) (BuildId: b856c61f98abf0989f157f153740fe0fadfbb760)
    #4 0x7ff5c7b285ab  (/usr/lib/llvm-20/lib/libLLVM.so.20.1+0x3c0c5ab) (BuildId: b856c61f98abf0989f157f153740fe0fadfbb760)
    #5 0x7ff5c7b6091a  (/usr/lib/llvm-20/lib/libLLVM.so.20.1+0x3c4491a) (BuildId: b856c61f98abf0989f157f153740fe0fadfbb760)
    #6 0x7ff5c7b61710  (/usr/lib/llvm-20/lib/libLLVM.so.20.1+0x3c45710) (BuildId: b856c61f98abf0989f157f153740fe0fadfbb760)
    #7 0x7ff5c7b62b2c  (/usr/lib/llvm-20/lib/libLLVM.so.20.1+0x3c46b2c) (BuildId: b856c61f98abf0989f157f153740fe0fadfbb760)
    #8 0x55ca91648523 in llvm::Target::createTargetMachine(llvm::StringRef, llvm::StringRef, llvm::StringRef, llvm::TargetOptions const&, std::optional<llvm::Reloc::Model>, std::optional<llvm::CodeModel::Model>, llvm::CodeGenOptLevel, bool) const /usr/lib/llvm-20/include/llvm/MC/TargetRegistry.h:462:12
    #9 0x55ca9163a09e in tsc::TargetRegistry::initializeAllTargets() /workspace/src/TargetRegistry.cpp:67:41
    #10 0x55ca9162bdcd in tsc::Compiler::initializeLLVM() /workspace/src/Compiler.cpp:349:14
    #11 0x55ca9162b8b7 in tsc::Compiler::Compiler(tsc::CompilerOptions const&) /workspace/src/Compiler.cpp:24:5
    #12 0x55ca915fd7b5 in main /workspace/src/main.cpp:191:18
    #13 0x7ff5c395a337  (/lib/x86_64-linux-gnu/libc.so.6+0x2a337) (BuildId: 467f544f15035abef911999cbc14489edd0555ab)
    #14 0x7ff5c395a3fa in __libc_start_main (/lib/x86_64-linux-gnu/libc.so.6+0x2a3fa) (BuildId: 467f544f15035abef911999cbc14489edd0555ab)
    #15 0x55ca91511b64 in _start (/workspace/build-asan/tsc+0x74b64) (BuildId: 73a10d7cc646a755f705b0ae57418e68578aec2f)

Indirect leak of 96 byte(s) in 2 object(s) allocated from:
    #0 0x55ca915fa191 in operator new(unsigned long) (/workspace/build-asan/tsc+0x15d191) (BuildId: 73a10d7cc646a755f705b0ae57418e68578aec2f)
    #1 0x7ff5c55781b6  (/usr/lib/llvm-20/lib/libLLVM.so.20.1+0x165c1b6) (BuildId: b856c61f98abf0989f157f153740fe0fadfbb760)
    #2 0x7ff5c7b0beb8  (/usr/lib/llvm-20/lib/libLLVM.so.20.1+0x3befeb8) (BuildId: b856c61f98abf0989f157f153740fe0fadfbb760)
    #3 0x7ff5c7b4db99  (/usr/lib/llvm-20/lib/libLLVM.so.20.1+0x3c31b99) (BuildId: b856c61f98abf0989f157f153740fe0fadfbb760)
    #4 0x7ff5c7b4e7de  (/usr/lib/llvm-20/lib/libLLVM.so.20.1+0x3c327de) (BuildId: b856c61f98abf0989f157f153740fe0fadfbb760)
    #5 0x7ff5c7b5ff58  (/usr/lib/llvm-20/lib/libLLVM.so.20.1+0x3c43f58) (BuildId: b856c61f98abf0989f157f153740fe0fadfbb760)
    #6 0x7ff5c7b61710  (/usr/lib/llvm-20/lib/libLLVM.so.20.1+0x3c45710) (BuildId: b856c61f98abf0989f157f153740fe0fadfbb760)
    #7 0x7ff5c7b62b2c  (/usr/lib/llvm-20/lib/libLLVM.so.20.1+0x3c46b2c) (BuildId: b856c61f98abf0989f157f153740fe0fadfbb760)
    #8 0x55ca91648523 in llvm::Target::createTargetMachine(llvm::StringRef, llvm::StringRef, llvm::StringRef, llvm::TargetOptions const&, std::optional<llvm::Reloc::Model>, std::optional<llvm::CodeModel::Model>, llvm::CodeGenOptLevel, bool) const /usr/lib/llvm-20/include/llvm/MC/TargetRegistry.h:462:12
    #9 0x55ca9163a09e in tsc::TargetRegistry::initializeAllTargets() /workspace/src/TargetRegistry.cpp:67:41
    #10 0x55ca9162bdcd in tsc::Compiler::initializeLLVM() /workspace/src/Compiler.cpp:349:14
    #11 0x55ca9162b8b7 in tsc::Compiler::Compiler(tsc::CompilerOptions const&) /workspace/src/Compiler.cpp:24:5
    #12 0x55ca915fd7b5 in main /workspace/src/main.cpp:191:18
    #13 0x7ff5c395a337  (/lib/x86_64-linux-gnu/libc.so.6+0x2a337) (BuildId: 467f544f15035abef911999cbc14489edd0555ab)
    #14 0x7ff5c395a3fa in __libc_start_main (/lib/x86_64-linux-gnu/libc.so.6+0x2a3fa) (BuildId: 467f544f15035abef911999cbc14489edd0555ab)
    #15 0x55ca91511b64 in _start (/workspace/build-asan/tsc+0x74b64) (BuildId: 73a10d7cc646a755f705b0ae57418e68578aec2f)

Indirect leak of 96 byte(s) in 2 object(s) allocated from:
    #0 0x55ca915fa191 in operator new(unsigned long) (/workspace/build-asan/tsc+0x15d191) (BuildId: 73a10d7cc646a755f705b0ae57418e68578aec2f)
    #1 0x7ff5c55781b6  (/usr/lib/llvm-20/lib/libLLVM.so.20.1+0x165c1b6) (BuildId: b856c61f98abf0989f157f153740fe0fadfbb760)
    #2 0x7ff5c7be9357  (/usr/lib/llvm-20/lib/libLLVM.so.20.1+0x3ccd357) (BuildId: b856c61f98abf0989f157f153740fe0fadfbb760)
    #3 0x7ff5c7c055da  (/usr/lib/llvm-20/lib/libLLVM.so.20.1+0x3ce95da) (BuildId: b856c61f98abf0989f157f153740fe0fadfbb760)
    #4 0x7ff5c7c06006  (/usr/lib/llvm-20/lib/libLLVM.so.20.1+0x3cea006) (BuildId: b856c61f98abf0989f157f153740fe0fadfbb760)
    #5 0x7ff5c7c07e74  (/usr/lib/llvm-20/lib/libLLVM.so.20.1+0x3cebe74) (BuildId: b856c61f98abf0989f157f153740fe0fadfbb760)
    #6 0x55ca91648523 in llvm::Target::createTargetMachine(llvm::StringRef, llvm::StringRef, llvm::StringRef, llvm::TargetOptions const&, std::optional<llvm::Reloc::Model>, std::optional<llvm::CodeModel::Model>, llvm::CodeGenOptLevel, bool) const /usr/lib/llvm-20/include/llvm/MC/TargetRegistry.h:462:12
    #7 0x55ca9163a09e in tsc::TargetRegistry::initializeAllTargets() /workspace/src/TargetRegistry.cpp:67:41
    #8 0x55ca9162bdcd in tsc::Compiler::initializeLLVM() /workspace/src/Compiler.cpp:349:14
    #9 0x55ca9162b8b7 in tsc::Compiler::Compiler(tsc::CompilerOptions const&) /workspace/src/Compiler.cpp:24:5
    #10 0x55ca915fd7b5 in main /workspace/src/main.cpp:191:18
    #11 0x7ff5c395a337  (/lib/x86_64-linux-gnu/libc.so.6+0x2a337) (BuildId: 467f544f15035abef911999cbc14489edd0555ab)
    #12 0x7ff5c395a3fa in __libc_start_main (/lib/x86_64-linux-gnu/libc.so.6+0x2a3fa) (BuildId: 467f544f15035abef911999cbc14489edd0555ab)
    #13 0x55ca91511b64 in _start (/workspace/build-asan/tsc+0x74b64) (BuildId: 73a10d7cc646a755f705b0ae57418e68578aec2f)

Indirect leak of 94 byte(s) in 2 object(s) allocated from:
    #0 0x55ca915fa191 in operator new(unsigned long) (/workspace/build-asan/tsc+0x15d191) (BuildId: 73a10d7cc646a755f705b0ae57418e68578aec2f)
    #1 0x7ff5c4ff3807 in llvm::DataLayout::parseLayoutString(llvm::StringRef) (/usr/lib/llvm-20/lib/libLLVM.so.20.1+0x10d7807) (BuildId: b856c61f98abf0989f157f153740fe0fadfbb760)
    #2 0x7ff5c4ff3744 in llvm::DataLayout::DataLayout(llvm::StringRef) (/usr/lib/llvm-20/lib/libLLVM.so.20.1+0x10d7744) (BuildId: b856c61f98abf0989f157f153740fe0fadfbb760)
    #3 0x7ff5c6ef490c in llvm::TargetMachine::TargetMachine(llvm::Target const&, llvm::StringRef, llvm::Triple const&, llvm::StringRef, llvm::StringRef, llvm::TargetOptions const&) (/usr/lib/llvm-20/lib/libLLVM.so.20.1+0x2fd890c) (BuildId: b856c61f98abf0989f157f153740fe0fadfbb760)
    #4 0x7ff5c52d0937 in llvm::CodeGenTargetMachineImpl::CodeGenTargetMachineImpl(llvm::Target const&, llvm::StringRef, llvm::Triple const&, llvm::StringRef, llvm::StringRef, llvm::TargetOptions const&, llvm::Reloc::Model, llvm::CodeModel::Model, llvm::CodeGenOptLevel) (/usr/lib/llvm-20/lib/libLLVM.so.20.1+0x13b4937) (BuildId: b856c61f98abf0989f157f153740fe0fadfbb760)
    #5 0x7ff5c7b615d5  (/usr/lib/llvm-20/lib/libLLVM.so.20.1+0x3c455d5) (BuildId: b856c61f98abf0989f157f153740fe0fadfbb760)
    #6 0x7ff5c7b62a6c  (/usr/lib/llvm-20/lib/libLLVM.so.20.1+0x3c46a6c) (BuildId: b856c61f98abf0989f157f153740fe0fadfbb760)
    #7 0x55ca91648523 in llvm::Target::createTargetMachine(llvm::StringRef, llvm::StringRef, llvm::StringRef, llvm::TargetOptions const&, std::optional<llvm::Reloc::Model>, std::optional<llvm::CodeModel::Model>, llvm::CodeGenOptLevel, bool) const /usr/lib/llvm-20/include/llvm/MC/TargetRegistry.h:462:12
    #8 0x55ca9163a09e in tsc::TargetRegistry::initializeAllTargets() /workspace/src/TargetRegistry.cpp:67:41
    #9 0x55ca9162bdcd in tsc::Compiler::initializeLLVM() /workspace/src/Compiler.cpp:349:14
    #10 0x55ca9162b8b7 in tsc::Compiler::Compiler(tsc::CompilerOptions const&) /workspace/src/Compiler.cpp:24:5
    #11 0x55ca915fd7b5 in main /workspace/src/main.cpp:191:18
    #12 0x7ff5c395a337  (/lib/x86_64-linux-gnu/libc.so.6+0x2a337) (BuildId: 467f544f15035abef911999cbc14489edd0555ab)
    #13 0x7ff5c395a3fa in __libc_start_main (/lib/x86_64-linux-gnu/libc.so.6+0x2a3fa) (BuildId: 467f544f15035abef911999cbc14489edd0555ab)
    #14 0x55ca91511b64 in _start (/workspace/build-asan/tsc+0x74b64) (BuildId: 73a10d7cc646a755f705b0ae57418e68578aec2f)

Indirect leak of 94 byte(s) in 2 object(s) allocated from:
    #0 0x55ca915fa191 in operator new(unsigned long) (/workspace/build-asan/tsc+0x15d191) (BuildId: 73a10d7cc646a755f705b0ae57418e68578aec2f)
    #1 0x7ff5c4ff3807 in llvm::DataLayout::parseLayoutString(llvm::StringRef) (/usr/lib/llvm-20/lib/libLLVM.so.20.1+0x10d7807) (BuildId: b856c61f98abf0989f157f153740fe0fadfbb760)
    #2 0x7ff5c4ff3744 in llvm::DataLayout::DataLayout(llvm::StringRef) (/usr/lib/llvm-20/lib/libLLVM.so.20.1+0x10d7744) (BuildId: b856c61f98abf0989f157f153740fe0fadfbb760)
    #3 0x7ff5c6ef490c in llvm::TargetMachine::TargetMachine(llvm::Target const&, llvm::StringRef, llvm::Triple const&, llvm::StringRef, llvm::StringRef, llvm::TargetOptions const&) (/usr/lib/llvm-20/lib/libLLVM.so.20.1+0x2fd890c) (BuildId: b856c61f98abf0989f157f153740fe0fadfbb760)
    #4 0x7ff5c52d0937 in llvm::CodeGenTargetMachineImpl::CodeGenTargetMachineImpl(llvm::Target const&, llvm::StringRef, llvm::Triple const&, llvm::StringRef, llvm::StringRef, llvm::TargetOptions const&, llvm::Reloc::Model, llvm::CodeModel::Model, llvm::CodeGenOptLevel) (/usr/lib/llvm-20/lib/libLLVM.so.20.1+0x13b4937) (BuildId: b856c61f98abf0989f157f153740fe0fadfbb760)
    #5 0x7ff5c7b615d5  (/usr/lib/llvm-20/lib/libLLVM.so.20.1+0x3c455d5) (BuildId: b856c61f98abf0989f157f153740fe0fadfbb760)
    #6 0x7ff5c7b62b2c  (/usr/lib/llvm-20/lib/libLLVM.so.20.1+0x3c46b2c) (BuildId: b856c61f98abf0989f157f153740fe0fadfbb760)
    #7 0x55ca91648523 in llvm::Target::createTargetMachine(llvm::StringRef, llvm::StringRef, llvm::StringRef, llvm::TargetOptions const&, std::optional<llvm::Reloc::Model>, std::optional<llvm::CodeModel::Model>, llvm::CodeGenOptLevel, bool) const /usr/lib/llvm-20/include/llvm/MC/TargetRegistry.h:462:12
    #8 0x55ca9163a09e in tsc::TargetRegistry::initializeAllTargets() /workspace/src/TargetRegistry.cpp:67:41
    #9 0x55ca9162bdcd in tsc::Compiler::initializeLLVM() /workspace/src/Compiler.cpp:349:14
    #10 0x55ca9162b8b7 in tsc::Compiler::Compiler(tsc::CompilerOptions const&) /workspace/src/Compiler.cpp:24:5
    #11 0x55ca915fd7b5 in main /workspace/src/main.cpp:191:18
    #12 0x7ff5c395a337  (/lib/x86_64-linux-gnu/libc.so.6+0x2a337) (BuildId: 467f544f15035abef911999cbc14489edd0555ab)
    #13 0x7ff5c395a3fa in __libc_start_main (/lib/x86_64-linux-gnu/libc.so.6+0x2a3fa) (BuildId: 467f544f15035abef911999cbc14489edd0555ab)
    #14 0x55ca91511b64 in _start (/workspace/build-asan/tsc+0x74b64) (BuildId: 73a10d7cc646a755f705b0ae57418e68578aec2f)

Indirect leak of 90 byte(s) in 1 object(s) allocated from:
    #0 0x55ca915fa191 in operator new(unsigned long) (/workspace/build-asan/tsc+0x15d191) (BuildId: 73a10d7cc646a755f705b0ae57418e68578aec2f)
    #1 0x7ff5c4ff3807 in llvm::DataLayout::parseLayoutString(llvm::StringRef) (/usr/lib/llvm-20/lib/libLLVM.so.20.1+0x10d7807) (BuildId: b856c61f98abf0989f157f153740fe0fadfbb760)
    #2 0x7ff5c4ff3744 in llvm::DataLayout::DataLayout(llvm::StringRef) (/usr/lib/llvm-20/lib/libLLVM.so.20.1+0x10d7744) (BuildId: b856c61f98abf0989f157f153740fe0fadfbb760)
    #3 0x7ff5c6ef490c in llvm::TargetMachine::TargetMachine(llvm::Target const&, llvm::StringRef, llvm::Triple const&, llvm::StringRef, llvm::StringRef, llvm::TargetOptions const&) (/usr/lib/llvm-20/lib/libLLVM.so.20.1+0x2fd890c) (BuildId: b856c61f98abf0989f157f153740fe0fadfbb760)
    #4 0x7ff5c52d0937 in llvm::CodeGenTargetMachineImpl::CodeGenTargetMachineImpl(llvm::Target const&, llvm::StringRef, llvm::Triple const&, llvm::StringRef, llvm::StringRef, llvm::TargetOptions const&, llvm::Reloc::Model, llvm::CodeModel::Model, llvm::CodeGenOptLevel) (/usr/lib/llvm-20/lib/libLLVM.so.20.1+0x13b4937) (BuildId: b856c61f98abf0989f157f153740fe0fadfbb760)
    #5 0x7ff5c70ed2b8  (/usr/lib/llvm-20/lib/libLLVM.so.20.1+0x31d12b8) (BuildId: b856c61f98abf0989f157f153740fe0fadfbb760)
    #6 0x7ff5c70efddc  (/usr/lib/llvm-20/lib/libLLVM.so.20.1+0x31d3ddc) (BuildId: b856c61f98abf0989f157f153740fe0fadfbb760)
    #7 0x55ca91648523 in llvm::Target::createTargetMachine(llvm::StringRef, llvm::StringRef, llvm::StringRef, llvm::TargetOptions const&, std::optional<llvm::Reloc::Model>, std::optional<llvm::CodeModel::Model>, llvm::CodeGenOptLevel, bool) const /usr/lib/llvm-20/include/llvm/MC/TargetRegistry.h:462:12
    #8 0x55ca9163a09e in tsc::TargetRegistry::initializeAllTargets() /workspace/src/TargetRegistry.cpp:67:41
    #9 0x55ca9162bdcd in tsc::Compiler::initializeLLVM() /workspace/src/Compiler.cpp:349:14
    #10 0x55ca9162b8b7 in tsc::Compiler::Compiler(tsc::CompilerOptions const&) /workspace/src/Compiler.cpp:24:5
    #11 0x55ca915fd7b5 in main /workspace/src/main.cpp:191:18
    #12 0x7ff5c395a337  (/lib/x86_64-linux-gnu/libc.so.6+0x2a337) (BuildId: 467f544f15035abef911999cbc14489edd0555ab)
    #13 0x7ff5c395a3fa in __libc_start_main (/lib/x86_64-linux-gnu/libc.so.6+0x2a3fa) (BuildId: 467f544f15035abef911999cbc14489edd0555ab)
    #14 0x55ca91511b64 in _start (/workspace/build-asan/tsc+0x74b64) (BuildId: 73a10d7cc646a755f705b0ae57418e68578aec2f)

Indirect leak of 88 byte(s) in 1 object(s) allocated from:
    #0 0x55ca915fa191 in operator new(unsigned long) (/workspace/build-asan/tsc+0x15d191) (BuildId: 73a10d7cc646a755f705b0ae57418e68578aec2f)
    #1 0x7ff5c59b7232  (/usr/lib/llvm-20/lib/libLLVM.so.20.1+0x1a9b232) (BuildId: b856c61f98abf0989f157f153740fe0fadfbb760)
    #2 0x7ff5c6f3998b  (/usr/lib/llvm-20/lib/libLLVM.so.20.1+0x301d98b) (BuildId: b856c61f98abf0989f157f153740fe0fadfbb760)
    #3 0x7ff5c6f398a6  (/usr/lib/llvm-20/lib/libLLVM.so.20.1+0x301d8a6) (BuildId: b856c61f98abf0989f157f153740fe0fadfbb760)
    #4 0x7ff5c843947b  (/usr/lib/llvm-20/lib/libLLVM.so.20.1+0x451d47b) (BuildId: b856c61f98abf0989f157f153740fe0fadfbb760)
    #5 0x7ff5c84564e6  (/usr/lib/llvm-20/lib/libLLVM.so.20.1+0x453a4e6) (BuildId: b856c61f98abf0989f157f153740fe0fadfbb760)
    #6 0x7ff5c8457105  (/usr/lib/llvm-20/lib/libLLVM.so.20.1+0x453b105) (BuildId: b856c61f98abf0989f157f153740fe0fadfbb760)
    #7 0x7ff5c8457a7a  (/usr/lib/llvm-20/lib/libLLVM.so.20.1+0x453ba7a) (BuildId: b856c61f98abf0989f157f153740fe0fadfbb760)
    #8 0x55ca91648523 in llvm::Target::createTargetMachine(llvm::StringRef, llvm::StringRef, llvm::StringRef, llvm::TargetOptions const&, std::optional<llvm::Reloc::Model>, std::optional<llvm::CodeModel::Model>, llvm::CodeGenOptLevel, bool) const /usr/lib/llvm-20/include/llvm/MC/TargetRegistry.h:462:12
    #9 0x55ca9163a09e in tsc::TargetRegistry::initializeAllTargets() /workspace/src/TargetRegistry.cpp:67:41
    #10 0x55ca9162bdcd in tsc::Compiler::initializeLLVM() /workspace/src/Compiler.cpp:349:14
    #11 0x55ca9162b8b7 in tsc::Compiler::Compiler(tsc::CompilerOptions const&) /workspace/src/Compiler.cpp:24:5
    #12 0x55ca915fd7b5 in main /workspace/src/main.cpp:191:18
    #13 0x7ff5c395a337  (/lib/x86_64-linux-gnu/libc.so.6+0x2a337) (BuildId: 467f544f15035abef911999cbc14489edd0555ab)
    #14 0x7ff5c395a3fa in __libc_start_main (/lib/x86_64-linux-gnu/libc.so.6+0x2a3fa) (BuildId: 467f544f15035abef911999cbc14489edd0555ab)
    #15 0x55ca91511b64 in _start (/workspace/build-asan/tsc+0x74b64) (BuildId: 73a10d7cc646a755f705b0ae57418e68578aec2f)

Indirect leak of 84 byte(s) in 2 object(s) allocated from:
    #0 0x55ca915fa191 in operator new(unsigned long) (/workspace/build-asan/tsc+0x15d191) (BuildId: 73a10d7cc646a755f705b0ae57418e68578aec2f)
    #1 0x7ff5c4ff3807 in llvm::DataLayout::parseLayoutString(llvm::StringRef) (/usr/lib/llvm-20/lib/libLLVM.so.20.1+0x10d7807) (BuildId: b856c61f98abf0989f157f153740fe0fadfbb760)
    #2 0x7ff5c4ff3744 in llvm::DataLayout::DataLayout(llvm::StringRef) (/usr/lib/llvm-20/lib/libLLVM.so.20.1+0x10d7744) (BuildId: b856c61f98abf0989f157f153740fe0fadfbb760)
    #3 0x7ff5c6ef490c in llvm::TargetMachine::TargetMachine(llvm::Target const&, llvm::StringRef, llvm::Triple const&, llvm::StringRef, llvm::StringRef, llvm::TargetOptions const&) (/usr/lib/llvm-20/lib/libLLVM.so.20.1+0x2fd890c) (BuildId: b856c61f98abf0989f157f153740fe0fadfbb760)
    #4 0x7ff5c52d0937 in llvm::CodeGenTargetMachineImpl::CodeGenTargetMachineImpl(llvm::Target const&, llvm::StringRef, llvm::Triple const&, llvm::StringRef, llvm::StringRef, llvm::TargetOptions const&, llvm::Reloc::Model, llvm::CodeModel::Model, llvm::CodeGenOptLevel) (/usr/lib/llvm-20/lib/libLLVM.so.20.1+0x13b4937) (BuildId: b856c61f98abf0989f157f153740fe0fadfbb760)
    #5 0x7ff5c7e269e3  (/usr/lib/llvm-20/lib/libLLVM.so.20.1+0x3f0a9e3) (BuildId: b856c61f98abf0989f157f153740fe0fadfbb760)
    #6 0x7ff5c7e295aa  (/usr/lib/llvm-20/lib/libLLVM.so.20.1+0x3f0d5aa) (BuildId: b856c61f98abf0989f157f153740fe0fadfbb760)
    #7 0x55ca91648523 in llvm::Target::createTargetMachine(llvm::StringRef, llvm::StringRef, llvm::StringRef, llvm::TargetOptions const&, std::optional<llvm::Reloc::Model>, std::optional<llvm::CodeModel::Model>, llvm::CodeGenOptLevel, bool) const /usr/lib/llvm-20/include/llvm/MC/TargetRegistry.h:462:12
    #8 0x55ca9163a09e in tsc::TargetRegistry::initializeAllTargets() /workspace/src/TargetRegistry.cpp:67:41
    #9 0x55ca9162bdcd in tsc::Compiler::initializeLLVM() /workspace/src/Compiler.cpp:349:14
    #10 0x55ca9162b8b7 in tsc::Compiler::Compiler(tsc::CompilerOptions const&) /workspace/src/Compiler.cpp:24:5
    #11 0x55ca915fd7b5 in main /workspace/src/main.cpp:191:18
    #12 0x7ff5c395a337  (/lib/x86_64-linux-gnu/libc.so.6+0x2a337) (BuildId: 467f544f15035abef911999cbc14489edd0555ab)
    #13 0x7ff5c395a3fa in __libc_start_main (/lib/x86_64-linux-gnu/libc.so.6+0x2a3fa) (BuildId: 467f544f15035abef911999cbc14489edd0555ab)
    #14 0x55ca91511b64 in _start (/workspace/build-asan/tsc+0x74b64) (BuildId: 73a10d7cc646a755f705b0ae57418e68578aec2f)

Indirect leak of 84 byte(s) in 2 object(s) allocated from:
    #0 0x55ca915fa191 in operator new(unsigned long) (/workspace/build-asan/tsc+0x15d191) (BuildId: 73a10d7cc646a755f705b0ae57418e68578aec2f)
    #1 0x7ff5c68010b4 in llvm::MCSubtargetInfo::InitMCProcessorInfo(llvm::StringRef, llvm::StringRef, llvm::StringRef) (/usr/lib/llvm-20/lib/libLLVM.so.20.1+0x28e50b4) (BuildId: b856c61f98abf0989f157f153740fe0fadfbb760)
    #2 0x7ff5c6801f36 in llvm::MCSubtargetInfo::MCSubtargetInfo(llvm::Triple const&, llvm::StringRef, llvm::StringRef, llvm::StringRef, llvm::ArrayRef<llvm::StringRef>, llvm::ArrayRef<llvm::SubtargetFeatureKV>, llvm::ArrayRef<llvm::SubtargetSubTypeKV>, llvm::MCWriteProcResEntry const*, llvm::MCWriteLatencyEntry const*, llvm::MCReadAdvanceEntry const*, llvm::InstrStage const*, unsigned int const*, unsigned int const*) (/usr/lib/llvm-20/lib/libLLVM.so.20.1+0x28e5f36) (BuildId: b856c61f98abf0989f157f153740fe0fadfbb760)
    #3 0x7ff5c83facbc  (/usr/lib/llvm-20/lib/libLLVM.so.20.1+0x44decbc) (BuildId: b856c61f98abf0989f157f153740fe0fadfbb760)
    #4 0x7ff5c52d0793 in llvm::CodeGenTargetMachineImpl::initAsmInfo() (/usr/lib/llvm-20/lib/libLLVM.so.20.1+0x13b4793) (BuildId: b856c61f98abf0989f157f153740fe0fadfbb760)
    #5 0x7ff5c837bf6d  (/usr/lib/llvm-20/lib/libLLVM.so.20.1+0x445ff6d) (BuildId: b856c61f98abf0989f157f153740fe0fadfbb760)
    #6 0x7ff5c837de4d  (/usr/lib/llvm-20/lib/libLLVM.so.20.1+0x4461e4d) (BuildId: b856c61f98abf0989f157f153740fe0fadfbb760)
    #7 0x55ca91648523 in llvm::Target::createTargetMachine(llvm::StringRef, llvm::StringRef, llvm::StringRef, llvm::TargetOptions const&, std::optional<llvm::Reloc::Model>, std::optional<llvm::CodeModel::Model>, llvm::CodeGenOptLevel, bool) const /usr/lib/llvm-20/include/llvm/MC/TargetRegistry.h:462:12
    #8 0x55ca9163a09e in tsc::TargetRegistry::initializeAllTargets() /workspace/src/TargetRegistry.cpp:67:41
    #9 0x55ca9162bdcd in tsc::Compiler::initializeLLVM() /workspace/src/Compiler.cpp:349:14
    #10 0x55ca9162b8b7 in tsc::Compiler::Compiler(tsc::CompilerOptions const&) /workspace/src/Compiler.cpp:24:5
    #11 0x55ca915fd7b5 in main /workspace/src/main.cpp:191:18
    #12 0x7ff5c395a337  (/lib/x86_64-linux-gnu/libc.so.6+0x2a337) (BuildId: 467f544f15035abef911999cbc14489edd0555ab)
    #13 0x7ff5c395a3fa in __libc_start_main (/lib/x86_64-linux-gnu/libc.so.6+0x2a3fa) (BuildId: 467f544f15035abef911999cbc14489edd0555ab)
    #14 0x55ca91511b64 in _start (/workspace/build-asan/tsc+0x74b64) (BuildId: 73a10d7cc646a755f705b0ae57418e68578aec2f)

Indirect leak of 84 byte(s) in 2 object(s) allocated from:
    #0 0x55ca915fa191 in operator new(unsigned long) (/workspace/build-asan/tsc+0x15d191) (BuildId: 73a10d7cc646a755f705b0ae57418e68578aec2f)
    #1 0x7ff5c4ff3807 in llvm::DataLayout::parseLayoutString(llvm::StringRef) (/usr/lib/llvm-20/lib/libLLVM.so.20.1+0x10d7807) (BuildId: b856c61f98abf0989f157f153740fe0fadfbb760)
    #2 0x7ff5c4ff3744 in llvm::DataLayout::DataLayout(llvm::StringRef) (/usr/lib/llvm-20/lib/libLLVM.so.20.1+0x10d7744) (BuildId: b856c61f98abf0989f157f153740fe0fadfbb760)
    #3 0x7ff5c6ef490c in llvm::TargetMachine::TargetMachine(llvm::Target const&, llvm::StringRef, llvm::Triple const&, llvm::StringRef, llvm::StringRef, llvm::TargetOptions const&) (/usr/lib/llvm-20/lib/libLLVM.so.20.1+0x2fd890c) (BuildId: b856c61f98abf0989f157f153740fe0fadfbb760)
    #4 0x7ff5c52d0937 in llvm::CodeGenTargetMachineImpl::CodeGenTargetMachineImpl(llvm::Target const&, llvm::StringRef, llvm::Triple const&, llvm::StringRef, llvm::StringRef, llvm::TargetOptions const&, llvm::Reloc::Model, llvm::CodeModel::Model, llvm::CodeGenOptLevel) (/usr/lib/llvm-20/lib/libLLVM.so.20.1+0x13b4937) (BuildId: b856c61f98abf0989f157f153740fe0fadfbb760)
    #5 0x7ff5c7aa690f  (/usr/lib/llvm-20/lib/libLLVM.so.20.1+0x3b8a90f) (BuildId: b856c61f98abf0989f157f153740fe0fadfbb760)
    #6 0x7ff5c7aa76ca  (/usr/lib/llvm-20/lib/libLLVM.so.20.1+0x3b8b6ca) (BuildId: b856c61f98abf0989f157f153740fe0fadfbb760)
    #7 0x55ca91648523 in llvm::Target::createTargetMachine(llvm::StringRef, llvm::StringRef, llvm::StringRef, llvm::TargetOptions const&, std::optional<llvm::Reloc::Model>, std::optional<llvm::CodeModel::Model>, llvm::CodeGenOptLevel, bool) const /usr/lib/llvm-20/include/llvm/MC/TargetRegistry.h:462:12
    #8 0x55ca9163a09e in tsc::TargetRegistry::initializeAllTargets() /workspace/src/TargetRegistry.cpp:67:41
    #9 0x55ca9162bdcd in tsc::Compiler::initializeLLVM() /workspace/src/Compiler.cpp:349:14
    #10 0x55ca9162b8b7 in tsc::Compiler::Compiler(tsc::CompilerOptions const&) /workspace/src/Compiler.cpp:24:5
    #11 0x55ca915fd7b5 in main /workspace/src/main.cpp:191:18
    #12 0x7ff5c395a337  (/lib/x86_64-linux-gnu/libc.so.6+0x2a337) (BuildId: 467f544f15035abef911999cbc14489edd0555ab)
    #13 0x7ff5c395a3fa in __libc_start_main (/lib/x86_64-linux-gnu/libc.so.6+0x2a3fa) (BuildId: 467f544f15035abef911999cbc14489edd0555ab)
    #14 0x55ca91511b64 in _start (/workspace/build-asan/tsc+0x74b64) (BuildId: 73a10d7cc646a755f705b0ae57418e68578aec2f)

Indirect leak of 80 byte(s) in 4 object(s) allocated from:
    #0 0x55ca915fa191 in operator new(unsigned long) (/workspace/build-asan/tsc+0x15d191) (BuildId: 73a10d7cc646a755f705b0ae57418e68578aec2f)
    #1 0x7ff5c6801cf4 in llvm::MCSubtargetInfo::MCSubtargetInfo(llvm::Triple const&, llvm::StringRef, llvm::StringRef, llvm::StringRef, llvm::ArrayRef<llvm::StringRef>, llvm::ArrayRef<llvm::SubtargetFeatureKV>, llvm::ArrayRef<llvm::SubtargetSubTypeKV>, llvm::MCWriteProcResEntry const*, llvm::MCWriteLatencyEntry const*, llvm::MCReadAdvanceEntry const*, llvm::InstrStage const*, unsigned int const*, unsigned int const*) (/usr/lib/llvm-20/lib/libLLVM.so.20.1+0x28e5cf4) (BuildId: b856c61f98abf0989f157f153740fe0fadfbb760)
    #2 0x7ff5c719b51f  (/usr/lib/llvm-20/lib/libLLVM.so.20.1+0x327f51f) (BuildId: b856c61f98abf0989f157f153740fe0fadfbb760)
    #3 0x7ff5c52d0793 in llvm::CodeGenTargetMachineImpl::initAsmInfo() (/usr/lib/llvm-20/lib/libLLVM.so.20.1+0x13b4793) (BuildId: b856c61f98abf0989f157f153740fe0fadfbb760)
    #4 0x7ff5c70ed3c9  (/usr/lib/llvm-20/lib/libLLVM.so.20.1+0x31d13c9) (BuildId: b856c61f98abf0989f157f153740fe0fadfbb760)
    #5 0x7ff5c70efd1c  (/usr/lib/llvm-20/lib/libLLVM.so.20.1+0x31d3d1c) (BuildId: b856c61f98abf0989f157f153740fe0fadfbb760)
    #6 0x55ca91648523 in llvm::Target::createTargetMachine(llvm::StringRef, llvm::StringRef, llvm::StringRef, llvm::TargetOptions const&, std::optional<llvm::Reloc::Model>, std::optional<llvm::CodeModel::Model>, llvm::CodeGenOptLevel, bool) const /usr/lib/llvm-20/include/llvm/MC/TargetRegistry.h:462:12
    #7 0x55ca9163a09e in tsc::TargetRegistry::initializeAllTargets() /workspace/src/TargetRegistry.cpp:67:41
    #8 0x55ca9162bdcd in tsc::Compiler::initializeLLVM() /workspace/src/Compiler.cpp:349:14
    #9 0x55ca9162b8b7 in tsc::Compiler::Compiler(tsc::CompilerOptions const&) /workspace/src/Compiler.cpp:24:5
    #10 0x55ca915fd7b5 in main /workspace/src/main.cpp:191:18
    #11 0x7ff5c395a337  (/lib/x86_64-linux-gnu/libc.so.6+0x2a337) (BuildId: 467f544f15035abef911999cbc14489edd0555ab)
    #12 0x7ff5c395a3fa in __libc_start_main (/lib/x86_64-linux-gnu/libc.so.6+0x2a3fa) (BuildId: 467f544f15035abef911999cbc14489edd0555ab)
    #13 0x55ca91511b64 in _start (/workspace/build-asan/tsc+0x74b64) (BuildId: 73a10d7cc646a755f705b0ae57418e68578aec2f)

Indirect leak of 80 byte(s) in 4 object(s) allocated from:
    #0 0x55ca915fa191 in operator new(unsigned long) (/workspace/build-asan/tsc+0x15d191) (BuildId: 73a10d7cc646a755f705b0ae57418e68578aec2f)
    #1 0x7ff5c6ef4944 in llvm::TargetMachine::TargetMachine(llvm::Target const&, llvm::StringRef, llvm::Triple const&, llvm::StringRef, llvm::StringRef, llvm::TargetOptions const&) (/usr/lib/llvm-20/lib/libLLVM.so.20.1+0x2fd8944) (BuildId: b856c61f98abf0989f157f153740fe0fadfbb760)
    #2 0x7ff5c52d0937 in llvm::CodeGenTargetMachineImpl::CodeGenTargetMachineImpl(llvm::Target const&, llvm::StringRef, llvm::Triple const&, llvm::StringRef, llvm::StringRef, llvm::TargetOptions const&, llvm::Reloc::Model, llvm::CodeModel::Model, llvm::CodeGenOptLevel) (/usr/lib/llvm-20/lib/libLLVM.so.20.1+0x13b4937) (BuildId: b856c61f98abf0989f157f153740fe0fadfbb760)
    #3 0x7ff5c70ed2b8  (/usr/lib/llvm-20/lib/libLLVM.so.20.1+0x31d12b8) (BuildId: b856c61f98abf0989f157f153740fe0fadfbb760)
    #4 0x7ff5c70efd1c  (/usr/lib/llvm-20/lib/libLLVM.so.20.1+0x31d3d1c) (BuildId: b856c61f98abf0989f157f153740fe0fadfbb760)
    #5 0x55ca91648523 in llvm::Target::createTargetMachine(llvm::StringRef, llvm::StringRef, llvm::StringRef, llvm::TargetOptions const&, std::optional<llvm::Reloc::Model>, std::optional<llvm::CodeModel::Model>, llvm::CodeGenOptLevel, bool) const /usr/lib/llvm-20/include/llvm/MC/TargetRegistry.h:462:12
    #6 0x55ca9163a09e in tsc::TargetRegistry::initializeAllTargets() /workspace/src/TargetRegistry.cpp:67:41
    #7 0x55ca9162bdcd in tsc::Compiler::initializeLLVM() /workspace/src/Compiler.cpp:349:14
    #8 0x55ca9162b8b7 in tsc::Compiler::Compiler(tsc::CompilerOptions const&) /workspace/src/Compiler.cpp:24:5
    #9 0x55ca915fd7b5 in main /workspace/src/main.cpp:191:18
    #10 0x7ff5c395a337  (/lib/x86_64-linux-gnu/libc.so.6+0x2a337) (BuildId: 467f544f15035abef911999cbc14489edd0555ab)
    #11 0x7ff5c395a3fa in __libc_start_main (/lib/x86_64-linux-gnu/libc.so.6+0x2a3fa) (BuildId: 467f544f15035abef911999cbc14489edd0555ab)
    #12 0x55ca91511b64 in _start (/workspace/build-asan/tsc+0x74b64) (BuildId: 73a10d7cc646a755f705b0ae57418e68578aec2f)

Indirect leak of 80 byte(s) in 4 object(s) allocated from:
    #0 0x55ca915fa191 in operator new(unsigned long) (/workspace/build-asan/tsc+0x15d191) (BuildId: 73a10d7cc646a755f705b0ae57418e68578aec2f)
    #1 0x7ff5c6801cf4 in llvm::MCSubtargetInfo::MCSubtargetInfo(llvm::Triple const&, llvm::StringRef, llvm::StringRef, llvm::StringRef, llvm::ArrayRef<llvm::StringRef>, llvm::ArrayRef<llvm::SubtargetFeatureKV>, llvm::ArrayRef<llvm::SubtargetSubTypeKV>, llvm::MCWriteProcResEntry const*, llvm::MCWriteLatencyEntry const*, llvm::MCReadAdvanceEntry const*, llvm::InstrStage const*, unsigned int const*, unsigned int const*) (/usr/lib/llvm-20/lib/libLLVM.so.20.1+0x28e5cf4) (BuildId: b856c61f98abf0989f157f153740fe0fadfbb760)
    #2 0x7ff5c7d4ce0a  (/usr/lib/llvm-20/lib/libLLVM.so.20.1+0x3e30e0a) (BuildId: b856c61f98abf0989f157f153740fe0fadfbb760)
    #3 0x7ff5c52d0793 in llvm::CodeGenTargetMachineImpl::initAsmInfo() (/usr/lib/llvm-20/lib/libLLVM.so.20.1+0x13b4793) (BuildId: b856c61f98abf0989f157f153740fe0fadfbb760)
    #4 0x7ff5c7d135ac  (/usr/lib/llvm-20/lib/libLLVM.so.20.1+0x3df75ac) (BuildId: b856c61f98abf0989f157f153740fe0fadfbb760)
    #5 0x7ff5c7d15bcd  (/usr/lib/llvm-20/lib/libLLVM.so.20.1+0x3df9bcd) (BuildId: b856c61f98abf0989f157f153740fe0fadfbb760)
    #6 0x55ca91648523 in llvm::Target::createTargetMachine(llvm::StringRef, llvm::StringRef, llvm::StringRef, llvm::TargetOptions const&, std::optional<llvm::Reloc::Model>, std::optional<llvm::CodeModel::Model>, llvm::CodeGenOptLevel, bool) const /usr/lib/llvm-20/include/llvm/MC/TargetRegistry.h:462:12
    #7 0x55ca9163a09e in tsc::TargetRegistry::initializeAllTargets() /workspace/src/TargetRegistry.cpp:67:41
    #8 0x55ca9162bdcd in tsc::Compiler::initializeLLVM() /workspace/src/Compiler.cpp:349:14
    #9 0x55ca9162b8b7 in tsc::Compiler::Compiler(tsc::CompilerOptions const&) /workspace/src/Compiler.cpp:24:5
    #10 0x55ca915fd7b5 in main /workspace/src/main.cpp:191:18
    #11 0x7ff5c395a337  (/lib/x86_64-linux-gnu/libc.so.6+0x2a337) (BuildId: 467f544f15035abef911999cbc14489edd0555ab)
    #12 0x7ff5c395a3fa in __libc_start_main (/lib/x86_64-linux-gnu/libc.so.6+0x2a3fa) (BuildId: 467f544f15035abef911999cbc14489edd0555ab)
    #13 0x55ca91511b64 in _start (/workspace/build-asan/tsc+0x74b64) (BuildId: 73a10d7cc646a755f705b0ae57418e68578aec2f)

Indirect leak of 80 byte(s) in 4 object(s) allocated from:
    #0 0x55ca915fa191 in operator new(unsigned long) (/workspace/build-asan/tsc+0x15d191) (BuildId: 73a10d7cc646a755f705b0ae57418e68578aec2f)
    #1 0x7ff5c6ef4944 in llvm::TargetMachine::TargetMachine(llvm::Target const&, llvm::StringRef, llvm::Triple const&, llvm::StringRef, llvm::StringRef, llvm::TargetOptions const&) (/usr/lib/llvm-20/lib/libLLVM.so.20.1+0x2fd8944) (BuildId: b856c61f98abf0989f157f153740fe0fadfbb760)
    #2 0x7ff5c52d0937 in llvm::CodeGenTargetMachineImpl::CodeGenTargetMachineImpl(llvm::Target const&, llvm::StringRef, llvm::Triple const&, llvm::StringRef, llvm::StringRef, llvm::TargetOptions const&, llvm::Reloc::Model, llvm::CodeModel::Model, llvm::CodeGenOptLevel) (/usr/lib/llvm-20/lib/libLLVM.so.20.1+0x13b4937) (BuildId: b856c61f98abf0989f157f153740fe0fadfbb760)
    #3 0x7ff5c7d133c7  (/usr/lib/llvm-20/lib/libLLVM.so.20.1+0x3df73c7) (BuildId: b856c61f98abf0989f157f153740fe0fadfbb760)
    #4 0x7ff5c7d15bcd  (/usr/lib/llvm-20/lib/libLLVM.so.20.1+0x3df9bcd) (BuildId: b856c61f98abf0989f157f153740fe0fadfbb760)
    #5 0x55ca91648523 in llvm::Target::createTargetMachine(llvm::StringRef, llvm::StringRef, llvm::StringRef, llvm::TargetOptions const&, std::optional<llvm::Reloc::Model>, std::optional<llvm::CodeModel::Model>, llvm::CodeGenOptLevel, bool) const /usr/lib/llvm-20/include/llvm/MC/TargetRegistry.h:462:12
    #6 0x55ca9163a09e in tsc::TargetRegistry::initializeAllTargets() /workspace/src/TargetRegistry.cpp:67:41
    #7 0x55ca9162bdcd in tsc::Compiler::initializeLLVM() /workspace/src/Compiler.cpp:349:14
    #8 0x55ca9162b8b7 in tsc::Compiler::Compiler(tsc::CompilerOptions const&) /workspace/src/Compiler.cpp:24:5
    #9 0x55ca915fd7b5 in main /workspace/src/main.cpp:191:18
    #10 0x7ff5c395a337  (/lib/x86_64-linux-gnu/libc.so.6+0x2a337) (BuildId: 467f544f15035abef911999cbc14489edd0555ab)
    #11 0x7ff5c395a3fa in __libc_start_main (/lib/x86_64-linux-gnu/libc.so.6+0x2a3fa) (BuildId: 467f544f15035abef911999cbc14489edd0555ab)
    #12 0x55ca91511b64 in _start (/workspace/build-asan/tsc+0x74b64) (BuildId: 73a10d7cc646a755f705b0ae57418e68578aec2f)

Indirect leak of 72 byte(s) in 1 object(s) allocated from:
    #0 0x55ca915b5858 in malloc (/workspace/build-asan/tsc+0x118858) (BuildId: 73a10d7cc646a755f705b0ae57418e68578aec2f)
    #1 0x7ff5c4ec87d6 in llvm::SmallVectorBase<unsigned int>::mallocForGrow(void*, unsigned long, unsigned long, unsigned long&) (/usr/lib/llvm-20/lib/libLLVM.so.20.1+0xfac7d6) (BuildId: b856c61f98abf0989f157f153740fe0fadfbb760)
    #2 0x7ff5c5a01e2c in llvm::SmallVectorTemplateBase<std::vector<std::pair<unsigned short, llvm::LegacyLegalizeActions::LegacyLegalizeAction>, std::allocator<std::pair<unsigned short, llvm::LegacyLegalizeActions::LegacyLegalizeAction>>>, false>::grow(unsigned long) (/usr/lib/llvm-20/lib/libLLVM.so.20.1+0x1ae5e2c) (BuildId: b856c61f98abf0989f157f153740fe0fadfbb760)
    #3 0x7ff5c5a01a32  (/usr/lib/llvm-20/lib/libLLVM.so.20.1+0x1ae5a32) (BuildId: b856c61f98abf0989f157f153740fe0fadfbb760)
    #4 0x7ff5c59fedcf in llvm::LegacyLegalizerInfo::LegacyLegalizerInfo() (/usr/lib/llvm-20/lib/libLLVM.so.20.1+0x1ae2dcf) (BuildId: b856c61f98abf0989f157f153740fe0fadfbb760)
    #5 0x7ff5c843916f  (/usr/lib/llvm-20/lib/libLLVM.so.20.1+0x451d16f) (BuildId: b856c61f98abf0989f157f153740fe0fadfbb760)
    #6 0x7ff5c84564e6  (/usr/lib/llvm-20/lib/libLLVM.so.20.1+0x453a4e6) (BuildId: b856c61f98abf0989f157f153740fe0fadfbb760)
    #7 0x7ff5c8457105  (/usr/lib/llvm-20/lib/libLLVM.so.20.1+0x453b105) (BuildId: b856c61f98abf0989f157f153740fe0fadfbb760)
    #8 0x7ff5c8457a7a  (/usr/lib/llvm-20/lib/libLLVM.so.20.1+0x453ba7a) (BuildId: b856c61f98abf0989f157f153740fe0fadfbb760)
    #9 0x55ca91648523 in llvm::Target::createTargetMachine(llvm::StringRef, llvm::StringRef, llvm::StringRef, llvm::TargetOptions const&, std::optional<llvm::Reloc::Model>, std::optional<llvm::CodeModel::Model>, llvm::CodeGenOptLevel, bool) const /usr/lib/llvm-20/include/llvm/MC/TargetRegistry.h:462:12
    #10 0x55ca9163a09e in tsc::TargetRegistry::initializeAllTargets() /workspace/src/TargetRegistry.cpp:67:41
    #11 0x55ca9162bdcd in tsc::Compiler::initializeLLVM() /workspace/src/Compiler.cpp:349:14
    #12 0x55ca9162b8b7 in tsc::Compiler::Compiler(tsc::CompilerOptions const&) /workspace/src/Compiler.cpp:24:5
    #13 0x55ca915fd7b5 in main /workspace/src/main.cpp:191:18
    #14 0x7ff5c395a337  (/lib/x86_64-linux-gnu/libc.so.6+0x2a337) (BuildId: 467f544f15035abef911999cbc14489edd0555ab)
    #15 0x7ff5c395a3fa in __libc_start_main (/lib/x86_64-linux-gnu/libc.so.6+0x2a3fa) (BuildId: 467f544f15035abef911999cbc14489edd0555ab)
    #16 0x55ca91511b64 in _start (/workspace/build-asan/tsc+0x74b64) (BuildId: 73a10d7cc646a755f705b0ae57418e68578aec2f)

Indirect leak of 72 byte(s) in 1 object(s) allocated from:
    #0 0x55ca915b5858 in malloc (/workspace/build-asan/tsc+0x118858) (BuildId: 73a10d7cc646a755f705b0ae57418e68578aec2f)
    #1 0x7ff5c4ec87d6 in llvm::SmallVectorBase<unsigned int>::mallocForGrow(void*, unsigned long, unsigned long, unsigned long&) (/usr/lib/llvm-20/lib/libLLVM.so.20.1+0xfac7d6) (BuildId: b856c61f98abf0989f157f153740fe0fadfbb760)
    #2 0x7ff5c5a01e2c in llvm::SmallVectorTemplateBase<std::vector<std::pair<unsigned short, llvm::LegacyLegalizeActions::LegacyLegalizeAction>, std::allocator<std::pair<unsigned short, llvm::LegacyLegalizeActions::LegacyLegalizeAction>>>, false>::grow(unsigned long) (/usr/lib/llvm-20/lib/libLLVM.so.20.1+0x1ae5e2c) (BuildId: b856c61f98abf0989f157f153740fe0fadfbb760)
    #3 0x7ff5c5a01a32  (/usr/lib/llvm-20/lib/libLLVM.so.20.1+0x1ae5a32) (BuildId: b856c61f98abf0989f157f153740fe0fadfbb760)
    #4 0x7ff5c59fed33 in llvm::LegacyLegalizerInfo::LegacyLegalizerInfo() (/usr/lib/llvm-20/lib/libLLVM.so.20.1+0x1ae2d33) (BuildId: b856c61f98abf0989f157f153740fe0fadfbb760)
    #5 0x7ff5c843916f  (/usr/lib/llvm-20/lib/libLLVM.so.20.1+0x451d16f) (BuildId: b856c61f98abf0989f157f153740fe0fadfbb760)
    #6 0x7ff5c84564e6  (/usr/lib/llvm-20/lib/libLLVM.so.20.1+0x453a4e6) (BuildId: b856c61f98abf0989f157f153740fe0fadfbb760)
    #7 0x7ff5c8457105  (/usr/lib/llvm-20/lib/libLLVM.so.20.1+0x453b105) (BuildId: b856c61f98abf0989f157f153740fe0fadfbb760)
    #8 0x7ff5c8457a7a  (/usr/lib/llvm-20/lib/libLLVM.so.20.1+0x453ba7a) (BuildId: b856c61f98abf0989f157f153740fe0fadfbb760)
    #9 0x55ca91648523 in llvm::Target::createTargetMachine(llvm::StringRef, llvm::StringRef, llvm::StringRef, llvm::TargetOptions const&, std::optional<llvm::Reloc::Model>, std::optional<llvm::CodeModel::Model>, llvm::CodeGenOptLevel, bool) const /usr/lib/llvm-20/include/llvm/MC/TargetRegistry.h:462:12
    #10 0x55ca9163a09e in tsc::TargetRegistry::initializeAllTargets() /workspace/src/TargetRegistry.cpp:67:41
    #11 0x55ca9162bdcd in tsc::Compiler::initializeLLVM() /workspace/src/Compiler.cpp:349:14
    #12 0x55ca9162b8b7 in tsc::Compiler::Compiler(tsc::CompilerOptions const&) /workspace/src/Compiler.cpp:24:5
    #13 0x55ca915fd7b5 in main /workspace/src/main.cpp:191:18
    #14 0x7ff5c395a337  (/lib/x86_64-linux-gnu/libc.so.6+0x2a337) (BuildId: 467f544f15035abef911999cbc14489edd0555ab)
    #15 0x7ff5c395a3fa in __libc_start_main (/lib/x86_64-linux-gnu/libc.so.6+0x2a3fa) (BuildId: 467f544f15035abef911999cbc14489edd0555ab)
    #16 0x55ca91511b64 in _start (/workspace/build-asan/tsc+0x74b64) (BuildId: 73a10d7cc646a755f705b0ae57418e68578aec2f)

Indirect leak of 72 byte(s) in 1 object(s) allocated from:
    #0 0x55ca915b5858 in malloc (/workspace/build-asan/tsc+0x118858) (BuildId: 73a10d7cc646a755f705b0ae57418e68578aec2f)
    #1 0x7ff5c4ec87d6 in llvm::SmallVectorBase<unsigned int>::mallocForGrow(void*, unsigned long, unsigned long, unsigned long&) (/usr/lib/llvm-20/lib/libLLVM.so.20.1+0xfac7d6) (BuildId: b856c61f98abf0989f157f153740fe0fadfbb760)
    #2 0x7ff5c5a01e2c in llvm::SmallVectorTemplateBase<std::vector<std::pair<unsigned short, llvm::LegacyLegalizeActions::LegacyLegalizeAction>, std::allocator<std::pair<unsigned short, llvm::LegacyLegalizeActions::LegacyLegalizeAction>>>, false>::grow(unsigned long) (/usr/lib/llvm-20/lib/libLLVM.so.20.1+0x1ae5e2c) (BuildId: b856c61f98abf0989f157f153740fe0fadfbb760)
    #3 0x7ff5c5a01a32  (/usr/lib/llvm-20/lib/libLLVM.so.20.1+0x1ae5a32) (BuildId: b856c61f98abf0989f157f153740fe0fadfbb760)
    #4 0x7ff5c59fece3 in llvm::LegacyLegalizerInfo::LegacyLegalizerInfo() (/usr/lib/llvm-20/lib/libLLVM.so.20.1+0x1ae2ce3) (BuildId: b856c61f98abf0989f157f153740fe0fadfbb760)
    #5 0x7ff5c843916f  (/usr/lib/llvm-20/lib/libLLVM.so.20.1+0x451d16f) (BuildId: b856c61f98abf0989f157f153740fe0fadfbb760)
    #6 0x7ff5c84564e6  (/usr/lib/llvm-20/lib/libLLVM.so.20.1+0x453a4e6) (BuildId: b856c61f98abf0989f157f153740fe0fadfbb760)
    #7 0x7ff5c8457105  (/usr/lib/llvm-20/lib/libLLVM.so.20.1+0x453b105) (BuildId: b856c61f98abf0989f157f153740fe0fadfbb760)
    #8 0x7ff5c8457a7a  (/usr/lib/llvm-20/lib/libLLVM.so.20.1+0x453ba7a) (BuildId: b856c61f98abf0989f157f153740fe0fadfbb760)
    #9 0x55ca91648523 in llvm::Target::createTargetMachine(llvm::StringRef, llvm::StringRef, llvm::StringRef, llvm::TargetOptions const&, std::optional<llvm::Reloc::Model>, std::optional<llvm::CodeModel::Model>, llvm::CodeGenOptLevel, bool) const /usr/lib/llvm-20/include/llvm/MC/TargetRegistry.h:462:12
    #10 0x55ca9163a09e in tsc::TargetRegistry::initializeAllTargets() /workspace/src/TargetRegistry.cpp:67:41
    #11 0x55ca9162bdcd in tsc::Compiler::initializeLLVM() /workspace/src/Compiler.cpp:349:14
    #12 0x55ca9162b8b7 in tsc::Compiler::Compiler(tsc::CompilerOptions const&) /workspace/src/Compiler.cpp:24:5
    #13 0x55ca915fd7b5 in main /workspace/src/main.cpp:191:18
    #14 0x7ff5c395a337  (/lib/x86_64-linux-gnu/libc.so.6+0x2a337) (BuildId: 467f544f15035abef911999cbc14489edd0555ab)
    #15 0x7ff5c395a3fa in __libc_start_main (/lib/x86_64-linux-gnu/libc.so.6+0x2a3fa) (BuildId: 467f544f15035abef911999cbc14489edd0555ab)
    #16 0x55ca91511b64 in _start (/workspace/build-asan/tsc+0x74b64) (BuildId: 73a10d7cc646a755f705b0ae57418e68578aec2f)

Indirect leak of 72 byte(s) in 1 object(s) allocated from:
    #0 0x55ca915b5858 in malloc (/workspace/build-asan/tsc+0x118858) (BuildId: 73a10d7cc646a755f705b0ae57418e68578aec2f)
    #1 0x7ff5c4ec87d6 in llvm::SmallVectorBase<unsigned int>::mallocForGrow(void*, unsigned long, unsigned long, unsigned long&) (/usr/lib/llvm-20/lib/libLLVM.so.20.1+0xfac7d6) (BuildId: b856c61f98abf0989f157f153740fe0fadfbb760)
    #2 0x7ff5c5a01e2c in llvm::SmallVectorTemplateBase<std::vector<std::pair<unsigned short, llvm::LegacyLegalizeActions::LegacyLegalizeAction>, std::allocator<std::pair<unsigned short, llvm::LegacyLegalizeActions::LegacyLegalizeAction>>>, false>::grow(unsigned long) (/usr/lib/llvm-20/lib/libLLVM.so.20.1+0x1ae5e2c) (BuildId: b856c61f98abf0989f157f153740fe0fadfbb760)
    #3 0x7ff5c5a01a32  (/usr/lib/llvm-20/lib/libLLVM.so.20.1+0x1ae5a32) (BuildId: b856c61f98abf0989f157f153740fe0fadfbb760)
    #4 0x7ff5c59fec93 in llvm::LegacyLegalizerInfo::LegacyLegalizerInfo() (/usr/lib/llvm-20/lib/libLLVM.so.20.1+0x1ae2c93) (BuildId: b856c61f98abf0989f157f153740fe0fadfbb760)
    #5 0x7ff5c843916f  (/usr/lib/llvm-20/lib/libLLVM.so.20.1+0x451d16f) (BuildId: b856c61f98abf0989f157f153740fe0fadfbb760)
    #6 0x7ff5c84564e6  (/usr/lib/llvm-20/lib/libLLVM.so.20.1+0x453a4e6) (BuildId: b856c61f98abf0989f157f153740fe0fadfbb760)
    #7 0x7ff5c8457105  (/usr/lib/llvm-20/lib/libLLVM.so.20.1+0x453b105) (BuildId: b856c61f98abf0989f157f153740fe0fadfbb760)
    #8 0x7ff5c8457a7a  (/usr/lib/llvm-20/lib/libLLVM.so.20.1+0x453ba7a) (BuildId: b856c61f98abf0989f157f153740fe0fadfbb760)
    #9 0x55ca91648523 in llvm::Target::createTargetMachine(llvm::StringRef, llvm::StringRef, llvm::StringRef, llvm::TargetOptions const&, std::optional<llvm::Reloc::Model>, std::optional<llvm::CodeModel::Model>, llvm::CodeGenOptLevel, bool) const /usr/lib/llvm-20/include/llvm/MC/TargetRegistry.h:462:12
    #10 0x55ca9163a09e in tsc::TargetRegistry::initializeAllTargets() /workspace/src/TargetRegistry.cpp:67:41
    #11 0x55ca9162bdcd in tsc::Compiler::initializeLLVM() /workspace/src/Compiler.cpp:349:14
    #12 0x55ca9162b8b7 in tsc::Compiler::Compiler(tsc::CompilerOptions const&) /workspace/src/Compiler.cpp:24:5
    #13 0x55ca915fd7b5 in main /workspace/src/main.cpp:191:18
    #14 0x7ff5c395a337  (/lib/x86_64-linux-gnu/libc.so.6+0x2a337) (BuildId: 467f544f15035abef911999cbc14489edd0555ab)
    #15 0x7ff5c395a3fa in __libc_start_main (/lib/x86_64-linux-gnu/libc.so.6+0x2a3fa) (BuildId: 467f544f15035abef911999cbc14489edd0555ab)
    #16 0x55ca91511b64 in _start (/workspace/build-asan/tsc+0x74b64) (BuildId: 73a10d7cc646a755f705b0ae57418e68578aec2f)

Indirect leak of 65 byte(s) in 1 object(s) allocated from:
    #0 0x55ca915fa191 in operator new(unsigned long) (/workspace/build-asan/tsc+0x15d191) (BuildId: 73a10d7cc646a755f705b0ae57418e68578aec2f)
    #1 0x7ff5c4ff3807 in llvm::DataLayout::parseLayoutString(llvm::StringRef) (/usr/lib/llvm-20/lib/libLLVM.so.20.1+0x10d7807) (BuildId: b856c61f98abf0989f157f153740fe0fadfbb760)
    #2 0x7ff5c4ff3744 in llvm::DataLayout::DataLayout(llvm::StringRef) (/usr/lib/llvm-20/lib/libLLVM.so.20.1+0x10d7744) (BuildId: b856c61f98abf0989f157f153740fe0fadfbb760)
    #3 0x7ff5c6ef490c in llvm::TargetMachine::TargetMachine(llvm::Target const&, llvm::StringRef, llvm::Triple const&, llvm::StringRef, llvm::StringRef, llvm::TargetOptions const&) (/usr/lib/llvm-20/lib/libLLVM.so.20.1+0x2fd890c) (BuildId: b856c61f98abf0989f157f153740fe0fadfbb760)
    #4 0x7ff5c52d0937 in llvm::CodeGenTargetMachineImpl::CodeGenTargetMachineImpl(llvm::Target const&, llvm::StringRef, llvm::Triple const&, llvm::StringRef, llvm::StringRef, llvm::TargetOptions const&, llvm::Reloc::Model, llvm::CodeModel::Model, llvm::CodeGenOptLevel) (/usr/lib/llvm-20/lib/libLLVM.so.20.1+0x13b4937) (BuildId: b856c61f98abf0989f157f153740fe0fadfbb760)
    #5 0x7ff5c841c936  (/usr/lib/llvm-20/lib/libLLVM.so.20.1+0x4500936) (BuildId: b856c61f98abf0989f157f153740fe0fadfbb760)
    #6 0x7ff5c841d0da  (/usr/lib/llvm-20/lib/libLLVM.so.20.1+0x45010da) (BuildId: b856c61f98abf0989f157f153740fe0fadfbb760)
    #7 0x55ca91648523 in llvm::Target::createTargetMachine(llvm::StringRef, llvm::StringRef, llvm::StringRef, llvm::TargetOptions const&, std::optional<llvm::Reloc::Model>, std::optional<llvm::CodeModel::Model>, llvm::CodeGenOptLevel, bool) const /usr/lib/llvm-20/include/llvm/MC/TargetRegistry.h:462:12
    #8 0x55ca9163a09e in tsc::TargetRegistry::initializeAllTargets() /workspace/src/TargetRegistry.cpp:67:41
    #9 0x55ca9162bdcd in tsc::Compiler::initializeLLVM() /workspace/src/Compiler.cpp:349:14
    #10 0x55ca9162b8b7 in tsc::Compiler::Compiler(tsc::CompilerOptions const&) /workspace/src/Compiler.cpp:24:5
    #11 0x55ca915fd7b5 in main /workspace/src/main.cpp:191:18
    #12 0x7ff5c395a337  (/lib/x86_64-linux-gnu/libc.so.6+0x2a337) (BuildId: 467f544f15035abef911999cbc14489edd0555ab)
    #13 0x7ff5c395a3fa in __libc_start_main (/lib/x86_64-linux-gnu/libc.so.6+0x2a3fa) (BuildId: 467f544f15035abef911999cbc14489edd0555ab)
    #14 0x55ca91511b64 in _start (/workspace/build-asan/tsc+0x74b64) (BuildId: 73a10d7cc646a755f705b0ae57418e68578aec2f)

Indirect leak of 64 byte(s) in 2 object(s) allocated from:
    #0 0x55ca915fa191 in operator new(unsigned long) (/workspace/build-asan/tsc+0x15d191) (BuildId: 73a10d7cc646a755f705b0ae57418e68578aec2f)
    #1 0x7ff5c7acaec6  (/usr/lib/llvm-20/lib/libLLVM.so.20.1+0x3baeec6) (BuildId: b856c61f98abf0989f157f153740fe0fadfbb760)
    #2 0x7ff5c7b5ff46  (/usr/lib/llvm-20/lib/libLLVM.so.20.1+0x3c43f46) (BuildId: b856c61f98abf0989f157f153740fe0fadfbb760)
    #3 0x7ff5c7b61a19  (/usr/lib/llvm-20/lib/libLLVM.so.20.1+0x3c45a19) (BuildId: b856c61f98abf0989f157f153740fe0fadfbb760)
    #4 0x7ff5c7b62a6c  (/usr/lib/llvm-20/lib/libLLVM.so.20.1+0x3c46a6c) (BuildId: b856c61f98abf0989f157f153740fe0fadfbb760)
    #5 0x55ca91648523 in llvm::Target::createTargetMachine(llvm::StringRef, llvm::StringRef, llvm::StringRef, llvm::TargetOptions const&, std::optional<llvm::Reloc::Model>, std::optional<llvm::CodeModel::Model>, llvm::CodeGenOptLevel, bool) const /usr/lib/llvm-20/include/llvm/MC/TargetRegistry.h:462:12
    #6 0x55ca9163a09e in tsc::TargetRegistry::initializeAllTargets() /workspace/src/TargetRegistry.cpp:67:41
    #7 0x55ca9162bdcd in tsc::Compiler::initializeLLVM() /workspace/src/Compiler.cpp:349:14
    #8 0x55ca9162b8b7 in tsc::Compiler::Compiler(tsc::CompilerOptions const&) /workspace/src/Compiler.cpp:24:5
    #9 0x55ca915fd7b5 in main /workspace/src/main.cpp:191:18
    #10 0x7ff5c395a337  (/lib/x86_64-linux-gnu/libc.so.6+0x2a337) (BuildId: 467f544f15035abef911999cbc14489edd0555ab)
    #11 0x7ff5c395a3fa in __libc_start_main (/lib/x86_64-linux-gnu/libc.so.6+0x2a3fa) (BuildId: 467f544f15035abef911999cbc14489edd0555ab)
    #12 0x55ca91511b64 in _start (/workspace/build-asan/tsc+0x74b64) (BuildId: 73a10d7cc646a755f705b0ae57418e68578aec2f)

Indirect leak of 64 byte(s) in 2 object(s) allocated from:
    #0 0x55ca915fa191 in operator new(unsigned long) (/workspace/build-asan/tsc+0x15d191) (BuildId: 73a10d7cc646a755f705b0ae57418e68578aec2f)
    #1 0x7ff5c7b42d66  (/usr/lib/llvm-20/lib/libLLVM.so.20.1+0x3c26d66) (BuildId: b856c61f98abf0989f157f153740fe0fadfbb760)
    #2 0x7ff5c7b5ff46  (/usr/lib/llvm-20/lib/libLLVM.so.20.1+0x3c43f46) (BuildId: b856c61f98abf0989f157f153740fe0fadfbb760)
    #3 0x7ff5c7b6188a  (/usr/lib/llvm-20/lib/libLLVM.so.20.1+0x3c4588a) (BuildId: b856c61f98abf0989f157f153740fe0fadfbb760)
    #4 0x7ff5c7b62a6c  (/usr/lib/llvm-20/lib/libLLVM.so.20.1+0x3c46a6c) (BuildId: b856c61f98abf0989f157f153740fe0fadfbb760)
    #5 0x55ca91648523 in llvm::Target::createTargetMachine(llvm::StringRef, llvm::StringRef, llvm::StringRef, llvm::TargetOptions const&, std::optional<llvm::Reloc::Model>, std::optional<llvm::CodeModel::Model>, llvm::CodeGenOptLevel, bool) const /usr/lib/llvm-20/include/llvm/MC/TargetRegistry.h:462:12
    #6 0x55ca9163a09e in tsc::TargetRegistry::initializeAllTargets() /workspace/src/TargetRegistry.cpp:67:41
    #7 0x55ca9162bdcd in tsc::Compiler::initializeLLVM() /workspace/src/Compiler.cpp:349:14
    #8 0x55ca9162b8b7 in tsc::Compiler::Compiler(tsc::CompilerOptions const&) /workspace/src/Compiler.cpp:24:5
    #9 0x55ca915fd7b5 in main /workspace/src/main.cpp:191:18
    #10 0x7ff5c395a337  (/lib/x86_64-linux-gnu/libc.so.6+0x2a337) (BuildId: 467f544f15035abef911999cbc14489edd0555ab)
    #11 0x7ff5c395a3fa in __libc_start_main (/lib/x86_64-linux-gnu/libc.so.6+0x2a3fa) (BuildId: 467f544f15035abef911999cbc14489edd0555ab)
    #12 0x55ca91511b64 in _start (/workspace/build-asan/tsc+0x74b64) (BuildId: 73a10d7cc646a755f705b0ae57418e68578aec2f)

Indirect leak of 64 byte(s) in 2 object(s) allocated from:
    #0 0x55ca915fa191 in operator new(unsigned long) (/workspace/build-asan/tsc+0x15d191) (BuildId: 73a10d7cc646a755f705b0ae57418e68578aec2f)
    #1 0x7ff5c7b42d66  (/usr/lib/llvm-20/lib/libLLVM.so.20.1+0x3c26d66) (BuildId: b856c61f98abf0989f157f153740fe0fadfbb760)
    #2 0x7ff5c7b5ff46  (/usr/lib/llvm-20/lib/libLLVM.so.20.1+0x3c43f46) (BuildId: b856c61f98abf0989f157f153740fe0fadfbb760)
    #3 0x7ff5c7b61710  (/usr/lib/llvm-20/lib/libLLVM.so.20.1+0x3c45710) (BuildId: b856c61f98abf0989f157f153740fe0fadfbb760)
    #4 0x7ff5c7b62a6c  (/usr/lib/llvm-20/lib/libLLVM.so.20.1+0x3c46a6c) (BuildId: b856c61f98abf0989f157f153740fe0fadfbb760)
    #5 0x55ca91648523 in llvm::Target::createTargetMachine(llvm::StringRef, llvm::StringRef, llvm::StringRef, llvm::TargetOptions const&, std::optional<llvm::Reloc::Model>, std::optional<llvm::CodeModel::Model>, llvm::CodeGenOptLevel, bool) const /usr/lib/llvm-20/include/llvm/MC/TargetRegistry.h:462:12
    #6 0x55ca9163a09e in tsc::TargetRegistry::initializeAllTargets() /workspace/src/TargetRegistry.cpp:67:41
    #7 0x55ca9162bdcd in tsc::Compiler::initializeLLVM() /workspace/src/Compiler.cpp:349:14
    #8 0x55ca9162b8b7 in tsc::Compiler::Compiler(tsc::CompilerOptions const&) /workspace/src/Compiler.cpp:24:5
    #9 0x55ca915fd7b5 in main /workspace/src/main.cpp:191:18
    #10 0x7ff5c395a337  (/lib/x86_64-linux-gnu/libc.so.6+0x2a337) (BuildId: 467f544f15035abef911999cbc14489edd0555ab)
    #11 0x7ff5c395a3fa in __libc_start_main (/lib/x86_64-linux-gnu/libc.so.6+0x2a3fa) (BuildId: 467f544f15035abef911999cbc14489edd0555ab)
    #12 0x55ca91511b64 in _start (/workspace/build-asan/tsc+0x74b64) (BuildId: 73a10d7cc646a755f705b0ae57418e68578aec2f)

Indirect leak of 64 byte(s) in 2 object(s) allocated from:
    #0 0x55ca915fa191 in operator new(unsigned long) (/workspace/build-asan/tsc+0x15d191) (BuildId: 73a10d7cc646a755f705b0ae57418e68578aec2f)
    #1 0x7ff5c7acaec6  (/usr/lib/llvm-20/lib/libLLVM.so.20.1+0x3baeec6) (BuildId: b856c61f98abf0989f157f153740fe0fadfbb760)
    #2 0x7ff5c7b5ff46  (/usr/lib/llvm-20/lib/libLLVM.so.20.1+0x3c43f46) (BuildId: b856c61f98abf0989f157f153740fe0fadfbb760)
    #3 0x7ff5c7b61a19  (/usr/lib/llvm-20/lib/libLLVM.so.20.1+0x3c45a19) (BuildId: b856c61f98abf0989f157f153740fe0fadfbb760)
    #4 0x7ff5c7b62b2c  (/usr/lib/llvm-20/lib/libLLVM.so.20.1+0x3c46b2c) (BuildId: b856c61f98abf0989f157f153740fe0fadfbb760)
    #5 0x55ca91648523 in llvm::Target::createTargetMachine(llvm::StringRef, llvm::StringRef, llvm::StringRef, llvm::TargetOptions const&, std::optional<llvm::Reloc::Model>, std::optional<llvm::CodeModel::Model>, llvm::CodeGenOptLevel, bool) const /usr/lib/llvm-20/include/llvm/MC/TargetRegistry.h:462:12
    #6 0x55ca9163a09e in tsc::TargetRegistry::initializeAllTargets() /workspace/src/TargetRegistry.cpp:67:41
    #7 0x55ca9162bdcd in tsc::Compiler::initializeLLVM() /workspace/src/Compiler.cpp:349:14
    #8 0x55ca9162b8b7 in tsc::Compiler::Compiler(tsc::CompilerOptions const&) /workspace/src/Compiler.cpp:24:5
    #9 0x55ca915fd7b5 in main /workspace/src/main.cpp:191:18
    #10 0x7ff5c395a337  (/lib/x86_64-linux-gnu/libc.so.6+0x2a337) (BuildId: 467f544f15035abef911999cbc14489edd0555ab)
    #11 0x7ff5c395a3fa in __libc_start_main (/lib/x86_64-linux-gnu/libc.so.6+0x2a3fa) (BuildId: 467f544f15035abef911999cbc14489edd0555ab)
    #12 0x55ca91511b64 in _start (/workspace/build-asan/tsc+0x74b64) (BuildId: 73a10d7cc646a755f705b0ae57418e68578aec2f)

Indirect leak of 64 byte(s) in 2 object(s) allocated from:
    #0 0x55ca915fa191 in operator new(unsigned long) (/workspace/build-asan/tsc+0x15d191) (BuildId: 73a10d7cc646a755f705b0ae57418e68578aec2f)
    #1 0x7ff5c7b42d66  (/usr/lib/llvm-20/lib/libLLVM.so.20.1+0x3c26d66) (BuildId: b856c61f98abf0989f157f153740fe0fadfbb760)
    #2 0x7ff5c7b5ff46  (/usr/lib/llvm-20/lib/libLLVM.so.20.1+0x3c43f46) (BuildId: b856c61f98abf0989f157f153740fe0fadfbb760)
    #3 0x7ff5c7b6188a  (/usr/lib/llvm-20/lib/libLLVM.so.20.1+0x3c4588a) (BuildId: b856c61f98abf0989f157f153740fe0fadfbb760)
    #4 0x7ff5c7b62b2c  (/usr/lib/llvm-20/lib/libLLVM.so.20.1+0x3c46b2c) (BuildId: b856c61f98abf0989f157f153740fe0fadfbb760)
    #5 0x55ca91648523 in llvm::Target::createTargetMachine(llvm::StringRef, llvm::StringRef, llvm::StringRef, llvm::TargetOptions const&, std::optional<llvm::Reloc::Model>, std::optional<llvm::CodeModel::Model>, llvm::CodeGenOptLevel, bool) const /usr/lib/llvm-20/include/llvm/MC/TargetRegistry.h:462:12
    #6 0x55ca9163a09e in tsc::TargetRegistry::initializeAllTargets() /workspace/src/TargetRegistry.cpp:67:41
    #7 0x55ca9162bdcd in tsc::Compiler::initializeLLVM() /workspace/src/Compiler.cpp:349:14
    #8 0x55ca9162b8b7 in tsc::Compiler::Compiler(tsc::CompilerOptions const&) /workspace/src/Compiler.cpp:24:5
    #9 0x55ca915fd7b5 in main /workspace/src/main.cpp:191:18
    #10 0x7ff5c395a337  (/lib/x86_64-linux-gnu/libc.so.6+0x2a337) (BuildId: 467f544f15035abef911999cbc14489edd0555ab)
    #11 0x7ff5c395a3fa in __libc_start_main (/lib/x86_64-linux-gnu/libc.so.6+0x2a3fa) (BuildId: 467f544f15035abef911999cbc14489edd0555ab)
    #12 0x55ca91511b64 in _start (/workspace/build-asan/tsc+0x74b64) (BuildId: 73a10d7cc646a755f705b0ae57418e68578aec2f)

Indirect leak of 64 byte(s) in 2 object(s) allocated from:
    #0 0x55ca915fa191 in operator new(unsigned long) (/workspace/build-asan/tsc+0x15d191) (BuildId: 73a10d7cc646a755f705b0ae57418e68578aec2f)
    #1 0x7ff5c7b42d66  (/usr/lib/llvm-20/lib/libLLVM.so.20.1+0x3c26d66) (BuildId: b856c61f98abf0989f157f153740fe0fadfbb760)
    #2 0x7ff5c7b5ff46  (/usr/lib/llvm-20/lib/libLLVM.so.20.1+0x3c43f46) (BuildId: b856c61f98abf0989f157f153740fe0fadfbb760)
    #3 0x7ff5c7b61710  (/usr/lib/llvm-20/lib/libLLVM.so.20.1+0x3c45710) (BuildId: b856c61f98abf0989f157f153740fe0fadfbb760)
    #4 0x7ff5c7b62b2c  (/usr/lib/llvm-20/lib/libLLVM.so.20.1+0x3c46b2c) (BuildId: b856c61f98abf0989f157f153740fe0fadfbb760)
    #5 0x55ca91648523 in llvm::Target::createTargetMachine(llvm::StringRef, llvm::StringRef, llvm::StringRef, llvm::TargetOptions const&, std::optional<llvm::Reloc::Model>, std::optional<llvm::CodeModel::Model>, llvm::CodeGenOptLevel, bool) const /usr/lib/llvm-20/include/llvm/MC/TargetRegistry.h:462:12
    #6 0x55ca9163a09e in tsc::TargetRegistry::initializeAllTargets() /workspace/src/TargetRegistry.cpp:67:41
    #7 0x55ca9162bdcd in tsc::Compiler::initializeLLVM() /workspace/src/Compiler.cpp:349:14
    #8 0x55ca9162b8b7 in tsc::Compiler::Compiler(tsc::CompilerOptions const&) /workspace/src/Compiler.cpp:24:5
    #9 0x55ca915fd7b5 in main /workspace/src/main.cpp:191:18
    #10 0x7ff5c395a337  (/lib/x86_64-linux-gnu/libc.so.6+0x2a337) (BuildId: 467f544f15035abef911999cbc14489edd0555ab)
    #11 0x7ff5c395a3fa in __libc_start_main (/lib/x86_64-linux-gnu/libc.so.6+0x2a3fa) (BuildId: 467f544f15035abef911999cbc14489edd0555ab)
    #12 0x55ca91511b64 in _start (/workspace/build-asan/tsc+0x74b64) (BuildId: 73a10d7cc646a755f705b0ae57418e68578aec2f)

Indirect leak of 64 byte(s) in 1 object(s) allocated from:
    #0 0x55ca915fa191 in operator new(unsigned long) (/workspace/build-asan/tsc+0x15d191) (BuildId: 73a10d7cc646a755f705b0ae57418e68578aec2f)
    #1 0x7ff5c4ff3807 in llvm::DataLayout::parseLayoutString(llvm::StringRef) (/usr/lib/llvm-20/lib/libLLVM.so.20.1+0x10d7807) (BuildId: b856c61f98abf0989f157f153740fe0fadfbb760)
    #2 0x7ff5c4ff3744 in llvm::DataLayout::DataLayout(llvm::StringRef) (/usr/lib/llvm-20/lib/libLLVM.so.20.1+0x10d7744) (BuildId: b856c61f98abf0989f157f153740fe0fadfbb760)
    #3 0x7ff5c6ef490c in llvm::TargetMachine::TargetMachine(llvm::Target const&, llvm::StringRef, llvm::Triple const&, llvm::StringRef, llvm::StringRef, llvm::TargetOptions const&) (/usr/lib/llvm-20/lib/libLLVM.so.20.1+0x2fd890c) (BuildId: b856c61f98abf0989f157f153740fe0fadfbb760)
    #4 0x7ff5c52d0937 in llvm::CodeGenTargetMachineImpl::CodeGenTargetMachineImpl(llvm::Target const&, llvm::StringRef, llvm::Triple const&, llvm::StringRef, llvm::StringRef, llvm::TargetOptions const&, llvm::Reloc::Model, llvm::CodeModel::Model, llvm::CodeGenOptLevel) (/usr/lib/llvm-20/lib/libLLVM.so.20.1+0x13b4937) (BuildId: b856c61f98abf0989f157f153740fe0fadfbb760)
    #5 0x7ff5c8457086  (/usr/lib/llvm-20/lib/libLLVM.so.20.1+0x453b086) (BuildId: b856c61f98abf0989f157f153740fe0fadfbb760)
    #6 0x7ff5c8457a7a  (/usr/lib/llvm-20/lib/libLLVM.so.20.1+0x453ba7a) (BuildId: b856c61f98abf0989f157f153740fe0fadfbb760)
    #7 0x55ca91648523 in llvm::Target::createTargetMachine(llvm::StringRef, llvm::StringRef, llvm::StringRef, llvm::TargetOptions const&, std::optional<llvm::Reloc::Model>, std::optional<llvm::CodeModel::Model>, llvm::CodeGenOptLevel, bool) const /usr/lib/llvm-20/include/llvm/MC/TargetRegistry.h:462:12
    #8 0x55ca9163a09e in tsc::TargetRegistry::initializeAllTargets() /workspace/src/TargetRegistry.cpp:67:41
    #9 0x55ca9162bdcd in tsc::Compiler::initializeLLVM() /workspace/src/Compiler.cpp:349:14
    #10 0x55ca9162b8b7 in tsc::Compiler::Compiler(tsc::CompilerOptions const&) /workspace/src/Compiler.cpp:24:5
    #11 0x55ca915fd7b5 in main /workspace/src/main.cpp:191:18
    #12 0x7ff5c395a337  (/lib/x86_64-linux-gnu/libc.so.6+0x2a337) (BuildId: 467f544f15035abef911999cbc14489edd0555ab)
    #13 0x7ff5c395a3fa in __libc_start_main (/lib/x86_64-linux-gnu/libc.so.6+0x2a3fa) (BuildId: 467f544f15035abef911999cbc14489edd0555ab)
    #14 0x55ca91511b64 in _start (/workspace/build-asan/tsc+0x74b64) (BuildId: 73a10d7cc646a755f705b0ae57418e68578aec2f)

Indirect leak of 60 byte(s) in 3 object(s) allocated from:
    #0 0x55ca915fa191 in operator new(unsigned long) (/workspace/build-asan/tsc+0x15d191) (BuildId: 73a10d7cc646a755f705b0ae57418e68578aec2f)
    #1 0x7ff5c6ef4944 in llvm::TargetMachine::TargetMachine(llvm::Target const&, llvm::StringRef, llvm::Triple const&, llvm::StringRef, llvm::StringRef, llvm::TargetOptions const&) (/usr/lib/llvm-20/lib/libLLVM.so.20.1+0x2fd8944) (BuildId: b856c61f98abf0989f157f153740fe0fadfbb760)
    #2 0x7ff5c52d0937 in llvm::CodeGenTargetMachineImpl::CodeGenTargetMachineImpl(llvm::Target const&, llvm::StringRef, llvm::Triple const&, llvm::StringRef, llvm::StringRef, llvm::TargetOptions const&, llvm::Reloc::Model, llvm::CodeModel::Model, llvm::CodeGenOptLevel) (/usr/lib/llvm-20/lib/libLLVM.so.20.1+0x13b4937) (BuildId: b856c61f98abf0989f157f153740fe0fadfbb760)
    #3 0x7ff5c7f83aea  (/usr/lib/llvm-20/lib/libLLVM.so.20.1+0x4067aea) (BuildId: b856c61f98abf0989f157f153740fe0fadfbb760)
    #4 0x7ff5c7f8526a  (/usr/lib/llvm-20/lib/libLLVM.so.20.1+0x406926a) (BuildId: b856c61f98abf0989f157f153740fe0fadfbb760)
    #5 0x55ca91648523 in llvm::Target::createTargetMachine(llvm::StringRef, llvm::StringRef, llvm::StringRef, llvm::TargetOptions const&, std::optional<llvm::Reloc::Model>, std::optional<llvm::CodeModel::Model>, llvm::CodeGenOptLevel, bool) const /usr/lib/llvm-20/include/llvm/MC/TargetRegistry.h:462:12
    #6 0x55ca9163a09e in tsc::TargetRegistry::initializeAllTargets() /workspace/src/TargetRegistry.cpp:67:41
    #7 0x55ca9162bdcd in tsc::Compiler::initializeLLVM() /workspace/src/Compiler.cpp:349:14
    #8 0x55ca9162b8b7 in tsc::Compiler::Compiler(tsc::CompilerOptions const&) /workspace/src/Compiler.cpp:24:5
    #9 0x55ca915fd7b5 in main /workspace/src/main.cpp:191:18
    #10 0x7ff5c395a337  (/lib/x86_64-linux-gnu/libc.so.6+0x2a337) (BuildId: 467f544f15035abef911999cbc14489edd0555ab)
    #11 0x7ff5c395a3fa in __libc_start_main (/lib/x86_64-linux-gnu/libc.so.6+0x2a3fa) (BuildId: 467f544f15035abef911999cbc14489edd0555ab)
    #12 0x55ca91511b64 in _start (/workspace/build-asan/tsc+0x74b64) (BuildId: 73a10d7cc646a755f705b0ae57418e68578aec2f)

Indirect leak of 60 byte(s) in 3 object(s) allocated from:
    #0 0x55ca915fa191 in operator new(unsigned long) (/workspace/build-asan/tsc+0x15d191) (BuildId: 73a10d7cc646a755f705b0ae57418e68578aec2f)
    #1 0x7ff5c6801cf4 in llvm::MCSubtargetInfo::MCSubtargetInfo(llvm::Triple const&, llvm::StringRef, llvm::StringRef, llvm::StringRef, llvm::ArrayRef<llvm::StringRef>, llvm::ArrayRef<llvm::SubtargetFeatureKV>, llvm::ArrayRef<llvm::SubtargetSubTypeKV>, llvm::MCWriteProcResEntry const*, llvm::MCWriteLatencyEntry const*, llvm::MCReadAdvanceEntry const*, llvm::InstrStage const*, unsigned int const*, unsigned int const*) (/usr/lib/llvm-20/lib/libLLVM.so.20.1+0x28e5cf4) (BuildId: b856c61f98abf0989f157f153740fe0fadfbb760)
    #2 0x7ff5c78cd118  (/usr/lib/llvm-20/lib/libLLVM.so.20.1+0x39b1118) (BuildId: b856c61f98abf0989f157f153740fe0fadfbb760)
    #3 0x7ff5c52d0793 in llvm::CodeGenTargetMachineImpl::initAsmInfo() (/usr/lib/llvm-20/lib/libLLVM.so.20.1+0x13b4793) (BuildId: b856c61f98abf0989f157f153740fe0fadfbb760)
    #4 0x7ff5c78a4a11  (/usr/lib/llvm-20/lib/libLLVM.so.20.1+0x3988a11) (BuildId: b856c61f98abf0989f157f153740fe0fadfbb760)
    #5 0x7ff5c78a5f8a  (/usr/lib/llvm-20/lib/libLLVM.so.20.1+0x3989f8a) (BuildId: b856c61f98abf0989f157f153740fe0fadfbb760)
    #6 0x55ca91648523 in llvm::Target::createTargetMachine(llvm::StringRef, llvm::StringRef, llvm::StringRef, llvm::TargetOptions const&, std::optional<llvm::Reloc::Model>, std::optional<llvm::CodeModel::Model>, llvm::CodeGenOptLevel, bool) const /usr/lib/llvm-20/include/llvm/MC/TargetRegistry.h:462:12
    #7 0x55ca9163a09e in tsc::TargetRegistry::initializeAllTargets() /workspace/src/TargetRegistry.cpp:67:41
    #8 0x55ca9162bdcd in tsc::Compiler::initializeLLVM() /workspace/src/Compiler.cpp:349:14
    #9 0x55ca9162b8b7 in tsc::Compiler::Compiler(tsc::CompilerOptions const&) /workspace/src/Compiler.cpp:24:5
    #10 0x55ca915fd7b5 in main /workspace/src/main.cpp:191:18
    #11 0x7ff5c395a337  (/lib/x86_64-linux-gnu/libc.so.6+0x2a337) (BuildId: 467f544f15035abef911999cbc14489edd0555ab)
    #12 0x7ff5c395a3fa in __libc_start_main (/lib/x86_64-linux-gnu/libc.so.6+0x2a3fa) (BuildId: 467f544f15035abef911999cbc14489edd0555ab)
    #13 0x55ca91511b64 in _start (/workspace/build-asan/tsc+0x74b64) (BuildId: 73a10d7cc646a755f705b0ae57418e68578aec2f)

Indirect leak of 60 byte(s) in 3 object(s) allocated from:
    #0 0x55ca915fa191 in operator new(unsigned long) (/workspace/build-asan/tsc+0x15d191) (BuildId: 73a10d7cc646a755f705b0ae57418e68578aec2f)
    #1 0x7ff5c6801cf4 in llvm::MCSubtargetInfo::MCSubtargetInfo(llvm::Triple const&, llvm::StringRef, llvm::StringRef, llvm::StringRef, llvm::ArrayRef<llvm::StringRef>, llvm::ArrayRef<llvm::SubtargetFeatureKV>, llvm::ArrayRef<llvm::SubtargetSubTypeKV>, llvm::MCWriteProcResEntry const*, llvm::MCWriteLatencyEntry const*, llvm::MCReadAdvanceEntry const*, llvm::InstrStage const*, unsigned int const*, unsigned int const*) (/usr/lib/llvm-20/lib/libLLVM.so.20.1+0x28e5cf4) (BuildId: b856c61f98abf0989f157f153740fe0fadfbb760)
    #2 0x7ff5c5590c22 in llvm::TargetSubtargetInfo::TargetSubtargetInfo(llvm::Triple const&, llvm::StringRef, llvm::StringRef, llvm::StringRef, llvm::ArrayRef<llvm::StringRef>, llvm::ArrayRef<llvm::SubtargetFeatureKV>, llvm::ArrayRef<llvm::SubtargetSubTypeKV>, llvm::MCWriteProcResEntry const*, llvm::MCWriteLatencyEntry const*, llvm::MCReadAdvanceEntry const*, llvm::InstrStage const*, unsigned int const*, unsigned int const*) (/usr/lib/llvm-20/lib/libLLVM.so.20.1+0x1674c22) (BuildId: b856c61f98abf0989f157f153740fe0fadfbb760)
    #3 0x7ff5c78a4200  (/usr/lib/llvm-20/lib/libLLVM.so.20.1+0x3988200) (BuildId: b856c61f98abf0989f157f153740fe0fadfbb760)
    #4 0x7ff5c78a49df  (/usr/lib/llvm-20/lib/libLLVM.so.20.1+0x39889df) (BuildId: b856c61f98abf0989f157f153740fe0fadfbb760)
    #5 0x7ff5c78a5f8a  (/usr/lib/llvm-20/lib/libLLVM.so.20.1+0x3989f8a) (BuildId: b856c61f98abf0989f157f153740fe0fadfbb760)
    #6 0x55ca91648523 in llvm::Target::createTargetMachine(llvm::StringRef, llvm::StringRef, llvm::StringRef, llvm::TargetOptions const&, std::optional<llvm::Reloc::Model>, std::optional<llvm::CodeModel::Model>, llvm::CodeGenOptLevel, bool) const /usr/lib/llvm-20/include/llvm/MC/TargetRegistry.h:462:12
    #7 0x55ca9163a09e in tsc::TargetRegistry::initializeAllTargets() /workspace/src/TargetRegistry.cpp:67:41
    #8 0x55ca9162bdcd in tsc::Compiler::initializeLLVM() /workspace/src/Compiler.cpp:349:14
    #9 0x55ca9162b8b7 in tsc::Compiler::Compiler(tsc::CompilerOptions const&) /workspace/src/Compiler.cpp:24:5
    #10 0x55ca915fd7b5 in main /workspace/src/main.cpp:191:18
    #11 0x7ff5c395a337  (/lib/x86_64-linux-gnu/libc.so.6+0x2a337) (BuildId: 467f544f15035abef911999cbc14489edd0555ab)
    #12 0x7ff5c395a3fa in __libc_start_main (/lib/x86_64-linux-gnu/libc.so.6+0x2a3fa) (BuildId: 467f544f15035abef911999cbc14489edd0555ab)
    #13 0x55ca91511b64 in _start (/workspace/build-asan/tsc+0x74b64) (BuildId: 73a10d7cc646a755f705b0ae57418e68578aec2f)

Indirect leak of 60 byte(s) in 3 object(s) allocated from:
    #0 0x55ca915fa191 in operator new(unsigned long) (/workspace/build-asan/tsc+0x15d191) (BuildId: 73a10d7cc646a755f705b0ae57418e68578aec2f)
    #1 0x7ff5c6ef4944 in llvm::TargetMachine::TargetMachine(llvm::Target const&, llvm::StringRef, llvm::Triple const&, llvm::StringRef, llvm::StringRef, llvm::TargetOptions const&) (/usr/lib/llvm-20/lib/libLLVM.so.20.1+0x2fd8944) (BuildId: b856c61f98abf0989f157f153740fe0fadfbb760)
    #2 0x7ff5c52d0937 in llvm::CodeGenTargetMachineImpl::CodeGenTargetMachineImpl(llvm::Target const&, llvm::StringRef, llvm::Triple const&, llvm::StringRef, llvm::StringRef, llvm::TargetOptions const&, llvm::Reloc::Model, llvm::CodeModel::Model, llvm::CodeGenOptLevel) (/usr/lib/llvm-20/lib/libLLVM.so.20.1+0x13b4937) (BuildId: b856c61f98abf0989f157f153740fe0fadfbb760)
    #3 0x7ff5c78a4886  (/usr/lib/llvm-20/lib/libLLVM.so.20.1+0x3988886) (BuildId: b856c61f98abf0989f157f153740fe0fadfbb760)
    #4 0x7ff5c78a5f8a  (/usr/lib/llvm-20/lib/libLLVM.so.20.1+0x3989f8a) (BuildId: b856c61f98abf0989f157f153740fe0fadfbb760)
    #5 0x55ca91648523 in llvm::Target::createTargetMachine(llvm::StringRef, llvm::StringRef, llvm::StringRef, llvm::TargetOptions const&, std::optional<llvm::Reloc::Model>, std::optional<llvm::CodeModel::Model>, llvm::CodeGenOptLevel, bool) const /usr/lib/llvm-20/include/llvm/MC/TargetRegistry.h:462:12
    #6 0x55ca9163a09e in tsc::TargetRegistry::initializeAllTargets() /workspace/src/TargetRegistry.cpp:67:41
    #7 0x55ca9162bdcd in tsc::Compiler::initializeLLVM() /workspace/src/Compiler.cpp:349:14
    #8 0x55ca9162b8b7 in tsc::Compiler::Compiler(tsc::CompilerOptions const&) /workspace/src/Compiler.cpp:24:5
    #9 0x55ca915fd7b5 in main /workspace/src/main.cpp:191:18
    #10 0x7ff5c395a337  (/lib/x86_64-linux-gnu/libc.so.6+0x2a337) (BuildId: 467f544f15035abef911999cbc14489edd0555ab)
    #11 0x7ff5c395a3fa in __libc_start_main (/lib/x86_64-linux-gnu/libc.so.6+0x2a3fa) (BuildId: 467f544f15035abef911999cbc14489edd0555ab)
    #12 0x55ca91511b64 in _start (/workspace/build-asan/tsc+0x74b64) (BuildId: 73a10d7cc646a755f705b0ae57418e68578aec2f)

Indirect leak of 60 byte(s) in 3 object(s) allocated from:
    #0 0x55ca915fa191 in operator new(unsigned long) (/workspace/build-asan/tsc+0x15d191) (BuildId: 73a10d7cc646a755f705b0ae57418e68578aec2f)
    #1 0x7ff5c6801cf4 in llvm::MCSubtargetInfo::MCSubtargetInfo(llvm::Triple const&, llvm::StringRef, llvm::StringRef, llvm::StringRef, llvm::ArrayRef<llvm::StringRef>, llvm::ArrayRef<llvm::SubtargetFeatureKV>, llvm::ArrayRef<llvm::SubtargetSubTypeKV>, llvm::MCWriteProcResEntry const*, llvm::MCWriteLatencyEntry const*, llvm::MCReadAdvanceEntry const*, llvm::InstrStage const*, unsigned int const*, unsigned int const*) (/usr/lib/llvm-20/lib/libLLVM.so.20.1+0x28e5cf4) (BuildId: b856c61f98abf0989f157f153740fe0fadfbb760)
    #2 0x7ff5c7f9b4d9  (/usr/lib/llvm-20/lib/libLLVM.so.20.1+0x407f4d9) (BuildId: b856c61f98abf0989f157f153740fe0fadfbb760)
    #3 0x7ff5c52d0793 in llvm::CodeGenTargetMachineImpl::initAsmInfo() (/usr/lib/llvm-20/lib/libLLVM.so.20.1+0x13b4793) (BuildId: b856c61f98abf0989f157f153740fe0fadfbb760)
    #4 0x7ff5c7f83cc9  (/usr/lib/llvm-20/lib/libLLVM.so.20.1+0x4067cc9) (BuildId: b856c61f98abf0989f157f153740fe0fadfbb760)
    #5 0x7ff5c7f8526a  (/usr/lib/llvm-20/lib/libLLVM.so.20.1+0x406926a) (BuildId: b856c61f98abf0989f157f153740fe0fadfbb760)
    #6 0x55ca91648523 in llvm::Target::createTargetMachine(llvm::StringRef, llvm::StringRef, llvm::StringRef, llvm::TargetOptions const&, std::optional<llvm::Reloc::Model>, std::optional<llvm::CodeModel::Model>, llvm::CodeGenOptLevel, bool) const /usr/lib/llvm-20/include/llvm/MC/TargetRegistry.h:462:12
    #7 0x55ca9163a09e in tsc::TargetRegistry::initializeAllTargets() /workspace/src/TargetRegistry.cpp:67:41
    #8 0x55ca9162bdcd in tsc::Compiler::initializeLLVM() /workspace/src/Compiler.cpp:349:14
    #9 0x55ca9162b8b7 in tsc::Compiler::Compiler(tsc::CompilerOptions const&) /workspace/src/Compiler.cpp:24:5
    #10 0x55ca915fd7b5 in main /workspace/src/main.cpp:191:18
    #11 0x7ff5c395a337  (/lib/x86_64-linux-gnu/libc.so.6+0x2a337) (BuildId: 467f544f15035abef911999cbc14489edd0555ab)
    #12 0x7ff5c395a3fa in __libc_start_main (/lib/x86_64-linux-gnu/libc.so.6+0x2a3fa) (BuildId: 467f544f15035abef911999cbc14489edd0555ab)
    #13 0x55ca91511b64 in _start (/workspace/build-asan/tsc+0x74b64) (BuildId: 73a10d7cc646a755f705b0ae57418e68578aec2f)

Indirect leak of 60 byte(s) in 3 object(s) allocated from:
    #0 0x55ca915fa191 in operator new(unsigned long) (/workspace/build-asan/tsc+0x15d191) (BuildId: 73a10d7cc646a755f705b0ae57418e68578aec2f)
    #1 0x7ff5c7f818f7  (/usr/lib/llvm-20/lib/libLLVM.so.20.1+0x40658f7) (BuildId: b856c61f98abf0989f157f153740fe0fadfbb760)
    #2 0x7ff5c7f83c8f  (/usr/lib/llvm-20/lib/libLLVM.so.20.1+0x4067c8f) (BuildId: b856c61f98abf0989f157f153740fe0fadfbb760)
    #3 0x7ff5c7f8526a  (/usr/lib/llvm-20/lib/libLLVM.so.20.1+0x406926a) (BuildId: b856c61f98abf0989f157f153740fe0fadfbb760)
    #4 0x55ca91648523 in llvm::Target::createTargetMachine(llvm::StringRef, llvm::StringRef, llvm::StringRef, llvm::TargetOptions const&, std::optional<llvm::Reloc::Model>, std::optional<llvm::CodeModel::Model>, llvm::CodeGenOptLevel, bool) const /usr/lib/llvm-20/include/llvm/MC/TargetRegistry.h:462:12
    #5 0x55ca9163a09e in tsc::TargetRegistry::initializeAllTargets() /workspace/src/TargetRegistry.cpp:67:41
    #6 0x55ca9162bdcd in tsc::Compiler::initializeLLVM() /workspace/src/Compiler.cpp:349:14
    #7 0x55ca9162b8b7 in tsc::Compiler::Compiler(tsc::CompilerOptions const&) /workspace/src/Compiler.cpp:24:5
    #8 0x55ca915fd7b5 in main /workspace/src/main.cpp:191:18
    #9 0x7ff5c395a337  (/lib/x86_64-linux-gnu/libc.so.6+0x2a337) (BuildId: 467f544f15035abef911999cbc14489edd0555ab)
    #10 0x7ff5c395a3fa in __libc_start_main (/lib/x86_64-linux-gnu/libc.so.6+0x2a3fa) (BuildId: 467f544f15035abef911999cbc14489edd0555ab)
    #11 0x55ca91511b64 in _start (/workspace/build-asan/tsc+0x74b64) (BuildId: 73a10d7cc646a755f705b0ae57418e68578aec2f)

Indirect leak of 60 byte(s) in 3 object(s) allocated from:
    #0 0x55ca915fa191 in operator new(unsigned long) (/workspace/build-asan/tsc+0x15d191) (BuildId: 73a10d7cc646a755f705b0ae57418e68578aec2f)
    #1 0x7ff5c6801cf4 in llvm::MCSubtargetInfo::MCSubtargetInfo(llvm::Triple const&, llvm::StringRef, llvm::StringRef, llvm::StringRef, llvm::ArrayRef<llvm::StringRef>, llvm::ArrayRef<llvm::SubtargetFeatureKV>, llvm::ArrayRef<llvm::SubtargetSubTypeKV>, llvm::MCWriteProcResEntry const*, llvm::MCWriteLatencyEntry const*, llvm::MCReadAdvanceEntry const*, llvm::InstrStage const*, unsigned int const*, unsigned int const*) (/usr/lib/llvm-20/lib/libLLVM.so.20.1+0x28e5cf4) (BuildId: b856c61f98abf0989f157f153740fe0fadfbb760)
    #2 0x7ff5c5590c22 in llvm::TargetSubtargetInfo::TargetSubtargetInfo(llvm::Triple const&, llvm::StringRef, llvm::StringRef, llvm::StringRef, llvm::ArrayRef<llvm::StringRef>, llvm::ArrayRef<llvm::SubtargetFeatureKV>, llvm::ArrayRef<llvm::SubtargetSubTypeKV>, llvm::MCWriteProcResEntry const*, llvm::MCWriteLatencyEntry const*, llvm::MCReadAdvanceEntry const*, llvm::InstrStage const*, unsigned int const*, unsigned int const*) (/usr/lib/llvm-20/lib/libLLVM.so.20.1+0x1674c22) (BuildId: b856c61f98abf0989f157f153740fe0fadfbb760)
    #3 0x7ff5c7f8174e  (/usr/lib/llvm-20/lib/libLLVM.so.20.1+0x406574e) (BuildId: b856c61f98abf0989f157f153740fe0fadfbb760)
    #4 0x7ff5c7f83c8f  (/usr/lib/llvm-20/lib/libLLVM.so.20.1+0x4067c8f) (BuildId: b856c61f98abf0989f157f153740fe0fadfbb760)
    #5 0x7ff5c7f8526a  (/usr/lib/llvm-20/lib/libLLVM.so.20.1+0x406926a) (BuildId: b856c61f98abf0989f157f153740fe0fadfbb760)
    #6 0x55ca91648523 in llvm::Target::createTargetMachine(llvm::StringRef, llvm::StringRef, llvm::StringRef, llvm::TargetOptions const&, std::optional<llvm::Reloc::Model>, std::optional<llvm::CodeModel::Model>, llvm::CodeGenOptLevel, bool) const /usr/lib/llvm-20/include/llvm/MC/TargetRegistry.h:462:12
    #7 0x55ca9163a09e in tsc::TargetRegistry::initializeAllTargets() /workspace/src/TargetRegistry.cpp:67:41
    #8 0x55ca9162bdcd in tsc::Compiler::initializeLLVM() /workspace/src/Compiler.cpp:349:14
    #9 0x55ca9162b8b7 in tsc::Compiler::Compiler(tsc::CompilerOptions const&) /workspace/src/Compiler.cpp:24:5
    #10 0x55ca915fd7b5 in main /workspace/src/main.cpp:191:18
    #11 0x7ff5c395a337  (/lib/x86_64-linux-gnu/libc.so.6+0x2a337) (BuildId: 467f544f15035abef911999cbc14489edd0555ab)
    #12 0x7ff5c395a3fa in __libc_start_main (/lib/x86_64-linux-gnu/libc.so.6+0x2a3fa) (BuildId: 467f544f15035abef911999cbc14489edd0555ab)
    #13 0x55ca91511b64 in _start (/workspace/build-asan/tsc+0x74b64) (BuildId: 73a10d7cc646a755f705b0ae57418e68578aec2f)

Indirect leak of 59 byte(s) in 1 object(s) allocated from:
    #0 0x55ca915fa191 in operator new(unsigned long) (/workspace/build-asan/tsc+0x15d191) (BuildId: 73a10d7cc646a755f705b0ae57418e68578aec2f)
    #1 0x7ff5c4ff3807 in llvm::DataLayout::parseLayoutString(llvm::StringRef) (/usr/lib/llvm-20/lib/libLLVM.so.20.1+0x10d7807) (BuildId: b856c61f98abf0989f157f153740fe0fadfbb760)
    #2 0x7ff5c4ff3744 in llvm::DataLayout::DataLayout(llvm::StringRef) (/usr/lib/llvm-20/lib/libLLVM.so.20.1+0x10d7744) (BuildId: b856c61f98abf0989f157f153740fe0fadfbb760)
    #3 0x7ff5c6ef490c in llvm::TargetMachine::TargetMachine(llvm::Target const&, llvm::StringRef, llvm::Triple const&, llvm::StringRef, llvm::StringRef, llvm::TargetOptions const&) (/usr/lib/llvm-20/lib/libLLVM.so.20.1+0x2fd890c) (BuildId: b856c61f98abf0989f157f153740fe0fadfbb760)
    #4 0x7ff5c52d0937 in llvm::CodeGenTargetMachineImpl::CodeGenTargetMachineImpl(llvm::Target const&, llvm::StringRef, llvm::Triple const&, llvm::StringRef, llvm::StringRef, llvm::TargetOptions const&, llvm::Reloc::Model, llvm::CodeModel::Model, llvm::CodeGenOptLevel) (/usr/lib/llvm-20/lib/libLLVM.so.20.1+0x13b4937) (BuildId: b856c61f98abf0989f157f153740fe0fadfbb760)
    #5 0x7ff5c8007b96  (/usr/lib/llvm-20/lib/libLLVM.so.20.1+0x40ebb96) (BuildId: b856c61f98abf0989f157f153740fe0fadfbb760)
    #6 0x7ff5c8008a0d  (/usr/lib/llvm-20/lib/libLLVM.so.20.1+0x40eca0d) (BuildId: b856c61f98abf0989f157f153740fe0fadfbb760)
    #7 0x55ca91648523 in llvm::Target::createTargetMachine(llvm::StringRef, llvm::StringRef, llvm::StringRef, llvm::TargetOptions const&, std::optional<llvm::Reloc::Model>, std::optional<llvm::CodeModel::Model>, llvm::CodeGenOptLevel, bool) const /usr/lib/llvm-20/include/llvm/MC/TargetRegistry.h:462:12
    #8 0x55ca9163a09e in tsc::TargetRegistry::initializeAllTargets() /workspace/src/TargetRegistry.cpp:67:41
    #9 0x55ca9162bdcd in tsc::Compiler::initializeLLVM() /workspace/src/Compiler.cpp:349:14
    #10 0x55ca9162b8b7 in tsc::Compiler::Compiler(tsc::CompilerOptions const&) /workspace/src/Compiler.cpp:24:5
    #11 0x55ca915fd7b5 in main /workspace/src/main.cpp:191:18
    #12 0x7ff5c395a337  (/lib/x86_64-linux-gnu/libc.so.6+0x2a337) (BuildId: 467f544f15035abef911999cbc14489edd0555ab)
    #13 0x7ff5c395a3fa in __libc_start_main (/lib/x86_64-linux-gnu/libc.so.6+0x2a3fa) (BuildId: 467f544f15035abef911999cbc14489edd0555ab)
    #14 0x55ca91511b64 in _start (/workspace/build-asan/tsc+0x74b64) (BuildId: 73a10d7cc646a755f705b0ae57418e68578aec2f)

Indirect leak of 56 byte(s) in 1 object(s) allocated from:
    #0 0x55ca915fa191 in operator new(unsigned long) (/workspace/build-asan/tsc+0x15d191) (BuildId: 73a10d7cc646a755f705b0ae57418e68578aec2f)
    #1 0x7ff5c4ff3807 in llvm::DataLayout::parseLayoutString(llvm::StringRef) (/usr/lib/llvm-20/lib/libLLVM.so.20.1+0x10d7807) (BuildId: b856c61f98abf0989f157f153740fe0fadfbb760)
    #2 0x7ff5c4ff3744 in llvm::DataLayout::DataLayout(llvm::StringRef) (/usr/lib/llvm-20/lib/libLLVM.so.20.1+0x10d7744) (BuildId: b856c61f98abf0989f157f153740fe0fadfbb760)
    #3 0x7ff5c6ef490c in llvm::TargetMachine::TargetMachine(llvm::Target const&, llvm::StringRef, llvm::Triple const&, llvm::StringRef, llvm::StringRef, llvm::TargetOptions const&) (/usr/lib/llvm-20/lib/libLLVM.so.20.1+0x2fd890c) (BuildId: b856c61f98abf0989f157f153740fe0fadfbb760)
    #4 0x7ff5c52d0937 in llvm::CodeGenTargetMachineImpl::CodeGenTargetMachineImpl(llvm::Target const&, llvm::StringRef, llvm::Triple const&, llvm::StringRef, llvm::StringRef, llvm::TargetOptions const&, llvm::Reloc::Model, llvm::CodeModel::Model, llvm::CodeGenOptLevel) (/usr/lib/llvm-20/lib/libLLVM.so.20.1+0x13b4937) (BuildId: b856c61f98abf0989f157f153740fe0fadfbb760)
    #5 0x7ff5c7bc1de9  (/usr/lib/llvm-20/lib/libLLVM.so.20.1+0x3ca5de9) (BuildId: b856c61f98abf0989f157f153740fe0fadfbb760)
    #6 0x7ff5c7bc234a  (/usr/lib/llvm-20/lib/libLLVM.so.20.1+0x3ca634a) (BuildId: b856c61f98abf0989f157f153740fe0fadfbb760)
    #7 0x55ca91648523 in llvm::Target::createTargetMachine(llvm::StringRef, llvm::StringRef, llvm::StringRef, llvm::TargetOptions const&, std::optional<llvm::Reloc::Model>, std::optional<llvm::CodeModel::Model>, llvm::CodeGenOptLevel, bool) const /usr/lib/llvm-20/include/llvm/MC/TargetRegistry.h:462:12
    #8 0x55ca9163a09e in tsc::TargetRegistry::initializeAllTargets() /workspace/src/TargetRegistry.cpp:67:41
    #9 0x55ca9162bdcd in tsc::Compiler::initializeLLVM() /workspace/src/Compiler.cpp:349:14
    #10 0x55ca9162b8b7 in tsc::Compiler::Compiler(tsc::CompilerOptions const&) /workspace/src/Compiler.cpp:24:5
    #11 0x55ca915fd7b5 in main /workspace/src/main.cpp:191:18
    #12 0x7ff5c395a337  (/lib/x86_64-linux-gnu/libc.so.6+0x2a337) (BuildId: 467f544f15035abef911999cbc14489edd0555ab)
    #13 0x7ff5c395a3fa in __libc_start_main (/lib/x86_64-linux-gnu/libc.so.6+0x2a3fa) (BuildId: 467f544f15035abef911999cbc14489edd0555ab)
    #14 0x55ca91511b64 in _start (/workspace/build-asan/tsc+0x74b64) (BuildId: 73a10d7cc646a755f705b0ae57418e68578aec2f)

Indirect leak of 56 byte(s) in 1 object(s) allocated from:
    #0 0x55ca915fa191 in operator new(unsigned long) (/workspace/build-asan/tsc+0x15d191) (BuildId: 73a10d7cc646a755f705b0ae57418e68578aec2f)
    #1 0x7ff5c59b6da2  (/usr/lib/llvm-20/lib/libLLVM.so.20.1+0x1a9ada2) (BuildId: b856c61f98abf0989f157f153740fe0fadfbb760)
    #2 0x7ff5c6f3998b  (/usr/lib/llvm-20/lib/libLLVM.so.20.1+0x301d98b) (BuildId: b856c61f98abf0989f157f153740fe0fadfbb760)
    #3 0x7ff5c6f398a6  (/usr/lib/llvm-20/lib/libLLVM.so.20.1+0x301d8a6) (BuildId: b856c61f98abf0989f157f153740fe0fadfbb760)
    #4 0x7ff5c843936d  (/usr/lib/llvm-20/lib/libLLVM.so.20.1+0x451d36d) (BuildId: b856c61f98abf0989f157f153740fe0fadfbb760)
    #5 0x7ff5c84564e6  (/usr/lib/llvm-20/lib/libLLVM.so.20.1+0x453a4e6) (BuildId: b856c61f98abf0989f157f153740fe0fadfbb760)
    #6 0x7ff5c8457105  (/usr/lib/llvm-20/lib/libLLVM.so.20.1+0x453b105) (BuildId: b856c61f98abf0989f157f153740fe0fadfbb760)
    #7 0x7ff5c8457a7a  (/usr/lib/llvm-20/lib/libLLVM.so.20.1+0x453ba7a) (BuildId: b856c61f98abf0989f157f153740fe0fadfbb760)
    #8 0x55ca91648523 in llvm::Target::createTargetMachine(llvm::StringRef, llvm::StringRef, llvm::StringRef, llvm::TargetOptions const&, std::optional<llvm::Reloc::Model>, std::optional<llvm::CodeModel::Model>, llvm::CodeGenOptLevel, bool) const /usr/lib/llvm-20/include/llvm/MC/TargetRegistry.h:462:12
    #9 0x55ca9163a09e in tsc::TargetRegistry::initializeAllTargets() /workspace/src/TargetRegistry.cpp:67:41
    #10 0x55ca9162bdcd in tsc::Compiler::initializeLLVM() /workspace/src/Compiler.cpp:349:14
    #11 0x55ca9162b8b7 in tsc::Compiler::Compiler(tsc::CompilerOptions const&) /workspace/src/Compiler.cpp:24:5
    #12 0x55ca915fd7b5 in main /workspace/src/main.cpp:191:18
    #13 0x7ff5c395a337  (/lib/x86_64-linux-gnu/libc.so.6+0x2a337) (BuildId: 467f544f15035abef911999cbc14489edd0555ab)
    #14 0x7ff5c395a3fa in __libc_start_main (/lib/x86_64-linux-gnu/libc.so.6+0x2a3fa) (BuildId: 467f544f15035abef911999cbc14489edd0555ab)
    #15 0x55ca91511b64 in _start (/workspace/build-asan/tsc+0x74b64) (BuildId: 73a10d7cc646a755f705b0ae57418e68578aec2f)

Indirect leak of 56 byte(s) in 1 object(s) allocated from:
    #0 0x55ca915fa191 in operator new(unsigned long) (/workspace/build-asan/tsc+0x15d191) (BuildId: 73a10d7cc646a755f705b0ae57418e68578aec2f)
    #1 0x7ff5c59b6da2  (/usr/lib/llvm-20/lib/libLLVM.so.20.1+0x1a9ada2) (BuildId: b856c61f98abf0989f157f153740fe0fadfbb760)
    #2 0x7ff5c6f3998b  (/usr/lib/llvm-20/lib/libLLVM.so.20.1+0x301d98b) (BuildId: b856c61f98abf0989f157f153740fe0fadfbb760)
    #3 0x7ff5c6f398a6  (/usr/lib/llvm-20/lib/libLLVM.so.20.1+0x301d8a6) (BuildId: b856c61f98abf0989f157f153740fe0fadfbb760)
    #4 0x7ff5c84392dd  (/usr/lib/llvm-20/lib/libLLVM.so.20.1+0x451d2dd) (BuildId: b856c61f98abf0989f157f153740fe0fadfbb760)
    #5 0x7ff5c84564e6  (/usr/lib/llvm-20/lib/libLLVM.so.20.1+0x453a4e6) (BuildId: b856c61f98abf0989f157f153740fe0fadfbb760)
    #6 0x7ff5c8457105  (/usr/lib/llvm-20/lib/libLLVM.so.20.1+0x453b105) (BuildId: b856c61f98abf0989f157f153740fe0fadfbb760)
    #7 0x7ff5c8457a7a  (/usr/lib/llvm-20/lib/libLLVM.so.20.1+0x453ba7a) (BuildId: b856c61f98abf0989f157f153740fe0fadfbb760)
    #8 0x55ca91648523 in llvm::Target::createTargetMachine(llvm::StringRef, llvm::StringRef, llvm::StringRef, llvm::TargetOptions const&, std::optional<llvm::Reloc::Model>, std::optional<llvm::CodeModel::Model>, llvm::CodeGenOptLevel, bool) const /usr/lib/llvm-20/include/llvm/MC/TargetRegistry.h:462:12
    #9 0x55ca9163a09e in tsc::TargetRegistry::initializeAllTargets() /workspace/src/TargetRegistry.cpp:67:41
    #10 0x55ca9162bdcd in tsc::Compiler::initializeLLVM() /workspace/src/Compiler.cpp:349:14
    #11 0x55ca9162b8b7 in tsc::Compiler::Compiler(tsc::CompilerOptions const&) /workspace/src/Compiler.cpp:24:5
    #12 0x55ca915fd7b5 in main /workspace/src/main.cpp:191:18
    #13 0x7ff5c395a337  (/lib/x86_64-linux-gnu/libc.so.6+0x2a337) (BuildId: 467f544f15035abef911999cbc14489edd0555ab)
    #14 0x7ff5c395a3fa in __libc_start_main (/lib/x86_64-linux-gnu/libc.so.6+0x2a3fa) (BuildId: 467f544f15035abef911999cbc14489edd0555ab)
    #15 0x55ca91511b64 in _start (/workspace/build-asan/tsc+0x74b64) (BuildId: 73a10d7cc646a755f705b0ae57418e68578aec2f)

Indirect leak of 56 byte(s) in 1 object(s) allocated from:
    #0 0x55ca915fa191 in operator new(unsigned long) (/workspace/build-asan/tsc+0x15d191) (BuildId: 73a10d7cc646a755f705b0ae57418e68578aec2f)
    #1 0x7ff5c59b6da2  (/usr/lib/llvm-20/lib/libLLVM.so.20.1+0x1a9ada2) (BuildId: b856c61f98abf0989f157f153740fe0fadfbb760)
    #2 0x7ff5c6f3998b  (/usr/lib/llvm-20/lib/libLLVM.so.20.1+0x301d98b) (BuildId: b856c61f98abf0989f157f153740fe0fadfbb760)
    #3 0x7ff5c6f398a6  (/usr/lib/llvm-20/lib/libLLVM.so.20.1+0x301d8a6) (BuildId: b856c61f98abf0989f157f153740fe0fadfbb760)
    #4 0x7ff5c84391e5  (/usr/lib/llvm-20/lib/libLLVM.so.20.1+0x451d1e5) (BuildId: b856c61f98abf0989f157f153740fe0fadfbb760)
    #5 0x7ff5c84564e6  (/usr/lib/llvm-20/lib/libLLVM.so.20.1+0x453a4e6) (BuildId: b856c61f98abf0989f157f153740fe0fadfbb760)
    #6 0x7ff5c8457105  (/usr/lib/llvm-20/lib/libLLVM.so.20.1+0x453b105) (BuildId: b856c61f98abf0989f157f153740fe0fadfbb760)
    #7 0x7ff5c8457a7a  (/usr/lib/llvm-20/lib/libLLVM.so.20.1+0x453ba7a) (BuildId: b856c61f98abf0989f157f153740fe0fadfbb760)
    #8 0x55ca91648523 in llvm::Target::createTargetMachine(llvm::StringRef, llvm::StringRef, llvm::StringRef, llvm::TargetOptions const&, std::optional<llvm::Reloc::Model>, std::optional<llvm::CodeModel::Model>, llvm::CodeGenOptLevel, bool) const /usr/lib/llvm-20/include/llvm/MC/TargetRegistry.h:462:12
    #9 0x55ca9163a09e in tsc::TargetRegistry::initializeAllTargets() /workspace/src/TargetRegistry.cpp:67:41
    #10 0x55ca9162bdcd in tsc::Compiler::initializeLLVM() /workspace/src/Compiler.cpp:349:14
    #11 0x55ca9162b8b7 in tsc::Compiler::Compiler(tsc::CompilerOptions const&) /workspace/src/Compiler.cpp:24:5
    #12 0x55ca915fd7b5 in main /workspace/src/main.cpp:191:18
    #13 0x7ff5c395a337  (/lib/x86_64-linux-gnu/libc.so.6+0x2a337) (BuildId: 467f544f15035abef911999cbc14489edd0555ab)
    #14 0x7ff5c395a3fa in __libc_start_main (/lib/x86_64-linux-gnu/libc.so.6+0x2a3fa) (BuildId: 467f544f15035abef911999cbc14489edd0555ab)
    #15 0x55ca91511b64 in _start (/workspace/build-asan/tsc+0x74b64) (BuildId: 73a10d7cc646a755f705b0ae57418e68578aec2f)

Indirect leak of 54 byte(s) in 1 object(s) allocated from:
    #0 0x55ca915fa191 in operator new(unsigned long) (/workspace/build-asan/tsc+0x15d191) (BuildId: 73a10d7cc646a755f705b0ae57418e68578aec2f)
    #1 0x7ff5c4ff3807 in llvm::DataLayout::parseLayoutString(llvm::StringRef) (/usr/lib/llvm-20/lib/libLLVM.so.20.1+0x10d7807) (BuildId: b856c61f98abf0989f157f153740fe0fadfbb760)
    #2 0x7ff5c4ff3744 in llvm::DataLayout::DataLayout(llvm::StringRef) (/usr/lib/llvm-20/lib/libLLVM.so.20.1+0x10d7744) (BuildId: b856c61f98abf0989f157f153740fe0fadfbb760)
    #3 0x7ff5c6ef490c in llvm::TargetMachine::TargetMachine(llvm::Target const&, llvm::StringRef, llvm::Triple const&, llvm::StringRef, llvm::StringRef, llvm::TargetOptions const&) (/usr/lib/llvm-20/lib/libLLVM.so.20.1+0x2fd890c) (BuildId: b856c61f98abf0989f157f153740fe0fadfbb760)
    #4 0x7ff5c52d0937 in llvm::CodeGenTargetMachineImpl::CodeGenTargetMachineImpl(llvm::Target const&, llvm::StringRef, llvm::Triple const&, llvm::StringRef, llvm::StringRef, llvm::TargetOptions const&, llvm::Reloc::Model, llvm::CodeModel::Model, llvm::CodeGenOptLevel) (/usr/lib/llvm-20/lib/libLLVM.so.20.1+0x13b4937) (BuildId: b856c61f98abf0989f157f153740fe0fadfbb760)
    #5 0x7ff5c7878b84  (/usr/lib/llvm-20/lib/libLLVM.so.20.1+0x395cb84) (BuildId: b856c61f98abf0989f157f153740fe0fadfbb760)
    #6 0x7ff5c78792ea  (/usr/lib/llvm-20/lib/libLLVM.so.20.1+0x395d2ea) (BuildId: b856c61f98abf0989f157f153740fe0fadfbb760)
    #7 0x55ca91648523 in llvm::Target::createTargetMachine(llvm::StringRef, llvm::StringRef, llvm::StringRef, llvm::TargetOptions const&, std::optional<llvm::Reloc::Model>, std::optional<llvm::CodeModel::Model>, llvm::CodeGenOptLevel, bool) const /usr/lib/llvm-20/include/llvm/MC/TargetRegistry.h:462:12
    #8 0x55ca9163a09e in tsc::TargetRegistry::initializeAllTargets() /workspace/src/TargetRegistry.cpp:67:41
    #9 0x55ca9162bdcd in tsc::Compiler::initializeLLVM() /workspace/src/Compiler.cpp:349:14
    #10 0x55ca9162b8b7 in tsc::Compiler::Compiler(tsc::CompilerOptions const&) /workspace/src/Compiler.cpp:24:5
    #11 0x55ca915fd7b5 in main /workspace/src/main.cpp:191:18
    #12 0x7ff5c395a337  (/lib/x86_64-linux-gnu/libc.so.6+0x2a337) (BuildId: 467f544f15035abef911999cbc14489edd0555ab)
    #13 0x7ff5c395a3fa in __libc_start_main (/lib/x86_64-linux-gnu/libc.so.6+0x2a3fa) (BuildId: 467f544f15035abef911999cbc14489edd0555ab)
    #14 0x55ca91511b64 in _start (/workspace/build-asan/tsc+0x74b64) (BuildId: 73a10d7cc646a755f705b0ae57418e68578aec2f)

Indirect leak of 50 byte(s) in 1 object(s) allocated from:
    #0 0x55ca915fa191 in operator new(unsigned long) (/workspace/build-asan/tsc+0x15d191) (BuildId: 73a10d7cc646a755f705b0ae57418e68578aec2f)
    #1 0x7ff5c4ff3807 in llvm::DataLayout::parseLayoutString(llvm::StringRef) (/usr/lib/llvm-20/lib/libLLVM.so.20.1+0x10d7807) (BuildId: b856c61f98abf0989f157f153740fe0fadfbb760)
    #2 0x7ff5c4ff3744 in llvm::DataLayout::DataLayout(llvm::StringRef) (/usr/lib/llvm-20/lib/libLLVM.so.20.1+0x10d7744) (BuildId: b856c61f98abf0989f157f153740fe0fadfbb760)
    #3 0x7ff5c6ef490c in llvm::TargetMachine::TargetMachine(llvm::Target const&, llvm::StringRef, llvm::Triple const&, llvm::StringRef, llvm::StringRef, llvm::TargetOptions const&) (/usr/lib/llvm-20/lib/libLLVM.so.20.1+0x2fd890c) (BuildId: b856c61f98abf0989f157f153740fe0fadfbb760)
    #4 0x7ff5c52d0937 in llvm::CodeGenTargetMachineImpl::CodeGenTargetMachineImpl(llvm::Target const&, llvm::StringRef, llvm::Triple const&, llvm::StringRef, llvm::StringRef, llvm::TargetOptions const&, llvm::Reloc::Model, llvm::CodeModel::Model, llvm::CodeGenOptLevel) (/usr/lib/llvm-20/lib/libLLVM.so.20.1+0x13b4937) (BuildId: b856c61f98abf0989f157f153740fe0fadfbb760)
    #5 0x7ff5c7c05e5b  (/usr/lib/llvm-20/lib/libLLVM.so.20.1+0x3ce9e5b) (BuildId: b856c61f98abf0989f157f153740fe0fadfbb760)
    #6 0x7ff5c7c07e74  (/usr/lib/llvm-20/lib/libLLVM.so.20.1+0x3cebe74) (BuildId: b856c61f98abf0989f157f153740fe0fadfbb760)
    #7 0x55ca91648523 in llvm::Target::createTargetMachine(llvm::StringRef, llvm::StringRef, llvm::StringRef, llvm::TargetOptions const&, std::optional<llvm::Reloc::Model>, std::optional<llvm::CodeModel::Model>, llvm::CodeGenOptLevel, bool) const /usr/lib/llvm-20/include/llvm/MC/TargetRegistry.h:462:12
    #8 0x55ca9163a09e in tsc::TargetRegistry::initializeAllTargets() /workspace/src/TargetRegistry.cpp:67:41
    #9 0x55ca9162bdcd in tsc::Compiler::initializeLLVM() /workspace/src/Compiler.cpp:349:14
    #10 0x55ca9162b8b7 in tsc::Compiler::Compiler(tsc::CompilerOptions const&) /workspace/src/Compiler.cpp:24:5
    #11 0x55ca915fd7b5 in main /workspace/src/main.cpp:191:18
    #12 0x7ff5c395a337  (/lib/x86_64-linux-gnu/libc.so.6+0x2a337) (BuildId: 467f544f15035abef911999cbc14489edd0555ab)
    #13 0x7ff5c395a3fa in __libc_start_main (/lib/x86_64-linux-gnu/libc.so.6+0x2a3fa) (BuildId: 467f544f15035abef911999cbc14489edd0555ab)
    #14 0x55ca91511b64 in _start (/workspace/build-asan/tsc+0x74b64) (BuildId: 73a10d7cc646a755f705b0ae57418e68578aec2f)

Indirect leak of 48 byte(s) in 1 object(s) allocated from:
    #0 0x55ca915fa191 in operator new(unsigned long) (/workspace/build-asan/tsc+0x15d191) (BuildId: 73a10d7cc646a755f705b0ae57418e68578aec2f)
    #1 0x7ff5c55781b6  (/usr/lib/llvm-20/lib/libLLVM.so.20.1+0x165c1b6) (BuildId: b856c61f98abf0989f157f153740fe0fadfbb760)
    #2 0x7ff5c7be91d1  (/usr/lib/llvm-20/lib/libLLVM.so.20.1+0x3ccd1d1) (BuildId: b856c61f98abf0989f157f153740fe0fadfbb760)
    #3 0x7ff5c7c055da  (/usr/lib/llvm-20/lib/libLLVM.so.20.1+0x3ce95da) (BuildId: b856c61f98abf0989f157f153740fe0fadfbb760)
    #4 0x7ff5c7c06006  (/usr/lib/llvm-20/lib/libLLVM.so.20.1+0x3cea006) (BuildId: b856c61f98abf0989f157f153740fe0fadfbb760)
    #5 0x7ff5c7c07e74  (/usr/lib/llvm-20/lib/libLLVM.so.20.1+0x3cebe74) (BuildId: b856c61f98abf0989f157f153740fe0fadfbb760)
    #6 0x55ca91648523 in llvm::Target::createTargetMachine(llvm::StringRef, llvm::StringRef, llvm::StringRef, llvm::TargetOptions const&, std::optional<llvm::Reloc::Model>, std::optional<llvm::CodeModel::Model>, llvm::CodeGenOptLevel, bool) const /usr/lib/llvm-20/include/llvm/MC/TargetRegistry.h:462:12
    #7 0x55ca9163a09e in tsc::TargetRegistry::initializeAllTargets() /workspace/src/TargetRegistry.cpp:67:41
    #8 0x55ca9162bdcd in tsc::Compiler::initializeLLVM() /workspace/src/Compiler.cpp:349:14
    #9 0x55ca9162b8b7 in tsc::Compiler::Compiler(tsc::CompilerOptions const&) /workspace/src/Compiler.cpp:24:5
    #10 0x55ca915fd7b5 in main /workspace/src/main.cpp:191:18
    #11 0x7ff5c395a337  (/lib/x86_64-linux-gnu/libc.so.6+0x2a337) (BuildId: 467f544f15035abef911999cbc14489edd0555ab)
    #12 0x7ff5c395a3fa in __libc_start_main (/lib/x86_64-linux-gnu/libc.so.6+0x2a3fa) (BuildId: 467f544f15035abef911999cbc14489edd0555ab)
    #13 0x55ca91511b64 in _start (/workspace/build-asan/tsc+0x74b64) (BuildId: 73a10d7cc646a755f705b0ae57418e68578aec2f)

Indirect leak of 48 byte(s) in 1 object(s) allocated from:
    #0 0x55ca915fa191 in operator new(unsigned long) (/workspace/build-asan/tsc+0x15d191) (BuildId: 73a10d7cc646a755f705b0ae57418e68578aec2f)
    #1 0x7ff5c55781b6  (/usr/lib/llvm-20/lib/libLLVM.so.20.1+0x165c1b6) (BuildId: b856c61f98abf0989f157f153740fe0fadfbb760)
    #2 0x7ff5c7be912c  (/usr/lib/llvm-20/lib/libLLVM.so.20.1+0x3ccd12c) (BuildId: b856c61f98abf0989f157f153740fe0fadfbb760)
    #3 0x7ff5c7c055da  (/usr/lib/llvm-20/lib/libLLVM.so.20.1+0x3ce95da) (BuildId: b856c61f98abf0989f157f153740fe0fadfbb760)
    #4 0x7ff5c7c06006  (/usr/lib/llvm-20/lib/libLLVM.so.20.1+0x3cea006) (BuildId: b856c61f98abf0989f157f153740fe0fadfbb760)
    #5 0x7ff5c7c07e74  (/usr/lib/llvm-20/lib/libLLVM.so.20.1+0x3cebe74) (BuildId: b856c61f98abf0989f157f153740fe0fadfbb760)
    #6 0x55ca91648523 in llvm::Target::createTargetMachine(llvm::StringRef, llvm::StringRef, llvm::StringRef, llvm::TargetOptions const&, std::optional<llvm::Reloc::Model>, std::optional<llvm::CodeModel::Model>, llvm::CodeGenOptLevel, bool) const /usr/lib/llvm-20/include/llvm/MC/TargetRegistry.h:462:12
    #7 0x55ca9163a09e in tsc::TargetRegistry::initializeAllTargets() /workspace/src/TargetRegistry.cpp:67:41
    #8 0x55ca9162bdcd in tsc::Compiler::initializeLLVM() /workspace/src/Compiler.cpp:349:14
    #9 0x55ca9162b8b7 in tsc::Compiler::Compiler(tsc::CompilerOptions const&) /workspace/src/Compiler.cpp:24:5
    #10 0x55ca915fd7b5 in main /workspace/src/main.cpp:191:18
    #11 0x7ff5c395a337  (/lib/x86_64-linux-gnu/libc.so.6+0x2a337) (BuildId: 467f544f15035abef911999cbc14489edd0555ab)
    #12 0x7ff5c395a3fa in __libc_start_main (/lib/x86_64-linux-gnu/libc.so.6+0x2a3fa) (BuildId: 467f544f15035abef911999cbc14489edd0555ab)
    #13 0x55ca91511b64 in _start (/workspace/build-asan/tsc+0x74b64) (BuildId: 73a10d7cc646a755f705b0ae57418e68578aec2f)

Indirect leak of 48 byte(s) in 1 object(s) allocated from:
    #0 0x55ca915fa191 in operator new(unsigned long) (/workspace/build-asan/tsc+0x15d191) (BuildId: 73a10d7cc646a755f705b0ae57418e68578aec2f)
    #1 0x7ff5c55781b6  (/usr/lib/llvm-20/lib/libLLVM.so.20.1+0x165c1b6) (BuildId: b856c61f98abf0989f157f153740fe0fadfbb760)
    #2 0x7ff5c7be90e0  (/usr/lib/llvm-20/lib/libLLVM.so.20.1+0x3ccd0e0) (BuildId: b856c61f98abf0989f157f153740fe0fadfbb760)
    #3 0x7ff5c7c055da  (/usr/lib/llvm-20/lib/libLLVM.so.20.1+0x3ce95da) (BuildId: b856c61f98abf0989f157f153740fe0fadfbb760)
    #4 0x7ff5c7c06006  (/usr/lib/llvm-20/lib/libLLVM.so.20.1+0x3cea006) (BuildId: b856c61f98abf0989f157f153740fe0fadfbb760)
    #5 0x7ff5c7c07e74  (/usr/lib/llvm-20/lib/libLLVM.so.20.1+0x3cebe74) (BuildId: b856c61f98abf0989f157f153740fe0fadfbb760)
    #6 0x55ca91648523 in llvm::Target::createTargetMachine(llvm::StringRef, llvm::StringRef, llvm::StringRef, llvm::TargetOptions const&, std::optional<llvm::Reloc::Model>, std::optional<llvm::CodeModel::Model>, llvm::CodeGenOptLevel, bool) const /usr/lib/llvm-20/include/llvm/MC/TargetRegistry.h:462:12
    #7 0x55ca9163a09e in tsc::TargetRegistry::initializeAllTargets() /workspace/src/TargetRegistry.cpp:67:41
    #8 0x55ca9162bdcd in tsc::Compiler::initializeLLVM() /workspace/src/Compiler.cpp:349:14
    #9 0x55ca9162b8b7 in tsc::Compiler::Compiler(tsc::CompilerOptions const&) /workspace/src/Compiler.cpp:24:5
    #10 0x55ca915fd7b5 in main /workspace/src/main.cpp:191:18
    #11 0x7ff5c395a337  (/lib/x86_64-linux-gnu/libc.so.6+0x2a337) (BuildId: 467f544f15035abef911999cbc14489edd0555ab)
    #12 0x7ff5c395a3fa in __libc_start_main (/lib/x86_64-linux-gnu/libc.so.6+0x2a3fa) (BuildId: 467f544f15035abef911999cbc14489edd0555ab)
    #13 0x55ca91511b64 in _start (/workspace/build-asan/tsc+0x74b64) (BuildId: 73a10d7cc646a755f705b0ae57418e68578aec2f)

Indirect leak of 48 byte(s) in 1 object(s) allocated from:
    #0 0x55ca915fa191 in operator new(unsigned long) (/workspace/build-asan/tsc+0x15d191) (BuildId: 73a10d7cc646a755f705b0ae57418e68578aec2f)
    #1 0x7ff5c55781b6  (/usr/lib/llvm-20/lib/libLLVM.so.20.1+0x165c1b6) (BuildId: b856c61f98abf0989f157f153740fe0fadfbb760)
    #2 0x7ff5c7be9094  (/usr/lib/llvm-20/lib/libLLVM.so.20.1+0x3ccd094) (BuildId: b856c61f98abf0989f157f153740fe0fadfbb760)
    #3 0x7ff5c7c055da  (/usr/lib/llvm-20/lib/libLLVM.so.20.1+0x3ce95da) (BuildId: b856c61f98abf0989f157f153740fe0fadfbb760)
    #4 0x7ff5c7c06006  (/usr/lib/llvm-20/lib/libLLVM.so.20.1+0x3cea006) (BuildId: b856c61f98abf0989f157f153740fe0fadfbb760)
    #5 0x7ff5c7c07e74  (/usr/lib/llvm-20/lib/libLLVM.so.20.1+0x3cebe74) (BuildId: b856c61f98abf0989f157f153740fe0fadfbb760)
    #6 0x55ca91648523 in llvm::Target::createTargetMachine(llvm::StringRef, llvm::StringRef, llvm::StringRef, llvm::TargetOptions const&, std::optional<llvm::Reloc::Model>, std::optional<llvm::CodeModel::Model>, llvm::CodeGenOptLevel, bool) const /usr/lib/llvm-20/include/llvm/MC/TargetRegistry.h:462:12
    #7 0x55ca9163a09e in tsc::TargetRegistry::initializeAllTargets() /workspace/src/TargetRegistry.cpp:67:41
    #8 0x55ca9162bdcd in tsc::Compiler::initializeLLVM() /workspace/src/Compiler.cpp:349:14
    #9 0x55ca9162b8b7 in tsc::Compiler::Compiler(tsc::CompilerOptions const&) /workspace/src/Compiler.cpp:24:5
    #10 0x55ca915fd7b5 in main /workspace/src/main.cpp:191:18
    #11 0x7ff5c395a337  (/lib/x86_64-linux-gnu/libc.so.6+0x2a337) (BuildId: 467f544f15035abef911999cbc14489edd0555ab)
    #12 0x7ff5c395a3fa in __libc_start_main (/lib/x86_64-linux-gnu/libc.so.6+0x2a3fa) (BuildId: 467f544f15035abef911999cbc14489edd0555ab)
    #13 0x55ca91511b64 in _start (/workspace/build-asan/tsc+0x74b64) (BuildId: 73a10d7cc646a755f705b0ae57418e68578aec2f)

Indirect leak of 48 byte(s) in 1 object(s) allocated from:
    #0 0x55ca915fa191 in operator new(unsigned long) (/workspace/build-asan/tsc+0x15d191) (BuildId: 73a10d7cc646a755f705b0ae57418e68578aec2f)
    #1 0x7ff5c55781b6  (/usr/lib/llvm-20/lib/libLLVM.so.20.1+0x165c1b6) (BuildId: b856c61f98abf0989f157f153740fe0fadfbb760)
    #2 0x7ff5c7be9048  (/usr/lib/llvm-20/lib/libLLVM.so.20.1+0x3ccd048) (BuildId: b856c61f98abf0989f157f153740fe0fadfbb760)
    #3 0x7ff5c7c055da  (/usr/lib/llvm-20/lib/libLLVM.so.20.1+0x3ce95da) (BuildId: b856c61f98abf0989f157f153740fe0fadfbb760)
    #4 0x7ff5c7c06006  (/usr/lib/llvm-20/lib/libLLVM.so.20.1+0x3cea006) (BuildId: b856c61f98abf0989f157f153740fe0fadfbb760)
    #5 0x7ff5c7c07e74  (/usr/lib/llvm-20/lib/libLLVM.so.20.1+0x3cebe74) (BuildId: b856c61f98abf0989f157f153740fe0fadfbb760)
    #6 0x55ca91648523 in llvm::Target::createTargetMachine(llvm::StringRef, llvm::StringRef, llvm::StringRef, llvm::TargetOptions const&, std::optional<llvm::Reloc::Model>, std::optional<llvm::CodeModel::Model>, llvm::CodeGenOptLevel, bool) const /usr/lib/llvm-20/include/llvm/MC/TargetRegistry.h:462:12
    #7 0x55ca9163a09e in tsc::TargetRegistry::initializeAllTargets() /workspace/src/TargetRegistry.cpp:67:41
    #8 0x55ca9162bdcd in tsc::Compiler::initializeLLVM() /workspace/src/Compiler.cpp:349:14
    #9 0x55ca9162b8b7 in tsc::Compiler::Compiler(tsc::CompilerOptions const&) /workspace/src/Compiler.cpp:24:5
    #10 0x55ca915fd7b5 in main /workspace/src/main.cpp:191:18
    #11 0x7ff5c395a337  (/lib/x86_64-linux-gnu/libc.so.6+0x2a337) (BuildId: 467f544f15035abef911999cbc14489edd0555ab)
    #12 0x7ff5c395a3fa in __libc_start_main (/lib/x86_64-linux-gnu/libc.so.6+0x2a3fa) (BuildId: 467f544f15035abef911999cbc14489edd0555ab)
    #13 0x55ca91511b64 in _start (/workspace/build-asan/tsc+0x74b64) (BuildId: 73a10d7cc646a755f705b0ae57418e68578aec2f)

Indirect leak of 48 byte(s) in 1 object(s) allocated from:
    #0 0x55ca915fa191 in operator new(unsigned long) (/workspace/build-asan/tsc+0x15d191) (BuildId: 73a10d7cc646a755f705b0ae57418e68578aec2f)
    #1 0x7ff5c55781b6  (/usr/lib/llvm-20/lib/libLLVM.so.20.1+0x165c1b6) (BuildId: b856c61f98abf0989f157f153740fe0fadfbb760)
    #2 0x7ff5c7be8fff  (/usr/lib/llvm-20/lib/libLLVM.so.20.1+0x3cccfff) (BuildId: b856c61f98abf0989f157f153740fe0fadfbb760)
    #3 0x7ff5c7c055da  (/usr/lib/llvm-20/lib/libLLVM.so.20.1+0x3ce95da) (BuildId: b856c61f98abf0989f157f153740fe0fadfbb760)
    #4 0x7ff5c7c06006  (/usr/lib/llvm-20/lib/libLLVM.so.20.1+0x3cea006) (BuildId: b856c61f98abf0989f157f153740fe0fadfbb760)
    #5 0x7ff5c7c07e74  (/usr/lib/llvm-20/lib/libLLVM.so.20.1+0x3cebe74) (BuildId: b856c61f98abf0989f157f153740fe0fadfbb760)
    #6 0x55ca91648523 in llvm::Target::createTargetMachine(llvm::StringRef, llvm::StringRef, llvm::StringRef, llvm::TargetOptions const&, std::optional<llvm::Reloc::Model>, std::optional<llvm::CodeModel::Model>, llvm::CodeGenOptLevel, bool) const /usr/lib/llvm-20/include/llvm/MC/TargetRegistry.h:462:12
    #7 0x55ca9163a09e in tsc::TargetRegistry::initializeAllTargets() /workspace/src/TargetRegistry.cpp:67:41
    #8 0x55ca9162bdcd in tsc::Compiler::initializeLLVM() /workspace/src/Compiler.cpp:349:14
    #9 0x55ca9162b8b7 in tsc::Compiler::Compiler(tsc::CompilerOptions const&) /workspace/src/Compiler.cpp:24:5
    #10 0x55ca915fd7b5 in main /workspace/src/main.cpp:191:18
    #11 0x7ff5c395a337  (/lib/x86_64-linux-gnu/libc.so.6+0x2a337) (BuildId: 467f544f15035abef911999cbc14489edd0555ab)
    #12 0x7ff5c395a3fa in __libc_start_main (/lib/x86_64-linux-gnu/libc.so.6+0x2a3fa) (BuildId: 467f544f15035abef911999cbc14489edd0555ab)
    #13 0x55ca91511b64 in _start (/workspace/build-asan/tsc+0x74b64) (BuildId: 73a10d7cc646a755f705b0ae57418e68578aec2f)

Indirect leak of 48 byte(s) in 1 object(s) allocated from:
    #0 0x55ca915fa191 in operator new(unsigned long) (/workspace/build-asan/tsc+0x15d191) (BuildId: 73a10d7cc646a755f705b0ae57418e68578aec2f)
    #1 0x7ff5c55781b6  (/usr/lib/llvm-20/lib/libLLVM.so.20.1+0x165c1b6) (BuildId: b856c61f98abf0989f157f153740fe0fadfbb760)
    #2 0x7ff5c7be8f88  (/usr/lib/llvm-20/lib/libLLVM.so.20.1+0x3cccf88) (BuildId: b856c61f98abf0989f157f153740fe0fadfbb760)
    #3 0x7ff5c7c055da  (/usr/lib/llvm-20/lib/libLLVM.so.20.1+0x3ce95da) (BuildId: b856c61f98abf0989f157f153740fe0fadfbb760)
    #4 0x7ff5c7c06006  (/usr/lib/llvm-20/lib/libLLVM.so.20.1+0x3cea006) (BuildId: b856c61f98abf0989f157f153740fe0fadfbb760)
    #5 0x7ff5c7c07e74  (/usr/lib/llvm-20/lib/libLLVM.so.20.1+0x3cebe74) (BuildId: b856c61f98abf0989f157f153740fe0fadfbb760)
    #6 0x55ca91648523 in llvm::Target::createTargetMachine(llvm::StringRef, llvm::StringRef, llvm::StringRef, llvm::TargetOptions const&, std::optional<llvm::Reloc::Model>, std::optional<llvm::CodeModel::Model>, llvm::CodeGenOptLevel, bool) const /usr/lib/llvm-20/include/llvm/MC/TargetRegistry.h:462:12
    #7 0x55ca9163a09e in tsc::TargetRegistry::initializeAllTargets() /workspace/src/TargetRegistry.cpp:67:41
    #8 0x55ca9162bdcd in tsc::Compiler::initializeLLVM() /workspace/src/Compiler.cpp:349:14
    #9 0x55ca9162b8b7 in tsc::Compiler::Compiler(tsc::CompilerOptions const&) /workspace/src/Compiler.cpp:24:5
    #10 0x55ca915fd7b5 in main /workspace/src/main.cpp:191:18
    #11 0x7ff5c395a337  (/lib/x86_64-linux-gnu/libc.so.6+0x2a337) (BuildId: 467f544f15035abef911999cbc14489edd0555ab)
    #12 0x7ff5c395a3fa in __libc_start_main (/lib/x86_64-linux-gnu/libc.so.6+0x2a3fa) (BuildId: 467f544f15035abef911999cbc14489edd0555ab)
    #13 0x55ca91511b64 in _start (/workspace/build-asan/tsc+0x74b64) (BuildId: 73a10d7cc646a755f705b0ae57418e68578aec2f)

Indirect leak of 48 byte(s) in 1 object(s) allocated from:
    #0 0x55ca915fa191 in operator new(unsigned long) (/workspace/build-asan/tsc+0x15d191) (BuildId: 73a10d7cc646a755f705b0ae57418e68578aec2f)
    #1 0x7ff5c55781b6  (/usr/lib/llvm-20/lib/libLLVM.so.20.1+0x165c1b6) (BuildId: b856c61f98abf0989f157f153740fe0fadfbb760)
    #2 0x7ff5c7be8372  (/usr/lib/llvm-20/lib/libLLVM.so.20.1+0x3ccc372) (BuildId: b856c61f98abf0989f157f153740fe0fadfbb760)
    #3 0x7ff5c7c055da  (/usr/lib/llvm-20/lib/libLLVM.so.20.1+0x3ce95da) (BuildId: b856c61f98abf0989f157f153740fe0fadfbb760)
    #4 0x7ff5c7c06006  (/usr/lib/llvm-20/lib/libLLVM.so.20.1+0x3cea006) (BuildId: b856c61f98abf0989f157f153740fe0fadfbb760)
    #5 0x7ff5c7c07e74  (/usr/lib/llvm-20/lib/libLLVM.so.20.1+0x3cebe74) (BuildId: b856c61f98abf0989f157f153740fe0fadfbb760)
    #6 0x55ca91648523 in llvm::Target::createTargetMachine(llvm::StringRef, llvm::StringRef, llvm::StringRef, llvm::TargetOptions const&, std::optional<llvm::Reloc::Model>, std::optional<llvm::CodeModel::Model>, llvm::CodeGenOptLevel, bool) const /usr/lib/llvm-20/include/llvm/MC/TargetRegistry.h:462:12
    #7 0x55ca9163a09e in tsc::TargetRegistry::initializeAllTargets() /workspace/src/TargetRegistry.cpp:67:41
    #8 0x55ca9162bdcd in tsc::Compiler::initializeLLVM() /workspace/src/Compiler.cpp:349:14
    #9 0x55ca9162b8b7 in tsc::Compiler::Compiler(tsc::CompilerOptions const&) /workspace/src/Compiler.cpp:24:5
    #10 0x55ca915fd7b5 in main /workspace/src/main.cpp:191:18
    #11 0x7ff5c395a337  (/lib/x86_64-linux-gnu/libc.so.6+0x2a337) (BuildId: 467f544f15035abef911999cbc14489edd0555ab)
    #12 0x7ff5c395a3fa in __libc_start_main (/lib/x86_64-linux-gnu/libc.so.6+0x2a3fa) (BuildId: 467f544f15035abef911999cbc14489edd0555ab)
    #13 0x55ca91511b64 in _start (/workspace/build-asan/tsc+0x74b64) (BuildId: 73a10d7cc646a755f705b0ae57418e68578aec2f)

Indirect leak of 48 byte(s) in 1 object(s) allocated from:
    #0 0x55ca915fa191 in operator new(unsigned long) (/workspace/build-asan/tsc+0x15d191) (BuildId: 73a10d7cc646a755f705b0ae57418e68578aec2f)
    #1 0x7ff5c7c310b1  (/usr/lib/llvm-20/lib/libLLVM.so.20.1+0x3d150b1) (BuildId: b856c61f98abf0989f157f153740fe0fadfbb760)
    #2 0x7ff5c52d0707 in llvm::CodeGenTargetMachineImpl::initAsmInfo() (/usr/lib/llvm-20/lib/libLLVM.so.20.1+0x13b4707) (BuildId: b856c61f98abf0989f157f153740fe0fadfbb760)
    #3 0x7ff5c7c060c4  (/usr/lib/llvm-20/lib/libLLVM.so.20.1+0x3cea0c4) (BuildId: b856c61f98abf0989f157f153740fe0fadfbb760)
    #4 0x7ff5c7c07f34  (/usr/lib/llvm-20/lib/libLLVM.so.20.1+0x3cebf34) (BuildId: b856c61f98abf0989f157f153740fe0fadfbb760)
    #5 0x55ca91648523 in llvm::Target::createTargetMachine(llvm::StringRef, llvm::StringRef, llvm::StringRef, llvm::TargetOptions const&, std::optional<llvm::Reloc::Model>, std::optional<llvm::CodeModel::Model>, llvm::CodeGenOptLevel, bool) const /usr/lib/llvm-20/include/llvm/MC/TargetRegistry.h:462:12
    #6 0x55ca9163a09e in tsc::TargetRegistry::initializeAllTargets() /workspace/src/TargetRegistry.cpp:67:41
    #7 0x55ca9162bdcd in tsc::Compiler::initializeLLVM() /workspace/src/Compiler.cpp:349:14
    #8 0x55ca9162b8b7 in tsc::Compiler::Compiler(tsc::CompilerOptions const&) /workspace/src/Compiler.cpp:24:5
    #9 0x55ca915fd7b5 in main /workspace/src/main.cpp:191:18
    #10 0x7ff5c395a337  (/lib/x86_64-linux-gnu/libc.so.6+0x2a337) (BuildId: 467f544f15035abef911999cbc14489edd0555ab)
    #11 0x7ff5c395a3fa in __libc_start_main (/lib/x86_64-linux-gnu/libc.so.6+0x2a3fa) (BuildId: 467f544f15035abef911999cbc14489edd0555ab)
    #12 0x55ca91511b64 in _start (/workspace/build-asan/tsc+0x74b64) (BuildId: 73a10d7cc646a755f705b0ae57418e68578aec2f)

Indirect leak of 48 byte(s) in 1 object(s) allocated from:
    #0 0x55ca915fa191 in operator new(unsigned long) (/workspace/build-asan/tsc+0x15d191) (BuildId: 73a10d7cc646a755f705b0ae57418e68578aec2f)
    #1 0x7ff5c55781b6  (/usr/lib/llvm-20/lib/libLLVM.so.20.1+0x165c1b6) (BuildId: b856c61f98abf0989f157f153740fe0fadfbb760)
    #2 0x7ff5c7be91d1  (/usr/lib/llvm-20/lib/libLLVM.so.20.1+0x3ccd1d1) (BuildId: b856c61f98abf0989f157f153740fe0fadfbb760)
    #3 0x7ff5c7c055da  (/usr/lib/llvm-20/lib/libLLVM.so.20.1+0x3ce95da) (BuildId: b856c61f98abf0989f157f153740fe0fadfbb760)
    #4 0x7ff5c7c06006  (/usr/lib/llvm-20/lib/libLLVM.so.20.1+0x3cea006) (BuildId: b856c61f98abf0989f157f153740fe0fadfbb760)
    #5 0x7ff5c7c07f34  (/usr/lib/llvm-20/lib/libLLVM.so.20.1+0x3cebf34) (BuildId: b856c61f98abf0989f157f153740fe0fadfbb760)
    #6 0x55ca91648523 in llvm::Target::createTargetMachine(llvm::StringRef, llvm::StringRef, llvm::StringRef, llvm::TargetOptions const&, std::optional<llvm::Reloc::Model>, std::optional<llvm::CodeModel::Model>, llvm::CodeGenOptLevel, bool) const /usr/lib/llvm-20/include/llvm/MC/TargetRegistry.h:462:12
    #7 0x55ca9163a09e in tsc::TargetRegistry::initializeAllTargets() /workspace/src/TargetRegistry.cpp:67:41
    #8 0x55ca9162bdcd in tsc::Compiler::initializeLLVM() /workspace/src/Compiler.cpp:349:14
    #9 0x55ca9162b8b7 in tsc::Compiler::Compiler(tsc::CompilerOptions const&) /workspace/src/Compiler.cpp:24:5
    #10 0x55ca915fd7b5 in main /workspace/src/main.cpp:191:18
    #11 0x7ff5c395a337  (/lib/x86_64-linux-gnu/libc.so.6+0x2a337) (BuildId: 467f544f15035abef911999cbc14489edd0555ab)
    #12 0x7ff5c395a3fa in __libc_start_main (/lib/x86_64-linux-gnu/libc.so.6+0x2a3fa) (BuildId: 467f544f15035abef911999cbc14489edd0555ab)
    #13 0x55ca91511b64 in _start (/workspace/build-asan/tsc+0x74b64) (BuildId: 73a10d7cc646a755f705b0ae57418e68578aec2f)

Indirect leak of 48 byte(s) in 1 object(s) allocated from:
    #0 0x55ca915fa191 in operator new(unsigned long) (/workspace/build-asan/tsc+0x15d191) (BuildId: 73a10d7cc646a755f705b0ae57418e68578aec2f)
    #1 0x7ff5c55781b6  (/usr/lib/llvm-20/lib/libLLVM.so.20.1+0x165c1b6) (BuildId: b856c61f98abf0989f157f153740fe0fadfbb760)
    #2 0x7ff5c7be912c  (/usr/lib/llvm-20/lib/libLLVM.so.20.1+0x3ccd12c) (BuildId: b856c61f98abf0989f157f153740fe0fadfbb760)
    #3 0x7ff5c7c055da  (/usr/lib/llvm-20/lib/libLLVM.so.20.1+0x3ce95da) (BuildId: b856c61f98abf0989f157f153740fe0fadfbb760)
    #4 0x7ff5c7c06006  (/usr/lib/llvm-20/lib/libLLVM.so.20.1+0x3cea006) (BuildId: b856c61f98abf0989f157f153740fe0fadfbb760)
    #5 0x7ff5c7c07f34  (/usr/lib/llvm-20/lib/libLLVM.so.20.1+0x3cebf34) (BuildId: b856c61f98abf0989f157f153740fe0fadfbb760)
    #6 0x55ca91648523 in llvm::Target::createTargetMachine(llvm::StringRef, llvm::StringRef, llvm::StringRef, llvm::TargetOptions const&, std::optional<llvm::Reloc::Model>, std::optional<llvm::CodeModel::Model>, llvm::CodeGenOptLevel, bool) const /usr/lib/llvm-20/include/llvm/MC/TargetRegistry.h:462:12
    #7 0x55ca9163a09e in tsc::TargetRegistry::initializeAllTargets() /workspace/src/TargetRegistry.cpp:67:41
    #8 0x55ca9162bdcd in tsc::Compiler::initializeLLVM() /workspace/src/Compiler.cpp:349:14
    #9 0x55ca9162b8b7 in tsc::Compiler::Compiler(tsc::CompilerOptions const&) /workspace/src/Compiler.cpp:24:5
    #10 0x55ca915fd7b5 in main /workspace/src/main.cpp:191:18
    #11 0x7ff5c395a337  (/lib/x86_64-linux-gnu/libc.so.6+0x2a337) (BuildId: 467f544f15035abef911999cbc14489edd0555ab)
    #12 0x7ff5c395a3fa in __libc_start_main (/lib/x86_64-linux-gnu/libc.so.6+0x2a3fa) (BuildId: 467f544f15035abef911999cbc14489edd0555ab)
    #13 0x55ca91511b64 in _start (/workspace/build-asan/tsc+0x74b64) (BuildId: 73a10d7cc646a755f705b0ae57418e68578aec2f)

Indirect leak of 48 byte(s) in 1 object(s) allocated from:
    #0 0x55ca915fa191 in operator new(unsigned long) (/workspace/build-asan/tsc+0x15d191) (BuildId: 73a10d7cc646a755f705b0ae57418e68578aec2f)
    #1 0x7ff5c55781b6  (/usr/lib/llvm-20/lib/libLLVM.so.20.1+0x165c1b6) (BuildId: b856c61f98abf0989f157f153740fe0fadfbb760)
    #2 0x7ff5c7be90e0  (/usr/lib/llvm-20/lib/libLLVM.so.20.1+0x3ccd0e0) (BuildId: b856c61f98abf0989f157f153740fe0fadfbb760)
    #3 0x7ff5c7c055da  (/usr/lib/llvm-20/lib/libLLVM.so.20.1+0x3ce95da) (BuildId: b856c61f98abf0989f157f153740fe0fadfbb760)
    #4 0x7ff5c7c06006  (/usr/lib/llvm-20/lib/libLLVM.so.20.1+0x3cea006) (BuildId: b856c61f98abf0989f157f153740fe0fadfbb760)
    #5 0x7ff5c7c07f34  (/usr/lib/llvm-20/lib/libLLVM.so.20.1+0x3cebf34) (BuildId: b856c61f98abf0989f157f153740fe0fadfbb760)
    #6 0x55ca91648523 in llvm::Target::createTargetMachine(llvm::StringRef, llvm::StringRef, llvm::StringRef, llvm::TargetOptions const&, std::optional<llvm::Reloc::Model>, std::optional<llvm::CodeModel::Model>, llvm::CodeGenOptLevel, bool) const /usr/lib/llvm-20/include/llvm/MC/TargetRegistry.h:462:12
    #7 0x55ca9163a09e in tsc::TargetRegistry::initializeAllTargets() /workspace/src/TargetRegistry.cpp:67:41
    #8 0x55ca9162bdcd in tsc::Compiler::initializeLLVM() /workspace/src/Compiler.cpp:349:14
    #9 0x55ca9162b8b7 in tsc::Compiler::Compiler(tsc::CompilerOptions const&) /workspace/src/Compiler.cpp:24:5
    #10 0x55ca915fd7b5 in main /workspace/src/main.cpp:191:18
    #11 0x7ff5c395a337  (/lib/x86_64-linux-gnu/libc.so.6+0x2a337) (BuildId: 467f544f15035abef911999cbc14489edd0555ab)
    #12 0x7ff5c395a3fa in __libc_start_main (/lib/x86_64-linux-gnu/libc.so.6+0x2a3fa) (BuildId: 467f544f15035abef911999cbc14489edd0555ab)
    #13 0x55ca91511b64 in _start (/workspace/build-asan/tsc+0x74b64) (BuildId: 73a10d7cc646a755f705b0ae57418e68578aec2f)

Indirect leak of 48 byte(s) in 1 object(s) allocated from:
    #0 0x55ca915fa191 in operator new(unsigned long) (/workspace/build-asan/tsc+0x15d191) (BuildId: 73a10d7cc646a755f705b0ae57418e68578aec2f)
    #1 0x7ff5c55781b6  (/usr/lib/llvm-20/lib/libLLVM.so.20.1+0x165c1b6) (BuildId: b856c61f98abf0989f157f153740fe0fadfbb760)
    #2 0x7ff5c7be9094  (/usr/lib/llvm-20/lib/libLLVM.so.20.1+0x3ccd094) (BuildId: b856c61f98abf0989f157f153740fe0fadfbb760)
    #3 0x7ff5c7c055da  (/usr/lib/llvm-20/lib/libLLVM.so.20.1+0x3ce95da) (BuildId: b856c61f98abf0989f157f153740fe0fadfbb760)
    #4 0x7ff5c7c06006  (/usr/lib/llvm-20/lib/libLLVM.so.20.1+0x3cea006) (BuildId: b856c61f98abf0989f157f153740fe0fadfbb760)
    #5 0x7ff5c7c07f34  (/usr/lib/llvm-20/lib/libLLVM.so.20.1+0x3cebf34) (BuildId: b856c61f98abf0989f157f153740fe0fadfbb760)
    #6 0x55ca91648523 in llvm::Target::createTargetMachine(llvm::StringRef, llvm::StringRef, llvm::StringRef, llvm::TargetOptions const&, std::optional<llvm::Reloc::Model>, std::optional<llvm::CodeModel::Model>, llvm::CodeGenOptLevel, bool) const /usr/lib/llvm-20/include/llvm/MC/TargetRegistry.h:462:12
    #7 0x55ca9163a09e in tsc::TargetRegistry::initializeAllTargets() /workspace/src/TargetRegistry.cpp:67:41
    #8 0x55ca9162bdcd in tsc::Compiler::initializeLLVM() /workspace/src/Compiler.cpp:349:14
    #9 0x55ca9162b8b7 in tsc::Compiler::Compiler(tsc::CompilerOptions const&) /workspace/src/Compiler.cpp:24:5
    #10 0x55ca915fd7b5 in main /workspace/src/main.cpp:191:18
    #11 0x7ff5c395a337  (/lib/x86_64-linux-gnu/libc.so.6+0x2a337) (BuildId: 467f544f15035abef911999cbc14489edd0555ab)
    #12 0x7ff5c395a3fa in __libc_start_main (/lib/x86_64-linux-gnu/libc.so.6+0x2a3fa) (BuildId: 467f544f15035abef911999cbc14489edd0555ab)
    #13 0x55ca91511b64 in _start (/workspace/build-asan/tsc+0x74b64) (BuildId: 73a10d7cc646a755f705b0ae57418e68578aec2f)

Indirect leak of 48 byte(s) in 1 object(s) allocated from:
    #0 0x55ca915fa191 in operator new(unsigned long) (/workspace/build-asan/tsc+0x15d191) (BuildId: 73a10d7cc646a755f705b0ae57418e68578aec2f)
    #1 0x7ff5c55781b6  (/usr/lib/llvm-20/lib/libLLVM.so.20.1+0x165c1b6) (BuildId: b856c61f98abf0989f157f153740fe0fadfbb760)
    #2 0x7ff5c7be9048  (/usr/lib/llvm-20/lib/libLLVM.so.20.1+0x3ccd048) (BuildId: b856c61f98abf0989f157f153740fe0fadfbb760)
    #3 0x7ff5c7c055da  (/usr/lib/llvm-20/lib/libLLVM.so.20.1+0x3ce95da) (BuildId: b856c61f98abf0989f157f153740fe0fadfbb760)
    #4 0x7ff5c7c06006  (/usr/lib/llvm-20/lib/libLLVM.so.20.1+0x3cea006) (BuildId: b856c61f98abf0989f157f153740fe0fadfbb760)
    #5 0x7ff5c7c07f34  (/usr/lib/llvm-20/lib/libLLVM.so.20.1+0x3cebf34) (BuildId: b856c61f98abf0989f157f153740fe0fadfbb760)
    #6 0x55ca91648523 in llvm::Target::createTargetMachine(llvm::StringRef, llvm::StringRef, llvm::StringRef, llvm::TargetOptions const&, std::optional<llvm::Reloc::Model>, std::optional<llvm::CodeModel::Model>, llvm::CodeGenOptLevel, bool) const /usr/lib/llvm-20/include/llvm/MC/TargetRegistry.h:462:12
    #7 0x55ca9163a09e in tsc::TargetRegistry::initializeAllTargets() /workspace/src/TargetRegistry.cpp:67:41
    #8 0x55ca9162bdcd in tsc::Compiler::initializeLLVM() /workspace/src/Compiler.cpp:349:14
    #9 0x55ca9162b8b7 in tsc::Compiler::Compiler(tsc::CompilerOptions const&) /workspace/src/Compiler.cpp:24:5
    #10 0x55ca915fd7b5 in main /workspace/src/main.cpp:191:18
    #11 0x7ff5c395a337  (/lib/x86_64-linux-gnu/libc.so.6+0x2a337) (BuildId: 467f544f15035abef911999cbc14489edd0555ab)
    #12 0x7ff5c395a3fa in __libc_start_main (/lib/x86_64-linux-gnu/libc.so.6+0x2a3fa) (BuildId: 467f544f15035abef911999cbc14489edd0555ab)
    #13 0x55ca91511b64 in _start (/workspace/build-asan/tsc+0x74b64) (BuildId: 73a10d7cc646a755f705b0ae57418e68578aec2f)

Indirect leak of 48 byte(s) in 1 object(s) allocated from:
    #0 0x55ca915fa191 in operator new(unsigned long) (/workspace/build-asan/tsc+0x15d191) (BuildId: 73a10d7cc646a755f705b0ae57418e68578aec2f)
    #1 0x7ff5c55781b6  (/usr/lib/llvm-20/lib/libLLVM.so.20.1+0x165c1b6) (BuildId: b856c61f98abf0989f157f153740fe0fadfbb760)
    #2 0x7ff5c7be8fff  (/usr/lib/llvm-20/lib/libLLVM.so.20.1+0x3cccfff) (BuildId: b856c61f98abf0989f157f153740fe0fadfbb760)
    #3 0x7ff5c7c055da  (/usr/lib/llvm-20/lib/libLLVM.so.20.1+0x3ce95da) (BuildId: b856c61f98abf0989f157f153740fe0fadfbb760)
    #4 0x7ff5c7c06006  (/usr/lib/llvm-20/lib/libLLVM.so.20.1+0x3cea006) (BuildId: b856c61f98abf0989f157f153740fe0fadfbb760)
    #5 0x7ff5c7c07f34  (/usr/lib/llvm-20/lib/libLLVM.so.20.1+0x3cebf34) (BuildId: b856c61f98abf0989f157f153740fe0fadfbb760)
    #6 0x55ca91648523 in llvm::Target::createTargetMachine(llvm::StringRef, llvm::StringRef, llvm::StringRef, llvm::TargetOptions const&, std::optional<llvm::Reloc::Model>, std::optional<llvm::CodeModel::Model>, llvm::CodeGenOptLevel, bool) const /usr/lib/llvm-20/include/llvm/MC/TargetRegistry.h:462:12
    #7 0x55ca9163a09e in tsc::TargetRegistry::initializeAllTargets() /workspace/src/TargetRegistry.cpp:67:41
    #8 0x55ca9162bdcd in tsc::Compiler::initializeLLVM() /workspace/src/Compiler.cpp:349:14
    #9 0x55ca9162b8b7 in tsc::Compiler::Compiler(tsc::CompilerOptions const&) /workspace/src/Compiler.cpp:24:5
    #10 0x55ca915fd7b5 in main /workspace/src/main.cpp:191:18
    #11 0x7ff5c395a337  (/lib/x86_64-linux-gnu/libc.so.6+0x2a337) (BuildId: 467f544f15035abef911999cbc14489edd0555ab)
    #12 0x7ff5c395a3fa in __libc_start_main (/lib/x86_64-linux-gnu/libc.so.6+0x2a3fa) (BuildId: 467f544f15035abef911999cbc14489edd0555ab)
    #13 0x55ca91511b64 in _start (/workspace/build-asan/tsc+0x74b64) (BuildId: 73a10d7cc646a755f705b0ae57418e68578aec2f)

Indirect leak of 48 byte(s) in 1 object(s) allocated from:
    #0 0x55ca915fa191 in operator new(unsigned long) (/workspace/build-asan/tsc+0x15d191) (BuildId: 73a10d7cc646a755f705b0ae57418e68578aec2f)
    #1 0x7ff5c55781b6  (/usr/lib/llvm-20/lib/libLLVM.so.20.1+0x165c1b6) (BuildId: b856c61f98abf0989f157f153740fe0fadfbb760)
    #2 0x7ff5c7be8f88  (/usr/lib/llvm-20/lib/libLLVM.so.20.1+0x3cccf88) (BuildId: b856c61f98abf0989f157f153740fe0fadfbb760)
    #3 0x7ff5c7c055da  (/usr/lib/llvm-20/lib/libLLVM.so.20.1+0x3ce95da) (BuildId: b856c61f98abf0989f157f153740fe0fadfbb760)
    #4 0x7ff5c7c06006  (/usr/lib/llvm-20/lib/libLLVM.so.20.1+0x3cea006) (BuildId: b856c61f98abf0989f157f153740fe0fadfbb760)
    #5 0x7ff5c7c07f34  (/usr/lib/llvm-20/lib/libLLVM.so.20.1+0x3cebf34) (BuildId: b856c61f98abf0989f157f153740fe0fadfbb760)
    #6 0x55ca91648523 in llvm::Target::createTargetMachine(llvm::StringRef, llvm::StringRef, llvm::StringRef, llvm::TargetOptions const&, std::optional<llvm::Reloc::Model>, std::optional<llvm::CodeModel::Model>, llvm::CodeGenOptLevel, bool) const /usr/lib/llvm-20/include/llvm/MC/TargetRegistry.h:462:12
    #7 0x55ca9163a09e in tsc::TargetRegistry::initializeAllTargets() /workspace/src/TargetRegistry.cpp:67:41
    #8 0x55ca9162bdcd in tsc::Compiler::initializeLLVM() /workspace/src/Compiler.cpp:349:14
    #9 0x55ca9162b8b7 in tsc::Compiler::Compiler(tsc::CompilerOptions const&) /workspace/src/Compiler.cpp:24:5
    #10 0x55ca915fd7b5 in main /workspace/src/main.cpp:191:18
    #11 0x7ff5c395a337  (/lib/x86_64-linux-gnu/libc.so.6+0x2a337) (BuildId: 467f544f15035abef911999cbc14489edd0555ab)
    #12 0x7ff5c395a3fa in __libc_start_main (/lib/x86_64-linux-gnu/libc.so.6+0x2a3fa) (BuildId: 467f544f15035abef911999cbc14489edd0555ab)
    #13 0x55ca91511b64 in _start (/workspace/build-asan/tsc+0x74b64) (BuildId: 73a10d7cc646a755f705b0ae57418e68578aec2f)

Indirect leak of 48 byte(s) in 1 object(s) allocated from:
    #0 0x55ca915fa191 in operator new(unsigned long) (/workspace/build-asan/tsc+0x15d191) (BuildId: 73a10d7cc646a755f705b0ae57418e68578aec2f)
    #1 0x7ff5c55781b6  (/usr/lib/llvm-20/lib/libLLVM.so.20.1+0x165c1b6) (BuildId: b856c61f98abf0989f157f153740fe0fadfbb760)
    #2 0x7ff5c7be8372  (/usr/lib/llvm-20/lib/libLLVM.so.20.1+0x3ccc372) (BuildId: b856c61f98abf0989f157f153740fe0fadfbb760)
    #3 0x7ff5c7c055da  (/usr/lib/llvm-20/lib/libLLVM.so.20.1+0x3ce95da) (BuildId: b856c61f98abf0989f157f153740fe0fadfbb760)
    #4 0x7ff5c7c06006  (/usr/lib/llvm-20/lib/libLLVM.so.20.1+0x3cea006) (BuildId: b856c61f98abf0989f157f153740fe0fadfbb760)
    #5 0x7ff5c7c07f34  (/usr/lib/llvm-20/lib/libLLVM.so.20.1+0x3cebf34) (BuildId: b856c61f98abf0989f157f153740fe0fadfbb760)
    #6 0x55ca91648523 in llvm::Target::createTargetMachine(llvm::StringRef, llvm::StringRef, llvm::StringRef, llvm::TargetOptions const&, std::optional<llvm::Reloc::Model>, std::optional<llvm::CodeModel::Model>, llvm::CodeGenOptLevel, bool) const /usr/lib/llvm-20/include/llvm/MC/TargetRegistry.h:462:12
    #7 0x55ca9163a09e in tsc::TargetRegistry::initializeAllTargets() /workspace/src/TargetRegistry.cpp:67:41
    #8 0x55ca9162bdcd in tsc::Compiler::initializeLLVM() /workspace/src/Compiler.cpp:349:14
    #9 0x55ca9162b8b7 in tsc::Compiler::Compiler(tsc::CompilerOptions const&) /workspace/src/Compiler.cpp:24:5
    #10 0x55ca915fd7b5 in main /workspace/src/main.cpp:191:18
    #11 0x7ff5c395a337  (/lib/x86_64-linux-gnu/libc.so.6+0x2a337) (BuildId: 467f544f15035abef911999cbc14489edd0555ab)
    #12 0x7ff5c395a3fa in __libc_start_main (/lib/x86_64-linux-gnu/libc.so.6+0x2a3fa) (BuildId: 467f544f15035abef911999cbc14489edd0555ab)
    #13 0x55ca91511b64 in _start (/workspace/build-asan/tsc+0x74b64) (BuildId: 73a10d7cc646a755f705b0ae57418e68578aec2f)

Indirect leak of 48 byte(s) in 1 object(s) allocated from:
    #0 0x55ca915fa191 in operator new(unsigned long) (/workspace/build-asan/tsc+0x15d191) (BuildId: 73a10d7cc646a755f705b0ae57418e68578aec2f)
    #1 0x7ff5c7ee5f01  (/usr/lib/llvm-20/lib/libLLVM.so.20.1+0x3fc9f01) (BuildId: b856c61f98abf0989f157f153740fe0fadfbb760)
    #2 0x7ff5c52d0707 in llvm::CodeGenTargetMachineImpl::initAsmInfo() (/usr/lib/llvm-20/lib/libLLVM.so.20.1+0x13b4707) (BuildId: b856c61f98abf0989f157f153740fe0fadfbb760)
    #3 0x7ff5c7ed4b76  (/usr/lib/llvm-20/lib/libLLVM.so.20.1+0x3fb8b76) (BuildId: b856c61f98abf0989f157f153740fe0fadfbb760)
    #4 0x7ff5c7ed569c  (/usr/lib/llvm-20/lib/libLLVM.so.20.1+0x3fb969c) (BuildId: b856c61f98abf0989f157f153740fe0fadfbb760)
    #5 0x55ca91648523 in llvm::Target::createTargetMachine(llvm::StringRef, llvm::StringRef, llvm::StringRef, llvm::TargetOptions const&, std::optional<llvm::Reloc::Model>, std::optional<llvm::CodeModel::Model>, llvm::CodeGenOptLevel, bool) const /usr/lib/llvm-20/include/llvm/MC/TargetRegistry.h:462:12
    #6 0x55ca9163a09e in tsc::TargetRegistry::initializeAllTargets() /workspace/src/TargetRegistry.cpp:67:41
    #7 0x55ca9162bdcd in tsc::Compiler::initializeLLVM() /workspace/src/Compiler.cpp:349:14
    #8 0x55ca9162b8b7 in tsc::Compiler::Compiler(tsc::CompilerOptions const&) /workspace/src/Compiler.cpp:24:5
    #9 0x55ca915fd7b5 in main /workspace/src/main.cpp:191:18
    #10 0x7ff5c395a337  (/lib/x86_64-linux-gnu/libc.so.6+0x2a337) (BuildId: 467f544f15035abef911999cbc14489edd0555ab)
    #11 0x7ff5c395a3fa in __libc_start_main (/lib/x86_64-linux-gnu/libc.so.6+0x2a3fa) (BuildId: 467f544f15035abef911999cbc14489edd0555ab)
    #12 0x55ca91511b64 in _start (/workspace/build-asan/tsc+0x74b64) (BuildId: 73a10d7cc646a755f705b0ae57418e68578aec2f)

Indirect leak of 48 byte(s) in 1 object(s) allocated from:
    #0 0x55ca915fa191 in operator new(unsigned long) (/workspace/build-asan/tsc+0x15d191) (BuildId: 73a10d7cc646a755f705b0ae57418e68578aec2f)
    #1 0x7ff5c7ee5f01  (/usr/lib/llvm-20/lib/libLLVM.so.20.1+0x3fc9f01) (BuildId: b856c61f98abf0989f157f153740fe0fadfbb760)
    #2 0x7ff5c52d0707 in llvm::CodeGenTargetMachineImpl::initAsmInfo() (/usr/lib/llvm-20/lib/libLLVM.so.20.1+0x13b4707) (BuildId: b856c61f98abf0989f157f153740fe0fadfbb760)
    #3 0x7ff5c7ed4b76  (/usr/lib/llvm-20/lib/libLLVM.so.20.1+0x3fb8b76) (BuildId: b856c61f98abf0989f157f153740fe0fadfbb760)
    #4 0x7ff5c7ed575c  (/usr/lib/llvm-20/lib/libLLVM.so.20.1+0x3fb975c) (BuildId: b856c61f98abf0989f157f153740fe0fadfbb760)
    #5 0x55ca91648523 in llvm::Target::createTargetMachine(llvm::StringRef, llvm::StringRef, llvm::StringRef, llvm::TargetOptions const&, std::optional<llvm::Reloc::Model>, std::optional<llvm::CodeModel::Model>, llvm::CodeGenOptLevel, bool) const /usr/lib/llvm-20/include/llvm/MC/TargetRegistry.h:462:12
    #6 0x55ca9163a09e in tsc::TargetRegistry::initializeAllTargets() /workspace/src/TargetRegistry.cpp:67:41
    #7 0x55ca9162bdcd in tsc::Compiler::initializeLLVM() /workspace/src/Compiler.cpp:349:14
    #8 0x55ca9162b8b7 in tsc::Compiler::Compiler(tsc::CompilerOptions const&) /workspace/src/Compiler.cpp:24:5
    #9 0x55ca915fd7b5 in main /workspace/src/main.cpp:191:18
    #10 0x7ff5c395a337  (/lib/x86_64-linux-gnu/libc.so.6+0x2a337) (BuildId: 467f544f15035abef911999cbc14489edd0555ab)
    #11 0x7ff5c395a3fa in __libc_start_main (/lib/x86_64-linux-gnu/libc.so.6+0x2a3fa) (BuildId: 467f544f15035abef911999cbc14489edd0555ab)
    #12 0x55ca91511b64 in _start (/workspace/build-asan/tsc+0x74b64) (BuildId: 73a10d7cc646a755f705b0ae57418e68578aec2f)

Indirect leak of 48 byte(s) in 1 object(s) allocated from:
    #0 0x55ca915fa191 in operator new(unsigned long) (/workspace/build-asan/tsc+0x15d191) (BuildId: 73a10d7cc646a755f705b0ae57418e68578aec2f)
    #1 0x7ff5c7ee5f01  (/usr/lib/llvm-20/lib/libLLVM.so.20.1+0x3fc9f01) (BuildId: b856c61f98abf0989f157f153740fe0fadfbb760)
    #2 0x7ff5c52d0707 in llvm::CodeGenTargetMachineImpl::initAsmInfo() (/usr/lib/llvm-20/lib/libLLVM.so.20.1+0x13b4707) (BuildId: b856c61f98abf0989f157f153740fe0fadfbb760)
    #3 0x7ff5c7ed4b76  (/usr/lib/llvm-20/lib/libLLVM.so.20.1+0x3fb8b76) (BuildId: b856c61f98abf0989f157f153740fe0fadfbb760)
    #4 0x7ff5c7ed581c  (/usr/lib/llvm-20/lib/libLLVM.so.20.1+0x3fb981c) (BuildId: b856c61f98abf0989f157f153740fe0fadfbb760)
    #5 0x55ca91648523 in llvm::Target::createTargetMachine(llvm::StringRef, llvm::StringRef, llvm::StringRef, llvm::TargetOptions const&, std::optional<llvm::Reloc::Model>, std::optional<llvm::CodeModel::Model>, llvm::CodeGenOptLevel, bool) const /usr/lib/llvm-20/include/llvm/MC/TargetRegistry.h:462:12
    #6 0x55ca9163a09e in tsc::TargetRegistry::initializeAllTargets() /workspace/src/TargetRegistry.cpp:67:41
    #7 0x55ca9162bdcd in tsc::Compiler::initializeLLVM() /workspace/src/Compiler.cpp:349:14
    #8 0x55ca9162b8b7 in tsc::Compiler::Compiler(tsc::CompilerOptions const&) /workspace/src/Compiler.cpp:24:5
    #9 0x55ca915fd7b5 in main /workspace/src/main.cpp:191:18
    #10 0x7ff5c395a337  (/lib/x86_64-linux-gnu/libc.so.6+0x2a337) (BuildId: 467f544f15035abef911999cbc14489edd0555ab)
    #11 0x7ff5c395a3fa in __libc_start_main (/lib/x86_64-linux-gnu/libc.so.6+0x2a3fa) (BuildId: 467f544f15035abef911999cbc14489edd0555ab)
    #12 0x55ca91511b64 in _start (/workspace/build-asan/tsc+0x74b64) (BuildId: 73a10d7cc646a755f705b0ae57418e68578aec2f)

Indirect leak of 48 byte(s) in 1 object(s) allocated from:
    #0 0x55ca915fa191 in operator new(unsigned long) (/workspace/build-asan/tsc+0x15d191) (BuildId: 73a10d7cc646a755f705b0ae57418e68578aec2f)
    #1 0x7ff5c803d381  (/usr/lib/llvm-20/lib/libLLVM.so.20.1+0x4121381) (BuildId: b856c61f98abf0989f157f153740fe0fadfbb760)
    #2 0x7ff5c52d0707 in llvm::CodeGenTargetMachineImpl::initAsmInfo() (/usr/lib/llvm-20/lib/libLLVM.so.20.1+0x13b4707) (BuildId: b856c61f98abf0989f157f153740fe0fadfbb760)
    #3 0x7ff5c8007c26  (/usr/lib/llvm-20/lib/libLLVM.so.20.1+0x40ebc26) (BuildId: b856c61f98abf0989f157f153740fe0fadfbb760)
    #4 0x7ff5c8008a0d  (/usr/lib/llvm-20/lib/libLLVM.so.20.1+0x40eca0d) (BuildId: b856c61f98abf0989f157f153740fe0fadfbb760)
    #5 0x55ca91648523 in llvm::Target::createTargetMachine(llvm::StringRef, llvm::StringRef, llvm::StringRef, llvm::TargetOptions const&, std::optional<llvm::Reloc::Model>, std::optional<llvm::CodeModel::Model>, llvm::CodeGenOptLevel, bool) const /usr/lib/llvm-20/include/llvm/MC/TargetRegistry.h:462:12
    #6 0x55ca9163a09e in tsc::TargetRegistry::initializeAllTargets() /workspace/src/TargetRegistry.cpp:67:41
    #7 0x55ca9162bdcd in tsc::Compiler::initializeLLVM() /workspace/src/Compiler.cpp:349:14
    #8 0x55ca9162b8b7 in tsc::Compiler::Compiler(tsc::CompilerOptions const&) /workspace/src/Compiler.cpp:24:5
    #9 0x55ca915fd7b5 in main /workspace/src/main.cpp:191:18
    #10 0x7ff5c395a337  (/lib/x86_64-linux-gnu/libc.so.6+0x2a337) (BuildId: 467f544f15035abef911999cbc14489edd0555ab)
    #11 0x7ff5c395a3fa in __libc_start_main (/lib/x86_64-linux-gnu/libc.so.6+0x2a3fa) (BuildId: 467f544f15035abef911999cbc14489edd0555ab)
    #12 0x55ca91511b64 in _start (/workspace/build-asan/tsc+0x74b64) (BuildId: 73a10d7cc646a755f705b0ae57418e68578aec2f)

Indirect leak of 48 byte(s) in 1 object(s) allocated from:
    #0 0x55ca915fa191 in operator new(unsigned long) (/workspace/build-asan/tsc+0x15d191) (BuildId: 73a10d7cc646a755f705b0ae57418e68578aec2f)
    #1 0x7ff5c807f2d1  (/usr/lib/llvm-20/lib/libLLVM.so.20.1+0x41632d1) (BuildId: b856c61f98abf0989f157f153740fe0fadfbb760)
    #2 0x7ff5c52d0707 in llvm::CodeGenTargetMachineImpl::initAsmInfo() (/usr/lib/llvm-20/lib/libLLVM.so.20.1+0x13b4707) (BuildId: b856c61f98abf0989f157f153740fe0fadfbb760)
    #3 0x7ff5c805e664  (/usr/lib/llvm-20/lib/libLLVM.so.20.1+0x4142664) (BuildId: b856c61f98abf0989f157f153740fe0fadfbb760)
    #4 0x7ff5c805ecda  (/usr/lib/llvm-20/lib/libLLVM.so.20.1+0x4142cda) (BuildId: b856c61f98abf0989f157f153740fe0fadfbb760)
    #5 0x55ca91648523 in llvm::Target::createTargetMachine(llvm::StringRef, llvm::StringRef, llvm::StringRef, llvm::TargetOptions const&, std::optional<llvm::Reloc::Model>, std::optional<llvm::CodeModel::Model>, llvm::CodeGenOptLevel, bool) const /usr/lib/llvm-20/include/llvm/MC/TargetRegistry.h:462:12
    #6 0x55ca9163a09e in tsc::TargetRegistry::initializeAllTargets() /workspace/src/TargetRegistry.cpp:67:41
    #7 0x55ca9162bdcd in tsc::Compiler::initializeLLVM() /workspace/src/Compiler.cpp:349:14
    #8 0x55ca9162b8b7 in tsc::Compiler::Compiler(tsc::CompilerOptions const&) /workspace/src/Compiler.cpp:24:5
    #9 0x55ca915fd7b5 in main /workspace/src/main.cpp:191:18
    #10 0x7ff5c395a337  (/lib/x86_64-linux-gnu/libc.so.6+0x2a337) (BuildId: 467f544f15035abef911999cbc14489edd0555ab)
    #11 0x7ff5c395a3fa in __libc_start_main (/lib/x86_64-linux-gnu/libc.so.6+0x2a3fa) (BuildId: 467f544f15035abef911999cbc14489edd0555ab)
    #12 0x55ca91511b64 in _start (/workspace/build-asan/tsc+0x74b64) (BuildId: 73a10d7cc646a755f705b0ae57418e68578aec2f)

Indirect leak of 48 byte(s) in 1 object(s) allocated from:
    #0 0x55ca915fa191 in operator new(unsigned long) (/workspace/build-asan/tsc+0x15d191) (BuildId: 73a10d7cc646a755f705b0ae57418e68578aec2f)
    #1 0x7ff5c8431671  (/usr/lib/llvm-20/lib/libLLVM.so.20.1+0x4515671) (BuildId: b856c61f98abf0989f157f153740fe0fadfbb760)
    #2 0x7ff5c52d0707 in llvm::CodeGenTargetMachineImpl::initAsmInfo() (/usr/lib/llvm-20/lib/libLLVM.so.20.1+0x13b4707) (BuildId: b856c61f98abf0989f157f153740fe0fadfbb760)
    #3 0x7ff5c841cad0  (/usr/lib/llvm-20/lib/libLLVM.so.20.1+0x4500ad0) (BuildId: b856c61f98abf0989f157f153740fe0fadfbb760)
    #4 0x7ff5c841d0da  (/usr/lib/llvm-20/lib/libLLVM.so.20.1+0x45010da) (BuildId: b856c61f98abf0989f157f153740fe0fadfbb760)
    #5 0x55ca91648523 in llvm::Target::createTargetMachine(llvm::StringRef, llvm::StringRef, llvm::StringRef, llvm::TargetOptions const&, std::optional<llvm::Reloc::Model>, std::optional<llvm::CodeModel::Model>, llvm::CodeGenOptLevel, bool) const /usr/lib/llvm-20/include/llvm/MC/TargetRegistry.h:462:12
    #6 0x55ca9163a09e in tsc::TargetRegistry::initializeAllTargets() /workspace/src/TargetRegistry.cpp:67:41
    #7 0x55ca9162bdcd in tsc::Compiler::initializeLLVM() /workspace/src/Compiler.cpp:349:14
    #8 0x55ca9162b8b7 in tsc::Compiler::Compiler(tsc::CompilerOptions const&) /workspace/src/Compiler.cpp:24:5
    #9 0x55ca915fd7b5 in main /workspace/src/main.cpp:191:18
    #10 0x7ff5c395a337  (/lib/x86_64-linux-gnu/libc.so.6+0x2a337) (BuildId: 467f544f15035abef911999cbc14489edd0555ab)
    #11 0x7ff5c395a3fa in __libc_start_main (/lib/x86_64-linux-gnu/libc.so.6+0x2a3fa) (BuildId: 467f544f15035abef911999cbc14489edd0555ab)
    #12 0x55ca91511b64 in _start (/workspace/build-asan/tsc+0x74b64) (BuildId: 73a10d7cc646a755f705b0ae57418e68578aec2f)

Indirect leak of 48 byte(s) in 1 object(s) allocated from:
    #0 0x55ca915fa191 in operator new(unsigned long) (/workspace/build-asan/tsc+0x15d191) (BuildId: 73a10d7cc646a755f705b0ae57418e68578aec2f)
    #1 0x7ff5c846b001  (/usr/lib/llvm-20/lib/libLLVM.so.20.1+0x454f001) (BuildId: b856c61f98abf0989f157f153740fe0fadfbb760)
    #2 0x7ff5c52d0707 in llvm::CodeGenTargetMachineImpl::initAsmInfo() (/usr/lib/llvm-20/lib/libLLVM.so.20.1+0x13b4707) (BuildId: b856c61f98abf0989f157f153740fe0fadfbb760)
    #3 0x7ff5c8457128  (/usr/lib/llvm-20/lib/libLLVM.so.20.1+0x453b128) (BuildId: b856c61f98abf0989f157f153740fe0fadfbb760)
    #4 0x7ff5c8457a7a  (/usr/lib/llvm-20/lib/libLLVM.so.20.1+0x453ba7a) (BuildId: b856c61f98abf0989f157f153740fe0fadfbb760)
    #5 0x55ca91648523 in llvm::Target::createTargetMachine(llvm::StringRef, llvm::StringRef, llvm::StringRef, llvm::TargetOptions const&, std::optional<llvm::Reloc::Model>, std::optional<llvm::CodeModel::Model>, llvm::CodeGenOptLevel, bool) const /usr/lib/llvm-20/include/llvm/MC/TargetRegistry.h:462:12
    #6 0x55ca9163a09e in tsc::TargetRegistry::initializeAllTargets() /workspace/src/TargetRegistry.cpp:67:41
    #7 0x55ca9162bdcd in tsc::Compiler::initializeLLVM() /workspace/src/Compiler.cpp:349:14
    #8 0x55ca9162b8b7 in tsc::Compiler::Compiler(tsc::CompilerOptions const&) /workspace/src/Compiler.cpp:24:5
    #9 0x55ca915fd7b5 in main /workspace/src/main.cpp:191:18
    #10 0x7ff5c395a337  (/lib/x86_64-linux-gnu/libc.so.6+0x2a337) (BuildId: 467f544f15035abef911999cbc14489edd0555ab)
    #11 0x7ff5c395a3fa in __libc_start_main (/lib/x86_64-linux-gnu/libc.so.6+0x2a3fa) (BuildId: 467f544f15035abef911999cbc14489edd0555ab)
    #12 0x55ca91511b64 in _start (/workspace/build-asan/tsc+0x74b64) (BuildId: 73a10d7cc646a755f705b0ae57418e68578aec2f)

Indirect leak of 48 byte(s) in 1 object(s) allocated from:
    #0 0x55ca915fa191 in operator new(unsigned long) (/workspace/build-asan/tsc+0x15d191) (BuildId: 73a10d7cc646a755f705b0ae57418e68578aec2f)
    #1 0x7ff5c848b7b1  (/usr/lib/llvm-20/lib/libLLVM.so.20.1+0x456f7b1) (BuildId: b856c61f98abf0989f157f153740fe0fadfbb760)
    #2 0x7ff5c52d0707 in llvm::CodeGenTargetMachineImpl::initAsmInfo() (/usr/lib/llvm-20/lib/libLLVM.so.20.1+0x13b4707) (BuildId: b856c61f98abf0989f157f153740fe0fadfbb760)
    #3 0x7ff5c84822a4  (/usr/lib/llvm-20/lib/libLLVM.so.20.1+0x45662a4) (BuildId: b856c61f98abf0989f157f153740fe0fadfbb760)
    #4 0x7ff5c8482b05  (/usr/lib/llvm-20/lib/libLLVM.so.20.1+0x4566b05) (BuildId: b856c61f98abf0989f157f153740fe0fadfbb760)
    #5 0x55ca91648523 in llvm::Target::createTargetMachine(llvm::StringRef, llvm::StringRef, llvm::StringRef, llvm::TargetOptions const&, std::optional<llvm::Reloc::Model>, std::optional<llvm::CodeModel::Model>, llvm::CodeGenOptLevel, bool) const /usr/lib/llvm-20/include/llvm/MC/TargetRegistry.h:462:12
    #6 0x55ca9163a09e in tsc::TargetRegistry::initializeAllTargets() /workspace/src/TargetRegistry.cpp:67:41
    #7 0x55ca9162bdcd in tsc::Compiler::initializeLLVM() /workspace/src/Compiler.cpp:349:14
    #8 0x55ca9162b8b7 in tsc::Compiler::Compiler(tsc::CompilerOptions const&) /workspace/src/Compiler.cpp:24:5
    #9 0x55ca915fd7b5 in main /workspace/src/main.cpp:191:18
    #10 0x7ff5c395a337  (/lib/x86_64-linux-gnu/libc.so.6+0x2a337) (BuildId: 467f544f15035abef911999cbc14489edd0555ab)
    #11 0x7ff5c395a3fa in __libc_start_main (/lib/x86_64-linux-gnu/libc.so.6+0x2a3fa) (BuildId: 467f544f15035abef911999cbc14489edd0555ab)
    #12 0x55ca91511b64 in _start (/workspace/build-asan/tsc+0x74b64) (BuildId: 73a10d7cc646a755f705b0ae57418e68578aec2f)

Indirect leak of 48 byte(s) in 3 object(s) allocated from:
    #0 0x55ca915fa191 in operator new(unsigned long) (/workspace/build-asan/tsc+0x15d191) (BuildId: 73a10d7cc646a755f705b0ae57418e68578aec2f)
    #1 0x7ff5c78a4322  (/usr/lib/llvm-20/lib/libLLVM.so.20.1+0x3988322) (BuildId: b856c61f98abf0989f157f153740fe0fadfbb760)
    #2 0x7ff5c78a49df  (/usr/lib/llvm-20/lib/libLLVM.so.20.1+0x39889df) (BuildId: b856c61f98abf0989f157f153740fe0fadfbb760)
    #3 0x7ff5c78a5f8a  (/usr/lib/llvm-20/lib/libLLVM.so.20.1+0x3989f8a) (BuildId: b856c61f98abf0989f157f153740fe0fadfbb760)
    #4 0x55ca91648523 in llvm::Target::createTargetMachine(llvm::StringRef, llvm::StringRef, llvm::StringRef, llvm::TargetOptions const&, std::optional<llvm::Reloc::Model>, std::optional<llvm::CodeModel::Model>, llvm::CodeGenOptLevel, bool) const /usr/lib/llvm-20/include/llvm/MC/TargetRegistry.h:462:12
    #5 0x55ca9163a09e in tsc::TargetRegistry::initializeAllTargets() /workspace/src/TargetRegistry.cpp:67:41
    #6 0x55ca9162bdcd in tsc::Compiler::initializeLLVM() /workspace/src/Compiler.cpp:349:14
    #7 0x55ca9162b8b7 in tsc::Compiler::Compiler(tsc::CompilerOptions const&) /workspace/src/Compiler.cpp:24:5
    #8 0x55ca915fd7b5 in main /workspace/src/main.cpp:191:18
    #9 0x7ff5c395a337  (/lib/x86_64-linux-gnu/libc.so.6+0x2a337) (BuildId: 467f544f15035abef911999cbc14489edd0555ab)
    #10 0x7ff5c395a3fa in __libc_start_main (/lib/x86_64-linux-gnu/libc.so.6+0x2a3fa) (BuildId: 467f544f15035abef911999cbc14489edd0555ab)
    #11 0x55ca91511b64 in _start (/workspace/build-asan/tsc+0x74b64) (BuildId: 73a10d7cc646a755f705b0ae57418e68578aec2f)

Indirect leak of 48 byte(s) in 3 object(s) allocated from:
    #0 0x55ca915fa191 in operator new(unsigned long) (/workspace/build-asan/tsc+0x15d191) (BuildId: 73a10d7cc646a755f705b0ae57418e68578aec2f)
    #1 0x7ff5c7f81a72  (/usr/lib/llvm-20/lib/libLLVM.so.20.1+0x4065a72) (BuildId: b856c61f98abf0989f157f153740fe0fadfbb760)
    #2 0x7ff5c7f83c8f  (/usr/lib/llvm-20/lib/libLLVM.so.20.1+0x4067c8f) (BuildId: b856c61f98abf0989f157f153740fe0fadfbb760)
    #3 0x7ff5c7f8526a  (/usr/lib/llvm-20/lib/libLLVM.so.20.1+0x406926a) (BuildId: b856c61f98abf0989f157f153740fe0fadfbb760)
    #4 0x55ca91648523 in llvm::Target::createTargetMachine(llvm::StringRef, llvm::StringRef, llvm::StringRef, llvm::TargetOptions const&, std::optional<llvm::Reloc::Model>, std::optional<llvm::CodeModel::Model>, llvm::CodeGenOptLevel, bool) const /usr/lib/llvm-20/include/llvm/MC/TargetRegistry.h:462:12
    #5 0x55ca9163a09e in tsc::TargetRegistry::initializeAllTargets() /workspace/src/TargetRegistry.cpp:67:41
    #6 0x55ca9162bdcd in tsc::Compiler::initializeLLVM() /workspace/src/Compiler.cpp:349:14
    #7 0x55ca9162b8b7 in tsc::Compiler::Compiler(tsc::CompilerOptions const&) /workspace/src/Compiler.cpp:24:5
    #8 0x55ca915fd7b5 in main /workspace/src/main.cpp:191:18
    #9 0x7ff5c395a337  (/lib/x86_64-linux-gnu/libc.so.6+0x2a337) (BuildId: 467f544f15035abef911999cbc14489edd0555ab)
    #10 0x7ff5c395a3fa in __libc_start_main (/lib/x86_64-linux-gnu/libc.so.6+0x2a3fa) (BuildId: 467f544f15035abef911999cbc14489edd0555ab)
    #11 0x55ca91511b64 in _start (/workspace/build-asan/tsc+0x74b64) (BuildId: 73a10d7cc646a755f705b0ae57418e68578aec2f)

Indirect leak of 48 byte(s) in 2 object(s) allocated from:
    #0 0x55ca915fa191 in operator new(unsigned long) (/workspace/build-asan/tsc+0x15d191) (BuildId: 73a10d7cc646a755f705b0ae57418e68578aec2f)
    #1 0x7ff5c7b2b7cb  (/usr/lib/llvm-20/lib/libLLVM.so.20.1+0x3c0f7cb) (BuildId: b856c61f98abf0989f157f153740fe0fadfbb760)
    #2 0x7ff5c6f3998b  (/usr/lib/llvm-20/lib/libLLVM.so.20.1+0x301d98b) (BuildId: b856c61f98abf0989f157f153740fe0fadfbb760)
    #3 0x7ff5c6f398a6  (/usr/lib/llvm-20/lib/libLLVM.so.20.1+0x301d8a6) (BuildId: b856c61f98abf0989f157f153740fe0fadfbb760)
    #4 0x7ff5c7b288ed  (/usr/lib/llvm-20/lib/libLLVM.so.20.1+0x3c0c8ed) (BuildId: b856c61f98abf0989f157f153740fe0fadfbb760)
    #5 0x7ff5c7b6091a  (/usr/lib/llvm-20/lib/libLLVM.so.20.1+0x3c4491a) (BuildId: b856c61f98abf0989f157f153740fe0fadfbb760)
    #6 0x7ff5c7b61a19  (/usr/lib/llvm-20/lib/libLLVM.so.20.1+0x3c45a19) (BuildId: b856c61f98abf0989f157f153740fe0fadfbb760)
    #7 0x7ff5c7b62a6c  (/usr/lib/llvm-20/lib/libLLVM.so.20.1+0x3c46a6c) (BuildId: b856c61f98abf0989f157f153740fe0fadfbb760)
    #8 0x55ca91648523 in llvm::Target::createTargetMachine(llvm::StringRef, llvm::StringRef, llvm::StringRef, llvm::TargetOptions const&, std::optional<llvm::Reloc::Model>, std::optional<llvm::CodeModel::Model>, llvm::CodeGenOptLevel, bool) const /usr/lib/llvm-20/include/llvm/MC/TargetRegistry.h:462:12
    #9 0x55ca9163a09e in tsc::TargetRegistry::initializeAllTargets() /workspace/src/TargetRegistry.cpp:67:41
    #10 0x55ca9162bdcd in tsc::Compiler::initializeLLVM() /workspace/src/Compiler.cpp:349:14
    #11 0x55ca9162b8b7 in tsc::Compiler::Compiler(tsc::CompilerOptions const&) /workspace/src/Compiler.cpp:24:5
    #12 0x55ca915fd7b5 in main /workspace/src/main.cpp:191:18
    #13 0x7ff5c395a337  (/lib/x86_64-linux-gnu/libc.so.6+0x2a337) (BuildId: 467f544f15035abef911999cbc14489edd0555ab)
    #14 0x7ff5c395a3fa in __libc_start_main (/lib/x86_64-linux-gnu/libc.so.6+0x2a3fa) (BuildId: 467f544f15035abef911999cbc14489edd0555ab)
    #15 0x55ca91511b64 in _start (/workspace/build-asan/tsc+0x74b64) (BuildId: 73a10d7cc646a755f705b0ae57418e68578aec2f)

Indirect leak of 48 byte(s) in 2 object(s) allocated from:
    #0 0x55ca915fa191 in operator new(unsigned long) (/workspace/build-asan/tsc+0x15d191) (BuildId: 73a10d7cc646a755f705b0ae57418e68578aec2f)
    #1 0x7ff5c7b2b7cb  (/usr/lib/llvm-20/lib/libLLVM.so.20.1+0x3c0f7cb) (BuildId: b856c61f98abf0989f157f153740fe0fadfbb760)
    #2 0x7ff5c6f3998b  (/usr/lib/llvm-20/lib/libLLVM.so.20.1+0x301d98b) (BuildId: b856c61f98abf0989f157f153740fe0fadfbb760)
    #3 0x7ff5c6f398a6  (/usr/lib/llvm-20/lib/libLLVM.so.20.1+0x301d8a6) (BuildId: b856c61f98abf0989f157f153740fe0fadfbb760)
    #4 0x7ff5c7b288ed  (/usr/lib/llvm-20/lib/libLLVM.so.20.1+0x3c0c8ed) (BuildId: b856c61f98abf0989f157f153740fe0fadfbb760)
    #5 0x7ff5c7b6091a  (/usr/lib/llvm-20/lib/libLLVM.so.20.1+0x3c4491a) (BuildId: b856c61f98abf0989f157f153740fe0fadfbb760)
    #6 0x7ff5c7b6188a  (/usr/lib/llvm-20/lib/libLLVM.so.20.1+0x3c4588a) (BuildId: b856c61f98abf0989f157f153740fe0fadfbb760)
    #7 0x7ff5c7b62a6c  (/usr/lib/llvm-20/lib/libLLVM.so.20.1+0x3c46a6c) (BuildId: b856c61f98abf0989f157f153740fe0fadfbb760)
    #8 0x55ca91648523 in llvm::Target::createTargetMachine(llvm::StringRef, llvm::StringRef, llvm::StringRef, llvm::TargetOptions const&, std::optional<llvm::Reloc::Model>, std::optional<llvm::CodeModel::Model>, llvm::CodeGenOptLevel, bool) const /usr/lib/llvm-20/include/llvm/MC/TargetRegistry.h:462:12
    #9 0x55ca9163a09e in tsc::TargetRegistry::initializeAllTargets() /workspace/src/TargetRegistry.cpp:67:41
    #10 0x55ca9162bdcd in tsc::Compiler::initializeLLVM() /workspace/src/Compiler.cpp:349:14
    #11 0x55ca9162b8b7 in tsc::Compiler::Compiler(tsc::CompilerOptions const&) /workspace/src/Compiler.cpp:24:5
    #12 0x55ca915fd7b5 in main /workspace/src/main.cpp:191:18
    #13 0x7ff5c395a337  (/lib/x86_64-linux-gnu/libc.so.6+0x2a337) (BuildId: 467f544f15035abef911999cbc14489edd0555ab)
    #14 0x7ff5c395a3fa in __libc_start_main (/lib/x86_64-linux-gnu/libc.so.6+0x2a3fa) (BuildId: 467f544f15035abef911999cbc14489edd0555ab)
    #15 0x55ca91511b64 in _start (/workspace/build-asan/tsc+0x74b64) (BuildId: 73a10d7cc646a755f705b0ae57418e68578aec2f)

Indirect leak of 48 byte(s) in 2 object(s) allocated from:
    #0 0x55ca915fa191 in operator new(unsigned long) (/workspace/build-asan/tsc+0x15d191) (BuildId: 73a10d7cc646a755f705b0ae57418e68578aec2f)
    #1 0x7ff5c7b2b7cb  (/usr/lib/llvm-20/lib/libLLVM.so.20.1+0x3c0f7cb) (BuildId: b856c61f98abf0989f157f153740fe0fadfbb760)
    #2 0x7ff5c6f3998b  (/usr/lib/llvm-20/lib/libLLVM.so.20.1+0x301d98b) (BuildId: b856c61f98abf0989f157f153740fe0fadfbb760)
    #3 0x7ff5c6f398a6  (/usr/lib/llvm-20/lib/libLLVM.so.20.1+0x301d8a6) (BuildId: b856c61f98abf0989f157f153740fe0fadfbb760)
    #4 0x7ff5c7b288ed  (/usr/lib/llvm-20/lib/libLLVM.so.20.1+0x3c0c8ed) (BuildId: b856c61f98abf0989f157f153740fe0fadfbb760)
    #5 0x7ff5c7b6091a  (/usr/lib/llvm-20/lib/libLLVM.so.20.1+0x3c4491a) (BuildId: b856c61f98abf0989f157f153740fe0fadfbb760)
    #6 0x7ff5c7b61710  (/usr/lib/llvm-20/lib/libLLVM.so.20.1+0x3c45710) (BuildId: b856c61f98abf0989f157f153740fe0fadfbb760)
    #7 0x7ff5c7b62a6c  (/usr/lib/llvm-20/lib/libLLVM.so.20.1+0x3c46a6c) (BuildId: b856c61f98abf0989f157f153740fe0fadfbb760)
    #8 0x55ca91648523 in llvm::Target::createTargetMachine(llvm::StringRef, llvm::StringRef, llvm::StringRef, llvm::TargetOptions const&, std::optional<llvm::Reloc::Model>, std::optional<llvm::CodeModel::Model>, llvm::CodeGenOptLevel, bool) const /usr/lib/llvm-20/include/llvm/MC/TargetRegistry.h:462:12
    #9 0x55ca9163a09e in tsc::TargetRegistry::initializeAllTargets() /workspace/src/TargetRegistry.cpp:67:41
    #10 0x55ca9162bdcd in tsc::Compiler::initializeLLVM() /workspace/src/Compiler.cpp:349:14
    #11 0x55ca9162b8b7 in tsc::Compiler::Compiler(tsc::CompilerOptions const&) /workspace/src/Compiler.cpp:24:5
    #12 0x55ca915fd7b5 in main /workspace/src/main.cpp:191:18
    #13 0x7ff5c395a337  (/lib/x86_64-linux-gnu/libc.so.6+0x2a337) (BuildId: 467f544f15035abef911999cbc14489edd0555ab)
    #14 0x7ff5c395a3fa in __libc_start_main (/lib/x86_64-linux-gnu/libc.so.6+0x2a3fa) (BuildId: 467f544f15035abef911999cbc14489edd0555ab)
    #15 0x55ca91511b64 in _start (/workspace/build-asan/tsc+0x74b64) (BuildId: 73a10d7cc646a755f705b0ae57418e68578aec2f)

Indirect leak of 48 byte(s) in 2 object(s) allocated from:
    #0 0x55ca915fa191 in operator new(unsigned long) (/workspace/build-asan/tsc+0x15d191) (BuildId: 73a10d7cc646a755f705b0ae57418e68578aec2f)
    #1 0x7ff5c7b2b7cb  (/usr/lib/llvm-20/lib/libLLVM.so.20.1+0x3c0f7cb) (BuildId: b856c61f98abf0989f157f153740fe0fadfbb760)
    #2 0x7ff5c6f3998b  (/usr/lib/llvm-20/lib/libLLVM.so.20.1+0x301d98b) (BuildId: b856c61f98abf0989f157f153740fe0fadfbb760)
    #3 0x7ff5c6f398a6  (/usr/lib/llvm-20/lib/libLLVM.so.20.1+0x301d8a6) (BuildId: b856c61f98abf0989f157f153740fe0fadfbb760)
    #4 0x7ff5c7b288ed  (/usr/lib/llvm-20/lib/libLLVM.so.20.1+0x3c0c8ed) (BuildId: b856c61f98abf0989f157f153740fe0fadfbb760)
    #5 0x7ff5c7b6091a  (/usr/lib/llvm-20/lib/libLLVM.so.20.1+0x3c4491a) (BuildId: b856c61f98abf0989f157f153740fe0fadfbb760)
    #6 0x7ff5c7b61a19  (/usr/lib/llvm-20/lib/libLLVM.so.20.1+0x3c45a19) (BuildId: b856c61f98abf0989f157f153740fe0fadfbb760)
    #7 0x7ff5c7b62b2c  (/usr/lib/llvm-20/lib/libLLVM.so.20.1+0x3c46b2c) (BuildId: b856c61f98abf0989f157f153740fe0fadfbb760)
    #8 0x55ca91648523 in llvm::Target::createTargetMachine(llvm::StringRef, llvm::StringRef, llvm::StringRef, llvm::TargetOptions const&, std::optional<llvm::Reloc::Model>, std::optional<llvm::CodeModel::Model>, llvm::CodeGenOptLevel, bool) const /usr/lib/llvm-20/include/llvm/MC/TargetRegistry.h:462:12
    #9 0x55ca9163a09e in tsc::TargetRegistry::initializeAllTargets() /workspace/src/TargetRegistry.cpp:67:41
    #10 0x55ca9162bdcd in tsc::Compiler::initializeLLVM() /workspace/src/Compiler.cpp:349:14
    #11 0x55ca9162b8b7 in tsc::Compiler::Compiler(tsc::CompilerOptions const&) /workspace/src/Compiler.cpp:24:5
    #12 0x55ca915fd7b5 in main /workspace/src/main.cpp:191:18
    #13 0x7ff5c395a337  (/lib/x86_64-linux-gnu/libc.so.6+0x2a337) (BuildId: 467f544f15035abef911999cbc14489edd0555ab)
    #14 0x7ff5c395a3fa in __libc_start_main (/lib/x86_64-linux-gnu/libc.so.6+0x2a3fa) (BuildId: 467f544f15035abef911999cbc14489edd0555ab)
    #15 0x55ca91511b64 in _start (/workspace/build-asan/tsc+0x74b64) (BuildId: 73a10d7cc646a755f705b0ae57418e68578aec2f)

Indirect leak of 48 byte(s) in 2 object(s) allocated from:
    #0 0x55ca915fa191 in operator new(unsigned long) (/workspace/build-asan/tsc+0x15d191) (BuildId: 73a10d7cc646a755f705b0ae57418e68578aec2f)
    #1 0x7ff5c7b2b7cb  (/usr/lib/llvm-20/lib/libLLVM.so.20.1+0x3c0f7cb) (BuildId: b856c61f98abf0989f157f153740fe0fadfbb760)
    #2 0x7ff5c6f3998b  (/usr/lib/llvm-20/lib/libLLVM.so.20.1+0x301d98b) (BuildId: b856c61f98abf0989f157f153740fe0fadfbb760)
    #3 0x7ff5c6f398a6  (/usr/lib/llvm-20/lib/libLLVM.so.20.1+0x301d8a6) (BuildId: b856c61f98abf0989f157f153740fe0fadfbb760)
    #4 0x7ff5c7b288ed  (/usr/lib/llvm-20/lib/libLLVM.so.20.1+0x3c0c8ed) (BuildId: b856c61f98abf0989f157f153740fe0fadfbb760)
    #5 0x7ff5c7b6091a  (/usr/lib/llvm-20/lib/libLLVM.so.20.1+0x3c4491a) (BuildId: b856c61f98abf0989f157f153740fe0fadfbb760)
    #6 0x7ff5c7b6188a  (/usr/lib/llvm-20/lib/libLLVM.so.20.1+0x3c4588a) (BuildId: b856c61f98abf0989f157f153740fe0fadfbb760)
    #7 0x7ff5c7b62b2c  (/usr/lib/llvm-20/lib/libLLVM.so.20.1+0x3c46b2c) (BuildId: b856c61f98abf0989f157f153740fe0fadfbb760)
    #8 0x55ca91648523 in llvm::Target::createTargetMachine(llvm::StringRef, llvm::StringRef, llvm::StringRef, llvm::TargetOptions const&, std::optional<llvm::Reloc::Model>, std::optional<llvm::CodeModel::Model>, llvm::CodeGenOptLevel, bool) const /usr/lib/llvm-20/include/llvm/MC/TargetRegistry.h:462:12
    #9 0x55ca9163a09e in tsc::TargetRegistry::initializeAllTargets() /workspace/src/TargetRegistry.cpp:67:41
    #10 0x55ca9162bdcd in tsc::Compiler::initializeLLVM() /workspace/src/Compiler.cpp:349:14
    #11 0x55ca9162b8b7 in tsc::Compiler::Compiler(tsc::CompilerOptions const&) /workspace/src/Compiler.cpp:24:5
    #12 0x55ca915fd7b5 in main /workspace/src/main.cpp:191:18
    #13 0x7ff5c395a337  (/lib/x86_64-linux-gnu/libc.so.6+0x2a337) (BuildId: 467f544f15035abef911999cbc14489edd0555ab)
    #14 0x7ff5c395a3fa in __libc_start_main (/lib/x86_64-linux-gnu/libc.so.6+0x2a3fa) (BuildId: 467f544f15035abef911999cbc14489edd0555ab)
    #15 0x55ca91511b64 in _start (/workspace/build-asan/tsc+0x74b64) (BuildId: 73a10d7cc646a755f705b0ae57418e68578aec2f)

Indirect leak of 48 byte(s) in 2 object(s) allocated from:
    #0 0x55ca915fa191 in operator new(unsigned long) (/workspace/build-asan/tsc+0x15d191) (BuildId: 73a10d7cc646a755f705b0ae57418e68578aec2f)
    #1 0x7ff5c7b2b7cb  (/usr/lib/llvm-20/lib/libLLVM.so.20.1+0x3c0f7cb) (BuildId: b856c61f98abf0989f157f153740fe0fadfbb760)
    #2 0x7ff5c6f3998b  (/usr/lib/llvm-20/lib/libLLVM.so.20.1+0x301d98b) (BuildId: b856c61f98abf0989f157f153740fe0fadfbb760)
    #3 0x7ff5c6f398a6  (/usr/lib/llvm-20/lib/libLLVM.so.20.1+0x301d8a6) (BuildId: b856c61f98abf0989f157f153740fe0fadfbb760)
    #4 0x7ff5c7b288ed  (/usr/lib/llvm-20/lib/libLLVM.so.20.1+0x3c0c8ed) (BuildId: b856c61f98abf0989f157f153740fe0fadfbb760)
    #5 0x7ff5c7b6091a  (/usr/lib/llvm-20/lib/libLLVM.so.20.1+0x3c4491a) (BuildId: b856c61f98abf0989f157f153740fe0fadfbb760)
    #6 0x7ff5c7b61710  (/usr/lib/llvm-20/lib/libLLVM.so.20.1+0x3c45710) (BuildId: b856c61f98abf0989f157f153740fe0fadfbb760)
    #7 0x7ff5c7b62b2c  (/usr/lib/llvm-20/lib/libLLVM.so.20.1+0x3c46b2c) (BuildId: b856c61f98abf0989f157f153740fe0fadfbb760)
    #8 0x55ca91648523 in llvm::Target::createTargetMachine(llvm::StringRef, llvm::StringRef, llvm::StringRef, llvm::TargetOptions const&, std::optional<llvm::Reloc::Model>, std::optional<llvm::CodeModel::Model>, llvm::CodeGenOptLevel, bool) const /usr/lib/llvm-20/include/llvm/MC/TargetRegistry.h:462:12
    #9 0x55ca9163a09e in tsc::TargetRegistry::initializeAllTargets() /workspace/src/TargetRegistry.cpp:67:41
    #10 0x55ca9162bdcd in tsc::Compiler::initializeLLVM() /workspace/src/Compiler.cpp:349:14
    #11 0x55ca9162b8b7 in tsc::Compiler::Compiler(tsc::CompilerOptions const&) /workspace/src/Compiler.cpp:24:5
    #12 0x55ca915fd7b5 in main /workspace/src/main.cpp:191:18
    #13 0x7ff5c395a337  (/lib/x86_64-linux-gnu/libc.so.6+0x2a337) (BuildId: 467f544f15035abef911999cbc14489edd0555ab)
    #14 0x7ff5c395a3fa in __libc_start_main (/lib/x86_64-linux-gnu/libc.so.6+0x2a3fa) (BuildId: 467f544f15035abef911999cbc14489edd0555ab)
    #15 0x55ca91511b64 in _start (/workspace/build-asan/tsc+0x74b64) (BuildId: 73a10d7cc646a755f705b0ae57418e68578aec2f)

Indirect leak of 48 byte(s) in 1 object(s) allocated from:
    #0 0x55ca915fa191 in operator new(unsigned long) (/workspace/build-asan/tsc+0x15d191) (BuildId: 73a10d7cc646a755f705b0ae57418e68578aec2f)
    #1 0x7ff5c719b161  (/usr/lib/llvm-20/lib/libLLVM.so.20.1+0x327f161) (BuildId: b856c61f98abf0989f157f153740fe0fadfbb760)
    #2 0x7ff5c52d0707 in llvm::CodeGenTargetMachineImpl::initAsmInfo() (/usr/lib/llvm-20/lib/libLLVM.so.20.1+0x13b4707) (BuildId: b856c61f98abf0989f157f153740fe0fadfbb760)
    #3 0x7ff5c70ed3c9  (/usr/lib/llvm-20/lib/libLLVM.so.20.1+0x31d13c9) (BuildId: b856c61f98abf0989f157f153740fe0fadfbb760)
    #4 0x7ff5c70efddc  (/usr/lib/llvm-20/lib/libLLVM.so.20.1+0x31d3ddc) (BuildId: b856c61f98abf0989f157f153740fe0fadfbb760)
    #5 0x55ca91648523 in llvm::Target::createTargetMachine(llvm::StringRef, llvm::StringRef, llvm::StringRef, llvm::TargetOptions const&, std::optional<llvm::Reloc::Model>, std::optional<llvm::CodeModel::Model>, llvm::CodeGenOptLevel, bool) const /usr/lib/llvm-20/include/llvm/MC/TargetRegistry.h:462:12
    #6 0x55ca9163a09e in tsc::TargetRegistry::initializeAllTargets() /workspace/src/TargetRegistry.cpp:67:41
    #7 0x55ca9162bdcd in tsc::Compiler::initializeLLVM() /workspace/src/Compiler.cpp:349:14
    #8 0x55ca9162b8b7 in tsc::Compiler::Compiler(tsc::CompilerOptions const&) /workspace/src/Compiler.cpp:24:5
    #9 0x55ca915fd7b5 in main /workspace/src/main.cpp:191:18
    #10 0x7ff5c395a337  (/lib/x86_64-linux-gnu/libc.so.6+0x2a337) (BuildId: 467f544f15035abef911999cbc14489edd0555ab)
    #11 0x7ff5c395a3fa in __libc_start_main (/lib/x86_64-linux-gnu/libc.so.6+0x2a3fa) (BuildId: 467f544f15035abef911999cbc14489edd0555ab)
    #12 0x55ca91511b64 in _start (/workspace/build-asan/tsc+0x74b64) (BuildId: 73a10d7cc646a755f705b0ae57418e68578aec2f)

Indirect leak of 48 byte(s) in 1 object(s) allocated from:
    #0 0x55ca915fa191 in operator new(unsigned long) (/workspace/build-asan/tsc+0x15d191) (BuildId: 73a10d7cc646a755f705b0ae57418e68578aec2f)
    #1 0x7ff5c76448b1  (/usr/lib/llvm-20/lib/libLLVM.so.20.1+0x37288b1) (BuildId: b856c61f98abf0989f157f153740fe0fadfbb760)
    #2 0x7ff5c52d0707 in llvm::CodeGenTargetMachineImpl::initAsmInfo() (/usr/lib/llvm-20/lib/libLLVM.so.20.1+0x13b4707) (BuildId: b856c61f98abf0989f157f153740fe0fadfbb760)
    #3 0x7ff5c733201a  (/usr/lib/llvm-20/lib/libLLVM.so.20.1+0x341601a) (BuildId: b856c61f98abf0989f157f153740fe0fadfbb760)
    #4 0x7ff5c73e5e9c  (/usr/lib/llvm-20/lib/libLLVM.so.20.1+0x34c9e9c) (BuildId: b856c61f98abf0989f157f153740fe0fadfbb760)
    #5 0x7ff5c73471fd  (/usr/lib/llvm-20/lib/libLLVM.so.20.1+0x342b1fd) (BuildId: b856c61f98abf0989f157f153740fe0fadfbb760)
    #6 0x55ca91648523 in llvm::Target::createTargetMachine(llvm::StringRef, llvm::StringRef, llvm::StringRef, llvm::TargetOptions const&, std::optional<llvm::Reloc::Model>, std::optional<llvm::CodeModel::Model>, llvm::CodeGenOptLevel, bool) const /usr/lib/llvm-20/include/llvm/MC/TargetRegistry.h:462:12
    #7 0x55ca9163a09e in tsc::TargetRegistry::initializeAllTargets() /workspace/src/TargetRegistry.cpp:67:41
    #8 0x55ca9162bdcd in tsc::Compiler::initializeLLVM() /workspace/src/Compiler.cpp:349:14
    #9 0x55ca9162b8b7 in tsc::Compiler::Compiler(tsc::CompilerOptions const&) /workspace/src/Compiler.cpp:24:5
    #10 0x55ca915fd7b5 in main /workspace/src/main.cpp:191:18
    #11 0x7ff5c395a337  (/lib/x86_64-linux-gnu/libc.so.6+0x2a337) (BuildId: 467f544f15035abef911999cbc14489edd0555ab)
    #12 0x7ff5c395a3fa in __libc_start_main (/lib/x86_64-linux-gnu/libc.so.6+0x2a3fa) (BuildId: 467f544f15035abef911999cbc14489edd0555ab)
    #13 0x55ca91511b64 in _start (/workspace/build-asan/tsc+0x74b64) (BuildId: 73a10d7cc646a755f705b0ae57418e68578aec2f)

Indirect leak of 48 byte(s) in 1 object(s) allocated from:
    #0 0x55ca915fa191 in operator new(unsigned long) (/workspace/build-asan/tsc+0x15d191) (BuildId: 73a10d7cc646a755f705b0ae57418e68578aec2f)
    #1 0x7ff5c763c1e1  (/usr/lib/llvm-20/lib/libLLVM.so.20.1+0x37201e1) (BuildId: b856c61f98abf0989f157f153740fe0fadfbb760)
    #2 0x7ff5c52d0707 in llvm::CodeGenTargetMachineImpl::initAsmInfo() (/usr/lib/llvm-20/lib/libLLVM.so.20.1+0x13b4707) (BuildId: b856c61f98abf0989f157f153740fe0fadfbb760)
    #3 0x7ff5c733201a  (/usr/lib/llvm-20/lib/libLLVM.so.20.1+0x341601a) (BuildId: b856c61f98abf0989f157f153740fe0fadfbb760)
    #4 0x7ff5c734729c  (/usr/lib/llvm-20/lib/libLLVM.so.20.1+0x342b29c) (BuildId: b856c61f98abf0989f157f153740fe0fadfbb760)
    #5 0x55ca91648523 in llvm::Target::createTargetMachine(llvm::StringRef, llvm::StringRef, llvm::StringRef, llvm::TargetOptions const&, std::optional<llvm::Reloc::Model>, std::optional<llvm::CodeModel::Model>, llvm::CodeGenOptLevel, bool) const /usr/lib/llvm-20/include/llvm/MC/TargetRegistry.h:462:12
    #6 0x55ca9163a09e in tsc::TargetRegistry::initializeAllTargets() /workspace/src/TargetRegistry.cpp:67:41
    #7 0x55ca9162bdcd in tsc::Compiler::initializeLLVM() /workspace/src/Compiler.cpp:349:14
    #8 0x55ca9162b8b7 in tsc::Compiler::Compiler(tsc::CompilerOptions const&) /workspace/src/Compiler.cpp:24:5
    #9 0x55ca915fd7b5 in main /workspace/src/main.cpp:191:18
    #10 0x7ff5c395a337  (/lib/x86_64-linux-gnu/libc.so.6+0x2a337) (BuildId: 467f544f15035abef911999cbc14489edd0555ab)
    #11 0x7ff5c395a3fa in __libc_start_main (/lib/x86_64-linux-gnu/libc.so.6+0x2a3fa) (BuildId: 467f544f15035abef911999cbc14489edd0555ab)
    #12 0x55ca91511b64 in _start (/workspace/build-asan/tsc+0x74b64) (BuildId: 73a10d7cc646a755f705b0ae57418e68578aec2f)

Indirect leak of 48 byte(s) in 1 object(s) allocated from:
    #0 0x55ca915fa191 in operator new(unsigned long) (/workspace/build-asan/tsc+0x15d191) (BuildId: 73a10d7cc646a755f705b0ae57418e68578aec2f)
    #1 0x7ff5c7884c71  (/usr/lib/llvm-20/lib/libLLVM.so.20.1+0x3968c71) (BuildId: b856c61f98abf0989f157f153740fe0fadfbb760)
    #2 0x7ff5c52d0707 in llvm::CodeGenTargetMachineImpl::initAsmInfo() (/usr/lib/llvm-20/lib/libLLVM.so.20.1+0x13b4707) (BuildId: b856c61f98abf0989f157f153740fe0fadfbb760)
    #3 0x7ff5c7878dae  (/usr/lib/llvm-20/lib/libLLVM.so.20.1+0x395cdae) (BuildId: b856c61f98abf0989f157f153740fe0fadfbb760)
    #4 0x7ff5c78792ea  (/usr/lib/llvm-20/lib/libLLVM.so.20.1+0x395d2ea) (BuildId: b856c61f98abf0989f157f153740fe0fadfbb760)
    #5 0x55ca91648523 in llvm::Target::createTargetMachine(llvm::StringRef, llvm::StringRef, llvm::StringRef, llvm::TargetOptions const&, std::optional<llvm::Reloc::Model>, std::optional<llvm::CodeModel::Model>, llvm::CodeGenOptLevel, bool) const /usr/lib/llvm-20/include/llvm/MC/TargetRegistry.h:462:12
    #6 0x55ca9163a09e in tsc::TargetRegistry::initializeAllTargets() /workspace/src/TargetRegistry.cpp:67:41
    #7 0x55ca9162bdcd in tsc::Compiler::initializeLLVM() /workspace/src/Compiler.cpp:349:14
    #8 0x55ca9162b8b7 in tsc::Compiler::Compiler(tsc::CompilerOptions const&) /workspace/src/Compiler.cpp:24:5
    #9 0x55ca915fd7b5 in main /workspace/src/main.cpp:191:18
    #10 0x7ff5c395a337  (/lib/x86_64-linux-gnu/libc.so.6+0x2a337) (BuildId: 467f544f15035abef911999cbc14489edd0555ab)
    #11 0x7ff5c395a3fa in __libc_start_main (/lib/x86_64-linux-gnu/libc.so.6+0x2a3fa) (BuildId: 467f544f15035abef911999cbc14489edd0555ab)
    #12 0x55ca91511b64 in _start (/workspace/build-asan/tsc+0x74b64) (BuildId: 73a10d7cc646a755f705b0ae57418e68578aec2f)

Indirect leak of 48 byte(s) in 1 object(s) allocated from:
    #0 0x55ca915fa191 in operator new(unsigned long) (/workspace/build-asan/tsc+0x15d191) (BuildId: 73a10d7cc646a755f705b0ae57418e68578aec2f)
    #1 0x7ff5c7a38f71  (/usr/lib/llvm-20/lib/libLLVM.so.20.1+0x3b1cf71) (BuildId: b856c61f98abf0989f157f153740fe0fadfbb760)
    #2 0x7ff5c52d0707 in llvm::CodeGenTargetMachineImpl::initAsmInfo() (/usr/lib/llvm-20/lib/libLLVM.so.20.1+0x13b4707) (BuildId: b856c61f98abf0989f157f153740fe0fadfbb760)
    #3 0x7ff5c79ce866  (/usr/lib/llvm-20/lib/libLLVM.so.20.1+0x3ab2866) (BuildId: b856c61f98abf0989f157f153740fe0fadfbb760)
    #4 0x7ff5c79d081a  (/usr/lib/llvm-20/lib/libLLVM.so.20.1+0x3ab481a) (BuildId: b856c61f98abf0989f157f153740fe0fadfbb760)
    #5 0x55ca91648523 in llvm::Target::createTargetMachine(llvm::StringRef, llvm::StringRef, llvm::StringRef, llvm::TargetOptions const&, std::optional<llvm::Reloc::Model>, std::optional<llvm::CodeModel::Model>, llvm::CodeGenOptLevel, bool) const /usr/lib/llvm-20/include/llvm/MC/TargetRegistry.h:462:12
    #6 0x55ca9163a09e in tsc::TargetRegistry::initializeAllTargets() /workspace/src/TargetRegistry.cpp:67:41
    #7 0x55ca9162bdcd in tsc::Compiler::initializeLLVM() /workspace/src/Compiler.cpp:349:14
    #8 0x55ca9162b8b7 in tsc::Compiler::Compiler(tsc::CompilerOptions const&) /workspace/src/Compiler.cpp:24:5
    #9 0x55ca915fd7b5 in main /workspace/src/main.cpp:191:18
    #10 0x7ff5c395a337  (/lib/x86_64-linux-gnu/libc.so.6+0x2a337) (BuildId: 467f544f15035abef911999cbc14489edd0555ab)
    #11 0x7ff5c395a3fa in __libc_start_main (/lib/x86_64-linux-gnu/libc.so.6+0x2a3fa) (BuildId: 467f544f15035abef911999cbc14489edd0555ab)
    #12 0x55ca91511b64 in _start (/workspace/build-asan/tsc+0x74b64) (BuildId: 73a10d7cc646a755f705b0ae57418e68578aec2f)

Indirect leak of 48 byte(s) in 1 object(s) allocated from:
    #0 0x55ca915fa191 in operator new(unsigned long) (/workspace/build-asan/tsc+0x15d191) (BuildId: 73a10d7cc646a755f705b0ae57418e68578aec2f)
    #1 0x7ff5c7a6a431  (/usr/lib/llvm-20/lib/libLLVM.so.20.1+0x3b4e431) (BuildId: b856c61f98abf0989f157f153740fe0fadfbb760)
    #2 0x7ff5c52d0707 in llvm::CodeGenTargetMachineImpl::initAsmInfo() (/usr/lib/llvm-20/lib/libLLVM.so.20.1+0x13b4707) (BuildId: b856c61f98abf0989f157f153740fe0fadfbb760)
    #3 0x7ff5c7a52005  (/usr/lib/llvm-20/lib/libLLVM.so.20.1+0x3b36005) (BuildId: b856c61f98abf0989f157f153740fe0fadfbb760)
    #4 0x7ff5c7a525ca  (/usr/lib/llvm-20/lib/libLLVM.so.20.1+0x3b365ca) (BuildId: b856c61f98abf0989f157f153740fe0fadfbb760)
    #5 0x55ca91648523 in llvm::Target::createTargetMachine(llvm::StringRef, llvm::StringRef, llvm::StringRef, llvm::TargetOptions const&, std::optional<llvm::Reloc::Model>, std::optional<llvm::CodeModel::Model>, llvm::CodeGenOptLevel, bool) const /usr/lib/llvm-20/include/llvm/MC/TargetRegistry.h:462:12
    #6 0x55ca9163a09e in tsc::TargetRegistry::initializeAllTargets() /workspace/src/TargetRegistry.cpp:67:41
    #7 0x55ca9162bdcd in tsc::Compiler::initializeLLVM() /workspace/src/Compiler.cpp:349:14
    #8 0x55ca9162b8b7 in tsc::Compiler::Compiler(tsc::CompilerOptions const&) /workspace/src/Compiler.cpp:24:5
    #9 0x55ca915fd7b5 in main /workspace/src/main.cpp:191:18
    #10 0x7ff5c395a337  (/lib/x86_64-linux-gnu/libc.so.6+0x2a337) (BuildId: 467f544f15035abef911999cbc14489edd0555ab)
    #11 0x7ff5c395a3fa in __libc_start_main (/lib/x86_64-linux-gnu/libc.so.6+0x2a3fa) (BuildId: 467f544f15035abef911999cbc14489edd0555ab)
    #12 0x55ca91511b64 in _start (/workspace/build-asan/tsc+0x74b64) (BuildId: 73a10d7cc646a755f705b0ae57418e68578aec2f)

Indirect leak of 48 byte(s) in 1 object(s) allocated from:
    #0 0x55ca915fa191 in operator new(unsigned long) (/workspace/build-asan/tsc+0x15d191) (BuildId: 73a10d7cc646a755f705b0ae57418e68578aec2f)
    #1 0x7ff5c7bc5391  (/usr/lib/llvm-20/lib/libLLVM.so.20.1+0x3ca9391) (BuildId: b856c61f98abf0989f157f153740fe0fadfbb760)
    #2 0x7ff5c52d0707 in llvm::CodeGenTargetMachineImpl::initAsmInfo() (/usr/lib/llvm-20/lib/libLLVM.so.20.1+0x13b4707) (BuildId: b856c61f98abf0989f157f153740fe0fadfbb760)
    #3 0x7ff5c7bc1f78  (/usr/lib/llvm-20/lib/libLLVM.so.20.1+0x3ca5f78) (BuildId: b856c61f98abf0989f157f153740fe0fadfbb760)
    #4 0x7ff5c7bc234a  (/usr/lib/llvm-20/lib/libLLVM.so.20.1+0x3ca634a) (BuildId: b856c61f98abf0989f157f153740fe0fadfbb760)
    #5 0x55ca91648523 in llvm::Target::createTargetMachine(llvm::StringRef, llvm::StringRef, llvm::StringRef, llvm::TargetOptions const&, std::optional<llvm::Reloc::Model>, std::optional<llvm::CodeModel::Model>, llvm::CodeGenOptLevel, bool) const /usr/lib/llvm-20/include/llvm/MC/TargetRegistry.h:462:12
    #6 0x55ca9163a09e in tsc::TargetRegistry::initializeAllTargets() /workspace/src/TargetRegistry.cpp:67:41
    #7 0x55ca9162bdcd in tsc::Compiler::initializeLLVM() /workspace/src/Compiler.cpp:349:14
    #8 0x55ca9162b8b7 in tsc::Compiler::Compiler(tsc::CompilerOptions const&) /workspace/src/Compiler.cpp:24:5
    #9 0x55ca915fd7b5 in main /workspace/src/main.cpp:191:18
    #10 0x7ff5c395a337  (/lib/x86_64-linux-gnu/libc.so.6+0x2a337) (BuildId: 467f544f15035abef911999cbc14489edd0555ab)
    #11 0x7ff5c395a3fa in __libc_start_main (/lib/x86_64-linux-gnu/libc.so.6+0x2a3fa) (BuildId: 467f544f15035abef911999cbc14489edd0555ab)
    #12 0x55ca91511b64 in _start (/workspace/build-asan/tsc+0x74b64) (BuildId: 73a10d7cc646a755f705b0ae57418e68578aec2f)

Indirect leak of 48 byte(s) in 1 object(s) allocated from:
    #0 0x55ca915fa191 in operator new(unsigned long) (/workspace/build-asan/tsc+0x15d191) (BuildId: 73a10d7cc646a755f705b0ae57418e68578aec2f)
    #1 0x7ff5c7c310b1  (/usr/lib/llvm-20/lib/libLLVM.so.20.1+0x3d150b1) (BuildId: b856c61f98abf0989f157f153740fe0fadfbb760)
    #2 0x7ff5c52d0707 in llvm::CodeGenTargetMachineImpl::initAsmInfo() (/usr/lib/llvm-20/lib/libLLVM.so.20.1+0x13b4707) (BuildId: b856c61f98abf0989f157f153740fe0fadfbb760)
    #3 0x7ff5c7c060c4  (/usr/lib/llvm-20/lib/libLLVM.so.20.1+0x3cea0c4) (BuildId: b856c61f98abf0989f157f153740fe0fadfbb760)
    #4 0x7ff5c7c07e74  (/usr/lib/llvm-20/lib/libLLVM.so.20.1+0x3cebe74) (BuildId: b856c61f98abf0989f157f153740fe0fadfbb760)
    #5 0x55ca91648523 in llvm::Target::createTargetMachine(llvm::StringRef, llvm::StringRef, llvm::StringRef, llvm::TargetOptions const&, std::optional<llvm::Reloc::Model>, std::optional<llvm::CodeModel::Model>, llvm::CodeGenOptLevel, bool) const /usr/lib/llvm-20/include/llvm/MC/TargetRegistry.h:462:12
    #6 0x55ca9163a09e in tsc::TargetRegistry::initializeAllTargets() /workspace/src/TargetRegistry.cpp:67:41
    #7 0x55ca9162bdcd in tsc::Compiler::initializeLLVM() /workspace/src/Compiler.cpp:349:14
    #8 0x55ca9162b8b7 in tsc::Compiler::Compiler(tsc::CompilerOptions const&) /workspace/src/Compiler.cpp:24:5
    #9 0x55ca915fd7b5 in main /workspace/src/main.cpp:191:18
    #10 0x7ff5c395a337  (/lib/x86_64-linux-gnu/libc.so.6+0x2a337) (BuildId: 467f544f15035abef911999cbc14489edd0555ab)
    #11 0x7ff5c395a3fa in __libc_start_main (/lib/x86_64-linux-gnu/libc.so.6+0x2a3fa) (BuildId: 467f544f15035abef911999cbc14489edd0555ab)
    #12 0x55ca91511b64 in _start (/workspace/build-asan/tsc+0x74b64) (BuildId: 73a10d7cc646a755f705b0ae57418e68578aec2f)

Indirect leak of 46 byte(s) in 1 object(s) allocated from:
    #0 0x55ca915fa191 in operator new(unsigned long) (/workspace/build-asan/tsc+0x15d191) (BuildId: 73a10d7cc646a755f705b0ae57418e68578aec2f)
    #1 0x7ff5c4ff3807 in llvm::DataLayout::parseLayoutString(llvm::StringRef) (/usr/lib/llvm-20/lib/libLLVM.so.20.1+0x10d7807) (BuildId: b856c61f98abf0989f157f153740fe0fadfbb760)
    #2 0x7ff5c4ff3744 in llvm::DataLayout::DataLayout(llvm::StringRef) (/usr/lib/llvm-20/lib/libLLVM.so.20.1+0x10d7744) (BuildId: b856c61f98abf0989f157f153740fe0fadfbb760)
    #3 0x7ff5c6ef490c in llvm::TargetMachine::TargetMachine(llvm::Target const&, llvm::StringRef, llvm::Triple const&, llvm::StringRef, llvm::StringRef, llvm::TargetOptions const&) (/usr/lib/llvm-20/lib/libLLVM.so.20.1+0x2fd890c) (BuildId: b856c61f98abf0989f157f153740fe0fadfbb760)
    #4 0x7ff5c52d0937 in llvm::CodeGenTargetMachineImpl::CodeGenTargetMachineImpl(llvm::Target const&, llvm::StringRef, llvm::Triple const&, llvm::StringRef, llvm::StringRef, llvm::TargetOptions const&, llvm::Reloc::Model, llvm::CodeModel::Model, llvm::CodeGenOptLevel) (/usr/lib/llvm-20/lib/libLLVM.so.20.1+0x13b4937) (BuildId: b856c61f98abf0989f157f153740fe0fadfbb760)
    #5 0x7ff5c7ed4af0  (/usr/lib/llvm-20/lib/libLLVM.so.20.1+0x3fb8af0) (BuildId: b856c61f98abf0989f157f153740fe0fadfbb760)
    #6 0x7ff5c7ed569c  (/usr/lib/llvm-20/lib/libLLVM.so.20.1+0x3fb969c) (BuildId: b856c61f98abf0989f157f153740fe0fadfbb760)
    #7 0x55ca91648523 in llvm::Target::createTargetMachine(llvm::StringRef, llvm::StringRef, llvm::StringRef, llvm::TargetOptions const&, std::optional<llvm::Reloc::Model>, std::optional<llvm::CodeModel::Model>, llvm::CodeGenOptLevel, bool) const /usr/lib/llvm-20/include/llvm/MC/TargetRegistry.h:462:12
    #8 0x55ca9163a09e in tsc::TargetRegistry::initializeAllTargets() /workspace/src/TargetRegistry.cpp:67:41
    #9 0x55ca9162bdcd in tsc::Compiler::initializeLLVM() /workspace/src/Compiler.cpp:349:14
    #10 0x55ca9162b8b7 in tsc::Compiler::Compiler(tsc::CompilerOptions const&) /workspace/src/Compiler.cpp:24:5
    #11 0x55ca915fd7b5 in main /workspace/src/main.cpp:191:18
    #12 0x7ff5c395a337  (/lib/x86_64-linux-gnu/libc.so.6+0x2a337) (BuildId: 467f544f15035abef911999cbc14489edd0555ab)
    #13 0x7ff5c395a3fa in __libc_start_main (/lib/x86_64-linux-gnu/libc.so.6+0x2a3fa) (BuildId: 467f544f15035abef911999cbc14489edd0555ab)
    #14 0x55ca91511b64 in _start (/workspace/build-asan/tsc+0x74b64) (BuildId: 73a10d7cc646a755f705b0ae57418e68578aec2f)

Indirect leak of 46 byte(s) in 1 object(s) allocated from:
    #0 0x55ca915fa191 in operator new(unsigned long) (/workspace/build-asan/tsc+0x15d191) (BuildId: 73a10d7cc646a755f705b0ae57418e68578aec2f)
    #1 0x7ff5c4ff3807 in llvm::DataLayout::parseLayoutString(llvm::StringRef) (/usr/lib/llvm-20/lib/libLLVM.so.20.1+0x10d7807) (BuildId: b856c61f98abf0989f157f153740fe0fadfbb760)
    #2 0x7ff5c4ff3744 in llvm::DataLayout::DataLayout(llvm::StringRef) (/usr/lib/llvm-20/lib/libLLVM.so.20.1+0x10d7744) (BuildId: b856c61f98abf0989f157f153740fe0fadfbb760)
    #3 0x7ff5c6ef490c in llvm::TargetMachine::TargetMachine(llvm::Target const&, llvm::StringRef, llvm::Triple const&, llvm::StringRef, llvm::StringRef, llvm::TargetOptions const&) (/usr/lib/llvm-20/lib/libLLVM.so.20.1+0x2fd890c) (BuildId: b856c61f98abf0989f157f153740fe0fadfbb760)
    #4 0x7ff5c52d0937 in llvm::CodeGenTargetMachineImpl::CodeGenTargetMachineImpl(llvm::Target const&, llvm::StringRef, llvm::Triple const&, llvm::StringRef, llvm::StringRef, llvm::TargetOptions const&, llvm::Reloc::Model, llvm::CodeModel::Model, llvm::CodeGenOptLevel) (/usr/lib/llvm-20/lib/libLLVM.so.20.1+0x13b4937) (BuildId: b856c61f98abf0989f157f153740fe0fadfbb760)
    #5 0x7ff5c7ed4af0  (/usr/lib/llvm-20/lib/libLLVM.so.20.1+0x3fb8af0) (BuildId: b856c61f98abf0989f157f153740fe0fadfbb760)
    #6 0x7ff5c7ed581c  (/usr/lib/llvm-20/lib/libLLVM.so.20.1+0x3fb981c) (BuildId: b856c61f98abf0989f157f153740fe0fadfbb760)
    #7 0x55ca91648523 in llvm::Target::createTargetMachine(llvm::StringRef, llvm::StringRef, llvm::StringRef, llvm::TargetOptions const&, std::optional<llvm::Reloc::Model>, std::optional<llvm::CodeModel::Model>, llvm::CodeGenOptLevel, bool) const /usr/lib/llvm-20/include/llvm/MC/TargetRegistry.h:462:12
    #8 0x55ca9163a09e in tsc::TargetRegistry::initializeAllTargets() /workspace/src/TargetRegistry.cpp:67:41
    #9 0x55ca9162bdcd in tsc::Compiler::initializeLLVM() /workspace/src/Compiler.cpp:349:14
    #10 0x55ca9162b8b7 in tsc::Compiler::Compiler(tsc::CompilerOptions const&) /workspace/src/Compiler.cpp:24:5
    #11 0x55ca915fd7b5 in main /workspace/src/main.cpp:191:18
    #12 0x7ff5c395a337  (/lib/x86_64-linux-gnu/libc.so.6+0x2a337) (BuildId: 467f544f15035abef911999cbc14489edd0555ab)
    #13 0x7ff5c395a3fa in __libc_start_main (/lib/x86_64-linux-gnu/libc.so.6+0x2a3fa) (BuildId: 467f544f15035abef911999cbc14489edd0555ab)
    #14 0x55ca91511b64 in _start (/workspace/build-asan/tsc+0x74b64) (BuildId: 73a10d7cc646a755f705b0ae57418e68578aec2f)

Indirect leak of 43 byte(s) in 1 object(s) allocated from:
    #0 0x55ca915fa191 in operator new(unsigned long) (/workspace/build-asan/tsc+0x15d191) (BuildId: 73a10d7cc646a755f705b0ae57418e68578aec2f)
    #1 0x7ff5c4ff3807 in llvm::DataLayout::parseLayoutString(llvm::StringRef) (/usr/lib/llvm-20/lib/libLLVM.so.20.1+0x10d7807) (BuildId: b856c61f98abf0989f157f153740fe0fadfbb760)
    #2 0x7ff5c4ff3744 in llvm::DataLayout::DataLayout(llvm::StringRef) (/usr/lib/llvm-20/lib/libLLVM.so.20.1+0x10d7744) (BuildId: b856c61f98abf0989f157f153740fe0fadfbb760)
    #3 0x7ff5c6ef490c in llvm::TargetMachine::TargetMachine(llvm::Target const&, llvm::StringRef, llvm::Triple const&, llvm::StringRef, llvm::StringRef, llvm::TargetOptions const&) (/usr/lib/llvm-20/lib/libLLVM.so.20.1+0x2fd890c) (BuildId: b856c61f98abf0989f157f153740fe0fadfbb760)
    #4 0x7ff5c52d0937 in llvm::CodeGenTargetMachineImpl::CodeGenTargetMachineImpl(llvm::Target const&, llvm::StringRef, llvm::Triple const&, llvm::StringRef, llvm::StringRef, llvm::TargetOptions const&, llvm::Reloc::Model, llvm::CodeModel::Model, llvm::CodeGenOptLevel) (/usr/lib/llvm-20/lib/libLLVM.so.20.1+0x13b4937) (BuildId: b856c61f98abf0989f157f153740fe0fadfbb760)
    #5 0x7ff5c8482242  (/usr/lib/llvm-20/lib/libLLVM.so.20.1+0x4566242) (BuildId: b856c61f98abf0989f157f153740fe0fadfbb760)
    #6 0x7ff5c8482b05  (/usr/lib/llvm-20/lib/libLLVM.so.20.1+0x4566b05) (BuildId: b856c61f98abf0989f157f153740fe0fadfbb760)
    #7 0x55ca91648523 in llvm::Target::createTargetMachine(llvm::StringRef, llvm::StringRef, llvm::StringRef, llvm::TargetOptions const&, std::optional<llvm::Reloc::Model>, std::optional<llvm::CodeModel::Model>, llvm::CodeGenOptLevel, bool) const /usr/lib/llvm-20/include/llvm/MC/TargetRegistry.h:462:12
    #8 0x55ca9163a09e in tsc::TargetRegistry::initializeAllTargets() /workspace/src/TargetRegistry.cpp:67:41
    #9 0x55ca9162bdcd in tsc::Compiler::initializeLLVM() /workspace/src/Compiler.cpp:349:14
    #10 0x55ca9162b8b7 in tsc::Compiler::Compiler(tsc::CompilerOptions const&) /workspace/src/Compiler.cpp:24:5
    #11 0x55ca915fd7b5 in main /workspace/src/main.cpp:191:18
    #12 0x7ff5c395a337  (/lib/x86_64-linux-gnu/libc.so.6+0x2a337) (BuildId: 467f544f15035abef911999cbc14489edd0555ab)
    #13 0x7ff5c395a3fa in __libc_start_main (/lib/x86_64-linux-gnu/libc.so.6+0x2a3fa) (BuildId: 467f544f15035abef911999cbc14489edd0555ab)
    #14 0x55ca91511b64 in _start (/workspace/build-asan/tsc+0x74b64) (BuildId: 73a10d7cc646a755f705b0ae57418e68578aec2f)

Indirect leak of 42 byte(s) in 1 object(s) allocated from:
    #0 0x55ca915fa191 in operator new(unsigned long) (/workspace/build-asan/tsc+0x15d191) (BuildId: 73a10d7cc646a755f705b0ae57418e68578aec2f)
    #1 0x7ff5c4ff3807 in llvm::DataLayout::parseLayoutString(llvm::StringRef) (/usr/lib/llvm-20/lib/libLLVM.so.20.1+0x10d7807) (BuildId: b856c61f98abf0989f157f153740fe0fadfbb760)
    #2 0x7ff5c4ff3744 in llvm::DataLayout::DataLayout(llvm::StringRef) (/usr/lib/llvm-20/lib/libLLVM.so.20.1+0x10d7744) (BuildId: b856c61f98abf0989f157f153740fe0fadfbb760)
    #3 0x7ff5c6ef490c in llvm::TargetMachine::TargetMachine(llvm::Target const&, llvm::StringRef, llvm::Triple const&, llvm::StringRef, llvm::StringRef, llvm::TargetOptions const&) (/usr/lib/llvm-20/lib/libLLVM.so.20.1+0x2fd890c) (BuildId: b856c61f98abf0989f157f153740fe0fadfbb760)
    #4 0x7ff5c52d0937 in llvm::CodeGenTargetMachineImpl::CodeGenTargetMachineImpl(llvm::Target const&, llvm::StringRef, llvm::Triple const&, llvm::StringRef, llvm::StringRef, llvm::TargetOptions const&, llvm::Reloc::Model, llvm::CodeModel::Model, llvm::CodeGenOptLevel) (/usr/lib/llvm-20/lib/libLLVM.so.20.1+0x13b4937) (BuildId: b856c61f98abf0989f157f153740fe0fadfbb760)
    #5 0x7ff5c7c05e5b  (/usr/lib/llvm-20/lib/libLLVM.so.20.1+0x3ce9e5b) (BuildId: b856c61f98abf0989f157f153740fe0fadfbb760)
    #6 0x7ff5c7c07f34  (/usr/lib/llvm-20/lib/libLLVM.so.20.1+0x3cebf34) (BuildId: b856c61f98abf0989f157f153740fe0fadfbb760)
    #7 0x55ca91648523 in llvm::Target::createTargetMachine(llvm::StringRef, llvm::StringRef, llvm::StringRef, llvm::TargetOptions const&, std::optional<llvm::Reloc::Model>, std::optional<llvm::CodeModel::Model>, llvm::CodeGenOptLevel, bool) const /usr/lib/llvm-20/include/llvm/MC/TargetRegistry.h:462:12
    #8 0x55ca9163a09e in tsc::TargetRegistry::initializeAllTargets() /workspace/src/TargetRegistry.cpp:67:41
    #9 0x55ca9162bdcd in tsc::Compiler::initializeLLVM() /workspace/src/Compiler.cpp:349:14
    #10 0x55ca9162b8b7 in tsc::Compiler::Compiler(tsc::CompilerOptions const&) /workspace/src/Compiler.cpp:24:5
    #11 0x55ca915fd7b5 in main /workspace/src/main.cpp:191:18
    #12 0x7ff5c395a337  (/lib/x86_64-linux-gnu/libc.so.6+0x2a337) (BuildId: 467f544f15035abef911999cbc14489edd0555ab)
    #13 0x7ff5c395a3fa in __libc_start_main (/lib/x86_64-linux-gnu/libc.so.6+0x2a3fa) (BuildId: 467f544f15035abef911999cbc14489edd0555ab)
    #14 0x55ca91511b64 in _start (/workspace/build-asan/tsc+0x74b64) (BuildId: 73a10d7cc646a755f705b0ae57418e68578aec2f)

Indirect leak of 40 byte(s) in 2 object(s) allocated from:
    #0 0x55ca915fa191 in operator new(unsigned long) (/workspace/build-asan/tsc+0x15d191) (BuildId: 73a10d7cc646a755f705b0ae57418e68578aec2f)
    #1 0x7ff5c6801cf4 in llvm::MCSubtargetInfo::MCSubtargetInfo(llvm::Triple const&, llvm::StringRef, llvm::StringRef, llvm::StringRef, llvm::ArrayRef<llvm::StringRef>, llvm::ArrayRef<llvm::SubtargetFeatureKV>, llvm::ArrayRef<llvm::SubtargetSubTypeKV>, llvm::MCWriteProcResEntry const*, llvm::MCWriteLatencyEntry const*, llvm::MCReadAdvanceEntry const*, llvm::InstrStage const*, unsigned int const*, unsigned int const*) (/usr/lib/llvm-20/lib/libLLVM.so.20.1+0x28e5cf4) (BuildId: b856c61f98abf0989f157f153740fe0fadfbb760)
    #2 0x7ff5c80f7e48  (/usr/lib/llvm-20/lib/libLLVM.so.20.1+0x41dbe48) (BuildId: b856c61f98abf0989f157f153740fe0fadfbb760)
    #3 0x7ff5c52d0793 in llvm::CodeGenTargetMachineImpl::initAsmInfo() (/usr/lib/llvm-20/lib/libLLVM.so.20.1+0x13b4793) (BuildId: b856c61f98abf0989f157f153740fe0fadfbb760)
    #4 0x7ff5c80d8f3a  (/usr/lib/llvm-20/lib/libLLVM.so.20.1+0x41bcf3a) (BuildId: b856c61f98abf0989f157f153740fe0fadfbb760)
    #5 0x55ca91648523 in llvm::Target::createTargetMachine(llvm::StringRef, llvm::StringRef, llvm::StringRef, llvm::TargetOptions const&, std::optional<llvm::Reloc::Model>, std::optional<llvm::CodeModel::Model>, llvm::CodeGenOptLevel, bool) const /usr/lib/llvm-20/include/llvm/MC/TargetRegistry.h:462:12
    #6 0x55ca9163a09e in tsc::TargetRegistry::initializeAllTargets() /workspace/src/TargetRegistry.cpp:67:41
    #7 0x55ca9162bdcd in tsc::Compiler::initializeLLVM() /workspace/src/Compiler.cpp:349:14
    #8 0x55ca9162b8b7 in tsc::Compiler::Compiler(tsc::CompilerOptions const&) /workspace/src/Compiler.cpp:24:5
    #9 0x55ca915fd7b5 in main /workspace/src/main.cpp:191:18
    #10 0x7ff5c395a337  (/lib/x86_64-linux-gnu/libc.so.6+0x2a337) (BuildId: 467f544f15035abef911999cbc14489edd0555ab)
    #11 0x7ff5c395a3fa in __libc_start_main (/lib/x86_64-linux-gnu/libc.so.6+0x2a3fa) (BuildId: 467f544f15035abef911999cbc14489edd0555ab)
    #12 0x55ca91511b64 in _start (/workspace/build-asan/tsc+0x74b64) (BuildId: 73a10d7cc646a755f705b0ae57418e68578aec2f)

Indirect leak of 40 byte(s) in 2 object(s) allocated from:
    #0 0x55ca915fa191 in operator new(unsigned long) (/workspace/build-asan/tsc+0x15d191) (BuildId: 73a10d7cc646a755f705b0ae57418e68578aec2f)
    #1 0x7ff5c6ef4944 in llvm::TargetMachine::TargetMachine(llvm::Target const&, llvm::StringRef, llvm::Triple const&, llvm::StringRef, llvm::StringRef, llvm::TargetOptions const&) (/usr/lib/llvm-20/lib/libLLVM.so.20.1+0x2fd8944) (BuildId: b856c61f98abf0989f157f153740fe0fadfbb760)
    #2 0x7ff5c52d0937 in llvm::CodeGenTargetMachineImpl::CodeGenTargetMachineImpl(llvm::Target const&, llvm::StringRef, llvm::Triple const&, llvm::StringRef, llvm::StringRef, llvm::TargetOptions const&, llvm::Reloc::Model, llvm::CodeModel::Model, llvm::CodeGenOptLevel) (/usr/lib/llvm-20/lib/libLLVM.so.20.1+0x13b4937) (BuildId: b856c61f98abf0989f157f153740fe0fadfbb760)
    #3 0x7ff5c80d70c0  (/usr/lib/llvm-20/lib/libLLVM.so.20.1+0x41bb0c0) (BuildId: b856c61f98abf0989f157f153740fe0fadfbb760)
    #4 0x7ff5c80d8f3a  (/usr/lib/llvm-20/lib/libLLVM.so.20.1+0x41bcf3a) (BuildId: b856c61f98abf0989f157f153740fe0fadfbb760)
    #5 0x55ca91648523 in llvm::Target::createTargetMachine(llvm::StringRef, llvm::StringRef, llvm::StringRef, llvm::TargetOptions const&, std::optional<llvm::Reloc::Model>, std::optional<llvm::CodeModel::Model>, llvm::CodeGenOptLevel, bool) const /usr/lib/llvm-20/include/llvm/MC/TargetRegistry.h:462:12
    #6 0x55ca9163a09e in tsc::TargetRegistry::initializeAllTargets() /workspace/src/TargetRegistry.cpp:67:41
    #7 0x55ca9162bdcd in tsc::Compiler::initializeLLVM() /workspace/src/Compiler.cpp:349:14
    #8 0x55ca9162b8b7 in tsc::Compiler::Compiler(tsc::CompilerOptions const&) /workspace/src/Compiler.cpp:24:5
    #9 0x55ca915fd7b5 in main /workspace/src/main.cpp:191:18
    #10 0x7ff5c395a337  (/lib/x86_64-linux-gnu/libc.so.6+0x2a337) (BuildId: 467f544f15035abef911999cbc14489edd0555ab)
    #11 0x7ff5c395a3fa in __libc_start_main (/lib/x86_64-linux-gnu/libc.so.6+0x2a3fa) (BuildId: 467f544f15035abef911999cbc14489edd0555ab)
    #12 0x55ca91511b64 in _start (/workspace/build-asan/tsc+0x74b64) (BuildId: 73a10d7cc646a755f705b0ae57418e68578aec2f)

Indirect leak of 40 byte(s) in 2 object(s) allocated from:
    #0 0x55ca915fa191 in operator new(unsigned long) (/workspace/build-asan/tsc+0x15d191) (BuildId: 73a10d7cc646a755f705b0ae57418e68578aec2f)
    #1 0x7ff5c6801cf4 in llvm::MCSubtargetInfo::MCSubtargetInfo(llvm::Triple const&, llvm::StringRef, llvm::StringRef, llvm::StringRef, llvm::ArrayRef<llvm::StringRef>, llvm::ArrayRef<llvm::SubtargetFeatureKV>, llvm::ArrayRef<llvm::SubtargetSubTypeKV>, llvm::MCWriteProcResEntry const*, llvm::MCWriteLatencyEntry const*, llvm::MCReadAdvanceEntry const*, llvm::InstrStage const*, unsigned int const*, unsigned int const*) (/usr/lib/llvm-20/lib/libLLVM.so.20.1+0x28e5cf4) (BuildId: b856c61f98abf0989f157f153740fe0fadfbb760)
    #2 0x7ff5c83facbc  (/usr/lib/llvm-20/lib/libLLVM.so.20.1+0x44decbc) (BuildId: b856c61f98abf0989f157f153740fe0fadfbb760)
    #3 0x7ff5c52d0793 in llvm::CodeGenTargetMachineImpl::initAsmInfo() (/usr/lib/llvm-20/lib/libLLVM.so.20.1+0x13b4793) (BuildId: b856c61f98abf0989f157f153740fe0fadfbb760)
    #4 0x7ff5c837bf6d  (/usr/lib/llvm-20/lib/libLLVM.so.20.1+0x445ff6d) (BuildId: b856c61f98abf0989f157f153740fe0fadfbb760)
    #5 0x7ff5c837de4d  (/usr/lib/llvm-20/lib/libLLVM.so.20.1+0x4461e4d) (BuildId: b856c61f98abf0989f157f153740fe0fadfbb760)
    #6 0x55ca91648523 in llvm::Target::createTargetMachine(llvm::StringRef, llvm::StringRef, llvm::StringRef, llvm::TargetOptions const&, std::optional<llvm::Reloc::Model>, std::optional<llvm::CodeModel::Model>, llvm::CodeGenOptLevel, bool) const /usr/lib/llvm-20/include/llvm/MC/TargetRegistry.h:462:12
    #7 0x55ca9163a09e in tsc::TargetRegistry::initializeAllTargets() /workspace/src/TargetRegistry.cpp:67:41
    #8 0x55ca9162bdcd in tsc::Compiler::initializeLLVM() /workspace/src/Compiler.cpp:349:14
    #9 0x55ca9162b8b7 in tsc::Compiler::Compiler(tsc::CompilerOptions const&) /workspace/src/Compiler.cpp:24:5
    #10 0x55ca915fd7b5 in main /workspace/src/main.cpp:191:18
    #11 0x7ff5c395a337  (/lib/x86_64-linux-gnu/libc.so.6+0x2a337) (BuildId: 467f544f15035abef911999cbc14489edd0555ab)
    #12 0x7ff5c395a3fa in __libc_start_main (/lib/x86_64-linux-gnu/libc.so.6+0x2a3fa) (BuildId: 467f544f15035abef911999cbc14489edd0555ab)
    #13 0x55ca91511b64 in _start (/workspace/build-asan/tsc+0x74b64) (BuildId: 73a10d7cc646a755f705b0ae57418e68578aec2f)

Indirect leak of 40 byte(s) in 2 object(s) allocated from:
    #0 0x55ca915fa191 in operator new(unsigned long) (/workspace/build-asan/tsc+0x15d191) (BuildId: 73a10d7cc646a755f705b0ae57418e68578aec2f)
    #1 0x7ff5c6ef4944 in llvm::TargetMachine::TargetMachine(llvm::Target const&, llvm::StringRef, llvm::Triple const&, llvm::StringRef, llvm::StringRef, llvm::TargetOptions const&) (/usr/lib/llvm-20/lib/libLLVM.so.20.1+0x2fd8944) (BuildId: b856c61f98abf0989f157f153740fe0fadfbb760)
    #2 0x7ff5c52d0937 in llvm::CodeGenTargetMachineImpl::CodeGenTargetMachineImpl(llvm::Target const&, llvm::StringRef, llvm::Triple const&, llvm::StringRef, llvm::StringRef, llvm::TargetOptions const&, llvm::Reloc::Model, llvm::CodeModel::Model, llvm::CodeGenOptLevel) (/usr/lib/llvm-20/lib/libLLVM.so.20.1+0x13b4937) (BuildId: b856c61f98abf0989f157f153740fe0fadfbb760)
    #3 0x7ff5c837bdab  (/usr/lib/llvm-20/lib/libLLVM.so.20.1+0x445fdab) (BuildId: b856c61f98abf0989f157f153740fe0fadfbb760)
    #4 0x7ff5c837de4d  (/usr/lib/llvm-20/lib/libLLVM.so.20.1+0x4461e4d) (BuildId: b856c61f98abf0989f157f153740fe0fadfbb760)
    #5 0x55ca91648523 in llvm::Target::createTargetMachine(llvm::StringRef, llvm::StringRef, llvm::StringRef, llvm::TargetOptions const&, std::optional<llvm::Reloc::Model>, std::optional<llvm::CodeModel::Model>, llvm::CodeGenOptLevel, bool) const /usr/lib/llvm-20/include/llvm/MC/TargetRegistry.h:462:12
    #6 0x55ca9163a09e in tsc::TargetRegistry::initializeAllTargets() /workspace/src/TargetRegistry.cpp:67:41
    #7 0x55ca9162bdcd in tsc::Compiler::initializeLLVM() /workspace/src/Compiler.cpp:349:14
    #8 0x55ca9162b8b7 in tsc::Compiler::Compiler(tsc::CompilerOptions const&) /workspace/src/Compiler.cpp:24:5
    #9 0x55ca915fd7b5 in main /workspace/src/main.cpp:191:18
    #10 0x7ff5c395a337  (/lib/x86_64-linux-gnu/libc.so.6+0x2a337) (BuildId: 467f544f15035abef911999cbc14489edd0555ab)
    #11 0x7ff5c395a3fa in __libc_start_main (/lib/x86_64-linux-gnu/libc.so.6+0x2a3fa) (BuildId: 467f544f15035abef911999cbc14489edd0555ab)
    #12 0x55ca91511b64 in _start (/workspace/build-asan/tsc+0x74b64) (BuildId: 73a10d7cc646a755f705b0ae57418e68578aec2f)

Indirect leak of 40 byte(s) in 2 object(s) allocated from:
    #0 0x55ca915fa191 in operator new(unsigned long) (/workspace/build-asan/tsc+0x15d191) (BuildId: 73a10d7cc646a755f705b0ae57418e68578aec2f)
    #1 0x7ff5c6801cf4 in llvm::MCSubtargetInfo::MCSubtargetInfo(llvm::Triple const&, llvm::StringRef, llvm::StringRef, llvm::StringRef, llvm::ArrayRef<llvm::StringRef>, llvm::ArrayRef<llvm::SubtargetFeatureKV>, llvm::ArrayRef<llvm::SubtargetSubTypeKV>, llvm::MCWriteProcResEntry const*, llvm::MCWriteLatencyEntry const*, llvm::MCReadAdvanceEntry const*, llvm::InstrStage const*, unsigned int const*, unsigned int const*) (/usr/lib/llvm-20/lib/libLLVM.so.20.1+0x28e5cf4) (BuildId: b856c61f98abf0989f157f153740fe0fadfbb760)
    #2 0x7ff5c7853713  (/usr/lib/llvm-20/lib/libLLVM.so.20.1+0x3937713) (BuildId: b856c61f98abf0989f157f153740fe0fadfbb760)
    #3 0x7ff5c52d0793 in llvm::CodeGenTargetMachineImpl::initAsmInfo() (/usr/lib/llvm-20/lib/libLLVM.so.20.1+0x13b4793) (BuildId: b856c61f98abf0989f157f153740fe0fadfbb760)
    #4 0x7ff5c778f4cf  (/usr/lib/llvm-20/lib/libLLVM.so.20.1+0x38734cf) (BuildId: b856c61f98abf0989f157f153740fe0fadfbb760)
    #5 0x7ff5c77914e4  (/usr/lib/llvm-20/lib/libLLVM.so.20.1+0x38754e4) (BuildId: b856c61f98abf0989f157f153740fe0fadfbb760)
    #6 0x55ca91648523 in llvm::Target::createTargetMachine(llvm::StringRef, llvm::StringRef, llvm::StringRef, llvm::TargetOptions const&, std::optional<llvm::Reloc::Model>, std::optional<llvm::CodeModel::Model>, llvm::CodeGenOptLevel, bool) const /usr/lib/llvm-20/include/llvm/MC/TargetRegistry.h:462:12
    #7 0x55ca9163a09e in tsc::TargetRegistry::initializeAllTargets() /workspace/src/TargetRegistry.cpp:67:41
    #8 0x55ca9162bdcd in tsc::Compiler::initializeLLVM() /workspace/src/Compiler.cpp:349:14
    #9 0x55ca9162b8b7 in tsc::Compiler::Compiler(tsc::CompilerOptions const&) /workspace/src/Compiler.cpp:24:5
    #10 0x55ca915fd7b5 in main /workspace/src/main.cpp:191:18
    #11 0x7ff5c395a337  (/lib/x86_64-linux-gnu/libc.so.6+0x2a337) (BuildId: 467f544f15035abef911999cbc14489edd0555ab)
    #12 0x7ff5c395a3fa in __libc_start_main (/lib/x86_64-linux-gnu/libc.so.6+0x2a3fa) (BuildId: 467f544f15035abef911999cbc14489edd0555ab)
    #13 0x55ca91511b64 in _start (/workspace/build-asan/tsc+0x74b64) (BuildId: 73a10d7cc646a755f705b0ae57418e68578aec2f)

Indirect leak of 40 byte(s) in 2 object(s) allocated from:
    #0 0x55ca915fa191 in operator new(unsigned long) (/workspace/build-asan/tsc+0x15d191) (BuildId: 73a10d7cc646a755f705b0ae57418e68578aec2f)
    #1 0x7ff5c6ef4944 in llvm::TargetMachine::TargetMachine(llvm::Target const&, llvm::StringRef, llvm::Triple const&, llvm::StringRef, llvm::StringRef, llvm::TargetOptions const&) (/usr/lib/llvm-20/lib/libLLVM.so.20.1+0x2fd8944) (BuildId: b856c61f98abf0989f157f153740fe0fadfbb760)
    #2 0x7ff5c52d0937 in llvm::CodeGenTargetMachineImpl::CodeGenTargetMachineImpl(llvm::Target const&, llvm::StringRef, llvm::Triple const&, llvm::StringRef, llvm::StringRef, llvm::TargetOptions const&, llvm::Reloc::Model, llvm::CodeModel::Model, llvm::CodeGenOptLevel) (/usr/lib/llvm-20/lib/libLLVM.so.20.1+0x13b4937) (BuildId: b856c61f98abf0989f157f153740fe0fadfbb760)
    #3 0x7ff5c778f320  (/usr/lib/llvm-20/lib/libLLVM.so.20.1+0x3873320) (BuildId: b856c61f98abf0989f157f153740fe0fadfbb760)
    #4 0x7ff5c77914e4  (/usr/lib/llvm-20/lib/libLLVM.so.20.1+0x38754e4) (BuildId: b856c61f98abf0989f157f153740fe0fadfbb760)
    #5 0x55ca91648523 in llvm::Target::createTargetMachine(llvm::StringRef, llvm::StringRef, llvm::StringRef, llvm::TargetOptions const&, std::optional<llvm::Reloc::Model>, std::optional<llvm::CodeModel::Model>, llvm::CodeGenOptLevel, bool) const /usr/lib/llvm-20/include/llvm/MC/TargetRegistry.h:462:12
    #6 0x55ca9163a09e in tsc::TargetRegistry::initializeAllTargets() /workspace/src/TargetRegistry.cpp:67:41
    #7 0x55ca9162bdcd in tsc::Compiler::initializeLLVM() /workspace/src/Compiler.cpp:349:14
    #8 0x55ca9162b8b7 in tsc::Compiler::Compiler(tsc::CompilerOptions const&) /workspace/src/Compiler.cpp:24:5
    #9 0x55ca915fd7b5 in main /workspace/src/main.cpp:191:18
    #10 0x7ff5c395a337  (/lib/x86_64-linux-gnu/libc.so.6+0x2a337) (BuildId: 467f544f15035abef911999cbc14489edd0555ab)
    #11 0x7ff5c395a3fa in __libc_start_main (/lib/x86_64-linux-gnu/libc.so.6+0x2a3fa) (BuildId: 467f544f15035abef911999cbc14489edd0555ab)
    #12 0x55ca91511b64 in _start (/workspace/build-asan/tsc+0x74b64) (BuildId: 73a10d7cc646a755f705b0ae57418e68578aec2f)

Indirect leak of 40 byte(s) in 2 object(s) allocated from:
    #0 0x55ca915fa191 in operator new(unsigned long) (/workspace/build-asan/tsc+0x15d191) (BuildId: 73a10d7cc646a755f705b0ae57418e68578aec2f)
    #1 0x7ff5c6801cf4 in llvm::MCSubtargetInfo::MCSubtargetInfo(llvm::Triple const&, llvm::StringRef, llvm::StringRef, llvm::StringRef, llvm::ArrayRef<llvm::StringRef>, llvm::ArrayRef<llvm::SubtargetFeatureKV>, llvm::ArrayRef<llvm::SubtargetSubTypeKV>, llvm::MCWriteProcResEntry const*, llvm::MCWriteLatencyEntry const*, llvm::MCReadAdvanceEntry const*, llvm::InstrStage const*, unsigned int const*, unsigned int const*) (/usr/lib/llvm-20/lib/libLLVM.so.20.1+0x28e5cf4) (BuildId: b856c61f98abf0989f157f153740fe0fadfbb760)
    #2 0x7ff5c7853713  (/usr/lib/llvm-20/lib/libLLVM.so.20.1+0x3937713) (BuildId: b856c61f98abf0989f157f153740fe0fadfbb760)
    #3 0x7ff5c52d0793 in llvm::CodeGenTargetMachineImpl::initAsmInfo() (/usr/lib/llvm-20/lib/libLLVM.so.20.1+0x13b4793) (BuildId: b856c61f98abf0989f157f153740fe0fadfbb760)
    #4 0x7ff5c778f4cf  (/usr/lib/llvm-20/lib/libLLVM.so.20.1+0x38734cf) (BuildId: b856c61f98abf0989f157f153740fe0fadfbb760)
    #5 0x7ff5c77915a4  (/usr/lib/llvm-20/lib/libLLVM.so.20.1+0x38755a4) (BuildId: b856c61f98abf0989f157f153740fe0fadfbb760)
    #6 0x55ca91648523 in llvm::Target::createTargetMachine(llvm::StringRef, llvm::StringRef, llvm::StringRef, llvm::TargetOptions const&, std::optional<llvm::Reloc::Model>, std::optional<llvm::CodeModel::Model>, llvm::CodeGenOptLevel, bool) const /usr/lib/llvm-20/include/llvm/MC/TargetRegistry.h:462:12
    #7 0x55ca9163a09e in tsc::TargetRegistry::initializeAllTargets() /workspace/src/TargetRegistry.cpp:67:41
    #8 0x55ca9162bdcd in tsc::Compiler::initializeLLVM() /workspace/src/Compiler.cpp:349:14
    #9 0x55ca9162b8b7 in tsc::Compiler::Compiler(tsc::CompilerOptions const&) /workspace/src/Compiler.cpp:24:5
    #10 0x55ca915fd7b5 in main /workspace/src/main.cpp:191:18
    #11 0x7ff5c395a337  (/lib/x86_64-linux-gnu/libc.so.6+0x2a337) (BuildId: 467f544f15035abef911999cbc14489edd0555ab)
    #12 0x7ff5c395a3fa in __libc_start_main (/lib/x86_64-linux-gnu/libc.so.6+0x2a3fa) (BuildId: 467f544f15035abef911999cbc14489edd0555ab)
    #13 0x55ca91511b64 in _start (/workspace/build-asan/tsc+0x74b64) (BuildId: 73a10d7cc646a755f705b0ae57418e68578aec2f)

Indirect leak of 40 byte(s) in 2 object(s) allocated from:
    #0 0x55ca915fa191 in operator new(unsigned long) (/workspace/build-asan/tsc+0x15d191) (BuildId: 73a10d7cc646a755f705b0ae57418e68578aec2f)
    #1 0x7ff5c6ef4944 in llvm::TargetMachine::TargetMachine(llvm::Target const&, llvm::StringRef, llvm::Triple const&, llvm::StringRef, llvm::StringRef, llvm::TargetOptions const&) (/usr/lib/llvm-20/lib/libLLVM.so.20.1+0x2fd8944) (BuildId: b856c61f98abf0989f157f153740fe0fadfbb760)
    #2 0x7ff5c52d0937 in llvm::CodeGenTargetMachineImpl::CodeGenTargetMachineImpl(llvm::Target const&, llvm::StringRef, llvm::Triple const&, llvm::StringRef, llvm::StringRef, llvm::TargetOptions const&, llvm::Reloc::Model, llvm::CodeModel::Model, llvm::CodeGenOptLevel) (/usr/lib/llvm-20/lib/libLLVM.so.20.1+0x13b4937) (BuildId: b856c61f98abf0989f157f153740fe0fadfbb760)
    #3 0x7ff5c778f320  (/usr/lib/llvm-20/lib/libLLVM.so.20.1+0x3873320) (BuildId: b856c61f98abf0989f157f153740fe0fadfbb760)
    #4 0x7ff5c77915a4  (/usr/lib/llvm-20/lib/libLLVM.so.20.1+0x38755a4) (BuildId: b856c61f98abf0989f157f153740fe0fadfbb760)
    #5 0x55ca91648523 in llvm::Target::createTargetMachine(llvm::StringRef, llvm::StringRef, llvm::StringRef, llvm::TargetOptions const&, std::optional<llvm::Reloc::Model>, std::optional<llvm::CodeModel::Model>, llvm::CodeGenOptLevel, bool) const /usr/lib/llvm-20/include/llvm/MC/TargetRegistry.h:462:12
    #6 0x55ca9163a09e in tsc::TargetRegistry::initializeAllTargets() /workspace/src/TargetRegistry.cpp:67:41
    #7 0x55ca9162bdcd in tsc::Compiler::initializeLLVM() /workspace/src/Compiler.cpp:349:14
    #8 0x55ca9162b8b7 in tsc::Compiler::Compiler(tsc::CompilerOptions const&) /workspace/src/Compiler.cpp:24:5
    #9 0x55ca915fd7b5 in main /workspace/src/main.cpp:191:18
    #10 0x7ff5c395a337  (/lib/x86_64-linux-gnu/libc.so.6+0x2a337) (BuildId: 467f544f15035abef911999cbc14489edd0555ab)
    #11 0x7ff5c395a3fa in __libc_start_main (/lib/x86_64-linux-gnu/libc.so.6+0x2a3fa) (BuildId: 467f544f15035abef911999cbc14489edd0555ab)
    #12 0x55ca91511b64 in _start (/workspace/build-asan/tsc+0x74b64) (BuildId: 73a10d7cc646a755f705b0ae57418e68578aec2f)

Indirect leak of 40 byte(s) in 2 object(s) allocated from:
    #0 0x55ca915fa191 in operator new(unsigned long) (/workspace/build-asan/tsc+0x15d191) (BuildId: 73a10d7cc646a755f705b0ae57418e68578aec2f)
    #1 0x7ff5c6801cf4 in llvm::MCSubtargetInfo::MCSubtargetInfo(llvm::Triple const&, llvm::StringRef, llvm::StringRef, llvm::StringRef, llvm::ArrayRef<llvm::StringRef>, llvm::ArrayRef<llvm::SubtargetFeatureKV>, llvm::ArrayRef<llvm::SubtargetSubTypeKV>, llvm::MCWriteProcResEntry const*, llvm::MCWriteLatencyEntry const*, llvm::MCReadAdvanceEntry const*, llvm::InstrStage const*, unsigned int const*, unsigned int const*) (/usr/lib/llvm-20/lib/libLLVM.so.20.1+0x28e5cf4) (BuildId: b856c61f98abf0989f157f153740fe0fadfbb760)
    #2 0x7ff5c7ac97c8  (/usr/lib/llvm-20/lib/libLLVM.so.20.1+0x3bad7c8) (BuildId: b856c61f98abf0989f157f153740fe0fadfbb760)
    #3 0x7ff5c52d0793 in llvm::CodeGenTargetMachineImpl::initAsmInfo() (/usr/lib/llvm-20/lib/libLLVM.so.20.1+0x13b4793) (BuildId: b856c61f98abf0989f157f153740fe0fadfbb760)
    #4 0x7ff5c7aa6971  (/usr/lib/llvm-20/lib/libLLVM.so.20.1+0x3b8a971) (BuildId: b856c61f98abf0989f157f153740fe0fadfbb760)
    #5 0x7ff5c7aa76ca  (/usr/lib/llvm-20/lib/libLLVM.so.20.1+0x3b8b6ca) (BuildId: b856c61f98abf0989f157f153740fe0fadfbb760)
    #6 0x55ca91648523 in llvm::Target::createTargetMachine(llvm::StringRef, llvm::StringRef, llvm::StringRef, llvm::TargetOptions const&, std::optional<llvm::Reloc::Model>, std::optional<llvm::CodeModel::Model>, llvm::CodeGenOptLevel, bool) const /usr/lib/llvm-20/include/llvm/MC/TargetRegistry.h:462:12
    #7 0x55ca9163a09e in tsc::TargetRegistry::initializeAllTargets() /workspace/src/TargetRegistry.cpp:67:41
    #8 0x55ca9162bdcd in tsc::Compiler::initializeLLVM() /workspace/src/Compiler.cpp:349:14
    #9 0x55ca9162b8b7 in tsc::Compiler::Compiler(tsc::CompilerOptions const&) /workspace/src/Compiler.cpp:24:5
    #10 0x55ca915fd7b5 in main /workspace/src/main.cpp:191:18
    #11 0x7ff5c395a337  (/lib/x86_64-linux-gnu/libc.so.6+0x2a337) (BuildId: 467f544f15035abef911999cbc14489edd0555ab)
    #12 0x7ff5c395a3fa in __libc_start_main (/lib/x86_64-linux-gnu/libc.so.6+0x2a3fa) (BuildId: 467f544f15035abef911999cbc14489edd0555ab)
    #13 0x55ca91511b64 in _start (/workspace/build-asan/tsc+0x74b64) (BuildId: 73a10d7cc646a755f705b0ae57418e68578aec2f)

Indirect leak of 40 byte(s) in 2 object(s) allocated from:
    #0 0x55ca915fa191 in operator new(unsigned long) (/workspace/build-asan/tsc+0x15d191) (BuildId: 73a10d7cc646a755f705b0ae57418e68578aec2f)
    #1 0x7ff5c6ef4944 in llvm::TargetMachine::TargetMachine(llvm::Target const&, llvm::StringRef, llvm::Triple const&, llvm::StringRef, llvm::StringRef, llvm::TargetOptions const&) (/usr/lib/llvm-20/lib/libLLVM.so.20.1+0x2fd8944) (BuildId: b856c61f98abf0989f157f153740fe0fadfbb760)
    #2 0x7ff5c52d0937 in llvm::CodeGenTargetMachineImpl::CodeGenTargetMachineImpl(llvm::Target const&, llvm::StringRef, llvm::Triple const&, llvm::StringRef, llvm::StringRef, llvm::TargetOptions const&, llvm::Reloc::Model, llvm::CodeModel::Model, llvm::CodeGenOptLevel) (/usr/lib/llvm-20/lib/libLLVM.so.20.1+0x13b4937) (BuildId: b856c61f98abf0989f157f153740fe0fadfbb760)
    #3 0x7ff5c7aa690f  (/usr/lib/llvm-20/lib/libLLVM.so.20.1+0x3b8a90f) (BuildId: b856c61f98abf0989f157f153740fe0fadfbb760)
    #4 0x7ff5c7aa76ca  (/usr/lib/llvm-20/lib/libLLVM.so.20.1+0x3b8b6ca) (BuildId: b856c61f98abf0989f157f153740fe0fadfbb760)
    #5 0x55ca91648523 in llvm::Target::createTargetMachine(llvm::StringRef, llvm::StringRef, llvm::StringRef, llvm::TargetOptions const&, std::optional<llvm::Reloc::Model>, std::optional<llvm::CodeModel::Model>, llvm::CodeGenOptLevel, bool) const /usr/lib/llvm-20/include/llvm/MC/TargetRegistry.h:462:12
    #6 0x55ca9163a09e in tsc::TargetRegistry::initializeAllTargets() /workspace/src/TargetRegistry.cpp:67:41
    #7 0x55ca9162bdcd in tsc::Compiler::initializeLLVM() /workspace/src/Compiler.cpp:349:14
    #8 0x55ca9162b8b7 in tsc::Compiler::Compiler(tsc::CompilerOptions const&) /workspace/src/Compiler.cpp:24:5
    #9 0x55ca915fd7b5 in main /workspace/src/main.cpp:191:18
    #10 0x7ff5c395a337  (/lib/x86_64-linux-gnu/libc.so.6+0x2a337) (BuildId: 467f544f15035abef911999cbc14489edd0555ab)
    #11 0x7ff5c395a3fa in __libc_start_main (/lib/x86_64-linux-gnu/libc.so.6+0x2a3fa) (BuildId: 467f544f15035abef911999cbc14489edd0555ab)
    #12 0x55ca91511b64 in _start (/workspace/build-asan/tsc+0x74b64) (BuildId: 73a10d7cc646a755f705b0ae57418e68578aec2f)

Indirect leak of 40 byte(s) in 2 object(s) allocated from:
    #0 0x55ca915fa191 in operator new(unsigned long) (/workspace/build-asan/tsc+0x15d191) (BuildId: 73a10d7cc646a755f705b0ae57418e68578aec2f)
    #1 0x7ff5c6801cf4 in llvm::MCSubtargetInfo::MCSubtargetInfo(llvm::Triple const&, llvm::StringRef, llvm::StringRef, llvm::StringRef, llvm::ArrayRef<llvm::StringRef>, llvm::ArrayRef<llvm::SubtargetFeatureKV>, llvm::ArrayRef<llvm::SubtargetSubTypeKV>, llvm::MCWriteProcResEntry const*, llvm::MCWriteLatencyEntry const*, llvm::MCReadAdvanceEntry const*, llvm::InstrStage const*, unsigned int const*, unsigned int const*) (/usr/lib/llvm-20/lib/libLLVM.so.20.1+0x28e5cf4) (BuildId: b856c61f98abf0989f157f153740fe0fadfbb760)
    #2 0x7ff5c7bad3d2  (/usr/lib/llvm-20/lib/libLLVM.so.20.1+0x3c913d2) (BuildId: b856c61f98abf0989f157f153740fe0fadfbb760)
    #3 0x7ff5c52d0793 in llvm::CodeGenTargetMachineImpl::initAsmInfo() (/usr/lib/llvm-20/lib/libLLVM.so.20.1+0x13b4793) (BuildId: b856c61f98abf0989f157f153740fe0fadfbb760)
    #4 0x7ff5c7b61a81  (/usr/lib/llvm-20/lib/libLLVM.so.20.1+0x3c45a81) (BuildId: b856c61f98abf0989f157f153740fe0fadfbb760)
    #5 0x7ff5c7b62a6c  (/usr/lib/llvm-20/lib/libLLVM.so.20.1+0x3c46a6c) (BuildId: b856c61f98abf0989f157f153740fe0fadfbb760)
    #6 0x55ca91648523 in llvm::Target::createTargetMachine(llvm::StringRef, llvm::StringRef, llvm::StringRef, llvm::TargetOptions const&, std::optional<llvm::Reloc::Model>, std::optional<llvm::CodeModel::Model>, llvm::CodeGenOptLevel, bool) const /usr/lib/llvm-20/include/llvm/MC/TargetRegistry.h:462:12
    #7 0x55ca9163a09e in tsc::TargetRegistry::initializeAllTargets() /workspace/src/TargetRegistry.cpp:67:41
    #8 0x55ca9162bdcd in tsc::Compiler::initializeLLVM() /workspace/src/Compiler.cpp:349:14
    #9 0x55ca9162b8b7 in tsc::Compiler::Compiler(tsc::CompilerOptions const&) /workspace/src/Compiler.cpp:24:5
    #10 0x55ca915fd7b5 in main /workspace/src/main.cpp:191:18
    #11 0x7ff5c395a337  (/lib/x86_64-linux-gnu/libc.so.6+0x2a337) (BuildId: 467f544f15035abef911999cbc14489edd0555ab)
    #12 0x7ff5c395a3fa in __libc_start_main (/lib/x86_64-linux-gnu/libc.so.6+0x2a3fa) (BuildId: 467f544f15035abef911999cbc14489edd0555ab)
    #13 0x55ca91511b64 in _start (/workspace/build-asan/tsc+0x74b64) (BuildId: 73a10d7cc646a755f705b0ae57418e68578aec2f)

Indirect leak of 40 byte(s) in 2 object(s) allocated from:
    #0 0x55ca915fa191 in operator new(unsigned long) (/workspace/build-asan/tsc+0x15d191) (BuildId: 73a10d7cc646a755f705b0ae57418e68578aec2f)
    #1 0x7ff5c7b5fe97  (/usr/lib/llvm-20/lib/libLLVM.so.20.1+0x3c43e97) (BuildId: b856c61f98abf0989f157f153740fe0fadfbb760)
    #2 0x7ff5c7b61a19  (/usr/lib/llvm-20/lib/libLLVM.so.20.1+0x3c45a19) (BuildId: b856c61f98abf0989f157f153740fe0fadfbb760)
    #3 0x7ff5c7b62a6c  (/usr/lib/llvm-20/lib/libLLVM.so.20.1+0x3c46a6c) (BuildId: b856c61f98abf0989f157f153740fe0fadfbb760)
    #4 0x55ca91648523 in llvm::Target::createTargetMachine(llvm::StringRef, llvm::StringRef, llvm::StringRef, llvm::TargetOptions const&, std::optional<llvm::Reloc::Model>, std::optional<llvm::CodeModel::Model>, llvm::CodeGenOptLevel, bool) const /usr/lib/llvm-20/include/llvm/MC/TargetRegistry.h:462:12
    #5 0x55ca9163a09e in tsc::TargetRegistry::initializeAllTargets() /workspace/src/TargetRegistry.cpp:67:41
    #6 0x55ca9162bdcd in tsc::Compiler::initializeLLVM() /workspace/src/Compiler.cpp:349:14
    #7 0x55ca9162b8b7 in tsc::Compiler::Compiler(tsc::CompilerOptions const&) /workspace/src/Compiler.cpp:24:5
    #8 0x55ca915fd7b5 in main /workspace/src/main.cpp:191:18
    #9 0x7ff5c395a337  (/lib/x86_64-linux-gnu/libc.so.6+0x2a337) (BuildId: 467f544f15035abef911999cbc14489edd0555ab)
    #10 0x7ff5c395a3fa in __libc_start_main (/lib/x86_64-linux-gnu/libc.so.6+0x2a3fa) (BuildId: 467f544f15035abef911999cbc14489edd0555ab)
    #11 0x55ca91511b64 in _start (/workspace/build-asan/tsc+0x74b64) (BuildId: 73a10d7cc646a755f705b0ae57418e68578aec2f)

Indirect leak of 40 byte(s) in 2 object(s) allocated from:
    #0 0x55ca915fa191 in operator new(unsigned long) (/workspace/build-asan/tsc+0x15d191) (BuildId: 73a10d7cc646a755f705b0ae57418e68578aec2f)
    #1 0x7ff5c6801cf4 in llvm::MCSubtargetInfo::MCSubtargetInfo(llvm::Triple const&, llvm::StringRef, llvm::StringRef, llvm::StringRef, llvm::ArrayRef<llvm::StringRef>, llvm::ArrayRef<llvm::SubtargetFeatureKV>, llvm::ArrayRef<llvm::SubtargetSubTypeKV>, llvm::MCWriteProcResEntry const*, llvm::MCWriteLatencyEntry const*, llvm::MCReadAdvanceEntry const*, llvm::InstrStage const*, unsigned int const*, unsigned int const*) (/usr/lib/llvm-20/lib/libLLVM.so.20.1+0x28e5cf4) (BuildId: b856c61f98abf0989f157f153740fe0fadfbb760)
    #2 0x7ff5c5590c22 in llvm::TargetSubtargetInfo::TargetSubtargetInfo(llvm::Triple const&, llvm::StringRef, llvm::StringRef, llvm::StringRef, llvm::ArrayRef<llvm::StringRef>, llvm::ArrayRef<llvm::SubtargetFeatureKV>, llvm::ArrayRef<llvm::SubtargetSubTypeKV>, llvm::MCWriteProcResEntry const*, llvm::MCWriteLatencyEntry const*, llvm::MCReadAdvanceEntry const*, llvm::InstrStage const*, unsigned int const*, unsigned int const*) (/usr/lib/llvm-20/lib/libLLVM.so.20.1+0x1674c22) (BuildId: b856c61f98abf0989f157f153740fe0fadfbb760)
    #3 0x7ff5c7b5fd4e  (/usr/lib/llvm-20/lib/libLLVM.so.20.1+0x3c43d4e) (BuildId: b856c61f98abf0989f157f153740fe0fadfbb760)
    #4 0x7ff5c7b61a19  (/usr/lib/llvm-20/lib/libLLVM.so.20.1+0x3c45a19) (BuildId: b856c61f98abf0989f157f153740fe0fadfbb760)
    #5 0x7ff5c7b62a6c  (/usr/lib/llvm-20/lib/libLLVM.so.20.1+0x3c46a6c) (BuildId: b856c61f98abf0989f157f153740fe0fadfbb760)
    #6 0x55ca91648523 in llvm::Target::createTargetMachine(llvm::StringRef, llvm::StringRef, llvm::StringRef, llvm::TargetOptions const&, std::optional<llvm::Reloc::Model>, std::optional<llvm::CodeModel::Model>, llvm::CodeGenOptLevel, bool) const /usr/lib/llvm-20/include/llvm/MC/TargetRegistry.h:462:12
    #7 0x55ca9163a09e in tsc::TargetRegistry::initializeAllTargets() /workspace/src/TargetRegistry.cpp:67:41
    #8 0x55ca9162bdcd in tsc::Compiler::initializeLLVM() /workspace/src/Compiler.cpp:349:14
    #9 0x55ca9162b8b7 in tsc::Compiler::Compiler(tsc::CompilerOptions const&) /workspace/src/Compiler.cpp:24:5
    #10 0x55ca915fd7b5 in main /workspace/src/main.cpp:191:18
    #11 0x7ff5c395a337  (/lib/x86_64-linux-gnu/libc.so.6+0x2a337) (BuildId: 467f544f15035abef911999cbc14489edd0555ab)
    #12 0x7ff5c395a3fa in __libc_start_main (/lib/x86_64-linux-gnu/libc.so.6+0x2a3fa) (BuildId: 467f544f15035abef911999cbc14489edd0555ab)
    #13 0x55ca91511b64 in _start (/workspace/build-asan/tsc+0x74b64) (BuildId: 73a10d7cc646a755f705b0ae57418e68578aec2f)

Indirect leak of 40 byte(s) in 2 object(s) allocated from:
    #0 0x55ca915fa191 in operator new(unsigned long) (/workspace/build-asan/tsc+0x15d191) (BuildId: 73a10d7cc646a755f705b0ae57418e68578aec2f)
    #1 0x7ff5c7b5fe97  (/usr/lib/llvm-20/lib/libLLVM.so.20.1+0x3c43e97) (BuildId: b856c61f98abf0989f157f153740fe0fadfbb760)
    #2 0x7ff5c7b6188a  (/usr/lib/llvm-20/lib/libLLVM.so.20.1+0x3c4588a) (BuildId: b856c61f98abf0989f157f153740fe0fadfbb760)
    #3 0x7ff5c7b62a6c  (/usr/lib/llvm-20/lib/libLLVM.so.20.1+0x3c46a6c) (BuildId: b856c61f98abf0989f157f153740fe0fadfbb760)
    #4 0x55ca91648523 in llvm::Target::createTargetMachine(llvm::StringRef, llvm::StringRef, llvm::StringRef, llvm::TargetOptions const&, std::optional<llvm::Reloc::Model>, std::optional<llvm::CodeModel::Model>, llvm::CodeGenOptLevel, bool) const /usr/lib/llvm-20/include/llvm/MC/TargetRegistry.h:462:12
    #5 0x55ca9163a09e in tsc::TargetRegistry::initializeAllTargets() /workspace/src/TargetRegistry.cpp:67:41
    #6 0x55ca9162bdcd in tsc::Compiler::initializeLLVM() /workspace/src/Compiler.cpp:349:14
    #7 0x55ca9162b8b7 in tsc::Compiler::Compiler(tsc::CompilerOptions const&) /workspace/src/Compiler.cpp:24:5
    #8 0x55ca915fd7b5 in main /workspace/src/main.cpp:191:18
    #9 0x7ff5c395a337  (/lib/x86_64-linux-gnu/libc.so.6+0x2a337) (BuildId: 467f544f15035abef911999cbc14489edd0555ab)
    #10 0x7ff5c395a3fa in __libc_start_main (/lib/x86_64-linux-gnu/libc.so.6+0x2a3fa) (BuildId: 467f544f15035abef911999cbc14489edd0555ab)
    #11 0x55ca91511b64 in _start (/workspace/build-asan/tsc+0x74b64) (BuildId: 73a10d7cc646a755f705b0ae57418e68578aec2f)

Indirect leak of 40 byte(s) in 2 object(s) allocated from:
    #0 0x55ca915fa191 in operator new(unsigned long) (/workspace/build-asan/tsc+0x15d191) (BuildId: 73a10d7cc646a755f705b0ae57418e68578aec2f)
    #1 0x7ff5c6801cf4 in llvm::MCSubtargetInfo::MCSubtargetInfo(llvm::Triple const&, llvm::StringRef, llvm::StringRef, llvm::StringRef, llvm::ArrayRef<llvm::StringRef>, llvm::ArrayRef<llvm::SubtargetFeatureKV>, llvm::ArrayRef<llvm::SubtargetSubTypeKV>, llvm::MCWriteProcResEntry const*, llvm::MCWriteLatencyEntry const*, llvm::MCReadAdvanceEntry const*, llvm::InstrStage const*, unsigned int const*, unsigned int const*) (/usr/lib/llvm-20/lib/libLLVM.so.20.1+0x28e5cf4) (BuildId: b856c61f98abf0989f157f153740fe0fadfbb760)
    #2 0x7ff5c5590c22 in llvm::TargetSubtargetInfo::TargetSubtargetInfo(llvm::Triple const&, llvm::StringRef, llvm::StringRef, llvm::StringRef, llvm::ArrayRef<llvm::StringRef>, llvm::ArrayRef<llvm::SubtargetFeatureKV>, llvm::ArrayRef<llvm::SubtargetSubTypeKV>, llvm::MCWriteProcResEntry const*, llvm::MCWriteLatencyEntry const*, llvm::MCReadAdvanceEntry const*, llvm::InstrStage const*, unsigned int const*, unsigned int const*) (/usr/lib/llvm-20/lib/libLLVM.so.20.1+0x1674c22) (BuildId: b856c61f98abf0989f157f153740fe0fadfbb760)
    #3 0x7ff5c7b5fd4e  (/usr/lib/llvm-20/lib/libLLVM.so.20.1+0x3c43d4e) (BuildId: b856c61f98abf0989f157f153740fe0fadfbb760)
    #4 0x7ff5c7b6188a  (/usr/lib/llvm-20/lib/libLLVM.so.20.1+0x3c4588a) (BuildId: b856c61f98abf0989f157f153740fe0fadfbb760)
    #5 0x7ff5c7b62a6c  (/usr/lib/llvm-20/lib/libLLVM.so.20.1+0x3c46a6c) (BuildId: b856c61f98abf0989f157f153740fe0fadfbb760)
    #6 0x55ca91648523 in llvm::Target::createTargetMachine(llvm::StringRef, llvm::StringRef, llvm::StringRef, llvm::TargetOptions const&, std::optional<llvm::Reloc::Model>, std::optional<llvm::CodeModel::Model>, llvm::CodeGenOptLevel, bool) const /usr/lib/llvm-20/include/llvm/MC/TargetRegistry.h:462:12
    #7 0x55ca9163a09e in tsc::TargetRegistry::initializeAllTargets() /workspace/src/TargetRegistry.cpp:67:41
    #8 0x55ca9162bdcd in tsc::Compiler::initializeLLVM() /workspace/src/Compiler.cpp:349:14
    #9 0x55ca9162b8b7 in tsc::Compiler::Compiler(tsc::CompilerOptions const&) /workspace/src/Compiler.cpp:24:5
    #10 0x55ca915fd7b5 in main /workspace/src/main.cpp:191:18
    #11 0x7ff5c395a337  (/lib/x86_64-linux-gnu/libc.so.6+0x2a337) (BuildId: 467f544f15035abef911999cbc14489edd0555ab)
    #12 0x7ff5c395a3fa in __libc_start_main (/lib/x86_64-linux-gnu/libc.so.6+0x2a3fa) (BuildId: 467f544f15035abef911999cbc14489edd0555ab)
    #13 0x55ca91511b64 in _start (/workspace/build-asan/tsc+0x74b64) (BuildId: 73a10d7cc646a755f705b0ae57418e68578aec2f)

Indirect leak of 40 byte(s) in 2 object(s) allocated from:
    #0 0x55ca915fa191 in operator new(unsigned long) (/workspace/build-asan/tsc+0x15d191) (BuildId: 73a10d7cc646a755f705b0ae57418e68578aec2f)
    #1 0x7ff5c7b5fe97  (/usr/lib/llvm-20/lib/libLLVM.so.20.1+0x3c43e97) (BuildId: b856c61f98abf0989f157f153740fe0fadfbb760)
    #2 0x7ff5c7b61710  (/usr/lib/llvm-20/lib/libLLVM.so.20.1+0x3c45710) (BuildId: b856c61f98abf0989f157f153740fe0fadfbb760)
    #3 0x7ff5c7b62a6c  (/usr/lib/llvm-20/lib/libLLVM.so.20.1+0x3c46a6c) (BuildId: b856c61f98abf0989f157f153740fe0fadfbb760)
    #4 0x55ca91648523 in llvm::Target::createTargetMachine(llvm::StringRef, llvm::StringRef, llvm::StringRef, llvm::TargetOptions const&, std::optional<llvm::Reloc::Model>, std::optional<llvm::CodeModel::Model>, llvm::CodeGenOptLevel, bool) const /usr/lib/llvm-20/include/llvm/MC/TargetRegistry.h:462:12
    #5 0x55ca9163a09e in tsc::TargetRegistry::initializeAllTargets() /workspace/src/TargetRegistry.cpp:67:41
    #6 0x55ca9162bdcd in tsc::Compiler::initializeLLVM() /workspace/src/Compiler.cpp:349:14
    #7 0x55ca9162b8b7 in tsc::Compiler::Compiler(tsc::CompilerOptions const&) /workspace/src/Compiler.cpp:24:5
    #8 0x55ca915fd7b5 in main /workspace/src/main.cpp:191:18
    #9 0x7ff5c395a337  (/lib/x86_64-linux-gnu/libc.so.6+0x2a337) (BuildId: 467f544f15035abef911999cbc14489edd0555ab)
    #10 0x7ff5c395a3fa in __libc_start_main (/lib/x86_64-linux-gnu/libc.so.6+0x2a3fa) (BuildId: 467f544f15035abef911999cbc14489edd0555ab)
    #11 0x55ca91511b64 in _start (/workspace/build-asan/tsc+0x74b64) (BuildId: 73a10d7cc646a755f705b0ae57418e68578aec2f)

Indirect leak of 40 byte(s) in 2 object(s) allocated from:
    #0 0x55ca915fa191 in operator new(unsigned long) (/workspace/build-asan/tsc+0x15d191) (BuildId: 73a10d7cc646a755f705b0ae57418e68578aec2f)
    #1 0x7ff5c6801cf4 in llvm::MCSubtargetInfo::MCSubtargetInfo(llvm::Triple const&, llvm::StringRef, llvm::StringRef, llvm::StringRef, llvm::ArrayRef<llvm::StringRef>, llvm::ArrayRef<llvm::SubtargetFeatureKV>, llvm::ArrayRef<llvm::SubtargetSubTypeKV>, llvm::MCWriteProcResEntry const*, llvm::MCWriteLatencyEntry const*, llvm::MCReadAdvanceEntry const*, llvm::InstrStage const*, unsigned int const*, unsigned int const*) (/usr/lib/llvm-20/lib/libLLVM.so.20.1+0x28e5cf4) (BuildId: b856c61f98abf0989f157f153740fe0fadfbb760)
    #2 0x7ff5c5590c22 in llvm::TargetSubtargetInfo::TargetSubtargetInfo(llvm::Triple const&, llvm::StringRef, llvm::StringRef, llvm::StringRef, llvm::ArrayRef<llvm::StringRef>, llvm::ArrayRef<llvm::SubtargetFeatureKV>, llvm::ArrayRef<llvm::SubtargetSubTypeKV>, llvm::MCWriteProcResEntry const*, llvm::MCWriteLatencyEntry const*, llvm::MCReadAdvanceEntry const*, llvm::InstrStage const*, unsigned int const*, unsigned int const*) (/usr/lib/llvm-20/lib/libLLVM.so.20.1+0x1674c22) (BuildId: b856c61f98abf0989f157f153740fe0fadfbb760)
    #3 0x7ff5c7b5fd4e  (/usr/lib/llvm-20/lib/libLLVM.so.20.1+0x3c43d4e) (BuildId: b856c61f98abf0989f157f153740fe0fadfbb760)
    #4 0x7ff5c7b61710  (/usr/lib/llvm-20/lib/libLLVM.so.20.1+0x3c45710) (BuildId: b856c61f98abf0989f157f153740fe0fadfbb760)
    #5 0x7ff5c7b62a6c  (/usr/lib/llvm-20/lib/libLLVM.so.20.1+0x3c46a6c) (BuildId: b856c61f98abf0989f157f153740fe0fadfbb760)
    #6 0x55ca91648523 in llvm::Target::createTargetMachine(llvm::StringRef, llvm::StringRef, llvm::StringRef, llvm::TargetOptions const&, std::optional<llvm::Reloc::Model>, std::optional<llvm::CodeModel::Model>, llvm::CodeGenOptLevel, bool) const /usr/lib/llvm-20/include/llvm/MC/TargetRegistry.h:462:12
    #7 0x55ca9163a09e in tsc::TargetRegistry::initializeAllTargets() /workspace/src/TargetRegistry.cpp:67:41
    #8 0x55ca9162bdcd in tsc::Compiler::initializeLLVM() /workspace/src/Compiler.cpp:349:14
    #9 0x55ca9162b8b7 in tsc::Compiler::Compiler(tsc::CompilerOptions const&) /workspace/src/Compiler.cpp:24:5
    #10 0x55ca915fd7b5 in main /workspace/src/main.cpp:191:18
    #11 0x7ff5c395a337  (/lib/x86_64-linux-gnu/libc.so.6+0x2a337) (BuildId: 467f544f15035abef911999cbc14489edd0555ab)
    #12 0x7ff5c395a3fa in __libc_start_main (/lib/x86_64-linux-gnu/libc.so.6+0x2a3fa) (BuildId: 467f544f15035abef911999cbc14489edd0555ab)
    #13 0x55ca91511b64 in _start (/workspace/build-asan/tsc+0x74b64) (BuildId: 73a10d7cc646a755f705b0ae57418e68578aec2f)

Indirect leak of 40 byte(s) in 2 object(s) allocated from:
    #0 0x55ca915fa191 in operator new(unsigned long) (/workspace/build-asan/tsc+0x15d191) (BuildId: 73a10d7cc646a755f705b0ae57418e68578aec2f)
    #1 0x7ff5c6ef4944 in llvm::TargetMachine::TargetMachine(llvm::Target const&, llvm::StringRef, llvm::Triple const&, llvm::StringRef, llvm::StringRef, llvm::TargetOptions const&) (/usr/lib/llvm-20/lib/libLLVM.so.20.1+0x2fd8944) (BuildId: b856c61f98abf0989f157f153740fe0fadfbb760)
    #2 0x7ff5c52d0937 in llvm::CodeGenTargetMachineImpl::CodeGenTargetMachineImpl(llvm::Target const&, llvm::StringRef, llvm::Triple const&, llvm::StringRef, llvm::StringRef, llvm::TargetOptions const&, llvm::Reloc::Model, llvm::CodeModel::Model, llvm::CodeGenOptLevel) (/usr/lib/llvm-20/lib/libLLVM.so.20.1+0x13b4937) (BuildId: b856c61f98abf0989f157f153740fe0fadfbb760)
    #3 0x7ff5c7b615d5  (/usr/lib/llvm-20/lib/libLLVM.so.20.1+0x3c455d5) (BuildId: b856c61f98abf0989f157f153740fe0fadfbb760)
    #4 0x7ff5c7b62a6c  (/usr/lib/llvm-20/lib/libLLVM.so.20.1+0x3c46a6c) (BuildId: b856c61f98abf0989f157f153740fe0fadfbb760)
    #5 0x55ca91648523 in llvm::Target::createTargetMachine(llvm::StringRef, llvm::StringRef, llvm::StringRef, llvm::TargetOptions const&, std::optional<llvm::Reloc::Model>, std::optional<llvm::CodeModel::Model>, llvm::CodeGenOptLevel, bool) const /usr/lib/llvm-20/include/llvm/MC/TargetRegistry.h:462:12
    #6 0x55ca9163a09e in tsc::TargetRegistry::initializeAllTargets() /workspace/src/TargetRegistry.cpp:67:41
    #7 0x55ca9162bdcd in tsc::Compiler::initializeLLVM() /workspace/src/Compiler.cpp:349:14
    #8 0x55ca9162b8b7 in tsc::Compiler::Compiler(tsc::CompilerOptions const&) /workspace/src/Compiler.cpp:24:5
    #9 0x55ca915fd7b5 in main /workspace/src/main.cpp:191:18
    #10 0x7ff5c395a337  (/lib/x86_64-linux-gnu/libc.so.6+0x2a337) (BuildId: 467f544f15035abef911999cbc14489edd0555ab)
    #11 0x7ff5c395a3fa in __libc_start_main (/lib/x86_64-linux-gnu/libc.so.6+0x2a3fa) (BuildId: 467f544f15035abef911999cbc14489edd0555ab)
    #12 0x55ca91511b64 in _start (/workspace/build-asan/tsc+0x74b64) (BuildId: 73a10d7cc646a755f705b0ae57418e68578aec2f)

Indirect leak of 40 byte(s) in 2 object(s) allocated from:
    #0 0x55ca915fa191 in operator new(unsigned long) (/workspace/build-asan/tsc+0x15d191) (BuildId: 73a10d7cc646a755f705b0ae57418e68578aec2f)
    #1 0x7ff5c6801cf4 in llvm::MCSubtargetInfo::MCSubtargetInfo(llvm::Triple const&, llvm::StringRef, llvm::StringRef, llvm::StringRef, llvm::ArrayRef<llvm::StringRef>, llvm::ArrayRef<llvm::SubtargetFeatureKV>, llvm::ArrayRef<llvm::SubtargetSubTypeKV>, llvm::MCWriteProcResEntry const*, llvm::MCWriteLatencyEntry const*, llvm::MCReadAdvanceEntry const*, llvm::InstrStage const*, unsigned int const*, unsigned int const*) (/usr/lib/llvm-20/lib/libLLVM.so.20.1+0x28e5cf4) (BuildId: b856c61f98abf0989f157f153740fe0fadfbb760)
    #2 0x7ff5c7bad3d2  (/usr/lib/llvm-20/lib/libLLVM.so.20.1+0x3c913d2) (BuildId: b856c61f98abf0989f157f153740fe0fadfbb760)
    #3 0x7ff5c52d0793 in llvm::CodeGenTargetMachineImpl::initAsmInfo() (/usr/lib/llvm-20/lib/libLLVM.so.20.1+0x13b4793) (BuildId: b856c61f98abf0989f157f153740fe0fadfbb760)
    #4 0x7ff5c7b61a81  (/usr/lib/llvm-20/lib/libLLVM.so.20.1+0x3c45a81) (BuildId: b856c61f98abf0989f157f153740fe0fadfbb760)
    #5 0x7ff5c7b62b2c  (/usr/lib/llvm-20/lib/libLLVM.so.20.1+0x3c46b2c) (BuildId: b856c61f98abf0989f157f153740fe0fadfbb760)
    #6 0x55ca91648523 in llvm::Target::createTargetMachine(llvm::StringRef, llvm::StringRef, llvm::StringRef, llvm::TargetOptions const&, std::optional<llvm::Reloc::Model>, std::optional<llvm::CodeModel::Model>, llvm::CodeGenOptLevel, bool) const /usr/lib/llvm-20/include/llvm/MC/TargetRegistry.h:462:12
    #7 0x55ca9163a09e in tsc::TargetRegistry::initializeAllTargets() /workspace/src/TargetRegistry.cpp:67:41
    #8 0x55ca9162bdcd in tsc::Compiler::initializeLLVM() /workspace/src/Compiler.cpp:349:14
    #9 0x55ca9162b8b7 in tsc::Compiler::Compiler(tsc::CompilerOptions const&) /workspace/src/Compiler.cpp:24:5
    #10 0x55ca915fd7b5 in main /workspace/src/main.cpp:191:18
    #11 0x7ff5c395a337  (/lib/x86_64-linux-gnu/libc.so.6+0x2a337) (BuildId: 467f544f15035abef911999cbc14489edd0555ab)
    #12 0x7ff5c395a3fa in __libc_start_main (/lib/x86_64-linux-gnu/libc.so.6+0x2a3fa) (BuildId: 467f544f15035abef911999cbc14489edd0555ab)
    #13 0x55ca91511b64 in _start (/workspace/build-asan/tsc+0x74b64) (BuildId: 73a10d7cc646a755f705b0ae57418e68578aec2f)

Indirect leak of 40 byte(s) in 2 object(s) allocated from:
    #0 0x55ca915fa191 in operator new(unsigned long) (/workspace/build-asan/tsc+0x15d191) (BuildId: 73a10d7cc646a755f705b0ae57418e68578aec2f)
    #1 0x7ff5c7b5fe97  (/usr/lib/llvm-20/lib/libLLVM.so.20.1+0x3c43e97) (BuildId: b856c61f98abf0989f157f153740fe0fadfbb760)
    #2 0x7ff5c7b61a19  (/usr/lib/llvm-20/lib/libLLVM.so.20.1+0x3c45a19) (BuildId: b856c61f98abf0989f157f153740fe0fadfbb760)
    #3 0x7ff5c7b62b2c  (/usr/lib/llvm-20/lib/libLLVM.so.20.1+0x3c46b2c) (BuildId: b856c61f98abf0989f157f153740fe0fadfbb760)
    #4 0x55ca91648523 in llvm::Target::createTargetMachine(llvm::StringRef, llvm::StringRef, llvm::StringRef, llvm::TargetOptions const&, std::optional<llvm::Reloc::Model>, std::optional<llvm::CodeModel::Model>, llvm::CodeGenOptLevel, bool) const /usr/lib/llvm-20/include/llvm/MC/TargetRegistry.h:462:12
    #5 0x55ca9163a09e in tsc::TargetRegistry::initializeAllTargets() /workspace/src/TargetRegistry.cpp:67:41
    #6 0x55ca9162bdcd in tsc::Compiler::initializeLLVM() /workspace/src/Compiler.cpp:349:14
    #7 0x55ca9162b8b7 in tsc::Compiler::Compiler(tsc::CompilerOptions const&) /workspace/src/Compiler.cpp:24:5
    #8 0x55ca915fd7b5 in main /workspace/src/main.cpp:191:18
    #9 0x7ff5c395a337  (/lib/x86_64-linux-gnu/libc.so.6+0x2a337) (BuildId: 467f544f15035abef911999cbc14489edd0555ab)
    #10 0x7ff5c395a3fa in __libc_start_main (/lib/x86_64-linux-gnu/libc.so.6+0x2a3fa) (BuildId: 467f544f15035abef911999cbc14489edd0555ab)
    #11 0x55ca91511b64 in _start (/workspace/build-asan/tsc+0x74b64) (BuildId: 73a10d7cc646a755f705b0ae57418e68578aec2f)

Indirect leak of 40 byte(s) in 2 object(s) allocated from:
    #0 0x55ca915fa191 in operator new(unsigned long) (/workspace/build-asan/tsc+0x15d191) (BuildId: 73a10d7cc646a755f705b0ae57418e68578aec2f)
    #1 0x7ff5c6801cf4 in llvm::MCSubtargetInfo::MCSubtargetInfo(llvm::Triple const&, llvm::StringRef, llvm::StringRef, llvm::StringRef, llvm::ArrayRef<llvm::StringRef>, llvm::ArrayRef<llvm::SubtargetFeatureKV>, llvm::ArrayRef<llvm::SubtargetSubTypeKV>, llvm::MCWriteProcResEntry const*, llvm::MCWriteLatencyEntry const*, llvm::MCReadAdvanceEntry const*, llvm::InstrStage const*, unsigned int const*, unsigned int const*) (/usr/lib/llvm-20/lib/libLLVM.so.20.1+0x28e5cf4) (BuildId: b856c61f98abf0989f157f153740fe0fadfbb760)
    #2 0x7ff5c5590c22 in llvm::TargetSubtargetInfo::TargetSubtargetInfo(llvm::Triple const&, llvm::StringRef, llvm::StringRef, llvm::StringRef, llvm::ArrayRef<llvm::StringRef>, llvm::ArrayRef<llvm::SubtargetFeatureKV>, llvm::ArrayRef<llvm::SubtargetSubTypeKV>, llvm::MCWriteProcResEntry const*, llvm::MCWriteLatencyEntry const*, llvm::MCReadAdvanceEntry const*, llvm::InstrStage const*, unsigned int const*, unsigned int const*) (/usr/lib/llvm-20/lib/libLLVM.so.20.1+0x1674c22) (BuildId: b856c61f98abf0989f157f153740fe0fadfbb760)
    #3 0x7ff5c7b5fd4e  (/usr/lib/llvm-20/lib/libLLVM.so.20.1+0x3c43d4e) (BuildId: b856c61f98abf0989f157f153740fe0fadfbb760)
    #4 0x7ff5c7b61a19  (/usr/lib/llvm-20/lib/libLLVM.so.20.1+0x3c45a19) (BuildId: b856c61f98abf0989f157f153740fe0fadfbb760)
    #5 0x7ff5c7b62b2c  (/usr/lib/llvm-20/lib/libLLVM.so.20.1+0x3c46b2c) (BuildId: b856c61f98abf0989f157f153740fe0fadfbb760)
    #6 0x55ca91648523 in llvm::Target::createTargetMachine(llvm::StringRef, llvm::StringRef, llvm::StringRef, llvm::TargetOptions const&, std::optional<llvm::Reloc::Model>, std::optional<llvm::CodeModel::Model>, llvm::CodeGenOptLevel, bool) const /usr/lib/llvm-20/include/llvm/MC/TargetRegistry.h:462:12
    #7 0x55ca9163a09e in tsc::TargetRegistry::initializeAllTargets() /workspace/src/TargetRegistry.cpp:67:41
    #8 0x55ca9162bdcd in tsc::Compiler::initializeLLVM() /workspace/src/Compiler.cpp:349:14
    #9 0x55ca9162b8b7 in tsc::Compiler::Compiler(tsc::CompilerOptions const&) /workspace/src/Compiler.cpp:24:5
    #10 0x55ca915fd7b5 in main /workspace/src/main.cpp:191:18
    #11 0x7ff5c395a337  (/lib/x86_64-linux-gnu/libc.so.6+0x2a337) (BuildId: 467f544f15035abef911999cbc14489edd0555ab)
    #12 0x7ff5c395a3fa in __libc_start_main (/lib/x86_64-linux-gnu/libc.so.6+0x2a3fa) (BuildId: 467f544f15035abef911999cbc14489edd0555ab)
    #13 0x55ca91511b64 in _start (/workspace/build-asan/tsc+0x74b64) (BuildId: 73a10d7cc646a755f705b0ae57418e68578aec2f)

Indirect leak of 40 byte(s) in 2 object(s) allocated from:
    #0 0x55ca915fa191 in operator new(unsigned long) (/workspace/build-asan/tsc+0x15d191) (BuildId: 73a10d7cc646a755f705b0ae57418e68578aec2f)
    #1 0x7ff5c7b5fe97  (/usr/lib/llvm-20/lib/libLLVM.so.20.1+0x3c43e97) (BuildId: b856c61f98abf0989f157f153740fe0fadfbb760)
    #2 0x7ff5c7b6188a  (/usr/lib/llvm-20/lib/libLLVM.so.20.1+0x3c4588a) (BuildId: b856c61f98abf0989f157f153740fe0fadfbb760)
    #3 0x7ff5c7b62b2c  (/usr/lib/llvm-20/lib/libLLVM.so.20.1+0x3c46b2c) (BuildId: b856c61f98abf0989f157f153740fe0fadfbb760)
    #4 0x55ca91648523 in llvm::Target::createTargetMachine(llvm::StringRef, llvm::StringRef, llvm::StringRef, llvm::TargetOptions const&, std::optional<llvm::Reloc::Model>, std::optional<llvm::CodeModel::Model>, llvm::CodeGenOptLevel, bool) const /usr/lib/llvm-20/include/llvm/MC/TargetRegistry.h:462:12
    #5 0x55ca9163a09e in tsc::TargetRegistry::initializeAllTargets() /workspace/src/TargetRegistry.cpp:67:41
    #6 0x55ca9162bdcd in tsc::Compiler::initializeLLVM() /workspace/src/Compiler.cpp:349:14
    #7 0x55ca9162b8b7 in tsc::Compiler::Compiler(tsc::CompilerOptions const&) /workspace/src/Compiler.cpp:24:5
    #8 0x55ca915fd7b5 in main /workspace/src/main.cpp:191:18
    #9 0x7ff5c395a337  (/lib/x86_64-linux-gnu/libc.so.6+0x2a337) (BuildId: 467f544f15035abef911999cbc14489edd0555ab)
    #10 0x7ff5c395a3fa in __libc_start_main (/lib/x86_64-linux-gnu/libc.so.6+0x2a3fa) (BuildId: 467f544f15035abef911999cbc14489edd0555ab)
    #11 0x55ca91511b64 in _start (/workspace/build-asan/tsc+0x74b64) (BuildId: 73a10d7cc646a755f705b0ae57418e68578aec2f)

Indirect leak of 40 byte(s) in 2 object(s) allocated from:
    #0 0x55ca915fa191 in operator new(unsigned long) (/workspace/build-asan/tsc+0x15d191) (BuildId: 73a10d7cc646a755f705b0ae57418e68578aec2f)
    #1 0x7ff5c6801cf4 in llvm::MCSubtargetInfo::MCSubtargetInfo(llvm::Triple const&, llvm::StringRef, llvm::StringRef, llvm::StringRef, llvm::ArrayRef<llvm::StringRef>, llvm::ArrayRef<llvm::SubtargetFeatureKV>, llvm::ArrayRef<llvm::SubtargetSubTypeKV>, llvm::MCWriteProcResEntry const*, llvm::MCWriteLatencyEntry const*, llvm::MCReadAdvanceEntry const*, llvm::InstrStage const*, unsigned int const*, unsigned int const*) (/usr/lib/llvm-20/lib/libLLVM.so.20.1+0x28e5cf4) (BuildId: b856c61f98abf0989f157f153740fe0fadfbb760)
    #2 0x7ff5c5590c22 in llvm::TargetSubtargetInfo::TargetSubtargetInfo(llvm::Triple const&, llvm::StringRef, llvm::StringRef, llvm::StringRef, llvm::ArrayRef<llvm::StringRef>, llvm::ArrayRef<llvm::SubtargetFeatureKV>, llvm::ArrayRef<llvm::SubtargetSubTypeKV>, llvm::MCWriteProcResEntry const*, llvm::MCWriteLatencyEntry const*, llvm::MCReadAdvanceEntry const*, llvm::InstrStage const*, unsigned int const*, unsigned int const*) (/usr/lib/llvm-20/lib/libLLVM.so.20.1+0x1674c22) (BuildId: b856c61f98abf0989f157f153740fe0fadfbb760)
    #3 0x7ff5c7b5fd4e  (/usr/lib/llvm-20/lib/libLLVM.so.20.1+0x3c43d4e) (BuildId: b856c61f98abf0989f157f153740fe0fadfbb760)
    #4 0x7ff5c7b6188a  (/usr/lib/llvm-20/lib/libLLVM.so.20.1+0x3c4588a) (BuildId: b856c61f98abf0989f157f153740fe0fadfbb760)
    #5 0x7ff5c7b62b2c  (/usr/lib/llvm-20/lib/libLLVM.so.20.1+0x3c46b2c) (BuildId: b856c61f98abf0989f157f153740fe0fadfbb760)
    #6 0x55ca91648523 in llvm::Target::createTargetMachine(llvm::StringRef, llvm::StringRef, llvm::StringRef, llvm::TargetOptions const&, std::optional<llvm::Reloc::Model>, std::optional<llvm::CodeModel::Model>, llvm::CodeGenOptLevel, bool) const /usr/lib/llvm-20/include/llvm/MC/TargetRegistry.h:462:12
    #7 0x55ca9163a09e in tsc::TargetRegistry::initializeAllTargets() /workspace/src/TargetRegistry.cpp:67:41
    #8 0x55ca9162bdcd in tsc::Compiler::initializeLLVM() /workspace/src/Compiler.cpp:349:14
    #9 0x55ca9162b8b7 in tsc::Compiler::Compiler(tsc::CompilerOptions const&) /workspace/src/Compiler.cpp:24:5
    #10 0x55ca915fd7b5 in main /workspace/src/main.cpp:191:18
    #11 0x7ff5c395a337  (/lib/x86_64-linux-gnu/libc.so.6+0x2a337) (BuildId: 467f544f15035abef911999cbc14489edd0555ab)
    #12 0x7ff5c395a3fa in __libc_start_main (/lib/x86_64-linux-gnu/libc.so.6+0x2a3fa) (BuildId: 467f544f15035abef911999cbc14489edd0555ab)
    #13 0x55ca91511b64 in _start (/workspace/build-asan/tsc+0x74b64) (BuildId: 73a10d7cc646a755f705b0ae57418e68578aec2f)

Indirect leak of 40 byte(s) in 2 object(s) allocated from:
    #0 0x55ca915fa191 in operator new(unsigned long) (/workspace/build-asan/tsc+0x15d191) (BuildId: 73a10d7cc646a755f705b0ae57418e68578aec2f)
    #1 0x7ff5c7b5fe97  (/usr/lib/llvm-20/lib/libLLVM.so.20.1+0x3c43e97) (BuildId: b856c61f98abf0989f157f153740fe0fadfbb760)
    #2 0x7ff5c7b61710  (/usr/lib/llvm-20/lib/libLLVM.so.20.1+0x3c45710) (BuildId: b856c61f98abf0989f157f153740fe0fadfbb760)
    #3 0x7ff5c7b62b2c  (/usr/lib/llvm-20/lib/libLLVM.so.20.1+0x3c46b2c) (BuildId: b856c61f98abf0989f157f153740fe0fadfbb760)
    #4 0x55ca91648523 in llvm::Target::createTargetMachine(llvm::StringRef, llvm::StringRef, llvm::StringRef, llvm::TargetOptions const&, std::optional<llvm::Reloc::Model>, std::optional<llvm::CodeModel::Model>, llvm::CodeGenOptLevel, bool) const /usr/lib/llvm-20/include/llvm/MC/TargetRegistry.h:462:12
    #5 0x55ca9163a09e in tsc::TargetRegistry::initializeAllTargets() /workspace/src/TargetRegistry.cpp:67:41
    #6 0x55ca9162bdcd in tsc::Compiler::initializeLLVM() /workspace/src/Compiler.cpp:349:14
    #7 0x55ca9162b8b7 in tsc::Compiler::Compiler(tsc::CompilerOptions const&) /workspace/src/Compiler.cpp:24:5
    #8 0x55ca915fd7b5 in main /workspace/src/main.cpp:191:18
    #9 0x7ff5c395a337  (/lib/x86_64-linux-gnu/libc.so.6+0x2a337) (BuildId: 467f544f15035abef911999cbc14489edd0555ab)
    #10 0x7ff5c395a3fa in __libc_start_main (/lib/x86_64-linux-gnu/libc.so.6+0x2a3fa) (BuildId: 467f544f15035abef911999cbc14489edd0555ab)
    #11 0x55ca91511b64 in _start (/workspace/build-asan/tsc+0x74b64) (BuildId: 73a10d7cc646a755f705b0ae57418e68578aec2f)

Indirect leak of 40 byte(s) in 2 object(s) allocated from:
    #0 0x55ca915fa191 in operator new(unsigned long) (/workspace/build-asan/tsc+0x15d191) (BuildId: 73a10d7cc646a755f705b0ae57418e68578aec2f)
    #1 0x7ff5c6801cf4 in llvm::MCSubtargetInfo::MCSubtargetInfo(llvm::Triple const&, llvm::StringRef, llvm::StringRef, llvm::StringRef, llvm::ArrayRef<llvm::StringRef>, llvm::ArrayRef<llvm::SubtargetFeatureKV>, llvm::ArrayRef<llvm::SubtargetSubTypeKV>, llvm::MCWriteProcResEntry const*, llvm::MCWriteLatencyEntry const*, llvm::MCReadAdvanceEntry const*, llvm::InstrStage const*, unsigned int const*, unsigned int const*) (/usr/lib/llvm-20/lib/libLLVM.so.20.1+0x28e5cf4) (BuildId: b856c61f98abf0989f157f153740fe0fadfbb760)
    #2 0x7ff5c5590c22 in llvm::TargetSubtargetInfo::TargetSubtargetInfo(llvm::Triple const&, llvm::StringRef, llvm::StringRef, llvm::StringRef, llvm::ArrayRef<llvm::StringRef>, llvm::ArrayRef<llvm::SubtargetFeatureKV>, llvm::ArrayRef<llvm::SubtargetSubTypeKV>, llvm::MCWriteProcResEntry const*, llvm::MCWriteLatencyEntry const*, llvm::MCReadAdvanceEntry const*, llvm::InstrStage const*, unsigned int const*, unsigned int const*) (/usr/lib/llvm-20/lib/libLLVM.so.20.1+0x1674c22) (BuildId: b856c61f98abf0989f157f153740fe0fadfbb760)
    #3 0x7ff5c7b5fd4e  (/usr/lib/llvm-20/lib/libLLVM.so.20.1+0x3c43d4e) (BuildId: b856c61f98abf0989f157f153740fe0fadfbb760)
    #4 0x7ff5c7b61710  (/usr/lib/llvm-20/lib/libLLVM.so.20.1+0x3c45710) (BuildId: b856c61f98abf0989f157f153740fe0fadfbb760)
    #5 0x7ff5c7b62b2c  (/usr/lib/llvm-20/lib/libLLVM.so.20.1+0x3c46b2c) (BuildId: b856c61f98abf0989f157f153740fe0fadfbb760)
    #6 0x55ca91648523 in llvm::Target::createTargetMachine(llvm::StringRef, llvm::StringRef, llvm::StringRef, llvm::TargetOptions const&, std::optional<llvm::Reloc::Model>, std::optional<llvm::CodeModel::Model>, llvm::CodeGenOptLevel, bool) const /usr/lib/llvm-20/include/llvm/MC/TargetRegistry.h:462:12
    #7 0x55ca9163a09e in tsc::TargetRegistry::initializeAllTargets() /workspace/src/TargetRegistry.cpp:67:41
    #8 0x55ca9162bdcd in tsc::Compiler::initializeLLVM() /workspace/src/Compiler.cpp:349:14
    #9 0x55ca9162b8b7 in tsc::Compiler::Compiler(tsc::CompilerOptions const&) /workspace/src/Compiler.cpp:24:5
    #10 0x55ca915fd7b5 in main /workspace/src/main.cpp:191:18
    #11 0x7ff5c395a337  (/lib/x86_64-linux-gnu/libc.so.6+0x2a337) (BuildId: 467f544f15035abef911999cbc14489edd0555ab)
    #12 0x7ff5c395a3fa in __libc_start_main (/lib/x86_64-linux-gnu/libc.so.6+0x2a3fa) (BuildId: 467f544f15035abef911999cbc14489edd0555ab)
    #13 0x55ca91511b64 in _start (/workspace/build-asan/tsc+0x74b64) (BuildId: 73a10d7cc646a755f705b0ae57418e68578aec2f)

Indirect leak of 40 byte(s) in 2 object(s) allocated from:
    #0 0x55ca915fa191 in operator new(unsigned long) (/workspace/build-asan/tsc+0x15d191) (BuildId: 73a10d7cc646a755f705b0ae57418e68578aec2f)
    #1 0x7ff5c6ef4944 in llvm::TargetMachine::TargetMachine(llvm::Target const&, llvm::StringRef, llvm::Triple const&, llvm::StringRef, llvm::StringRef, llvm::TargetOptions const&) (/usr/lib/llvm-20/lib/libLLVM.so.20.1+0x2fd8944) (BuildId: b856c61f98abf0989f157f153740fe0fadfbb760)
    #2 0x7ff5c52d0937 in llvm::CodeGenTargetMachineImpl::CodeGenTargetMachineImpl(llvm::Target const&, llvm::StringRef, llvm::Triple const&, llvm::StringRef, llvm::StringRef, llvm::TargetOptions const&, llvm::Reloc::Model, llvm::CodeModel::Model, llvm::CodeGenOptLevel) (/usr/lib/llvm-20/lib/libLLVM.so.20.1+0x13b4937) (BuildId: b856c61f98abf0989f157f153740fe0fadfbb760)
    #3 0x7ff5c7b615d5  (/usr/lib/llvm-20/lib/libLLVM.so.20.1+0x3c455d5) (BuildId: b856c61f98abf0989f157f153740fe0fadfbb760)
    #4 0x7ff5c7b62b2c  (/usr/lib/llvm-20/lib/libLLVM.so.20.1+0x3c46b2c) (BuildId: b856c61f98abf0989f157f153740fe0fadfbb760)
    #5 0x55ca91648523 in llvm::Target::createTargetMachine(llvm::StringRef, llvm::StringRef, llvm::StringRef, llvm::TargetOptions const&, std::optional<llvm::Reloc::Model>, std::optional<llvm::CodeModel::Model>, llvm::CodeGenOptLevel, bool) const /usr/lib/llvm-20/include/llvm/MC/TargetRegistry.h:462:12
    #6 0x55ca9163a09e in tsc::TargetRegistry::initializeAllTargets() /workspace/src/TargetRegistry.cpp:67:41
    #7 0x55ca9162bdcd in tsc::Compiler::initializeLLVM() /workspace/src/Compiler.cpp:349:14
    #8 0x55ca9162b8b7 in tsc::Compiler::Compiler(tsc::CompilerOptions const&) /workspace/src/Compiler.cpp:24:5
    #9 0x55ca915fd7b5 in main /workspace/src/main.cpp:191:18
    #10 0x7ff5c395a337  (/lib/x86_64-linux-gnu/libc.so.6+0x2a337) (BuildId: 467f544f15035abef911999cbc14489edd0555ab)
    #11 0x7ff5c395a3fa in __libc_start_main (/lib/x86_64-linux-gnu/libc.so.6+0x2a3fa) (BuildId: 467f544f15035abef911999cbc14489edd0555ab)
    #12 0x55ca91511b64 in _start (/workspace/build-asan/tsc+0x74b64) (BuildId: 73a10d7cc646a755f705b0ae57418e68578aec2f)

Indirect leak of 40 byte(s) in 2 object(s) allocated from:
    #0 0x55ca915fa191 in operator new(unsigned long) (/workspace/build-asan/tsc+0x15d191) (BuildId: 73a10d7cc646a755f705b0ae57418e68578aec2f)
    #1 0x7ff5c6801cf4 in llvm::MCSubtargetInfo::MCSubtargetInfo(llvm::Triple const&, llvm::StringRef, llvm::StringRef, llvm::StringRef, llvm::ArrayRef<llvm::StringRef>, llvm::ArrayRef<llvm::SubtargetFeatureKV>, llvm::ArrayRef<llvm::SubtargetSubTypeKV>, llvm::MCWriteProcResEntry const*, llvm::MCWriteLatencyEntry const*, llvm::MCReadAdvanceEntry const*, llvm::InstrStage const*, unsigned int const*, unsigned int const*) (/usr/lib/llvm-20/lib/libLLVM.so.20.1+0x28e5cf4) (BuildId: b856c61f98abf0989f157f153740fe0fadfbb760)
    #2 0x7ff5c7eb21d8  (/usr/lib/llvm-20/lib/libLLVM.so.20.1+0x3f961d8) (BuildId: b856c61f98abf0989f157f153740fe0fadfbb760)
    #3 0x7ff5c52d0793 in llvm::CodeGenTargetMachineImpl::initAsmInfo() (/usr/lib/llvm-20/lib/libLLVM.so.20.1+0x13b4793) (BuildId: b856c61f98abf0989f157f153740fe0fadfbb760)
    #4 0x7ff5c7e26a54  (/usr/lib/llvm-20/lib/libLLVM.so.20.1+0x3f0aa54) (BuildId: b856c61f98abf0989f157f153740fe0fadfbb760)
    #5 0x7ff5c7e295aa  (/usr/lib/llvm-20/lib/libLLVM.so.20.1+0x3f0d5aa) (BuildId: b856c61f98abf0989f157f153740fe0fadfbb760)
    #6 0x55ca91648523 in llvm::Target::createTargetMachine(llvm::StringRef, llvm::StringRef, llvm::StringRef, llvm::TargetOptions const&, std::optional<llvm::Reloc::Model>, std::optional<llvm::CodeModel::Model>, llvm::CodeGenOptLevel, bool) const /usr/lib/llvm-20/include/llvm/MC/TargetRegistry.h:462:12
    #7 0x55ca9163a09e in tsc::TargetRegistry::initializeAllTargets() /workspace/src/TargetRegistry.cpp:67:41
    #8 0x55ca9162bdcd in tsc::Compiler::initializeLLVM() /workspace/src/Compiler.cpp:349:14
    #9 0x55ca9162b8b7 in tsc::Compiler::Compiler(tsc::CompilerOptions const&) /workspace/src/Compiler.cpp:24:5
    #10 0x55ca915fd7b5 in main /workspace/src/main.cpp:191:18
    #11 0x7ff5c395a337  (/lib/x86_64-linux-gnu/libc.so.6+0x2a337) (BuildId: 467f544f15035abef911999cbc14489edd0555ab)
    #12 0x7ff5c395a3fa in __libc_start_main (/lib/x86_64-linux-gnu/libc.so.6+0x2a3fa) (BuildId: 467f544f15035abef911999cbc14489edd0555ab)
    #13 0x55ca91511b64 in _start (/workspace/build-asan/tsc+0x74b64) (BuildId: 73a10d7cc646a755f705b0ae57418e68578aec2f)

Indirect leak of 40 byte(s) in 2 object(s) allocated from:
    #0 0x55ca915fa191 in operator new(unsigned long) (/workspace/build-asan/tsc+0x15d191) (BuildId: 73a10d7cc646a755f705b0ae57418e68578aec2f)
    #1 0x7ff5c6ef4944 in llvm::TargetMachine::TargetMachine(llvm::Target const&, llvm::StringRef, llvm::Triple const&, llvm::StringRef, llvm::StringRef, llvm::TargetOptions const&) (/usr/lib/llvm-20/lib/libLLVM.so.20.1+0x2fd8944) (BuildId: b856c61f98abf0989f157f153740fe0fadfbb760)
    #2 0x7ff5c52d0937 in llvm::CodeGenTargetMachineImpl::CodeGenTargetMachineImpl(llvm::Target const&, llvm::StringRef, llvm::Triple const&, llvm::StringRef, llvm::StringRef, llvm::TargetOptions const&, llvm::Reloc::Model, llvm::CodeModel::Model, llvm::CodeGenOptLevel) (/usr/lib/llvm-20/lib/libLLVM.so.20.1+0x13b4937) (BuildId: b856c61f98abf0989f157f153740fe0fadfbb760)
    #3 0x7ff5c7e269e3  (/usr/lib/llvm-20/lib/libLLVM.so.20.1+0x3f0a9e3) (BuildId: b856c61f98abf0989f157f153740fe0fadfbb760)
    #4 0x7ff5c7e295aa  (/usr/lib/llvm-20/lib/libLLVM.so.20.1+0x3f0d5aa) (BuildId: b856c61f98abf0989f157f153740fe0fadfbb760)
    #5 0x55ca91648523 in llvm::Target::createTargetMachine(llvm::StringRef, llvm::StringRef, llvm::StringRef, llvm::TargetOptions const&, std::optional<llvm::Reloc::Model>, std::optional<llvm::CodeModel::Model>, llvm::CodeGenOptLevel, bool) const /usr/lib/llvm-20/include/llvm/MC/TargetRegistry.h:462:12
    #6 0x55ca9163a09e in tsc::TargetRegistry::initializeAllTargets() /workspace/src/TargetRegistry.cpp:67:41
    #7 0x55ca9162bdcd in tsc::Compiler::initializeLLVM() /workspace/src/Compiler.cpp:349:14
    #8 0x55ca9162b8b7 in tsc::Compiler::Compiler(tsc::CompilerOptions const&) /workspace/src/Compiler.cpp:24:5
    #9 0x55ca915fd7b5 in main /workspace/src/main.cpp:191:18
    #10 0x7ff5c395a337  (/lib/x86_64-linux-gnu/libc.so.6+0x2a337) (BuildId: 467f544f15035abef911999cbc14489edd0555ab)
    #11 0x7ff5c395a3fa in __libc_start_main (/lib/x86_64-linux-gnu/libc.so.6+0x2a3fa) (BuildId: 467f544f15035abef911999cbc14489edd0555ab)
    #12 0x55ca91511b64 in _start (/workspace/build-asan/tsc+0x74b64) (BuildId: 73a10d7cc646a755f705b0ae57418e68578aec2f)

Indirect leak of 36 byte(s) in 1 object(s) allocated from:
    #0 0x55ca915fa191 in operator new(unsigned long) (/workspace/build-asan/tsc+0x15d191) (BuildId: 73a10d7cc646a755f705b0ae57418e68578aec2f)
    #1 0x7ff5c4ff3807 in llvm::DataLayout::parseLayoutString(llvm::StringRef) (/usr/lib/llvm-20/lib/libLLVM.so.20.1+0x10d7807) (BuildId: b856c61f98abf0989f157f153740fe0fadfbb760)
    #2 0x7ff5c4ff3744 in llvm::DataLayout::DataLayout(llvm::StringRef) (/usr/lib/llvm-20/lib/libLLVM.so.20.1+0x10d7744) (BuildId: b856c61f98abf0989f157f153740fe0fadfbb760)
    #3 0x7ff5c6ef490c in llvm::TargetMachine::TargetMachine(llvm::Target const&, llvm::StringRef, llvm::Triple const&, llvm::StringRef, llvm::StringRef, llvm::TargetOptions const&) (/usr/lib/llvm-20/lib/libLLVM.so.20.1+0x2fd890c) (BuildId: b856c61f98abf0989f157f153740fe0fadfbb760)
    #4 0x7ff5c52d0937 in llvm::CodeGenTargetMachineImpl::CodeGenTargetMachineImpl(llvm::Target const&, llvm::StringRef, llvm::Triple const&, llvm::StringRef, llvm::StringRef, llvm::TargetOptions const&, llvm::Reloc::Model, llvm::CodeModel::Model, llvm::CodeGenOptLevel) (/usr/lib/llvm-20/lib/libLLVM.so.20.1+0x13b4937) (BuildId: b856c61f98abf0989f157f153740fe0fadfbb760)
    #5 0x7ff5c7a51f6c  (/usr/lib/llvm-20/lib/libLLVM.so.20.1+0x3b35f6c) (BuildId: b856c61f98abf0989f157f153740fe0fadfbb760)
    #6 0x7ff5c7a525ca  (/usr/lib/llvm-20/lib/libLLVM.so.20.1+0x3b365ca) (BuildId: b856c61f98abf0989f157f153740fe0fadfbb760)
    #7 0x55ca91648523 in llvm::Target::createTargetMachine(llvm::StringRef, llvm::StringRef, llvm::StringRef, llvm::TargetOptions const&, std::optional<llvm::Reloc::Model>, std::optional<llvm::CodeModel::Model>, llvm::CodeGenOptLevel, bool) const /usr/lib/llvm-20/include/llvm/MC/TargetRegistry.h:462:12
    #8 0x55ca9163a09e in tsc::TargetRegistry::initializeAllTargets() /workspace/src/TargetRegistry.cpp:67:41
    #9 0x55ca9162bdcd in tsc::Compiler::initializeLLVM() /workspace/src/Compiler.cpp:349:14
    #10 0x55ca9162b8b7 in tsc::Compiler::Compiler(tsc::CompilerOptions const&) /workspace/src/Compiler.cpp:24:5
    #11 0x55ca915fd7b5 in main /workspace/src/main.cpp:191:18
    #12 0x7ff5c395a337  (/lib/x86_64-linux-gnu/libc.so.6+0x2a337) (BuildId: 467f544f15035abef911999cbc14489edd0555ab)
    #13 0x7ff5c395a3fa in __libc_start_main (/lib/x86_64-linux-gnu/libc.so.6+0x2a3fa) (BuildId: 467f544f15035abef911999cbc14489edd0555ab)
    #14 0x55ca91511b64 in _start (/workspace/build-asan/tsc+0x74b64) (BuildId: 73a10d7cc646a755f705b0ae57418e68578aec2f)

Indirect leak of 34 byte(s) in 1 object(s) allocated from:
    #0 0x55ca915fa191 in operator new(unsigned long) (/workspace/build-asan/tsc+0x15d191) (BuildId: 73a10d7cc646a755f705b0ae57418e68578aec2f)
    #1 0x7ff5c4ff3807 in llvm::DataLayout::parseLayoutString(llvm::StringRef) (/usr/lib/llvm-20/lib/libLLVM.so.20.1+0x10d7807) (BuildId: b856c61f98abf0989f157f153740fe0fadfbb760)
    #2 0x7ff5c4ff3744 in llvm::DataLayout::DataLayout(llvm::StringRef) (/usr/lib/llvm-20/lib/libLLVM.so.20.1+0x10d7744) (BuildId: b856c61f98abf0989f157f153740fe0fadfbb760)
    #3 0x7ff5c6ef490c in llvm::TargetMachine::TargetMachine(llvm::Target const&, llvm::StringRef, llvm::Triple const&, llvm::StringRef, llvm::StringRef, llvm::TargetOptions const&) (/usr/lib/llvm-20/lib/libLLVM.so.20.1+0x2fd890c) (BuildId: b856c61f98abf0989f157f153740fe0fadfbb760)
    #4 0x7ff5c52d0937 in llvm::CodeGenTargetMachineImpl::CodeGenTargetMachineImpl(llvm::Target const&, llvm::StringRef, llvm::Triple const&, llvm::StringRef, llvm::StringRef, llvm::TargetOptions const&, llvm::Reloc::Model, llvm::CodeModel::Model, llvm::CodeGenOptLevel) (/usr/lib/llvm-20/lib/libLLVM.so.20.1+0x13b4937) (BuildId: b856c61f98abf0989f157f153740fe0fadfbb760)
    #5 0x7ff5c7ed4af0  (/usr/lib/llvm-20/lib/libLLVM.so.20.1+0x3fb8af0) (BuildId: b856c61f98abf0989f157f153740fe0fadfbb760)
    #6 0x7ff5c7ed575c  (/usr/lib/llvm-20/lib/libLLVM.so.20.1+0x3fb975c) (BuildId: b856c61f98abf0989f157f153740fe0fadfbb760)
    #7 0x55ca91648523 in llvm::Target::createTargetMachine(llvm::StringRef, llvm::StringRef, llvm::StringRef, llvm::TargetOptions const&, std::optional<llvm::Reloc::Model>, std::optional<llvm::CodeModel::Model>, llvm::CodeGenOptLevel, bool) const /usr/lib/llvm-20/include/llvm/MC/TargetRegistry.h:462:12
    #8 0x55ca9163a09e in tsc::TargetRegistry::initializeAllTargets() /workspace/src/TargetRegistry.cpp:67:41
    #9 0x55ca9162bdcd in tsc::Compiler::initializeLLVM() /workspace/src/Compiler.cpp:349:14
    #10 0x55ca9162b8b7 in tsc::Compiler::Compiler(tsc::CompilerOptions const&) /workspace/src/Compiler.cpp:24:5
    #11 0x55ca915fd7b5 in main /workspace/src/main.cpp:191:18
    #12 0x7ff5c395a337  (/lib/x86_64-linux-gnu/libc.so.6+0x2a337) (BuildId: 467f544f15035abef911999cbc14489edd0555ab)
    #13 0x7ff5c395a3fa in __libc_start_main (/lib/x86_64-linux-gnu/libc.so.6+0x2a3fa) (BuildId: 467f544f15035abef911999cbc14489edd0555ab)
    #14 0x55ca91511b64 in _start (/workspace/build-asan/tsc+0x74b64) (BuildId: 73a10d7cc646a755f705b0ae57418e68578aec2f)

Indirect leak of 32 byte(s) in 2 object(s) allocated from:
    #0 0x55ca915fa191 in operator new(unsigned long) (/workspace/build-asan/tsc+0x15d191) (BuildId: 73a10d7cc646a755f705b0ae57418e68578aec2f)
    #1 0x7ff5c7b608cf  (/usr/lib/llvm-20/lib/libLLVM.so.20.1+0x3c448cf) (BuildId: b856c61f98abf0989f157f153740fe0fadfbb760)
    #2 0x7ff5c7b61710  (/usr/lib/llvm-20/lib/libLLVM.so.20.1+0x3c45710) (BuildId: b856c61f98abf0989f157f153740fe0fadfbb760)
    #3 0x7ff5c7b62a6c  (/usr/lib/llvm-20/lib/libLLVM.so.20.1+0x3c46a6c) (BuildId: b856c61f98abf0989f157f153740fe0fadfbb760)
    #4 0x55ca91648523 in llvm::Target::createTargetMachine(llvm::StringRef, llvm::StringRef, llvm::StringRef, llvm::TargetOptions const&, std::optional<llvm::Reloc::Model>, std::optional<llvm::CodeModel::Model>, llvm::CodeGenOptLevel, bool) const /usr/lib/llvm-20/include/llvm/MC/TargetRegistry.h:462:12
    #5 0x55ca9163a09e in tsc::TargetRegistry::initializeAllTargets() /workspace/src/TargetRegistry.cpp:67:41
    #6 0x55ca9162bdcd in tsc::Compiler::initializeLLVM() /workspace/src/Compiler.cpp:349:14
    #7 0x55ca9162b8b7 in tsc::Compiler::Compiler(tsc::CompilerOptions const&) /workspace/src/Compiler.cpp:24:5
    #8 0x55ca915fd7b5 in main /workspace/src/main.cpp:191:18
    #9 0x7ff5c395a337  (/lib/x86_64-linux-gnu/libc.so.6+0x2a337) (BuildId: 467f544f15035abef911999cbc14489edd0555ab)
    #10 0x7ff5c395a3fa in __libc_start_main (/lib/x86_64-linux-gnu/libc.so.6+0x2a3fa) (BuildId: 467f544f15035abef911999cbc14489edd0555ab)
    #11 0x55ca91511b64 in _start (/workspace/build-asan/tsc+0x74b64) (BuildId: 73a10d7cc646a755f705b0ae57418e68578aec2f)

Indirect leak of 32 byte(s) in 2 object(s) allocated from:
    #0 0x55ca915fa191 in operator new(unsigned long) (/workspace/build-asan/tsc+0x15d191) (BuildId: 73a10d7cc646a755f705b0ae57418e68578aec2f)
    #1 0x7ff5c7b608cf  (/usr/lib/llvm-20/lib/libLLVM.so.20.1+0x3c448cf) (BuildId: b856c61f98abf0989f157f153740fe0fadfbb760)
    #2 0x7ff5c7b61710  (/usr/lib/llvm-20/lib/libLLVM.so.20.1+0x3c45710) (BuildId: b856c61f98abf0989f157f153740fe0fadfbb760)
    #3 0x7ff5c7b62b2c  (/usr/lib/llvm-20/lib/libLLVM.so.20.1+0x3c46b2c) (BuildId: b856c61f98abf0989f157f153740fe0fadfbb760)
    #4 0x55ca91648523 in llvm::Target::createTargetMachine(llvm::StringRef, llvm::StringRef, llvm::StringRef, llvm::TargetOptions const&, std::optional<llvm::Reloc::Model>, std::optional<llvm::CodeModel::Model>, llvm::CodeGenOptLevel, bool) const /usr/lib/llvm-20/include/llvm/MC/TargetRegistry.h:462:12
    #5 0x55ca9163a09e in tsc::TargetRegistry::initializeAllTargets() /workspace/src/TargetRegistry.cpp:67:41
    #6 0x55ca9162bdcd in tsc::Compiler::initializeLLVM() /workspace/src/Compiler.cpp:349:14
    #7 0x55ca9162b8b7 in tsc::Compiler::Compiler(tsc::CompilerOptions const&) /workspace/src/Compiler.cpp:24:5
    #8 0x55ca915fd7b5 in main /workspace/src/main.cpp:191:18
    #9 0x7ff5c395a337  (/lib/x86_64-linux-gnu/libc.so.6+0x2a337) (BuildId: 467f544f15035abef911999cbc14489edd0555ab)
    #10 0x7ff5c395a3fa in __libc_start_main (/lib/x86_64-linux-gnu/libc.so.6+0x2a3fa) (BuildId: 467f544f15035abef911999cbc14489edd0555ab)
    #11 0x55ca91511b64 in _start (/workspace/build-asan/tsc+0x74b64) (BuildId: 73a10d7cc646a755f705b0ae57418e68578aec2f)

Indirect leak of 32 byte(s) in 2 object(s) allocated from:
    #0 0x55ca915fa191 in operator new(unsigned long) (/workspace/build-asan/tsc+0x15d191) (BuildId: 73a10d7cc646a755f705b0ae57418e68578aec2f)
    #1 0x7ff5c7b608cf  (/usr/lib/llvm-20/lib/libLLVM.so.20.1+0x3c448cf) (BuildId: b856c61f98abf0989f157f153740fe0fadfbb760)
    #2 0x7ff5c7b61a19  (/usr/lib/llvm-20/lib/libLLVM.so.20.1+0x3c45a19) (BuildId: b856c61f98abf0989f157f153740fe0fadfbb760)
    #3 0x7ff5c7b62b2c  (/usr/lib/llvm-20/lib/libLLVM.so.20.1+0x3c46b2c) (BuildId: b856c61f98abf0989f157f153740fe0fadfbb760)
    #4 0x55ca91648523 in llvm::Target::createTargetMachine(llvm::StringRef, llvm::StringRef, llvm::StringRef, llvm::TargetOptions const&, std::optional<llvm::Reloc::Model>, std::optional<llvm::CodeModel::Model>, llvm::CodeGenOptLevel, bool) const /usr/lib/llvm-20/include/llvm/MC/TargetRegistry.h:462:12
    #5 0x55ca9163a09e in tsc::TargetRegistry::initializeAllTargets() /workspace/src/TargetRegistry.cpp:67:41
    #6 0x55ca9162bdcd in tsc::Compiler::initializeLLVM() /workspace/src/Compiler.cpp:349:14
    #7 0x55ca9162b8b7 in tsc::Compiler::Compiler(tsc::CompilerOptions const&) /workspace/src/Compiler.cpp:24:5
    #8 0x55ca915fd7b5 in main /workspace/src/main.cpp:191:18
    #9 0x7ff5c395a337  (/lib/x86_64-linux-gnu/libc.so.6+0x2a337) (BuildId: 467f544f15035abef911999cbc14489edd0555ab)
    #10 0x7ff5c395a3fa in __libc_start_main (/lib/x86_64-linux-gnu/libc.so.6+0x2a3fa) (BuildId: 467f544f15035abef911999cbc14489edd0555ab)
    #11 0x55ca91511b64 in _start (/workspace/build-asan/tsc+0x74b64) (BuildId: 73a10d7cc646a755f705b0ae57418e68578aec2f)

Indirect leak of 32 byte(s) in 2 object(s) allocated from:
    #0 0x55ca915fa191 in operator new(unsigned long) (/workspace/build-asan/tsc+0x15d191) (BuildId: 73a10d7cc646a755f705b0ae57418e68578aec2f)
    #1 0x7ff5c7b608cf  (/usr/lib/llvm-20/lib/libLLVM.so.20.1+0x3c448cf) (BuildId: b856c61f98abf0989f157f153740fe0fadfbb760)
    #2 0x7ff5c7b61a19  (/usr/lib/llvm-20/lib/libLLVM.so.20.1+0x3c45a19) (BuildId: b856c61f98abf0989f157f153740fe0fadfbb760)
    #3 0x7ff5c7b62a6c  (/usr/lib/llvm-20/lib/libLLVM.so.20.1+0x3c46a6c) (BuildId: b856c61f98abf0989f157f153740fe0fadfbb760)
    #4 0x55ca91648523 in llvm::Target::createTargetMachine(llvm::StringRef, llvm::StringRef, llvm::StringRef, llvm::TargetOptions const&, std::optional<llvm::Reloc::Model>, std::optional<llvm::CodeModel::Model>, llvm::CodeGenOptLevel, bool) const /usr/lib/llvm-20/include/llvm/MC/TargetRegistry.h:462:12
    #5 0x55ca9163a09e in tsc::TargetRegistry::initializeAllTargets() /workspace/src/TargetRegistry.cpp:67:41
    #6 0x55ca9162bdcd in tsc::Compiler::initializeLLVM() /workspace/src/Compiler.cpp:349:14
    #7 0x55ca9162b8b7 in tsc::Compiler::Compiler(tsc::CompilerOptions const&) /workspace/src/Compiler.cpp:24:5
    #8 0x55ca915fd7b5 in main /workspace/src/main.cpp:191:18
    #9 0x7ff5c395a337  (/lib/x86_64-linux-gnu/libc.so.6+0x2a337) (BuildId: 467f544f15035abef911999cbc14489edd0555ab)
    #10 0x7ff5c395a3fa in __libc_start_main (/lib/x86_64-linux-gnu/libc.so.6+0x2a3fa) (BuildId: 467f544f15035abef911999cbc14489edd0555ab)
    #11 0x55ca91511b64 in _start (/workspace/build-asan/tsc+0x74b64) (BuildId: 73a10d7cc646a755f705b0ae57418e68578aec2f)

Indirect leak of 32 byte(s) in 2 object(s) allocated from:
    #0 0x55ca915fa191 in operator new(unsigned long) (/workspace/build-asan/tsc+0x15d191) (BuildId: 73a10d7cc646a755f705b0ae57418e68578aec2f)
    #1 0x7ff5c7b608cf  (/usr/lib/llvm-20/lib/libLLVM.so.20.1+0x3c448cf) (BuildId: b856c61f98abf0989f157f153740fe0fadfbb760)
    #2 0x7ff5c7b6188a  (/usr/lib/llvm-20/lib/libLLVM.so.20.1+0x3c4588a) (BuildId: b856c61f98abf0989f157f153740fe0fadfbb760)
    #3 0x7ff5c7b62b2c  (/usr/lib/llvm-20/lib/libLLVM.so.20.1+0x3c46b2c) (BuildId: b856c61f98abf0989f157f153740fe0fadfbb760)
    #4 0x55ca91648523 in llvm::Target::createTargetMachine(llvm::StringRef, llvm::StringRef, llvm::StringRef, llvm::TargetOptions const&, std::optional<llvm::Reloc::Model>, std::optional<llvm::CodeModel::Model>, llvm::CodeGenOptLevel, bool) const /usr/lib/llvm-20/include/llvm/MC/TargetRegistry.h:462:12
    #5 0x55ca9163a09e in tsc::TargetRegistry::initializeAllTargets() /workspace/src/TargetRegistry.cpp:67:41
    #6 0x55ca9162bdcd in tsc::Compiler::initializeLLVM() /workspace/src/Compiler.cpp:349:14
    #7 0x55ca9162b8b7 in tsc::Compiler::Compiler(tsc::CompilerOptions const&) /workspace/src/Compiler.cpp:24:5
    #8 0x55ca915fd7b5 in main /workspace/src/main.cpp:191:18
    #9 0x7ff5c395a337  (/lib/x86_64-linux-gnu/libc.so.6+0x2a337) (BuildId: 467f544f15035abef911999cbc14489edd0555ab)
    #10 0x7ff5c395a3fa in __libc_start_main (/lib/x86_64-linux-gnu/libc.so.6+0x2a3fa) (BuildId: 467f544f15035abef911999cbc14489edd0555ab)
    #11 0x55ca91511b64 in _start (/workspace/build-asan/tsc+0x74b64) (BuildId: 73a10d7cc646a755f705b0ae57418e68578aec2f)

Indirect leak of 32 byte(s) in 2 object(s) allocated from:
    #0 0x55ca915fa191 in operator new(unsigned long) (/workspace/build-asan/tsc+0x15d191) (BuildId: 73a10d7cc646a755f705b0ae57418e68578aec2f)
    #1 0x7ff5c7b608cf  (/usr/lib/llvm-20/lib/libLLVM.so.20.1+0x3c448cf) (BuildId: b856c61f98abf0989f157f153740fe0fadfbb760)
    #2 0x7ff5c7b6188a  (/usr/lib/llvm-20/lib/libLLVM.so.20.1+0x3c4588a) (BuildId: b856c61f98abf0989f157f153740fe0fadfbb760)
    #3 0x7ff5c7b62a6c  (/usr/lib/llvm-20/lib/libLLVM.so.20.1+0x3c46a6c) (BuildId: b856c61f98abf0989f157f153740fe0fadfbb760)
    #4 0x55ca91648523 in llvm::Target::createTargetMachine(llvm::StringRef, llvm::StringRef, llvm::StringRef, llvm::TargetOptions const&, std::optional<llvm::Reloc::Model>, std::optional<llvm::CodeModel::Model>, llvm::CodeGenOptLevel, bool) const /usr/lib/llvm-20/include/llvm/MC/TargetRegistry.h:462:12
    #5 0x55ca9163a09e in tsc::TargetRegistry::initializeAllTargets() /workspace/src/TargetRegistry.cpp:67:41
    #6 0x55ca9162bdcd in tsc::Compiler::initializeLLVM() /workspace/src/Compiler.cpp:349:14
    #7 0x55ca9162b8b7 in tsc::Compiler::Compiler(tsc::CompilerOptions const&) /workspace/src/Compiler.cpp:24:5
    #8 0x55ca915fd7b5 in main /workspace/src/main.cpp:191:18
    #9 0x7ff5c395a337  (/lib/x86_64-linux-gnu/libc.so.6+0x2a337) (BuildId: 467f544f15035abef911999cbc14489edd0555ab)
    #10 0x7ff5c395a3fa in __libc_start_main (/lib/x86_64-linux-gnu/libc.so.6+0x2a3fa) (BuildId: 467f544f15035abef911999cbc14489edd0555ab)
    #11 0x55ca91511b64 in _start (/workspace/build-asan/tsc+0x74b64) (BuildId: 73a10d7cc646a755f705b0ae57418e68578aec2f)

Indirect leak of 20 byte(s) in 1 object(s) allocated from:
    #0 0x55ca915fa191 in operator new(unsigned long) (/workspace/build-asan/tsc+0x15d191) (BuildId: 73a10d7cc646a755f705b0ae57418e68578aec2f)
    #1 0x7ff5c6801cf4 in llvm::MCSubtargetInfo::MCSubtargetInfo(llvm::Triple const&, llvm::StringRef, llvm::StringRef, llvm::StringRef, llvm::ArrayRef<llvm::StringRef>, llvm::ArrayRef<llvm::SubtargetFeatureKV>, llvm::ArrayRef<llvm::SubtargetSubTypeKV>, llvm::MCWriteProcResEntry const*, llvm::MCWriteLatencyEntry const*, llvm::MCReadAdvanceEntry const*, llvm::InstrStage const*, unsigned int const*, unsigned int const*) (/usr/lib/llvm-20/lib/libLLVM.so.20.1+0x28e5cf4) (BuildId: b856c61f98abf0989f157f153740fe0fadfbb760)
    #2 0x7ff5c803d648  (/usr/lib/llvm-20/lib/libLLVM.so.20.1+0x4121648) (BuildId: b856c61f98abf0989f157f153740fe0fadfbb760)
    #3 0x7ff5c52d0793 in llvm::CodeGenTargetMachineImpl::initAsmInfo() (/usr/lib/llvm-20/lib/libLLVM.so.20.1+0x13b4793) (BuildId: b856c61f98abf0989f157f153740fe0fadfbb760)
    #4 0x7ff5c8007c26  (/usr/lib/llvm-20/lib/libLLVM.so.20.1+0x40ebc26) (BuildId: b856c61f98abf0989f157f153740fe0fadfbb760)
    #5 0x7ff5c8008a0d  (/usr/lib/llvm-20/lib/libLLVM.so.20.1+0x40eca0d) (BuildId: b856c61f98abf0989f157f153740fe0fadfbb760)
    #6 0x55ca91648523 in llvm::Target::createTargetMachine(llvm::StringRef, llvm::StringRef, llvm::StringRef, llvm::TargetOptions const&, std::optional<llvm::Reloc::Model>, std::optional<llvm::CodeModel::Model>, llvm::CodeGenOptLevel, bool) const /usr/lib/llvm-20/include/llvm/MC/TargetRegistry.h:462:12
    #7 0x55ca9163a09e in tsc::TargetRegistry::initializeAllTargets() /workspace/src/TargetRegistry.cpp:67:41
    #8 0x55ca9162bdcd in tsc::Compiler::initializeLLVM() /workspace/src/Compiler.cpp:349:14
    #9 0x55ca9162b8b7 in tsc::Compiler::Compiler(tsc::CompilerOptions const&) /workspace/src/Compiler.cpp:24:5
    #10 0x55ca915fd7b5 in main /workspace/src/main.cpp:191:18
    #11 0x7ff5c395a337  (/lib/x86_64-linux-gnu/libc.so.6+0x2a337) (BuildId: 467f544f15035abef911999cbc14489edd0555ab)
    #12 0x7ff5c395a3fa in __libc_start_main (/lib/x86_64-linux-gnu/libc.so.6+0x2a3fa) (BuildId: 467f544f15035abef911999cbc14489edd0555ab)
    #13 0x55ca91511b64 in _start (/workspace/build-asan/tsc+0x74b64) (BuildId: 73a10d7cc646a755f705b0ae57418e68578aec2f)

Indirect leak of 20 byte(s) in 1 object(s) allocated from:
    #0 0x55ca915fa191 in operator new(unsigned long) (/workspace/build-asan/tsc+0x15d191) (BuildId: 73a10d7cc646a755f705b0ae57418e68578aec2f)
    #1 0x7ff5c6ef4944 in llvm::TargetMachine::TargetMachine(llvm::Target const&, llvm::StringRef, llvm::Triple const&, llvm::StringRef, llvm::StringRef, llvm::TargetOptions const&) (/usr/lib/llvm-20/lib/libLLVM.so.20.1+0x2fd8944) (BuildId: b856c61f98abf0989f157f153740fe0fadfbb760)
    #2 0x7ff5c52d0937 in llvm::CodeGenTargetMachineImpl::CodeGenTargetMachineImpl(llvm::Target const&, llvm::StringRef, llvm::Triple const&, llvm::StringRef, llvm::StringRef, llvm::TargetOptions const&, llvm::Reloc::Model, llvm::CodeModel::Model, llvm::CodeGenOptLevel) (/usr/lib/llvm-20/lib/libLLVM.so.20.1+0x13b4937) (BuildId: b856c61f98abf0989f157f153740fe0fadfbb760)
    #3 0x7ff5c8007b96  (/usr/lib/llvm-20/lib/libLLVM.so.20.1+0x40ebb96) (BuildId: b856c61f98abf0989f157f153740fe0fadfbb760)
    #4 0x7ff5c8008a0d  (/usr/lib/llvm-20/lib/libLLVM.so.20.1+0x40eca0d) (BuildId: b856c61f98abf0989f157f153740fe0fadfbb760)
    #5 0x55ca91648523 in llvm::Target::createTargetMachine(llvm::StringRef, llvm::StringRef, llvm::StringRef, llvm::TargetOptions const&, std::optional<llvm::Reloc::Model>, std::optional<llvm::CodeModel::Model>, llvm::CodeGenOptLevel, bool) const /usr/lib/llvm-20/include/llvm/MC/TargetRegistry.h:462:12
    #6 0x55ca9163a09e in tsc::TargetRegistry::initializeAllTargets() /workspace/src/TargetRegistry.cpp:67:41
    #7 0x55ca9162bdcd in tsc::Compiler::initializeLLVM() /workspace/src/Compiler.cpp:349:14
    #8 0x55ca9162b8b7 in tsc::Compiler::Compiler(tsc::CompilerOptions const&) /workspace/src/Compiler.cpp:24:5
    #9 0x55ca915fd7b5 in main /workspace/src/main.cpp:191:18
    #10 0x7ff5c395a337  (/lib/x86_64-linux-gnu/libc.so.6+0x2a337) (BuildId: 467f544f15035abef911999cbc14489edd0555ab)
    #11 0x7ff5c395a3fa in __libc_start_main (/lib/x86_64-linux-gnu/libc.so.6+0x2a3fa) (BuildId: 467f544f15035abef911999cbc14489edd0555ab)
    #12 0x55ca91511b64 in _start (/workspace/build-asan/tsc+0x74b64) (BuildId: 73a10d7cc646a755f705b0ae57418e68578aec2f)

Indirect leak of 20 byte(s) in 1 object(s) allocated from:
    #0 0x55ca915fa191 in operator new(unsigned long) (/workspace/build-asan/tsc+0x15d191) (BuildId: 73a10d7cc646a755f705b0ae57418e68578aec2f)
    #1 0x7ff5c6801cf4 in llvm::MCSubtargetInfo::MCSubtargetInfo(llvm::Triple const&, llvm::StringRef, llvm::StringRef, llvm::StringRef, llvm::ArrayRef<llvm::StringRef>, llvm::ArrayRef<llvm::SubtargetFeatureKV>, llvm::ArrayRef<llvm::SubtargetSubTypeKV>, llvm::MCWriteProcResEntry const*, llvm::MCWriteLatencyEntry const*, llvm::MCReadAdvanceEntry const*, llvm::InstrStage const*, unsigned int const*, unsigned int const*) (/usr/lib/llvm-20/lib/libLLVM.so.20.1+0x28e5cf4) (BuildId: b856c61f98abf0989f157f153740fe0fadfbb760)
    #2 0x7ff5c807f5aa  (/usr/lib/llvm-20/lib/libLLVM.so.20.1+0x41635aa) (BuildId: b856c61f98abf0989f157f153740fe0fadfbb760)
    #3 0x7ff5c52d0793 in llvm::CodeGenTargetMachineImpl::initAsmInfo() (/usr/lib/llvm-20/lib/libLLVM.so.20.1+0x13b4793) (BuildId: b856c61f98abf0989f157f153740fe0fadfbb760)
    #4 0x7ff5c805e664  (/usr/lib/llvm-20/lib/libLLVM.so.20.1+0x4142664) (BuildId: b856c61f98abf0989f157f153740fe0fadfbb760)
    #5 0x7ff5c805ecda  (/usr/lib/llvm-20/lib/libLLVM.so.20.1+0x4142cda) (BuildId: b856c61f98abf0989f157f153740fe0fadfbb760)
    #6 0x55ca91648523 in llvm::Target::createTargetMachine(llvm::StringRef, llvm::StringRef, llvm::StringRef, llvm::TargetOptions const&, std::optional<llvm::Reloc::Model>, std::optional<llvm::CodeModel::Model>, llvm::CodeGenOptLevel, bool) const /usr/lib/llvm-20/include/llvm/MC/TargetRegistry.h:462:12
    #7 0x55ca9163a09e in tsc::TargetRegistry::initializeAllTargets() /workspace/src/TargetRegistry.cpp:67:41
    #8 0x55ca9162bdcd in tsc::Compiler::initializeLLVM() /workspace/src/Compiler.cpp:349:14
    #9 0x55ca9162b8b7 in tsc::Compiler::Compiler(tsc::CompilerOptions const&) /workspace/src/Compiler.cpp:24:5
    #10 0x55ca915fd7b5 in main /workspace/src/main.cpp:191:18
    #11 0x7ff5c395a337  (/lib/x86_64-linux-gnu/libc.so.6+0x2a337) (BuildId: 467f544f15035abef911999cbc14489edd0555ab)
    #12 0x7ff5c395a3fa in __libc_start_main (/lib/x86_64-linux-gnu/libc.so.6+0x2a3fa) (BuildId: 467f544f15035abef911999cbc14489edd0555ab)
    #13 0x55ca91511b64 in _start (/workspace/build-asan/tsc+0x74b64) (BuildId: 73a10d7cc646a755f705b0ae57418e68578aec2f)

Indirect leak of 20 byte(s) in 1 object(s) allocated from:
    #0 0x55ca915fa191 in operator new(unsigned long) (/workspace/build-asan/tsc+0x15d191) (BuildId: 73a10d7cc646a755f705b0ae57418e68578aec2f)
    #1 0x7ff5c805de83  (/usr/lib/llvm-20/lib/libLLVM.so.20.1+0x4141e83) (BuildId: b856c61f98abf0989f157f153740fe0fadfbb760)
    #2 0x7ff5c805e60e  (/usr/lib/llvm-20/lib/libLLVM.so.20.1+0x414260e) (BuildId: b856c61f98abf0989f157f153740fe0fadfbb760)
    #3 0x7ff5c805ecda  (/usr/lib/llvm-20/lib/libLLVM.so.20.1+0x4142cda) (BuildId: b856c61f98abf0989f157f153740fe0fadfbb760)
    #4 0x55ca91648523 in llvm::Target::createTargetMachine(llvm::StringRef, llvm::StringRef, llvm::StringRef, llvm::TargetOptions const&, std::optional<llvm::Reloc::Model>, std::optional<llvm::CodeModel::Model>, llvm::CodeGenOptLevel, bool) const /usr/lib/llvm-20/include/llvm/MC/TargetRegistry.h:462:12
    #5 0x55ca9163a09e in tsc::TargetRegistry::initializeAllTargets() /workspace/src/TargetRegistry.cpp:67:41
    #6 0x55ca9162bdcd in tsc::Compiler::initializeLLVM() /workspace/src/Compiler.cpp:349:14
    #7 0x55ca9162b8b7 in tsc::Compiler::Compiler(tsc::CompilerOptions const&) /workspace/src/Compiler.cpp:24:5
    #8 0x55ca915fd7b5 in main /workspace/src/main.cpp:191:18
    #9 0x7ff5c395a337  (/lib/x86_64-linux-gnu/libc.so.6+0x2a337) (BuildId: 467f544f15035abef911999cbc14489edd0555ab)
    #10 0x7ff5c395a3fa in __libc_start_main (/lib/x86_64-linux-gnu/libc.so.6+0x2a3fa) (BuildId: 467f544f15035abef911999cbc14489edd0555ab)
    #11 0x55ca91511b64 in _start (/workspace/build-asan/tsc+0x74b64) (BuildId: 73a10d7cc646a755f705b0ae57418e68578aec2f)

Indirect leak of 20 byte(s) in 1 object(s) allocated from:
    #0 0x55ca915fa191 in operator new(unsigned long) (/workspace/build-asan/tsc+0x15d191) (BuildId: 73a10d7cc646a755f705b0ae57418e68578aec2f)
    #1 0x7ff5c6801cf4 in llvm::MCSubtargetInfo::MCSubtargetInfo(llvm::Triple const&, llvm::StringRef, llvm::StringRef, llvm::StringRef, llvm::ArrayRef<llvm::StringRef>, llvm::ArrayRef<llvm::SubtargetFeatureKV>, llvm::ArrayRef<llvm::SubtargetSubTypeKV>, llvm::MCWriteProcResEntry const*, llvm::MCWriteLatencyEntry const*, llvm::MCReadAdvanceEntry const*, llvm::InstrStage const*, unsigned int const*, unsigned int const*) (/usr/lib/llvm-20/lib/libLLVM.so.20.1+0x28e5cf4) (BuildId: b856c61f98abf0989f157f153740fe0fadfbb760)
    #2 0x7ff5c5590c22 in llvm::TargetSubtargetInfo::TargetSubtargetInfo(llvm::Triple const&, llvm::StringRef, llvm::StringRef, llvm::StringRef, llvm::ArrayRef<llvm::StringRef>, llvm::ArrayRef<llvm::SubtargetFeatureKV>, llvm::ArrayRef<llvm::SubtargetSubTypeKV>, llvm::MCWriteProcResEntry const*, llvm::MCWriteLatencyEntry const*, llvm::MCReadAdvanceEntry const*, llvm::InstrStage const*, unsigned int const*, unsigned int const*) (/usr/lib/llvm-20/lib/libLLVM.so.20.1+0x1674c22) (BuildId: b856c61f98abf0989f157f153740fe0fadfbb760)
    #3 0x7ff5c805de3c  (/usr/lib/llvm-20/lib/libLLVM.so.20.1+0x4141e3c) (BuildId: b856c61f98abf0989f157f153740fe0fadfbb760)
    #4 0x7ff5c805e60e  (/usr/lib/llvm-20/lib/libLLVM.so.20.1+0x414260e) (BuildId: b856c61f98abf0989f157f153740fe0fadfbb760)
    #5 0x7ff5c805ecda  (/usr/lib/llvm-20/lib/libLLVM.so.20.1+0x4142cda) (BuildId: b856c61f98abf0989f157f153740fe0fadfbb760)
    #6 0x55ca91648523 in llvm::Target::createTargetMachine(llvm::StringRef, llvm::StringRef, llvm::StringRef, llvm::TargetOptions const&, std::optional<llvm::Reloc::Model>, std::optional<llvm::CodeModel::Model>, llvm::CodeGenOptLevel, bool) const /usr/lib/llvm-20/include/llvm/MC/TargetRegistry.h:462:12
    #7 0x55ca9163a09e in tsc::TargetRegistry::initializeAllTargets() /workspace/src/TargetRegistry.cpp:67:41
    #8 0x55ca9162bdcd in tsc::Compiler::initializeLLVM() /workspace/src/Compiler.cpp:349:14
    #9 0x55ca9162b8b7 in tsc::Compiler::Compiler(tsc::CompilerOptions const&) /workspace/src/Compiler.cpp:24:5
    #10 0x55ca915fd7b5 in main /workspace/src/main.cpp:191:18
    #11 0x7ff5c395a337  (/lib/x86_64-linux-gnu/libc.so.6+0x2a337) (BuildId: 467f544f15035abef911999cbc14489edd0555ab)
    #12 0x7ff5c395a3fa in __libc_start_main (/lib/x86_64-linux-gnu/libc.so.6+0x2a3fa) (BuildId: 467f544f15035abef911999cbc14489edd0555ab)
    #13 0x55ca91511b64 in _start (/workspace/build-asan/tsc+0x74b64) (BuildId: 73a10d7cc646a755f705b0ae57418e68578aec2f)

Indirect leak of 20 byte(s) in 1 object(s) allocated from:
    #0 0x55ca915fa191 in operator new(unsigned long) (/workspace/build-asan/tsc+0x15d191) (BuildId: 73a10d7cc646a755f705b0ae57418e68578aec2f)
    #1 0x7ff5c6ef4944 in llvm::TargetMachine::TargetMachine(llvm::Target const&, llvm::StringRef, llvm::Triple const&, llvm::StringRef, llvm::StringRef, llvm::TargetOptions const&) (/usr/lib/llvm-20/lib/libLLVM.so.20.1+0x2fd8944) (BuildId: b856c61f98abf0989f157f153740fe0fadfbb760)
    #2 0x7ff5c52d0937 in llvm::CodeGenTargetMachineImpl::CodeGenTargetMachineImpl(llvm::Target const&, llvm::StringRef, llvm::Triple const&, llvm::StringRef, llvm::StringRef, llvm::TargetOptions const&, llvm::Reloc::Model, llvm::CodeModel::Model, llvm::CodeGenOptLevel) (/usr/lib/llvm-20/lib/libLLVM.so.20.1+0x13b4937) (BuildId: b856c61f98abf0989f157f153740fe0fadfbb760)
    #3 0x7ff5c805e495  (/usr/lib/llvm-20/lib/libLLVM.so.20.1+0x4142495) (BuildId: b856c61f98abf0989f157f153740fe0fadfbb760)
    #4 0x7ff5c805ecda  (/usr/lib/llvm-20/lib/libLLVM.so.20.1+0x4142cda) (BuildId: b856c61f98abf0989f157f153740fe0fadfbb760)
    #5 0x55ca91648523 in llvm::Target::createTargetMachine(llvm::StringRef, llvm::StringRef, llvm::StringRef, llvm::TargetOptions const&, std::optional<llvm::Reloc::Model>, std::optional<llvm::CodeModel::Model>, llvm::CodeGenOptLevel, bool) const /usr/lib/llvm-20/include/llvm/MC/TargetRegistry.h:462:12
    #6 0x55ca9163a09e in tsc::TargetRegistry::initializeAllTargets() /workspace/src/TargetRegistry.cpp:67:41
    #7 0x55ca9162bdcd in tsc::Compiler::initializeLLVM() /workspace/src/Compiler.cpp:349:14
    #8 0x55ca9162b8b7 in tsc::Compiler::Compiler(tsc::CompilerOptions const&) /workspace/src/Compiler.cpp:24:5
    #9 0x55ca915fd7b5 in main /workspace/src/main.cpp:191:18
    #10 0x7ff5c395a337  (/lib/x86_64-linux-gnu/libc.so.6+0x2a337) (BuildId: 467f544f15035abef911999cbc14489edd0555ab)
    #11 0x7ff5c395a3fa in __libc_start_main (/lib/x86_64-linux-gnu/libc.so.6+0x2a3fa) (BuildId: 467f544f15035abef911999cbc14489edd0555ab)
    #12 0x55ca91511b64 in _start (/workspace/build-asan/tsc+0x74b64) (BuildId: 73a10d7cc646a755f705b0ae57418e68578aec2f)

Indirect leak of 20 byte(s) in 1 object(s) allocated from:
    #0 0x55ca915fa191 in operator new(unsigned long) (/workspace/build-asan/tsc+0x15d191) (BuildId: 73a10d7cc646a755f705b0ae57418e68578aec2f)
    #1 0x7ff5c6801cf4 in llvm::MCSubtargetInfo::MCSubtargetInfo(llvm::Triple const&, llvm::StringRef, llvm::StringRef, llvm::StringRef, llvm::ArrayRef<llvm::StringRef>, llvm::ArrayRef<llvm::SubtargetFeatureKV>, llvm::ArrayRef<llvm::SubtargetSubTypeKV>, llvm::MCWriteProcResEntry const*, llvm::MCWriteLatencyEntry const*, llvm::MCReadAdvanceEntry const*, llvm::InstrStage const*, unsigned int const*, unsigned int const*) (/usr/lib/llvm-20/lib/libLLVM.so.20.1+0x28e5cf4) (BuildId: b856c61f98abf0989f157f153740fe0fadfbb760)
    #2 0x7ff5c8431929  (/usr/lib/llvm-20/lib/libLLVM.so.20.1+0x4515929) (BuildId: b856c61f98abf0989f157f153740fe0fadfbb760)
    #3 0x7ff5c52d0793 in llvm::CodeGenTargetMachineImpl::initAsmInfo() (/usr/lib/llvm-20/lib/libLLVM.so.20.1+0x13b4793) (BuildId: b856c61f98abf0989f157f153740fe0fadfbb760)
    #4 0x7ff5c841cad0  (/usr/lib/llvm-20/lib/libLLVM.so.20.1+0x4500ad0) (BuildId: b856c61f98abf0989f157f153740fe0fadfbb760)
    #5 0x7ff5c841d0da  (/usr/lib/llvm-20/lib/libLLVM.so.20.1+0x45010da) (BuildId: b856c61f98abf0989f157f153740fe0fadfbb760)
    #6 0x55ca91648523 in llvm::Target::createTargetMachine(llvm::StringRef, llvm::StringRef, llvm::StringRef, llvm::TargetOptions const&, std::optional<llvm::Reloc::Model>, std::optional<llvm::CodeModel::Model>, llvm::CodeGenOptLevel, bool) const /usr/lib/llvm-20/include/llvm/MC/TargetRegistry.h:462:12
    #7 0x55ca9163a09e in tsc::TargetRegistry::initializeAllTargets() /workspace/src/TargetRegistry.cpp:67:41
    #8 0x55ca9162bdcd in tsc::Compiler::initializeLLVM() /workspace/src/Compiler.cpp:349:14
    #9 0x55ca9162b8b7 in tsc::Compiler::Compiler(tsc::CompilerOptions const&) /workspace/src/Compiler.cpp:24:5
    #10 0x55ca915fd7b5 in main /workspace/src/main.cpp:191:18
    #11 0x7ff5c395a337  (/lib/x86_64-linux-gnu/libc.so.6+0x2a337) (BuildId: 467f544f15035abef911999cbc14489edd0555ab)
    #12 0x7ff5c395a3fa in __libc_start_main (/lib/x86_64-linux-gnu/libc.so.6+0x2a3fa) (BuildId: 467f544f15035abef911999cbc14489edd0555ab)
    #13 0x55ca91511b64 in _start (/workspace/build-asan/tsc+0x74b64) (BuildId: 73a10d7cc646a755f705b0ae57418e68578aec2f)

Indirect leak of 20 byte(s) in 1 object(s) allocated from:
    #0 0x55ca915fa191 in operator new(unsigned long) (/workspace/build-asan/tsc+0x15d191) (BuildId: 73a10d7cc646a755f705b0ae57418e68578aec2f)
    #1 0x7ff5c6801cf4 in llvm::MCSubtargetInfo::MCSubtargetInfo(llvm::Triple const&, llvm::StringRef, llvm::StringRef, llvm::StringRef, llvm::ArrayRef<llvm::StringRef>, llvm::ArrayRef<llvm::SubtargetFeatureKV>, llvm::ArrayRef<llvm::SubtargetSubTypeKV>, llvm::MCWriteProcResEntry const*, llvm::MCWriteLatencyEntry const*, llvm::MCReadAdvanceEntry const*, llvm::InstrStage const*, unsigned int const*, unsigned int const*) (/usr/lib/llvm-20/lib/libLLVM.so.20.1+0x28e5cf4) (BuildId: b856c61f98abf0989f157f153740fe0fadfbb760)
    #2 0x7ff5c5590c22 in llvm::TargetSubtargetInfo::TargetSubtargetInfo(llvm::Triple const&, llvm::StringRef, llvm::StringRef, llvm::StringRef, llvm::ArrayRef<llvm::StringRef>, llvm::ArrayRef<llvm::SubtargetFeatureKV>, llvm::ArrayRef<llvm::SubtargetSubTypeKV>, llvm::MCWriteProcResEntry const*, llvm::MCWriteLatencyEntry const*, llvm::MCReadAdvanceEntry const*, llvm::InstrStage const*, unsigned int const*, unsigned int const*) (/usr/lib/llvm-20/lib/libLLVM.so.20.1+0x1674c22) (BuildId: b856c61f98abf0989f157f153740fe0fadfbb760)
    #3 0x7ff5c841c605  (/usr/lib/llvm-20/lib/libLLVM.so.20.1+0x4500605) (BuildId: b856c61f98abf0989f157f153740fe0fadfbb760)
    #4 0x7ff5c841ca9a  (/usr/lib/llvm-20/lib/libLLVM.so.20.1+0x4500a9a) (BuildId: b856c61f98abf0989f157f153740fe0fadfbb760)
    #5 0x7ff5c841d0da  (/usr/lib/llvm-20/lib/libLLVM.so.20.1+0x45010da) (BuildId: b856c61f98abf0989f157f153740fe0fadfbb760)
    #6 0x55ca91648523 in llvm::Target::createTargetMachine(llvm::StringRef, llvm::StringRef, llvm::StringRef, llvm::TargetOptions const&, std::optional<llvm::Reloc::Model>, std::optional<llvm::CodeModel::Model>, llvm::CodeGenOptLevel, bool) const /usr/lib/llvm-20/include/llvm/MC/TargetRegistry.h:462:12
    #7 0x55ca9163a09e in tsc::TargetRegistry::initializeAllTargets() /workspace/src/TargetRegistry.cpp:67:41
    #8 0x55ca9162bdcd in tsc::Compiler::initializeLLVM() /workspace/src/Compiler.cpp:349:14
    #9 0x55ca9162b8b7 in tsc::Compiler::Compiler(tsc::CompilerOptions const&) /workspace/src/Compiler.cpp:24:5
    #10 0x55ca915fd7b5 in main /workspace/src/main.cpp:191:18
    #11 0x7ff5c395a337  (/lib/x86_64-linux-gnu/libc.so.6+0x2a337) (BuildId: 467f544f15035abef911999cbc14489edd0555ab)
    #12 0x7ff5c395a3fa in __libc_start_main (/lib/x86_64-linux-gnu/libc.so.6+0x2a3fa) (BuildId: 467f544f15035abef911999cbc14489edd0555ab)
    #13 0x55ca91511b64 in _start (/workspace/build-asan/tsc+0x74b64) (BuildId: 73a10d7cc646a755f705b0ae57418e68578aec2f)

Indirect leak of 20 byte(s) in 1 object(s) allocated from:
    #0 0x55ca915fa191 in operator new(unsigned long) (/workspace/build-asan/tsc+0x15d191) (BuildId: 73a10d7cc646a755f705b0ae57418e68578aec2f)
    #1 0x7ff5c6ef4944 in llvm::TargetMachine::TargetMachine(llvm::Target const&, llvm::StringRef, llvm::Triple const&, llvm::StringRef, llvm::StringRef, llvm::TargetOptions const&) (/usr/lib/llvm-20/lib/libLLVM.so.20.1+0x2fd8944) (BuildId: b856c61f98abf0989f157f153740fe0fadfbb760)
    #2 0x7ff5c52d0937 in llvm::CodeGenTargetMachineImpl::CodeGenTargetMachineImpl(llvm::Target const&, llvm::StringRef, llvm::Triple const&, llvm::StringRef, llvm::StringRef, llvm::TargetOptions const&, llvm::Reloc::Model, llvm::CodeModel::Model, llvm::CodeGenOptLevel) (/usr/lib/llvm-20/lib/libLLVM.so.20.1+0x13b4937) (BuildId: b856c61f98abf0989f157f153740fe0fadfbb760)
    #3 0x7ff5c841c936  (/usr/lib/llvm-20/lib/libLLVM.so.20.1+0x4500936) (BuildId: b856c61f98abf0989f157f153740fe0fadfbb760)
    #4 0x7ff5c841d0da  (/usr/lib/llvm-20/lib/libLLVM.so.20.1+0x45010da) (BuildId: b856c61f98abf0989f157f153740fe0fadfbb760)
    #5 0x55ca91648523 in llvm::Target::createTargetMachine(llvm::StringRef, llvm::StringRef, llvm::StringRef, llvm::TargetOptions const&, std::optional<llvm::Reloc::Model>, std::optional<llvm::CodeModel::Model>, llvm::CodeGenOptLevel, bool) const /usr/lib/llvm-20/include/llvm/MC/TargetRegistry.h:462:12
    #6 0x55ca9163a09e in tsc::TargetRegistry::initializeAllTargets() /workspace/src/TargetRegistry.cpp:67:41
    #7 0x55ca9162bdcd in tsc::Compiler::initializeLLVM() /workspace/src/Compiler.cpp:349:14
    #8 0x55ca9162b8b7 in tsc::Compiler::Compiler(tsc::CompilerOptions const&) /workspace/src/Compiler.cpp:24:5
    #9 0x55ca915fd7b5 in main /workspace/src/main.cpp:191:18
    #10 0x7ff5c395a337  (/lib/x86_64-linux-gnu/libc.so.6+0x2a337) (BuildId: 467f544f15035abef911999cbc14489edd0555ab)
    #11 0x7ff5c395a3fa in __libc_start_main (/lib/x86_64-linux-gnu/libc.so.6+0x2a3fa) (BuildId: 467f544f15035abef911999cbc14489edd0555ab)
    #12 0x55ca91511b64 in _start (/workspace/build-asan/tsc+0x74b64) (BuildId: 73a10d7cc646a755f705b0ae57418e68578aec2f)

Indirect leak of 20 byte(s) in 1 object(s) allocated from:
    #0 0x55ca915fa191 in operator new(unsigned long) (/workspace/build-asan/tsc+0x15d191) (BuildId: 73a10d7cc646a755f705b0ae57418e68578aec2f)
    #1 0x7ff5c6801cf4 in llvm::MCSubtargetInfo::MCSubtargetInfo(llvm::Triple const&, llvm::StringRef, llvm::StringRef, llvm::StringRef, llvm::ArrayRef<llvm::StringRef>, llvm::ArrayRef<llvm::SubtargetFeatureKV>, llvm::ArrayRef<llvm::SubtargetSubTypeKV>, llvm::MCWriteProcResEntry const*, llvm::MCWriteLatencyEntry const*, llvm::MCReadAdvanceEntry const*, llvm::InstrStage const*, unsigned int const*, unsigned int const*) (/usr/lib/llvm-20/lib/libLLVM.so.20.1+0x28e5cf4) (BuildId: b856c61f98abf0989f157f153740fe0fadfbb760)
    #2 0x7ff5c846b432  (/usr/lib/llvm-20/lib/libLLVM.so.20.1+0x454f432) (BuildId: b856c61f98abf0989f157f153740fe0fadfbb760)
    #3 0x7ff5c52d0793 in llvm::CodeGenTargetMachineImpl::initAsmInfo() (/usr/lib/llvm-20/lib/libLLVM.so.20.1+0x13b4793) (BuildId: b856c61f98abf0989f157f153740fe0fadfbb760)
    #4 0x7ff5c8457128  (/usr/lib/llvm-20/lib/libLLVM.so.20.1+0x453b128) (BuildId: b856c61f98abf0989f157f153740fe0fadfbb760)
    #5 0x7ff5c8457a7a  (/usr/lib/llvm-20/lib/libLLVM.so.20.1+0x453ba7a) (BuildId: b856c61f98abf0989f157f153740fe0fadfbb760)
    #6 0x55ca91648523 in llvm::Target::createTargetMachine(llvm::StringRef, llvm::StringRef, llvm::StringRef, llvm::TargetOptions const&, std::optional<llvm::Reloc::Model>, std::optional<llvm::CodeModel::Model>, llvm::CodeGenOptLevel, bool) const /usr/lib/llvm-20/include/llvm/MC/TargetRegistry.h:462:12
    #7 0x55ca9163a09e in tsc::TargetRegistry::initializeAllTargets() /workspace/src/TargetRegistry.cpp:67:41
    #8 0x55ca9162bdcd in tsc::Compiler::initializeLLVM() /workspace/src/Compiler.cpp:349:14
    #9 0x55ca9162b8b7 in tsc::Compiler::Compiler(tsc::CompilerOptions const&) /workspace/src/Compiler.cpp:24:5
    #10 0x55ca915fd7b5 in main /workspace/src/main.cpp:191:18
    #11 0x7ff5c395a337  (/lib/x86_64-linux-gnu/libc.so.6+0x2a337) (BuildId: 467f544f15035abef911999cbc14489edd0555ab)
    #12 0x7ff5c395a3fa in __libc_start_main (/lib/x86_64-linux-gnu/libc.so.6+0x2a3fa) (BuildId: 467f544f15035abef911999cbc14489edd0555ab)
    #13 0x55ca91511b64 in _start (/workspace/build-asan/tsc+0x74b64) (BuildId: 73a10d7cc646a755f705b0ae57418e68578aec2f)

Indirect leak of 20 byte(s) in 1 object(s) allocated from:
    #0 0x55ca915fa191 in operator new(unsigned long) (/workspace/build-asan/tsc+0x15d191) (BuildId: 73a10d7cc646a755f705b0ae57418e68578aec2f)
    #1 0x7ff5c845641d  (/usr/lib/llvm-20/lib/libLLVM.so.20.1+0x453a41d) (BuildId: b856c61f98abf0989f157f153740fe0fadfbb760)
    #2 0x7ff5c8457105  (/usr/lib/llvm-20/lib/libLLVM.so.20.1+0x453b105) (BuildId: b856c61f98abf0989f157f153740fe0fadfbb760)
    #3 0x7ff5c8457a7a  (/usr/lib/llvm-20/lib/libLLVM.so.20.1+0x453ba7a) (BuildId: b856c61f98abf0989f157f153740fe0fadfbb760)
    #4 0x55ca91648523 in llvm::Target::createTargetMachine(llvm::StringRef, llvm::StringRef, llvm::StringRef, llvm::TargetOptions const&, std::optional<llvm::Reloc::Model>, std::optional<llvm::CodeModel::Model>, llvm::CodeGenOptLevel, bool) const /usr/lib/llvm-20/include/llvm/MC/TargetRegistry.h:462:12
    #5 0x55ca9163a09e in tsc::TargetRegistry::initializeAllTargets() /workspace/src/TargetRegistry.cpp:67:41
    #6 0x55ca9162bdcd in tsc::Compiler::initializeLLVM() /workspace/src/Compiler.cpp:349:14
    #7 0x55ca9162b8b7 in tsc::Compiler::Compiler(tsc::CompilerOptions const&) /workspace/src/Compiler.cpp:24:5
    #8 0x55ca915fd7b5 in main /workspace/src/main.cpp:191:18
    #9 0x7ff5c395a337  (/lib/x86_64-linux-gnu/libc.so.6+0x2a337) (BuildId: 467f544f15035abef911999cbc14489edd0555ab)
    #10 0x7ff5c395a3fa in __libc_start_main (/lib/x86_64-linux-gnu/libc.so.6+0x2a3fa) (BuildId: 467f544f15035abef911999cbc14489edd0555ab)
    #11 0x55ca91511b64 in _start (/workspace/build-asan/tsc+0x74b64) (BuildId: 73a10d7cc646a755f705b0ae57418e68578aec2f)

Indirect leak of 20 byte(s) in 1 object(s) allocated from:
    #0 0x55ca915fa191 in operator new(unsigned long) (/workspace/build-asan/tsc+0x15d191) (BuildId: 73a10d7cc646a755f705b0ae57418e68578aec2f)
    #1 0x7ff5c6801cf4 in llvm::MCSubtargetInfo::MCSubtargetInfo(llvm::Triple const&, llvm::StringRef, llvm::StringRef, llvm::StringRef, llvm::ArrayRef<llvm::StringRef>, llvm::ArrayRef<llvm::SubtargetFeatureKV>, llvm::ArrayRef<llvm::SubtargetSubTypeKV>, llvm::MCWriteProcResEntry const*, llvm::MCWriteLatencyEntry const*, llvm::MCReadAdvanceEntry const*, llvm::InstrStage const*, unsigned int const*, unsigned int const*) (/usr/lib/llvm-20/lib/libLLVM.so.20.1+0x28e5cf4) (BuildId: b856c61f98abf0989f157f153740fe0fadfbb760)
    #2 0x7ff5c5590c22 in llvm::TargetSubtargetInfo::TargetSubtargetInfo(llvm::Triple const&, llvm::StringRef, llvm::StringRef, llvm::StringRef, llvm::ArrayRef<llvm::StringRef>, llvm::ArrayRef<llvm::SubtargetFeatureKV>, llvm::ArrayRef<llvm::SubtargetSubTypeKV>, llvm::MCWriteProcResEntry const*, llvm::MCWriteLatencyEntry const*, llvm::MCReadAdvanceEntry const*, llvm::InstrStage const*, unsigned int const*, unsigned int const*) (/usr/lib/llvm-20/lib/libLLVM.so.20.1+0x1674c22) (BuildId: b856c61f98abf0989f157f153740fe0fadfbb760)
    #3 0x7ff5c8456242  (/usr/lib/llvm-20/lib/libLLVM.so.20.1+0x453a242) (BuildId: b856c61f98abf0989f157f153740fe0fadfbb760)
    #4 0x7ff5c8457105  (/usr/lib/llvm-20/lib/libLLVM.so.20.1+0x453b105) (BuildId: b856c61f98abf0989f157f153740fe0fadfbb760)
    #5 0x7ff5c8457a7a  (/usr/lib/llvm-20/lib/libLLVM.so.20.1+0x453ba7a) (BuildId: b856c61f98abf0989f157f153740fe0fadfbb760)
    #6 0x55ca91648523 in llvm::Target::createTargetMachine(llvm::StringRef, llvm::StringRef, llvm::StringRef, llvm::TargetOptions const&, std::optional<llvm::Reloc::Model>, std::optional<llvm::CodeModel::Model>, llvm::CodeGenOptLevel, bool) const /usr/lib/llvm-20/include/llvm/MC/TargetRegistry.h:462:12
    #7 0x55ca9163a09e in tsc::TargetRegistry::initializeAllTargets() /workspace/src/TargetRegistry.cpp:67:41
    #8 0x55ca9162bdcd in tsc::Compiler::initializeLLVM() /workspace/src/Compiler.cpp:349:14
    #9 0x55ca9162b8b7 in tsc::Compiler::Compiler(tsc::CompilerOptions const&) /workspace/src/Compiler.cpp:24:5
    #10 0x55ca915fd7b5 in main /workspace/src/main.cpp:191:18
    #11 0x7ff5c395a337  (/lib/x86_64-linux-gnu/libc.so.6+0x2a337) (BuildId: 467f544f15035abef911999cbc14489edd0555ab)
    #12 0x7ff5c395a3fa in __libc_start_main (/lib/x86_64-linux-gnu/libc.so.6+0x2a3fa) (BuildId: 467f544f15035abef911999cbc14489edd0555ab)
    #13 0x55ca91511b64 in _start (/workspace/build-asan/tsc+0x74b64) (BuildId: 73a10d7cc646a755f705b0ae57418e68578aec2f)

Indirect leak of 20 byte(s) in 1 object(s) allocated from:
    #0 0x55ca915fa191 in operator new(unsigned long) (/workspace/build-asan/tsc+0x15d191) (BuildId: 73a10d7cc646a755f705b0ae57418e68578aec2f)
    #1 0x7ff5c6ef4944 in llvm::TargetMachine::TargetMachine(llvm::Target const&, llvm::StringRef, llvm::Triple const&, llvm::StringRef, llvm::StringRef, llvm::TargetOptions const&) (/usr/lib/llvm-20/lib/libLLVM.so.20.1+0x2fd8944) (BuildId: b856c61f98abf0989f157f153740fe0fadfbb760)
    #2 0x7ff5c52d0937 in llvm::CodeGenTargetMachineImpl::CodeGenTargetMachineImpl(llvm::Target const&, llvm::StringRef, llvm::Triple const&, llvm::StringRef, llvm::StringRef, llvm::TargetOptions const&, llvm::Reloc::Model, llvm::CodeModel::Model, llvm::CodeGenOptLevel) (/usr/lib/llvm-20/lib/libLLVM.so.20.1+0x13b4937) (BuildId: b856c61f98abf0989f157f153740fe0fadfbb760)
    #3 0x7ff5c8457086  (/usr/lib/llvm-20/lib/libLLVM.so.20.1+0x453b086) (BuildId: b856c61f98abf0989f157f153740fe0fadfbb760)
    #4 0x7ff5c8457a7a  (/usr/lib/llvm-20/lib/libLLVM.so.20.1+0x453ba7a) (BuildId: b856c61f98abf0989f157f153740fe0fadfbb760)
    #5 0x55ca91648523 in llvm::Target::createTargetMachine(llvm::StringRef, llvm::StringRef, llvm::StringRef, llvm::TargetOptions const&, std::optional<llvm::Reloc::Model>, std::optional<llvm::CodeModel::Model>, llvm::CodeGenOptLevel, bool) const /usr/lib/llvm-20/include/llvm/MC/TargetRegistry.h:462:12
    #6 0x55ca9163a09e in tsc::TargetRegistry::initializeAllTargets() /workspace/src/TargetRegistry.cpp:67:41
    #7 0x55ca9162bdcd in tsc::Compiler::initializeLLVM() /workspace/src/Compiler.cpp:349:14
    #8 0x55ca9162b8b7 in tsc::Compiler::Compiler(tsc::CompilerOptions const&) /workspace/src/Compiler.cpp:24:5
    #9 0x55ca915fd7b5 in main /workspace/src/main.cpp:191:18
    #10 0x7ff5c395a337  (/lib/x86_64-linux-gnu/libc.so.6+0x2a337) (BuildId: 467f544f15035abef911999cbc14489edd0555ab)
    #11 0x7ff5c395a3fa in __libc_start_main (/lib/x86_64-linux-gnu/libc.so.6+0x2a3fa) (BuildId: 467f544f15035abef911999cbc14489edd0555ab)
    #12 0x55ca91511b64 in _start (/workspace/build-asan/tsc+0x74b64) (BuildId: 73a10d7cc646a755f705b0ae57418e68578aec2f)

Indirect leak of 20 byte(s) in 1 object(s) allocated from:
    #0 0x55ca915fa191 in operator new(unsigned long) (/workspace/build-asan/tsc+0x15d191) (BuildId: 73a10d7cc646a755f705b0ae57418e68578aec2f)
    #1 0x7ff5c6801cf4 in llvm::MCSubtargetInfo::MCSubtargetInfo(llvm::Triple const&, llvm::StringRef, llvm::StringRef, llvm::StringRef, llvm::ArrayRef<llvm::StringRef>, llvm::ArrayRef<llvm::SubtargetFeatureKV>, llvm::ArrayRef<llvm::SubtargetSubTypeKV>, llvm::MCWriteProcResEntry const*, llvm::MCWriteLatencyEntry const*, llvm::MCReadAdvanceEntry const*, llvm::InstrStage const*, unsigned int const*, unsigned int const*) (/usr/lib/llvm-20/lib/libLLVM.so.20.1+0x28e5cf4) (BuildId: b856c61f98abf0989f157f153740fe0fadfbb760)
    #2 0x7ff5c848bb08  (/usr/lib/llvm-20/lib/libLLVM.so.20.1+0x456fb08) (BuildId: b856c61f98abf0989f157f153740fe0fadfbb760)
    #3 0x7ff5c52d0793 in llvm::CodeGenTargetMachineImpl::initAsmInfo() (/usr/lib/llvm-20/lib/libLLVM.so.20.1+0x13b4793) (BuildId: b856c61f98abf0989f157f153740fe0fadfbb760)
    #4 0x7ff5c84822a4  (/usr/lib/llvm-20/lib/libLLVM.so.20.1+0x45662a4) (BuildId: b856c61f98abf0989f157f153740fe0fadfbb760)
    #5 0x7ff5c8482b05  (/usr/lib/llvm-20/lib/libLLVM.so.20.1+0x4566b05) (BuildId: b856c61f98abf0989f157f153740fe0fadfbb760)
    #6 0x55ca91648523 in llvm::Target::createTargetMachine(llvm::StringRef, llvm::StringRef, llvm::StringRef, llvm::TargetOptions const&, std::optional<llvm::Reloc::Model>, std::optional<llvm::CodeModel::Model>, llvm::CodeGenOptLevel, bool) const /usr/lib/llvm-20/include/llvm/MC/TargetRegistry.h:462:12
    #7 0x55ca9163a09e in tsc::TargetRegistry::initializeAllTargets() /workspace/src/TargetRegistry.cpp:67:41
    #8 0x55ca9162bdcd in tsc::Compiler::initializeLLVM() /workspace/src/Compiler.cpp:349:14
    #9 0x55ca9162b8b7 in tsc::Compiler::Compiler(tsc::CompilerOptions const&) /workspace/src/Compiler.cpp:24:5
    #10 0x55ca915fd7b5 in main /workspace/src/main.cpp:191:18
    #11 0x7ff5c395a337  (/lib/x86_64-linux-gnu/libc.so.6+0x2a337) (BuildId: 467f544f15035abef911999cbc14489edd0555ab)
    #12 0x7ff5c395a3fa in __libc_start_main (/lib/x86_64-linux-gnu/libc.so.6+0x2a3fa) (BuildId: 467f544f15035abef911999cbc14489edd0555ab)
    #13 0x55ca91511b64 in _start (/workspace/build-asan/tsc+0x74b64) (BuildId: 73a10d7cc646a755f705b0ae57418e68578aec2f)

Indirect leak of 20 byte(s) in 1 object(s) allocated from:
    #0 0x55ca915fa191 in operator new(unsigned long) (/workspace/build-asan/tsc+0x15d191) (BuildId: 73a10d7cc646a755f705b0ae57418e68578aec2f)
    #1 0x7ff5c6ef4944 in llvm::TargetMachine::TargetMachine(llvm::Target const&, llvm::StringRef, llvm::Triple const&, llvm::StringRef, llvm::StringRef, llvm::TargetOptions const&) (/usr/lib/llvm-20/lib/libLLVM.so.20.1+0x2fd8944) (BuildId: b856c61f98abf0989f157f153740fe0fadfbb760)
    #2 0x7ff5c52d0937 in llvm::CodeGenTargetMachineImpl::CodeGenTargetMachineImpl(llvm::Target const&, llvm::StringRef, llvm::Triple const&, llvm::StringRef, llvm::StringRef, llvm::TargetOptions const&, llvm::Reloc::Model, llvm::CodeModel::Model, llvm::CodeGenOptLevel) (/usr/lib/llvm-20/lib/libLLVM.so.20.1+0x13b4937) (BuildId: b856c61f98abf0989f157f153740fe0fadfbb760)
    #3 0x7ff5c8482242  (/usr/lib/llvm-20/lib/libLLVM.so.20.1+0x4566242) (BuildId: b856c61f98abf0989f157f153740fe0fadfbb760)
    #4 0x7ff5c8482b05  (/usr/lib/llvm-20/lib/libLLVM.so.20.1+0x4566b05) (BuildId: b856c61f98abf0989f157f153740fe0fadfbb760)
    #5 0x55ca91648523 in llvm::Target::createTargetMachine(llvm::StringRef, llvm::StringRef, llvm::StringRef, llvm::TargetOptions const&, std::optional<llvm::Reloc::Model>, std::optional<llvm::CodeModel::Model>, llvm::CodeGenOptLevel, bool) const /usr/lib/llvm-20/include/llvm/MC/TargetRegistry.h:462:12
    #6 0x55ca9163a09e in tsc::TargetRegistry::initializeAllTargets() /workspace/src/TargetRegistry.cpp:67:41
    #7 0x55ca9162bdcd in tsc::Compiler::initializeLLVM() /workspace/src/Compiler.cpp:349:14
    #8 0x55ca9162b8b7 in tsc::Compiler::Compiler(tsc::CompilerOptions const&) /workspace/src/Compiler.cpp:24:5
    #9 0x55ca915fd7b5 in main /workspace/src/main.cpp:191:18
    #10 0x7ff5c395a337  (/lib/x86_64-linux-gnu/libc.so.6+0x2a337) (BuildId: 467f544f15035abef911999cbc14489edd0555ab)
    #11 0x7ff5c395a3fa in __libc_start_main (/lib/x86_64-linux-gnu/libc.so.6+0x2a3fa) (BuildId: 467f544f15035abef911999cbc14489edd0555ab)
    #12 0x55ca91511b64 in _start (/workspace/build-asan/tsc+0x74b64) (BuildId: 73a10d7cc646a755f705b0ae57418e68578aec2f)

Indirect leak of 20 byte(s) in 1 object(s) allocated from:
    #0 0x55ca915fa191 in operator new(unsigned long) (/workspace/build-asan/tsc+0x15d191) (BuildId: 73a10d7cc646a755f705b0ae57418e68578aec2f)
    #1 0x7ff5c6801cf4 in llvm::MCSubtargetInfo::MCSubtargetInfo(llvm::Triple const&, llvm::StringRef, llvm::StringRef, llvm::StringRef, llvm::ArrayRef<llvm::StringRef>, llvm::ArrayRef<llvm::SubtargetFeatureKV>, llvm::ArrayRef<llvm::SubtargetSubTypeKV>, llvm::MCWriteProcResEntry const*, llvm::MCWriteLatencyEntry const*, llvm::MCReadAdvanceEntry const*, llvm::InstrStage const*, unsigned int const*, unsigned int const*) (/usr/lib/llvm-20/lib/libLLVM.so.20.1+0x28e5cf4) (BuildId: b856c61f98abf0989f157f153740fe0fadfbb760)
    #2 0x7ff5c719b51f  (/usr/lib/llvm-20/lib/libLLVM.so.20.1+0x327f51f) (BuildId: b856c61f98abf0989f157f153740fe0fadfbb760)
    #3 0x7ff5c52d0793 in llvm::CodeGenTargetMachineImpl::initAsmInfo() (/usr/lib/llvm-20/lib/libLLVM.so.20.1+0x13b4793) (BuildId: b856c61f98abf0989f157f153740fe0fadfbb760)
    #4 0x7ff5c70ed3c9  (/usr/lib/llvm-20/lib/libLLVM.so.20.1+0x31d13c9) (BuildId: b856c61f98abf0989f157f153740fe0fadfbb760)
    #5 0x7ff5c70efddc  (/usr/lib/llvm-20/lib/libLLVM.so.20.1+0x31d3ddc) (BuildId: b856c61f98abf0989f157f153740fe0fadfbb760)
    #6 0x55ca91648523 in llvm::Target::createTargetMachine(llvm::StringRef, llvm::StringRef, llvm::StringRef, llvm::TargetOptions const&, std::optional<llvm::Reloc::Model>, std::optional<llvm::CodeModel::Model>, llvm::CodeGenOptLevel, bool) const /usr/lib/llvm-20/include/llvm/MC/TargetRegistry.h:462:12
    #7 0x55ca9163a09e in tsc::TargetRegistry::initializeAllTargets() /workspace/src/TargetRegistry.cpp:67:41
    #8 0x55ca9162bdcd in tsc::Compiler::initializeLLVM() /workspace/src/Compiler.cpp:349:14
    #9 0x55ca9162b8b7 in tsc::Compiler::Compiler(tsc::CompilerOptions const&) /workspace/src/Compiler.cpp:24:5
    #10 0x55ca915fd7b5 in main /workspace/src/main.cpp:191:18
    #11 0x7ff5c395a337  (/lib/x86_64-linux-gnu/libc.so.6+0x2a337) (BuildId: 467f544f15035abef911999cbc14489edd0555ab)
    #12 0x7ff5c395a3fa in __libc_start_main (/lib/x86_64-linux-gnu/libc.so.6+0x2a3fa) (BuildId: 467f544f15035abef911999cbc14489edd0555ab)
    #13 0x55ca91511b64 in _start (/workspace/build-asan/tsc+0x74b64) (BuildId: 73a10d7cc646a755f705b0ae57418e68578aec2f)

Indirect leak of 20 byte(s) in 1 object(s) allocated from:
    #0 0x55ca915fa191 in operator new(unsigned long) (/workspace/build-asan/tsc+0x15d191) (BuildId: 73a10d7cc646a755f705b0ae57418e68578aec2f)
    #1 0x7ff5c6ef4944 in llvm::TargetMachine::TargetMachine(llvm::Target const&, llvm::StringRef, llvm::Triple const&, llvm::StringRef, llvm::StringRef, llvm::TargetOptions const&) (/usr/lib/llvm-20/lib/libLLVM.so.20.1+0x2fd8944) (BuildId: b856c61f98abf0989f157f153740fe0fadfbb760)
    #2 0x7ff5c52d0937 in llvm::CodeGenTargetMachineImpl::CodeGenTargetMachineImpl(llvm::Target const&, llvm::StringRef, llvm::Triple const&, llvm::StringRef, llvm::StringRef, llvm::TargetOptions const&, llvm::Reloc::Model, llvm::CodeModel::Model, llvm::CodeGenOptLevel) (/usr/lib/llvm-20/lib/libLLVM.so.20.1+0x13b4937) (BuildId: b856c61f98abf0989f157f153740fe0fadfbb760)
    #3 0x7ff5c70ed2b8  (/usr/lib/llvm-20/lib/libLLVM.so.20.1+0x31d12b8) (BuildId: b856c61f98abf0989f157f153740fe0fadfbb760)
    #4 0x7ff5c70efddc  (/usr/lib/llvm-20/lib/libLLVM.so.20.1+0x31d3ddc) (BuildId: b856c61f98abf0989f157f153740fe0fadfbb760)
    #5 0x55ca91648523 in llvm::Target::createTargetMachine(llvm::StringRef, llvm::StringRef, llvm::StringRef, llvm::TargetOptions const&, std::optional<llvm::Reloc::Model>, std::optional<llvm::CodeModel::Model>, llvm::CodeGenOptLevel, bool) const /usr/lib/llvm-20/include/llvm/MC/TargetRegistry.h:462:12
    #6 0x55ca9163a09e in tsc::TargetRegistry::initializeAllTargets() /workspace/src/TargetRegistry.cpp:67:41
    #7 0x55ca9162bdcd in tsc::Compiler::initializeLLVM() /workspace/src/Compiler.cpp:349:14
    #8 0x55ca9162b8b7 in tsc::Compiler::Compiler(tsc::CompilerOptions const&) /workspace/src/Compiler.cpp:24:5
    #9 0x55ca915fd7b5 in main /workspace/src/main.cpp:191:18
    #10 0x7ff5c395a337  (/lib/x86_64-linux-gnu/libc.so.6+0x2a337) (BuildId: 467f544f15035abef911999cbc14489edd0555ab)
    #11 0x7ff5c395a3fa in __libc_start_main (/lib/x86_64-linux-gnu/libc.so.6+0x2a3fa) (BuildId: 467f544f15035abef911999cbc14489edd0555ab)
    #12 0x55ca91511b64 in _start (/workspace/build-asan/tsc+0x74b64) (BuildId: 73a10d7cc646a755f705b0ae57418e68578aec2f)

Indirect leak of 20 byte(s) in 1 object(s) allocated from:
    #0 0x55ca915fa191 in operator new(unsigned long) (/workspace/build-asan/tsc+0x15d191) (BuildId: 73a10d7cc646a755f705b0ae57418e68578aec2f)
    #1 0x7ff5c6801cf4 in llvm::MCSubtargetInfo::MCSubtargetInfo(llvm::Triple const&, llvm::StringRef, llvm::StringRef, llvm::StringRef, llvm::ArrayRef<llvm::StringRef>, llvm::ArrayRef<llvm::SubtargetFeatureKV>, llvm::ArrayRef<llvm::SubtargetSubTypeKV>, llvm::MCWriteProcResEntry const*, llvm::MCWriteLatencyEntry const*, llvm::MCReadAdvanceEntry const*, llvm::InstrStage const*, unsigned int const*, unsigned int const*) (/usr/lib/llvm-20/lib/libLLVM.so.20.1+0x28e5cf4) (BuildId: b856c61f98abf0989f157f153740fe0fadfbb760)
    #2 0x7ff5c763c641  (/usr/lib/llvm-20/lib/libLLVM.so.20.1+0x3720641) (BuildId: b856c61f98abf0989f157f153740fe0fadfbb760)
    #3 0x7ff5c52d0793 in llvm::CodeGenTargetMachineImpl::initAsmInfo() (/usr/lib/llvm-20/lib/libLLVM.so.20.1+0x13b4793) (BuildId: b856c61f98abf0989f157f153740fe0fadfbb760)
    #4 0x7ff5c733201a  (/usr/lib/llvm-20/lib/libLLVM.so.20.1+0x341601a) (BuildId: b856c61f98abf0989f157f153740fe0fadfbb760)
    #5 0x7ff5c73e5e9c  (/usr/lib/llvm-20/lib/libLLVM.so.20.1+0x34c9e9c) (BuildId: b856c61f98abf0989f157f153740fe0fadfbb760)
    #6 0x7ff5c73471fd  (/usr/lib/llvm-20/lib/libLLVM.so.20.1+0x342b1fd) (BuildId: b856c61f98abf0989f157f153740fe0fadfbb760)
    #7 0x55ca91648523 in llvm::Target::createTargetMachine(llvm::StringRef, llvm::StringRef, llvm::StringRef, llvm::TargetOptions const&, std::optional<llvm::Reloc::Model>, std::optional<llvm::CodeModel::Model>, llvm::CodeGenOptLevel, bool) const /usr/lib/llvm-20/include/llvm/MC/TargetRegistry.h:462:12
    #8 0x55ca9163a09e in tsc::TargetRegistry::initializeAllTargets() /workspace/src/TargetRegistry.cpp:67:41
    #9 0x55ca9162bdcd in tsc::Compiler::initializeLLVM() /workspace/src/Compiler.cpp:349:14
    #10 0x55ca9162b8b7 in tsc::Compiler::Compiler(tsc::CompilerOptions const&) /workspace/src/Compiler.cpp:24:5
    #11 0x55ca915fd7b5 in main /workspace/src/main.cpp:191:18
    #12 0x7ff5c395a337  (/lib/x86_64-linux-gnu/libc.so.6+0x2a337) (BuildId: 467f544f15035abef911999cbc14489edd0555ab)
    #13 0x7ff5c395a3fa in __libc_start_main (/lib/x86_64-linux-gnu/libc.so.6+0x2a3fa) (BuildId: 467f544f15035abef911999cbc14489edd0555ab)
    #14 0x55ca91511b64 in _start (/workspace/build-asan/tsc+0x74b64) (BuildId: 73a10d7cc646a755f705b0ae57418e68578aec2f)

Indirect leak of 20 byte(s) in 1 object(s) allocated from:
    #0 0x55ca915fa191 in operator new(unsigned long) (/workspace/build-asan/tsc+0x15d191) (BuildId: 73a10d7cc646a755f705b0ae57418e68578aec2f)
    #1 0x7ff5c6ef4944 in llvm::TargetMachine::TargetMachine(llvm::Target const&, llvm::StringRef, llvm::Triple const&, llvm::StringRef, llvm::StringRef, llvm::TargetOptions const&) (/usr/lib/llvm-20/lib/libLLVM.so.20.1+0x2fd8944) (BuildId: b856c61f98abf0989f157f153740fe0fadfbb760)
    #2 0x7ff5c52d0937 in llvm::CodeGenTargetMachineImpl::CodeGenTargetMachineImpl(llvm::Target const&, llvm::StringRef, llvm::Triple const&, llvm::StringRef, llvm::StringRef, llvm::TargetOptions const&, llvm::Reloc::Model, llvm::CodeModel::Model, llvm::CodeGenOptLevel) (/usr/lib/llvm-20/lib/libLLVM.so.20.1+0x13b4937) (BuildId: b856c61f98abf0989f157f153740fe0fadfbb760)
    #3 0x7ff5c7331fcf  (/usr/lib/llvm-20/lib/libLLVM.so.20.1+0x3415fcf) (BuildId: b856c61f98abf0989f157f153740fe0fadfbb760)
    #4 0x7ff5c73e5e9c  (/usr/lib/llvm-20/lib/libLLVM.so.20.1+0x34c9e9c) (BuildId: b856c61f98abf0989f157f153740fe0fadfbb760)
    #5 0x7ff5c73471fd  (/usr/lib/llvm-20/lib/libLLVM.so.20.1+0x342b1fd) (BuildId: b856c61f98abf0989f157f153740fe0fadfbb760)
    #6 0x55ca91648523 in llvm::Target::createTargetMachine(llvm::StringRef, llvm::StringRef, llvm::StringRef, llvm::TargetOptions const&, std::optional<llvm::Reloc::Model>, std::optional<llvm::CodeModel::Model>, llvm::CodeGenOptLevel, bool) const /usr/lib/llvm-20/include/llvm/MC/TargetRegistry.h:462:12
    #7 0x55ca9163a09e in tsc::TargetRegistry::initializeAllTargets() /workspace/src/TargetRegistry.cpp:67:41
    #8 0x55ca9162bdcd in tsc::Compiler::initializeLLVM() /workspace/src/Compiler.cpp:349:14
    #9 0x55ca9162b8b7 in tsc::Compiler::Compiler(tsc::CompilerOptions const&) /workspace/src/Compiler.cpp:24:5
    #10 0x55ca915fd7b5 in main /workspace/src/main.cpp:191:18
    #11 0x7ff5c395a337  (/lib/x86_64-linux-gnu/libc.so.6+0x2a337) (BuildId: 467f544f15035abef911999cbc14489edd0555ab)
    #12 0x7ff5c395a3fa in __libc_start_main (/lib/x86_64-linux-gnu/libc.so.6+0x2a3fa) (BuildId: 467f544f15035abef911999cbc14489edd0555ab)
    #13 0x55ca91511b64 in _start (/workspace/build-asan/tsc+0x74b64) (BuildId: 73a10d7cc646a755f705b0ae57418e68578aec2f)

Indirect leak of 20 byte(s) in 1 object(s) allocated from:
    #0 0x55ca915fa191 in operator new(unsigned long) (/workspace/build-asan/tsc+0x15d191) (BuildId: 73a10d7cc646a755f705b0ae57418e68578aec2f)
    #1 0x7ff5c6801cf4 in llvm::MCSubtargetInfo::MCSubtargetInfo(llvm::Triple const&, llvm::StringRef, llvm::StringRef, llvm::StringRef, llvm::ArrayRef<llvm::StringRef>, llvm::ArrayRef<llvm::SubtargetFeatureKV>, llvm::ArrayRef<llvm::SubtargetSubTypeKV>, llvm::MCWriteProcResEntry const*, llvm::MCWriteLatencyEntry const*, llvm::MCReadAdvanceEntry const*, llvm::InstrStage const*, unsigned int const*, unsigned int const*) (/usr/lib/llvm-20/lib/libLLVM.so.20.1+0x28e5cf4) (BuildId: b856c61f98abf0989f157f153740fe0fadfbb760)
    #2 0x7ff5c763c641  (/usr/lib/llvm-20/lib/libLLVM.so.20.1+0x3720641) (BuildId: b856c61f98abf0989f157f153740fe0fadfbb760)
    #3 0x7ff5c52d0793 in llvm::CodeGenTargetMachineImpl::initAsmInfo() (/usr/lib/llvm-20/lib/libLLVM.so.20.1+0x13b4793) (BuildId: b856c61f98abf0989f157f153740fe0fadfbb760)
    #4 0x7ff5c733201a  (/usr/lib/llvm-20/lib/libLLVM.so.20.1+0x341601a) (BuildId: b856c61f98abf0989f157f153740fe0fadfbb760)
    #5 0x7ff5c734729c  (/usr/lib/llvm-20/lib/libLLVM.so.20.1+0x342b29c) (BuildId: b856c61f98abf0989f157f153740fe0fadfbb760)
    #6 0x55ca91648523 in llvm::Target::createTargetMachine(llvm::StringRef, llvm::StringRef, llvm::StringRef, llvm::TargetOptions const&, std::optional<llvm::Reloc::Model>, std::optional<llvm::CodeModel::Model>, llvm::CodeGenOptLevel, bool) const /usr/lib/llvm-20/include/llvm/MC/TargetRegistry.h:462:12
    #7 0x55ca9163a09e in tsc::TargetRegistry::initializeAllTargets() /workspace/src/TargetRegistry.cpp:67:41
    #8 0x55ca9162bdcd in tsc::Compiler::initializeLLVM() /workspace/src/Compiler.cpp:349:14
    #9 0x55ca9162b8b7 in tsc::Compiler::Compiler(tsc::CompilerOptions const&) /workspace/src/Compiler.cpp:24:5
    #10 0x55ca915fd7b5 in main /workspace/src/main.cpp:191:18
    #11 0x7ff5c395a337  (/lib/x86_64-linux-gnu/libc.so.6+0x2a337) (BuildId: 467f544f15035abef911999cbc14489edd0555ab)
    #12 0x7ff5c395a3fa in __libc_start_main (/lib/x86_64-linux-gnu/libc.so.6+0x2a3fa) (BuildId: 467f544f15035abef911999cbc14489edd0555ab)
    #13 0x55ca91511b64 in _start (/workspace/build-asan/tsc+0x74b64) (BuildId: 73a10d7cc646a755f705b0ae57418e68578aec2f)

Indirect leak of 20 byte(s) in 1 object(s) allocated from:
    #0 0x55ca915fa191 in operator new(unsigned long) (/workspace/build-asan/tsc+0x15d191) (BuildId: 73a10d7cc646a755f705b0ae57418e68578aec2f)
    #1 0x7ff5c6ef4944 in llvm::TargetMachine::TargetMachine(llvm::Target const&, llvm::StringRef, llvm::Triple const&, llvm::StringRef, llvm::StringRef, llvm::TargetOptions const&) (/usr/lib/llvm-20/lib/libLLVM.so.20.1+0x2fd8944) (BuildId: b856c61f98abf0989f157f153740fe0fadfbb760)
    #2 0x7ff5c52d0937 in llvm::CodeGenTargetMachineImpl::CodeGenTargetMachineImpl(llvm::Target const&, llvm::StringRef, llvm::Triple const&, llvm::StringRef, llvm::StringRef, llvm::TargetOptions const&, llvm::Reloc::Model, llvm::CodeModel::Model, llvm::CodeGenOptLevel) (/usr/lib/llvm-20/lib/libLLVM.so.20.1+0x13b4937) (BuildId: b856c61f98abf0989f157f153740fe0fadfbb760)
    #3 0x7ff5c7331fcf  (/usr/lib/llvm-20/lib/libLLVM.so.20.1+0x3415fcf) (BuildId: b856c61f98abf0989f157f153740fe0fadfbb760)
    #4 0x7ff5c734729c  (/usr/lib/llvm-20/lib/libLLVM.so.20.1+0x342b29c) (BuildId: b856c61f98abf0989f157f153740fe0fadfbb760)
    #5 0x55ca91648523 in llvm::Target::createTargetMachine(llvm::StringRef, llvm::StringRef, llvm::StringRef, llvm::TargetOptions const&, std::optional<llvm::Reloc::Model>, std::optional<llvm::CodeModel::Model>, llvm::CodeGenOptLevel, bool) const /usr/lib/llvm-20/include/llvm/MC/TargetRegistry.h:462:12
    #6 0x55ca9163a09e in tsc::TargetRegistry::initializeAllTargets() /workspace/src/TargetRegistry.cpp:67:41
    #7 0x55ca9162bdcd in tsc::Compiler::initializeLLVM() /workspace/src/Compiler.cpp:349:14
    #8 0x55ca9162b8b7 in tsc::Compiler::Compiler(tsc::CompilerOptions const&) /workspace/src/Compiler.cpp:24:5
    #9 0x55ca915fd7b5 in main /workspace/src/main.cpp:191:18
    #10 0x7ff5c395a337  (/lib/x86_64-linux-gnu/libc.so.6+0x2a337) (BuildId: 467f544f15035abef911999cbc14489edd0555ab)
    #11 0x7ff5c395a3fa in __libc_start_main (/lib/x86_64-linux-gnu/libc.so.6+0x2a3fa) (BuildId: 467f544f15035abef911999cbc14489edd0555ab)
    #12 0x55ca91511b64 in _start (/workspace/build-asan/tsc+0x74b64) (BuildId: 73a10d7cc646a755f705b0ae57418e68578aec2f)

Indirect leak of 20 byte(s) in 1 object(s) allocated from:
    #0 0x55ca915fa191 in operator new(unsigned long) (/workspace/build-asan/tsc+0x15d191) (BuildId: 73a10d7cc646a755f705b0ae57418e68578aec2f)
    #1 0x7ff5c6801cf4 in llvm::MCSubtargetInfo::MCSubtargetInfo(llvm::Triple const&, llvm::StringRef, llvm::StringRef, llvm::StringRef, llvm::ArrayRef<llvm::StringRef>, llvm::ArrayRef<llvm::SubtargetFeatureKV>, llvm::ArrayRef<llvm::SubtargetSubTypeKV>, llvm::MCWriteProcResEntry const*, llvm::MCWriteLatencyEntry const*, llvm::MCReadAdvanceEntry const*, llvm::InstrStage const*, unsigned int const*, unsigned int const*) (/usr/lib/llvm-20/lib/libLLVM.so.20.1+0x28e5cf4) (BuildId: b856c61f98abf0989f157f153740fe0fadfbb760)
    #2 0x7ff5c7884fe8  (/usr/lib/llvm-20/lib/libLLVM.so.20.1+0x3968fe8) (BuildId: b856c61f98abf0989f157f153740fe0fadfbb760)
    #3 0x7ff5c52d0793 in llvm::CodeGenTargetMachineImpl::initAsmInfo() (/usr/lib/llvm-20/lib/libLLVM.so.20.1+0x13b4793) (BuildId: b856c61f98abf0989f157f153740fe0fadfbb760)
    #4 0x7ff5c7878dae  (/usr/lib/llvm-20/lib/libLLVM.so.20.1+0x395cdae) (BuildId: b856c61f98abf0989f157f153740fe0fadfbb760)
    #5 0x7ff5c78792ea  (/usr/lib/llvm-20/lib/libLLVM.so.20.1+0x395d2ea) (BuildId: b856c61f98abf0989f157f153740fe0fadfbb760)
    #6 0x55ca91648523 in llvm::Target::createTargetMachine(llvm::StringRef, llvm::StringRef, llvm::StringRef, llvm::TargetOptions const&, std::optional<llvm::Reloc::Model>, std::optional<llvm::CodeModel::Model>, llvm::CodeGenOptLevel, bool) const /usr/lib/llvm-20/include/llvm/MC/TargetRegistry.h:462:12
    #7 0x55ca9163a09e in tsc::TargetRegistry::initializeAllTargets() /workspace/src/TargetRegistry.cpp:67:41
    #8 0x55ca9162bdcd in tsc::Compiler::initializeLLVM() /workspace/src/Compiler.cpp:349:14
    #9 0x55ca9162b8b7 in tsc::Compiler::Compiler(tsc::CompilerOptions const&) /workspace/src/Compiler.cpp:24:5
    #10 0x55ca915fd7b5 in main /workspace/src/main.cpp:191:18
    #11 0x7ff5c395a337  (/lib/x86_64-linux-gnu/libc.so.6+0x2a337) (BuildId: 467f544f15035abef911999cbc14489edd0555ab)
    #12 0x7ff5c395a3fa in __libc_start_main (/lib/x86_64-linux-gnu/libc.so.6+0x2a3fa) (BuildId: 467f544f15035abef911999cbc14489edd0555ab)
    #13 0x55ca91511b64 in _start (/workspace/build-asan/tsc+0x74b64) (BuildId: 73a10d7cc646a755f705b0ae57418e68578aec2f)

Indirect leak of 20 byte(s) in 1 object(s) allocated from:
    #0 0x55ca915fa191 in operator new(unsigned long) (/workspace/build-asan/tsc+0x15d191) (BuildId: 73a10d7cc646a755f705b0ae57418e68578aec2f)
    #1 0x7ff5c6801cf4 in llvm::MCSubtargetInfo::MCSubtargetInfo(llvm::Triple const&, llvm::StringRef, llvm::StringRef, llvm::StringRef, llvm::ArrayRef<llvm::StringRef>, llvm::ArrayRef<llvm::SubtargetFeatureKV>, llvm::ArrayRef<llvm::SubtargetSubTypeKV>, llvm::MCWriteProcResEntry const*, llvm::MCWriteLatencyEntry const*, llvm::MCReadAdvanceEntry const*, llvm::InstrStage const*, unsigned int const*, unsigned int const*) (/usr/lib/llvm-20/lib/libLLVM.so.20.1+0x28e5cf4) (BuildId: b856c61f98abf0989f157f153740fe0fadfbb760)
    #2 0x7ff5c5590c22 in llvm::TargetSubtargetInfo::TargetSubtargetInfo(llvm::Triple const&, llvm::StringRef, llvm::StringRef, llvm::StringRef, llvm::ArrayRef<llvm::StringRef>, llvm::ArrayRef<llvm::SubtargetFeatureKV>, llvm::ArrayRef<llvm::SubtargetSubTypeKV>, llvm::MCWriteProcResEntry const*, llvm::MCWriteLatencyEntry const*, llvm::MCReadAdvanceEntry const*, llvm::InstrStage const*, unsigned int const*, unsigned int const*) (/usr/lib/llvm-20/lib/libLLVM.so.20.1+0x1674c22) (BuildId: b856c61f98abf0989f157f153740fe0fadfbb760)
    #3 0x7ff5c787876a  (/usr/lib/llvm-20/lib/libLLVM.so.20.1+0x395c76a) (BuildId: b856c61f98abf0989f157f153740fe0fadfbb760)
    #4 0x7ff5c7878d2d  (/usr/lib/llvm-20/lib/libLLVM.so.20.1+0x395cd2d) (BuildId: b856c61f98abf0989f157f153740fe0fadfbb760)
    #5 0x7ff5c78792ea  (/usr/lib/llvm-20/lib/libLLVM.so.20.1+0x395d2ea) (BuildId: b856c61f98abf0989f157f153740fe0fadfbb760)
    #6 0x55ca91648523 in llvm::Target::createTargetMachine(llvm::StringRef, llvm::StringRef, llvm::StringRef, llvm::TargetOptions const&, std::optional<llvm::Reloc::Model>, std::optional<llvm::CodeModel::Model>, llvm::CodeGenOptLevel, bool) const /usr/lib/llvm-20/include/llvm/MC/TargetRegistry.h:462:12
    #7 0x55ca9163a09e in tsc::TargetRegistry::initializeAllTargets() /workspace/src/TargetRegistry.cpp:67:41
    #8 0x55ca9162bdcd in tsc::Compiler::initializeLLVM() /workspace/src/Compiler.cpp:349:14
    #9 0x55ca9162b8b7 in tsc::Compiler::Compiler(tsc::CompilerOptions const&) /workspace/src/Compiler.cpp:24:5
    #10 0x55ca915fd7b5 in main /workspace/src/main.cpp:191:18
    #11 0x7ff5c395a337  (/lib/x86_64-linux-gnu/libc.so.6+0x2a337) (BuildId: 467f544f15035abef911999cbc14489edd0555ab)
    #12 0x7ff5c395a3fa in __libc_start_main (/lib/x86_64-linux-gnu/libc.so.6+0x2a3fa) (BuildId: 467f544f15035abef911999cbc14489edd0555ab)
    #13 0x55ca91511b64 in _start (/workspace/build-asan/tsc+0x74b64) (BuildId: 73a10d7cc646a755f705b0ae57418e68578aec2f)

Indirect leak of 20 byte(s) in 1 object(s) allocated from:
    #0 0x55ca915fa191 in operator new(unsigned long) (/workspace/build-asan/tsc+0x15d191) (BuildId: 73a10d7cc646a755f705b0ae57418e68578aec2f)
    #1 0x7ff5c6ef4944 in llvm::TargetMachine::TargetMachine(llvm::Target const&, llvm::StringRef, llvm::Triple const&, llvm::StringRef, llvm::StringRef, llvm::TargetOptions const&) (/usr/lib/llvm-20/lib/libLLVM.so.20.1+0x2fd8944) (BuildId: b856c61f98abf0989f157f153740fe0fadfbb760)
    #2 0x7ff5c52d0937 in llvm::CodeGenTargetMachineImpl::CodeGenTargetMachineImpl(llvm::Target const&, llvm::StringRef, llvm::Triple const&, llvm::StringRef, llvm::StringRef, llvm::TargetOptions const&, llvm::Reloc::Model, llvm::CodeModel::Model, llvm::CodeGenOptLevel) (/usr/lib/llvm-20/lib/libLLVM.so.20.1+0x13b4937) (BuildId: b856c61f98abf0989f157f153740fe0fadfbb760)
    #3 0x7ff5c7878b84  (/usr/lib/llvm-20/lib/libLLVM.so.20.1+0x395cb84) (BuildId: b856c61f98abf0989f157f153740fe0fadfbb760)
    #4 0x7ff5c78792ea  (/usr/lib/llvm-20/lib/libLLVM.so.20.1+0x395d2ea) (BuildId: b856c61f98abf0989f157f153740fe0fadfbb760)
    #5 0x55ca91648523 in llvm::Target::createTargetMachine(llvm::StringRef, llvm::StringRef, llvm::StringRef, llvm::TargetOptions const&, std::optional<llvm::Reloc::Model>, std::optional<llvm::CodeModel::Model>, llvm::CodeGenOptLevel, bool) const /usr/lib/llvm-20/include/llvm/MC/TargetRegistry.h:462:12
    #6 0x55ca9163a09e in tsc::TargetRegistry::initializeAllTargets() /workspace/src/TargetRegistry.cpp:67:41
    #7 0x55ca9162bdcd in tsc::Compiler::initializeLLVM() /workspace/src/Compiler.cpp:349:14
    #8 0x55ca9162b8b7 in tsc::Compiler::Compiler(tsc::CompilerOptions const&) /workspace/src/Compiler.cpp:24:5
    #9 0x55ca915fd7b5 in main /workspace/src/main.cpp:191:18
    #10 0x7ff5c395a337  (/lib/x86_64-linux-gnu/libc.so.6+0x2a337) (BuildId: 467f544f15035abef911999cbc14489edd0555ab)
    #11 0x7ff5c395a3fa in __libc_start_main (/lib/x86_64-linux-gnu/libc.so.6+0x2a3fa) (BuildId: 467f544f15035abef911999cbc14489edd0555ab)
    #12 0x55ca91511b64 in _start (/workspace/build-asan/tsc+0x74b64) (BuildId: 73a10d7cc646a755f705b0ae57418e68578aec2f)

Indirect leak of 20 byte(s) in 1 object(s) allocated from:
    #0 0x55ca915fa191 in operator new(unsigned long) (/workspace/build-asan/tsc+0x15d191) (BuildId: 73a10d7cc646a755f705b0ae57418e68578aec2f)
    #1 0x7ff5c6801cf4 in llvm::MCSubtargetInfo::MCSubtargetInfo(llvm::Triple const&, llvm::StringRef, llvm::StringRef, llvm::StringRef, llvm::ArrayRef<llvm::StringRef>, llvm::ArrayRef<llvm::SubtargetFeatureKV>, llvm::ArrayRef<llvm::SubtargetSubTypeKV>, llvm::MCWriteProcResEntry const*, llvm::MCWriteLatencyEntry const*, llvm::MCReadAdvanceEntry const*, llvm::InstrStage const*, unsigned int const*, unsigned int const*) (/usr/lib/llvm-20/lib/libLLVM.so.20.1+0x28e5cf4) (BuildId: b856c61f98abf0989f157f153740fe0fadfbb760)
    #2 0x7ff5c7a39a30  (/usr/lib/llvm-20/lib/libLLVM.so.20.1+0x3b1da30) (BuildId: b856c61f98abf0989f157f153740fe0fadfbb760)
    #3 0x7ff5c52d0793 in llvm::CodeGenTargetMachineImpl::initAsmInfo() (/usr/lib/llvm-20/lib/libLLVM.so.20.1+0x13b4793) (BuildId: b856c61f98abf0989f157f153740fe0fadfbb760)
    #4 0x7ff5c79ce866  (/usr/lib/llvm-20/lib/libLLVM.so.20.1+0x3ab2866) (BuildId: b856c61f98abf0989f157f153740fe0fadfbb760)
    #5 0x7ff5c79d081a  (/usr/lib/llvm-20/lib/libLLVM.so.20.1+0x3ab481a) (BuildId: b856c61f98abf0989f157f153740fe0fadfbb760)
    #6 0x55ca91648523 in llvm::Target::createTargetMachine(llvm::StringRef, llvm::StringRef, llvm::StringRef, llvm::TargetOptions const&, std::optional<llvm::Reloc::Model>, std::optional<llvm::CodeModel::Model>, llvm::CodeGenOptLevel, bool) const /usr/lib/llvm-20/include/llvm/MC/TargetRegistry.h:462:12
    #7 0x55ca9163a09e in tsc::TargetRegistry::initializeAllTargets() /workspace/src/TargetRegistry.cpp:67:41
    #8 0x55ca9162bdcd in tsc::Compiler::initializeLLVM() /workspace/src/Compiler.cpp:349:14
    #9 0x55ca9162b8b7 in tsc::Compiler::Compiler(tsc::CompilerOptions const&) /workspace/src/Compiler.cpp:24:5
    #10 0x55ca915fd7b5 in main /workspace/src/main.cpp:191:18
    #11 0x7ff5c395a337  (/lib/x86_64-linux-gnu/libc.so.6+0x2a337) (BuildId: 467f544f15035abef911999cbc14489edd0555ab)
    #12 0x7ff5c395a3fa in __libc_start_main (/lib/x86_64-linux-gnu/libc.so.6+0x2a3fa) (BuildId: 467f544f15035abef911999cbc14489edd0555ab)
    #13 0x55ca91511b64 in _start (/workspace/build-asan/tsc+0x74b64) (BuildId: 73a10d7cc646a755f705b0ae57418e68578aec2f)

Indirect leak of 20 byte(s) in 1 object(s) allocated from:
    #0 0x55ca915fa191 in operator new(unsigned long) (/workspace/build-asan/tsc+0x15d191) (BuildId: 73a10d7cc646a755f705b0ae57418e68578aec2f)
    #1 0x7ff5c79c92d3  (/usr/lib/llvm-20/lib/libLLVM.so.20.1+0x3aad2d3) (BuildId: b856c61f98abf0989f157f153740fe0fadfbb760)
    #2 0x7ff5c79ce7f6  (/usr/lib/llvm-20/lib/libLLVM.so.20.1+0x3ab27f6) (BuildId: b856c61f98abf0989f157f153740fe0fadfbb760)
    #3 0x7ff5c79d081a  (/usr/lib/llvm-20/lib/libLLVM.so.20.1+0x3ab481a) (BuildId: b856c61f98abf0989f157f153740fe0fadfbb760)
    #4 0x55ca91648523 in llvm::Target::createTargetMachine(llvm::StringRef, llvm::StringRef, llvm::StringRef, llvm::TargetOptions const&, std::optional<llvm::Reloc::Model>, std::optional<llvm::CodeModel::Model>, llvm::CodeGenOptLevel, bool) const /usr/lib/llvm-20/include/llvm/MC/TargetRegistry.h:462:12
    #5 0x55ca9163a09e in tsc::TargetRegistry::initializeAllTargets() /workspace/src/TargetRegistry.cpp:67:41
    #6 0x55ca9162bdcd in tsc::Compiler::initializeLLVM() /workspace/src/Compiler.cpp:349:14
    #7 0x55ca9162b8b7 in tsc::Compiler::Compiler(tsc::CompilerOptions const&) /workspace/src/Compiler.cpp:24:5
    #8 0x55ca915fd7b5 in main /workspace/src/main.cpp:191:18
    #9 0x7ff5c395a337  (/lib/x86_64-linux-gnu/libc.so.6+0x2a337) (BuildId: 467f544f15035abef911999cbc14489edd0555ab)
    #10 0x7ff5c395a3fa in __libc_start_main (/lib/x86_64-linux-gnu/libc.so.6+0x2a3fa) (BuildId: 467f544f15035abef911999cbc14489edd0555ab)
    #11 0x55ca91511b64 in _start (/workspace/build-asan/tsc+0x74b64) (BuildId: 73a10d7cc646a755f705b0ae57418e68578aec2f)

Indirect leak of 20 byte(s) in 1 object(s) allocated from:
    #0 0x55ca915fa191 in operator new(unsigned long) (/workspace/build-asan/tsc+0x15d191) (BuildId: 73a10d7cc646a755f705b0ae57418e68578aec2f)
    #1 0x7ff5c6801cf4 in llvm::MCSubtargetInfo::MCSubtargetInfo(llvm::Triple const&, llvm::StringRef, llvm::StringRef, llvm::StringRef, llvm::ArrayRef<llvm::StringRef>, llvm::ArrayRef<llvm::SubtargetFeatureKV>, llvm::ArrayRef<llvm::SubtargetSubTypeKV>, llvm::MCWriteProcResEntry const*, llvm::MCWriteLatencyEntry const*, llvm::MCReadAdvanceEntry const*, llvm::InstrStage const*, unsigned int const*, unsigned int const*) (/usr/lib/llvm-20/lib/libLLVM.so.20.1+0x28e5cf4) (BuildId: b856c61f98abf0989f157f153740fe0fadfbb760)
    #2 0x7ff5c5590c22 in llvm::TargetSubtargetInfo::TargetSubtargetInfo(llvm::Triple const&, llvm::StringRef, llvm::StringRef, llvm::StringRef, llvm::ArrayRef<llvm::StringRef>, llvm::ArrayRef<llvm::SubtargetFeatureKV>, llvm::ArrayRef<llvm::SubtargetSubTypeKV>, llvm::MCWriteProcResEntry const*, llvm::MCWriteLatencyEntry const*, llvm::MCReadAdvanceEntry const*, llvm::InstrStage const*, unsigned int const*, unsigned int const*) (/usr/lib/llvm-20/lib/libLLVM.so.20.1+0x1674c22) (BuildId: b856c61f98abf0989f157f153740fe0fadfbb760)
    #3 0x7ff5c79c91b6  (/usr/lib/llvm-20/lib/libLLVM.so.20.1+0x3aad1b6) (BuildId: b856c61f98abf0989f157f153740fe0fadfbb760)
    #4 0x7ff5c79ce7f6  (/usr/lib/llvm-20/lib/libLLVM.so.20.1+0x3ab27f6) (BuildId: b856c61f98abf0989f157f153740fe0fadfbb760)
    #5 0x7ff5c79d081a  (/usr/lib/llvm-20/lib/libLLVM.so.20.1+0x3ab481a) (BuildId: b856c61f98abf0989f157f153740fe0fadfbb760)
    #6 0x55ca91648523 in llvm::Target::createTargetMachine(llvm::StringRef, llvm::StringRef, llvm::StringRef, llvm::TargetOptions const&, std::optional<llvm::Reloc::Model>, std::optional<llvm::CodeModel::Model>, llvm::CodeGenOptLevel, bool) const /usr/lib/llvm-20/include/llvm/MC/TargetRegistry.h:462:12
    #7 0x55ca9163a09e in tsc::TargetRegistry::initializeAllTargets() /workspace/src/TargetRegistry.cpp:67:41
    #8 0x55ca9162bdcd in tsc::Compiler::initializeLLVM() /workspace/src/Compiler.cpp:349:14
    #9 0x55ca9162b8b7 in tsc::Compiler::Compiler(tsc::CompilerOptions const&) /workspace/src/Compiler.cpp:24:5
    #10 0x55ca915fd7b5 in main /workspace/src/main.cpp:191:18
    #11 0x7ff5c395a337  (/lib/x86_64-linux-gnu/libc.so.6+0x2a337) (BuildId: 467f544f15035abef911999cbc14489edd0555ab)
    #12 0x7ff5c395a3fa in __libc_start_main (/lib/x86_64-linux-gnu/libc.so.6+0x2a3fa) (BuildId: 467f544f15035abef911999cbc14489edd0555ab)
    #13 0x55ca91511b64 in _start (/workspace/build-asan/tsc+0x74b64) (BuildId: 73a10d7cc646a755f705b0ae57418e68578aec2f)

Indirect leak of 20 byte(s) in 1 object(s) allocated from:
    #0 0x55ca915fa191 in operator new(unsigned long) (/workspace/build-asan/tsc+0x15d191) (BuildId: 73a10d7cc646a755f705b0ae57418e68578aec2f)
    #1 0x7ff5c6ef4944 in llvm::TargetMachine::TargetMachine(llvm::Target const&, llvm::StringRef, llvm::Triple const&, llvm::StringRef, llvm::StringRef, llvm::TargetOptions const&) (/usr/lib/llvm-20/lib/libLLVM.so.20.1+0x2fd8944) (BuildId: b856c61f98abf0989f157f153740fe0fadfbb760)
    #2 0x7ff5c52d0937 in llvm::CodeGenTargetMachineImpl::CodeGenTargetMachineImpl(llvm::Target const&, llvm::StringRef, llvm::Triple const&, llvm::StringRef, llvm::StringRef, llvm::TargetOptions const&, llvm::Reloc::Model, llvm::CodeModel::Model, llvm::CodeGenOptLevel) (/usr/lib/llvm-20/lib/libLLVM.so.20.1+0x13b4937) (BuildId: b856c61f98abf0989f157f153740fe0fadfbb760)
    #3 0x7ff5c79ce708  (/usr/lib/llvm-20/lib/libLLVM.so.20.1+0x3ab2708) (BuildId: b856c61f98abf0989f157f153740fe0fadfbb760)
    #4 0x7ff5c79d081a  (/usr/lib/llvm-20/lib/libLLVM.so.20.1+0x3ab481a) (BuildId: b856c61f98abf0989f157f153740fe0fadfbb760)
    #5 0x55ca91648523 in llvm::Target::createTargetMachine(llvm::StringRef, llvm::StringRef, llvm::StringRef, llvm::TargetOptions const&, std::optional<llvm::Reloc::Model>, std::optional<llvm::CodeModel::Model>, llvm::CodeGenOptLevel, bool) const /usr/lib/llvm-20/include/llvm/MC/TargetRegistry.h:462:12
    #6 0x55ca9163a09e in tsc::TargetRegistry::initializeAllTargets() /workspace/src/TargetRegistry.cpp:67:41
    #7 0x55ca9162bdcd in tsc::Compiler::initializeLLVM() /workspace/src/Compiler.cpp:349:14
    #8 0x55ca9162b8b7 in tsc::Compiler::Compiler(tsc::CompilerOptions const&) /workspace/src/Compiler.cpp:24:5
    #9 0x55ca915fd7b5 in main /workspace/src/main.cpp:191:18
    #10 0x7ff5c395a337  (/lib/x86_64-linux-gnu/libc.so.6+0x2a337) (BuildId: 467f544f15035abef911999cbc14489edd0555ab)
    #11 0x7ff5c395a3fa in __libc_start_main (/lib/x86_64-linux-gnu/libc.so.6+0x2a3fa) (BuildId: 467f544f15035abef911999cbc14489edd0555ab)
    #12 0x55ca91511b64 in _start (/workspace/build-asan/tsc+0x74b64) (BuildId: 73a10d7cc646a755f705b0ae57418e68578aec2f)

Indirect leak of 20 byte(s) in 1 object(s) allocated from:
    #0 0x55ca915fa191 in operator new(unsigned long) (/workspace/build-asan/tsc+0x15d191) (BuildId: 73a10d7cc646a755f705b0ae57418e68578aec2f)
    #1 0x7ff5c6801cf4 in llvm::MCSubtargetInfo::MCSubtargetInfo(llvm::Triple const&, llvm::StringRef, llvm::StringRef, llvm::StringRef, llvm::ArrayRef<llvm::StringRef>, llvm::ArrayRef<llvm::SubtargetFeatureKV>, llvm::ArrayRef<llvm::SubtargetSubTypeKV>, llvm::MCWriteProcResEntry const*, llvm::MCWriteLatencyEntry const*, llvm::MCReadAdvanceEntry const*, llvm::InstrStage const*, unsigned int const*, unsigned int const*) (/usr/lib/llvm-20/lib/libLLVM.so.20.1+0x28e5cf4) (BuildId: b856c61f98abf0989f157f153740fe0fadfbb760)
    #2 0x7ff5c7a6a7b2  (/usr/lib/llvm-20/lib/libLLVM.so.20.1+0x3b4e7b2) (BuildId: b856c61f98abf0989f157f153740fe0fadfbb760)
    #3 0x7ff5c52d0793 in llvm::CodeGenTargetMachineImpl::initAsmInfo() (/usr/lib/llvm-20/lib/libLLVM.so.20.1+0x13b4793) (BuildId: b856c61f98abf0989f157f153740fe0fadfbb760)
    #4 0x7ff5c7a52005  (/usr/lib/llvm-20/lib/libLLVM.so.20.1+0x3b36005) (BuildId: b856c61f98abf0989f157f153740fe0fadfbb760)
    #5 0x7ff5c7a525ca  (/usr/lib/llvm-20/lib/libLLVM.so.20.1+0x3b365ca) (BuildId: b856c61f98abf0989f157f153740fe0fadfbb760)
    #6 0x55ca91648523 in llvm::Target::createTargetMachine(llvm::StringRef, llvm::StringRef, llvm::StringRef, llvm::TargetOptions const&, std::optional<llvm::Reloc::Model>, std::optional<llvm::CodeModel::Model>, llvm::CodeGenOptLevel, bool) const /usr/lib/llvm-20/include/llvm/MC/TargetRegistry.h:462:12
    #7 0x55ca9163a09e in tsc::TargetRegistry::initializeAllTargets() /workspace/src/TargetRegistry.cpp:67:41
    #8 0x55ca9162bdcd in tsc::Compiler::initializeLLVM() /workspace/src/Compiler.cpp:349:14
    #9 0x55ca9162b8b7 in tsc::Compiler::Compiler(tsc::CompilerOptions const&) /workspace/src/Compiler.cpp:24:5
    #10 0x55ca915fd7b5 in main /workspace/src/main.cpp:191:18
    #11 0x7ff5c395a337  (/lib/x86_64-linux-gnu/libc.so.6+0x2a337) (BuildId: 467f544f15035abef911999cbc14489edd0555ab)
    #12 0x7ff5c395a3fa in __libc_start_main (/lib/x86_64-linux-gnu/libc.so.6+0x2a3fa) (BuildId: 467f544f15035abef911999cbc14489edd0555ab)
    #13 0x55ca91511b64 in _start (/workspace/build-asan/tsc+0x74b64) (BuildId: 73a10d7cc646a755f705b0ae57418e68578aec2f)

Indirect leak of 20 byte(s) in 1 object(s) allocated from:
    #0 0x55ca915fa191 in operator new(unsigned long) (/workspace/build-asan/tsc+0x15d191) (BuildId: 73a10d7cc646a755f705b0ae57418e68578aec2f)
    #1 0x7ff5c6801cf4 in llvm::MCSubtargetInfo::MCSubtargetInfo(llvm::Triple const&, llvm::StringRef, llvm::StringRef, llvm::StringRef, llvm::ArrayRef<llvm::StringRef>, llvm::ArrayRef<llvm::SubtargetFeatureKV>, llvm::ArrayRef<llvm::SubtargetSubTypeKV>, llvm::MCWriteProcResEntry const*, llvm::MCWriteLatencyEntry const*, llvm::MCReadAdvanceEntry const*, llvm::InstrStage const*, unsigned int const*, unsigned int const*) (/usr/lib/llvm-20/lib/libLLVM.so.20.1+0x28e5cf4) (BuildId: b856c61f98abf0989f157f153740fe0fadfbb760)
    #2 0x7ff5c5590c22 in llvm::TargetSubtargetInfo::TargetSubtargetInfo(llvm::Triple const&, llvm::StringRef, llvm::StringRef, llvm::StringRef, llvm::ArrayRef<llvm::StringRef>, llvm::ArrayRef<llvm::SubtargetFeatureKV>, llvm::ArrayRef<llvm::SubtargetSubTypeKV>, llvm::MCWriteProcResEntry const*, llvm::MCWriteLatencyEntry const*, llvm::MCReadAdvanceEntry const*, llvm::InstrStage const*, unsigned int const*, unsigned int const*) (/usr/lib/llvm-20/lib/libLLVM.so.20.1+0x1674c22) (BuildId: b856c61f98abf0989f157f153740fe0fadfbb760)
    #3 0x7ff5c7a51b5a  (/usr/lib/llvm-20/lib/libLLVM.so.20.1+0x3b35b5a) (BuildId: b856c61f98abf0989f157f153740fe0fadfbb760)
    #4 0x7ff5c7a51fc0  (/usr/lib/llvm-20/lib/libLLVM.so.20.1+0x3b35fc0) (BuildId: b856c61f98abf0989f157f153740fe0fadfbb760)
    #5 0x7ff5c7a525ca  (/usr/lib/llvm-20/lib/libLLVM.so.20.1+0x3b365ca) (BuildId: b856c61f98abf0989f157f153740fe0fadfbb760)
    #6 0x55ca91648523 in llvm::Target::createTargetMachine(llvm::StringRef, llvm::StringRef, llvm::StringRef, llvm::TargetOptions const&, std::optional<llvm::Reloc::Model>, std::optional<llvm::CodeModel::Model>, llvm::CodeGenOptLevel, bool) const /usr/lib/llvm-20/include/llvm/MC/TargetRegistry.h:462:12
    #7 0x55ca9163a09e in tsc::TargetRegistry::initializeAllTargets() /workspace/src/TargetRegistry.cpp:67:41
    #8 0x55ca9162bdcd in tsc::Compiler::initializeLLVM() /workspace/src/Compiler.cpp:349:14
    #9 0x55ca9162b8b7 in tsc::Compiler::Compiler(tsc::CompilerOptions const&) /workspace/src/Compiler.cpp:24:5
    #10 0x55ca915fd7b5 in main /workspace/src/main.cpp:191:18
    #11 0x7ff5c395a337  (/lib/x86_64-linux-gnu/libc.so.6+0x2a337) (BuildId: 467f544f15035abef911999cbc14489edd0555ab)
    #12 0x7ff5c395a3fa in __libc_start_main (/lib/x86_64-linux-gnu/libc.so.6+0x2a3fa) (BuildId: 467f544f15035abef911999cbc14489edd0555ab)
    #13 0x55ca91511b64 in _start (/workspace/build-asan/tsc+0x74b64) (BuildId: 73a10d7cc646a755f705b0ae57418e68578aec2f)

Indirect leak of 20 byte(s) in 1 object(s) allocated from:
    #0 0x55ca915fa191 in operator new(unsigned long) (/workspace/build-asan/tsc+0x15d191) (BuildId: 73a10d7cc646a755f705b0ae57418e68578aec2f)
    #1 0x7ff5c6ef4944 in llvm::TargetMachine::TargetMachine(llvm::Target const&, llvm::StringRef, llvm::Triple const&, llvm::StringRef, llvm::StringRef, llvm::TargetOptions const&) (/usr/lib/llvm-20/lib/libLLVM.so.20.1+0x2fd8944) (BuildId: b856c61f98abf0989f157f153740fe0fadfbb760)
    #2 0x7ff5c52d0937 in llvm::CodeGenTargetMachineImpl::CodeGenTargetMachineImpl(llvm::Target const&, llvm::StringRef, llvm::Triple const&, llvm::StringRef, llvm::StringRef, llvm::TargetOptions const&, llvm::Reloc::Model, llvm::CodeModel::Model, llvm::CodeGenOptLevel) (/usr/lib/llvm-20/lib/libLLVM.so.20.1+0x13b4937) (BuildId: b856c61f98abf0989f157f153740fe0fadfbb760)
    #3 0x7ff5c7a51f6c  (/usr/lib/llvm-20/lib/libLLVM.so.20.1+0x3b35f6c) (BuildId: b856c61f98abf0989f157f153740fe0fadfbb760)
    #4 0x7ff5c7a525ca  (/usr/lib/llvm-20/lib/libLLVM.so.20.1+0x3b365ca) (BuildId: b856c61f98abf0989f157f153740fe0fadfbb760)
    #5 0x55ca91648523 in llvm::Target::createTargetMachine(llvm::StringRef, llvm::StringRef, llvm::StringRef, llvm::TargetOptions const&, std::optional<llvm::Reloc::Model>, std::optional<llvm::CodeModel::Model>, llvm::CodeGenOptLevel, bool) const /usr/lib/llvm-20/include/llvm/MC/TargetRegistry.h:462:12
    #6 0x55ca9163a09e in tsc::TargetRegistry::initializeAllTargets() /workspace/src/TargetRegistry.cpp:67:41
    #7 0x55ca9162bdcd in tsc::Compiler::initializeLLVM() /workspace/src/Compiler.cpp:349:14
    #8 0x55ca9162b8b7 in tsc::Compiler::Compiler(tsc::CompilerOptions const&) /workspace/src/Compiler.cpp:24:5
    #9 0x55ca915fd7b5 in main /workspace/src/main.cpp:191:18
    #10 0x7ff5c395a337  (/lib/x86_64-linux-gnu/libc.so.6+0x2a337) (BuildId: 467f544f15035abef911999cbc14489edd0555ab)
    #11 0x7ff5c395a3fa in __libc_start_main (/lib/x86_64-linux-gnu/libc.so.6+0x2a3fa) (BuildId: 467f544f15035abef911999cbc14489edd0555ab)
    #12 0x55ca91511b64 in _start (/workspace/build-asan/tsc+0x74b64) (BuildId: 73a10d7cc646a755f705b0ae57418e68578aec2f)

Indirect leak of 20 byte(s) in 1 object(s) allocated from:
    #0 0x55ca915fa191 in operator new(unsigned long) (/workspace/build-asan/tsc+0x15d191) (BuildId: 73a10d7cc646a755f705b0ae57418e68578aec2f)
    #1 0x7ff5c6801cf4 in llvm::MCSubtargetInfo::MCSubtargetInfo(llvm::Triple const&, llvm::StringRef, llvm::StringRef, llvm::StringRef, llvm::ArrayRef<llvm::StringRef>, llvm::ArrayRef<llvm::SubtargetFeatureKV>, llvm::ArrayRef<llvm::SubtargetSubTypeKV>, llvm::MCWriteProcResEntry const*, llvm::MCWriteLatencyEntry const*, llvm::MCReadAdvanceEntry const*, llvm::InstrStage const*, unsigned int const*, unsigned int const*) (/usr/lib/llvm-20/lib/libLLVM.so.20.1+0x28e5cf4) (BuildId: b856c61f98abf0989f157f153740fe0fadfbb760)
    #2 0x7ff5c7bc5658  (/usr/lib/llvm-20/lib/libLLVM.so.20.1+0x3ca9658) (BuildId: b856c61f98abf0989f157f153740fe0fadfbb760)
    #3 0x7ff5c52d0793 in llvm::CodeGenTargetMachineImpl::initAsmInfo() (/usr/lib/llvm-20/lib/libLLVM.so.20.1+0x13b4793) (BuildId: b856c61f98abf0989f157f153740fe0fadfbb760)
    #4 0x7ff5c7bc1f78  (/usr/lib/llvm-20/lib/libLLVM.so.20.1+0x3ca5f78) (BuildId: b856c61f98abf0989f157f153740fe0fadfbb760)
    #5 0x7ff5c7bc234a  (/usr/lib/llvm-20/lib/libLLVM.so.20.1+0x3ca634a) (BuildId: b856c61f98abf0989f157f153740fe0fadfbb760)
    #6 0x55ca91648523 in llvm::Target::createTargetMachine(llvm::StringRef, llvm::StringRef, llvm::StringRef, llvm::TargetOptions const&, std::optional<llvm::Reloc::Model>, std::optional<llvm::CodeModel::Model>, llvm::CodeGenOptLevel, bool) const /usr/lib/llvm-20/include/llvm/MC/TargetRegistry.h:462:12
    #7 0x55ca9163a09e in tsc::TargetRegistry::initializeAllTargets() /workspace/src/TargetRegistry.cpp:67:41
    #8 0x55ca9162bdcd in tsc::Compiler::initializeLLVM() /workspace/src/Compiler.cpp:349:14
    #9 0x55ca9162b8b7 in tsc::Compiler::Compiler(tsc::CompilerOptions const&) /workspace/src/Compiler.cpp:24:5
    #10 0x55ca915fd7b5 in main /workspace/src/main.cpp:191:18
    #11 0x7ff5c395a337  (/lib/x86_64-linux-gnu/libc.so.6+0x2a337) (BuildId: 467f544f15035abef911999cbc14489edd0555ab)
    #12 0x7ff5c395a3fa in __libc_start_main (/lib/x86_64-linux-gnu/libc.so.6+0x2a3fa) (BuildId: 467f544f15035abef911999cbc14489edd0555ab)
    #13 0x55ca91511b64 in _start (/workspace/build-asan/tsc+0x74b64) (BuildId: 73a10d7cc646a755f705b0ae57418e68578aec2f)

Indirect leak of 20 byte(s) in 1 object(s) allocated from:
    #0 0x55ca915fa191 in operator new(unsigned long) (/workspace/build-asan/tsc+0x15d191) (BuildId: 73a10d7cc646a755f705b0ae57418e68578aec2f)
    #1 0x7ff5c6801cf4 in llvm::MCSubtargetInfo::MCSubtargetInfo(llvm::Triple const&, llvm::StringRef, llvm::StringRef, llvm::StringRef, llvm::ArrayRef<llvm::StringRef>, llvm::ArrayRef<llvm::SubtargetFeatureKV>, llvm::ArrayRef<llvm::SubtargetSubTypeKV>, llvm::MCWriteProcResEntry const*, llvm::MCWriteLatencyEntry const*, llvm::MCReadAdvanceEntry const*, llvm::InstrStage const*, unsigned int const*, unsigned int const*) (/usr/lib/llvm-20/lib/libLLVM.so.20.1+0x28e5cf4) (BuildId: b856c61f98abf0989f157f153740fe0fadfbb760)
    #2 0x7ff5c5590c22 in llvm::TargetSubtargetInfo::TargetSubtargetInfo(llvm::Triple const&, llvm::StringRef, llvm::StringRef, llvm::StringRef, llvm::ArrayRef<llvm::StringRef>, llvm::ArrayRef<llvm::SubtargetFeatureKV>, llvm::ArrayRef<llvm::SubtargetSubTypeKV>, llvm::MCWriteProcResEntry const*, llvm::MCWriteLatencyEntry const*, llvm::MCReadAdvanceEntry const*, llvm::InstrStage const*, unsigned int const*, unsigned int const*) (/usr/lib/llvm-20/lib/libLLVM.so.20.1+0x1674c22) (BuildId: b856c61f98abf0989f157f153740fe0fadfbb760)
    #3 0x7ff5c7bc122a  (/usr/lib/llvm-20/lib/libLLVM.so.20.1+0x3ca522a) (BuildId: b856c61f98abf0989f157f153740fe0fadfbb760)
    #4 0x7ff5c7bc1f46  (/usr/lib/llvm-20/lib/libLLVM.so.20.1+0x3ca5f46) (BuildId: b856c61f98abf0989f157f153740fe0fadfbb760)
    #5 0x7ff5c7bc234a  (/usr/lib/llvm-20/lib/libLLVM.so.20.1+0x3ca634a) (BuildId: b856c61f98abf0989f157f153740fe0fadfbb760)
    #6 0x55ca91648523 in llvm::Target::createTargetMachine(llvm::StringRef, llvm::StringRef, llvm::StringRef, llvm::TargetOptions const&, std::optional<llvm::Reloc::Model>, std::optional<llvm::CodeModel::Model>, llvm::CodeGenOptLevel, bool) const /usr/lib/llvm-20/include/llvm/MC/TargetRegistry.h:462:12
    #7 0x55ca9163a09e in tsc::TargetRegistry::initializeAllTargets() /workspace/src/TargetRegistry.cpp:67:41
    #8 0x55ca9162bdcd in tsc::Compiler::initializeLLVM() /workspace/src/Compiler.cpp:349:14
    #9 0x55ca9162b8b7 in tsc::Compiler::Compiler(tsc::CompilerOptions const&) /workspace/src/Compiler.cpp:24:5
    #10 0x55ca915fd7b5 in main /workspace/src/main.cpp:191:18
    #11 0x7ff5c395a337  (/lib/x86_64-linux-gnu/libc.so.6+0x2a337) (BuildId: 467f544f15035abef911999cbc14489edd0555ab)
    #12 0x7ff5c395a3fa in __libc_start_main (/lib/x86_64-linux-gnu/libc.so.6+0x2a3fa) (BuildId: 467f544f15035abef911999cbc14489edd0555ab)
    #13 0x55ca91511b64 in _start (/workspace/build-asan/tsc+0x74b64) (BuildId: 73a10d7cc646a755f705b0ae57418e68578aec2f)

Indirect leak of 20 byte(s) in 1 object(s) allocated from:
    #0 0x55ca915fa191 in operator new(unsigned long) (/workspace/build-asan/tsc+0x15d191) (BuildId: 73a10d7cc646a755f705b0ae57418e68578aec2f)
    #1 0x7ff5c6ef4944 in llvm::TargetMachine::TargetMachine(llvm::Target const&, llvm::StringRef, llvm::Triple const&, llvm::StringRef, llvm::StringRef, llvm::TargetOptions const&) (/usr/lib/llvm-20/lib/libLLVM.so.20.1+0x2fd8944) (BuildId: b856c61f98abf0989f157f153740fe0fadfbb760)
    #2 0x7ff5c52d0937 in llvm::CodeGenTargetMachineImpl::CodeGenTargetMachineImpl(llvm::Target const&, llvm::StringRef, llvm::Triple const&, llvm::StringRef, llvm::StringRef, llvm::TargetOptions const&, llvm::Reloc::Model, llvm::CodeModel::Model, llvm::CodeGenOptLevel) (/usr/lib/llvm-20/lib/libLLVM.so.20.1+0x13b4937) (BuildId: b856c61f98abf0989f157f153740fe0fadfbb760)
    #3 0x7ff5c7bc1de9  (/usr/lib/llvm-20/lib/libLLVM.so.20.1+0x3ca5de9) (BuildId: b856c61f98abf0989f157f153740fe0fadfbb760)
    #4 0x7ff5c7bc234a  (/usr/lib/llvm-20/lib/libLLVM.so.20.1+0x3ca634a) (BuildId: b856c61f98abf0989f157f153740fe0fadfbb760)
    #5 0x55ca91648523 in llvm::Target::createTargetMachine(llvm::StringRef, llvm::StringRef, llvm::StringRef, llvm::TargetOptions const&, std::optional<llvm::Reloc::Model>, std::optional<llvm::CodeModel::Model>, llvm::CodeGenOptLevel, bool) const /usr/lib/llvm-20/include/llvm/MC/TargetRegistry.h:462:12
    #6 0x55ca9163a09e in tsc::TargetRegistry::initializeAllTargets() /workspace/src/TargetRegistry.cpp:67:41
    #7 0x55ca9162bdcd in tsc::Compiler::initializeLLVM() /workspace/src/Compiler.cpp:349:14
    #8 0x55ca9162b8b7 in tsc::Compiler::Compiler(tsc::CompilerOptions const&) /workspace/src/Compiler.cpp:24:5
    #9 0x55ca915fd7b5 in main /workspace/src/main.cpp:191:18
    #10 0x7ff5c395a337  (/lib/x86_64-linux-gnu/libc.so.6+0x2a337) (BuildId: 467f544f15035abef911999cbc14489edd0555ab)
    #11 0x7ff5c395a3fa in __libc_start_main (/lib/x86_64-linux-gnu/libc.so.6+0x2a3fa) (BuildId: 467f544f15035abef911999cbc14489edd0555ab)
    #12 0x55ca91511b64 in _start (/workspace/build-asan/tsc+0x74b64) (BuildId: 73a10d7cc646a755f705b0ae57418e68578aec2f)

Indirect leak of 20 byte(s) in 1 object(s) allocated from:
    #0 0x55ca915fa191 in operator new(unsigned long) (/workspace/build-asan/tsc+0x15d191) (BuildId: 73a10d7cc646a755f705b0ae57418e68578aec2f)
    #1 0x7ff5c6801cf4 in llvm::MCSubtargetInfo::MCSubtargetInfo(llvm::Triple const&, llvm::StringRef, llvm::StringRef, llvm::StringRef, llvm::ArrayRef<llvm::StringRef>, llvm::ArrayRef<llvm::SubtargetFeatureKV>, llvm::ArrayRef<llvm::SubtargetSubTypeKV>, llvm::MCWriteProcResEntry const*, llvm::MCWriteLatencyEntry const*, llvm::MCReadAdvanceEntry const*, llvm::InstrStage const*, unsigned int const*, unsigned int const*) (/usr/lib/llvm-20/lib/libLLVM.so.20.1+0x28e5cf4) (BuildId: b856c61f98abf0989f157f153740fe0fadfbb760)
    #2 0x7ff5c7c31328  (/usr/lib/llvm-20/lib/libLLVM.so.20.1+0x3d15328) (BuildId: b856c61f98abf0989f157f153740fe0fadfbb760)
    #3 0x7ff5c52d0793 in llvm::CodeGenTargetMachineImpl::initAsmInfo() (/usr/lib/llvm-20/lib/libLLVM.so.20.1+0x13b4793) (BuildId: b856c61f98abf0989f157f153740fe0fadfbb760)
    #4 0x7ff5c7c060c4  (/usr/lib/llvm-20/lib/libLLVM.so.20.1+0x3cea0c4) (BuildId: b856c61f98abf0989f157f153740fe0fadfbb760)
    #5 0x7ff5c7c07e74  (/usr/lib/llvm-20/lib/libLLVM.so.20.1+0x3cebe74) (BuildId: b856c61f98abf0989f157f153740fe0fadfbb760)
    #6 0x55ca91648523 in llvm::Target::createTargetMachine(llvm::StringRef, llvm::StringRef, llvm::StringRef, llvm::TargetOptions const&, std::optional<llvm::Reloc::Model>, std::optional<llvm::CodeModel::Model>, llvm::CodeGenOptLevel, bool) const /usr/lib/llvm-20/include/llvm/MC/TargetRegistry.h:462:12
    #7 0x55ca9163a09e in tsc::TargetRegistry::initializeAllTargets() /workspace/src/TargetRegistry.cpp:67:41
    #8 0x55ca9162bdcd in tsc::Compiler::initializeLLVM() /workspace/src/Compiler.cpp:349:14
    #9 0x55ca9162b8b7 in tsc::Compiler::Compiler(tsc::CompilerOptions const&) /workspace/src/Compiler.cpp:24:5
    #10 0x55ca915fd7b5 in main /workspace/src/main.cpp:191:18
    #11 0x7ff5c395a337  (/lib/x86_64-linux-gnu/libc.so.6+0x2a337) (BuildId: 467f544f15035abef911999cbc14489edd0555ab)
    #12 0x7ff5c395a3fa in __libc_start_main (/lib/x86_64-linux-gnu/libc.so.6+0x2a3fa) (BuildId: 467f544f15035abef911999cbc14489edd0555ab)
    #13 0x55ca91511b64 in _start (/workspace/build-asan/tsc+0x74b64) (BuildId: 73a10d7cc646a755f705b0ae57418e68578aec2f)

Indirect leak of 20 byte(s) in 1 object(s) allocated from:
    #0 0x55ca915fa191 in operator new(unsigned long) (/workspace/build-asan/tsc+0x15d191) (BuildId: 73a10d7cc646a755f705b0ae57418e68578aec2f)
    #1 0x7ff5c6801cf4 in llvm::MCSubtargetInfo::MCSubtargetInfo(llvm::Triple const&, llvm::StringRef, llvm::StringRef, llvm::StringRef, llvm::ArrayRef<llvm::StringRef>, llvm::ArrayRef<llvm::SubtargetFeatureKV>, llvm::ArrayRef<llvm::SubtargetSubTypeKV>, llvm::MCWriteProcResEntry const*, llvm::MCWriteLatencyEntry const*, llvm::MCReadAdvanceEntry const*, llvm::InstrStage const*, unsigned int const*, unsigned int const*) (/usr/lib/llvm-20/lib/libLLVM.so.20.1+0x28e5cf4) (BuildId: b856c61f98abf0989f157f153740fe0fadfbb760)
    #2 0x7ff5c5590c22 in llvm::TargetSubtargetInfo::TargetSubtargetInfo(llvm::Triple const&, llvm::StringRef, llvm::StringRef, llvm::StringRef, llvm::ArrayRef<llvm::StringRef>, llvm::ArrayRef<llvm::SubtargetFeatureKV>, llvm::ArrayRef<llvm::SubtargetSubTypeKV>, llvm::MCWriteProcResEntry const*, llvm::MCWriteLatencyEntry const*, llvm::MCReadAdvanceEntry const*, llvm::InstrStage const*, unsigned int const*, unsigned int const*) (/usr/lib/llvm-20/lib/libLLVM.so.20.1+0x1674c22) (BuildId: b856c61f98abf0989f157f153740fe0fadfbb760)
    #3 0x7ff5c7c0555c  (/usr/lib/llvm-20/lib/libLLVM.so.20.1+0x3ce955c) (BuildId: b856c61f98abf0989f157f153740fe0fadfbb760)
    #4 0x7ff5c7c06006  (/usr/lib/llvm-20/lib/libLLVM.so.20.1+0x3cea006) (BuildId: b856c61f98abf0989f157f153740fe0fadfbb760)
    #5 0x7ff5c7c07e74  (/usr/lib/llvm-20/lib/libLLVM.so.20.1+0x3cebe74) (BuildId: b856c61f98abf0989f157f153740fe0fadfbb760)
    #6 0x55ca91648523 in llvm::Target::createTargetMachine(llvm::StringRef, llvm::StringRef, llvm::StringRef, llvm::TargetOptions const&, std::optional<llvm::Reloc::Model>, std::optional<llvm::CodeModel::Model>, llvm::CodeGenOptLevel, bool) const /usr/lib/llvm-20/include/llvm/MC/TargetRegistry.h:462:12
    #7 0x55ca9163a09e in tsc::TargetRegistry::initializeAllTargets() /workspace/src/TargetRegistry.cpp:67:41
    #8 0x55ca9162bdcd in tsc::Compiler::initializeLLVM() /workspace/src/Compiler.cpp:349:14
    #9 0x55ca9162b8b7 in tsc::Compiler::Compiler(tsc::CompilerOptions const&) /workspace/src/Compiler.cpp:24:5
    #10 0x55ca915fd7b5 in main /workspace/src/main.cpp:191:18
    #11 0x7ff5c395a337  (/lib/x86_64-linux-gnu/libc.so.6+0x2a337) (BuildId: 467f544f15035abef911999cbc14489edd0555ab)
    #12 0x7ff5c395a3fa in __libc_start_main (/lib/x86_64-linux-gnu/libc.so.6+0x2a3fa) (BuildId: 467f544f15035abef911999cbc14489edd0555ab)
    #13 0x55ca91511b64 in _start (/workspace/build-asan/tsc+0x74b64) (BuildId: 73a10d7cc646a755f705b0ae57418e68578aec2f)

Indirect leak of 20 byte(s) in 1 object(s) allocated from:
    #0 0x55ca915fa191 in operator new(unsigned long) (/workspace/build-asan/tsc+0x15d191) (BuildId: 73a10d7cc646a755f705b0ae57418e68578aec2f)
    #1 0x7ff5c6ef4944 in llvm::TargetMachine::TargetMachine(llvm::Target const&, llvm::StringRef, llvm::Triple const&, llvm::StringRef, llvm::StringRef, llvm::TargetOptions const&) (/usr/lib/llvm-20/lib/libLLVM.so.20.1+0x2fd8944) (BuildId: b856c61f98abf0989f157f153740fe0fadfbb760)
    #2 0x7ff5c52d0937 in llvm::CodeGenTargetMachineImpl::CodeGenTargetMachineImpl(llvm::Target const&, llvm::StringRef, llvm::Triple const&, llvm::StringRef, llvm::StringRef, llvm::TargetOptions const&, llvm::Reloc::Model, llvm::CodeModel::Model, llvm::CodeGenOptLevel) (/usr/lib/llvm-20/lib/libLLVM.so.20.1+0x13b4937) (BuildId: b856c61f98abf0989f157f153740fe0fadfbb760)
    #3 0x7ff5c7c05e5b  (/usr/lib/llvm-20/lib/libLLVM.so.20.1+0x3ce9e5b) (BuildId: b856c61f98abf0989f157f153740fe0fadfbb760)
    #4 0x7ff5c7c07e74  (/usr/lib/llvm-20/lib/libLLVM.so.20.1+0x3cebe74) (BuildId: b856c61f98abf0989f157f153740fe0fadfbb760)
    #5 0x55ca91648523 in llvm::Target::createTargetMachine(llvm::StringRef, llvm::StringRef, llvm::StringRef, llvm::TargetOptions const&, std::optional<llvm::Reloc::Model>, std::optional<llvm::CodeModel::Model>, llvm::CodeGenOptLevel, bool) const /usr/lib/llvm-20/include/llvm/MC/TargetRegistry.h:462:12
    #6 0x55ca9163a09e in tsc::TargetRegistry::initializeAllTargets() /workspace/src/TargetRegistry.cpp:67:41
    #7 0x55ca9162bdcd in tsc::Compiler::initializeLLVM() /workspace/src/Compiler.cpp:349:14
    #8 0x55ca9162b8b7 in tsc::Compiler::Compiler(tsc::CompilerOptions const&) /workspace/src/Compiler.cpp:24:5
    #9 0x55ca915fd7b5 in main /workspace/src/main.cpp:191:18
    #10 0x7ff5c395a337  (/lib/x86_64-linux-gnu/libc.so.6+0x2a337) (BuildId: 467f544f15035abef911999cbc14489edd0555ab)
    #11 0x7ff5c395a3fa in __libc_start_main (/lib/x86_64-linux-gnu/libc.so.6+0x2a3fa) (BuildId: 467f544f15035abef911999cbc14489edd0555ab)
    #12 0x55ca91511b64 in _start (/workspace/build-asan/tsc+0x74b64) (BuildId: 73a10d7cc646a755f705b0ae57418e68578aec2f)

Indirect leak of 20 byte(s) in 1 object(s) allocated from:
    #0 0x55ca915fa191 in operator new(unsigned long) (/workspace/build-asan/tsc+0x15d191) (BuildId: 73a10d7cc646a755f705b0ae57418e68578aec2f)
    #1 0x7ff5c6801cf4 in llvm::MCSubtargetInfo::MCSubtargetInfo(llvm::Triple const&, llvm::StringRef, llvm::StringRef, llvm::StringRef, llvm::ArrayRef<llvm::StringRef>, llvm::ArrayRef<llvm::SubtargetFeatureKV>, llvm::ArrayRef<llvm::SubtargetSubTypeKV>, llvm::MCWriteProcResEntry const*, llvm::MCWriteLatencyEntry const*, llvm::MCReadAdvanceEntry const*, llvm::InstrStage const*, unsigned int const*, unsigned int const*) (/usr/lib/llvm-20/lib/libLLVM.so.20.1+0x28e5cf4) (BuildId: b856c61f98abf0989f157f153740fe0fadfbb760)
    #2 0x7ff5c7c31328  (/usr/lib/llvm-20/lib/libLLVM.so.20.1+0x3d15328) (BuildId: b856c61f98abf0989f157f153740fe0fadfbb760)
    #3 0x7ff5c52d0793 in llvm::CodeGenTargetMachineImpl::initAsmInfo() (/usr/lib/llvm-20/lib/libLLVM.so.20.1+0x13b4793) (BuildId: b856c61f98abf0989f157f153740fe0fadfbb760)
    #4 0x7ff5c7c060c4  (/usr/lib/llvm-20/lib/libLLVM.so.20.1+0x3cea0c4) (BuildId: b856c61f98abf0989f157f153740fe0fadfbb760)
    #5 0x7ff5c7c07f34  (/usr/lib/llvm-20/lib/libLLVM.so.20.1+0x3cebf34) (BuildId: b856c61f98abf0989f157f153740fe0fadfbb760)
    #6 0x55ca91648523 in llvm::Target::createTargetMachine(llvm::StringRef, llvm::StringRef, llvm::StringRef, llvm::TargetOptions const&, std::optional<llvm::Reloc::Model>, std::optional<llvm::CodeModel::Model>, llvm::CodeGenOptLevel, bool) const /usr/lib/llvm-20/include/llvm/MC/TargetRegistry.h:462:12
    #7 0x55ca9163a09e in tsc::TargetRegistry::initializeAllTargets() /workspace/src/TargetRegistry.cpp:67:41
    #8 0x55ca9162bdcd in tsc::Compiler::initializeLLVM() /workspace/src/Compiler.cpp:349:14
    #9 0x55ca9162b8b7 in tsc::Compiler::Compiler(tsc::CompilerOptions const&) /workspace/src/Compiler.cpp:24:5
    #10 0x55ca915fd7b5 in main /workspace/src/main.cpp:191:18
    #11 0x7ff5c395a337  (/lib/x86_64-linux-gnu/libc.so.6+0x2a337) (BuildId: 467f544f15035abef911999cbc14489edd0555ab)
    #12 0x7ff5c395a3fa in __libc_start_main (/lib/x86_64-linux-gnu/libc.so.6+0x2a3fa) (BuildId: 467f544f15035abef911999cbc14489edd0555ab)
    #13 0x55ca91511b64 in _start (/workspace/build-asan/tsc+0x74b64) (BuildId: 73a10d7cc646a755f705b0ae57418e68578aec2f)

Indirect leak of 20 byte(s) in 1 object(s) allocated from:
    #0 0x55ca915fa191 in operator new(unsigned long) (/workspace/build-asan/tsc+0x15d191) (BuildId: 73a10d7cc646a755f705b0ae57418e68578aec2f)
    #1 0x7ff5c6801cf4 in llvm::MCSubtargetInfo::MCSubtargetInfo(llvm::Triple const&, llvm::StringRef, llvm::StringRef, llvm::StringRef, llvm::ArrayRef<llvm::StringRef>, llvm::ArrayRef<llvm::SubtargetFeatureKV>, llvm::ArrayRef<llvm::SubtargetSubTypeKV>, llvm::MCWriteProcResEntry const*, llvm::MCWriteLatencyEntry const*, llvm::MCReadAdvanceEntry const*, llvm::InstrStage const*, unsigned int const*, unsigned int const*) (/usr/lib/llvm-20/lib/libLLVM.so.20.1+0x28e5cf4) (BuildId: b856c61f98abf0989f157f153740fe0fadfbb760)
    #2 0x7ff5c5590c22 in llvm::TargetSubtargetInfo::TargetSubtargetInfo(llvm::Triple const&, llvm::StringRef, llvm::StringRef, llvm::StringRef, llvm::ArrayRef<llvm::StringRef>, llvm::ArrayRef<llvm::SubtargetFeatureKV>, llvm::ArrayRef<llvm::SubtargetSubTypeKV>, llvm::MCWriteProcResEntry const*, llvm::MCWriteLatencyEntry const*, llvm::MCReadAdvanceEntry const*, llvm::InstrStage const*, unsigned int const*, unsigned int const*) (/usr/lib/llvm-20/lib/libLLVM.so.20.1+0x1674c22) (BuildId: b856c61f98abf0989f157f153740fe0fadfbb760)
    #3 0x7ff5c7c0555c  (/usr/lib/llvm-20/lib/libLLVM.so.20.1+0x3ce955c) (BuildId: b856c61f98abf0989f157f153740fe0fadfbb760)
    #4 0x7ff5c7c06006  (/usr/lib/llvm-20/lib/libLLVM.so.20.1+0x3cea006) (BuildId: b856c61f98abf0989f157f153740fe0fadfbb760)
    #5 0x7ff5c7c07f34  (/usr/lib/llvm-20/lib/libLLVM.so.20.1+0x3cebf34) (BuildId: b856c61f98abf0989f157f153740fe0fadfbb760)
    #6 0x55ca91648523 in llvm::Target::createTargetMachine(llvm::StringRef, llvm::StringRef, llvm::StringRef, llvm::TargetOptions const&, std::optional<llvm::Reloc::Model>, std::optional<llvm::CodeModel::Model>, llvm::CodeGenOptLevel, bool) const /usr/lib/llvm-20/include/llvm/MC/TargetRegistry.h:462:12
    #7 0x55ca9163a09e in tsc::TargetRegistry::initializeAllTargets() /workspace/src/TargetRegistry.cpp:67:41
    #8 0x55ca9162bdcd in tsc::Compiler::initializeLLVM() /workspace/src/Compiler.cpp:349:14
    #9 0x55ca9162b8b7 in tsc::Compiler::Compiler(tsc::CompilerOptions const&) /workspace/src/Compiler.cpp:24:5
    #10 0x55ca915fd7b5 in main /workspace/src/main.cpp:191:18
    #11 0x7ff5c395a337  (/lib/x86_64-linux-gnu/libc.so.6+0x2a337) (BuildId: 467f544f15035abef911999cbc14489edd0555ab)
    #12 0x7ff5c395a3fa in __libc_start_main (/lib/x86_64-linux-gnu/libc.so.6+0x2a3fa) (BuildId: 467f544f15035abef911999cbc14489edd0555ab)
    #13 0x55ca91511b64 in _start (/workspace/build-asan/tsc+0x74b64) (BuildId: 73a10d7cc646a755f705b0ae57418e68578aec2f)

Indirect leak of 20 byte(s) in 1 object(s) allocated from:
    #0 0x55ca915fa191 in operator new(unsigned long) (/workspace/build-asan/tsc+0x15d191) (BuildId: 73a10d7cc646a755f705b0ae57418e68578aec2f)
    #1 0x7ff5c6ef4944 in llvm::TargetMachine::TargetMachine(llvm::Target const&, llvm::StringRef, llvm::Triple const&, llvm::StringRef, llvm::StringRef, llvm::TargetOptions const&) (/usr/lib/llvm-20/lib/libLLVM.so.20.1+0x2fd8944) (BuildId: b856c61f98abf0989f157f153740fe0fadfbb760)
    #2 0x7ff5c52d0937 in llvm::CodeGenTargetMachineImpl::CodeGenTargetMachineImpl(llvm::Target const&, llvm::StringRef, llvm::Triple const&, llvm::StringRef, llvm::StringRef, llvm::TargetOptions const&, llvm::Reloc::Model, llvm::CodeModel::Model, llvm::CodeGenOptLevel) (/usr/lib/llvm-20/lib/libLLVM.so.20.1+0x13b4937) (BuildId: b856c61f98abf0989f157f153740fe0fadfbb760)
    #3 0x7ff5c7c05e5b  (/usr/lib/llvm-20/lib/libLLVM.so.20.1+0x3ce9e5b) (BuildId: b856c61f98abf0989f157f153740fe0fadfbb760)
    #4 0x7ff5c7c07f34  (/usr/lib/llvm-20/lib/libLLVM.so.20.1+0x3cebf34) (BuildId: b856c61f98abf0989f157f153740fe0fadfbb760)
    #5 0x55ca91648523 in llvm::Target::createTargetMachine(llvm::StringRef, llvm::StringRef, llvm::StringRef, llvm::TargetOptions const&, std::optional<llvm::Reloc::Model>, std::optional<llvm::CodeModel::Model>, llvm::CodeGenOptLevel, bool) const /usr/lib/llvm-20/include/llvm/MC/TargetRegistry.h:462:12
    #6 0x55ca9163a09e in tsc::TargetRegistry::initializeAllTargets() /workspace/src/TargetRegistry.cpp:67:41
    #7 0x55ca9162bdcd in tsc::Compiler::initializeLLVM() /workspace/src/Compiler.cpp:349:14
    #8 0x55ca9162b8b7 in tsc::Compiler::Compiler(tsc::CompilerOptions const&) /workspace/src/Compiler.cpp:24:5
    #9 0x55ca915fd7b5 in main /workspace/src/main.cpp:191:18
    #10 0x7ff5c395a337  (/lib/x86_64-linux-gnu/libc.so.6+0x2a337) (BuildId: 467f544f15035abef911999cbc14489edd0555ab)
    #11 0x7ff5c395a3fa in __libc_start_main (/lib/x86_64-linux-gnu/libc.so.6+0x2a3fa) (BuildId: 467f544f15035abef911999cbc14489edd0555ab)
    #12 0x55ca91511b64 in _start (/workspace/build-asan/tsc+0x74b64) (BuildId: 73a10d7cc646a755f705b0ae57418e68578aec2f)

Indirect leak of 20 byte(s) in 1 object(s) allocated from:
    #0 0x55ca915fa191 in operator new(unsigned long) (/workspace/build-asan/tsc+0x15d191) (BuildId: 73a10d7cc646a755f705b0ae57418e68578aec2f)
    #1 0x7ff5c6801cf4 in llvm::MCSubtargetInfo::MCSubtargetInfo(llvm::Triple const&, llvm::StringRef, llvm::StringRef, llvm::StringRef, llvm::ArrayRef<llvm::StringRef>, llvm::ArrayRef<llvm::SubtargetFeatureKV>, llvm::ArrayRef<llvm::SubtargetSubTypeKV>, llvm::MCWriteProcResEntry const*, llvm::MCWriteLatencyEntry const*, llvm::MCReadAdvanceEntry const*, llvm::InstrStage const*, unsigned int const*, unsigned int const*) (/usr/lib/llvm-20/lib/libLLVM.so.20.1+0x28e5cf4) (BuildId: b856c61f98abf0989f157f153740fe0fadfbb760)
    #2 0x7ff5c7ee61fc  (/usr/lib/llvm-20/lib/libLLVM.so.20.1+0x3fca1fc) (BuildId: b856c61f98abf0989f157f153740fe0fadfbb760)
    #3 0x7ff5c52d0793 in llvm::CodeGenTargetMachineImpl::initAsmInfo() (/usr/lib/llvm-20/lib/libLLVM.so.20.1+0x13b4793) (BuildId: b856c61f98abf0989f157f153740fe0fadfbb760)
    #4 0x7ff5c7ed4b76  (/usr/lib/llvm-20/lib/libLLVM.so.20.1+0x3fb8b76) (BuildId: b856c61f98abf0989f157f153740fe0fadfbb760)
    #5 0x7ff5c7ed569c  (/usr/lib/llvm-20/lib/libLLVM.so.20.1+0x3fb969c) (BuildId: b856c61f98abf0989f157f153740fe0fadfbb760)
    #6 0x55ca91648523 in llvm::Target::createTargetMachine(llvm::StringRef, llvm::StringRef, llvm::StringRef, llvm::TargetOptions const&, std::optional<llvm::Reloc::Model>, std::optional<llvm::CodeModel::Model>, llvm::CodeGenOptLevel, bool) const /usr/lib/llvm-20/include/llvm/MC/TargetRegistry.h:462:12
    #7 0x55ca9163a09e in tsc::TargetRegistry::initializeAllTargets() /workspace/src/TargetRegistry.cpp:67:41
    #8 0x55ca9162bdcd in tsc::Compiler::initializeLLVM() /workspace/src/Compiler.cpp:349:14
    #9 0x55ca9162b8b7 in tsc::Compiler::Compiler(tsc::CompilerOptions const&) /workspace/src/Compiler.cpp:24:5
    #10 0x55ca915fd7b5 in main /workspace/src/main.cpp:191:18
    #11 0x7ff5c395a337  (/lib/x86_64-linux-gnu/libc.so.6+0x2a337) (BuildId: 467f544f15035abef911999cbc14489edd0555ab)
    #12 0x7ff5c395a3fa in __libc_start_main (/lib/x86_64-linux-gnu/libc.so.6+0x2a3fa) (BuildId: 467f544f15035abef911999cbc14489edd0555ab)
    #13 0x55ca91511b64 in _start (/workspace/build-asan/tsc+0x74b64) (BuildId: 73a10d7cc646a755f705b0ae57418e68578aec2f)

Indirect leak of 20 byte(s) in 1 object(s) allocated from:
    #0 0x55ca915fa191 in operator new(unsigned long) (/workspace/build-asan/tsc+0x15d191) (BuildId: 73a10d7cc646a755f705b0ae57418e68578aec2f)
    #1 0x7ff5c6ef4944 in llvm::TargetMachine::TargetMachine(llvm::Target const&, llvm::StringRef, llvm::Triple const&, llvm::StringRef, llvm::StringRef, llvm::TargetOptions const&) (/usr/lib/llvm-20/lib/libLLVM.so.20.1+0x2fd8944) (BuildId: b856c61f98abf0989f157f153740fe0fadfbb760)
    #2 0x7ff5c52d0937 in llvm::CodeGenTargetMachineImpl::CodeGenTargetMachineImpl(llvm::Target const&, llvm::StringRef, llvm::Triple const&, llvm::StringRef, llvm::StringRef, llvm::TargetOptions const&, llvm::Reloc::Model, llvm::CodeModel::Model, llvm::CodeGenOptLevel) (/usr/lib/llvm-20/lib/libLLVM.so.20.1+0x13b4937) (BuildId: b856c61f98abf0989f157f153740fe0fadfbb760)
    #3 0x7ff5c7ed4af0  (/usr/lib/llvm-20/lib/libLLVM.so.20.1+0x3fb8af0) (BuildId: b856c61f98abf0989f157f153740fe0fadfbb760)
    #4 0x7ff5c7ed569c  (/usr/lib/llvm-20/lib/libLLVM.so.20.1+0x3fb969c) (BuildId: b856c61f98abf0989f157f153740fe0fadfbb760)
    #5 0x55ca91648523 in llvm::Target::createTargetMachine(llvm::StringRef, llvm::StringRef, llvm::StringRef, llvm::TargetOptions const&, std::optional<llvm::Reloc::Model>, std::optional<llvm::CodeModel::Model>, llvm::CodeGenOptLevel, bool) const /usr/lib/llvm-20/include/llvm/MC/TargetRegistry.h:462:12
    #6 0x55ca9163a09e in tsc::TargetRegistry::initializeAllTargets() /workspace/src/TargetRegistry.cpp:67:41
    #7 0x55ca9162bdcd in tsc::Compiler::initializeLLVM() /workspace/src/Compiler.cpp:349:14
    #8 0x55ca9162b8b7 in tsc::Compiler::Compiler(tsc::CompilerOptions const&) /workspace/src/Compiler.cpp:24:5
    #9 0x55ca915fd7b5 in main /workspace/src/main.cpp:191:18
    #10 0x7ff5c395a337  (/lib/x86_64-linux-gnu/libc.so.6+0x2a337) (BuildId: 467f544f15035abef911999cbc14489edd0555ab)
    #11 0x7ff5c395a3fa in __libc_start_main (/lib/x86_64-linux-gnu/libc.so.6+0x2a3fa) (BuildId: 467f544f15035abef911999cbc14489edd0555ab)
    #12 0x55ca91511b64 in _start (/workspace/build-asan/tsc+0x74b64) (BuildId: 73a10d7cc646a755f705b0ae57418e68578aec2f)

Indirect leak of 20 byte(s) in 1 object(s) allocated from:
    #0 0x55ca915fa191 in operator new(unsigned long) (/workspace/build-asan/tsc+0x15d191) (BuildId: 73a10d7cc646a755f705b0ae57418e68578aec2f)
    #1 0x7ff5c6801cf4 in llvm::MCSubtargetInfo::MCSubtargetInfo(llvm::Triple const&, llvm::StringRef, llvm::StringRef, llvm::StringRef, llvm::ArrayRef<llvm::StringRef>, llvm::ArrayRef<llvm::SubtargetFeatureKV>, llvm::ArrayRef<llvm::SubtargetSubTypeKV>, llvm::MCWriteProcResEntry const*, llvm::MCWriteLatencyEntry const*, llvm::MCReadAdvanceEntry const*, llvm::InstrStage const*, unsigned int const*, unsigned int const*) (/usr/lib/llvm-20/lib/libLLVM.so.20.1+0x28e5cf4) (BuildId: b856c61f98abf0989f157f153740fe0fadfbb760)
    #2 0x7ff5c7ee61fc  (/usr/lib/llvm-20/lib/libLLVM.so.20.1+0x3fca1fc) (BuildId: b856c61f98abf0989f157f153740fe0fadfbb760)
    #3 0x7ff5c52d0793 in llvm::CodeGenTargetMachineImpl::initAsmInfo() (/usr/lib/llvm-20/lib/libLLVM.so.20.1+0x13b4793) (BuildId: b856c61f98abf0989f157f153740fe0fadfbb760)
    #4 0x7ff5c7ed4b76  (/usr/lib/llvm-20/lib/libLLVM.so.20.1+0x3fb8b76) (BuildId: b856c61f98abf0989f157f153740fe0fadfbb760)
    #5 0x7ff5c7ed575c  (/usr/lib/llvm-20/lib/libLLVM.so.20.1+0x3fb975c) (BuildId: b856c61f98abf0989f157f153740fe0fadfbb760)
    #6 0x55ca91648523 in llvm::Target::createTargetMachine(llvm::StringRef, llvm::StringRef, llvm::StringRef, llvm::TargetOptions const&, std::optional<llvm::Reloc::Model>, std::optional<llvm::CodeModel::Model>, llvm::CodeGenOptLevel, bool) const /usr/lib/llvm-20/include/llvm/MC/TargetRegistry.h:462:12
    #7 0x55ca9163a09e in tsc::TargetRegistry::initializeAllTargets() /workspace/src/TargetRegistry.cpp:67:41
    #8 0x55ca9162bdcd in tsc::Compiler::initializeLLVM() /workspace/src/Compiler.cpp:349:14
    #9 0x55ca9162b8b7 in tsc::Compiler::Compiler(tsc::CompilerOptions const&) /workspace/src/Compiler.cpp:24:5
    #10 0x55ca915fd7b5 in main /workspace/src/main.cpp:191:18
    #11 0x7ff5c395a337  (/lib/x86_64-linux-gnu/libc.so.6+0x2a337) (BuildId: 467f544f15035abef911999cbc14489edd0555ab)
    #12 0x7ff5c395a3fa in __libc_start_main (/lib/x86_64-linux-gnu/libc.so.6+0x2a3fa) (BuildId: 467f544f15035abef911999cbc14489edd0555ab)
    #13 0x55ca91511b64 in _start (/workspace/build-asan/tsc+0x74b64) (BuildId: 73a10d7cc646a755f705b0ae57418e68578aec2f)

Indirect leak of 20 byte(s) in 1 object(s) allocated from:
    #0 0x55ca915fa191 in operator new(unsigned long) (/workspace/build-asan/tsc+0x15d191) (BuildId: 73a10d7cc646a755f705b0ae57418e68578aec2f)
    #1 0x7ff5c6ef4944 in llvm::TargetMachine::TargetMachine(llvm::Target const&, llvm::StringRef, llvm::Triple const&, llvm::StringRef, llvm::StringRef, llvm::TargetOptions const&) (/usr/lib/llvm-20/lib/libLLVM.so.20.1+0x2fd8944) (BuildId: b856c61f98abf0989f157f153740fe0fadfbb760)
    #2 0x7ff5c52d0937 in llvm::CodeGenTargetMachineImpl::CodeGenTargetMachineImpl(llvm::Target const&, llvm::StringRef, llvm::Triple const&, llvm::StringRef, llvm::StringRef, llvm::TargetOptions const&, llvm::Reloc::Model, llvm::CodeModel::Model, llvm::CodeGenOptLevel) (/usr/lib/llvm-20/lib/libLLVM.so.20.1+0x13b4937) (BuildId: b856c61f98abf0989f157f153740fe0fadfbb760)
    #3 0x7ff5c7ed4af0  (/usr/lib/llvm-20/lib/libLLVM.so.20.1+0x3fb8af0) (BuildId: b856c61f98abf0989f157f153740fe0fadfbb760)
    #4 0x7ff5c7ed575c  (/usr/lib/llvm-20/lib/libLLVM.so.20.1+0x3fb975c) (BuildId: b856c61f98abf0989f157f153740fe0fadfbb760)
    #5 0x55ca91648523 in llvm::Target::createTargetMachine(llvm::StringRef, llvm::StringRef, llvm::StringRef, llvm::TargetOptions const&, std::optional<llvm::Reloc::Model>, std::optional<llvm::CodeModel::Model>, llvm::CodeGenOptLevel, bool) const /usr/lib/llvm-20/include/llvm/MC/TargetRegistry.h:462:12
    #6 0x55ca9163a09e in tsc::TargetRegistry::initializeAllTargets() /workspace/src/TargetRegistry.cpp:67:41
    #7 0x55ca9162bdcd in tsc::Compiler::initializeLLVM() /workspace/src/Compiler.cpp:349:14
    #8 0x55ca9162b8b7 in tsc::Compiler::Compiler(tsc::CompilerOptions const&) /workspace/src/Compiler.cpp:24:5
    #9 0x55ca915fd7b5 in main /workspace/src/main.cpp:191:18
    #10 0x7ff5c395a337  (/lib/x86_64-linux-gnu/libc.so.6+0x2a337) (BuildId: 467f544f15035abef911999cbc14489edd0555ab)
    #11 0x7ff5c395a3fa in __libc_start_main (/lib/x86_64-linux-gnu/libc.so.6+0x2a3fa) (BuildId: 467f544f15035abef911999cbc14489edd0555ab)
    #12 0x55ca91511b64 in _start (/workspace/build-asan/tsc+0x74b64) (BuildId: 73a10d7cc646a755f705b0ae57418e68578aec2f)

Indirect leak of 20 byte(s) in 1 object(s) allocated from:
    #0 0x55ca915fa191 in operator new(unsigned long) (/workspace/build-asan/tsc+0x15d191) (BuildId: 73a10d7cc646a755f705b0ae57418e68578aec2f)
    #1 0x7ff5c6801cf4 in llvm::MCSubtargetInfo::MCSubtargetInfo(llvm::Triple const&, llvm::StringRef, llvm::StringRef, llvm::StringRef, llvm::ArrayRef<llvm::StringRef>, llvm::ArrayRef<llvm::SubtargetFeatureKV>, llvm::ArrayRef<llvm::SubtargetSubTypeKV>, llvm::MCWriteProcResEntry const*, llvm::MCWriteLatencyEntry const*, llvm::MCReadAdvanceEntry const*, llvm::InstrStage const*, unsigned int const*, unsigned int const*) (/usr/lib/llvm-20/lib/libLLVM.so.20.1+0x28e5cf4) (BuildId: b856c61f98abf0989f157f153740fe0fadfbb760)
    #2 0x7ff5c7ee61fc  (/usr/lib/llvm-20/lib/libLLVM.so.20.1+0x3fca1fc) (BuildId: b856c61f98abf0989f157f153740fe0fadfbb760)
    #3 0x7ff5c52d0793 in llvm::CodeGenTargetMachineImpl::initAsmInfo() (/usr/lib/llvm-20/lib/libLLVM.so.20.1+0x13b4793) (BuildId: b856c61f98abf0989f157f153740fe0fadfbb760)
    #4 0x7ff5c7ed4b76  (/usr/lib/llvm-20/lib/libLLVM.so.20.1+0x3fb8b76) (BuildId: b856c61f98abf0989f157f153740fe0fadfbb760)
    #5 0x7ff5c7ed581c  (/usr/lib/llvm-20/lib/libLLVM.so.20.1+0x3fb981c) (BuildId: b856c61f98abf0989f157f153740fe0fadfbb760)
    #6 0x55ca91648523 in llvm::Target::createTargetMachine(llvm::StringRef, llvm::StringRef, llvm::StringRef, llvm::TargetOptions const&, std::optional<llvm::Reloc::Model>, std::optional<llvm::CodeModel::Model>, llvm::CodeGenOptLevel, bool) const /usr/lib/llvm-20/include/llvm/MC/TargetRegistry.h:462:12
    #7 0x55ca9163a09e in tsc::TargetRegistry::initializeAllTargets() /workspace/src/TargetRegistry.cpp:67:41
    #8 0x55ca9162bdcd in tsc::Compiler::initializeLLVM() /workspace/src/Compiler.cpp:349:14
    #9 0x55ca9162b8b7 in tsc::Compiler::Compiler(tsc::CompilerOptions const&) /workspace/src/Compiler.cpp:24:5
    #10 0x55ca915fd7b5 in main /workspace/src/main.cpp:191:18
    #11 0x7ff5c395a337  (/lib/x86_64-linux-gnu/libc.so.6+0x2a337) (BuildId: 467f544f15035abef911999cbc14489edd0555ab)
    #12 0x7ff5c395a3fa in __libc_start_main (/lib/x86_64-linux-gnu/libc.so.6+0x2a3fa) (BuildId: 467f544f15035abef911999cbc14489edd0555ab)
    #13 0x55ca91511b64 in _start (/workspace/build-asan/tsc+0x74b64) (BuildId: 73a10d7cc646a755f705b0ae57418e68578aec2f)

Indirect leak of 20 byte(s) in 1 object(s) allocated from:
    #0 0x55ca915fa191 in operator new(unsigned long) (/workspace/build-asan/tsc+0x15d191) (BuildId: 73a10d7cc646a755f705b0ae57418e68578aec2f)
    #1 0x7ff5c6ef4944 in llvm::TargetMachine::TargetMachine(llvm::Target const&, llvm::StringRef, llvm::Triple const&, llvm::StringRef, llvm::StringRef, llvm::TargetOptions const&) (/usr/lib/llvm-20/lib/libLLVM.so.20.1+0x2fd8944) (BuildId: b856c61f98abf0989f157f153740fe0fadfbb760)
    #2 0x7ff5c52d0937 in llvm::CodeGenTargetMachineImpl::CodeGenTargetMachineImpl(llvm::Target const&, llvm::StringRef, llvm::Triple const&, llvm::StringRef, llvm::StringRef, llvm::TargetOptions const&, llvm::Reloc::Model, llvm::CodeModel::Model, llvm::CodeGenOptLevel) (/usr/lib/llvm-20/lib/libLLVM.so.20.1+0x13b4937) (BuildId: b856c61f98abf0989f157f153740fe0fadfbb760)
    #3 0x7ff5c7ed4af0  (/usr/lib/llvm-20/lib/libLLVM.so.20.1+0x3fb8af0) (BuildId: b856c61f98abf0989f157f153740fe0fadfbb760)
    #4 0x7ff5c7ed581c  (/usr/lib/llvm-20/lib/libLLVM.so.20.1+0x3fb981c) (BuildId: b856c61f98abf0989f157f153740fe0fadfbb760)
    #5 0x55ca91648523 in llvm::Target::createTargetMachine(llvm::StringRef, llvm::StringRef, llvm::StringRef, llvm::TargetOptions const&, std::optional<llvm::Reloc::Model>, std::optional<llvm::CodeModel::Model>, llvm::CodeGenOptLevel, bool) const /usr/lib/llvm-20/include/llvm/MC/TargetRegistry.h:462:12
    #6 0x55ca9163a09e in tsc::TargetRegistry::initializeAllTargets() /workspace/src/TargetRegistry.cpp:67:41
    #7 0x55ca9162bdcd in tsc::Compiler::initializeLLVM() /workspace/src/Compiler.cpp:349:14
    #8 0x55ca9162b8b7 in tsc::Compiler::Compiler(tsc::CompilerOptions const&) /workspace/src/Compiler.cpp:24:5
    #9 0x55ca915fd7b5 in main /workspace/src/main.cpp:191:18
    #10 0x7ff5c395a337  (/lib/x86_64-linux-gnu/libc.so.6+0x2a337) (BuildId: 467f544f15035abef911999cbc14489edd0555ab)
    #11 0x7ff5c395a3fa in __libc_start_main (/lib/x86_64-linux-gnu/libc.so.6+0x2a3fa) (BuildId: 467f544f15035abef911999cbc14489edd0555ab)
    #12 0x55ca91511b64 in _start (/workspace/build-asan/tsc+0x74b64) (BuildId: 73a10d7cc646a755f705b0ae57418e68578aec2f)

Indirect leak of 16 byte(s) in 2 object(s) allocated from:
    #0 0x55ca915fa191 in operator new(unsigned long) (/workspace/build-asan/tsc+0x15d191) (BuildId: 73a10d7cc646a755f705b0ae57418e68578aec2f)
    #1 0x7ff5c7b6089e  (/usr/lib/llvm-20/lib/libLLVM.so.20.1+0x3c4489e) (BuildId: b856c61f98abf0989f157f153740fe0fadfbb760)
    #2 0x7ff5c7b61710  (/usr/lib/llvm-20/lib/libLLVM.so.20.1+0x3c45710) (BuildId: b856c61f98abf0989f157f153740fe0fadfbb760)
    #3 0x7ff5c7b62a6c  (/usr/lib/llvm-20/lib/libLLVM.so.20.1+0x3c46a6c) (BuildId: b856c61f98abf0989f157f153740fe0fadfbb760)
    #4 0x55ca91648523 in llvm::Target::createTargetMachine(llvm::StringRef, llvm::StringRef, llvm::StringRef, llvm::TargetOptions const&, std::optional<llvm::Reloc::Model>, std::optional<llvm::CodeModel::Model>, llvm::CodeGenOptLevel, bool) const /usr/lib/llvm-20/include/llvm/MC/TargetRegistry.h:462:12
    #5 0x55ca9163a09e in tsc::TargetRegistry::initializeAllTargets() /workspace/src/TargetRegistry.cpp:67:41
    #6 0x55ca9162bdcd in tsc::Compiler::initializeLLVM() /workspace/src/Compiler.cpp:349:14
    #7 0x55ca9162b8b7 in tsc::Compiler::Compiler(tsc::CompilerOptions const&) /workspace/src/Compiler.cpp:24:5
    #8 0x55ca915fd7b5 in main /workspace/src/main.cpp:191:18
    #9 0x7ff5c395a337  (/lib/x86_64-linux-gnu/libc.so.6+0x2a337) (BuildId: 467f544f15035abef911999cbc14489edd0555ab)
    #10 0x7ff5c395a3fa in __libc_start_main (/lib/x86_64-linux-gnu/libc.so.6+0x2a3fa) (BuildId: 467f544f15035abef911999cbc14489edd0555ab)
    #11 0x55ca91511b64 in _start (/workspace/build-asan/tsc+0x74b64) (BuildId: 73a10d7cc646a755f705b0ae57418e68578aec2f)

Indirect leak of 16 byte(s) in 2 object(s) allocated from:
    #0 0x55ca915fa191 in operator new(unsigned long) (/workspace/build-asan/tsc+0x15d191) (BuildId: 73a10d7cc646a755f705b0ae57418e68578aec2f)
    #1 0x7ff5c7b6089e  (/usr/lib/llvm-20/lib/libLLVM.so.20.1+0x3c4489e) (BuildId: b856c61f98abf0989f157f153740fe0fadfbb760)
    #2 0x7ff5c7b61710  (/usr/lib/llvm-20/lib/libLLVM.so.20.1+0x3c45710) (BuildId: b856c61f98abf0989f157f153740fe0fadfbb760)
    #3 0x7ff5c7b62b2c  (/usr/lib/llvm-20/lib/libLLVM.so.20.1+0x3c46b2c) (BuildId: b856c61f98abf0989f157f153740fe0fadfbb760)
    #4 0x55ca91648523 in llvm::Target::createTargetMachine(llvm::StringRef, llvm::StringRef, llvm::StringRef, llvm::TargetOptions const&, std::optional<llvm::Reloc::Model>, std::optional<llvm::CodeModel::Model>, llvm::CodeGenOptLevel, bool) const /usr/lib/llvm-20/include/llvm/MC/TargetRegistry.h:462:12
    #5 0x55ca9163a09e in tsc::TargetRegistry::initializeAllTargets() /workspace/src/TargetRegistry.cpp:67:41
    #6 0x55ca9162bdcd in tsc::Compiler::initializeLLVM() /workspace/src/Compiler.cpp:349:14
    #7 0x55ca9162b8b7 in tsc::Compiler::Compiler(tsc::CompilerOptions const&) /workspace/src/Compiler.cpp:24:5
    #8 0x55ca915fd7b5 in main /workspace/src/main.cpp:191:18
    #9 0x7ff5c395a337  (/lib/x86_64-linux-gnu/libc.so.6+0x2a337) (BuildId: 467f544f15035abef911999cbc14489edd0555ab)
    #10 0x7ff5c395a3fa in __libc_start_main (/lib/x86_64-linux-gnu/libc.so.6+0x2a3fa) (BuildId: 467f544f15035abef911999cbc14489edd0555ab)
    #11 0x55ca91511b64 in _start (/workspace/build-asan/tsc+0x74b64) (BuildId: 73a10d7cc646a755f705b0ae57418e68578aec2f)

Indirect leak of 16 byte(s) in 2 object(s) allocated from:
    #0 0x55ca915fa191 in operator new(unsigned long) (/workspace/build-asan/tsc+0x15d191) (BuildId: 73a10d7cc646a755f705b0ae57418e68578aec2f)
    #1 0x7ff5c7b6089e  (/usr/lib/llvm-20/lib/libLLVM.so.20.1+0x3c4489e) (BuildId: b856c61f98abf0989f157f153740fe0fadfbb760)
    #2 0x7ff5c7b61a19  (/usr/lib/llvm-20/lib/libLLVM.so.20.1+0x3c45a19) (BuildId: b856c61f98abf0989f157f153740fe0fadfbb760)
    #3 0x7ff5c7b62b2c  (/usr/lib/llvm-20/lib/libLLVM.so.20.1+0x3c46b2c) (BuildId: b856c61f98abf0989f157f153740fe0fadfbb760)
    #4 0x55ca91648523 in llvm::Target::createTargetMachine(llvm::StringRef, llvm::StringRef, llvm::StringRef, llvm::TargetOptions const&, std::optional<llvm::Reloc::Model>, std::optional<llvm::CodeModel::Model>, llvm::CodeGenOptLevel, bool) const /usr/lib/llvm-20/include/llvm/MC/TargetRegistry.h:462:12
    #5 0x55ca9163a09e in tsc::TargetRegistry::initializeAllTargets() /workspace/src/TargetRegistry.cpp:67:41
    #6 0x55ca9162bdcd in tsc::Compiler::initializeLLVM() /workspace/src/Compiler.cpp:349:14
    #7 0x55ca9162b8b7 in tsc::Compiler::Compiler(tsc::CompilerOptions const&) /workspace/src/Compiler.cpp:24:5
    #8 0x55ca915fd7b5 in main /workspace/src/main.cpp:191:18
    #9 0x7ff5c395a337  (/lib/x86_64-linux-gnu/libc.so.6+0x2a337) (BuildId: 467f544f15035abef911999cbc14489edd0555ab)
    #10 0x7ff5c395a3fa in __libc_start_main (/lib/x86_64-linux-gnu/libc.so.6+0x2a3fa) (BuildId: 467f544f15035abef911999cbc14489edd0555ab)
    #11 0x55ca91511b64 in _start (/workspace/build-asan/tsc+0x74b64) (BuildId: 73a10d7cc646a755f705b0ae57418e68578aec2f)

Indirect leak of 16 byte(s) in 2 object(s) allocated from:
    #0 0x55ca915fa191 in operator new(unsigned long) (/workspace/build-asan/tsc+0x15d191) (BuildId: 73a10d7cc646a755f705b0ae57418e68578aec2f)
    #1 0x7ff5c7b6089e  (/usr/lib/llvm-20/lib/libLLVM.so.20.1+0x3c4489e) (BuildId: b856c61f98abf0989f157f153740fe0fadfbb760)
    #2 0x7ff5c7b61a19  (/usr/lib/llvm-20/lib/libLLVM.so.20.1+0x3c45a19) (BuildId: b856c61f98abf0989f157f153740fe0fadfbb760)
    #3 0x7ff5c7b62a6c  (/usr/lib/llvm-20/lib/libLLVM.so.20.1+0x3c46a6c) (BuildId: b856c61f98abf0989f157f153740fe0fadfbb760)
    #4 0x55ca91648523 in llvm::Target::createTargetMachine(llvm::StringRef, llvm::StringRef, llvm::StringRef, llvm::TargetOptions const&, std::optional<llvm::Reloc::Model>, std::optional<llvm::CodeModel::Model>, llvm::CodeGenOptLevel, bool) const /usr/lib/llvm-20/include/llvm/MC/TargetRegistry.h:462:12
    #5 0x55ca9163a09e in tsc::TargetRegistry::initializeAllTargets() /workspace/src/TargetRegistry.cpp:67:41
    #6 0x55ca9162bdcd in tsc::Compiler::initializeLLVM() /workspace/src/Compiler.cpp:349:14
    #7 0x55ca9162b8b7 in tsc::Compiler::Compiler(tsc::CompilerOptions const&) /workspace/src/Compiler.cpp:24:5
    #8 0x55ca915fd7b5 in main /workspace/src/main.cpp:191:18
    #9 0x7ff5c395a337  (/lib/x86_64-linux-gnu/libc.so.6+0x2a337) (BuildId: 467f544f15035abef911999cbc14489edd0555ab)
    #10 0x7ff5c395a3fa in __libc_start_main (/lib/x86_64-linux-gnu/libc.so.6+0x2a3fa) (BuildId: 467f544f15035abef911999cbc14489edd0555ab)
    #11 0x55ca91511b64 in _start (/workspace/build-asan/tsc+0x74b64) (BuildId: 73a10d7cc646a755f705b0ae57418e68578aec2f)

Indirect leak of 16 byte(s) in 2 object(s) allocated from:
    #0 0x55ca915fa191 in operator new(unsigned long) (/workspace/build-asan/tsc+0x15d191) (BuildId: 73a10d7cc646a755f705b0ae57418e68578aec2f)
    #1 0x7ff5c7b6089e  (/usr/lib/llvm-20/lib/libLLVM.so.20.1+0x3c4489e) (BuildId: b856c61f98abf0989f157f153740fe0fadfbb760)
    #2 0x7ff5c7b6188a  (/usr/lib/llvm-20/lib/libLLVM.so.20.1+0x3c4588a) (BuildId: b856c61f98abf0989f157f153740fe0fadfbb760)
    #3 0x7ff5c7b62b2c  (/usr/lib/llvm-20/lib/libLLVM.so.20.1+0x3c46b2c) (BuildId: b856c61f98abf0989f157f153740fe0fadfbb760)
    #4 0x55ca91648523 in llvm::Target::createTargetMachine(llvm::StringRef, llvm::StringRef, llvm::StringRef, llvm::TargetOptions const&, std::optional<llvm::Reloc::Model>, std::optional<llvm::CodeModel::Model>, llvm::CodeGenOptLevel, bool) const /usr/lib/llvm-20/include/llvm/MC/TargetRegistry.h:462:12
    #5 0x55ca9163a09e in tsc::TargetRegistry::initializeAllTargets() /workspace/src/TargetRegistry.cpp:67:41
    #6 0x55ca9162bdcd in tsc::Compiler::initializeLLVM() /workspace/src/Compiler.cpp:349:14
    #7 0x55ca9162b8b7 in tsc::Compiler::Compiler(tsc::CompilerOptions const&) /workspace/src/Compiler.cpp:24:5
    #8 0x55ca915fd7b5 in main /workspace/src/main.cpp:191:18
    #9 0x7ff5c395a337  (/lib/x86_64-linux-gnu/libc.so.6+0x2a337) (BuildId: 467f544f15035abef911999cbc14489edd0555ab)
    #10 0x7ff5c395a3fa in __libc_start_main (/lib/x86_64-linux-gnu/libc.so.6+0x2a3fa) (BuildId: 467f544f15035abef911999cbc14489edd0555ab)
    #11 0x55ca91511b64 in _start (/workspace/build-asan/tsc+0x74b64) (BuildId: 73a10d7cc646a755f705b0ae57418e68578aec2f)

Indirect leak of 16 byte(s) in 2 object(s) allocated from:
    #0 0x55ca915fa191 in operator new(unsigned long) (/workspace/build-asan/tsc+0x15d191) (BuildId: 73a10d7cc646a755f705b0ae57418e68578aec2f)
    #1 0x7ff5c7b6089e  (/usr/lib/llvm-20/lib/libLLVM.so.20.1+0x3c4489e) (BuildId: b856c61f98abf0989f157f153740fe0fadfbb760)
    #2 0x7ff5c7b6188a  (/usr/lib/llvm-20/lib/libLLVM.so.20.1+0x3c4588a) (BuildId: b856c61f98abf0989f157f153740fe0fadfbb760)
    #3 0x7ff5c7b62a6c  (/usr/lib/llvm-20/lib/libLLVM.so.20.1+0x3c46a6c) (BuildId: b856c61f98abf0989f157f153740fe0fadfbb760)
    #4 0x55ca91648523 in llvm::Target::createTargetMachine(llvm::StringRef, llvm::StringRef, llvm::StringRef, llvm::TargetOptions const&, std::optional<llvm::Reloc::Model>, std::optional<llvm::CodeModel::Model>, llvm::CodeGenOptLevel, bool) const /usr/lib/llvm-20/include/llvm/MC/TargetRegistry.h:462:12
    #5 0x55ca9163a09e in tsc::TargetRegistry::initializeAllTargets() /workspace/src/TargetRegistry.cpp:67:41
    #6 0x55ca9162bdcd in tsc::Compiler::initializeLLVM() /workspace/src/Compiler.cpp:349:14
    #7 0x55ca9162b8b7 in tsc::Compiler::Compiler(tsc::CompilerOptions const&) /workspace/src/Compiler.cpp:24:5
    #8 0x55ca915fd7b5 in main /workspace/src/main.cpp:191:18
    #9 0x7ff5c395a337  (/lib/x86_64-linux-gnu/libc.so.6+0x2a337) (BuildId: 467f544f15035abef911999cbc14489edd0555ab)
    #10 0x7ff5c395a3fa in __libc_start_main (/lib/x86_64-linux-gnu/libc.so.6+0x2a3fa) (BuildId: 467f544f15035abef911999cbc14489edd0555ab)
    #11 0x55ca91511b64 in _start (/workspace/build-asan/tsc+0x74b64) (BuildId: 73a10d7cc646a755f705b0ae57418e68578aec2f)

Indirect leak of 16 byte(s) in 1 object(s) allocated from:
    #0 0x55ca915fa191 in operator new(unsigned long) (/workspace/build-asan/tsc+0x15d191) (BuildId: 73a10d7cc646a755f705b0ae57418e68578aec2f)
    #1 0x7ff5c845649b  (/usr/lib/llvm-20/lib/libLLVM.so.20.1+0x453a49b) (BuildId: b856c61f98abf0989f157f153740fe0fadfbb760)
    #2 0x7ff5c8457105  (/usr/lib/llvm-20/lib/libLLVM.so.20.1+0x453b105) (BuildId: b856c61f98abf0989f157f153740fe0fadfbb760)
    #3 0x7ff5c8457a7a  (/usr/lib/llvm-20/lib/libLLVM.so.20.1+0x453ba7a) (BuildId: b856c61f98abf0989f157f153740fe0fadfbb760)
    #4 0x55ca91648523 in llvm::Target::createTargetMachine(llvm::StringRef, llvm::StringRef, llvm::StringRef, llvm::TargetOptions const&, std::optional<llvm::Reloc::Model>, std::optional<llvm::CodeModel::Model>, llvm::CodeGenOptLevel, bool) const /usr/lib/llvm-20/include/llvm/MC/TargetRegistry.h:462:12
    #5 0x55ca9163a09e in tsc::TargetRegistry::initializeAllTargets() /workspace/src/TargetRegistry.cpp:67:41
    #6 0x55ca9162bdcd in tsc::Compiler::initializeLLVM() /workspace/src/Compiler.cpp:349:14
    #7 0x55ca9162b8b7 in tsc::Compiler::Compiler(tsc::CompilerOptions const&) /workspace/src/Compiler.cpp:24:5
    #8 0x55ca915fd7b5 in main /workspace/src/main.cpp:191:18
    #9 0x7ff5c395a337  (/lib/x86_64-linux-gnu/libc.so.6+0x2a337) (BuildId: 467f544f15035abef911999cbc14489edd0555ab)
    #10 0x7ff5c395a3fa in __libc_start_main (/lib/x86_64-linux-gnu/libc.so.6+0x2a3fa) (BuildId: 467f544f15035abef911999cbc14489edd0555ab)
    #11 0x55ca91511b64 in _start (/workspace/build-asan/tsc+0x74b64) (BuildId: 73a10d7cc646a755f705b0ae57418e68578aec2f)

Indirect leak of 12 byte(s) in 3 object(s) allocated from:
    #0 0x55ca915fa191 in operator new(unsigned long) (/workspace/build-asan/tsc+0x15d191) (BuildId: 73a10d7cc646a755f705b0ae57418e68578aec2f)
    #1 0x7ff5c5a01b0a in std::vector<std::pair<unsigned short, llvm::LegacyLegalizeActions::LegacyLegalizeAction>, std::allocator<std::pair<unsigned short, llvm::LegacyLegalizeActions::LegacyLegalizeAction>>>::operator=(std::vector<std::pair<unsigned short, llvm::LegacyLegalizeActions::LegacyLegalizeAction>, std::allocator<std::pair<unsigned short, llvm::LegacyLegalizeActions::LegacyLegalizeAction>>> const&) (/usr/lib/llvm-20/lib/libLLVM.so.20.1+0x1ae5b0a) (BuildId: b856c61f98abf0989f157f153740fe0fadfbb760)
    #2 0x7ff5c59fed33 in llvm::LegacyLegalizerInfo::LegacyLegalizerInfo() (/usr/lib/llvm-20/lib/libLLVM.so.20.1+0x1ae2d33) (BuildId: b856c61f98abf0989f157f153740fe0fadfbb760)
    #3 0x7ff5c7f58893  (/usr/lib/llvm-20/lib/libLLVM.so.20.1+0x403c893) (BuildId: b856c61f98abf0989f157f153740fe0fadfbb760)
    #4 0x7ff5c7f81ab1  (/usr/lib/llvm-20/lib/libLLVM.so.20.1+0x4065ab1) (BuildId: b856c61f98abf0989f157f153740fe0fadfbb760)
    #5 0x7ff5c7f83c8f  (/usr/lib/llvm-20/lib/libLLVM.so.20.1+0x4067c8f) (BuildId: b856c61f98abf0989f157f153740fe0fadfbb760)
    #6 0x7ff5c7f8526a  (/usr/lib/llvm-20/lib/libLLVM.so.20.1+0x406926a) (BuildId: b856c61f98abf0989f157f153740fe0fadfbb760)
    #7 0x55ca91648523 in llvm::Target::createTargetMachine(llvm::StringRef, llvm::StringRef, llvm::StringRef, llvm::TargetOptions const&, std::optional<llvm::Reloc::Model>, std::optional<llvm::CodeModel::Model>, llvm::CodeGenOptLevel, bool) const /usr/lib/llvm-20/include/llvm/MC/TargetRegistry.h:462:12
    #8 0x55ca9163a09e in tsc::TargetRegistry::initializeAllTargets() /workspace/src/TargetRegistry.cpp:67:41
    #9 0x55ca9162bdcd in tsc::Compiler::initializeLLVM() /workspace/src/Compiler.cpp:349:14
    #10 0x55ca9162b8b7 in tsc::Compiler::Compiler(tsc::CompilerOptions const&) /workspace/src/Compiler.cpp:24:5
    #11 0x55ca915fd7b5 in main /workspace/src/main.cpp:191:18
    #12 0x7ff5c395a337  (/lib/x86_64-linux-gnu/libc.so.6+0x2a337) (BuildId: 467f544f15035abef911999cbc14489edd0555ab)
    #13 0x7ff5c395a3fa in __libc_start_main (/lib/x86_64-linux-gnu/libc.so.6+0x2a3fa) (BuildId: 467f544f15035abef911999cbc14489edd0555ab)
    #14 0x55ca91511b64 in _start (/workspace/build-asan/tsc+0x74b64) (BuildId: 73a10d7cc646a755f705b0ae57418e68578aec2f)

Indirect leak of 12 byte(s) in 3 object(s) allocated from:
    #0 0x55ca915fa191 in operator new(unsigned long) (/workspace/build-asan/tsc+0x15d191) (BuildId: 73a10d7cc646a755f705b0ae57418e68578aec2f)
    #1 0x7ff5c5a01b0a in std::vector<std::pair<unsigned short, llvm::LegacyLegalizeActions::LegacyLegalizeAction>, std::allocator<std::pair<unsigned short, llvm::LegacyLegalizeActions::LegacyLegalizeAction>>>::operator=(std::vector<std::pair<unsigned short, llvm::LegacyLegalizeActions::LegacyLegalizeAction>, std::allocator<std::pair<unsigned short, llvm::LegacyLegalizeActions::LegacyLegalizeAction>>> const&) (/usr/lib/llvm-20/lib/libLLVM.so.20.1+0x1ae5b0a) (BuildId: b856c61f98abf0989f157f153740fe0fadfbb760)
    #2 0x7ff5c59fece3 in llvm::LegacyLegalizerInfo::LegacyLegalizerInfo() (/usr/lib/llvm-20/lib/libLLVM.so.20.1+0x1ae2ce3) (BuildId: b856c61f98abf0989f157f153740fe0fadfbb760)
    #3 0x7ff5c7f58893  (/usr/lib/llvm-20/lib/libLLVM.so.20.1+0x403c893) (BuildId: b856c61f98abf0989f157f153740fe0fadfbb760)
    #4 0x7ff5c7f81ab1  (/usr/lib/llvm-20/lib/libLLVM.so.20.1+0x4065ab1) (BuildId: b856c61f98abf0989f157f153740fe0fadfbb760)
    #5 0x7ff5c7f83c8f  (/usr/lib/llvm-20/lib/libLLVM.so.20.1+0x4067c8f) (BuildId: b856c61f98abf0989f157f153740fe0fadfbb760)
    #6 0x7ff5c7f8526a  (/usr/lib/llvm-20/lib/libLLVM.so.20.1+0x406926a) (BuildId: b856c61f98abf0989f157f153740fe0fadfbb760)
    #7 0x55ca91648523 in llvm::Target::createTargetMachine(llvm::StringRef, llvm::StringRef, llvm::StringRef, llvm::TargetOptions const&, std::optional<llvm::Reloc::Model>, std::optional<llvm::CodeModel::Model>, llvm::CodeGenOptLevel, bool) const /usr/lib/llvm-20/include/llvm/MC/TargetRegistry.h:462:12
    #8 0x55ca9163a09e in tsc::TargetRegistry::initializeAllTargets() /workspace/src/TargetRegistry.cpp:67:41
    #9 0x55ca9162bdcd in tsc::Compiler::initializeLLVM() /workspace/src/Compiler.cpp:349:14
    #10 0x55ca9162b8b7 in tsc::Compiler::Compiler(tsc::CompilerOptions const&) /workspace/src/Compiler.cpp:24:5
    #11 0x55ca915fd7b5 in main /workspace/src/main.cpp:191:18
    #12 0x7ff5c395a337  (/lib/x86_64-linux-gnu/libc.so.6+0x2a337) (BuildId: 467f544f15035abef911999cbc14489edd0555ab)
    #13 0x7ff5c395a3fa in __libc_start_main (/lib/x86_64-linux-gnu/libc.so.6+0x2a3fa) (BuildId: 467f544f15035abef911999cbc14489edd0555ab)
    #14 0x55ca91511b64 in _start (/workspace/build-asan/tsc+0x74b64) (BuildId: 73a10d7cc646a755f705b0ae57418e68578aec2f)

Indirect leak of 12 byte(s) in 3 object(s) allocated from:
    #0 0x55ca915fa191 in operator new(unsigned long) (/workspace/build-asan/tsc+0x15d191) (BuildId: 73a10d7cc646a755f705b0ae57418e68578aec2f)
    #1 0x7ff5c5a01b0a in std::vector<std::pair<unsigned short, llvm::LegacyLegalizeActions::LegacyLegalizeAction>, std::allocator<std::pair<unsigned short, llvm::LegacyLegalizeActions::LegacyLegalizeAction>>>::operator=(std::vector<std::pair<unsigned short, llvm::LegacyLegalizeActions::LegacyLegalizeAction>, std::allocator<std::pair<unsigned short, llvm::LegacyLegalizeActions::LegacyLegalizeAction>>> const&) (/usr/lib/llvm-20/lib/libLLVM.so.20.1+0x1ae5b0a) (BuildId: b856c61f98abf0989f157f153740fe0fadfbb760)
    #2 0x7ff5c59fec93 in llvm::LegacyLegalizerInfo::LegacyLegalizerInfo() (/usr/lib/llvm-20/lib/libLLVM.so.20.1+0x1ae2c93) (BuildId: b856c61f98abf0989f157f153740fe0fadfbb760)
    #3 0x7ff5c7f58893  (/usr/lib/llvm-20/lib/libLLVM.so.20.1+0x403c893) (BuildId: b856c61f98abf0989f157f153740fe0fadfbb760)
    #4 0x7ff5c7f81ab1  (/usr/lib/llvm-20/lib/libLLVM.so.20.1+0x4065ab1) (BuildId: b856c61f98abf0989f157f153740fe0fadfbb760)
    #5 0x7ff5c7f83c8f  (/usr/lib/llvm-20/lib/libLLVM.so.20.1+0x4067c8f) (BuildId: b856c61f98abf0989f157f153740fe0fadfbb760)
    #6 0x7ff5c7f8526a  (/usr/lib/llvm-20/lib/libLLVM.so.20.1+0x406926a) (BuildId: b856c61f98abf0989f157f153740fe0fadfbb760)
    #7 0x55ca91648523 in llvm::Target::createTargetMachine(llvm::StringRef, llvm::StringRef, llvm::StringRef, llvm::TargetOptions const&, std::optional<llvm::Reloc::Model>, std::optional<llvm::CodeModel::Model>, llvm::CodeGenOptLevel, bool) const /usr/lib/llvm-20/include/llvm/MC/TargetRegistry.h:462:12
    #8 0x55ca9163a09e in tsc::TargetRegistry::initializeAllTargets() /workspace/src/TargetRegistry.cpp:67:41
    #9 0x55ca9162bdcd in tsc::Compiler::initializeLLVM() /workspace/src/Compiler.cpp:349:14
    #10 0x55ca9162b8b7 in tsc::Compiler::Compiler(tsc::CompilerOptions const&) /workspace/src/Compiler.cpp:24:5
    #11 0x55ca915fd7b5 in main /workspace/src/main.cpp:191:18
    #12 0x7ff5c395a337  (/lib/x86_64-linux-gnu/libc.so.6+0x2a337) (BuildId: 467f544f15035abef911999cbc14489edd0555ab)
    #13 0x7ff5c395a3fa in __libc_start_main (/lib/x86_64-linux-gnu/libc.so.6+0x2a3fa) (BuildId: 467f544f15035abef911999cbc14489edd0555ab)
    #14 0x55ca91511b64 in _start (/workspace/build-asan/tsc+0x74b64) (BuildId: 73a10d7cc646a755f705b0ae57418e68578aec2f)

Indirect leak of 12 byte(s) in 3 object(s) allocated from:
    #0 0x55ca915fa191 in operator new(unsigned long) (/workspace/build-asan/tsc+0x15d191) (BuildId: 73a10d7cc646a755f705b0ae57418e68578aec2f)
    #1 0x7ff5c5a01b0a in std::vector<std::pair<unsigned short, llvm::LegacyLegalizeActions::LegacyLegalizeAction>, std::allocator<std::pair<unsigned short, llvm::LegacyLegalizeActions::LegacyLegalizeAction>>>::operator=(std::vector<std::pair<unsigned short, llvm::LegacyLegalizeActions::LegacyLegalizeAction>, std::allocator<std::pair<unsigned short, llvm::LegacyLegalizeActions::LegacyLegalizeAction>>> const&) (/usr/lib/llvm-20/lib/libLLVM.so.20.1+0x1ae5b0a) (BuildId: b856c61f98abf0989f157f153740fe0fadfbb760)
    #2 0x7ff5c59ff240 in llvm::LegacyLegalizerInfo::LegacyLegalizerInfo() (/usr/lib/llvm-20/lib/libLLVM.so.20.1+0x1ae3240) (BuildId: b856c61f98abf0989f157f153740fe0fadfbb760)
    #3 0x7ff5c788b02b  (/usr/lib/llvm-20/lib/libLLVM.so.20.1+0x396f02b) (BuildId: b856c61f98abf0989f157f153740fe0fadfbb760)
    #4 0x7ff5c78a436d  (/usr/lib/llvm-20/lib/libLLVM.so.20.1+0x398836d) (BuildId: b856c61f98abf0989f157f153740fe0fadfbb760)
    #5 0x7ff5c78a49df  (/usr/lib/llvm-20/lib/libLLVM.so.20.1+0x39889df) (BuildId: b856c61f98abf0989f157f153740fe0fadfbb760)
    #6 0x7ff5c78a5f8a  (/usr/lib/llvm-20/lib/libLLVM.so.20.1+0x3989f8a) (BuildId: b856c61f98abf0989f157f153740fe0fadfbb760)
    #7 0x55ca91648523 in llvm::Target::createTargetMachine(llvm::StringRef, llvm::StringRef, llvm::StringRef, llvm::TargetOptions const&, std::optional<llvm::Reloc::Model>, std::optional<llvm::CodeModel::Model>, llvm::CodeGenOptLevel, bool) const /usr/lib/llvm-20/include/llvm/MC/TargetRegistry.h:462:12
    #8 0x55ca9163a09e in tsc::TargetRegistry::initializeAllTargets() /workspace/src/TargetRegistry.cpp:67:41
    #9 0x55ca9162bdcd in tsc::Compiler::initializeLLVM() /workspace/src/Compiler.cpp:349:14
    #10 0x55ca9162b8b7 in tsc::Compiler::Compiler(tsc::CompilerOptions const&) /workspace/src/Compiler.cpp:24:5
    #11 0x55ca915fd7b5 in main /workspace/src/main.cpp:191:18
    #12 0x7ff5c395a337  (/lib/x86_64-linux-gnu/libc.so.6+0x2a337) (BuildId: 467f544f15035abef911999cbc14489edd0555ab)
    #13 0x7ff5c395a3fa in __libc_start_main (/lib/x86_64-linux-gnu/libc.so.6+0x2a3fa) (BuildId: 467f544f15035abef911999cbc14489edd0555ab)
    #14 0x55ca91511b64 in _start (/workspace/build-asan/tsc+0x74b64) (BuildId: 73a10d7cc646a755f705b0ae57418e68578aec2f)

Indirect leak of 12 byte(s) in 3 object(s) allocated from:
    #0 0x55ca915fa191 in operator new(unsigned long) (/workspace/build-asan/tsc+0x15d191) (BuildId: 73a10d7cc646a755f705b0ae57418e68578aec2f)
    #1 0x7ff5c5a01b0a in std::vector<std::pair<unsigned short, llvm::LegacyLegalizeActions::LegacyLegalizeAction>, std::allocator<std::pair<unsigned short, llvm::LegacyLegalizeActions::LegacyLegalizeAction>>>::operator=(std::vector<std::pair<unsigned short, llvm::LegacyLegalizeActions::LegacyLegalizeAction>, std::allocator<std::pair<unsigned short, llvm::LegacyLegalizeActions::LegacyLegalizeAction>>> const&) (/usr/lib/llvm-20/lib/libLLVM.so.20.1+0x1ae5b0a) (BuildId: b856c61f98abf0989f157f153740fe0fadfbb760)
    #2 0x7ff5c59fef03 in llvm::LegacyLegalizerInfo::LegacyLegalizerInfo() (/usr/lib/llvm-20/lib/libLLVM.so.20.1+0x1ae2f03) (BuildId: b856c61f98abf0989f157f153740fe0fadfbb760)
    #3 0x7ff5c788b02b  (/usr/lib/llvm-20/lib/libLLVM.so.20.1+0x396f02b) (BuildId: b856c61f98abf0989f157f153740fe0fadfbb760)
    #4 0x7ff5c78a436d  (/usr/lib/llvm-20/lib/libLLVM.so.20.1+0x398836d) (BuildId: b856c61f98abf0989f157f153740fe0fadfbb760)
    #5 0x7ff5c78a49df  (/usr/lib/llvm-20/lib/libLLVM.so.20.1+0x39889df) (BuildId: b856c61f98abf0989f157f153740fe0fadfbb760)
    #6 0x7ff5c78a5f8a  (/usr/lib/llvm-20/lib/libLLVM.so.20.1+0x3989f8a) (BuildId: b856c61f98abf0989f157f153740fe0fadfbb760)
    #7 0x55ca91648523 in llvm::Target::createTargetMachine(llvm::StringRef, llvm::StringRef, llvm::StringRef, llvm::TargetOptions const&, std::optional<llvm::Reloc::Model>, std::optional<llvm::CodeModel::Model>, llvm::CodeGenOptLevel, bool) const /usr/lib/llvm-20/include/llvm/MC/TargetRegistry.h:462:12
    #8 0x55ca9163a09e in tsc::TargetRegistry::initializeAllTargets() /workspace/src/TargetRegistry.cpp:67:41
    #9 0x55ca9162bdcd in tsc::Compiler::initializeLLVM() /workspace/src/Compiler.cpp:349:14
    #10 0x55ca9162b8b7 in tsc::Compiler::Compiler(tsc::CompilerOptions const&) /workspace/src/Compiler.cpp:24:5
    #11 0x55ca915fd7b5 in main /workspace/src/main.cpp:191:18
    #12 0x7ff5c395a337  (/lib/x86_64-linux-gnu/libc.so.6+0x2a337) (BuildId: 467f544f15035abef911999cbc14489edd0555ab)
    #13 0x7ff5c395a3fa in __libc_start_main (/lib/x86_64-linux-gnu/libc.so.6+0x2a3fa) (BuildId: 467f544f15035abef911999cbc14489edd0555ab)
    #14 0x55ca91511b64 in _start (/workspace/build-asan/tsc+0x74b64) (BuildId: 73a10d7cc646a755f705b0ae57418e68578aec2f)

Indirect leak of 12 byte(s) in 3 object(s) allocated from:
    #0 0x55ca915fa191 in operator new(unsigned long) (/workspace/build-asan/tsc+0x15d191) (BuildId: 73a10d7cc646a755f705b0ae57418e68578aec2f)
    #1 0x7ff5c5a01b0a in std::vector<std::pair<unsigned short, llvm::LegacyLegalizeActions::LegacyLegalizeAction>, std::allocator<std::pair<unsigned short, llvm::LegacyLegalizeActions::LegacyLegalizeAction>>>::operator=(std::vector<std::pair<unsigned short, llvm::LegacyLegalizeActions::LegacyLegalizeAction>, std::allocator<std::pair<unsigned short, llvm::LegacyLegalizeActions::LegacyLegalizeAction>>> const&) (/usr/lib/llvm-20/lib/libLLVM.so.20.1+0x1ae5b0a) (BuildId: b856c61f98abf0989f157f153740fe0fadfbb760)
    #2 0x7ff5c59feeb6 in llvm::LegacyLegalizerInfo::LegacyLegalizerInfo() (/usr/lib/llvm-20/lib/libLLVM.so.20.1+0x1ae2eb6) (BuildId: b856c61f98abf0989f157f153740fe0fadfbb760)
    #3 0x7ff5c788b02b  (/usr/lib/llvm-20/lib/libLLVM.so.20.1+0x396f02b) (BuildId: b856c61f98abf0989f157f153740fe0fadfbb760)
    #4 0x7ff5c78a436d  (/usr/lib/llvm-20/lib/libLLVM.so.20.1+0x398836d) (BuildId: b856c61f98abf0989f157f153740fe0fadfbb760)
    #5 0x7ff5c78a49df  (/usr/lib/llvm-20/lib/libLLVM.so.20.1+0x39889df) (BuildId: b856c61f98abf0989f157f153740fe0fadfbb760)
    #6 0x7ff5c78a5f8a  (/usr/lib/llvm-20/lib/libLLVM.so.20.1+0x3989f8a) (BuildId: b856c61f98abf0989f157f153740fe0fadfbb760)
    #7 0x55ca91648523 in llvm::Target::createTargetMachine(llvm::StringRef, llvm::StringRef, llvm::StringRef, llvm::TargetOptions const&, std::optional<llvm::Reloc::Model>, std::optional<llvm::CodeModel::Model>, llvm::CodeGenOptLevel, bool) const /usr/lib/llvm-20/include/llvm/MC/TargetRegistry.h:462:12
    #8 0x55ca9163a09e in tsc::TargetRegistry::initializeAllTargets() /workspace/src/TargetRegistry.cpp:67:41
    #9 0x55ca9162bdcd in tsc::Compiler::initializeLLVM() /workspace/src/Compiler.cpp:349:14
    #10 0x55ca9162b8b7 in tsc::Compiler::Compiler(tsc::CompilerOptions const&) /workspace/src/Compiler.cpp:24:5
    #11 0x55ca915fd7b5 in main /workspace/src/main.cpp:191:18
    #12 0x7ff5c395a337  (/lib/x86_64-linux-gnu/libc.so.6+0x2a337) (BuildId: 467f544f15035abef911999cbc14489edd0555ab)
    #13 0x7ff5c395a3fa in __libc_start_main (/lib/x86_64-linux-gnu/libc.so.6+0x2a3fa) (BuildId: 467f544f15035abef911999cbc14489edd0555ab)
    #14 0x55ca91511b64 in _start (/workspace/build-asan/tsc+0x74b64) (BuildId: 73a10d7cc646a755f705b0ae57418e68578aec2f)

Indirect leak of 12 byte(s) in 3 object(s) allocated from:
    #0 0x55ca915fa191 in operator new(unsigned long) (/workspace/build-asan/tsc+0x15d191) (BuildId: 73a10d7cc646a755f705b0ae57418e68578aec2f)
    #1 0x7ff5c5a01b0a in std::vector<std::pair<unsigned short, llvm::LegacyLegalizeActions::LegacyLegalizeAction>, std::allocator<std::pair<unsigned short, llvm::LegacyLegalizeActions::LegacyLegalizeAction>>>::operator=(std::vector<std::pair<unsigned short, llvm::LegacyLegalizeActions::LegacyLegalizeAction>, std::allocator<std::pair<unsigned short, llvm::LegacyLegalizeActions::LegacyLegalizeAction>>> const&) (/usr/lib/llvm-20/lib/libLLVM.so.20.1+0x1ae5b0a) (BuildId: b856c61f98abf0989f157f153740fe0fadfbb760)
    #2 0x7ff5c59fee69 in llvm::LegacyLegalizerInfo::LegacyLegalizerInfo() (/usr/lib/llvm-20/lib/libLLVM.so.20.1+0x1ae2e69) (BuildId: b856c61f98abf0989f157f153740fe0fadfbb760)
    #3 0x7ff5c788b02b  (/usr/lib/llvm-20/lib/libLLVM.so.20.1+0x396f02b) (BuildId: b856c61f98abf0989f157f153740fe0fadfbb760)
    #4 0x7ff5c78a436d  (/usr/lib/llvm-20/lib/libLLVM.so.20.1+0x398836d) (BuildId: b856c61f98abf0989f157f153740fe0fadfbb760)
    #5 0x7ff5c78a49df  (/usr/lib/llvm-20/lib/libLLVM.so.20.1+0x39889df) (BuildId: b856c61f98abf0989f157f153740fe0fadfbb760)
    #6 0x7ff5c78a5f8a  (/usr/lib/llvm-20/lib/libLLVM.so.20.1+0x3989f8a) (BuildId: b856c61f98abf0989f157f153740fe0fadfbb760)
    #7 0x55ca91648523 in llvm::Target::createTargetMachine(llvm::StringRef, llvm::StringRef, llvm::StringRef, llvm::TargetOptions const&, std::optional<llvm::Reloc::Model>, std::optional<llvm::CodeModel::Model>, llvm::CodeGenOptLevel, bool) const /usr/lib/llvm-20/include/llvm/MC/TargetRegistry.h:462:12
    #8 0x55ca9163a09e in tsc::TargetRegistry::initializeAllTargets() /workspace/src/TargetRegistry.cpp:67:41
    #9 0x55ca9162bdcd in tsc::Compiler::initializeLLVM() /workspace/src/Compiler.cpp:349:14
    #10 0x55ca9162b8b7 in tsc::Compiler::Compiler(tsc::CompilerOptions const&) /workspace/src/Compiler.cpp:24:5
    #11 0x55ca915fd7b5 in main /workspace/src/main.cpp:191:18
    #12 0x7ff5c395a337  (/lib/x86_64-linux-gnu/libc.so.6+0x2a337) (BuildId: 467f544f15035abef911999cbc14489edd0555ab)
    #13 0x7ff5c395a3fa in __libc_start_main (/lib/x86_64-linux-gnu/libc.so.6+0x2a3fa) (BuildId: 467f544f15035abef911999cbc14489edd0555ab)
    #14 0x55ca91511b64 in _start (/workspace/build-asan/tsc+0x74b64) (BuildId: 73a10d7cc646a755f705b0ae57418e68578aec2f)

Indirect leak of 12 byte(s) in 3 object(s) allocated from:
    #0 0x55ca915fa191 in operator new(unsigned long) (/workspace/build-asan/tsc+0x15d191) (BuildId: 73a10d7cc646a755f705b0ae57418e68578aec2f)
    #1 0x7ff5c5a01b0a in std::vector<std::pair<unsigned short, llvm::LegacyLegalizeActions::LegacyLegalizeAction>, std::allocator<std::pair<unsigned short, llvm::LegacyLegalizeActions::LegacyLegalizeAction>>>::operator=(std::vector<std::pair<unsigned short, llvm::LegacyLegalizeActions::LegacyLegalizeAction>, std::allocator<std::pair<unsigned short, llvm::LegacyLegalizeActions::LegacyLegalizeAction>>> const&) (/usr/lib/llvm-20/lib/libLLVM.so.20.1+0x1ae5b0a) (BuildId: b856c61f98abf0989f157f153740fe0fadfbb760)
    #2 0x7ff5c59fee1c in llvm::LegacyLegalizerInfo::LegacyLegalizerInfo() (/usr/lib/llvm-20/lib/libLLVM.so.20.1+0x1ae2e1c) (BuildId: b856c61f98abf0989f157f153740fe0fadfbb760)
    #3 0x7ff5c788b02b  (/usr/lib/llvm-20/lib/libLLVM.so.20.1+0x396f02b) (BuildId: b856c61f98abf0989f157f153740fe0fadfbb760)
    #4 0x7ff5c78a436d  (/usr/lib/llvm-20/lib/libLLVM.so.20.1+0x398836d) (BuildId: b856c61f98abf0989f157f153740fe0fadfbb760)
    #5 0x7ff5c78a49df  (/usr/lib/llvm-20/lib/libLLVM.so.20.1+0x39889df) (BuildId: b856c61f98abf0989f157f153740fe0fadfbb760)
    #6 0x7ff5c78a5f8a  (/usr/lib/llvm-20/lib/libLLVM.so.20.1+0x3989f8a) (BuildId: b856c61f98abf0989f157f153740fe0fadfbb760)
    #7 0x55ca91648523 in llvm::Target::createTargetMachine(llvm::StringRef, llvm::StringRef, llvm::StringRef, llvm::TargetOptions const&, std::optional<llvm::Reloc::Model>, std::optional<llvm::CodeModel::Model>, llvm::CodeGenOptLevel, bool) const /usr/lib/llvm-20/include/llvm/MC/TargetRegistry.h:462:12
    #8 0x55ca9163a09e in tsc::TargetRegistry::initializeAllTargets() /workspace/src/TargetRegistry.cpp:67:41
    #9 0x55ca9162bdcd in tsc::Compiler::initializeLLVM() /workspace/src/Compiler.cpp:349:14
    #10 0x55ca9162b8b7 in tsc::Compiler::Compiler(tsc::CompilerOptions const&) /workspace/src/Compiler.cpp:24:5
    #11 0x55ca915fd7b5 in main /workspace/src/main.cpp:191:18
    #12 0x7ff5c395a337  (/lib/x86_64-linux-gnu/libc.so.6+0x2a337) (BuildId: 467f544f15035abef911999cbc14489edd0555ab)
    #13 0x7ff5c395a3fa in __libc_start_main (/lib/x86_64-linux-gnu/libc.so.6+0x2a3fa) (BuildId: 467f544f15035abef911999cbc14489edd0555ab)
    #14 0x55ca91511b64 in _start (/workspace/build-asan/tsc+0x74b64) (BuildId: 73a10d7cc646a755f705b0ae57418e68578aec2f)

Indirect leak of 12 byte(s) in 3 object(s) allocated from:
    #0 0x55ca915fa191 in operator new(unsigned long) (/workspace/build-asan/tsc+0x15d191) (BuildId: 73a10d7cc646a755f705b0ae57418e68578aec2f)
    #1 0x7ff5c5a01b0a in std::vector<std::pair<unsigned short, llvm::LegacyLegalizeActions::LegacyLegalizeAction>, std::allocator<std::pair<unsigned short, llvm::LegacyLegalizeActions::LegacyLegalizeAction>>>::operator=(std::vector<std::pair<unsigned short, llvm::LegacyLegalizeActions::LegacyLegalizeAction>, std::allocator<std::pair<unsigned short, llvm::LegacyLegalizeActions::LegacyLegalizeAction>>> const&) (/usr/lib/llvm-20/lib/libLLVM.so.20.1+0x1ae5b0a) (BuildId: b856c61f98abf0989f157f153740fe0fadfbb760)
    #2 0x7ff5c59fedcf in llvm::LegacyLegalizerInfo::LegacyLegalizerInfo() (/usr/lib/llvm-20/lib/libLLVM.so.20.1+0x1ae2dcf) (BuildId: b856c61f98abf0989f157f153740fe0fadfbb760)
    #3 0x7ff5c788b02b  (/usr/lib/llvm-20/lib/libLLVM.so.20.1+0x396f02b) (BuildId: b856c61f98abf0989f157f153740fe0fadfbb760)
    #4 0x7ff5c78a436d  (/usr/lib/llvm-20/lib/libLLVM.so.20.1+0x398836d) (BuildId: b856c61f98abf0989f157f153740fe0fadfbb760)
    #5 0x7ff5c78a49df  (/usr/lib/llvm-20/lib/libLLVM.so.20.1+0x39889df) (BuildId: b856c61f98abf0989f157f153740fe0fadfbb760)
    #6 0x7ff5c78a5f8a  (/usr/lib/llvm-20/lib/libLLVM.so.20.1+0x3989f8a) (BuildId: b856c61f98abf0989f157f153740fe0fadfbb760)
    #7 0x55ca91648523 in llvm::Target::createTargetMachine(llvm::StringRef, llvm::StringRef, llvm::StringRef, llvm::TargetOptions const&, std::optional<llvm::Reloc::Model>, std::optional<llvm::CodeModel::Model>, llvm::CodeGenOptLevel, bool) const /usr/lib/llvm-20/include/llvm/MC/TargetRegistry.h:462:12
    #8 0x55ca9163a09e in tsc::TargetRegistry::initializeAllTargets() /workspace/src/TargetRegistry.cpp:67:41
    #9 0x55ca9162bdcd in tsc::Compiler::initializeLLVM() /workspace/src/Compiler.cpp:349:14
    #10 0x55ca9162b8b7 in tsc::Compiler::Compiler(tsc::CompilerOptions const&) /workspace/src/Compiler.cpp:24:5
    #11 0x55ca915fd7b5 in main /workspace/src/main.cpp:191:18
    #12 0x7ff5c395a337  (/lib/x86_64-linux-gnu/libc.so.6+0x2a337) (BuildId: 467f544f15035abef911999cbc14489edd0555ab)
    #13 0x7ff5c395a3fa in __libc_start_main (/lib/x86_64-linux-gnu/libc.so.6+0x2a3fa) (BuildId: 467f544f15035abef911999cbc14489edd0555ab)
    #14 0x55ca91511b64 in _start (/workspace/build-asan/tsc+0x74b64) (BuildId: 73a10d7cc646a755f705b0ae57418e68578aec2f)

Indirect leak of 12 byte(s) in 3 object(s) allocated from:
    #0 0x55ca915fa191 in operator new(unsigned long) (/workspace/build-asan/tsc+0x15d191) (BuildId: 73a10d7cc646a755f705b0ae57418e68578aec2f)
    #1 0x7ff5c5a01b0a in std::vector<std::pair<unsigned short, llvm::LegacyLegalizeActions::LegacyLegalizeAction>, std::allocator<std::pair<unsigned short, llvm::LegacyLegalizeActions::LegacyLegalizeAction>>>::operator=(std::vector<std::pair<unsigned short, llvm::LegacyLegalizeActions::LegacyLegalizeAction>, std::allocator<std::pair<unsigned short, llvm::LegacyLegalizeActions::LegacyLegalizeAction>>> const&) (/usr/lib/llvm-20/lib/libLLVM.so.20.1+0x1ae5b0a) (BuildId: b856c61f98abf0989f157f153740fe0fadfbb760)
    #2 0x7ff5c59fed83 in llvm::LegacyLegalizerInfo::LegacyLegalizerInfo() (/usr/lib/llvm-20/lib/libLLVM.so.20.1+0x1ae2d83) (BuildId: b856c61f98abf0989f157f153740fe0fadfbb760)
    #3 0x7ff5c788b02b  (/usr/lib/llvm-20/lib/libLLVM.so.20.1+0x396f02b) (BuildId: b856c61f98abf0989f157f153740fe0fadfbb760)
    #4 0x7ff5c78a436d  (/usr/lib/llvm-20/lib/libLLVM.so.20.1+0x398836d) (BuildId: b856c61f98abf0989f157f153740fe0fadfbb760)
    #5 0x7ff5c78a49df  (/usr/lib/llvm-20/lib/libLLVM.so.20.1+0x39889df) (BuildId: b856c61f98abf0989f157f153740fe0fadfbb760)
    #6 0x7ff5c78a5f8a  (/usr/lib/llvm-20/lib/libLLVM.so.20.1+0x3989f8a) (BuildId: b856c61f98abf0989f157f153740fe0fadfbb760)
    #7 0x55ca91648523 in llvm::Target::createTargetMachine(llvm::StringRef, llvm::StringRef, llvm::StringRef, llvm::TargetOptions const&, std::optional<llvm::Reloc::Model>, std::optional<llvm::CodeModel::Model>, llvm::CodeGenOptLevel, bool) const /usr/lib/llvm-20/include/llvm/MC/TargetRegistry.h:462:12
    #8 0x55ca9163a09e in tsc::TargetRegistry::initializeAllTargets() /workspace/src/TargetRegistry.cpp:67:41
    #9 0x55ca9162bdcd in tsc::Compiler::initializeLLVM() /workspace/src/Compiler.cpp:349:14
    #10 0x55ca9162b8b7 in tsc::Compiler::Compiler(tsc::CompilerOptions const&) /workspace/src/Compiler.cpp:24:5
    #11 0x55ca915fd7b5 in main /workspace/src/main.cpp:191:18
    #12 0x7ff5c395a337  (/lib/x86_64-linux-gnu/libc.so.6+0x2a337) (BuildId: 467f544f15035abef911999cbc14489edd0555ab)
    #13 0x7ff5c395a3fa in __libc_start_main (/lib/x86_64-linux-gnu/libc.so.6+0x2a3fa) (BuildId: 467f544f15035abef911999cbc14489edd0555ab)
    #14 0x55ca91511b64 in _start (/workspace/build-asan/tsc+0x74b64) (BuildId: 73a10d7cc646a755f705b0ae57418e68578aec2f)

Indirect leak of 12 byte(s) in 3 object(s) allocated from:
    #0 0x55ca915fa191 in operator new(unsigned long) (/workspace/build-asan/tsc+0x15d191) (BuildId: 73a10d7cc646a755f705b0ae57418e68578aec2f)
    #1 0x7ff5c5a01b0a in std::vector<std::pair<unsigned short, llvm::LegacyLegalizeActions::LegacyLegalizeAction>, std::allocator<std::pair<unsigned short, llvm::LegacyLegalizeActions::LegacyLegalizeAction>>>::operator=(std::vector<std::pair<unsigned short, llvm::LegacyLegalizeActions::LegacyLegalizeAction>, std::allocator<std::pair<unsigned short, llvm::LegacyLegalizeActions::LegacyLegalizeAction>>> const&) (/usr/lib/llvm-20/lib/libLLVM.so.20.1+0x1ae5b0a) (BuildId: b856c61f98abf0989f157f153740fe0fadfbb760)
    #2 0x7ff5c59fed33 in llvm::LegacyLegalizerInfo::LegacyLegalizerInfo() (/usr/lib/llvm-20/lib/libLLVM.so.20.1+0x1ae2d33) (BuildId: b856c61f98abf0989f157f153740fe0fadfbb760)
    #3 0x7ff5c788b02b  (/usr/lib/llvm-20/lib/libLLVM.so.20.1+0x396f02b) (BuildId: b856c61f98abf0989f157f153740fe0fadfbb760)
    #4 0x7ff5c78a436d  (/usr/lib/llvm-20/lib/libLLVM.so.20.1+0x398836d) (BuildId: b856c61f98abf0989f157f153740fe0fadfbb760)
    #5 0x7ff5c78a49df  (/usr/lib/llvm-20/lib/libLLVM.so.20.1+0x39889df) (BuildId: b856c61f98abf0989f157f153740fe0fadfbb760)
    #6 0x7ff5c78a5f8a  (/usr/lib/llvm-20/lib/libLLVM.so.20.1+0x3989f8a) (BuildId: b856c61f98abf0989f157f153740fe0fadfbb760)
    #7 0x55ca91648523 in llvm::Target::createTargetMachine(llvm::StringRef, llvm::StringRef, llvm::StringRef, llvm::TargetOptions const&, std::optional<llvm::Reloc::Model>, std::optional<llvm::CodeModel::Model>, llvm::CodeGenOptLevel, bool) const /usr/lib/llvm-20/include/llvm/MC/TargetRegistry.h:462:12
    #8 0x55ca9163a09e in tsc::TargetRegistry::initializeAllTargets() /workspace/src/TargetRegistry.cpp:67:41
    #9 0x55ca9162bdcd in tsc::Compiler::initializeLLVM() /workspace/src/Compiler.cpp:349:14
    #10 0x55ca9162b8b7 in tsc::Compiler::Compiler(tsc::CompilerOptions const&) /workspace/src/Compiler.cpp:24:5
    #11 0x55ca915fd7b5 in main /workspace/src/main.cpp:191:18
    #12 0x7ff5c395a337  (/lib/x86_64-linux-gnu/libc.so.6+0x2a337) (BuildId: 467f544f15035abef911999cbc14489edd0555ab)
    #13 0x7ff5c395a3fa in __libc_start_main (/lib/x86_64-linux-gnu/libc.so.6+0x2a3fa) (BuildId: 467f544f15035abef911999cbc14489edd0555ab)
    #14 0x55ca91511b64 in _start (/workspace/build-asan/tsc+0x74b64) (BuildId: 73a10d7cc646a755f705b0ae57418e68578aec2f)

Indirect leak of 12 byte(s) in 3 object(s) allocated from:
    #0 0x55ca915fa191 in operator new(unsigned long) (/workspace/build-asan/tsc+0x15d191) (BuildId: 73a10d7cc646a755f705b0ae57418e68578aec2f)
    #1 0x7ff5c5a01b0a in std::vector<std::pair<unsigned short, llvm::LegacyLegalizeActions::LegacyLegalizeAction>, std::allocator<std::pair<unsigned short, llvm::LegacyLegalizeActions::LegacyLegalizeAction>>>::operator=(std::vector<std::pair<unsigned short, llvm::LegacyLegalizeActions::LegacyLegalizeAction>, std::allocator<std::pair<unsigned short, llvm::LegacyLegalizeActions::LegacyLegalizeAction>>> const&) (/usr/lib/llvm-20/lib/libLLVM.so.20.1+0x1ae5b0a) (BuildId: b856c61f98abf0989f157f153740fe0fadfbb760)
    #2 0x7ff5c59fece3 in llvm::LegacyLegalizerInfo::LegacyLegalizerInfo() (/usr/lib/llvm-20/lib/libLLVM.so.20.1+0x1ae2ce3) (BuildId: b856c61f98abf0989f157f153740fe0fadfbb760)
    #3 0x7ff5c788b02b  (/usr/lib/llvm-20/lib/libLLVM.so.20.1+0x396f02b) (BuildId: b856c61f98abf0989f157f153740fe0fadfbb760)
    #4 0x7ff5c78a436d  (/usr/lib/llvm-20/lib/libLLVM.so.20.1+0x398836d) (BuildId: b856c61f98abf0989f157f153740fe0fadfbb760)
    #5 0x7ff5c78a49df  (/usr/lib/llvm-20/lib/libLLVM.so.20.1+0x39889df) (BuildId: b856c61f98abf0989f157f153740fe0fadfbb760)
    #6 0x7ff5c78a5f8a  (/usr/lib/llvm-20/lib/libLLVM.so.20.1+0x3989f8a) (BuildId: b856c61f98abf0989f157f153740fe0fadfbb760)
    #7 0x55ca91648523 in llvm::Target::createTargetMachine(llvm::StringRef, llvm::StringRef, llvm::StringRef, llvm::TargetOptions const&, std::optional<llvm::Reloc::Model>, std::optional<llvm::CodeModel::Model>, llvm::CodeGenOptLevel, bool) const /usr/lib/llvm-20/include/llvm/MC/TargetRegistry.h:462:12
    #8 0x55ca9163a09e in tsc::TargetRegistry::initializeAllTargets() /workspace/src/TargetRegistry.cpp:67:41
    #9 0x55ca9162bdcd in tsc::Compiler::initializeLLVM() /workspace/src/Compiler.cpp:349:14
    #10 0x55ca9162b8b7 in tsc::Compiler::Compiler(tsc::CompilerOptions const&) /workspace/src/Compiler.cpp:24:5
    #11 0x55ca915fd7b5 in main /workspace/src/main.cpp:191:18
    #12 0x7ff5c395a337  (/lib/x86_64-linux-gnu/libc.so.6+0x2a337) (BuildId: 467f544f15035abef911999cbc14489edd0555ab)
    #13 0x7ff5c395a3fa in __libc_start_main (/lib/x86_64-linux-gnu/libc.so.6+0x2a3fa) (BuildId: 467f544f15035abef911999cbc14489edd0555ab)
    #14 0x55ca91511b64 in _start (/workspace/build-asan/tsc+0x74b64) (BuildId: 73a10d7cc646a755f705b0ae57418e68578aec2f)

Indirect leak of 12 byte(s) in 3 object(s) allocated from:
    #0 0x55ca915fa191 in operator new(unsigned long) (/workspace/build-asan/tsc+0x15d191) (BuildId: 73a10d7cc646a755f705b0ae57418e68578aec2f)
    #1 0x7ff5c5a01b0a in std::vector<std::pair<unsigned short, llvm::LegacyLegalizeActions::LegacyLegalizeAction>, std::allocator<std::pair<unsigned short, llvm::LegacyLegalizeActions::LegacyLegalizeAction>>>::operator=(std::vector<std::pair<unsigned short, llvm::LegacyLegalizeActions::LegacyLegalizeAction>, std::allocator<std::pair<unsigned short, llvm::LegacyLegalizeActions::LegacyLegalizeAction>>> const&) (/usr/lib/llvm-20/lib/libLLVM.so.20.1+0x1ae5b0a) (BuildId: b856c61f98abf0989f157f153740fe0fadfbb760)
    #2 0x7ff5c59fec93 in llvm::LegacyLegalizerInfo::LegacyLegalizerInfo() (/usr/lib/llvm-20/lib/libLLVM.so.20.1+0x1ae2c93) (BuildId: b856c61f98abf0989f157f153740fe0fadfbb760)
    #3 0x7ff5c788b02b  (/usr/lib/llvm-20/lib/libLLVM.so.20.1+0x396f02b) (BuildId: b856c61f98abf0989f157f153740fe0fadfbb760)
    #4 0x7ff5c78a436d  (/usr/lib/llvm-20/lib/libLLVM.so.20.1+0x398836d) (BuildId: b856c61f98abf0989f157f153740fe0fadfbb760)
    #5 0x7ff5c78a49df  (/usr/lib/llvm-20/lib/libLLVM.so.20.1+0x39889df) (BuildId: b856c61f98abf0989f157f153740fe0fadfbb760)
    #6 0x7ff5c78a5f8a  (/usr/lib/llvm-20/lib/libLLVM.so.20.1+0x3989f8a) (BuildId: b856c61f98abf0989f157f153740fe0fadfbb760)
    #7 0x55ca91648523 in llvm::Target::createTargetMachine(llvm::StringRef, llvm::StringRef, llvm::StringRef, llvm::TargetOptions const&, std::optional<llvm::Reloc::Model>, std::optional<llvm::CodeModel::Model>, llvm::CodeGenOptLevel, bool) const /usr/lib/llvm-20/include/llvm/MC/TargetRegistry.h:462:12
    #8 0x55ca9163a09e in tsc::TargetRegistry::initializeAllTargets() /workspace/src/TargetRegistry.cpp:67:41
    #9 0x55ca9162bdcd in tsc::Compiler::initializeLLVM() /workspace/src/Compiler.cpp:349:14
    #10 0x55ca9162b8b7 in tsc::Compiler::Compiler(tsc::CompilerOptions const&) /workspace/src/Compiler.cpp:24:5
    #11 0x55ca915fd7b5 in main /workspace/src/main.cpp:191:18
    #12 0x7ff5c395a337  (/lib/x86_64-linux-gnu/libc.so.6+0x2a337) (BuildId: 467f544f15035abef911999cbc14489edd0555ab)
    #13 0x7ff5c395a3fa in __libc_start_main (/lib/x86_64-linux-gnu/libc.so.6+0x2a3fa) (BuildId: 467f544f15035abef911999cbc14489edd0555ab)
    #14 0x55ca91511b64 in _start (/workspace/build-asan/tsc+0x74b64) (BuildId: 73a10d7cc646a755f705b0ae57418e68578aec2f)

Indirect leak of 12 byte(s) in 3 object(s) allocated from:
    #0 0x55ca915fa191 in operator new(unsigned long) (/workspace/build-asan/tsc+0x15d191) (BuildId: 73a10d7cc646a755f705b0ae57418e68578aec2f)
    #1 0x7ff5c5a01b0a in std::vector<std::pair<unsigned short, llvm::LegacyLegalizeActions::LegacyLegalizeAction>, std::allocator<std::pair<unsigned short, llvm::LegacyLegalizeActions::LegacyLegalizeAction>>>::operator=(std::vector<std::pair<unsigned short, llvm::LegacyLegalizeActions::LegacyLegalizeAction>, std::allocator<std::pair<unsigned short, llvm::LegacyLegalizeActions::LegacyLegalizeAction>>> const&) (/usr/lib/llvm-20/lib/libLLVM.so.20.1+0x1ae5b0a) (BuildId: b856c61f98abf0989f157f153740fe0fadfbb760)
    #2 0x7ff5c59ff240 in llvm::LegacyLegalizerInfo::LegacyLegalizerInfo() (/usr/lib/llvm-20/lib/libLLVM.so.20.1+0x1ae3240) (BuildId: b856c61f98abf0989f157f153740fe0fadfbb760)
    #3 0x7ff5c7f58893  (/usr/lib/llvm-20/lib/libLLVM.so.20.1+0x403c893) (BuildId: b856c61f98abf0989f157f153740fe0fadfbb760)
    #4 0x7ff5c7f81ab1  (/usr/lib/llvm-20/lib/libLLVM.so.20.1+0x4065ab1) (BuildId: b856c61f98abf0989f157f153740fe0fadfbb760)
    #5 0x7ff5c7f83c8f  (/usr/lib/llvm-20/lib/libLLVM.so.20.1+0x4067c8f) (BuildId: b856c61f98abf0989f157f153740fe0fadfbb760)
    #6 0x7ff5c7f8526a  (/usr/lib/llvm-20/lib/libLLVM.so.20.1+0x406926a) (BuildId: b856c61f98abf0989f157f153740fe0fadfbb760)
    #7 0x55ca91648523 in llvm::Target::createTargetMachine(llvm::StringRef, llvm::StringRef, llvm::StringRef, llvm::TargetOptions const&, std::optional<llvm::Reloc::Model>, std::optional<llvm::CodeModel::Model>, llvm::CodeGenOptLevel, bool) const /usr/lib/llvm-20/include/llvm/MC/TargetRegistry.h:462:12
    #8 0x55ca9163a09e in tsc::TargetRegistry::initializeAllTargets() /workspace/src/TargetRegistry.cpp:67:41
    #9 0x55ca9162bdcd in tsc::Compiler::initializeLLVM() /workspace/src/Compiler.cpp:349:14
    #10 0x55ca9162b8b7 in tsc::Compiler::Compiler(tsc::CompilerOptions const&) /workspace/src/Compiler.cpp:24:5
    #11 0x55ca915fd7b5 in main /workspace/src/main.cpp:191:18
    #12 0x7ff5c395a337  (/lib/x86_64-linux-gnu/libc.so.6+0x2a337) (BuildId: 467f544f15035abef911999cbc14489edd0555ab)
    #13 0x7ff5c395a3fa in __libc_start_main (/lib/x86_64-linux-gnu/libc.so.6+0x2a3fa) (BuildId: 467f544f15035abef911999cbc14489edd0555ab)
    #14 0x55ca91511b64 in _start (/workspace/build-asan/tsc+0x74b64) (BuildId: 73a10d7cc646a755f705b0ae57418e68578aec2f)

Indirect leak of 12 byte(s) in 3 object(s) allocated from:
    #0 0x55ca915fa191 in operator new(unsigned long) (/workspace/build-asan/tsc+0x15d191) (BuildId: 73a10d7cc646a755f705b0ae57418e68578aec2f)
    #1 0x7ff5c5a01b0a in std::vector<std::pair<unsigned short, llvm::LegacyLegalizeActions::LegacyLegalizeAction>, std::allocator<std::pair<unsigned short, llvm::LegacyLegalizeActions::LegacyLegalizeAction>>>::operator=(std::vector<std::pair<unsigned short, llvm::LegacyLegalizeActions::LegacyLegalizeAction>, std::allocator<std::pair<unsigned short, llvm::LegacyLegalizeActions::LegacyLegalizeAction>>> const&) (/usr/lib/llvm-20/lib/libLLVM.so.20.1+0x1ae5b0a) (BuildId: b856c61f98abf0989f157f153740fe0fadfbb760)
    #2 0x7ff5c59fef03 in llvm::LegacyLegalizerInfo::LegacyLegalizerInfo() (/usr/lib/llvm-20/lib/libLLVM.so.20.1+0x1ae2f03) (BuildId: b856c61f98abf0989f157f153740fe0fadfbb760)
    #3 0x7ff5c7f58893  (/usr/lib/llvm-20/lib/libLLVM.so.20.1+0x403c893) (BuildId: b856c61f98abf0989f157f153740fe0fadfbb760)
    #4 0x7ff5c7f81ab1  (/usr/lib/llvm-20/lib/libLLVM.so.20.1+0x4065ab1) (BuildId: b856c61f98abf0989f157f153740fe0fadfbb760)
    #5 0x7ff5c7f83c8f  (/usr/lib/llvm-20/lib/libLLVM.so.20.1+0x4067c8f) (BuildId: b856c61f98abf0989f157f153740fe0fadfbb760)
    #6 0x7ff5c7f8526a  (/usr/lib/llvm-20/lib/libLLVM.so.20.1+0x406926a) (BuildId: b856c61f98abf0989f157f153740fe0fadfbb760)
    #7 0x55ca91648523 in llvm::Target::createTargetMachine(llvm::StringRef, llvm::StringRef, llvm::StringRef, llvm::TargetOptions const&, std::optional<llvm::Reloc::Model>, std::optional<llvm::CodeModel::Model>, llvm::CodeGenOptLevel, bool) const /usr/lib/llvm-20/include/llvm/MC/TargetRegistry.h:462:12
    #8 0x55ca9163a09e in tsc::TargetRegistry::initializeAllTargets() /workspace/src/TargetRegistry.cpp:67:41
    #9 0x55ca9162bdcd in tsc::Compiler::initializeLLVM() /workspace/src/Compiler.cpp:349:14
    #10 0x55ca9162b8b7 in tsc::Compiler::Compiler(tsc::CompilerOptions const&) /workspace/src/Compiler.cpp:24:5
    #11 0x55ca915fd7b5 in main /workspace/src/main.cpp:191:18
    #12 0x7ff5c395a337  (/lib/x86_64-linux-gnu/libc.so.6+0x2a337) (BuildId: 467f544f15035abef911999cbc14489edd0555ab)
    #13 0x7ff5c395a3fa in __libc_start_main (/lib/x86_64-linux-gnu/libc.so.6+0x2a3fa) (BuildId: 467f544f15035abef911999cbc14489edd0555ab)
    #14 0x55ca91511b64 in _start (/workspace/build-asan/tsc+0x74b64) (BuildId: 73a10d7cc646a755f705b0ae57418e68578aec2f)

Indirect leak of 12 byte(s) in 3 object(s) allocated from:
    #0 0x55ca915fa191 in operator new(unsigned long) (/workspace/build-asan/tsc+0x15d191) (BuildId: 73a10d7cc646a755f705b0ae57418e68578aec2f)
    #1 0x7ff5c5a01b0a in std::vector<std::pair<unsigned short, llvm::LegacyLegalizeActions::LegacyLegalizeAction>, std::allocator<std::pair<unsigned short, llvm::LegacyLegalizeActions::LegacyLegalizeAction>>>::operator=(std::vector<std::pair<unsigned short, llvm::LegacyLegalizeActions::LegacyLegalizeAction>, std::allocator<std::pair<unsigned short, llvm::LegacyLegalizeActions::LegacyLegalizeAction>>> const&) (/usr/lib/llvm-20/lib/libLLVM.so.20.1+0x1ae5b0a) (BuildId: b856c61f98abf0989f157f153740fe0fadfbb760)
    #2 0x7ff5c59feeb6 in llvm::LegacyLegalizerInfo::LegacyLegalizerInfo() (/usr/lib/llvm-20/lib/libLLVM.so.20.1+0x1ae2eb6) (BuildId: b856c61f98abf0989f157f153740fe0fadfbb760)
    #3 0x7ff5c7f58893  (/usr/lib/llvm-20/lib/libLLVM.so.20.1+0x403c893) (BuildId: b856c61f98abf0989f157f153740fe0fadfbb760)
    #4 0x7ff5c7f81ab1  (/usr/lib/llvm-20/lib/libLLVM.so.20.1+0x4065ab1) (BuildId: b856c61f98abf0989f157f153740fe0fadfbb760)
    #5 0x7ff5c7f83c8f  (/usr/lib/llvm-20/lib/libLLVM.so.20.1+0x4067c8f) (BuildId: b856c61f98abf0989f157f153740fe0fadfbb760)
    #6 0x7ff5c7f8526a  (/usr/lib/llvm-20/lib/libLLVM.so.20.1+0x406926a) (BuildId: b856c61f98abf0989f157f153740fe0fadfbb760)
    #7 0x55ca91648523 in llvm::Target::createTargetMachine(llvm::StringRef, llvm::StringRef, llvm::StringRef, llvm::TargetOptions const&, std::optional<llvm::Reloc::Model>, std::optional<llvm::CodeModel::Model>, llvm::CodeGenOptLevel, bool) const /usr/lib/llvm-20/include/llvm/MC/TargetRegistry.h:462:12
    #8 0x55ca9163a09e in tsc::TargetRegistry::initializeAllTargets() /workspace/src/TargetRegistry.cpp:67:41
    #9 0x55ca9162bdcd in tsc::Compiler::initializeLLVM() /workspace/src/Compiler.cpp:349:14
    #10 0x55ca9162b8b7 in tsc::Compiler::Compiler(tsc::CompilerOptions const&) /workspace/src/Compiler.cpp:24:5
    #11 0x55ca915fd7b5 in main /workspace/src/main.cpp:191:18
    #12 0x7ff5c395a337  (/lib/x86_64-linux-gnu/libc.so.6+0x2a337) (BuildId: 467f544f15035abef911999cbc14489edd0555ab)
    #13 0x7ff5c395a3fa in __libc_start_main (/lib/x86_64-linux-gnu/libc.so.6+0x2a3fa) (BuildId: 467f544f15035abef911999cbc14489edd0555ab)
    #14 0x55ca91511b64 in _start (/workspace/build-asan/tsc+0x74b64) (BuildId: 73a10d7cc646a755f705b0ae57418e68578aec2f)

Indirect leak of 12 byte(s) in 3 object(s) allocated from:
    #0 0x55ca915fa191 in operator new(unsigned long) (/workspace/build-asan/tsc+0x15d191) (BuildId: 73a10d7cc646a755f705b0ae57418e68578aec2f)
    #1 0x7ff5c5a01b0a in std::vector<std::pair<unsigned short, llvm::LegacyLegalizeActions::LegacyLegalizeAction>, std::allocator<std::pair<unsigned short, llvm::LegacyLegalizeActions::LegacyLegalizeAction>>>::operator=(std::vector<std::pair<unsigned short, llvm::LegacyLegalizeActions::LegacyLegalizeAction>, std::allocator<std::pair<unsigned short, llvm::LegacyLegalizeActions::LegacyLegalizeAction>>> const&) (/usr/lib/llvm-20/lib/libLLVM.so.20.1+0x1ae5b0a) (BuildId: b856c61f98abf0989f157f153740fe0fadfbb760)
    #2 0x7ff5c59fee69 in llvm::LegacyLegalizerInfo::LegacyLegalizerInfo() (/usr/lib/llvm-20/lib/libLLVM.so.20.1+0x1ae2e69) (BuildId: b856c61f98abf0989f157f153740fe0fadfbb760)
    #3 0x7ff5c7f58893  (/usr/lib/llvm-20/lib/libLLVM.so.20.1+0x403c893) (BuildId: b856c61f98abf0989f157f153740fe0fadfbb760)
    #4 0x7ff5c7f81ab1  (/usr/lib/llvm-20/lib/libLLVM.so.20.1+0x4065ab1) (BuildId: b856c61f98abf0989f157f153740fe0fadfbb760)
    #5 0x7ff5c7f83c8f  (/usr/lib/llvm-20/lib/libLLVM.so.20.1+0x4067c8f) (BuildId: b856c61f98abf0989f157f153740fe0fadfbb760)
    #6 0x7ff5c7f8526a  (/usr/lib/llvm-20/lib/libLLVM.so.20.1+0x406926a) (BuildId: b856c61f98abf0989f157f153740fe0fadfbb760)
    #7 0x55ca91648523 in llvm::Target::createTargetMachine(llvm::StringRef, llvm::StringRef, llvm::StringRef, llvm::TargetOptions const&, std::optional<llvm::Reloc::Model>, std::optional<llvm::CodeModel::Model>, llvm::CodeGenOptLevel, bool) const /usr/lib/llvm-20/include/llvm/MC/TargetRegistry.h:462:12
    #8 0x55ca9163a09e in tsc::TargetRegistry::initializeAllTargets() /workspace/src/TargetRegistry.cpp:67:41
    #9 0x55ca9162bdcd in tsc::Compiler::initializeLLVM() /workspace/src/Compiler.cpp:349:14
    #10 0x55ca9162b8b7 in tsc::Compiler::Compiler(tsc::CompilerOptions const&) /workspace/src/Compiler.cpp:24:5
    #11 0x55ca915fd7b5 in main /workspace/src/main.cpp:191:18
    #12 0x7ff5c395a337  (/lib/x86_64-linux-gnu/libc.so.6+0x2a337) (BuildId: 467f544f15035abef911999cbc14489edd0555ab)
    #13 0x7ff5c395a3fa in __libc_start_main (/lib/x86_64-linux-gnu/libc.so.6+0x2a3fa) (BuildId: 467f544f15035abef911999cbc14489edd0555ab)
    #14 0x55ca91511b64 in _start (/workspace/build-asan/tsc+0x74b64) (BuildId: 73a10d7cc646a755f705b0ae57418e68578aec2f)

Indirect leak of 12 byte(s) in 3 object(s) allocated from:
    #0 0x55ca915fa191 in operator new(unsigned long) (/workspace/build-asan/tsc+0x15d191) (BuildId: 73a10d7cc646a755f705b0ae57418e68578aec2f)
    #1 0x7ff5c5a01b0a in std::vector<std::pair<unsigned short, llvm::LegacyLegalizeActions::LegacyLegalizeAction>, std::allocator<std::pair<unsigned short, llvm::LegacyLegalizeActions::LegacyLegalizeAction>>>::operator=(std::vector<std::pair<unsigned short, llvm::LegacyLegalizeActions::LegacyLegalizeAction>, std::allocator<std::pair<unsigned short, llvm::LegacyLegalizeActions::LegacyLegalizeAction>>> const&) (/usr/lib/llvm-20/lib/libLLVM.so.20.1+0x1ae5b0a) (BuildId: b856c61f98abf0989f157f153740fe0fadfbb760)
    #2 0x7ff5c59fee1c in llvm::LegacyLegalizerInfo::LegacyLegalizerInfo() (/usr/lib/llvm-20/lib/libLLVM.so.20.1+0x1ae2e1c) (BuildId: b856c61f98abf0989f157f153740fe0fadfbb760)
    #3 0x7ff5c7f58893  (/usr/lib/llvm-20/lib/libLLVM.so.20.1+0x403c893) (BuildId: b856c61f98abf0989f157f153740fe0fadfbb760)
    #4 0x7ff5c7f81ab1  (/usr/lib/llvm-20/lib/libLLVM.so.20.1+0x4065ab1) (BuildId: b856c61f98abf0989f157f153740fe0fadfbb760)
    #5 0x7ff5c7f83c8f  (/usr/lib/llvm-20/lib/libLLVM.so.20.1+0x4067c8f) (BuildId: b856c61f98abf0989f157f153740fe0fadfbb760)
    #6 0x7ff5c7f8526a  (/usr/lib/llvm-20/lib/libLLVM.so.20.1+0x406926a) (BuildId: b856c61f98abf0989f157f153740fe0fadfbb760)
    #7 0x55ca91648523 in llvm::Target::createTargetMachine(llvm::StringRef, llvm::StringRef, llvm::StringRef, llvm::TargetOptions const&, std::optional<llvm::Reloc::Model>, std::optional<llvm::CodeModel::Model>, llvm::CodeGenOptLevel, bool) const /usr/lib/llvm-20/include/llvm/MC/TargetRegistry.h:462:12
    #8 0x55ca9163a09e in tsc::TargetRegistry::initializeAllTargets() /workspace/src/TargetRegistry.cpp:67:41
    #9 0x55ca9162bdcd in tsc::Compiler::initializeLLVM() /workspace/src/Compiler.cpp:349:14
    #10 0x55ca9162b8b7 in tsc::Compiler::Compiler(tsc::CompilerOptions const&) /workspace/src/Compiler.cpp:24:5
    #11 0x55ca915fd7b5 in main /workspace/src/main.cpp:191:18
    #12 0x7ff5c395a337  (/lib/x86_64-linux-gnu/libc.so.6+0x2a337) (BuildId: 467f544f15035abef911999cbc14489edd0555ab)
    #13 0x7ff5c395a3fa in __libc_start_main (/lib/x86_64-linux-gnu/libc.so.6+0x2a3fa) (BuildId: 467f544f15035abef911999cbc14489edd0555ab)
    #14 0x55ca91511b64 in _start (/workspace/build-asan/tsc+0x74b64) (BuildId: 73a10d7cc646a755f705b0ae57418e68578aec2f)

Indirect leak of 12 byte(s) in 3 object(s) allocated from:
    #0 0x55ca915fa191 in operator new(unsigned long) (/workspace/build-asan/tsc+0x15d191) (BuildId: 73a10d7cc646a755f705b0ae57418e68578aec2f)
    #1 0x7ff5c5a01b0a in std::vector<std::pair<unsigned short, llvm::LegacyLegalizeActions::LegacyLegalizeAction>, std::allocator<std::pair<unsigned short, llvm::LegacyLegalizeActions::LegacyLegalizeAction>>>::operator=(std::vector<std::pair<unsigned short, llvm::LegacyLegalizeActions::LegacyLegalizeAction>, std::allocator<std::pair<unsigned short, llvm::LegacyLegalizeActions::LegacyLegalizeAction>>> const&) (/usr/lib/llvm-20/lib/libLLVM.so.20.1+0x1ae5b0a) (BuildId: b856c61f98abf0989f157f153740fe0fadfbb760)
    #2 0x7ff5c59fedcf in llvm::LegacyLegalizerInfo::LegacyLegalizerInfo() (/usr/lib/llvm-20/lib/libLLVM.so.20.1+0x1ae2dcf) (BuildId: b856c61f98abf0989f157f153740fe0fadfbb760)
    #3 0x7ff5c7f58893  (/usr/lib/llvm-20/lib/libLLVM.so.20.1+0x403c893) (BuildId: b856c61f98abf0989f157f153740fe0fadfbb760)
    #4 0x7ff5c7f81ab1  (/usr/lib/llvm-20/lib/libLLVM.so.20.1+0x4065ab1) (BuildId: b856c61f98abf0989f157f153740fe0fadfbb760)
    #5 0x7ff5c7f83c8f  (/usr/lib/llvm-20/lib/libLLVM.so.20.1+0x4067c8f) (BuildId: b856c61f98abf0989f157f153740fe0fadfbb760)
    #6 0x7ff5c7f8526a  (/usr/lib/llvm-20/lib/libLLVM.so.20.1+0x406926a) (BuildId: b856c61f98abf0989f157f153740fe0fadfbb760)
    #7 0x55ca91648523 in llvm::Target::createTargetMachine(llvm::StringRef, llvm::StringRef, llvm::StringRef, llvm::TargetOptions const&, std::optional<llvm::Reloc::Model>, std::optional<llvm::CodeModel::Model>, llvm::CodeGenOptLevel, bool) const /usr/lib/llvm-20/include/llvm/MC/TargetRegistry.h:462:12
    #8 0x55ca9163a09e in tsc::TargetRegistry::initializeAllTargets() /workspace/src/TargetRegistry.cpp:67:41
    #9 0x55ca9162bdcd in tsc::Compiler::initializeLLVM() /workspace/src/Compiler.cpp:349:14
    #10 0x55ca9162b8b7 in tsc::Compiler::Compiler(tsc::CompilerOptions const&) /workspace/src/Compiler.cpp:24:5
    #11 0x55ca915fd7b5 in main /workspace/src/main.cpp:191:18
    #12 0x7ff5c395a337  (/lib/x86_64-linux-gnu/libc.so.6+0x2a337) (BuildId: 467f544f15035abef911999cbc14489edd0555ab)
    #13 0x7ff5c395a3fa in __libc_start_main (/lib/x86_64-linux-gnu/libc.so.6+0x2a3fa) (BuildId: 467f544f15035abef911999cbc14489edd0555ab)
    #14 0x55ca91511b64 in _start (/workspace/build-asan/tsc+0x74b64) (BuildId: 73a10d7cc646a755f705b0ae57418e68578aec2f)

Indirect leak of 12 byte(s) in 3 object(s) allocated from:
    #0 0x55ca915fa191 in operator new(unsigned long) (/workspace/build-asan/tsc+0x15d191) (BuildId: 73a10d7cc646a755f705b0ae57418e68578aec2f)
    #1 0x7ff5c5a01b0a in std::vector<std::pair<unsigned short, llvm::LegacyLegalizeActions::LegacyLegalizeAction>, std::allocator<std::pair<unsigned short, llvm::LegacyLegalizeActions::LegacyLegalizeAction>>>::operator=(std::vector<std::pair<unsigned short, llvm::LegacyLegalizeActions::LegacyLegalizeAction>, std::allocator<std::pair<unsigned short, llvm::LegacyLegalizeActions::LegacyLegalizeAction>>> const&) (/usr/lib/llvm-20/lib/libLLVM.so.20.1+0x1ae5b0a) (BuildId: b856c61f98abf0989f157f153740fe0fadfbb760)
    #2 0x7ff5c59fed83 in llvm::LegacyLegalizerInfo::LegacyLegalizerInfo() (/usr/lib/llvm-20/lib/libLLVM.so.20.1+0x1ae2d83) (BuildId: b856c61f98abf0989f157f153740fe0fadfbb760)
    #3 0x7ff5c7f58893  (/usr/lib/llvm-20/lib/libLLVM.so.20.1+0x403c893) (BuildId: b856c61f98abf0989f157f153740fe0fadfbb760)
    #4 0x7ff5c7f81ab1  (/usr/lib/llvm-20/lib/libLLVM.so.20.1+0x4065ab1) (BuildId: b856c61f98abf0989f157f153740fe0fadfbb760)
    #5 0x7ff5c7f83c8f  (/usr/lib/llvm-20/lib/libLLVM.so.20.1+0x4067c8f) (BuildId: b856c61f98abf0989f157f153740fe0fadfbb760)
    #6 0x7ff5c7f8526a  (/usr/lib/llvm-20/lib/libLLVM.so.20.1+0x406926a) (BuildId: b856c61f98abf0989f157f153740fe0fadfbb760)
    #7 0x55ca91648523 in llvm::Target::createTargetMachine(llvm::StringRef, llvm::StringRef, llvm::StringRef, llvm::TargetOptions const&, std::optional<llvm::Reloc::Model>, std::optional<llvm::CodeModel::Model>, llvm::CodeGenOptLevel, bool) const /usr/lib/llvm-20/include/llvm/MC/TargetRegistry.h:462:12
    #8 0x55ca9163a09e in tsc::TargetRegistry::initializeAllTargets() /workspace/src/TargetRegistry.cpp:67:41
    #9 0x55ca9162bdcd in tsc::Compiler::initializeLLVM() /workspace/src/Compiler.cpp:349:14
    #10 0x55ca9162b8b7 in tsc::Compiler::Compiler(tsc::CompilerOptions const&) /workspace/src/Compiler.cpp:24:5
    #11 0x55ca915fd7b5 in main /workspace/src/main.cpp:191:18
    #12 0x7ff5c395a337  (/lib/x86_64-linux-gnu/libc.so.6+0x2a337) (BuildId: 467f544f15035abef911999cbc14489edd0555ab)
    #13 0x7ff5c395a3fa in __libc_start_main (/lib/x86_64-linux-gnu/libc.so.6+0x2a3fa) (BuildId: 467f544f15035abef911999cbc14489edd0555ab)
    #14 0x55ca91511b64 in _start (/workspace/build-asan/tsc+0x74b64) (BuildId: 73a10d7cc646a755f705b0ae57418e68578aec2f)

Indirect leak of 8 byte(s) in 2 object(s) allocated from:
    #0 0x55ca915fa191 in operator new(unsigned long) (/workspace/build-asan/tsc+0x15d191) (BuildId: 73a10d7cc646a755f705b0ae57418e68578aec2f)
    #1 0x7ff5c5a01b0a in std::vector<std::pair<unsigned short, llvm::LegacyLegalizeActions::LegacyLegalizeAction>, std::allocator<std::pair<unsigned short, llvm::LegacyLegalizeActions::LegacyLegalizeAction>>>::operator=(std::vector<std::pair<unsigned short, llvm::LegacyLegalizeActions::LegacyLegalizeAction>, std::allocator<std::pair<unsigned short, llvm::LegacyLegalizeActions::LegacyLegalizeAction>>> const&) (/usr/lib/llvm-20/lib/libLLVM.so.20.1+0x1ae5b0a) (BuildId: b856c61f98abf0989f157f153740fe0fadfbb760)
    #2 0x7ff5c59fec93 in llvm::LegacyLegalizerInfo::LegacyLegalizerInfo() (/usr/lib/llvm-20/lib/libLLVM.so.20.1+0x1ae2c93) (BuildId: b856c61f98abf0989f157f153740fe0fadfbb760)
    #3 0x7ff5c7b28493  (/usr/lib/llvm-20/lib/libLLVM.so.20.1+0x3c0c493) (BuildId: b856c61f98abf0989f157f153740fe0fadfbb760)
    #4 0x7ff5c7b6091a  (/usr/lib/llvm-20/lib/libLLVM.so.20.1+0x3c4491a) (BuildId: b856c61f98abf0989f157f153740fe0fadfbb760)
    #5 0x7ff5c7b61710  (/usr/lib/llvm-20/lib/libLLVM.so.20.1+0x3c45710) (BuildId: b856c61f98abf0989f157f153740fe0fadfbb760)
    #6 0x7ff5c7b62a6c  (/usr/lib/llvm-20/lib/libLLVM.so.20.1+0x3c46a6c) (BuildId: b856c61f98abf0989f157f153740fe0fadfbb760)
    #7 0x55ca91648523 in llvm::Target::createTargetMachine(llvm::StringRef, llvm::StringRef, llvm::StringRef, llvm::TargetOptions const&, std::optional<llvm::Reloc::Model>, std::optional<llvm::CodeModel::Model>, llvm::CodeGenOptLevel, bool) const /usr/lib/llvm-20/include/llvm/MC/TargetRegistry.h:462:12
    #8 0x55ca9163a09e in tsc::TargetRegistry::initializeAllTargets() /workspace/src/TargetRegistry.cpp:67:41
    #9 0x55ca9162bdcd in tsc::Compiler::initializeLLVM() /workspace/src/Compiler.cpp:349:14
    #10 0x55ca9162b8b7 in tsc::Compiler::Compiler(tsc::CompilerOptions const&) /workspace/src/Compiler.cpp:24:5
    #11 0x55ca915fd7b5 in main /workspace/src/main.cpp:191:18
    #12 0x7ff5c395a337  (/lib/x86_64-linux-gnu/libc.so.6+0x2a337) (BuildId: 467f544f15035abef911999cbc14489edd0555ab)
    #13 0x7ff5c395a3fa in __libc_start_main (/lib/x86_64-linux-gnu/libc.so.6+0x2a3fa) (BuildId: 467f544f15035abef911999cbc14489edd0555ab)
    #14 0x55ca91511b64 in _start (/workspace/build-asan/tsc+0x74b64) (BuildId: 73a10d7cc646a755f705b0ae57418e68578aec2f)

Indirect leak of 8 byte(s) in 2 object(s) allocated from:
    #0 0x55ca915fa191 in operator new(unsigned long) (/workspace/build-asan/tsc+0x15d191) (BuildId: 73a10d7cc646a755f705b0ae57418e68578aec2f)
    #1 0x7ff5c5a01b0a in std::vector<std::pair<unsigned short, llvm::LegacyLegalizeActions::LegacyLegalizeAction>, std::allocator<std::pair<unsigned short, llvm::LegacyLegalizeActions::LegacyLegalizeAction>>>::operator=(std::vector<std::pair<unsigned short, llvm::LegacyLegalizeActions::LegacyLegalizeAction>, std::allocator<std::pair<unsigned short, llvm::LegacyLegalizeActions::LegacyLegalizeAction>>> const&) (/usr/lib/llvm-20/lib/libLLVM.so.20.1+0x1ae5b0a) (BuildId: b856c61f98abf0989f157f153740fe0fadfbb760)
    #2 0x7ff5c59fedcf in llvm::LegacyLegalizerInfo::LegacyLegalizerInfo() (/usr/lib/llvm-20/lib/libLLVM.so.20.1+0x1ae2dcf) (BuildId: b856c61f98abf0989f157f153740fe0fadfbb760)
    #3 0x7ff5c7b28493  (/usr/lib/llvm-20/lib/libLLVM.so.20.1+0x3c0c493) (BuildId: b856c61f98abf0989f157f153740fe0fadfbb760)
    #4 0x7ff5c7b6091a  (/usr/lib/llvm-20/lib/libLLVM.so.20.1+0x3c4491a) (BuildId: b856c61f98abf0989f157f153740fe0fadfbb760)
    #5 0x7ff5c7b61710  (/usr/lib/llvm-20/lib/libLLVM.so.20.1+0x3c45710) (BuildId: b856c61f98abf0989f157f153740fe0fadfbb760)
    #6 0x7ff5c7b62b2c  (/usr/lib/llvm-20/lib/libLLVM.so.20.1+0x3c46b2c) (BuildId: b856c61f98abf0989f157f153740fe0fadfbb760)
    #7 0x55ca91648523 in llvm::Target::createTargetMachine(llvm::StringRef, llvm::StringRef, llvm::StringRef, llvm::TargetOptions const&, std::optional<llvm::Reloc::Model>, std::optional<llvm::CodeModel::Model>, llvm::CodeGenOptLevel, bool) const /usr/lib/llvm-20/include/llvm/MC/TargetRegistry.h:462:12
    #8 0x55ca9163a09e in tsc::TargetRegistry::initializeAllTargets() /workspace/src/TargetRegistry.cpp:67:41
    #9 0x55ca9162bdcd in tsc::Compiler::initializeLLVM() /workspace/src/Compiler.cpp:349:14
    #10 0x55ca9162b8b7 in tsc::Compiler::Compiler(tsc::CompilerOptions const&) /workspace/src/Compiler.cpp:24:5
    #11 0x55ca915fd7b5 in main /workspace/src/main.cpp:191:18
    #12 0x7ff5c395a337  (/lib/x86_64-linux-gnu/libc.so.6+0x2a337) (BuildId: 467f544f15035abef911999cbc14489edd0555ab)
    #13 0x7ff5c395a3fa in __libc_start_main (/lib/x86_64-linux-gnu/libc.so.6+0x2a3fa) (BuildId: 467f544f15035abef911999cbc14489edd0555ab)
    #14 0x55ca91511b64 in _start (/workspace/build-asan/tsc+0x74b64) (BuildId: 73a10d7cc646a755f705b0ae57418e68578aec2f)

Indirect leak of 8 byte(s) in 2 object(s) allocated from:
    #0 0x55ca915fa191 in operator new(unsigned long) (/workspace/build-asan/tsc+0x15d191) (BuildId: 73a10d7cc646a755f705b0ae57418e68578aec2f)
    #1 0x7ff5c5a01b0a in std::vector<std::pair<unsigned short, llvm::LegacyLegalizeActions::LegacyLegalizeAction>, std::allocator<std::pair<unsigned short, llvm::LegacyLegalizeActions::LegacyLegalizeAction>>>::operator=(std::vector<std::pair<unsigned short, llvm::LegacyLegalizeActions::LegacyLegalizeAction>, std::allocator<std::pair<unsigned short, llvm::LegacyLegalizeActions::LegacyLegalizeAction>>> const&) (/usr/lib/llvm-20/lib/libLLVM.so.20.1+0x1ae5b0a) (BuildId: b856c61f98abf0989f157f153740fe0fadfbb760)
    #2 0x7ff5c59ff240 in llvm::LegacyLegalizerInfo::LegacyLegalizerInfo() (/usr/lib/llvm-20/lib/libLLVM.so.20.1+0x1ae3240) (BuildId: b856c61f98abf0989f157f153740fe0fadfbb760)
    #3 0x7ff5c7b28493  (/usr/lib/llvm-20/lib/libLLVM.so.20.1+0x3c0c493) (BuildId: b856c61f98abf0989f157f153740fe0fadfbb760)
    #4 0x7ff5c7b6091a  (/usr/lib/llvm-20/lib/libLLVM.so.20.1+0x3c4491a) (BuildId: b856c61f98abf0989f157f153740fe0fadfbb760)
    #5 0x7ff5c7b61a19  (/usr/lib/llvm-20/lib/libLLVM.so.20.1+0x3c45a19) (BuildId: b856c61f98abf0989f157f153740fe0fadfbb760)
    #6 0x7ff5c7b62b2c  (/usr/lib/llvm-20/lib/libLLVM.so.20.1+0x3c46b2c) (BuildId: b856c61f98abf0989f157f153740fe0fadfbb760)
    #7 0x55ca91648523 in llvm::Target::createTargetMachine(llvm::StringRef, llvm::StringRef, llvm::StringRef, llvm::TargetOptions const&, std::optional<llvm::Reloc::Model>, std::optional<llvm::CodeModel::Model>, llvm::CodeGenOptLevel, bool) const /usr/lib/llvm-20/include/llvm/MC/TargetRegistry.h:462:12
    #8 0x55ca9163a09e in tsc::TargetRegistry::initializeAllTargets() /workspace/src/TargetRegistry.cpp:67:41
    #9 0x55ca9162bdcd in tsc::Compiler::initializeLLVM() /workspace/src/Compiler.cpp:349:14
    #10 0x55ca9162b8b7 in tsc::Compiler::Compiler(tsc::CompilerOptions const&) /workspace/src/Compiler.cpp:24:5
    #11 0x55ca915fd7b5 in main /workspace/src/main.cpp:191:18
    #12 0x7ff5c395a337  (/lib/x86_64-linux-gnu/libc.so.6+0x2a337) (BuildId: 467f544f15035abef911999cbc14489edd0555ab)
    #13 0x7ff5c395a3fa in __libc_start_main (/lib/x86_64-linux-gnu/libc.so.6+0x2a3fa) (BuildId: 467f544f15035abef911999cbc14489edd0555ab)
    #14 0x55ca91511b64 in _start (/workspace/build-asan/tsc+0x74b64) (BuildId: 73a10d7cc646a755f705b0ae57418e68578aec2f)

Indirect leak of 8 byte(s) in 2 object(s) allocated from:
    #0 0x55ca915fa191 in operator new(unsigned long) (/workspace/build-asan/tsc+0x15d191) (BuildId: 73a10d7cc646a755f705b0ae57418e68578aec2f)
    #1 0x7ff5c5a01b0a in std::vector<std::pair<unsigned short, llvm::LegacyLegalizeActions::LegacyLegalizeAction>, std::allocator<std::pair<unsigned short, llvm::LegacyLegalizeActions::LegacyLegalizeAction>>>::operator=(std::vector<std::pair<unsigned short, llvm::LegacyLegalizeActions::LegacyLegalizeAction>, std::allocator<std::pair<unsigned short, llvm::LegacyLegalizeActions::LegacyLegalizeAction>>> const&) (/usr/lib/llvm-20/lib/libLLVM.so.20.1+0x1ae5b0a) (BuildId: b856c61f98abf0989f157f153740fe0fadfbb760)
    #2 0x7ff5c59fed83 in llvm::LegacyLegalizerInfo::LegacyLegalizerInfo() (/usr/lib/llvm-20/lib/libLLVM.so.20.1+0x1ae2d83) (BuildId: b856c61f98abf0989f157f153740fe0fadfbb760)
    #3 0x7ff5c7b28493  (/usr/lib/llvm-20/lib/libLLVM.so.20.1+0x3c0c493) (BuildId: b856c61f98abf0989f157f153740fe0fadfbb760)
    #4 0x7ff5c7b6091a  (/usr/lib/llvm-20/lib/libLLVM.so.20.1+0x3c4491a) (BuildId: b856c61f98abf0989f157f153740fe0fadfbb760)
    #5 0x7ff5c7b61710  (/usr/lib/llvm-20/lib/libLLVM.so.20.1+0x3c45710) (BuildId: b856c61f98abf0989f157f153740fe0fadfbb760)
    #6 0x7ff5c7b62b2c  (/usr/lib/llvm-20/lib/libLLVM.so.20.1+0x3c46b2c) (BuildId: b856c61f98abf0989f157f153740fe0fadfbb760)
    #7 0x55ca91648523 in llvm::Target::createTargetMachine(llvm::StringRef, llvm::StringRef, llvm::StringRef, llvm::TargetOptions const&, std::optional<llvm::Reloc::Model>, std::optional<llvm::CodeModel::Model>, llvm::CodeGenOptLevel, bool) const /usr/lib/llvm-20/include/llvm/MC/TargetRegistry.h:462:12
    #8 0x55ca9163a09e in tsc::TargetRegistry::initializeAllTargets() /workspace/src/TargetRegistry.cpp:67:41
    #9 0x55ca9162bdcd in tsc::Compiler::initializeLLVM() /workspace/src/Compiler.cpp:349:14
    #10 0x55ca9162b8b7 in tsc::Compiler::Compiler(tsc::CompilerOptions const&) /workspace/src/Compiler.cpp:24:5
    #11 0x55ca915fd7b5 in main /workspace/src/main.cpp:191:18
    #12 0x7ff5c395a337  (/lib/x86_64-linux-gnu/libc.so.6+0x2a337) (BuildId: 467f544f15035abef911999cbc14489edd0555ab)
    #13 0x7ff5c395a3fa in __libc_start_main (/lib/x86_64-linux-gnu/libc.so.6+0x2a3fa) (BuildId: 467f544f15035abef911999cbc14489edd0555ab)
    #14 0x55ca91511b64 in _start (/workspace/build-asan/tsc+0x74b64) (BuildId: 73a10d7cc646a755f705b0ae57418e68578aec2f)

Indirect leak of 8 byte(s) in 2 object(s) allocated from:
    #0 0x55ca915fa191 in operator new(unsigned long) (/workspace/build-asan/tsc+0x15d191) (BuildId: 73a10d7cc646a755f705b0ae57418e68578aec2f)
    #1 0x7ff5c5a01b0a in std::vector<std::pair<unsigned short, llvm::LegacyLegalizeActions::LegacyLegalizeAction>, std::allocator<std::pair<unsigned short, llvm::LegacyLegalizeActions::LegacyLegalizeAction>>>::operator=(std::vector<std::pair<unsigned short, llvm::LegacyLegalizeActions::LegacyLegalizeAction>, std::allocator<std::pair<unsigned short, llvm::LegacyLegalizeActions::LegacyLegalizeAction>>> const&) (/usr/lib/llvm-20/lib/libLLVM.so.20.1+0x1ae5b0a) (BuildId: b856c61f98abf0989f157f153740fe0fadfbb760)
    #2 0x7ff5c59fef03 in llvm::LegacyLegalizerInfo::LegacyLegalizerInfo() (/usr/lib/llvm-20/lib/libLLVM.so.20.1+0x1ae2f03) (BuildId: b856c61f98abf0989f157f153740fe0fadfbb760)
    #3 0x7ff5c7b28493  (/usr/lib/llvm-20/lib/libLLVM.so.20.1+0x3c0c493) (BuildId: b856c61f98abf0989f157f153740fe0fadfbb760)
    #4 0x7ff5c7b6091a  (/usr/lib/llvm-20/lib/libLLVM.so.20.1+0x3c4491a) (BuildId: b856c61f98abf0989f157f153740fe0fadfbb760)
    #5 0x7ff5c7b61a19  (/usr/lib/llvm-20/lib/libLLVM.so.20.1+0x3c45a19) (BuildId: b856c61f98abf0989f157f153740fe0fadfbb760)
    #6 0x7ff5c7b62b2c  (/usr/lib/llvm-20/lib/libLLVM.so.20.1+0x3c46b2c) (BuildId: b856c61f98abf0989f157f153740fe0fadfbb760)
    #7 0x55ca91648523 in llvm::Target::createTargetMachine(llvm::StringRef, llvm::StringRef, llvm::StringRef, llvm::TargetOptions const&, std::optional<llvm::Reloc::Model>, std::optional<llvm::CodeModel::Model>, llvm::CodeGenOptLevel, bool) const /usr/lib/llvm-20/include/llvm/MC/TargetRegistry.h:462:12
    #8 0x55ca9163a09e in tsc::TargetRegistry::initializeAllTargets() /workspace/src/TargetRegistry.cpp:67:41
    #9 0x55ca9162bdcd in tsc::Compiler::initializeLLVM() /workspace/src/Compiler.cpp:349:14
    #10 0x55ca9162b8b7 in tsc::Compiler::Compiler(tsc::CompilerOptions const&) /workspace/src/Compiler.cpp:24:5
    #11 0x55ca915fd7b5 in main /workspace/src/main.cpp:191:18
    #12 0x7ff5c395a337  (/lib/x86_64-linux-gnu/libc.so.6+0x2a337) (BuildId: 467f544f15035abef911999cbc14489edd0555ab)
    #13 0x7ff5c395a3fa in __libc_start_main (/lib/x86_64-linux-gnu/libc.so.6+0x2a3fa) (BuildId: 467f544f15035abef911999cbc14489edd0555ab)
    #14 0x55ca91511b64 in _start (/workspace/build-asan/tsc+0x74b64) (BuildId: 73a10d7cc646a755f705b0ae57418e68578aec2f)

Indirect leak of 8 byte(s) in 2 object(s) allocated from:
    #0 0x55ca915fa191 in operator new(unsigned long) (/workspace/build-asan/tsc+0x15d191) (BuildId: 73a10d7cc646a755f705b0ae57418e68578aec2f)
    #1 0x7ff5c5a01b0a in std::vector<std::pair<unsigned short, llvm::LegacyLegalizeActions::LegacyLegalizeAction>, std::allocator<std::pair<unsigned short, llvm::LegacyLegalizeActions::LegacyLegalizeAction>>>::operator=(std::vector<std::pair<unsigned short, llvm::LegacyLegalizeActions::LegacyLegalizeAction>, std::allocator<std::pair<unsigned short, llvm::LegacyLegalizeActions::LegacyLegalizeAction>>> const&) (/usr/lib/llvm-20/lib/libLLVM.so.20.1+0x1ae5b0a) (BuildId: b856c61f98abf0989f157f153740fe0fadfbb760)
    #2 0x7ff5c59feeb6 in llvm::LegacyLegalizerInfo::LegacyLegalizerInfo() (/usr/lib/llvm-20/lib/libLLVM.so.20.1+0x1ae2eb6) (BuildId: b856c61f98abf0989f157f153740fe0fadfbb760)
    #3 0x7ff5c7b28493  (/usr/lib/llvm-20/lib/libLLVM.so.20.1+0x3c0c493) (BuildId: b856c61f98abf0989f157f153740fe0fadfbb760)
    #4 0x7ff5c7b6091a  (/usr/lib/llvm-20/lib/libLLVM.so.20.1+0x3c4491a) (BuildId: b856c61f98abf0989f157f153740fe0fadfbb760)
    #5 0x7ff5c7b61a19  (/usr/lib/llvm-20/lib/libLLVM.so.20.1+0x3c45a19) (BuildId: b856c61f98abf0989f157f153740fe0fadfbb760)
    #6 0x7ff5c7b62b2c  (/usr/lib/llvm-20/lib/libLLVM.so.20.1+0x3c46b2c) (BuildId: b856c61f98abf0989f157f153740fe0fadfbb760)
    #7 0x55ca91648523 in llvm::Target::createTargetMachine(llvm::StringRef, llvm::StringRef, llvm::StringRef, llvm::TargetOptions const&, std::optional<llvm::Reloc::Model>, std::optional<llvm::CodeModel::Model>, llvm::CodeGenOptLevel, bool) const /usr/lib/llvm-20/include/llvm/MC/TargetRegistry.h:462:12
    #8 0x55ca9163a09e in tsc::TargetRegistry::initializeAllTargets() /workspace/src/TargetRegistry.cpp:67:41
    #9 0x55ca9162bdcd in tsc::Compiler::initializeLLVM() /workspace/src/Compiler.cpp:349:14
    #10 0x55ca9162b8b7 in tsc::Compiler::Compiler(tsc::CompilerOptions const&) /workspace/src/Compiler.cpp:24:5
    #11 0x55ca915fd7b5 in main /workspace/src/main.cpp:191:18
    #12 0x7ff5c395a337  (/lib/x86_64-linux-gnu/libc.so.6+0x2a337) (BuildId: 467f544f15035abef911999cbc14489edd0555ab)
    #13 0x7ff5c395a3fa in __libc_start_main (/lib/x86_64-linux-gnu/libc.so.6+0x2a3fa) (BuildId: 467f544f15035abef911999cbc14489edd0555ab)
    #14 0x55ca91511b64 in _start (/workspace/build-asan/tsc+0x74b64) (BuildId: 73a10d7cc646a755f705b0ae57418e68578aec2f)

Indirect leak of 8 byte(s) in 2 object(s) allocated from:
    #0 0x55ca915fa191 in operator new(unsigned long) (/workspace/build-asan/tsc+0x15d191) (BuildId: 73a10d7cc646a755f705b0ae57418e68578aec2f)
    #1 0x7ff5c5a01b0a in std::vector<std::pair<unsigned short, llvm::LegacyLegalizeActions::LegacyLegalizeAction>, std::allocator<std::pair<unsigned short, llvm::LegacyLegalizeActions::LegacyLegalizeAction>>>::operator=(std::vector<std::pair<unsigned short, llvm::LegacyLegalizeActions::LegacyLegalizeAction>, std::allocator<std::pair<unsigned short, llvm::LegacyLegalizeActions::LegacyLegalizeAction>>> const&) (/usr/lib/llvm-20/lib/libLLVM.so.20.1+0x1ae5b0a) (BuildId: b856c61f98abf0989f157f153740fe0fadfbb760)
    #2 0x7ff5c59fed33 in llvm::LegacyLegalizerInfo::LegacyLegalizerInfo() (/usr/lib/llvm-20/lib/libLLVM.so.20.1+0x1ae2d33) (BuildId: b856c61f98abf0989f157f153740fe0fadfbb760)
    #3 0x7ff5c7b28493  (/usr/lib/llvm-20/lib/libLLVM.so.20.1+0x3c0c493) (BuildId: b856c61f98abf0989f157f153740fe0fadfbb760)
    #4 0x7ff5c7b6091a  (/usr/lib/llvm-20/lib/libLLVM.so.20.1+0x3c4491a) (BuildId: b856c61f98abf0989f157f153740fe0fadfbb760)
    #5 0x7ff5c7b61710  (/usr/lib/llvm-20/lib/libLLVM.so.20.1+0x3c45710) (BuildId: b856c61f98abf0989f157f153740fe0fadfbb760)
    #6 0x7ff5c7b62b2c  (/usr/lib/llvm-20/lib/libLLVM.so.20.1+0x3c46b2c) (BuildId: b856c61f98abf0989f157f153740fe0fadfbb760)
    #7 0x55ca91648523 in llvm::Target::createTargetMachine(llvm::StringRef, llvm::StringRef, llvm::StringRef, llvm::TargetOptions const&, std::optional<llvm::Reloc::Model>, std::optional<llvm::CodeModel::Model>, llvm::CodeGenOptLevel, bool) const /usr/lib/llvm-20/include/llvm/MC/TargetRegistry.h:462:12
    #8 0x55ca9163a09e in tsc::TargetRegistry::initializeAllTargets() /workspace/src/TargetRegistry.cpp:67:41
    #9 0x55ca9162bdcd in tsc::Compiler::initializeLLVM() /workspace/src/Compiler.cpp:349:14
    #10 0x55ca9162b8b7 in tsc::Compiler::Compiler(tsc::CompilerOptions const&) /workspace/src/Compiler.cpp:24:5
    #11 0x55ca915fd7b5 in main /workspace/src/main.cpp:191:18
    #12 0x7ff5c395a337  (/lib/x86_64-linux-gnu/libc.so.6+0x2a337) (BuildId: 467f544f15035abef911999cbc14489edd0555ab)
    #13 0x7ff5c395a3fa in __libc_start_main (/lib/x86_64-linux-gnu/libc.so.6+0x2a3fa) (BuildId: 467f544f15035abef911999cbc14489edd0555ab)
    #14 0x55ca91511b64 in _start (/workspace/build-asan/tsc+0x74b64) (BuildId: 73a10d7cc646a755f705b0ae57418e68578aec2f)

Indirect leak of 8 byte(s) in 2 object(s) allocated from:
    #0 0x55ca915fa191 in operator new(unsigned long) (/workspace/build-asan/tsc+0x15d191) (BuildId: 73a10d7cc646a755f705b0ae57418e68578aec2f)
    #1 0x7ff5c5a01b0a in std::vector<std::pair<unsigned short, llvm::LegacyLegalizeActions::LegacyLegalizeAction>, std::allocator<std::pair<unsigned short, llvm::LegacyLegalizeActions::LegacyLegalizeAction>>>::operator=(std::vector<std::pair<unsigned short, llvm::LegacyLegalizeActions::LegacyLegalizeAction>, std::allocator<std::pair<unsigned short, llvm::LegacyLegalizeActions::LegacyLegalizeAction>>> const&) (/usr/lib/llvm-20/lib/libLLVM.so.20.1+0x1ae5b0a) (BuildId: b856c61f98abf0989f157f153740fe0fadfbb760)
    #2 0x7ff5c59fee69 in llvm::LegacyLegalizerInfo::LegacyLegalizerInfo() (/usr/lib/llvm-20/lib/libLLVM.so.20.1+0x1ae2e69) (BuildId: b856c61f98abf0989f157f153740fe0fadfbb760)
    #3 0x7ff5c7b28493  (/usr/lib/llvm-20/lib/libLLVM.so.20.1+0x3c0c493) (BuildId: b856c61f98abf0989f157f153740fe0fadfbb760)
    #4 0x7ff5c7b6091a  (/usr/lib/llvm-20/lib/libLLVM.so.20.1+0x3c4491a) (BuildId: b856c61f98abf0989f157f153740fe0fadfbb760)
    #5 0x7ff5c7b61a19  (/usr/lib/llvm-20/lib/libLLVM.so.20.1+0x3c45a19) (BuildId: b856c61f98abf0989f157f153740fe0fadfbb760)
    #6 0x7ff5c7b62b2c  (/usr/lib/llvm-20/lib/libLLVM.so.20.1+0x3c46b2c) (BuildId: b856c61f98abf0989f157f153740fe0fadfbb760)
    #7 0x55ca91648523 in llvm::Target::createTargetMachine(llvm::StringRef, llvm::StringRef, llvm::StringRef, llvm::TargetOptions const&, std::optional<llvm::Reloc::Model>, std::optional<llvm::CodeModel::Model>, llvm::CodeGenOptLevel, bool) const /usr/lib/llvm-20/include/llvm/MC/TargetRegistry.h:462:12
    #8 0x55ca9163a09e in tsc::TargetRegistry::initializeAllTargets() /workspace/src/TargetRegistry.cpp:67:41
    #9 0x55ca9162bdcd in tsc::Compiler::initializeLLVM() /workspace/src/Compiler.cpp:349:14
    #10 0x55ca9162b8b7 in tsc::Compiler::Compiler(tsc::CompilerOptions const&) /workspace/src/Compiler.cpp:24:5
    #11 0x55ca915fd7b5 in main /workspace/src/main.cpp:191:18
    #12 0x7ff5c395a337  (/lib/x86_64-linux-gnu/libc.so.6+0x2a337) (BuildId: 467f544f15035abef911999cbc14489edd0555ab)
    #13 0x7ff5c395a3fa in __libc_start_main (/lib/x86_64-linux-gnu/libc.so.6+0x2a3fa) (BuildId: 467f544f15035abef911999cbc14489edd0555ab)
    #14 0x55ca91511b64 in _start (/workspace/build-asan/tsc+0x74b64) (BuildId: 73a10d7cc646a755f705b0ae57418e68578aec2f)

Indirect leak of 8 byte(s) in 2 object(s) allocated from:
    #0 0x55ca915fa191 in operator new(unsigned long) (/workspace/build-asan/tsc+0x15d191) (BuildId: 73a10d7cc646a755f705b0ae57418e68578aec2f)
    #1 0x7ff5c5a01b0a in std::vector<std::pair<unsigned short, llvm::LegacyLegalizeActions::LegacyLegalizeAction>, std::allocator<std::pair<unsigned short, llvm::LegacyLegalizeActions::LegacyLegalizeAction>>>::operator=(std::vector<std::pair<unsigned short, llvm::LegacyLegalizeActions::LegacyLegalizeAction>, std::allocator<std::pair<unsigned short, llvm::LegacyLegalizeActions::LegacyLegalizeAction>>> const&) (/usr/lib/llvm-20/lib/libLLVM.so.20.1+0x1ae5b0a) (BuildId: b856c61f98abf0989f157f153740fe0fadfbb760)
    #2 0x7ff5c59fee1c in llvm::LegacyLegalizerInfo::LegacyLegalizerInfo() (/usr/lib/llvm-20/lib/libLLVM.so.20.1+0x1ae2e1c) (BuildId: b856c61f98abf0989f157f153740fe0fadfbb760)
    #3 0x7ff5c7b28493  (/usr/lib/llvm-20/lib/libLLVM.so.20.1+0x3c0c493) (BuildId: b856c61f98abf0989f157f153740fe0fadfbb760)
    #4 0x7ff5c7b6091a  (/usr/lib/llvm-20/lib/libLLVM.so.20.1+0x3c4491a) (BuildId: b856c61f98abf0989f157f153740fe0fadfbb760)
    #5 0x7ff5c7b61a19  (/usr/lib/llvm-20/lib/libLLVM.so.20.1+0x3c45a19) (BuildId: b856c61f98abf0989f157f153740fe0fadfbb760)
    #6 0x7ff5c7b62b2c  (/usr/lib/llvm-20/lib/libLLVM.so.20.1+0x3c46b2c) (BuildId: b856c61f98abf0989f157f153740fe0fadfbb760)
    #7 0x55ca91648523 in llvm::Target::createTargetMachine(llvm::StringRef, llvm::StringRef, llvm::StringRef, llvm::TargetOptions const&, std::optional<llvm::Reloc::Model>, std::optional<llvm::CodeModel::Model>, llvm::CodeGenOptLevel, bool) const /usr/lib/llvm-20/include/llvm/MC/TargetRegistry.h:462:12
    #8 0x55ca9163a09e in tsc::TargetRegistry::initializeAllTargets() /workspace/src/TargetRegistry.cpp:67:41
    #9 0x55ca9162bdcd in tsc::Compiler::initializeLLVM() /workspace/src/Compiler.cpp:349:14
    #10 0x55ca9162b8b7 in tsc::Compiler::Compiler(tsc::CompilerOptions const&) /workspace/src/Compiler.cpp:24:5
    #11 0x55ca915fd7b5 in main /workspace/src/main.cpp:191:18
    #12 0x7ff5c395a337  (/lib/x86_64-linux-gnu/libc.so.6+0x2a337) (BuildId: 467f544f15035abef911999cbc14489edd0555ab)
    #13 0x7ff5c395a3fa in __libc_start_main (/lib/x86_64-linux-gnu/libc.so.6+0x2a3fa) (BuildId: 467f544f15035abef911999cbc14489edd0555ab)
    #14 0x55ca91511b64 in _start (/workspace/build-asan/tsc+0x74b64) (BuildId: 73a10d7cc646a755f705b0ae57418e68578aec2f)

Indirect leak of 8 byte(s) in 2 object(s) allocated from:
    #0 0x55ca915fa191 in operator new(unsigned long) (/workspace/build-asan/tsc+0x15d191) (BuildId: 73a10d7cc646a755f705b0ae57418e68578aec2f)
    #1 0x7ff5c5a01b0a in std::vector<std::pair<unsigned short, llvm::LegacyLegalizeActions::LegacyLegalizeAction>, std::allocator<std::pair<unsigned short, llvm::LegacyLegalizeActions::LegacyLegalizeAction>>>::operator=(std::vector<std::pair<unsigned short, llvm::LegacyLegalizeActions::LegacyLegalizeAction>, std::allocator<std::pair<unsigned short, llvm::LegacyLegalizeActions::LegacyLegalizeAction>>> const&) (/usr/lib/llvm-20/lib/libLLVM.so.20.1+0x1ae5b0a) (BuildId: b856c61f98abf0989f157f153740fe0fadfbb760)
    #2 0x7ff5c59fece3 in llvm::LegacyLegalizerInfo::LegacyLegalizerInfo() (/usr/lib/llvm-20/lib/libLLVM.so.20.1+0x1ae2ce3) (BuildId: b856c61f98abf0989f157f153740fe0fadfbb760)
    #3 0x7ff5c7b28493  (/usr/lib/llvm-20/lib/libLLVM.so.20.1+0x3c0c493) (BuildId: b856c61f98abf0989f157f153740fe0fadfbb760)
    #4 0x7ff5c7b6091a  (/usr/lib/llvm-20/lib/libLLVM.so.20.1+0x3c4491a) (BuildId: b856c61f98abf0989f157f153740fe0fadfbb760)
    #5 0x7ff5c7b61710  (/usr/lib/llvm-20/lib/libLLVM.so.20.1+0x3c45710) (BuildId: b856c61f98abf0989f157f153740fe0fadfbb760)
    #6 0x7ff5c7b62b2c  (/usr/lib/llvm-20/lib/libLLVM.so.20.1+0x3c46b2c) (BuildId: b856c61f98abf0989f157f153740fe0fadfbb760)
    #7 0x55ca91648523 in llvm::Target::createTargetMachine(llvm::StringRef, llvm::StringRef, llvm::StringRef, llvm::TargetOptions const&, std::optional<llvm::Reloc::Model>, std::optional<llvm::CodeModel::Model>, llvm::CodeGenOptLevel, bool) const /usr/lib/llvm-20/include/llvm/MC/TargetRegistry.h:462:12
    #8 0x55ca9163a09e in tsc::TargetRegistry::initializeAllTargets() /workspace/src/TargetRegistry.cpp:67:41
    #9 0x55ca9162bdcd in tsc::Compiler::initializeLLVM() /workspace/src/Compiler.cpp:349:14
    #10 0x55ca9162b8b7 in tsc::Compiler::Compiler(tsc::CompilerOptions const&) /workspace/src/Compiler.cpp:24:5
    #11 0x55ca915fd7b5 in main /workspace/src/main.cpp:191:18
    #12 0x7ff5c395a337  (/lib/x86_64-linux-gnu/libc.so.6+0x2a337) (BuildId: 467f544f15035abef911999cbc14489edd0555ab)
    #13 0x7ff5c395a3fa in __libc_start_main (/lib/x86_64-linux-gnu/libc.so.6+0x2a3fa) (BuildId: 467f544f15035abef911999cbc14489edd0555ab)
    #14 0x55ca91511b64 in _start (/workspace/build-asan/tsc+0x74b64) (BuildId: 73a10d7cc646a755f705b0ae57418e68578aec2f)

Indirect leak of 8 byte(s) in 2 object(s) allocated from:
    #0 0x55ca915fa191 in operator new(unsigned long) (/workspace/build-asan/tsc+0x15d191) (BuildId: 73a10d7cc646a755f705b0ae57418e68578aec2f)
    #1 0x7ff5c5a01b0a in std::vector<std::pair<unsigned short, llvm::LegacyLegalizeActions::LegacyLegalizeAction>, std::allocator<std::pair<unsigned short, llvm::LegacyLegalizeActions::LegacyLegalizeAction>>>::operator=(std::vector<std::pair<unsigned short, llvm::LegacyLegalizeActions::LegacyLegalizeAction>, std::allocator<std::pair<unsigned short, llvm::LegacyLegalizeActions::LegacyLegalizeAction>>> const&) (/usr/lib/llvm-20/lib/libLLVM.so.20.1+0x1ae5b0a) (BuildId: b856c61f98abf0989f157f153740fe0fadfbb760)
    #2 0x7ff5c59fedcf in llvm::LegacyLegalizerInfo::LegacyLegalizerInfo() (/usr/lib/llvm-20/lib/libLLVM.so.20.1+0x1ae2dcf) (BuildId: b856c61f98abf0989f157f153740fe0fadfbb760)
    #3 0x7ff5c7b28493  (/usr/lib/llvm-20/lib/libLLVM.so.20.1+0x3c0c493) (BuildId: b856c61f98abf0989f157f153740fe0fadfbb760)
    #4 0x7ff5c7b6091a  (/usr/lib/llvm-20/lib/libLLVM.so.20.1+0x3c4491a) (BuildId: b856c61f98abf0989f157f153740fe0fadfbb760)
    #5 0x7ff5c7b61a19  (/usr/lib/llvm-20/lib/libLLVM.so.20.1+0x3c45a19) (BuildId: b856c61f98abf0989f157f153740fe0fadfbb760)
    #6 0x7ff5c7b62b2c  (/usr/lib/llvm-20/lib/libLLVM.so.20.1+0x3c46b2c) (BuildId: b856c61f98abf0989f157f153740fe0fadfbb760)
    #7 0x55ca91648523 in llvm::Target::createTargetMachine(llvm::StringRef, llvm::StringRef, llvm::StringRef, llvm::TargetOptions const&, std::optional<llvm::Reloc::Model>, std::optional<llvm::CodeModel::Model>, llvm::CodeGenOptLevel, bool) const /usr/lib/llvm-20/include/llvm/MC/TargetRegistry.h:462:12
    #8 0x55ca9163a09e in tsc::TargetRegistry::initializeAllTargets() /workspace/src/TargetRegistry.cpp:67:41
    #9 0x55ca9162bdcd in tsc::Compiler::initializeLLVM() /workspace/src/Compiler.cpp:349:14
    #10 0x55ca9162b8b7 in tsc::Compiler::Compiler(tsc::CompilerOptions const&) /workspace/src/Compiler.cpp:24:5
    #11 0x55ca915fd7b5 in main /workspace/src/main.cpp:191:18
    #12 0x7ff5c395a337  (/lib/x86_64-linux-gnu/libc.so.6+0x2a337) (BuildId: 467f544f15035abef911999cbc14489edd0555ab)
    #13 0x7ff5c395a3fa in __libc_start_main (/lib/x86_64-linux-gnu/libc.so.6+0x2a3fa) (BuildId: 467f544f15035abef911999cbc14489edd0555ab)
    #14 0x55ca91511b64 in _start (/workspace/build-asan/tsc+0x74b64) (BuildId: 73a10d7cc646a755f705b0ae57418e68578aec2f)

Indirect leak of 8 byte(s) in 2 object(s) allocated from:
    #0 0x55ca915fa191 in operator new(unsigned long) (/workspace/build-asan/tsc+0x15d191) (BuildId: 73a10d7cc646a755f705b0ae57418e68578aec2f)
    #1 0x7ff5c5a01b0a in std::vector<std::pair<unsigned short, llvm::LegacyLegalizeActions::LegacyLegalizeAction>, std::allocator<std::pair<unsigned short, llvm::LegacyLegalizeActions::LegacyLegalizeAction>>>::operator=(std::vector<std::pair<unsigned short, llvm::LegacyLegalizeActions::LegacyLegalizeAction>, std::allocator<std::pair<unsigned short, llvm::LegacyLegalizeActions::LegacyLegalizeAction>>> const&) (/usr/lib/llvm-20/lib/libLLVM.so.20.1+0x1ae5b0a) (BuildId: b856c61f98abf0989f157f153740fe0fadfbb760)
    #2 0x7ff5c59fed83 in llvm::LegacyLegalizerInfo::LegacyLegalizerInfo() (/usr/lib/llvm-20/lib/libLLVM.so.20.1+0x1ae2d83) (BuildId: b856c61f98abf0989f157f153740fe0fadfbb760)
    #3 0x7ff5c7b28493  (/usr/lib/llvm-20/lib/libLLVM.so.20.1+0x3c0c493) (BuildId: b856c61f98abf0989f157f153740fe0fadfbb760)
    #4 0x7ff5c7b6091a  (/usr/lib/llvm-20/lib/libLLVM.so.20.1+0x3c4491a) (BuildId: b856c61f98abf0989f157f153740fe0fadfbb760)
    #5 0x7ff5c7b61a19  (/usr/lib/llvm-20/lib/libLLVM.so.20.1+0x3c45a19) (BuildId: b856c61f98abf0989f157f153740fe0fadfbb760)
    #6 0x7ff5c7b62b2c  (/usr/lib/llvm-20/lib/libLLVM.so.20.1+0x3c46b2c) (BuildId: b856c61f98abf0989f157f153740fe0fadfbb760)
    #7 0x55ca91648523 in llvm::Target::createTargetMachine(llvm::StringRef, llvm::StringRef, llvm::StringRef, llvm::TargetOptions const&, std::optional<llvm::Reloc::Model>, std::optional<llvm::CodeModel::Model>, llvm::CodeGenOptLevel, bool) const /usr/lib/llvm-20/include/llvm/MC/TargetRegistry.h:462:12
    #8 0x55ca9163a09e in tsc::TargetRegistry::initializeAllTargets() /workspace/src/TargetRegistry.cpp:67:41
    #9 0x55ca9162bdcd in tsc::Compiler::initializeLLVM() /workspace/src/Compiler.cpp:349:14
    #10 0x55ca9162b8b7 in tsc::Compiler::Compiler(tsc::CompilerOptions const&) /workspace/src/Compiler.cpp:24:5
    #11 0x55ca915fd7b5 in main /workspace/src/main.cpp:191:18
    #12 0x7ff5c395a337  (/lib/x86_64-linux-gnu/libc.so.6+0x2a337) (BuildId: 467f544f15035abef911999cbc14489edd0555ab)
    #13 0x7ff5c395a3fa in __libc_start_main (/lib/x86_64-linux-gnu/libc.so.6+0x2a3fa) (BuildId: 467f544f15035abef911999cbc14489edd0555ab)
    #14 0x55ca91511b64 in _start (/workspace/build-asan/tsc+0x74b64) (BuildId: 73a10d7cc646a755f705b0ae57418e68578aec2f)

Indirect leak of 8 byte(s) in 2 object(s) allocated from:
    #0 0x55ca915fa191 in operator new(unsigned long) (/workspace/build-asan/tsc+0x15d191) (BuildId: 73a10d7cc646a755f705b0ae57418e68578aec2f)
    #1 0x7ff5c5a01b0a in std::vector<std::pair<unsigned short, llvm::LegacyLegalizeActions::LegacyLegalizeAction>, std::allocator<std::pair<unsigned short, llvm::LegacyLegalizeActions::LegacyLegalizeAction>>>::operator=(std::vector<std::pair<unsigned short, llvm::LegacyLegalizeActions::LegacyLegalizeAction>, std::allocator<std::pair<unsigned short, llvm::LegacyLegalizeActions::LegacyLegalizeAction>>> const&) (/usr/lib/llvm-20/lib/libLLVM.so.20.1+0x1ae5b0a) (BuildId: b856c61f98abf0989f157f153740fe0fadfbb760)
    #2 0x7ff5c59fed33 in llvm::LegacyLegalizerInfo::LegacyLegalizerInfo() (/usr/lib/llvm-20/lib/libLLVM.so.20.1+0x1ae2d33) (BuildId: b856c61f98abf0989f157f153740fe0fadfbb760)
    #3 0x7ff5c7b28493  (/usr/lib/llvm-20/lib/libLLVM.so.20.1+0x3c0c493) (BuildId: b856c61f98abf0989f157f153740fe0fadfbb760)
    #4 0x7ff5c7b6091a  (/usr/lib/llvm-20/lib/libLLVM.so.20.1+0x3c4491a) (BuildId: b856c61f98abf0989f157f153740fe0fadfbb760)
    #5 0x7ff5c7b61a19  (/usr/lib/llvm-20/lib/libLLVM.so.20.1+0x3c45a19) (BuildId: b856c61f98abf0989f157f153740fe0fadfbb760)
    #6 0x7ff5c7b62b2c  (/usr/lib/llvm-20/lib/libLLVM.so.20.1+0x3c46b2c) (BuildId: b856c61f98abf0989f157f153740fe0fadfbb760)
    #7 0x55ca91648523 in llvm::Target::createTargetMachine(llvm::StringRef, llvm::StringRef, llvm::StringRef, llvm::TargetOptions const&, std::optional<llvm::Reloc::Model>, std::optional<llvm::CodeModel::Model>, llvm::CodeGenOptLevel, bool) const /usr/lib/llvm-20/include/llvm/MC/TargetRegistry.h:462:12
    #8 0x55ca9163a09e in tsc::TargetRegistry::initializeAllTargets() /workspace/src/TargetRegistry.cpp:67:41
    #9 0x55ca9162bdcd in tsc::Compiler::initializeLLVM() /workspace/src/Compiler.cpp:349:14
    #10 0x55ca9162b8b7 in tsc::Compiler::Compiler(tsc::CompilerOptions const&) /workspace/src/Compiler.cpp:24:5
    #11 0x55ca915fd7b5 in main /workspace/src/main.cpp:191:18
    #12 0x7ff5c395a337  (/lib/x86_64-linux-gnu/libc.so.6+0x2a337) (BuildId: 467f544f15035abef911999cbc14489edd0555ab)
    #13 0x7ff5c395a3fa in __libc_start_main (/lib/x86_64-linux-gnu/libc.so.6+0x2a3fa) (BuildId: 467f544f15035abef911999cbc14489edd0555ab)
    #14 0x55ca91511b64 in _start (/workspace/build-asan/tsc+0x74b64) (BuildId: 73a10d7cc646a755f705b0ae57418e68578aec2f)

Indirect leak of 8 byte(s) in 2 object(s) allocated from:
    #0 0x55ca915fa191 in operator new(unsigned long) (/workspace/build-asan/tsc+0x15d191) (BuildId: 73a10d7cc646a755f705b0ae57418e68578aec2f)
    #1 0x7ff5c5a01b0a in std::vector<std::pair<unsigned short, llvm::LegacyLegalizeActions::LegacyLegalizeAction>, std::allocator<std::pair<unsigned short, llvm::LegacyLegalizeActions::LegacyLegalizeAction>>>::operator=(std::vector<std::pair<unsigned short, llvm::LegacyLegalizeActions::LegacyLegalizeAction>, std::allocator<std::pair<unsigned short, llvm::LegacyLegalizeActions::LegacyLegalizeAction>>> const&) (/usr/lib/llvm-20/lib/libLLVM.so.20.1+0x1ae5b0a) (BuildId: b856c61f98abf0989f157f153740fe0fadfbb760)
    #2 0x7ff5c59fece3 in llvm::LegacyLegalizerInfo::LegacyLegalizerInfo() (/usr/lib/llvm-20/lib/libLLVM.so.20.1+0x1ae2ce3) (BuildId: b856c61f98abf0989f157f153740fe0fadfbb760)
    #3 0x7ff5c7b28493  (/usr/lib/llvm-20/lib/libLLVM.so.20.1+0x3c0c493) (BuildId: b856c61f98abf0989f157f153740fe0fadfbb760)
    #4 0x7ff5c7b6091a  (/usr/lib/llvm-20/lib/libLLVM.so.20.1+0x3c4491a) (BuildId: b856c61f98abf0989f157f153740fe0fadfbb760)
    #5 0x7ff5c7b61a19  (/usr/lib/llvm-20/lib/libLLVM.so.20.1+0x3c45a19) (BuildId: b856c61f98abf0989f157f153740fe0fadfbb760)
    #6 0x7ff5c7b62b2c  (/usr/lib/llvm-20/lib/libLLVM.so.20.1+0x3c46b2c) (BuildId: b856c61f98abf0989f157f153740fe0fadfbb760)
    #7 0x55ca91648523 in llvm::Target::createTargetMachine(llvm::StringRef, llvm::StringRef, llvm::StringRef, llvm::TargetOptions const&, std::optional<llvm::Reloc::Model>, std::optional<llvm::CodeModel::Model>, llvm::CodeGenOptLevel, bool) const /usr/lib/llvm-20/include/llvm/MC/TargetRegistry.h:462:12
    #8 0x55ca9163a09e in tsc::TargetRegistry::initializeAllTargets() /workspace/src/TargetRegistry.cpp:67:41
    #9 0x55ca9162bdcd in tsc::Compiler::initializeLLVM() /workspace/src/Compiler.cpp:349:14
    #10 0x55ca9162b8b7 in tsc::Compiler::Compiler(tsc::CompilerOptions const&) /workspace/src/Compiler.cpp:24:5
    #11 0x55ca915fd7b5 in main /workspace/src/main.cpp:191:18
    #12 0x7ff5c395a337  (/lib/x86_64-linux-gnu/libc.so.6+0x2a337) (BuildId: 467f544f15035abef911999cbc14489edd0555ab)
    #13 0x7ff5c395a3fa in __libc_start_main (/lib/x86_64-linux-gnu/libc.so.6+0x2a3fa) (BuildId: 467f544f15035abef911999cbc14489edd0555ab)
    #14 0x55ca91511b64 in _start (/workspace/build-asan/tsc+0x74b64) (BuildId: 73a10d7cc646a755f705b0ae57418e68578aec2f)

Indirect leak of 8 byte(s) in 2 object(s) allocated from:
    #0 0x55ca915fa191 in operator new(unsigned long) (/workspace/build-asan/tsc+0x15d191) (BuildId: 73a10d7cc646a755f705b0ae57418e68578aec2f)
    #1 0x7ff5c5a01b0a in std::vector<std::pair<unsigned short, llvm::LegacyLegalizeActions::LegacyLegalizeAction>, std::allocator<std::pair<unsigned short, llvm::LegacyLegalizeActions::LegacyLegalizeAction>>>::operator=(std::vector<std::pair<unsigned short, llvm::LegacyLegalizeActions::LegacyLegalizeAction>, std::allocator<std::pair<unsigned short, llvm::LegacyLegalizeActions::LegacyLegalizeAction>>> const&) (/usr/lib/llvm-20/lib/libLLVM.so.20.1+0x1ae5b0a) (BuildId: b856c61f98abf0989f157f153740fe0fadfbb760)
    #2 0x7ff5c59fec93 in llvm::LegacyLegalizerInfo::LegacyLegalizerInfo() (/usr/lib/llvm-20/lib/libLLVM.so.20.1+0x1ae2c93) (BuildId: b856c61f98abf0989f157f153740fe0fadfbb760)
    #3 0x7ff5c7b28493  (/usr/lib/llvm-20/lib/libLLVM.so.20.1+0x3c0c493) (BuildId: b856c61f98abf0989f157f153740fe0fadfbb760)
    #4 0x7ff5c7b6091a  (/usr/lib/llvm-20/lib/libLLVM.so.20.1+0x3c4491a) (BuildId: b856c61f98abf0989f157f153740fe0fadfbb760)
    #5 0x7ff5c7b61710  (/usr/lib/llvm-20/lib/libLLVM.so.20.1+0x3c45710) (BuildId: b856c61f98abf0989f157f153740fe0fadfbb760)
    #6 0x7ff5c7b62b2c  (/usr/lib/llvm-20/lib/libLLVM.so.20.1+0x3c46b2c) (BuildId: b856c61f98abf0989f157f153740fe0fadfbb760)
    #7 0x55ca91648523 in llvm::Target::createTargetMachine(llvm::StringRef, llvm::StringRef, llvm::StringRef, llvm::TargetOptions const&, std::optional<llvm::Reloc::Model>, std::optional<llvm::CodeModel::Model>, llvm::CodeGenOptLevel, bool) const /usr/lib/llvm-20/include/llvm/MC/TargetRegistry.h:462:12
    #8 0x55ca9163a09e in tsc::TargetRegistry::initializeAllTargets() /workspace/src/TargetRegistry.cpp:67:41
    #9 0x55ca9162bdcd in tsc::Compiler::initializeLLVM() /workspace/src/Compiler.cpp:349:14
    #10 0x55ca9162b8b7 in tsc::Compiler::Compiler(tsc::CompilerOptions const&) /workspace/src/Compiler.cpp:24:5
    #11 0x55ca915fd7b5 in main /workspace/src/main.cpp:191:18
    #12 0x7ff5c395a337  (/lib/x86_64-linux-gnu/libc.so.6+0x2a337) (BuildId: 467f544f15035abef911999cbc14489edd0555ab)
    #13 0x7ff5c395a3fa in __libc_start_main (/lib/x86_64-linux-gnu/libc.so.6+0x2a3fa) (BuildId: 467f544f15035abef911999cbc14489edd0555ab)
    #14 0x55ca91511b64 in _start (/workspace/build-asan/tsc+0x74b64) (BuildId: 73a10d7cc646a755f705b0ae57418e68578aec2f)

Indirect leak of 8 byte(s) in 2 object(s) allocated from:
    #0 0x55ca915fa191 in operator new(unsigned long) (/workspace/build-asan/tsc+0x15d191) (BuildId: 73a10d7cc646a755f705b0ae57418e68578aec2f)
    #1 0x7ff5c5a01b0a in std::vector<std::pair<unsigned short, llvm::LegacyLegalizeActions::LegacyLegalizeAction>, std::allocator<std::pair<unsigned short, llvm::LegacyLegalizeActions::LegacyLegalizeAction>>>::operator=(std::vector<std::pair<unsigned short, llvm::LegacyLegalizeActions::LegacyLegalizeAction>, std::allocator<std::pair<unsigned short, llvm::LegacyLegalizeActions::LegacyLegalizeAction>>> const&) (/usr/lib/llvm-20/lib/libLLVM.so.20.1+0x1ae5b0a) (BuildId: b856c61f98abf0989f157f153740fe0fadfbb760)
    #2 0x7ff5c59fec93 in llvm::LegacyLegalizerInfo::LegacyLegalizerInfo() (/usr/lib/llvm-20/lib/libLLVM.so.20.1+0x1ae2c93) (BuildId: b856c61f98abf0989f157f153740fe0fadfbb760)
    #3 0x7ff5c7b28493  (/usr/lib/llvm-20/lib/libLLVM.so.20.1+0x3c0c493) (BuildId: b856c61f98abf0989f157f153740fe0fadfbb760)
    #4 0x7ff5c7b6091a  (/usr/lib/llvm-20/lib/libLLVM.so.20.1+0x3c4491a) (BuildId: b856c61f98abf0989f157f153740fe0fadfbb760)
    #5 0x7ff5c7b61a19  (/usr/lib/llvm-20/lib/libLLVM.so.20.1+0x3c45a19) (BuildId: b856c61f98abf0989f157f153740fe0fadfbb760)
    #6 0x7ff5c7b62b2c  (/usr/lib/llvm-20/lib/libLLVM.so.20.1+0x3c46b2c) (BuildId: b856c61f98abf0989f157f153740fe0fadfbb760)
    #7 0x55ca91648523 in llvm::Target::createTargetMachine(llvm::StringRef, llvm::StringRef, llvm::StringRef, llvm::TargetOptions const&, std::optional<llvm::Reloc::Model>, std::optional<llvm::CodeModel::Model>, llvm::CodeGenOptLevel, bool) const /usr/lib/llvm-20/include/llvm/MC/TargetRegistry.h:462:12
    #8 0x55ca9163a09e in tsc::TargetRegistry::initializeAllTargets() /workspace/src/TargetRegistry.cpp:67:41
    #9 0x55ca9162bdcd in tsc::Compiler::initializeLLVM() /workspace/src/Compiler.cpp:349:14
    #10 0x55ca9162b8b7 in tsc::Compiler::Compiler(tsc::CompilerOptions const&) /workspace/src/Compiler.cpp:24:5
    #11 0x55ca915fd7b5 in main /workspace/src/main.cpp:191:18
    #12 0x7ff5c395a337  (/lib/x86_64-linux-gnu/libc.so.6+0x2a337) (BuildId: 467f544f15035abef911999cbc14489edd0555ab)
    #13 0x7ff5c395a3fa in __libc_start_main (/lib/x86_64-linux-gnu/libc.so.6+0x2a3fa) (BuildId: 467f544f15035abef911999cbc14489edd0555ab)
    #14 0x55ca91511b64 in _start (/workspace/build-asan/tsc+0x74b64) (BuildId: 73a10d7cc646a755f705b0ae57418e68578aec2f)

Indirect leak of 8 byte(s) in 2 object(s) allocated from:
    #0 0x55ca915fa191 in operator new(unsigned long) (/workspace/build-asan/tsc+0x15d191) (BuildId: 73a10d7cc646a755f705b0ae57418e68578aec2f)
    #1 0x7ff5c5a01b0a in std::vector<std::pair<unsigned short, llvm::LegacyLegalizeActions::LegacyLegalizeAction>, std::allocator<std::pair<unsigned short, llvm::LegacyLegalizeActions::LegacyLegalizeAction>>>::operator=(std::vector<std::pair<unsigned short, llvm::LegacyLegalizeActions::LegacyLegalizeAction>, std::allocator<std::pair<unsigned short, llvm::LegacyLegalizeActions::LegacyLegalizeAction>>> const&) (/usr/lib/llvm-20/lib/libLLVM.so.20.1+0x1ae5b0a) (BuildId: b856c61f98abf0989f157f153740fe0fadfbb760)
    #2 0x7ff5c59ff240 in llvm::LegacyLegalizerInfo::LegacyLegalizerInfo() (/usr/lib/llvm-20/lib/libLLVM.so.20.1+0x1ae3240) (BuildId: b856c61f98abf0989f157f153740fe0fadfbb760)
    #3 0x7ff5c7b28493  (/usr/lib/llvm-20/lib/libLLVM.so.20.1+0x3c0c493) (BuildId: b856c61f98abf0989f157f153740fe0fadfbb760)
    #4 0x7ff5c7b6091a  (/usr/lib/llvm-20/lib/libLLVM.so.20.1+0x3c4491a) (BuildId: b856c61f98abf0989f157f153740fe0fadfbb760)
    #5 0x7ff5c7b61a19  (/usr/lib/llvm-20/lib/libLLVM.so.20.1+0x3c45a19) (BuildId: b856c61f98abf0989f157f153740fe0fadfbb760)
    #6 0x7ff5c7b62a6c  (/usr/lib/llvm-20/lib/libLLVM.so.20.1+0x3c46a6c) (BuildId: b856c61f98abf0989f157f153740fe0fadfbb760)
    #7 0x55ca91648523 in llvm::Target::createTargetMachine(llvm::StringRef, llvm::StringRef, llvm::StringRef, llvm::TargetOptions const&, std::optional<llvm::Reloc::Model>, std::optional<llvm::CodeModel::Model>, llvm::CodeGenOptLevel, bool) const /usr/lib/llvm-20/include/llvm/MC/TargetRegistry.h:462:12
    #8 0x55ca9163a09e in tsc::TargetRegistry::initializeAllTargets() /workspace/src/TargetRegistry.cpp:67:41
    #9 0x55ca9162bdcd in tsc::Compiler::initializeLLVM() /workspace/src/Compiler.cpp:349:14
    #10 0x55ca9162b8b7 in tsc::Compiler::Compiler(tsc::CompilerOptions const&) /workspace/src/Compiler.cpp:24:5
    #11 0x55ca915fd7b5 in main /workspace/src/main.cpp:191:18
    #12 0x7ff5c395a337  (/lib/x86_64-linux-gnu/libc.so.6+0x2a337) (BuildId: 467f544f15035abef911999cbc14489edd0555ab)
    #13 0x7ff5c395a3fa in __libc_start_main (/lib/x86_64-linux-gnu/libc.so.6+0x2a3fa) (BuildId: 467f544f15035abef911999cbc14489edd0555ab)
    #14 0x55ca91511b64 in _start (/workspace/build-asan/tsc+0x74b64) (BuildId: 73a10d7cc646a755f705b0ae57418e68578aec2f)

Indirect leak of 8 byte(s) in 2 object(s) allocated from:
    #0 0x55ca915fa191 in operator new(unsigned long) (/workspace/build-asan/tsc+0x15d191) (BuildId: 73a10d7cc646a755f705b0ae57418e68578aec2f)
    #1 0x7ff5c5a01b0a in std::vector<std::pair<unsigned short, llvm::LegacyLegalizeActions::LegacyLegalizeAction>, std::allocator<std::pair<unsigned short, llvm::LegacyLegalizeActions::LegacyLegalizeAction>>>::operator=(std::vector<std::pair<unsigned short, llvm::LegacyLegalizeActions::LegacyLegalizeAction>, std::allocator<std::pair<unsigned short, llvm::LegacyLegalizeActions::LegacyLegalizeAction>>> const&) (/usr/lib/llvm-20/lib/libLLVM.so.20.1+0x1ae5b0a) (BuildId: b856c61f98abf0989f157f153740fe0fadfbb760)
    #2 0x7ff5c59ff240 in llvm::LegacyLegalizerInfo::LegacyLegalizerInfo() (/usr/lib/llvm-20/lib/libLLVM.so.20.1+0x1ae3240) (BuildId: b856c61f98abf0989f157f153740fe0fadfbb760)
    #3 0x7ff5c7b28493  (/usr/lib/llvm-20/lib/libLLVM.so.20.1+0x3c0c493) (BuildId: b856c61f98abf0989f157f153740fe0fadfbb760)
    #4 0x7ff5c7b6091a  (/usr/lib/llvm-20/lib/libLLVM.so.20.1+0x3c4491a) (BuildId: b856c61f98abf0989f157f153740fe0fadfbb760)
    #5 0x7ff5c7b6188a  (/usr/lib/llvm-20/lib/libLLVM.so.20.1+0x3c4588a) (BuildId: b856c61f98abf0989f157f153740fe0fadfbb760)
    #6 0x7ff5c7b62b2c  (/usr/lib/llvm-20/lib/libLLVM.so.20.1+0x3c46b2c) (BuildId: b856c61f98abf0989f157f153740fe0fadfbb760)
    #7 0x55ca91648523 in llvm::Target::createTargetMachine(llvm::StringRef, llvm::StringRef, llvm::StringRef, llvm::TargetOptions const&, std::optional<llvm::Reloc::Model>, std::optional<llvm::CodeModel::Model>, llvm::CodeGenOptLevel, bool) const /usr/lib/llvm-20/include/llvm/MC/TargetRegistry.h:462:12
    #8 0x55ca9163a09e in tsc::TargetRegistry::initializeAllTargets() /workspace/src/TargetRegistry.cpp:67:41
    #9 0x55ca9162bdcd in tsc::Compiler::initializeLLVM() /workspace/src/Compiler.cpp:349:14
    #10 0x55ca9162b8b7 in tsc::Compiler::Compiler(tsc::CompilerOptions const&) /workspace/src/Compiler.cpp:24:5
    #11 0x55ca915fd7b5 in main /workspace/src/main.cpp:191:18
    #12 0x7ff5c395a337  (/lib/x86_64-linux-gnu/libc.so.6+0x2a337) (BuildId: 467f544f15035abef911999cbc14489edd0555ab)
    #13 0x7ff5c395a3fa in __libc_start_main (/lib/x86_64-linux-gnu/libc.so.6+0x2a3fa) (BuildId: 467f544f15035abef911999cbc14489edd0555ab)
    #14 0x55ca91511b64 in _start (/workspace/build-asan/tsc+0x74b64) (BuildId: 73a10d7cc646a755f705b0ae57418e68578aec2f)

Indirect leak of 8 byte(s) in 1 object(s) allocated from:
    #0 0x55ca915fa191 in operator new(unsigned long) (/workspace/build-asan/tsc+0x15d191) (BuildId: 73a10d7cc646a755f705b0ae57418e68578aec2f)
    #1 0x7ff5c7c055fb  (/usr/lib/llvm-20/lib/libLLVM.so.20.1+0x3ce95fb) (BuildId: b856c61f98abf0989f157f153740fe0fadfbb760)
    #2 0x7ff5c7c06006  (/usr/lib/llvm-20/lib/libLLVM.so.20.1+0x3cea006) (BuildId: b856c61f98abf0989f157f153740fe0fadfbb760)
    #3 0x7ff5c7c07e74  (/usr/lib/llvm-20/lib/libLLVM.so.20.1+0x3cebe74) (BuildId: b856c61f98abf0989f157f153740fe0fadfbb760)
    #4 0x55ca91648523 in llvm::Target::createTargetMachine(llvm::StringRef, llvm::StringRef, llvm::StringRef, llvm::TargetOptions const&, std::optional<llvm::Reloc::Model>, std::optional<llvm::CodeModel::Model>, llvm::CodeGenOptLevel, bool) const /usr/lib/llvm-20/include/llvm/MC/TargetRegistry.h:462:12
    #5 0x55ca9163a09e in tsc::TargetRegistry::initializeAllTargets() /workspace/src/TargetRegistry.cpp:67:41
    #6 0x55ca9162bdcd in tsc::Compiler::initializeLLVM() /workspace/src/Compiler.cpp:349:14
    #7 0x55ca9162b8b7 in tsc::Compiler::Compiler(tsc::CompilerOptions const&) /workspace/src/Compiler.cpp:24:5
    #8 0x55ca915fd7b5 in main /workspace/src/main.cpp:191:18
    #9 0x7ff5c395a337  (/lib/x86_64-linux-gnu/libc.so.6+0x2a337) (BuildId: 467f544f15035abef911999cbc14489edd0555ab)
    #10 0x7ff5c395a3fa in __libc_start_main (/lib/x86_64-linux-gnu/libc.so.6+0x2a3fa) (BuildId: 467f544f15035abef911999cbc14489edd0555ab)
    #11 0x55ca91511b64 in _start (/workspace/build-asan/tsc+0x74b64) (BuildId: 73a10d7cc646a755f705b0ae57418e68578aec2f)

Indirect leak of 8 byte(s) in 2 object(s) allocated from:
    #0 0x55ca915fa191 in operator new(unsigned long) (/workspace/build-asan/tsc+0x15d191) (BuildId: 73a10d7cc646a755f705b0ae57418e68578aec2f)
    #1 0x7ff5c5a01b0a in std::vector<std::pair<unsigned short, llvm::LegacyLegalizeActions::LegacyLegalizeAction>, std::allocator<std::pair<unsigned short, llvm::LegacyLegalizeActions::LegacyLegalizeAction>>>::operator=(std::vector<std::pair<unsigned short, llvm::LegacyLegalizeActions::LegacyLegalizeAction>, std::allocator<std::pair<unsigned short, llvm::LegacyLegalizeActions::LegacyLegalizeAction>>> const&) (/usr/lib/llvm-20/lib/libLLVM.so.20.1+0x1ae5b0a) (BuildId: b856c61f98abf0989f157f153740fe0fadfbb760)
    #2 0x7ff5c59fef03 in llvm::LegacyLegalizerInfo::LegacyLegalizerInfo() (/usr/lib/llvm-20/lib/libLLVM.so.20.1+0x1ae2f03) (BuildId: b856c61f98abf0989f157f153740fe0fadfbb760)
    #3 0x7ff5c7b28493  (/usr/lib/llvm-20/lib/libLLVM.so.20.1+0x3c0c493) (BuildId: b856c61f98abf0989f157f153740fe0fadfbb760)
    #4 0x7ff5c7b6091a  (/usr/lib/llvm-20/lib/libLLVM.so.20.1+0x3c4491a) (BuildId: b856c61f98abf0989f157f153740fe0fadfbb760)
    #5 0x7ff5c7b61a19  (/usr/lib/llvm-20/lib/libLLVM.so.20.1+0x3c45a19) (BuildId: b856c61f98abf0989f157f153740fe0fadfbb760)
    #6 0x7ff5c7b62a6c  (/usr/lib/llvm-20/lib/libLLVM.so.20.1+0x3c46a6c) (BuildId: b856c61f98abf0989f157f153740fe0fadfbb760)
    #7 0x55ca91648523 in llvm::Target::createTargetMachine(llvm::StringRef, llvm::StringRef, llvm::StringRef, llvm::TargetOptions const&, std::optional<llvm::Reloc::Model>, std::optional<llvm::CodeModel::Model>, llvm::CodeGenOptLevel, bool) const /usr/lib/llvm-20/include/llvm/MC/TargetRegistry.h:462:12
    #8 0x55ca9163a09e in tsc::TargetRegistry::initializeAllTargets() /workspace/src/TargetRegistry.cpp:67:41
    #9 0x55ca9162bdcd in tsc::Compiler::initializeLLVM() /workspace/src/Compiler.cpp:349:14
    #10 0x55ca9162b8b7 in tsc::Compiler::Compiler(tsc::CompilerOptions const&) /workspace/src/Compiler.cpp:24:5
    #11 0x55ca915fd7b5 in main /workspace/src/main.cpp:191:18
    #12 0x7ff5c395a337  (/lib/x86_64-linux-gnu/libc.so.6+0x2a337) (BuildId: 467f544f15035abef911999cbc14489edd0555ab)
    #13 0x7ff5c395a3fa in __libc_start_main (/lib/x86_64-linux-gnu/libc.so.6+0x2a3fa) (BuildId: 467f544f15035abef911999cbc14489edd0555ab)
    #14 0x55ca91511b64 in _start (/workspace/build-asan/tsc+0x74b64) (BuildId: 73a10d7cc646a755f705b0ae57418e68578aec2f)

Indirect leak of 8 byte(s) in 2 object(s) allocated from:
    #0 0x55ca915fa191 in operator new(unsigned long) (/workspace/build-asan/tsc+0x15d191) (BuildId: 73a10d7cc646a755f705b0ae57418e68578aec2f)
    #1 0x7ff5c5a01b0a in std::vector<std::pair<unsigned short, llvm::LegacyLegalizeActions::LegacyLegalizeAction>, std::allocator<std::pair<unsigned short, llvm::LegacyLegalizeActions::LegacyLegalizeAction>>>::operator=(std::vector<std::pair<unsigned short, llvm::LegacyLegalizeActions::LegacyLegalizeAction>, std::allocator<std::pair<unsigned short, llvm::LegacyLegalizeActions::LegacyLegalizeAction>>> const&) (/usr/lib/llvm-20/lib/libLLVM.so.20.1+0x1ae5b0a) (BuildId: b856c61f98abf0989f157f153740fe0fadfbb760)
    #2 0x7ff5c59feeb6 in llvm::LegacyLegalizerInfo::LegacyLegalizerInfo() (/usr/lib/llvm-20/lib/libLLVM.so.20.1+0x1ae2eb6) (BuildId: b856c61f98abf0989f157f153740fe0fadfbb760)
    #3 0x7ff5c7b28493  (/usr/lib/llvm-20/lib/libLLVM.so.20.1+0x3c0c493) (BuildId: b856c61f98abf0989f157f153740fe0fadfbb760)
    #4 0x7ff5c7b6091a  (/usr/lib/llvm-20/lib/libLLVM.so.20.1+0x3c4491a) (BuildId: b856c61f98abf0989f157f153740fe0fadfbb760)
    #5 0x7ff5c7b61a19  (/usr/lib/llvm-20/lib/libLLVM.so.20.1+0x3c45a19) (BuildId: b856c61f98abf0989f157f153740fe0fadfbb760)
    #6 0x7ff5c7b62a6c  (/usr/lib/llvm-20/lib/libLLVM.so.20.1+0x3c46a6c) (BuildId: b856c61f98abf0989f157f153740fe0fadfbb760)
    #7 0x55ca91648523 in llvm::Target::createTargetMachine(llvm::StringRef, llvm::StringRef, llvm::StringRef, llvm::TargetOptions const&, std::optional<llvm::Reloc::Model>, std::optional<llvm::CodeModel::Model>, llvm::CodeGenOptLevel, bool) const /usr/lib/llvm-20/include/llvm/MC/TargetRegistry.h:462:12
    #8 0x55ca9163a09e in tsc::TargetRegistry::initializeAllTargets() /workspace/src/TargetRegistry.cpp:67:41
    #9 0x55ca9162bdcd in tsc::Compiler::initializeLLVM() /workspace/src/Compiler.cpp:349:14
    #10 0x55ca9162b8b7 in tsc::Compiler::Compiler(tsc::CompilerOptions const&) /workspace/src/Compiler.cpp:24:5
    #11 0x55ca915fd7b5 in main /workspace/src/main.cpp:191:18
    #12 0x7ff5c395a337  (/lib/x86_64-linux-gnu/libc.so.6+0x2a337) (BuildId: 467f544f15035abef911999cbc14489edd0555ab)
    #13 0x7ff5c395a3fa in __libc_start_main (/lib/x86_64-linux-gnu/libc.so.6+0x2a3fa) (BuildId: 467f544f15035abef911999cbc14489edd0555ab)
    #14 0x55ca91511b64 in _start (/workspace/build-asan/tsc+0x74b64) (BuildId: 73a10d7cc646a755f705b0ae57418e68578aec2f)

Indirect leak of 8 byte(s) in 2 object(s) allocated from:
    #0 0x55ca915fa191 in operator new(unsigned long) (/workspace/build-asan/tsc+0x15d191) (BuildId: 73a10d7cc646a755f705b0ae57418e68578aec2f)
    #1 0x7ff5c5a01b0a in std::vector<std::pair<unsigned short, llvm::LegacyLegalizeActions::LegacyLegalizeAction>, std::allocator<std::pair<unsigned short, llvm::LegacyLegalizeActions::LegacyLegalizeAction>>>::operator=(std::vector<std::pair<unsigned short, llvm::LegacyLegalizeActions::LegacyLegalizeAction>, std::allocator<std::pair<unsigned short, llvm::LegacyLegalizeActions::LegacyLegalizeAction>>> const&) (/usr/lib/llvm-20/lib/libLLVM.so.20.1+0x1ae5b0a) (BuildId: b856c61f98abf0989f157f153740fe0fadfbb760)
    #2 0x7ff5c59fef03 in llvm::LegacyLegalizerInfo::LegacyLegalizerInfo() (/usr/lib/llvm-20/lib/libLLVM.so.20.1+0x1ae2f03) (BuildId: b856c61f98abf0989f157f153740fe0fadfbb760)
    #3 0x7ff5c7b28493  (/usr/lib/llvm-20/lib/libLLVM.so.20.1+0x3c0c493) (BuildId: b856c61f98abf0989f157f153740fe0fadfbb760)
    #4 0x7ff5c7b6091a  (/usr/lib/llvm-20/lib/libLLVM.so.20.1+0x3c4491a) (BuildId: b856c61f98abf0989f157f153740fe0fadfbb760)
    #5 0x7ff5c7b6188a  (/usr/lib/llvm-20/lib/libLLVM.so.20.1+0x3c4588a) (BuildId: b856c61f98abf0989f157f153740fe0fadfbb760)
    #6 0x7ff5c7b62b2c  (/usr/lib/llvm-20/lib/libLLVM.so.20.1+0x3c46b2c) (BuildId: b856c61f98abf0989f157f153740fe0fadfbb760)
    #7 0x55ca91648523 in llvm::Target::createTargetMachine(llvm::StringRef, llvm::StringRef, llvm::StringRef, llvm::TargetOptions const&, std::optional<llvm::Reloc::Model>, std::optional<llvm::CodeModel::Model>, llvm::CodeGenOptLevel, bool) const /usr/lib/llvm-20/include/llvm/MC/TargetRegistry.h:462:12
    #8 0x55ca9163a09e in tsc::TargetRegistry::initializeAllTargets() /workspace/src/TargetRegistry.cpp:67:41
    #9 0x55ca9162bdcd in tsc::Compiler::initializeLLVM() /workspace/src/Compiler.cpp:349:14
    #10 0x55ca9162b8b7 in tsc::Compiler::Compiler(tsc::CompilerOptions const&) /workspace/src/Compiler.cpp:24:5
    #11 0x55ca915fd7b5 in main /workspace/src/main.cpp:191:18
    #12 0x7ff5c395a337  (/lib/x86_64-linux-gnu/libc.so.6+0x2a337) (BuildId: 467f544f15035abef911999cbc14489edd0555ab)
    #13 0x7ff5c395a3fa in __libc_start_main (/lib/x86_64-linux-gnu/libc.so.6+0x2a3fa) (BuildId: 467f544f15035abef911999cbc14489edd0555ab)
    #14 0x55ca91511b64 in _start (/workspace/build-asan/tsc+0x74b64) (BuildId: 73a10d7cc646a755f705b0ae57418e68578aec2f)

Indirect leak of 8 byte(s) in 2 object(s) allocated from:
    #0 0x55ca915fa191 in operator new(unsigned long) (/workspace/build-asan/tsc+0x15d191) (BuildId: 73a10d7cc646a755f705b0ae57418e68578aec2f)
    #1 0x7ff5c5a01b0a in std::vector<std::pair<unsigned short, llvm::LegacyLegalizeActions::LegacyLegalizeAction>, std::allocator<std::pair<unsigned short, llvm::LegacyLegalizeActions::LegacyLegalizeAction>>>::operator=(std::vector<std::pair<unsigned short, llvm::LegacyLegalizeActions::LegacyLegalizeAction>, std::allocator<std::pair<unsigned short, llvm::LegacyLegalizeActions::LegacyLegalizeAction>>> const&) (/usr/lib/llvm-20/lib/libLLVM.so.20.1+0x1ae5b0a) (BuildId: b856c61f98abf0989f157f153740fe0fadfbb760)
    #2 0x7ff5c59fee69 in llvm::LegacyLegalizerInfo::LegacyLegalizerInfo() (/usr/lib/llvm-20/lib/libLLVM.so.20.1+0x1ae2e69) (BuildId: b856c61f98abf0989f157f153740fe0fadfbb760)
    #3 0x7ff5c7b28493  (/usr/lib/llvm-20/lib/libLLVM.so.20.1+0x3c0c493) (BuildId: b856c61f98abf0989f157f153740fe0fadfbb760)
    #4 0x7ff5c7b6091a  (/usr/lib/llvm-20/lib/libLLVM.so.20.1+0x3c4491a) (BuildId: b856c61f98abf0989f157f153740fe0fadfbb760)
    #5 0x7ff5c7b61a19  (/usr/lib/llvm-20/lib/libLLVM.so.20.1+0x3c45a19) (BuildId: b856c61f98abf0989f157f153740fe0fadfbb760)
    #6 0x7ff5c7b62a6c  (/usr/lib/llvm-20/lib/libLLVM.so.20.1+0x3c46a6c) (BuildId: b856c61f98abf0989f157f153740fe0fadfbb760)
    #7 0x55ca91648523 in llvm::Target::createTargetMachine(llvm::StringRef, llvm::StringRef, llvm::StringRef, llvm::TargetOptions const&, std::optional<llvm::Reloc::Model>, std::optional<llvm::CodeModel::Model>, llvm::CodeGenOptLevel, bool) const /usr/lib/llvm-20/include/llvm/MC/TargetRegistry.h:462:12
    #8 0x55ca9163a09e in tsc::TargetRegistry::initializeAllTargets() /workspace/src/TargetRegistry.cpp:67:41
    #9 0x55ca9162bdcd in tsc::Compiler::initializeLLVM() /workspace/src/Compiler.cpp:349:14
    #10 0x55ca9162b8b7 in tsc::Compiler::Compiler(tsc::CompilerOptions const&) /workspace/src/Compiler.cpp:24:5
    #11 0x55ca915fd7b5 in main /workspace/src/main.cpp:191:18
    #12 0x7ff5c395a337  (/lib/x86_64-linux-gnu/libc.so.6+0x2a337) (BuildId: 467f544f15035abef911999cbc14489edd0555ab)
    #13 0x7ff5c395a3fa in __libc_start_main (/lib/x86_64-linux-gnu/libc.so.6+0x2a3fa) (BuildId: 467f544f15035abef911999cbc14489edd0555ab)
    #14 0x55ca91511b64 in _start (/workspace/build-asan/tsc+0x74b64) (BuildId: 73a10d7cc646a755f705b0ae57418e68578aec2f)

Indirect leak of 8 byte(s) in 2 object(s) allocated from:
    #0 0x55ca915fa191 in operator new(unsigned long) (/workspace/build-asan/tsc+0x15d191) (BuildId: 73a10d7cc646a755f705b0ae57418e68578aec2f)
    #1 0x7ff5c5a01b0a in std::vector<std::pair<unsigned short, llvm::LegacyLegalizeActions::LegacyLegalizeAction>, std::allocator<std::pair<unsigned short, llvm::LegacyLegalizeActions::LegacyLegalizeAction>>>::operator=(std::vector<std::pair<unsigned short, llvm::LegacyLegalizeActions::LegacyLegalizeAction>, std::allocator<std::pair<unsigned short, llvm::LegacyLegalizeActions::LegacyLegalizeAction>>> const&) (/usr/lib/llvm-20/lib/libLLVM.so.20.1+0x1ae5b0a) (BuildId: b856c61f98abf0989f157f153740fe0fadfbb760)
    #2 0x7ff5c59fee1c in llvm::LegacyLegalizerInfo::LegacyLegalizerInfo() (/usr/lib/llvm-20/lib/libLLVM.so.20.1+0x1ae2e1c) (BuildId: b856c61f98abf0989f157f153740fe0fadfbb760)
    #3 0x7ff5c7b28493  (/usr/lib/llvm-20/lib/libLLVM.so.20.1+0x3c0c493) (BuildId: b856c61f98abf0989f157f153740fe0fadfbb760)
    #4 0x7ff5c7b6091a  (/usr/lib/llvm-20/lib/libLLVM.so.20.1+0x3c4491a) (BuildId: b856c61f98abf0989f157f153740fe0fadfbb760)
    #5 0x7ff5c7b61a19  (/usr/lib/llvm-20/lib/libLLVM.so.20.1+0x3c45a19) (BuildId: b856c61f98abf0989f157f153740fe0fadfbb760)
    #6 0x7ff5c7b62a6c  (/usr/lib/llvm-20/lib/libLLVM.so.20.1+0x3c46a6c) (BuildId: b856c61f98abf0989f157f153740fe0fadfbb760)
    #7 0x55ca91648523 in llvm::Target::createTargetMachine(llvm::StringRef, llvm::StringRef, llvm::StringRef, llvm::TargetOptions const&, std::optional<llvm::Reloc::Model>, std::optional<llvm::CodeModel::Model>, llvm::CodeGenOptLevel, bool) const /usr/lib/llvm-20/include/llvm/MC/TargetRegistry.h:462:12
    #8 0x55ca9163a09e in tsc::TargetRegistry::initializeAllTargets() /workspace/src/TargetRegistry.cpp:67:41
    #9 0x55ca9162bdcd in tsc::Compiler::initializeLLVM() /workspace/src/Compiler.cpp:349:14
    #10 0x55ca9162b8b7 in tsc::Compiler::Compiler(tsc::CompilerOptions const&) /workspace/src/Compiler.cpp:24:5
    #11 0x55ca915fd7b5 in main /workspace/src/main.cpp:191:18
    #12 0x7ff5c395a337  (/lib/x86_64-linux-gnu/libc.so.6+0x2a337) (BuildId: 467f544f15035abef911999cbc14489edd0555ab)
    #13 0x7ff5c395a3fa in __libc_start_main (/lib/x86_64-linux-gnu/libc.so.6+0x2a3fa) (BuildId: 467f544f15035abef911999cbc14489edd0555ab)
    #14 0x55ca91511b64 in _start (/workspace/build-asan/tsc+0x74b64) (BuildId: 73a10d7cc646a755f705b0ae57418e68578aec2f)

Indirect leak of 8 byte(s) in 2 object(s) allocated from:
    #0 0x55ca915fa191 in operator new(unsigned long) (/workspace/build-asan/tsc+0x15d191) (BuildId: 73a10d7cc646a755f705b0ae57418e68578aec2f)
    #1 0x7ff5c5a01b0a in std::vector<std::pair<unsigned short, llvm::LegacyLegalizeActions::LegacyLegalizeAction>, std::allocator<std::pair<unsigned short, llvm::LegacyLegalizeActions::LegacyLegalizeAction>>>::operator=(std::vector<std::pair<unsigned short, llvm::LegacyLegalizeActions::LegacyLegalizeAction>, std::allocator<std::pair<unsigned short, llvm::LegacyLegalizeActions::LegacyLegalizeAction>>> const&) (/usr/lib/llvm-20/lib/libLLVM.so.20.1+0x1ae5b0a) (BuildId: b856c61f98abf0989f157f153740fe0fadfbb760)
    #2 0x7ff5c59feeb6 in llvm::LegacyLegalizerInfo::LegacyLegalizerInfo() (/usr/lib/llvm-20/lib/libLLVM.so.20.1+0x1ae2eb6) (BuildId: b856c61f98abf0989f157f153740fe0fadfbb760)
    #3 0x7ff5c7b28493  (/usr/lib/llvm-20/lib/libLLVM.so.20.1+0x3c0c493) (BuildId: b856c61f98abf0989f157f153740fe0fadfbb760)
    #4 0x7ff5c7b6091a  (/usr/lib/llvm-20/lib/libLLVM.so.20.1+0x3c4491a) (BuildId: b856c61f98abf0989f157f153740fe0fadfbb760)
    #5 0x7ff5c7b6188a  (/usr/lib/llvm-20/lib/libLLVM.so.20.1+0x3c4588a) (BuildId: b856c61f98abf0989f157f153740fe0fadfbb760)
    #6 0x7ff5c7b62b2c  (/usr/lib/llvm-20/lib/libLLVM.so.20.1+0x3c46b2c) (BuildId: b856c61f98abf0989f157f153740fe0fadfbb760)
    #7 0x55ca91648523 in llvm::Target::createTargetMachine(llvm::StringRef, llvm::StringRef, llvm::StringRef, llvm::TargetOptions const&, std::optional<llvm::Reloc::Model>, std::optional<llvm::CodeModel::Model>, llvm::CodeGenOptLevel, bool) const /usr/lib/llvm-20/include/llvm/MC/TargetRegistry.h:462:12
    #8 0x55ca9163a09e in tsc::TargetRegistry::initializeAllTargets() /workspace/src/TargetRegistry.cpp:67:41
    #9 0x55ca9162bdcd in tsc::Compiler::initializeLLVM() /workspace/src/Compiler.cpp:349:14
    #10 0x55ca9162b8b7 in tsc::Compiler::Compiler(tsc::CompilerOptions const&) /workspace/src/Compiler.cpp:24:5
    #11 0x55ca915fd7b5 in main /workspace/src/main.cpp:191:18
    #12 0x7ff5c395a337  (/lib/x86_64-linux-gnu/libc.so.6+0x2a337) (BuildId: 467f544f15035abef911999cbc14489edd0555ab)
    #13 0x7ff5c395a3fa in __libc_start_main (/lib/x86_64-linux-gnu/libc.so.6+0x2a3fa) (BuildId: 467f544f15035abef911999cbc14489edd0555ab)
    #14 0x55ca91511b64 in _start (/workspace/build-asan/tsc+0x74b64) (BuildId: 73a10d7cc646a755f705b0ae57418e68578aec2f)

Indirect leak of 8 byte(s) in 1 object(s) allocated from:
    #0 0x55ca915fa191 in operator new(unsigned long) (/workspace/build-asan/tsc+0x15d191) (BuildId: 73a10d7cc646a755f705b0ae57418e68578aec2f)
    #1 0x7ff5c7c055fb  (/usr/lib/llvm-20/lib/libLLVM.so.20.1+0x3ce95fb) (BuildId: b856c61f98abf0989f157f153740fe0fadfbb760)
    #2 0x7ff5c7c06006  (/usr/lib/llvm-20/lib/libLLVM.so.20.1+0x3cea006) (BuildId: b856c61f98abf0989f157f153740fe0fadfbb760)
    #3 0x7ff5c7c07f34  (/usr/lib/llvm-20/lib/libLLVM.so.20.1+0x3cebf34) (BuildId: b856c61f98abf0989f157f153740fe0fadfbb760)
    #4 0x55ca91648523 in llvm::Target::createTargetMachine(llvm::StringRef, llvm::StringRef, llvm::StringRef, llvm::TargetOptions const&, std::optional<llvm::Reloc::Model>, std::optional<llvm::CodeModel::Model>, llvm::CodeGenOptLevel, bool) const /usr/lib/llvm-20/include/llvm/MC/TargetRegistry.h:462:12
    #5 0x55ca9163a09e in tsc::TargetRegistry::initializeAllTargets() /workspace/src/TargetRegistry.cpp:67:41
    #6 0x55ca9162bdcd in tsc::Compiler::initializeLLVM() /workspace/src/Compiler.cpp:349:14
    #7 0x55ca9162b8b7 in tsc::Compiler::Compiler(tsc::CompilerOptions const&) /workspace/src/Compiler.cpp:24:5
    #8 0x55ca915fd7b5 in main /workspace/src/main.cpp:191:18
    #9 0x7ff5c395a337  (/lib/x86_64-linux-gnu/libc.so.6+0x2a337) (BuildId: 467f544f15035abef911999cbc14489edd0555ab)
    #10 0x7ff5c395a3fa in __libc_start_main (/lib/x86_64-linux-gnu/libc.so.6+0x2a3fa) (BuildId: 467f544f15035abef911999cbc14489edd0555ab)
    #11 0x55ca91511b64 in _start (/workspace/build-asan/tsc+0x74b64) (BuildId: 73a10d7cc646a755f705b0ae57418e68578aec2f)

Indirect leak of 8 byte(s) in 2 object(s) allocated from:
    #0 0x55ca915fa191 in operator new(unsigned long) (/workspace/build-asan/tsc+0x15d191) (BuildId: 73a10d7cc646a755f705b0ae57418e68578aec2f)
    #1 0x7ff5c5a01b0a in std::vector<std::pair<unsigned short, llvm::LegacyLegalizeActions::LegacyLegalizeAction>, std::allocator<std::pair<unsigned short, llvm::LegacyLegalizeActions::LegacyLegalizeAction>>>::operator=(std::vector<std::pair<unsigned short, llvm::LegacyLegalizeActions::LegacyLegalizeAction>, std::allocator<std::pair<unsigned short, llvm::LegacyLegalizeActions::LegacyLegalizeAction>>> const&) (/usr/lib/llvm-20/lib/libLLVM.so.20.1+0x1ae5b0a) (BuildId: b856c61f98abf0989f157f153740fe0fadfbb760)
    #2 0x7ff5c59fedcf in llvm::LegacyLegalizerInfo::LegacyLegalizerInfo() (/usr/lib/llvm-20/lib/libLLVM.so.20.1+0x1ae2dcf) (BuildId: b856c61f98abf0989f157f153740fe0fadfbb760)
    #3 0x7ff5c7b28493  (/usr/lib/llvm-20/lib/libLLVM.so.20.1+0x3c0c493) (BuildId: b856c61f98abf0989f157f153740fe0fadfbb760)
    #4 0x7ff5c7b6091a  (/usr/lib/llvm-20/lib/libLLVM.so.20.1+0x3c4491a) (BuildId: b856c61f98abf0989f157f153740fe0fadfbb760)
    #5 0x7ff5c7b61a19  (/usr/lib/llvm-20/lib/libLLVM.so.20.1+0x3c45a19) (BuildId: b856c61f98abf0989f157f153740fe0fadfbb760)
    #6 0x7ff5c7b62a6c  (/usr/lib/llvm-20/lib/libLLVM.so.20.1+0x3c46a6c) (BuildId: b856c61f98abf0989f157f153740fe0fadfbb760)
    #7 0x55ca91648523 in llvm::Target::createTargetMachine(llvm::StringRef, llvm::StringRef, llvm::StringRef, llvm::TargetOptions const&, std::optional<llvm::Reloc::Model>, std::optional<llvm::CodeModel::Model>, llvm::CodeGenOptLevel, bool) const /usr/lib/llvm-20/include/llvm/MC/TargetRegistry.h:462:12
    #8 0x55ca9163a09e in tsc::TargetRegistry::initializeAllTargets() /workspace/src/TargetRegistry.cpp:67:41
    #9 0x55ca9162bdcd in tsc::Compiler::initializeLLVM() /workspace/src/Compiler.cpp:349:14
    #10 0x55ca9162b8b7 in tsc::Compiler::Compiler(tsc::CompilerOptions const&) /workspace/src/Compiler.cpp:24:5
    #11 0x55ca915fd7b5 in main /workspace/src/main.cpp:191:18
    #12 0x7ff5c395a337  (/lib/x86_64-linux-gnu/libc.so.6+0x2a337) (BuildId: 467f544f15035abef911999cbc14489edd0555ab)
    #13 0x7ff5c395a3fa in __libc_start_main (/lib/x86_64-linux-gnu/libc.so.6+0x2a3fa) (BuildId: 467f544f15035abef911999cbc14489edd0555ab)
    #14 0x55ca91511b64 in _start (/workspace/build-asan/tsc+0x74b64) (BuildId: 73a10d7cc646a755f705b0ae57418e68578aec2f)

Indirect leak of 8 byte(s) in 2 object(s) allocated from:
    #0 0x55ca915fa191 in operator new(unsigned long) (/workspace/build-asan/tsc+0x15d191) (BuildId: 73a10d7cc646a755f705b0ae57418e68578aec2f)
    #1 0x7ff5c5a01b0a in std::vector<std::pair<unsigned short, llvm::LegacyLegalizeActions::LegacyLegalizeAction>, std::allocator<std::pair<unsigned short, llvm::LegacyLegalizeActions::LegacyLegalizeAction>>>::operator=(std::vector<std::pair<unsigned short, llvm::LegacyLegalizeActions::LegacyLegalizeAction>, std::allocator<std::pair<unsigned short, llvm::LegacyLegalizeActions::LegacyLegalizeAction>>> const&) (/usr/lib/llvm-20/lib/libLLVM.so.20.1+0x1ae5b0a) (BuildId: b856c61f98abf0989f157f153740fe0fadfbb760)
    #2 0x7ff5c59fed83 in llvm::LegacyLegalizerInfo::LegacyLegalizerInfo() (/usr/lib/llvm-20/lib/libLLVM.so.20.1+0x1ae2d83) (BuildId: b856c61f98abf0989f157f153740fe0fadfbb760)
    #3 0x7ff5c7b28493  (/usr/lib/llvm-20/lib/libLLVM.so.20.1+0x3c0c493) (BuildId: b856c61f98abf0989f157f153740fe0fadfbb760)
    #4 0x7ff5c7b6091a  (/usr/lib/llvm-20/lib/libLLVM.so.20.1+0x3c4491a) (BuildId: b856c61f98abf0989f157f153740fe0fadfbb760)
    #5 0x7ff5c7b61a19  (/usr/lib/llvm-20/lib/libLLVM.so.20.1+0x3c45a19) (BuildId: b856c61f98abf0989f157f153740fe0fadfbb760)
    #6 0x7ff5c7b62a6c  (/usr/lib/llvm-20/lib/libLLVM.so.20.1+0x3c46a6c) (BuildId: b856c61f98abf0989f157f153740fe0fadfbb760)
    #7 0x55ca91648523 in llvm::Target::createTargetMachine(llvm::StringRef, llvm::StringRef, llvm::StringRef, llvm::TargetOptions const&, std::optional<llvm::Reloc::Model>, std::optional<llvm::CodeModel::Model>, llvm::CodeGenOptLevel, bool) const /usr/lib/llvm-20/include/llvm/MC/TargetRegistry.h:462:12
    #8 0x55ca9163a09e in tsc::TargetRegistry::initializeAllTargets() /workspace/src/TargetRegistry.cpp:67:41
    #9 0x55ca9162bdcd in tsc::Compiler::initializeLLVM() /workspace/src/Compiler.cpp:349:14
    #10 0x55ca9162b8b7 in tsc::Compiler::Compiler(tsc::CompilerOptions const&) /workspace/src/Compiler.cpp:24:5
    #11 0x55ca915fd7b5 in main /workspace/src/main.cpp:191:18
    #12 0x7ff5c395a337  (/lib/x86_64-linux-gnu/libc.so.6+0x2a337) (BuildId: 467f544f15035abef911999cbc14489edd0555ab)
    #13 0x7ff5c395a3fa in __libc_start_main (/lib/x86_64-linux-gnu/libc.so.6+0x2a3fa) (BuildId: 467f544f15035abef911999cbc14489edd0555ab)
    #14 0x55ca91511b64 in _start (/workspace/build-asan/tsc+0x74b64) (BuildId: 73a10d7cc646a755f705b0ae57418e68578aec2f)

Indirect leak of 8 byte(s) in 2 object(s) allocated from:
    #0 0x55ca915fa191 in operator new(unsigned long) (/workspace/build-asan/tsc+0x15d191) (BuildId: 73a10d7cc646a755f705b0ae57418e68578aec2f)
    #1 0x7ff5c5a01b0a in std::vector<std::pair<unsigned short, llvm::LegacyLegalizeActions::LegacyLegalizeAction>, std::allocator<std::pair<unsigned short, llvm::LegacyLegalizeActions::LegacyLegalizeAction>>>::operator=(std::vector<std::pair<unsigned short, llvm::LegacyLegalizeActions::LegacyLegalizeAction>, std::allocator<std::pair<unsigned short, llvm::LegacyLegalizeActions::LegacyLegalizeAction>>> const&) (/usr/lib/llvm-20/lib/libLLVM.so.20.1+0x1ae5b0a) (BuildId: b856c61f98abf0989f157f153740fe0fadfbb760)
    #2 0x7ff5c59fee69 in llvm::LegacyLegalizerInfo::LegacyLegalizerInfo() (/usr/lib/llvm-20/lib/libLLVM.so.20.1+0x1ae2e69) (BuildId: b856c61f98abf0989f157f153740fe0fadfbb760)
    #3 0x7ff5c7b28493  (/usr/lib/llvm-20/lib/libLLVM.so.20.1+0x3c0c493) (BuildId: b856c61f98abf0989f157f153740fe0fadfbb760)
    #4 0x7ff5c7b6091a  (/usr/lib/llvm-20/lib/libLLVM.so.20.1+0x3c4491a) (BuildId: b856c61f98abf0989f157f153740fe0fadfbb760)
    #5 0x7ff5c7b6188a  (/usr/lib/llvm-20/lib/libLLVM.so.20.1+0x3c4588a) (BuildId: b856c61f98abf0989f157f153740fe0fadfbb760)
    #6 0x7ff5c7b62b2c  (/usr/lib/llvm-20/lib/libLLVM.so.20.1+0x3c46b2c) (BuildId: b856c61f98abf0989f157f153740fe0fadfbb760)
    #7 0x55ca91648523 in llvm::Target::createTargetMachine(llvm::StringRef, llvm::StringRef, llvm::StringRef, llvm::TargetOptions const&, std::optional<llvm::Reloc::Model>, std::optional<llvm::CodeModel::Model>, llvm::CodeGenOptLevel, bool) const /usr/lib/llvm-20/include/llvm/MC/TargetRegistry.h:462:12
    #8 0x55ca9163a09e in tsc::TargetRegistry::initializeAllTargets() /workspace/src/TargetRegistry.cpp:67:41
    #9 0x55ca9162bdcd in tsc::Compiler::initializeLLVM() /workspace/src/Compiler.cpp:349:14
    #10 0x55ca9162b8b7 in tsc::Compiler::Compiler(tsc::CompilerOptions const&) /workspace/src/Compiler.cpp:24:5
    #11 0x55ca915fd7b5 in main /workspace/src/main.cpp:191:18
    #12 0x7ff5c395a337  (/lib/x86_64-linux-gnu/libc.so.6+0x2a337) (BuildId: 467f544f15035abef911999cbc14489edd0555ab)
    #13 0x7ff5c395a3fa in __libc_start_main (/lib/x86_64-linux-gnu/libc.so.6+0x2a3fa) (BuildId: 467f544f15035abef911999cbc14489edd0555ab)
    #14 0x55ca91511b64 in _start (/workspace/build-asan/tsc+0x74b64) (BuildId: 73a10d7cc646a755f705b0ae57418e68578aec2f)

Indirect leak of 8 byte(s) in 2 object(s) allocated from:
    #0 0x55ca915fa191 in operator new(unsigned long) (/workspace/build-asan/tsc+0x15d191) (BuildId: 73a10d7cc646a755f705b0ae57418e68578aec2f)
    #1 0x7ff5c5a01b0a in std::vector<std::pair<unsigned short, llvm::LegacyLegalizeActions::LegacyLegalizeAction>, std::allocator<std::pair<unsigned short, llvm::LegacyLegalizeActions::LegacyLegalizeAction>>>::operator=(std::vector<std::pair<unsigned short, llvm::LegacyLegalizeActions::LegacyLegalizeAction>, std::allocator<std::pair<unsigned short, llvm::LegacyLegalizeActions::LegacyLegalizeAction>>> const&) (/usr/lib/llvm-20/lib/libLLVM.so.20.1+0x1ae5b0a) (BuildId: b856c61f98abf0989f157f153740fe0fadfbb760)
    #2 0x7ff5c59fed33 in llvm::LegacyLegalizerInfo::LegacyLegalizerInfo() (/usr/lib/llvm-20/lib/libLLVM.so.20.1+0x1ae2d33) (BuildId: b856c61f98abf0989f157f153740fe0fadfbb760)
    #3 0x7ff5c7b28493  (/usr/lib/llvm-20/lib/libLLVM.so.20.1+0x3c0c493) (BuildId: b856c61f98abf0989f157f153740fe0fadfbb760)
    #4 0x7ff5c7b6091a  (/usr/lib/llvm-20/lib/libLLVM.so.20.1+0x3c4491a) (BuildId: b856c61f98abf0989f157f153740fe0fadfbb760)
    #5 0x7ff5c7b61a19  (/usr/lib/llvm-20/lib/libLLVM.so.20.1+0x3c45a19) (BuildId: b856c61f98abf0989f157f153740fe0fadfbb760)
    #6 0x7ff5c7b62a6c  (/usr/lib/llvm-20/lib/libLLVM.so.20.1+0x3c46a6c) (BuildId: b856c61f98abf0989f157f153740fe0fadfbb760)
    #7 0x55ca91648523 in llvm::Target::createTargetMachine(llvm::StringRef, llvm::StringRef, llvm::StringRef, llvm::TargetOptions const&, std::optional<llvm::Reloc::Model>, std::optional<llvm::CodeModel::Model>, llvm::CodeGenOptLevel, bool) const /usr/lib/llvm-20/include/llvm/MC/TargetRegistry.h:462:12
    #8 0x55ca9163a09e in tsc::TargetRegistry::initializeAllTargets() /workspace/src/TargetRegistry.cpp:67:41
    #9 0x55ca9162bdcd in tsc::Compiler::initializeLLVM() /workspace/src/Compiler.cpp:349:14
    #10 0x55ca9162b8b7 in tsc::Compiler::Compiler(tsc::CompilerOptions const&) /workspace/src/Compiler.cpp:24:5
    #11 0x55ca915fd7b5 in main /workspace/src/main.cpp:191:18
    #12 0x7ff5c395a337  (/lib/x86_64-linux-gnu/libc.so.6+0x2a337) (BuildId: 467f544f15035abef911999cbc14489edd0555ab)
    #13 0x7ff5c395a3fa in __libc_start_main (/lib/x86_64-linux-gnu/libc.so.6+0x2a3fa) (BuildId: 467f544f15035abef911999cbc14489edd0555ab)
    #14 0x55ca91511b64 in _start (/workspace/build-asan/tsc+0x74b64) (BuildId: 73a10d7cc646a755f705b0ae57418e68578aec2f)

Indirect leak of 8 byte(s) in 2 object(s) allocated from:
    #0 0x55ca915fa191 in operator new(unsigned long) (/workspace/build-asan/tsc+0x15d191) (BuildId: 73a10d7cc646a755f705b0ae57418e68578aec2f)
    #1 0x7ff5c5a01b0a in std::vector<std::pair<unsigned short, llvm::LegacyLegalizeActions::LegacyLegalizeAction>, std::allocator<std::pair<unsigned short, llvm::LegacyLegalizeActions::LegacyLegalizeAction>>>::operator=(std::vector<std::pair<unsigned short, llvm::LegacyLegalizeActions::LegacyLegalizeAction>, std::allocator<std::pair<unsigned short, llvm::LegacyLegalizeActions::LegacyLegalizeAction>>> const&) (/usr/lib/llvm-20/lib/libLLVM.so.20.1+0x1ae5b0a) (BuildId: b856c61f98abf0989f157f153740fe0fadfbb760)
    #2 0x7ff5c59fece3 in llvm::LegacyLegalizerInfo::LegacyLegalizerInfo() (/usr/lib/llvm-20/lib/libLLVM.so.20.1+0x1ae2ce3) (BuildId: b856c61f98abf0989f157f153740fe0fadfbb760)
    #3 0x7ff5c7b28493  (/usr/lib/llvm-20/lib/libLLVM.so.20.1+0x3c0c493) (BuildId: b856c61f98abf0989f157f153740fe0fadfbb760)
    #4 0x7ff5c7b6091a  (/usr/lib/llvm-20/lib/libLLVM.so.20.1+0x3c4491a) (BuildId: b856c61f98abf0989f157f153740fe0fadfbb760)
    #5 0x7ff5c7b61a19  (/usr/lib/llvm-20/lib/libLLVM.so.20.1+0x3c45a19) (BuildId: b856c61f98abf0989f157f153740fe0fadfbb760)
    #6 0x7ff5c7b62a6c  (/usr/lib/llvm-20/lib/libLLVM.so.20.1+0x3c46a6c) (BuildId: b856c61f98abf0989f157f153740fe0fadfbb760)
    #7 0x55ca91648523 in llvm::Target::createTargetMachine(llvm::StringRef, llvm::StringRef, llvm::StringRef, llvm::TargetOptions const&, std::optional<llvm::Reloc::Model>, std::optional<llvm::CodeModel::Model>, llvm::CodeGenOptLevel, bool) const /usr/lib/llvm-20/include/llvm/MC/TargetRegistry.h:462:12
    #8 0x55ca9163a09e in tsc::TargetRegistry::initializeAllTargets() /workspace/src/TargetRegistry.cpp:67:41
    #9 0x55ca9162bdcd in tsc::Compiler::initializeLLVM() /workspace/src/Compiler.cpp:349:14
    #10 0x55ca9162b8b7 in tsc::Compiler::Compiler(tsc::CompilerOptions const&) /workspace/src/Compiler.cpp:24:5
    #11 0x55ca915fd7b5 in main /workspace/src/main.cpp:191:18
    #12 0x7ff5c395a337  (/lib/x86_64-linux-gnu/libc.so.6+0x2a337) (BuildId: 467f544f15035abef911999cbc14489edd0555ab)
    #13 0x7ff5c395a3fa in __libc_start_main (/lib/x86_64-linux-gnu/libc.so.6+0x2a3fa) (BuildId: 467f544f15035abef911999cbc14489edd0555ab)
    #14 0x55ca91511b64 in _start (/workspace/build-asan/tsc+0x74b64) (BuildId: 73a10d7cc646a755f705b0ae57418e68578aec2f)

Indirect leak of 8 byte(s) in 2 object(s) allocated from:
    #0 0x55ca915fa191 in operator new(unsigned long) (/workspace/build-asan/tsc+0x15d191) (BuildId: 73a10d7cc646a755f705b0ae57418e68578aec2f)
    #1 0x7ff5c5a01b0a in std::vector<std::pair<unsigned short, llvm::LegacyLegalizeActions::LegacyLegalizeAction>, std::allocator<std::pair<unsigned short, llvm::LegacyLegalizeActions::LegacyLegalizeAction>>>::operator=(std::vector<std::pair<unsigned short, llvm::LegacyLegalizeActions::LegacyLegalizeAction>, std::allocator<std::pair<unsigned short, llvm::LegacyLegalizeActions::LegacyLegalizeAction>>> const&) (/usr/lib/llvm-20/lib/libLLVM.so.20.1+0x1ae5b0a) (BuildId: b856c61f98abf0989f157f153740fe0fadfbb760)
    #2 0x7ff5c59fee1c in llvm::LegacyLegalizerInfo::LegacyLegalizerInfo() (/usr/lib/llvm-20/lib/libLLVM.so.20.1+0x1ae2e1c) (BuildId: b856c61f98abf0989f157f153740fe0fadfbb760)
    #3 0x7ff5c7b28493  (/usr/lib/llvm-20/lib/libLLVM.so.20.1+0x3c0c493) (BuildId: b856c61f98abf0989f157f153740fe0fadfbb760)
    #4 0x7ff5c7b6091a  (/usr/lib/llvm-20/lib/libLLVM.so.20.1+0x3c4491a) (BuildId: b856c61f98abf0989f157f153740fe0fadfbb760)
    #5 0x7ff5c7b6188a  (/usr/lib/llvm-20/lib/libLLVM.so.20.1+0x3c4588a) (BuildId: b856c61f98abf0989f157f153740fe0fadfbb760)
    #6 0x7ff5c7b62b2c  (/usr/lib/llvm-20/lib/libLLVM.so.20.1+0x3c46b2c) (BuildId: b856c61f98abf0989f157f153740fe0fadfbb760)
    #7 0x55ca91648523 in llvm::Target::createTargetMachine(llvm::StringRef, llvm::StringRef, llvm::StringRef, llvm::TargetOptions const&, std::optional<llvm::Reloc::Model>, std::optional<llvm::CodeModel::Model>, llvm::CodeGenOptLevel, bool) const /usr/lib/llvm-20/include/llvm/MC/TargetRegistry.h:462:12
    #8 0x55ca9163a09e in tsc::TargetRegistry::initializeAllTargets() /workspace/src/TargetRegistry.cpp:67:41
    #9 0x55ca9162bdcd in tsc::Compiler::initializeLLVM() /workspace/src/Compiler.cpp:349:14
    #10 0x55ca9162b8b7 in tsc::Compiler::Compiler(tsc::CompilerOptions const&) /workspace/src/Compiler.cpp:24:5
    #11 0x55ca915fd7b5 in main /workspace/src/main.cpp:191:18
    #12 0x7ff5c395a337  (/lib/x86_64-linux-gnu/libc.so.6+0x2a337) (BuildId: 467f544f15035abef911999cbc14489edd0555ab)
    #13 0x7ff5c395a3fa in __libc_start_main (/lib/x86_64-linux-gnu/libc.so.6+0x2a3fa) (BuildId: 467f544f15035abef911999cbc14489edd0555ab)
    #14 0x55ca91511b64 in _start (/workspace/build-asan/tsc+0x74b64) (BuildId: 73a10d7cc646a755f705b0ae57418e68578aec2f)

Indirect leak of 8 byte(s) in 2 object(s) allocated from:
    #0 0x55ca915fa191 in operator new(unsigned long) (/workspace/build-asan/tsc+0x15d191) (BuildId: 73a10d7cc646a755f705b0ae57418e68578aec2f)
    #1 0x7ff5c5a01b0a in std::vector<std::pair<unsigned short, llvm::LegacyLegalizeActions::LegacyLegalizeAction>, std::allocator<std::pair<unsigned short, llvm::LegacyLegalizeActions::LegacyLegalizeAction>>>::operator=(std::vector<std::pair<unsigned short, llvm::LegacyLegalizeActions::LegacyLegalizeAction>, std::allocator<std::pair<unsigned short, llvm::LegacyLegalizeActions::LegacyLegalizeAction>>> const&) (/usr/lib/llvm-20/lib/libLLVM.so.20.1+0x1ae5b0a) (BuildId: b856c61f98abf0989f157f153740fe0fadfbb760)
    #2 0x7ff5c59fec93 in llvm::LegacyLegalizerInfo::LegacyLegalizerInfo() (/usr/lib/llvm-20/lib/libLLVM.so.20.1+0x1ae2c93) (BuildId: b856c61f98abf0989f157f153740fe0fadfbb760)
    #3 0x7ff5c7b28493  (/usr/lib/llvm-20/lib/libLLVM.so.20.1+0x3c0c493) (BuildId: b856c61f98abf0989f157f153740fe0fadfbb760)
    #4 0x7ff5c7b6091a  (/usr/lib/llvm-20/lib/libLLVM.so.20.1+0x3c4491a) (BuildId: b856c61f98abf0989f157f153740fe0fadfbb760)
    #5 0x7ff5c7b61a19  (/usr/lib/llvm-20/lib/libLLVM.so.20.1+0x3c45a19) (BuildId: b856c61f98abf0989f157f153740fe0fadfbb760)
    #6 0x7ff5c7b62a6c  (/usr/lib/llvm-20/lib/libLLVM.so.20.1+0x3c46a6c) (BuildId: b856c61f98abf0989f157f153740fe0fadfbb760)
    #7 0x55ca91648523 in llvm::Target::createTargetMachine(llvm::StringRef, llvm::StringRef, llvm::StringRef, llvm::TargetOptions const&, std::optional<llvm::Reloc::Model>, std::optional<llvm::CodeModel::Model>, llvm::CodeGenOptLevel, bool) const /usr/lib/llvm-20/include/llvm/MC/TargetRegistry.h:462:12
    #8 0x55ca9163a09e in tsc::TargetRegistry::initializeAllTargets() /workspace/src/TargetRegistry.cpp:67:41
    #9 0x55ca9162bdcd in tsc::Compiler::initializeLLVM() /workspace/src/Compiler.cpp:349:14
    #10 0x55ca9162b8b7 in tsc::Compiler::Compiler(tsc::CompilerOptions const&) /workspace/src/Compiler.cpp:24:5
    #11 0x55ca915fd7b5 in main /workspace/src/main.cpp:191:18
    #12 0x7ff5c395a337  (/lib/x86_64-linux-gnu/libc.so.6+0x2a337) (BuildId: 467f544f15035abef911999cbc14489edd0555ab)
    #13 0x7ff5c395a3fa in __libc_start_main (/lib/x86_64-linux-gnu/libc.so.6+0x2a3fa) (BuildId: 467f544f15035abef911999cbc14489edd0555ab)
    #14 0x55ca91511b64 in _start (/workspace/build-asan/tsc+0x74b64) (BuildId: 73a10d7cc646a755f705b0ae57418e68578aec2f)

Indirect leak of 8 byte(s) in 2 object(s) allocated from:
    #0 0x55ca915fa191 in operator new(unsigned long) (/workspace/build-asan/tsc+0x15d191) (BuildId: 73a10d7cc646a755f705b0ae57418e68578aec2f)
    #1 0x7ff5c5a01b0a in std::vector<std::pair<unsigned short, llvm::LegacyLegalizeActions::LegacyLegalizeAction>, std::allocator<std::pair<unsigned short, llvm::LegacyLegalizeActions::LegacyLegalizeAction>>>::operator=(std::vector<std::pair<unsigned short, llvm::LegacyLegalizeActions::LegacyLegalizeAction>, std::allocator<std::pair<unsigned short, llvm::LegacyLegalizeActions::LegacyLegalizeAction>>> const&) (/usr/lib/llvm-20/lib/libLLVM.so.20.1+0x1ae5b0a) (BuildId: b856c61f98abf0989f157f153740fe0fadfbb760)
    #2 0x7ff5c59fedcf in llvm::LegacyLegalizerInfo::LegacyLegalizerInfo() (/usr/lib/llvm-20/lib/libLLVM.so.20.1+0x1ae2dcf) (BuildId: b856c61f98abf0989f157f153740fe0fadfbb760)
    #3 0x7ff5c7b28493  (/usr/lib/llvm-20/lib/libLLVM.so.20.1+0x3c0c493) (BuildId: b856c61f98abf0989f157f153740fe0fadfbb760)
    #4 0x7ff5c7b6091a  (/usr/lib/llvm-20/lib/libLLVM.so.20.1+0x3c4491a) (BuildId: b856c61f98abf0989f157f153740fe0fadfbb760)
    #5 0x7ff5c7b6188a  (/usr/lib/llvm-20/lib/libLLVM.so.20.1+0x3c4588a) (BuildId: b856c61f98abf0989f157f153740fe0fadfbb760)
    #6 0x7ff5c7b62b2c  (/usr/lib/llvm-20/lib/libLLVM.so.20.1+0x3c46b2c) (BuildId: b856c61f98abf0989f157f153740fe0fadfbb760)
    #7 0x55ca91648523 in llvm::Target::createTargetMachine(llvm::StringRef, llvm::StringRef, llvm::StringRef, llvm::TargetOptions const&, std::optional<llvm::Reloc::Model>, std::optional<llvm::CodeModel::Model>, llvm::CodeGenOptLevel, bool) const /usr/lib/llvm-20/include/llvm/MC/TargetRegistry.h:462:12
    #8 0x55ca9163a09e in tsc::TargetRegistry::initializeAllTargets() /workspace/src/TargetRegistry.cpp:67:41
    #9 0x55ca9162bdcd in tsc::Compiler::initializeLLVM() /workspace/src/Compiler.cpp:349:14
    #10 0x55ca9162b8b7 in tsc::Compiler::Compiler(tsc::CompilerOptions const&) /workspace/src/Compiler.cpp:24:5
    #11 0x55ca915fd7b5 in main /workspace/src/main.cpp:191:18
    #12 0x7ff5c395a337  (/lib/x86_64-linux-gnu/libc.so.6+0x2a337) (BuildId: 467f544f15035abef911999cbc14489edd0555ab)
    #13 0x7ff5c395a3fa in __libc_start_main (/lib/x86_64-linux-gnu/libc.so.6+0x2a3fa) (BuildId: 467f544f15035abef911999cbc14489edd0555ab)
    #14 0x55ca91511b64 in _start (/workspace/build-asan/tsc+0x74b64) (BuildId: 73a10d7cc646a755f705b0ae57418e68578aec2f)

Indirect leak of 8 byte(s) in 2 object(s) allocated from:
    #0 0x55ca915fa191 in operator new(unsigned long) (/workspace/build-asan/tsc+0x15d191) (BuildId: 73a10d7cc646a755f705b0ae57418e68578aec2f)
    #1 0x7ff5c5a01b0a in std::vector<std::pair<unsigned short, llvm::LegacyLegalizeActions::LegacyLegalizeAction>, std::allocator<std::pair<unsigned short, llvm::LegacyLegalizeActions::LegacyLegalizeAction>>>::operator=(std::vector<std::pair<unsigned short, llvm::LegacyLegalizeActions::LegacyLegalizeAction>, std::allocator<std::pair<unsigned short, llvm::LegacyLegalizeActions::LegacyLegalizeAction>>> const&) (/usr/lib/llvm-20/lib/libLLVM.so.20.1+0x1ae5b0a) (BuildId: b856c61f98abf0989f157f153740fe0fadfbb760)
    #2 0x7ff5c59ff240 in llvm::LegacyLegalizerInfo::LegacyLegalizerInfo() (/usr/lib/llvm-20/lib/libLLVM.so.20.1+0x1ae3240) (BuildId: b856c61f98abf0989f157f153740fe0fadfbb760)
    #3 0x7ff5c7b28493  (/usr/lib/llvm-20/lib/libLLVM.so.20.1+0x3c0c493) (BuildId: b856c61f98abf0989f157f153740fe0fadfbb760)
    #4 0x7ff5c7b6091a  (/usr/lib/llvm-20/lib/libLLVM.so.20.1+0x3c4491a) (BuildId: b856c61f98abf0989f157f153740fe0fadfbb760)
    #5 0x7ff5c7b6188a  (/usr/lib/llvm-20/lib/libLLVM.so.20.1+0x3c4588a) (BuildId: b856c61f98abf0989f157f153740fe0fadfbb760)
    #6 0x7ff5c7b62a6c  (/usr/lib/llvm-20/lib/libLLVM.so.20.1+0x3c46a6c) (BuildId: b856c61f98abf0989f157f153740fe0fadfbb760)
    #7 0x55ca91648523 in llvm::Target::createTargetMachine(llvm::StringRef, llvm::StringRef, llvm::StringRef, llvm::TargetOptions const&, std::optional<llvm::Reloc::Model>, std::optional<llvm::CodeModel::Model>, llvm::CodeGenOptLevel, bool) const /usr/lib/llvm-20/include/llvm/MC/TargetRegistry.h:462:12
    #8 0x55ca9163a09e in tsc::TargetRegistry::initializeAllTargets() /workspace/src/TargetRegistry.cpp:67:41
    #9 0x55ca9162bdcd in tsc::Compiler::initializeLLVM() /workspace/src/Compiler.cpp:349:14
    #10 0x55ca9162b8b7 in tsc::Compiler::Compiler(tsc::CompilerOptions const&) /workspace/src/Compiler.cpp:24:5
    #11 0x55ca915fd7b5 in main /workspace/src/main.cpp:191:18
    #12 0x7ff5c395a337  (/lib/x86_64-linux-gnu/libc.so.6+0x2a337) (BuildId: 467f544f15035abef911999cbc14489edd0555ab)
    #13 0x7ff5c395a3fa in __libc_start_main (/lib/x86_64-linux-gnu/libc.so.6+0x2a3fa) (BuildId: 467f544f15035abef911999cbc14489edd0555ab)
    #14 0x55ca91511b64 in _start (/workspace/build-asan/tsc+0x74b64) (BuildId: 73a10d7cc646a755f705b0ae57418e68578aec2f)

Indirect leak of 8 byte(s) in 2 object(s) allocated from:
    #0 0x55ca915fa191 in operator new(unsigned long) (/workspace/build-asan/tsc+0x15d191) (BuildId: 73a10d7cc646a755f705b0ae57418e68578aec2f)
    #1 0x7ff5c5a01b0a in std::vector<std::pair<unsigned short, llvm::LegacyLegalizeActions::LegacyLegalizeAction>, std::allocator<std::pair<unsigned short, llvm::LegacyLegalizeActions::LegacyLegalizeAction>>>::operator=(std::vector<std::pair<unsigned short, llvm::LegacyLegalizeActions::LegacyLegalizeAction>, std::allocator<std::pair<unsigned short, llvm::LegacyLegalizeActions::LegacyLegalizeAction>>> const&) (/usr/lib/llvm-20/lib/libLLVM.so.20.1+0x1ae5b0a) (BuildId: b856c61f98abf0989f157f153740fe0fadfbb760)
    #2 0x7ff5c59fed83 in llvm::LegacyLegalizerInfo::LegacyLegalizerInfo() (/usr/lib/llvm-20/lib/libLLVM.so.20.1+0x1ae2d83) (BuildId: b856c61f98abf0989f157f153740fe0fadfbb760)
    #3 0x7ff5c7b28493  (/usr/lib/llvm-20/lib/libLLVM.so.20.1+0x3c0c493) (BuildId: b856c61f98abf0989f157f153740fe0fadfbb760)
    #4 0x7ff5c7b6091a  (/usr/lib/llvm-20/lib/libLLVM.so.20.1+0x3c4491a) (BuildId: b856c61f98abf0989f157f153740fe0fadfbb760)
    #5 0x7ff5c7b6188a  (/usr/lib/llvm-20/lib/libLLVM.so.20.1+0x3c4588a) (BuildId: b856c61f98abf0989f157f153740fe0fadfbb760)
    #6 0x7ff5c7b62b2c  (/usr/lib/llvm-20/lib/libLLVM.so.20.1+0x3c46b2c) (BuildId: b856c61f98abf0989f157f153740fe0fadfbb760)
    #7 0x55ca91648523 in llvm::Target::createTargetMachine(llvm::StringRef, llvm::StringRef, llvm::StringRef, llvm::TargetOptions const&, std::optional<llvm::Reloc::Model>, std::optional<llvm::CodeModel::Model>, llvm::CodeGenOptLevel, bool) const /usr/lib/llvm-20/include/llvm/MC/TargetRegistry.h:462:12
    #8 0x55ca9163a09e in tsc::TargetRegistry::initializeAllTargets() /workspace/src/TargetRegistry.cpp:67:41
    #9 0x55ca9162bdcd in tsc::Compiler::initializeLLVM() /workspace/src/Compiler.cpp:349:14
    #10 0x55ca9162b8b7 in tsc::Compiler::Compiler(tsc::CompilerOptions const&) /workspace/src/Compiler.cpp:24:5
    #11 0x55ca915fd7b5 in main /workspace/src/main.cpp:191:18
    #12 0x7ff5c395a337  (/lib/x86_64-linux-gnu/libc.so.6+0x2a337) (BuildId: 467f544f15035abef911999cbc14489edd0555ab)
    #13 0x7ff5c395a3fa in __libc_start_main (/lib/x86_64-linux-gnu/libc.so.6+0x2a3fa) (BuildId: 467f544f15035abef911999cbc14489edd0555ab)
    #14 0x55ca91511b64 in _start (/workspace/build-asan/tsc+0x74b64) (BuildId: 73a10d7cc646a755f705b0ae57418e68578aec2f)

Indirect leak of 8 byte(s) in 2 object(s) allocated from:
    #0 0x55ca915fa191 in operator new(unsigned long) (/workspace/build-asan/tsc+0x15d191) (BuildId: 73a10d7cc646a755f705b0ae57418e68578aec2f)
    #1 0x7ff5c5a01b0a in std::vector<std::pair<unsigned short, llvm::LegacyLegalizeActions::LegacyLegalizeAction>, std::allocator<std::pair<unsigned short, llvm::LegacyLegalizeActions::LegacyLegalizeAction>>>::operator=(std::vector<std::pair<unsigned short, llvm::LegacyLegalizeActions::LegacyLegalizeAction>, std::allocator<std::pair<unsigned short, llvm::LegacyLegalizeActions::LegacyLegalizeAction>>> const&) (/usr/lib/llvm-20/lib/libLLVM.so.20.1+0x1ae5b0a) (BuildId: b856c61f98abf0989f157f153740fe0fadfbb760)
    #2 0x7ff5c59fef03 in llvm::LegacyLegalizerInfo::LegacyLegalizerInfo() (/usr/lib/llvm-20/lib/libLLVM.so.20.1+0x1ae2f03) (BuildId: b856c61f98abf0989f157f153740fe0fadfbb760)
    #3 0x7ff5c7b28493  (/usr/lib/llvm-20/lib/libLLVM.so.20.1+0x3c0c493) (BuildId: b856c61f98abf0989f157f153740fe0fadfbb760)
    #4 0x7ff5c7b6091a  (/usr/lib/llvm-20/lib/libLLVM.so.20.1+0x3c4491a) (BuildId: b856c61f98abf0989f157f153740fe0fadfbb760)
    #5 0x7ff5c7b6188a  (/usr/lib/llvm-20/lib/libLLVM.so.20.1+0x3c4588a) (BuildId: b856c61f98abf0989f157f153740fe0fadfbb760)
    #6 0x7ff5c7b62a6c  (/usr/lib/llvm-20/lib/libLLVM.so.20.1+0x3c46a6c) (BuildId: b856c61f98abf0989f157f153740fe0fadfbb760)
    #7 0x55ca91648523 in llvm::Target::createTargetMachine(llvm::StringRef, llvm::StringRef, llvm::StringRef, llvm::TargetOptions const&, std::optional<llvm::Reloc::Model>, std::optional<llvm::CodeModel::Model>, llvm::CodeGenOptLevel, bool) const /usr/lib/llvm-20/include/llvm/MC/TargetRegistry.h:462:12
    #8 0x55ca9163a09e in tsc::TargetRegistry::initializeAllTargets() /workspace/src/TargetRegistry.cpp:67:41
    #9 0x55ca9162bdcd in tsc::Compiler::initializeLLVM() /workspace/src/Compiler.cpp:349:14
    #10 0x55ca9162b8b7 in tsc::Compiler::Compiler(tsc::CompilerOptions const&) /workspace/src/Compiler.cpp:24:5
    #11 0x55ca915fd7b5 in main /workspace/src/main.cpp:191:18
    #12 0x7ff5c395a337  (/lib/x86_64-linux-gnu/libc.so.6+0x2a337) (BuildId: 467f544f15035abef911999cbc14489edd0555ab)
    #13 0x7ff5c395a3fa in __libc_start_main (/lib/x86_64-linux-gnu/libc.so.6+0x2a3fa) (BuildId: 467f544f15035abef911999cbc14489edd0555ab)
    #14 0x55ca91511b64 in _start (/workspace/build-asan/tsc+0x74b64) (BuildId: 73a10d7cc646a755f705b0ae57418e68578aec2f)

Indirect leak of 8 byte(s) in 2 object(s) allocated from:
    #0 0x55ca915fa191 in operator new(unsigned long) (/workspace/build-asan/tsc+0x15d191) (BuildId: 73a10d7cc646a755f705b0ae57418e68578aec2f)
    #1 0x7ff5c5a01b0a in std::vector<std::pair<unsigned short, llvm::LegacyLegalizeActions::LegacyLegalizeAction>, std::allocator<std::pair<unsigned short, llvm::LegacyLegalizeActions::LegacyLegalizeAction>>>::operator=(std::vector<std::pair<unsigned short, llvm::LegacyLegalizeActions::LegacyLegalizeAction>, std::allocator<std::pair<unsigned short, llvm::LegacyLegalizeActions::LegacyLegalizeAction>>> const&) (/usr/lib/llvm-20/lib/libLLVM.so.20.1+0x1ae5b0a) (BuildId: b856c61f98abf0989f157f153740fe0fadfbb760)
    #2 0x7ff5c59feeb6 in llvm::LegacyLegalizerInfo::LegacyLegalizerInfo() (/usr/lib/llvm-20/lib/libLLVM.so.20.1+0x1ae2eb6) (BuildId: b856c61f98abf0989f157f153740fe0fadfbb760)
    #3 0x7ff5c7b28493  (/usr/lib/llvm-20/lib/libLLVM.so.20.1+0x3c0c493) (BuildId: b856c61f98abf0989f157f153740fe0fadfbb760)
    #4 0x7ff5c7b6091a  (/usr/lib/llvm-20/lib/libLLVM.so.20.1+0x3c4491a) (BuildId: b856c61f98abf0989f157f153740fe0fadfbb760)
    #5 0x7ff5c7b6188a  (/usr/lib/llvm-20/lib/libLLVM.so.20.1+0x3c4588a) (BuildId: b856c61f98abf0989f157f153740fe0fadfbb760)
    #6 0x7ff5c7b62a6c  (/usr/lib/llvm-20/lib/libLLVM.so.20.1+0x3c46a6c) (BuildId: b856c61f98abf0989f157f153740fe0fadfbb760)
    #7 0x55ca91648523 in llvm::Target::createTargetMachine(llvm::StringRef, llvm::StringRef, llvm::StringRef, llvm::TargetOptions const&, std::optional<llvm::Reloc::Model>, std::optional<llvm::CodeModel::Model>, llvm::CodeGenOptLevel, bool) const /usr/lib/llvm-20/include/llvm/MC/TargetRegistry.h:462:12
    #8 0x55ca9163a09e in tsc::TargetRegistry::initializeAllTargets() /workspace/src/TargetRegistry.cpp:67:41
    #9 0x55ca9162bdcd in tsc::Compiler::initializeLLVM() /workspace/src/Compiler.cpp:349:14
    #10 0x55ca9162b8b7 in tsc::Compiler::Compiler(tsc::CompilerOptions const&) /workspace/src/Compiler.cpp:24:5
    #11 0x55ca915fd7b5 in main /workspace/src/main.cpp:191:18
    #12 0x7ff5c395a337  (/lib/x86_64-linux-gnu/libc.so.6+0x2a337) (BuildId: 467f544f15035abef911999cbc14489edd0555ab)
    #13 0x7ff5c395a3fa in __libc_start_main (/lib/x86_64-linux-gnu/libc.so.6+0x2a3fa) (BuildId: 467f544f15035abef911999cbc14489edd0555ab)
    #14 0x55ca91511b64 in _start (/workspace/build-asan/tsc+0x74b64) (BuildId: 73a10d7cc646a755f705b0ae57418e68578aec2f)

Indirect leak of 8 byte(s) in 2 object(s) allocated from:
    #0 0x55ca915fa191 in operator new(unsigned long) (/workspace/build-asan/tsc+0x15d191) (BuildId: 73a10d7cc646a755f705b0ae57418e68578aec2f)
    #1 0x7ff5c5a01b0a in std::vector<std::pair<unsigned short, llvm::LegacyLegalizeActions::LegacyLegalizeAction>, std::allocator<std::pair<unsigned short, llvm::LegacyLegalizeActions::LegacyLegalizeAction>>>::operator=(std::vector<std::pair<unsigned short, llvm::LegacyLegalizeActions::LegacyLegalizeAction>, std::allocator<std::pair<unsigned short, llvm::LegacyLegalizeActions::LegacyLegalizeAction>>> const&) (/usr/lib/llvm-20/lib/libLLVM.so.20.1+0x1ae5b0a) (BuildId: b856c61f98abf0989f157f153740fe0fadfbb760)
    #2 0x7ff5c59fed33 in llvm::LegacyLegalizerInfo::LegacyLegalizerInfo() (/usr/lib/llvm-20/lib/libLLVM.so.20.1+0x1ae2d33) (BuildId: b856c61f98abf0989f157f153740fe0fadfbb760)
    #3 0x7ff5c7b28493  (/usr/lib/llvm-20/lib/libLLVM.so.20.1+0x3c0c493) (BuildId: b856c61f98abf0989f157f153740fe0fadfbb760)
    #4 0x7ff5c7b6091a  (/usr/lib/llvm-20/lib/libLLVM.so.20.1+0x3c4491a) (BuildId: b856c61f98abf0989f157f153740fe0fadfbb760)
    #5 0x7ff5c7b6188a  (/usr/lib/llvm-20/lib/libLLVM.so.20.1+0x3c4588a) (BuildId: b856c61f98abf0989f157f153740fe0fadfbb760)
    #6 0x7ff5c7b62b2c  (/usr/lib/llvm-20/lib/libLLVM.so.20.1+0x3c46b2c) (BuildId: b856c61f98abf0989f157f153740fe0fadfbb760)
    #7 0x55ca91648523 in llvm::Target::createTargetMachine(llvm::StringRef, llvm::StringRef, llvm::StringRef, llvm::TargetOptions const&, std::optional<llvm::Reloc::Model>, std::optional<llvm::CodeModel::Model>, llvm::CodeGenOptLevel, bool) const /usr/lib/llvm-20/include/llvm/MC/TargetRegistry.h:462:12
    #8 0x55ca9163a09e in tsc::TargetRegistry::initializeAllTargets() /workspace/src/TargetRegistry.cpp:67:41
    #9 0x55ca9162bdcd in tsc::Compiler::initializeLLVM() /workspace/src/Compiler.cpp:349:14
    #10 0x55ca9162b8b7 in tsc::Compiler::Compiler(tsc::CompilerOptions const&) /workspace/src/Compiler.cpp:24:5
    #11 0x55ca915fd7b5 in main /workspace/src/main.cpp:191:18
    #12 0x7ff5c395a337  (/lib/x86_64-linux-gnu/libc.so.6+0x2a337) (BuildId: 467f544f15035abef911999cbc14489edd0555ab)
    #13 0x7ff5c395a3fa in __libc_start_main (/lib/x86_64-linux-gnu/libc.so.6+0x2a3fa) (BuildId: 467f544f15035abef911999cbc14489edd0555ab)
    #14 0x55ca91511b64 in _start (/workspace/build-asan/tsc+0x74b64) (BuildId: 73a10d7cc646a755f705b0ae57418e68578aec2f)

Indirect leak of 8 byte(s) in 2 object(s) allocated from:
    #0 0x55ca915fa191 in operator new(unsigned long) (/workspace/build-asan/tsc+0x15d191) (BuildId: 73a10d7cc646a755f705b0ae57418e68578aec2f)
    #1 0x7ff5c5a01b0a in std::vector<std::pair<unsigned short, llvm::LegacyLegalizeActions::LegacyLegalizeAction>, std::allocator<std::pair<unsigned short, llvm::LegacyLegalizeActions::LegacyLegalizeAction>>>::operator=(std::vector<std::pair<unsigned short, llvm::LegacyLegalizeActions::LegacyLegalizeAction>, std::allocator<std::pair<unsigned short, llvm::LegacyLegalizeActions::LegacyLegalizeAction>>> const&) (/usr/lib/llvm-20/lib/libLLVM.so.20.1+0x1ae5b0a) (BuildId: b856c61f98abf0989f157f153740fe0fadfbb760)
    #2 0x7ff5c59fee69 in llvm::LegacyLegalizerInfo::LegacyLegalizerInfo() (/usr/lib/llvm-20/lib/libLLVM.so.20.1+0x1ae2e69) (BuildId: b856c61f98abf0989f157f153740fe0fadfbb760)
    #3 0x7ff5c7b28493  (/usr/lib/llvm-20/lib/libLLVM.so.20.1+0x3c0c493) (BuildId: b856c61f98abf0989f157f153740fe0fadfbb760)
    #4 0x7ff5c7b6091a  (/usr/lib/llvm-20/lib/libLLVM.so.20.1+0x3c4491a) (BuildId: b856c61f98abf0989f157f153740fe0fadfbb760)
    #5 0x7ff5c7b6188a  (/usr/lib/llvm-20/lib/libLLVM.so.20.1+0x3c4588a) (BuildId: b856c61f98abf0989f157f153740fe0fadfbb760)
    #6 0x7ff5c7b62a6c  (/usr/lib/llvm-20/lib/libLLVM.so.20.1+0x3c46a6c) (BuildId: b856c61f98abf0989f157f153740fe0fadfbb760)
    #7 0x55ca91648523 in llvm::Target::createTargetMachine(llvm::StringRef, llvm::StringRef, llvm::StringRef, llvm::TargetOptions const&, std::optional<llvm::Reloc::Model>, std::optional<llvm::CodeModel::Model>, llvm::CodeGenOptLevel, bool) const /usr/lib/llvm-20/include/llvm/MC/TargetRegistry.h:462:12
    #8 0x55ca9163a09e in tsc::TargetRegistry::initializeAllTargets() /workspace/src/TargetRegistry.cpp:67:41
    #9 0x55ca9162bdcd in tsc::Compiler::initializeLLVM() /workspace/src/Compiler.cpp:349:14
    #10 0x55ca9162b8b7 in tsc::Compiler::Compiler(tsc::CompilerOptions const&) /workspace/src/Compiler.cpp:24:5
    #11 0x55ca915fd7b5 in main /workspace/src/main.cpp:191:18
    #12 0x7ff5c395a337  (/lib/x86_64-linux-gnu/libc.so.6+0x2a337) (BuildId: 467f544f15035abef911999cbc14489edd0555ab)
    #13 0x7ff5c395a3fa in __libc_start_main (/lib/x86_64-linux-gnu/libc.so.6+0x2a3fa) (BuildId: 467f544f15035abef911999cbc14489edd0555ab)
    #14 0x55ca91511b64 in _start (/workspace/build-asan/tsc+0x74b64) (BuildId: 73a10d7cc646a755f705b0ae57418e68578aec2f)

Indirect leak of 8 byte(s) in 2 object(s) allocated from:
    #0 0x55ca915fa191 in operator new(unsigned long) (/workspace/build-asan/tsc+0x15d191) (BuildId: 73a10d7cc646a755f705b0ae57418e68578aec2f)
    #1 0x7ff5c5a01b0a in std::vector<std::pair<unsigned short, llvm::LegacyLegalizeActions::LegacyLegalizeAction>, std::allocator<std::pair<unsigned short, llvm::LegacyLegalizeActions::LegacyLegalizeAction>>>::operator=(std::vector<std::pair<unsigned short, llvm::LegacyLegalizeActions::LegacyLegalizeAction>, std::allocator<std::pair<unsigned short, llvm::LegacyLegalizeActions::LegacyLegalizeAction>>> const&) (/usr/lib/llvm-20/lib/libLLVM.so.20.1+0x1ae5b0a) (BuildId: b856c61f98abf0989f157f153740fe0fadfbb760)
    #2 0x7ff5c59fee1c in llvm::LegacyLegalizerInfo::LegacyLegalizerInfo() (/usr/lib/llvm-20/lib/libLLVM.so.20.1+0x1ae2e1c) (BuildId: b856c61f98abf0989f157f153740fe0fadfbb760)
    #3 0x7ff5c7b28493  (/usr/lib/llvm-20/lib/libLLVM.so.20.1+0x3c0c493) (BuildId: b856c61f98abf0989f157f153740fe0fadfbb760)
    #4 0x7ff5c7b6091a  (/usr/lib/llvm-20/lib/libLLVM.so.20.1+0x3c4491a) (BuildId: b856c61f98abf0989f157f153740fe0fadfbb760)
    #5 0x7ff5c7b6188a  (/usr/lib/llvm-20/lib/libLLVM.so.20.1+0x3c4588a) (BuildId: b856c61f98abf0989f157f153740fe0fadfbb760)
    #6 0x7ff5c7b62a6c  (/usr/lib/llvm-20/lib/libLLVM.so.20.1+0x3c46a6c) (BuildId: b856c61f98abf0989f157f153740fe0fadfbb760)
    #7 0x55ca91648523 in llvm::Target::createTargetMachine(llvm::StringRef, llvm::StringRef, llvm::StringRef, llvm::TargetOptions const&, std::optional<llvm::Reloc::Model>, std::optional<llvm::CodeModel::Model>, llvm::CodeGenOptLevel, bool) const /usr/lib/llvm-20/include/llvm/MC/TargetRegistry.h:462:12
    #8 0x55ca9163a09e in tsc::TargetRegistry::initializeAllTargets() /workspace/src/TargetRegistry.cpp:67:41
    #9 0x55ca9162bdcd in tsc::Compiler::initializeLLVM() /workspace/src/Compiler.cpp:349:14
    #10 0x55ca9162b8b7 in tsc::Compiler::Compiler(tsc::CompilerOptions const&) /workspace/src/Compiler.cpp:24:5
    #11 0x55ca915fd7b5 in main /workspace/src/main.cpp:191:18
    #12 0x7ff5c395a337  (/lib/x86_64-linux-gnu/libc.so.6+0x2a337) (BuildId: 467f544f15035abef911999cbc14489edd0555ab)
    #13 0x7ff5c395a3fa in __libc_start_main (/lib/x86_64-linux-gnu/libc.so.6+0x2a3fa) (BuildId: 467f544f15035abef911999cbc14489edd0555ab)
    #14 0x55ca91511b64 in _start (/workspace/build-asan/tsc+0x74b64) (BuildId: 73a10d7cc646a755f705b0ae57418e68578aec2f)

Indirect leak of 8 byte(s) in 2 object(s) allocated from:
    #0 0x55ca915fa191 in operator new(unsigned long) (/workspace/build-asan/tsc+0x15d191) (BuildId: 73a10d7cc646a755f705b0ae57418e68578aec2f)
    #1 0x7ff5c5a01b0a in std::vector<std::pair<unsigned short, llvm::LegacyLegalizeActions::LegacyLegalizeAction>, std::allocator<std::pair<unsigned short, llvm::LegacyLegalizeActions::LegacyLegalizeAction>>>::operator=(std::vector<std::pair<unsigned short, llvm::LegacyLegalizeActions::LegacyLegalizeAction>, std::allocator<std::pair<unsigned short, llvm::LegacyLegalizeActions::LegacyLegalizeAction>>> const&) (/usr/lib/llvm-20/lib/libLLVM.so.20.1+0x1ae5b0a) (BuildId: b856c61f98abf0989f157f153740fe0fadfbb760)
    #2 0x7ff5c59fece3 in llvm::LegacyLegalizerInfo::LegacyLegalizerInfo() (/usr/lib/llvm-20/lib/libLLVM.so.20.1+0x1ae2ce3) (BuildId: b856c61f98abf0989f157f153740fe0fadfbb760)
    #3 0x7ff5c7b28493  (/usr/lib/llvm-20/lib/libLLVM.so.20.1+0x3c0c493) (BuildId: b856c61f98abf0989f157f153740fe0fadfbb760)
    #4 0x7ff5c7b6091a  (/usr/lib/llvm-20/lib/libLLVM.so.20.1+0x3c4491a) (BuildId: b856c61f98abf0989f157f153740fe0fadfbb760)
    #5 0x7ff5c7b6188a  (/usr/lib/llvm-20/lib/libLLVM.so.20.1+0x3c4588a) (BuildId: b856c61f98abf0989f157f153740fe0fadfbb760)
    #6 0x7ff5c7b62b2c  (/usr/lib/llvm-20/lib/libLLVM.so.20.1+0x3c46b2c) (BuildId: b856c61f98abf0989f157f153740fe0fadfbb760)
    #7 0x55ca91648523 in llvm::Target::createTargetMachine(llvm::StringRef, llvm::StringRef, llvm::StringRef, llvm::TargetOptions const&, std::optional<llvm::Reloc::Model>, std::optional<llvm::CodeModel::Model>, llvm::CodeGenOptLevel, bool) const /usr/lib/llvm-20/include/llvm/MC/TargetRegistry.h:462:12
    #8 0x55ca9163a09e in tsc::TargetRegistry::initializeAllTargets() /workspace/src/TargetRegistry.cpp:67:41
    #9 0x55ca9162bdcd in tsc::Compiler::initializeLLVM() /workspace/src/Compiler.cpp:349:14
    #10 0x55ca9162b8b7 in tsc::Compiler::Compiler(tsc::CompilerOptions const&) /workspace/src/Compiler.cpp:24:5
    #11 0x55ca915fd7b5 in main /workspace/src/main.cpp:191:18
    #12 0x7ff5c395a337  (/lib/x86_64-linux-gnu/libc.so.6+0x2a337) (BuildId: 467f544f15035abef911999cbc14489edd0555ab)
    #13 0x7ff5c395a3fa in __libc_start_main (/lib/x86_64-linux-gnu/libc.so.6+0x2a3fa) (BuildId: 467f544f15035abef911999cbc14489edd0555ab)
    #14 0x55ca91511b64 in _start (/workspace/build-asan/tsc+0x74b64) (BuildId: 73a10d7cc646a755f705b0ae57418e68578aec2f)

Indirect leak of 8 byte(s) in 2 object(s) allocated from:
    #0 0x55ca915fa191 in operator new(unsigned long) (/workspace/build-asan/tsc+0x15d191) (BuildId: 73a10d7cc646a755f705b0ae57418e68578aec2f)
    #1 0x7ff5c5a01b0a in std::vector<std::pair<unsigned short, llvm::LegacyLegalizeActions::LegacyLegalizeAction>, std::allocator<std::pair<unsigned short, llvm::LegacyLegalizeActions::LegacyLegalizeAction>>>::operator=(std::vector<std::pair<unsigned short, llvm::LegacyLegalizeActions::LegacyLegalizeAction>, std::allocator<std::pair<unsigned short, llvm::LegacyLegalizeActions::LegacyLegalizeAction>>> const&) (/usr/lib/llvm-20/lib/libLLVM.so.20.1+0x1ae5b0a) (BuildId: b856c61f98abf0989f157f153740fe0fadfbb760)
    #2 0x7ff5c59fedcf in llvm::LegacyLegalizerInfo::LegacyLegalizerInfo() (/usr/lib/llvm-20/lib/libLLVM.so.20.1+0x1ae2dcf) (BuildId: b856c61f98abf0989f157f153740fe0fadfbb760)
    #3 0x7ff5c7b28493  (/usr/lib/llvm-20/lib/libLLVM.so.20.1+0x3c0c493) (BuildId: b856c61f98abf0989f157f153740fe0fadfbb760)
    #4 0x7ff5c7b6091a  (/usr/lib/llvm-20/lib/libLLVM.so.20.1+0x3c4491a) (BuildId: b856c61f98abf0989f157f153740fe0fadfbb760)
    #5 0x7ff5c7b6188a  (/usr/lib/llvm-20/lib/libLLVM.so.20.1+0x3c4588a) (BuildId: b856c61f98abf0989f157f153740fe0fadfbb760)
    #6 0x7ff5c7b62a6c  (/usr/lib/llvm-20/lib/libLLVM.so.20.1+0x3c46a6c) (BuildId: b856c61f98abf0989f157f153740fe0fadfbb760)
    #7 0x55ca91648523 in llvm::Target::createTargetMachine(llvm::StringRef, llvm::StringRef, llvm::StringRef, llvm::TargetOptions const&, std::optional<llvm::Reloc::Model>, std::optional<llvm::CodeModel::Model>, llvm::CodeGenOptLevel, bool) const /usr/lib/llvm-20/include/llvm/MC/TargetRegistry.h:462:12
    #8 0x55ca9163a09e in tsc::TargetRegistry::initializeAllTargets() /workspace/src/TargetRegistry.cpp:67:41
    #9 0x55ca9162bdcd in tsc::Compiler::initializeLLVM() /workspace/src/Compiler.cpp:349:14
    #10 0x55ca9162b8b7 in tsc::Compiler::Compiler(tsc::CompilerOptions const&) /workspace/src/Compiler.cpp:24:5
    #11 0x55ca915fd7b5 in main /workspace/src/main.cpp:191:18
    #12 0x7ff5c395a337  (/lib/x86_64-linux-gnu/libc.so.6+0x2a337) (BuildId: 467f544f15035abef911999cbc14489edd0555ab)
    #13 0x7ff5c395a3fa in __libc_start_main (/lib/x86_64-linux-gnu/libc.so.6+0x2a3fa) (BuildId: 467f544f15035abef911999cbc14489edd0555ab)
    #14 0x55ca91511b64 in _start (/workspace/build-asan/tsc+0x74b64) (BuildId: 73a10d7cc646a755f705b0ae57418e68578aec2f)

Indirect leak of 8 byte(s) in 2 object(s) allocated from:
    #0 0x55ca915fa191 in operator new(unsigned long) (/workspace/build-asan/tsc+0x15d191) (BuildId: 73a10d7cc646a755f705b0ae57418e68578aec2f)
    #1 0x7ff5c5a01b0a in std::vector<std::pair<unsigned short, llvm::LegacyLegalizeActions::LegacyLegalizeAction>, std::allocator<std::pair<unsigned short, llvm::LegacyLegalizeActions::LegacyLegalizeAction>>>::operator=(std::vector<std::pair<unsigned short, llvm::LegacyLegalizeActions::LegacyLegalizeAction>, std::allocator<std::pair<unsigned short, llvm::LegacyLegalizeActions::LegacyLegalizeAction>>> const&) (/usr/lib/llvm-20/lib/libLLVM.so.20.1+0x1ae5b0a) (BuildId: b856c61f98abf0989f157f153740fe0fadfbb760)
    #2 0x7ff5c59fed83 in llvm::LegacyLegalizerInfo::LegacyLegalizerInfo() (/usr/lib/llvm-20/lib/libLLVM.so.20.1+0x1ae2d83) (BuildId: b856c61f98abf0989f157f153740fe0fadfbb760)
    #3 0x7ff5c7b28493  (/usr/lib/llvm-20/lib/libLLVM.so.20.1+0x3c0c493) (BuildId: b856c61f98abf0989f157f153740fe0fadfbb760)
    #4 0x7ff5c7b6091a  (/usr/lib/llvm-20/lib/libLLVM.so.20.1+0x3c4491a) (BuildId: b856c61f98abf0989f157f153740fe0fadfbb760)
    #5 0x7ff5c7b6188a  (/usr/lib/llvm-20/lib/libLLVM.so.20.1+0x3c4588a) (BuildId: b856c61f98abf0989f157f153740fe0fadfbb760)
    #6 0x7ff5c7b62a6c  (/usr/lib/llvm-20/lib/libLLVM.so.20.1+0x3c46a6c) (BuildId: b856c61f98abf0989f157f153740fe0fadfbb760)
    #7 0x55ca91648523 in llvm::Target::createTargetMachine(llvm::StringRef, llvm::StringRef, llvm::StringRef, llvm::TargetOptions const&, std::optional<llvm::Reloc::Model>, std::optional<llvm::CodeModel::Model>, llvm::CodeGenOptLevel, bool) const /usr/lib/llvm-20/include/llvm/MC/TargetRegistry.h:462:12
    #8 0x55ca9163a09e in tsc::TargetRegistry::initializeAllTargets() /workspace/src/TargetRegistry.cpp:67:41
    #9 0x55ca9162bdcd in tsc::Compiler::initializeLLVM() /workspace/src/Compiler.cpp:349:14
    #10 0x55ca9162b8b7 in tsc::Compiler::Compiler(tsc::CompilerOptions const&) /workspace/src/Compiler.cpp:24:5
    #11 0x55ca915fd7b5 in main /workspace/src/main.cpp:191:18
    #12 0x7ff5c395a337  (/lib/x86_64-linux-gnu/libc.so.6+0x2a337) (BuildId: 467f544f15035abef911999cbc14489edd0555ab)
    #13 0x7ff5c395a3fa in __libc_start_main (/lib/x86_64-linux-gnu/libc.so.6+0x2a3fa) (BuildId: 467f544f15035abef911999cbc14489edd0555ab)
    #14 0x55ca91511b64 in _start (/workspace/build-asan/tsc+0x74b64) (BuildId: 73a10d7cc646a755f705b0ae57418e68578aec2f)

Indirect leak of 8 byte(s) in 2 object(s) allocated from:
    #0 0x55ca915fa191 in operator new(unsigned long) (/workspace/build-asan/tsc+0x15d191) (BuildId: 73a10d7cc646a755f705b0ae57418e68578aec2f)
    #1 0x7ff5c5a01b0a in std::vector<std::pair<unsigned short, llvm::LegacyLegalizeActions::LegacyLegalizeAction>, std::allocator<std::pair<unsigned short, llvm::LegacyLegalizeActions::LegacyLegalizeAction>>>::operator=(std::vector<std::pair<unsigned short, llvm::LegacyLegalizeActions::LegacyLegalizeAction>, std::allocator<std::pair<unsigned short, llvm::LegacyLegalizeActions::LegacyLegalizeAction>>> const&) (/usr/lib/llvm-20/lib/libLLVM.so.20.1+0x1ae5b0a) (BuildId: b856c61f98abf0989f157f153740fe0fadfbb760)
    #2 0x7ff5c59fed33 in llvm::LegacyLegalizerInfo::LegacyLegalizerInfo() (/usr/lib/llvm-20/lib/libLLVM.so.20.1+0x1ae2d33) (BuildId: b856c61f98abf0989f157f153740fe0fadfbb760)
    #3 0x7ff5c7b28493  (/usr/lib/llvm-20/lib/libLLVM.so.20.1+0x3c0c493) (BuildId: b856c61f98abf0989f157f153740fe0fadfbb760)
    #4 0x7ff5c7b6091a  (/usr/lib/llvm-20/lib/libLLVM.so.20.1+0x3c4491a) (BuildId: b856c61f98abf0989f157f153740fe0fadfbb760)
    #5 0x7ff5c7b6188a  (/usr/lib/llvm-20/lib/libLLVM.so.20.1+0x3c4588a) (BuildId: b856c61f98abf0989f157f153740fe0fadfbb760)
    #6 0x7ff5c7b62a6c  (/usr/lib/llvm-20/lib/libLLVM.so.20.1+0x3c46a6c) (BuildId: b856c61f98abf0989f157f153740fe0fadfbb760)
    #7 0x55ca91648523 in llvm::Target::createTargetMachine(llvm::StringRef, llvm::StringRef, llvm::StringRef, llvm::TargetOptions const&, std::optional<llvm::Reloc::Model>, std::optional<llvm::CodeModel::Model>, llvm::CodeGenOptLevel, bool) const /usr/lib/llvm-20/include/llvm/MC/TargetRegistry.h:462:12
    #8 0x55ca9163a09e in tsc::TargetRegistry::initializeAllTargets() /workspace/src/TargetRegistry.cpp:67:41
    #9 0x55ca9162bdcd in tsc::Compiler::initializeLLVM() /workspace/src/Compiler.cpp:349:14
    #10 0x55ca9162b8b7 in tsc::Compiler::Compiler(tsc::CompilerOptions const&) /workspace/src/Compiler.cpp:24:5
    #11 0x55ca915fd7b5 in main /workspace/src/main.cpp:191:18
    #12 0x7ff5c395a337  (/lib/x86_64-linux-gnu/libc.so.6+0x2a337) (BuildId: 467f544f15035abef911999cbc14489edd0555ab)
    #13 0x7ff5c395a3fa in __libc_start_main (/lib/x86_64-linux-gnu/libc.so.6+0x2a3fa) (BuildId: 467f544f15035abef911999cbc14489edd0555ab)
    #14 0x55ca91511b64 in _start (/workspace/build-asan/tsc+0x74b64) (BuildId: 73a10d7cc646a755f705b0ae57418e68578aec2f)

Indirect leak of 8 byte(s) in 2 object(s) allocated from:
    #0 0x55ca915fa191 in operator new(unsigned long) (/workspace/build-asan/tsc+0x15d191) (BuildId: 73a10d7cc646a755f705b0ae57418e68578aec2f)
    #1 0x7ff5c5a01b0a in std::vector<std::pair<unsigned short, llvm::LegacyLegalizeActions::LegacyLegalizeAction>, std::allocator<std::pair<unsigned short, llvm::LegacyLegalizeActions::LegacyLegalizeAction>>>::operator=(std::vector<std::pair<unsigned short, llvm::LegacyLegalizeActions::LegacyLegalizeAction>, std::allocator<std::pair<unsigned short, llvm::LegacyLegalizeActions::LegacyLegalizeAction>>> const&) (/usr/lib/llvm-20/lib/libLLVM.so.20.1+0x1ae5b0a) (BuildId: b856c61f98abf0989f157f153740fe0fadfbb760)
    #2 0x7ff5c59fece3 in llvm::LegacyLegalizerInfo::LegacyLegalizerInfo() (/usr/lib/llvm-20/lib/libLLVM.so.20.1+0x1ae2ce3) (BuildId: b856c61f98abf0989f157f153740fe0fadfbb760)
    #3 0x7ff5c7b28493  (/usr/lib/llvm-20/lib/libLLVM.so.20.1+0x3c0c493) (BuildId: b856c61f98abf0989f157f153740fe0fadfbb760)
    #4 0x7ff5c7b6091a  (/usr/lib/llvm-20/lib/libLLVM.so.20.1+0x3c4491a) (BuildId: b856c61f98abf0989f157f153740fe0fadfbb760)
    #5 0x7ff5c7b6188a  (/usr/lib/llvm-20/lib/libLLVM.so.20.1+0x3c4588a) (BuildId: b856c61f98abf0989f157f153740fe0fadfbb760)
    #6 0x7ff5c7b62a6c  (/usr/lib/llvm-20/lib/libLLVM.so.20.1+0x3c46a6c) (BuildId: b856c61f98abf0989f157f153740fe0fadfbb760)
    #7 0x55ca91648523 in llvm::Target::createTargetMachine(llvm::StringRef, llvm::StringRef, llvm::StringRef, llvm::TargetOptions const&, std::optional<llvm::Reloc::Model>, std::optional<llvm::CodeModel::Model>, llvm::CodeGenOptLevel, bool) const /usr/lib/llvm-20/include/llvm/MC/TargetRegistry.h:462:12
    #8 0x55ca9163a09e in tsc::TargetRegistry::initializeAllTargets() /workspace/src/TargetRegistry.cpp:67:41
    #9 0x55ca9162bdcd in tsc::Compiler::initializeLLVM() /workspace/src/Compiler.cpp:349:14
    #10 0x55ca9162b8b7 in tsc::Compiler::Compiler(tsc::CompilerOptions const&) /workspace/src/Compiler.cpp:24:5
    #11 0x55ca915fd7b5 in main /workspace/src/main.cpp:191:18
    #12 0x7ff5c395a337  (/lib/x86_64-linux-gnu/libc.so.6+0x2a337) (BuildId: 467f544f15035abef911999cbc14489edd0555ab)
    #13 0x7ff5c395a3fa in __libc_start_main (/lib/x86_64-linux-gnu/libc.so.6+0x2a3fa) (BuildId: 467f544f15035abef911999cbc14489edd0555ab)
    #14 0x55ca91511b64 in _start (/workspace/build-asan/tsc+0x74b64) (BuildId: 73a10d7cc646a755f705b0ae57418e68578aec2f)

Indirect leak of 8 byte(s) in 2 object(s) allocated from:
    #0 0x55ca915fa191 in operator new(unsigned long) (/workspace/build-asan/tsc+0x15d191) (BuildId: 73a10d7cc646a755f705b0ae57418e68578aec2f)
    #1 0x7ff5c5a01b0a in std::vector<std::pair<unsigned short, llvm::LegacyLegalizeActions::LegacyLegalizeAction>, std::allocator<std::pair<unsigned short, llvm::LegacyLegalizeActions::LegacyLegalizeAction>>>::operator=(std::vector<std::pair<unsigned short, llvm::LegacyLegalizeActions::LegacyLegalizeAction>, std::allocator<std::pair<unsigned short, llvm::LegacyLegalizeActions::LegacyLegalizeAction>>> const&) (/usr/lib/llvm-20/lib/libLLVM.so.20.1+0x1ae5b0a) (BuildId: b856c61f98abf0989f157f153740fe0fadfbb760)
    #2 0x7ff5c59fec93 in llvm::LegacyLegalizerInfo::LegacyLegalizerInfo() (/usr/lib/llvm-20/lib/libLLVM.so.20.1+0x1ae2c93) (BuildId: b856c61f98abf0989f157f153740fe0fadfbb760)
    #3 0x7ff5c7b28493  (/usr/lib/llvm-20/lib/libLLVM.so.20.1+0x3c0c493) (BuildId: b856c61f98abf0989f157f153740fe0fadfbb760)
    #4 0x7ff5c7b6091a  (/usr/lib/llvm-20/lib/libLLVM.so.20.1+0x3c4491a) (BuildId: b856c61f98abf0989f157f153740fe0fadfbb760)
    #5 0x7ff5c7b6188a  (/usr/lib/llvm-20/lib/libLLVM.so.20.1+0x3c4588a) (BuildId: b856c61f98abf0989f157f153740fe0fadfbb760)
    #6 0x7ff5c7b62b2c  (/usr/lib/llvm-20/lib/libLLVM.so.20.1+0x3c46b2c) (BuildId: b856c61f98abf0989f157f153740fe0fadfbb760)
    #7 0x55ca91648523 in llvm::Target::createTargetMachine(llvm::StringRef, llvm::StringRef, llvm::StringRef, llvm::TargetOptions const&, std::optional<llvm::Reloc::Model>, std::optional<llvm::CodeModel::Model>, llvm::CodeGenOptLevel, bool) const /usr/lib/llvm-20/include/llvm/MC/TargetRegistry.h:462:12
    #8 0x55ca9163a09e in tsc::TargetRegistry::initializeAllTargets() /workspace/src/TargetRegistry.cpp:67:41
    #9 0x55ca9162bdcd in tsc::Compiler::initializeLLVM() /workspace/src/Compiler.cpp:349:14
    #10 0x55ca9162b8b7 in tsc::Compiler::Compiler(tsc::CompilerOptions const&) /workspace/src/Compiler.cpp:24:5
    #11 0x55ca915fd7b5 in main /workspace/src/main.cpp:191:18
    #12 0x7ff5c395a337  (/lib/x86_64-linux-gnu/libc.so.6+0x2a337) (BuildId: 467f544f15035abef911999cbc14489edd0555ab)
    #13 0x7ff5c395a3fa in __libc_start_main (/lib/x86_64-linux-gnu/libc.so.6+0x2a3fa) (BuildId: 467f544f15035abef911999cbc14489edd0555ab)
    #14 0x55ca91511b64 in _start (/workspace/build-asan/tsc+0x74b64) (BuildId: 73a10d7cc646a755f705b0ae57418e68578aec2f)

Indirect leak of 8 byte(s) in 2 object(s) allocated from:
    #0 0x55ca915fa191 in operator new(unsigned long) (/workspace/build-asan/tsc+0x15d191) (BuildId: 73a10d7cc646a755f705b0ae57418e68578aec2f)
    #1 0x7ff5c5a01b0a in std::vector<std::pair<unsigned short, llvm::LegacyLegalizeActions::LegacyLegalizeAction>, std::allocator<std::pair<unsigned short, llvm::LegacyLegalizeActions::LegacyLegalizeAction>>>::operator=(std::vector<std::pair<unsigned short, llvm::LegacyLegalizeActions::LegacyLegalizeAction>, std::allocator<std::pair<unsigned short, llvm::LegacyLegalizeActions::LegacyLegalizeAction>>> const&) (/usr/lib/llvm-20/lib/libLLVM.so.20.1+0x1ae5b0a) (BuildId: b856c61f98abf0989f157f153740fe0fadfbb760)
    #2 0x7ff5c59fec93 in llvm::LegacyLegalizerInfo::LegacyLegalizerInfo() (/usr/lib/llvm-20/lib/libLLVM.so.20.1+0x1ae2c93) (BuildId: b856c61f98abf0989f157f153740fe0fadfbb760)
    #3 0x7ff5c7b28493  (/usr/lib/llvm-20/lib/libLLVM.so.20.1+0x3c0c493) (BuildId: b856c61f98abf0989f157f153740fe0fadfbb760)
    #4 0x7ff5c7b6091a  (/usr/lib/llvm-20/lib/libLLVM.so.20.1+0x3c4491a) (BuildId: b856c61f98abf0989f157f153740fe0fadfbb760)
    #5 0x7ff5c7b6188a  (/usr/lib/llvm-20/lib/libLLVM.so.20.1+0x3c4588a) (BuildId: b856c61f98abf0989f157f153740fe0fadfbb760)
    #6 0x7ff5c7b62a6c  (/usr/lib/llvm-20/lib/libLLVM.so.20.1+0x3c46a6c) (BuildId: b856c61f98abf0989f157f153740fe0fadfbb760)
    #7 0x55ca91648523 in llvm::Target::createTargetMachine(llvm::StringRef, llvm::StringRef, llvm::StringRef, llvm::TargetOptions const&, std::optional<llvm::Reloc::Model>, std::optional<llvm::CodeModel::Model>, llvm::CodeGenOptLevel, bool) const /usr/lib/llvm-20/include/llvm/MC/TargetRegistry.h:462:12
    #8 0x55ca9163a09e in tsc::TargetRegistry::initializeAllTargets() /workspace/src/TargetRegistry.cpp:67:41
    #9 0x55ca9162bdcd in tsc::Compiler::initializeLLVM() /workspace/src/Compiler.cpp:349:14
    #10 0x55ca9162b8b7 in tsc::Compiler::Compiler(tsc::CompilerOptions const&) /workspace/src/Compiler.cpp:24:5
    #11 0x55ca915fd7b5 in main /workspace/src/main.cpp:191:18
    #12 0x7ff5c395a337  (/lib/x86_64-linux-gnu/libc.so.6+0x2a337) (BuildId: 467f544f15035abef911999cbc14489edd0555ab)
    #13 0x7ff5c395a3fa in __libc_start_main (/lib/x86_64-linux-gnu/libc.so.6+0x2a3fa) (BuildId: 467f544f15035abef911999cbc14489edd0555ab)
    #14 0x55ca91511b64 in _start (/workspace/build-asan/tsc+0x74b64) (BuildId: 73a10d7cc646a755f705b0ae57418e68578aec2f)

Indirect leak of 8 byte(s) in 2 object(s) allocated from:
    #0 0x55ca915fa191 in operator new(unsigned long) (/workspace/build-asan/tsc+0x15d191) (BuildId: 73a10d7cc646a755f705b0ae57418e68578aec2f)
    #1 0x7ff5c5a01b0a in std::vector<std::pair<unsigned short, llvm::LegacyLegalizeActions::LegacyLegalizeAction>, std::allocator<std::pair<unsigned short, llvm::LegacyLegalizeActions::LegacyLegalizeAction>>>::operator=(std::vector<std::pair<unsigned short, llvm::LegacyLegalizeActions::LegacyLegalizeAction>, std::allocator<std::pair<unsigned short, llvm::LegacyLegalizeActions::LegacyLegalizeAction>>> const&) (/usr/lib/llvm-20/lib/libLLVM.so.20.1+0x1ae5b0a) (BuildId: b856c61f98abf0989f157f153740fe0fadfbb760)
    #2 0x7ff5c59ff240 in llvm::LegacyLegalizerInfo::LegacyLegalizerInfo() (/usr/lib/llvm-20/lib/libLLVM.so.20.1+0x1ae3240) (BuildId: b856c61f98abf0989f157f153740fe0fadfbb760)
    #3 0x7ff5c7b28493  (/usr/lib/llvm-20/lib/libLLVM.so.20.1+0x3c0c493) (BuildId: b856c61f98abf0989f157f153740fe0fadfbb760)
    #4 0x7ff5c7b6091a  (/usr/lib/llvm-20/lib/libLLVM.so.20.1+0x3c4491a) (BuildId: b856c61f98abf0989f157f153740fe0fadfbb760)
    #5 0x7ff5c7b61710  (/usr/lib/llvm-20/lib/libLLVM.so.20.1+0x3c45710) (BuildId: b856c61f98abf0989f157f153740fe0fadfbb760)
    #6 0x7ff5c7b62a6c  (/usr/lib/llvm-20/lib/libLLVM.so.20.1+0x3c46a6c) (BuildId: b856c61f98abf0989f157f153740fe0fadfbb760)
    #7 0x55ca91648523 in llvm::Target::createTargetMachine(llvm::StringRef, llvm::StringRef, llvm::StringRef, llvm::TargetOptions const&, std::optional<llvm::Reloc::Model>, std::optional<llvm::CodeModel::Model>, llvm::CodeGenOptLevel, bool) const /usr/lib/llvm-20/include/llvm/MC/TargetRegistry.h:462:12
    #8 0x55ca9163a09e in tsc::TargetRegistry::initializeAllTargets() /workspace/src/TargetRegistry.cpp:67:41
    #9 0x55ca9162bdcd in tsc::Compiler::initializeLLVM() /workspace/src/Compiler.cpp:349:14
    #10 0x55ca9162b8b7 in tsc::Compiler::Compiler(tsc::CompilerOptions const&) /workspace/src/Compiler.cpp:24:5
    #11 0x55ca915fd7b5 in main /workspace/src/main.cpp:191:18
    #12 0x7ff5c395a337  (/lib/x86_64-linux-gnu/libc.so.6+0x2a337) (BuildId: 467f544f15035abef911999cbc14489edd0555ab)
    #13 0x7ff5c395a3fa in __libc_start_main (/lib/x86_64-linux-gnu/libc.so.6+0x2a3fa) (BuildId: 467f544f15035abef911999cbc14489edd0555ab)
    #14 0x55ca91511b64 in _start (/workspace/build-asan/tsc+0x74b64) (BuildId: 73a10d7cc646a755f705b0ae57418e68578aec2f)

Indirect leak of 8 byte(s) in 2 object(s) allocated from:
    #0 0x55ca915fa191 in operator new(unsigned long) (/workspace/build-asan/tsc+0x15d191) (BuildId: 73a10d7cc646a755f705b0ae57418e68578aec2f)
    #1 0x7ff5c5a01b0a in std::vector<std::pair<unsigned short, llvm::LegacyLegalizeActions::LegacyLegalizeAction>, std::allocator<std::pair<unsigned short, llvm::LegacyLegalizeActions::LegacyLegalizeAction>>>::operator=(std::vector<std::pair<unsigned short, llvm::LegacyLegalizeActions::LegacyLegalizeAction>, std::allocator<std::pair<unsigned short, llvm::LegacyLegalizeActions::LegacyLegalizeAction>>> const&) (/usr/lib/llvm-20/lib/libLLVM.so.20.1+0x1ae5b0a) (BuildId: b856c61f98abf0989f157f153740fe0fadfbb760)
    #2 0x7ff5c59ff240 in llvm::LegacyLegalizerInfo::LegacyLegalizerInfo() (/usr/lib/llvm-20/lib/libLLVM.so.20.1+0x1ae3240) (BuildId: b856c61f98abf0989f157f153740fe0fadfbb760)
    #3 0x7ff5c7b28493  (/usr/lib/llvm-20/lib/libLLVM.so.20.1+0x3c0c493) (BuildId: b856c61f98abf0989f157f153740fe0fadfbb760)
    #4 0x7ff5c7b6091a  (/usr/lib/llvm-20/lib/libLLVM.so.20.1+0x3c4491a) (BuildId: b856c61f98abf0989f157f153740fe0fadfbb760)
    #5 0x7ff5c7b61710  (/usr/lib/llvm-20/lib/libLLVM.so.20.1+0x3c45710) (BuildId: b856c61f98abf0989f157f153740fe0fadfbb760)
    #6 0x7ff5c7b62b2c  (/usr/lib/llvm-20/lib/libLLVM.so.20.1+0x3c46b2c) (BuildId: b856c61f98abf0989f157f153740fe0fadfbb760)
    #7 0x55ca91648523 in llvm::Target::createTargetMachine(llvm::StringRef, llvm::StringRef, llvm::StringRef, llvm::TargetOptions const&, std::optional<llvm::Reloc::Model>, std::optional<llvm::CodeModel::Model>, llvm::CodeGenOptLevel, bool) const /usr/lib/llvm-20/include/llvm/MC/TargetRegistry.h:462:12
    #8 0x55ca9163a09e in tsc::TargetRegistry::initializeAllTargets() /workspace/src/TargetRegistry.cpp:67:41
    #9 0x55ca9162bdcd in tsc::Compiler::initializeLLVM() /workspace/src/Compiler.cpp:349:14
    #10 0x55ca9162b8b7 in tsc::Compiler::Compiler(tsc::CompilerOptions const&) /workspace/src/Compiler.cpp:24:5
    #11 0x55ca915fd7b5 in main /workspace/src/main.cpp:191:18
    #12 0x7ff5c395a337  (/lib/x86_64-linux-gnu/libc.so.6+0x2a337) (BuildId: 467f544f15035abef911999cbc14489edd0555ab)
    #13 0x7ff5c395a3fa in __libc_start_main (/lib/x86_64-linux-gnu/libc.so.6+0x2a3fa) (BuildId: 467f544f15035abef911999cbc14489edd0555ab)
    #14 0x55ca91511b64 in _start (/workspace/build-asan/tsc+0x74b64) (BuildId: 73a10d7cc646a755f705b0ae57418e68578aec2f)

Indirect leak of 8 byte(s) in 2 object(s) allocated from:
    #0 0x55ca915fa191 in operator new(unsigned long) (/workspace/build-asan/tsc+0x15d191) (BuildId: 73a10d7cc646a755f705b0ae57418e68578aec2f)
    #1 0x7ff5c5a01b0a in std::vector<std::pair<unsigned short, llvm::LegacyLegalizeActions::LegacyLegalizeAction>, std::allocator<std::pair<unsigned short, llvm::LegacyLegalizeActions::LegacyLegalizeAction>>>::operator=(std::vector<std::pair<unsigned short, llvm::LegacyLegalizeActions::LegacyLegalizeAction>, std::allocator<std::pair<unsigned short, llvm::LegacyLegalizeActions::LegacyLegalizeAction>>> const&) (/usr/lib/llvm-20/lib/libLLVM.so.20.1+0x1ae5b0a) (BuildId: b856c61f98abf0989f157f153740fe0fadfbb760)
    #2 0x7ff5c59fef03 in llvm::LegacyLegalizerInfo::LegacyLegalizerInfo() (/usr/lib/llvm-20/lib/libLLVM.so.20.1+0x1ae2f03) (BuildId: b856c61f98abf0989f157f153740fe0fadfbb760)
    #3 0x7ff5c7b28493  (/usr/lib/llvm-20/lib/libLLVM.so.20.1+0x3c0c493) (BuildId: b856c61f98abf0989f157f153740fe0fadfbb760)
    #4 0x7ff5c7b6091a  (/usr/lib/llvm-20/lib/libLLVM.so.20.1+0x3c4491a) (BuildId: b856c61f98abf0989f157f153740fe0fadfbb760)
    #5 0x7ff5c7b61710  (/usr/lib/llvm-20/lib/libLLVM.so.20.1+0x3c45710) (BuildId: b856c61f98abf0989f157f153740fe0fadfbb760)
    #6 0x7ff5c7b62a6c  (/usr/lib/llvm-20/lib/libLLVM.so.20.1+0x3c46a6c) (BuildId: b856c61f98abf0989f157f153740fe0fadfbb760)
    #7 0x55ca91648523 in llvm::Target::createTargetMachine(llvm::StringRef, llvm::StringRef, llvm::StringRef, llvm::TargetOptions const&, std::optional<llvm::Reloc::Model>, std::optional<llvm::CodeModel::Model>, llvm::CodeGenOptLevel, bool) const /usr/lib/llvm-20/include/llvm/MC/TargetRegistry.h:462:12
    #8 0x55ca9163a09e in tsc::TargetRegistry::initializeAllTargets() /workspace/src/TargetRegistry.cpp:67:41
    #9 0x55ca9162bdcd in tsc::Compiler::initializeLLVM() /workspace/src/Compiler.cpp:349:14
    #10 0x55ca9162b8b7 in tsc::Compiler::Compiler(tsc::CompilerOptions const&) /workspace/src/Compiler.cpp:24:5
    #11 0x55ca915fd7b5 in main /workspace/src/main.cpp:191:18
    #12 0x7ff5c395a337  (/lib/x86_64-linux-gnu/libc.so.6+0x2a337) (BuildId: 467f544f15035abef911999cbc14489edd0555ab)
    #13 0x7ff5c395a3fa in __libc_start_main (/lib/x86_64-linux-gnu/libc.so.6+0x2a3fa) (BuildId: 467f544f15035abef911999cbc14489edd0555ab)
    #14 0x55ca91511b64 in _start (/workspace/build-asan/tsc+0x74b64) (BuildId: 73a10d7cc646a755f705b0ae57418e68578aec2f)

Indirect leak of 8 byte(s) in 2 object(s) allocated from:
    #0 0x55ca915fa191 in operator new(unsigned long) (/workspace/build-asan/tsc+0x15d191) (BuildId: 73a10d7cc646a755f705b0ae57418e68578aec2f)
    #1 0x7ff5c5a01b0a in std::vector<std::pair<unsigned short, llvm::LegacyLegalizeActions::LegacyLegalizeAction>, std::allocator<std::pair<unsigned short, llvm::LegacyLegalizeActions::LegacyLegalizeAction>>>::operator=(std::vector<std::pair<unsigned short, llvm::LegacyLegalizeActions::LegacyLegalizeAction>, std::allocator<std::pair<unsigned short, llvm::LegacyLegalizeActions::LegacyLegalizeAction>>> const&) (/usr/lib/llvm-20/lib/libLLVM.so.20.1+0x1ae5b0a) (BuildId: b856c61f98abf0989f157f153740fe0fadfbb760)
    #2 0x7ff5c59feeb6 in llvm::LegacyLegalizerInfo::LegacyLegalizerInfo() (/usr/lib/llvm-20/lib/libLLVM.so.20.1+0x1ae2eb6) (BuildId: b856c61f98abf0989f157f153740fe0fadfbb760)
    #3 0x7ff5c7b28493  (/usr/lib/llvm-20/lib/libLLVM.so.20.1+0x3c0c493) (BuildId: b856c61f98abf0989f157f153740fe0fadfbb760)
    #4 0x7ff5c7b6091a  (/usr/lib/llvm-20/lib/libLLVM.so.20.1+0x3c4491a) (BuildId: b856c61f98abf0989f157f153740fe0fadfbb760)
    #5 0x7ff5c7b61710  (/usr/lib/llvm-20/lib/libLLVM.so.20.1+0x3c45710) (BuildId: b856c61f98abf0989f157f153740fe0fadfbb760)
    #6 0x7ff5c7b62a6c  (/usr/lib/llvm-20/lib/libLLVM.so.20.1+0x3c46a6c) (BuildId: b856c61f98abf0989f157f153740fe0fadfbb760)
    #7 0x55ca91648523 in llvm::Target::createTargetMachine(llvm::StringRef, llvm::StringRef, llvm::StringRef, llvm::TargetOptions const&, std::optional<llvm::Reloc::Model>, std::optional<llvm::CodeModel::Model>, llvm::CodeGenOptLevel, bool) const /usr/lib/llvm-20/include/llvm/MC/TargetRegistry.h:462:12
    #8 0x55ca9163a09e in tsc::TargetRegistry::initializeAllTargets() /workspace/src/TargetRegistry.cpp:67:41
    #9 0x55ca9162bdcd in tsc::Compiler::initializeLLVM() /workspace/src/Compiler.cpp:349:14
    #10 0x55ca9162b8b7 in tsc::Compiler::Compiler(tsc::CompilerOptions const&) /workspace/src/Compiler.cpp:24:5
    #11 0x55ca915fd7b5 in main /workspace/src/main.cpp:191:18
    #12 0x7ff5c395a337  (/lib/x86_64-linux-gnu/libc.so.6+0x2a337) (BuildId: 467f544f15035abef911999cbc14489edd0555ab)
    #13 0x7ff5c395a3fa in __libc_start_main (/lib/x86_64-linux-gnu/libc.so.6+0x2a3fa) (BuildId: 467f544f15035abef911999cbc14489edd0555ab)
    #14 0x55ca91511b64 in _start (/workspace/build-asan/tsc+0x74b64) (BuildId: 73a10d7cc646a755f705b0ae57418e68578aec2f)

Indirect leak of 8 byte(s) in 2 object(s) allocated from:
    #0 0x55ca915fa191 in operator new(unsigned long) (/workspace/build-asan/tsc+0x15d191) (BuildId: 73a10d7cc646a755f705b0ae57418e68578aec2f)
    #1 0x7ff5c5a01b0a in std::vector<std::pair<unsigned short, llvm::LegacyLegalizeActions::LegacyLegalizeAction>, std::allocator<std::pair<unsigned short, llvm::LegacyLegalizeActions::LegacyLegalizeAction>>>::operator=(std::vector<std::pair<unsigned short, llvm::LegacyLegalizeActions::LegacyLegalizeAction>, std::allocator<std::pair<unsigned short, llvm::LegacyLegalizeActions::LegacyLegalizeAction>>> const&) (/usr/lib/llvm-20/lib/libLLVM.so.20.1+0x1ae5b0a) (BuildId: b856c61f98abf0989f157f153740fe0fadfbb760)
    #2 0x7ff5c59fef03 in llvm::LegacyLegalizerInfo::LegacyLegalizerInfo() (/usr/lib/llvm-20/lib/libLLVM.so.20.1+0x1ae2f03) (BuildId: b856c61f98abf0989f157f153740fe0fadfbb760)
    #3 0x7ff5c7b28493  (/usr/lib/llvm-20/lib/libLLVM.so.20.1+0x3c0c493) (BuildId: b856c61f98abf0989f157f153740fe0fadfbb760)
    #4 0x7ff5c7b6091a  (/usr/lib/llvm-20/lib/libLLVM.so.20.1+0x3c4491a) (BuildId: b856c61f98abf0989f157f153740fe0fadfbb760)
    #5 0x7ff5c7b61710  (/usr/lib/llvm-20/lib/libLLVM.so.20.1+0x3c45710) (BuildId: b856c61f98abf0989f157f153740fe0fadfbb760)
    #6 0x7ff5c7b62b2c  (/usr/lib/llvm-20/lib/libLLVM.so.20.1+0x3c46b2c) (BuildId: b856c61f98abf0989f157f153740fe0fadfbb760)
    #7 0x55ca91648523 in llvm::Target::createTargetMachine(llvm::StringRef, llvm::StringRef, llvm::StringRef, llvm::TargetOptions const&, std::optional<llvm::Reloc::Model>, std::optional<llvm::CodeModel::Model>, llvm::CodeGenOptLevel, bool) const /usr/lib/llvm-20/include/llvm/MC/TargetRegistry.h:462:12
    #8 0x55ca9163a09e in tsc::TargetRegistry::initializeAllTargets() /workspace/src/TargetRegistry.cpp:67:41
    #9 0x55ca9162bdcd in tsc::Compiler::initializeLLVM() /workspace/src/Compiler.cpp:349:14
    #10 0x55ca9162b8b7 in tsc::Compiler::Compiler(tsc::CompilerOptions const&) /workspace/src/Compiler.cpp:24:5
    #11 0x55ca915fd7b5 in main /workspace/src/main.cpp:191:18
    #12 0x7ff5c395a337  (/lib/x86_64-linux-gnu/libc.so.6+0x2a337) (BuildId: 467f544f15035abef911999cbc14489edd0555ab)
    #13 0x7ff5c395a3fa in __libc_start_main (/lib/x86_64-linux-gnu/libc.so.6+0x2a3fa) (BuildId: 467f544f15035abef911999cbc14489edd0555ab)
    #14 0x55ca91511b64 in _start (/workspace/build-asan/tsc+0x74b64) (BuildId: 73a10d7cc646a755f705b0ae57418e68578aec2f)

Indirect leak of 8 byte(s) in 2 object(s) allocated from:
    #0 0x55ca915fa191 in operator new(unsigned long) (/workspace/build-asan/tsc+0x15d191) (BuildId: 73a10d7cc646a755f705b0ae57418e68578aec2f)
    #1 0x7ff5c5a01b0a in std::vector<std::pair<unsigned short, llvm::LegacyLegalizeActions::LegacyLegalizeAction>, std::allocator<std::pair<unsigned short, llvm::LegacyLegalizeActions::LegacyLegalizeAction>>>::operator=(std::vector<std::pair<unsigned short, llvm::LegacyLegalizeActions::LegacyLegalizeAction>, std::allocator<std::pair<unsigned short, llvm::LegacyLegalizeActions::LegacyLegalizeAction>>> const&) (/usr/lib/llvm-20/lib/libLLVM.so.20.1+0x1ae5b0a) (BuildId: b856c61f98abf0989f157f153740fe0fadfbb760)
    #2 0x7ff5c59fee69 in llvm::LegacyLegalizerInfo::LegacyLegalizerInfo() (/usr/lib/llvm-20/lib/libLLVM.so.20.1+0x1ae2e69) (BuildId: b856c61f98abf0989f157f153740fe0fadfbb760)
    #3 0x7ff5c7b28493  (/usr/lib/llvm-20/lib/libLLVM.so.20.1+0x3c0c493) (BuildId: b856c61f98abf0989f157f153740fe0fadfbb760)
    #4 0x7ff5c7b6091a  (/usr/lib/llvm-20/lib/libLLVM.so.20.1+0x3c4491a) (BuildId: b856c61f98abf0989f157f153740fe0fadfbb760)
    #5 0x7ff5c7b61710  (/usr/lib/llvm-20/lib/libLLVM.so.20.1+0x3c45710) (BuildId: b856c61f98abf0989f157f153740fe0fadfbb760)
    #6 0x7ff5c7b62a6c  (/usr/lib/llvm-20/lib/libLLVM.so.20.1+0x3c46a6c) (BuildId: b856c61f98abf0989f157f153740fe0fadfbb760)
    #7 0x55ca91648523 in llvm::Target::createTargetMachine(llvm::StringRef, llvm::StringRef, llvm::StringRef, llvm::TargetOptions const&, std::optional<llvm::Reloc::Model>, std::optional<llvm::CodeModel::Model>, llvm::CodeGenOptLevel, bool) const /usr/lib/llvm-20/include/llvm/MC/TargetRegistry.h:462:12
    #8 0x55ca9163a09e in tsc::TargetRegistry::initializeAllTargets() /workspace/src/TargetRegistry.cpp:67:41
    #9 0x55ca9162bdcd in tsc::Compiler::initializeLLVM() /workspace/src/Compiler.cpp:349:14
    #10 0x55ca9162b8b7 in tsc::Compiler::Compiler(tsc::CompilerOptions const&) /workspace/src/Compiler.cpp:24:5
    #11 0x55ca915fd7b5 in main /workspace/src/main.cpp:191:18
    #12 0x7ff5c395a337  (/lib/x86_64-linux-gnu/libc.so.6+0x2a337) (BuildId: 467f544f15035abef911999cbc14489edd0555ab)
    #13 0x7ff5c395a3fa in __libc_start_main (/lib/x86_64-linux-gnu/libc.so.6+0x2a3fa) (BuildId: 467f544f15035abef911999cbc14489edd0555ab)
    #14 0x55ca91511b64 in _start (/workspace/build-asan/tsc+0x74b64) (BuildId: 73a10d7cc646a755f705b0ae57418e68578aec2f)

Indirect leak of 8 byte(s) in 2 object(s) allocated from:
    #0 0x55ca915fa191 in operator new(unsigned long) (/workspace/build-asan/tsc+0x15d191) (BuildId: 73a10d7cc646a755f705b0ae57418e68578aec2f)
    #1 0x7ff5c5a01b0a in std::vector<std::pair<unsigned short, llvm::LegacyLegalizeActions::LegacyLegalizeAction>, std::allocator<std::pair<unsigned short, llvm::LegacyLegalizeActions::LegacyLegalizeAction>>>::operator=(std::vector<std::pair<unsigned short, llvm::LegacyLegalizeActions::LegacyLegalizeAction>, std::allocator<std::pair<unsigned short, llvm::LegacyLegalizeActions::LegacyLegalizeAction>>> const&) (/usr/lib/llvm-20/lib/libLLVM.so.20.1+0x1ae5b0a) (BuildId: b856c61f98abf0989f157f153740fe0fadfbb760)
    #2 0x7ff5c59fee1c in llvm::LegacyLegalizerInfo::LegacyLegalizerInfo() (/usr/lib/llvm-20/lib/libLLVM.so.20.1+0x1ae2e1c) (BuildId: b856c61f98abf0989f157f153740fe0fadfbb760)
    #3 0x7ff5c7b28493  (/usr/lib/llvm-20/lib/libLLVM.so.20.1+0x3c0c493) (BuildId: b856c61f98abf0989f157f153740fe0fadfbb760)
    #4 0x7ff5c7b6091a  (/usr/lib/llvm-20/lib/libLLVM.so.20.1+0x3c4491a) (BuildId: b856c61f98abf0989f157f153740fe0fadfbb760)
    #5 0x7ff5c7b61710  (/usr/lib/llvm-20/lib/libLLVM.so.20.1+0x3c45710) (BuildId: b856c61f98abf0989f157f153740fe0fadfbb760)
    #6 0x7ff5c7b62a6c  (/usr/lib/llvm-20/lib/libLLVM.so.20.1+0x3c46a6c) (BuildId: b856c61f98abf0989f157f153740fe0fadfbb760)
    #7 0x55ca91648523 in llvm::Target::createTargetMachine(llvm::StringRef, llvm::StringRef, llvm::StringRef, llvm::TargetOptions const&, std::optional<llvm::Reloc::Model>, std::optional<llvm::CodeModel::Model>, llvm::CodeGenOptLevel, bool) const /usr/lib/llvm-20/include/llvm/MC/TargetRegistry.h:462:12
    #8 0x55ca9163a09e in tsc::TargetRegistry::initializeAllTargets() /workspace/src/TargetRegistry.cpp:67:41
    #9 0x55ca9162bdcd in tsc::Compiler::initializeLLVM() /workspace/src/Compiler.cpp:349:14
    #10 0x55ca9162b8b7 in tsc::Compiler::Compiler(tsc::CompilerOptions const&) /workspace/src/Compiler.cpp:24:5
    #11 0x55ca915fd7b5 in main /workspace/src/main.cpp:191:18
    #12 0x7ff5c395a337  (/lib/x86_64-linux-gnu/libc.so.6+0x2a337) (BuildId: 467f544f15035abef911999cbc14489edd0555ab)
    #13 0x7ff5c395a3fa in __libc_start_main (/lib/x86_64-linux-gnu/libc.so.6+0x2a3fa) (BuildId: 467f544f15035abef911999cbc14489edd0555ab)
    #14 0x55ca91511b64 in _start (/workspace/build-asan/tsc+0x74b64) (BuildId: 73a10d7cc646a755f705b0ae57418e68578aec2f)

Indirect leak of 8 byte(s) in 2 object(s) allocated from:
    #0 0x55ca915fa191 in operator new(unsigned long) (/workspace/build-asan/tsc+0x15d191) (BuildId: 73a10d7cc646a755f705b0ae57418e68578aec2f)
    #1 0x7ff5c5a01b0a in std::vector<std::pair<unsigned short, llvm::LegacyLegalizeActions::LegacyLegalizeAction>, std::allocator<std::pair<unsigned short, llvm::LegacyLegalizeActions::LegacyLegalizeAction>>>::operator=(std::vector<std::pair<unsigned short, llvm::LegacyLegalizeActions::LegacyLegalizeAction>, std::allocator<std::pair<unsigned short, llvm::LegacyLegalizeActions::LegacyLegalizeAction>>> const&) (/usr/lib/llvm-20/lib/libLLVM.so.20.1+0x1ae5b0a) (BuildId: b856c61f98abf0989f157f153740fe0fadfbb760)
    #2 0x7ff5c59feeb6 in llvm::LegacyLegalizerInfo::LegacyLegalizerInfo() (/usr/lib/llvm-20/lib/libLLVM.so.20.1+0x1ae2eb6) (BuildId: b856c61f98abf0989f157f153740fe0fadfbb760)
    #3 0x7ff5c7b28493  (/usr/lib/llvm-20/lib/libLLVM.so.20.1+0x3c0c493) (BuildId: b856c61f98abf0989f157f153740fe0fadfbb760)
    #4 0x7ff5c7b6091a  (/usr/lib/llvm-20/lib/libLLVM.so.20.1+0x3c4491a) (BuildId: b856c61f98abf0989f157f153740fe0fadfbb760)
    #5 0x7ff5c7b61710  (/usr/lib/llvm-20/lib/libLLVM.so.20.1+0x3c45710) (BuildId: b856c61f98abf0989f157f153740fe0fadfbb760)
    #6 0x7ff5c7b62b2c  (/usr/lib/llvm-20/lib/libLLVM.so.20.1+0x3c46b2c) (BuildId: b856c61f98abf0989f157f153740fe0fadfbb760)
    #7 0x55ca91648523 in llvm::Target::createTargetMachine(llvm::StringRef, llvm::StringRef, llvm::StringRef, llvm::TargetOptions const&, std::optional<llvm::Reloc::Model>, std::optional<llvm::CodeModel::Model>, llvm::CodeGenOptLevel, bool) const /usr/lib/llvm-20/include/llvm/MC/TargetRegistry.h:462:12
    #8 0x55ca9163a09e in tsc::TargetRegistry::initializeAllTargets() /workspace/src/TargetRegistry.cpp:67:41
    #9 0x55ca9162bdcd in tsc::Compiler::initializeLLVM() /workspace/src/Compiler.cpp:349:14
    #10 0x55ca9162b8b7 in tsc::Compiler::Compiler(tsc::CompilerOptions const&) /workspace/src/Compiler.cpp:24:5
    #11 0x55ca915fd7b5 in main /workspace/src/main.cpp:191:18
    #12 0x7ff5c395a337  (/lib/x86_64-linux-gnu/libc.so.6+0x2a337) (BuildId: 467f544f15035abef911999cbc14489edd0555ab)
    #13 0x7ff5c395a3fa in __libc_start_main (/lib/x86_64-linux-gnu/libc.so.6+0x2a3fa) (BuildId: 467f544f15035abef911999cbc14489edd0555ab)
    #14 0x55ca91511b64 in _start (/workspace/build-asan/tsc+0x74b64) (BuildId: 73a10d7cc646a755f705b0ae57418e68578aec2f)

Indirect leak of 8 byte(s) in 2 object(s) allocated from:
    #0 0x55ca915fa191 in operator new(unsigned long) (/workspace/build-asan/tsc+0x15d191) (BuildId: 73a10d7cc646a755f705b0ae57418e68578aec2f)
    #1 0x7ff5c5a01b0a in std::vector<std::pair<unsigned short, llvm::LegacyLegalizeActions::LegacyLegalizeAction>, std::allocator<std::pair<unsigned short, llvm::LegacyLegalizeActions::LegacyLegalizeAction>>>::operator=(std::vector<std::pair<unsigned short, llvm::LegacyLegalizeActions::LegacyLegalizeAction>, std::allocator<std::pair<unsigned short, llvm::LegacyLegalizeActions::LegacyLegalizeAction>>> const&) (/usr/lib/llvm-20/lib/libLLVM.so.20.1+0x1ae5b0a) (BuildId: b856c61f98abf0989f157f153740fe0fadfbb760)
    #2 0x7ff5c59fedcf in llvm::LegacyLegalizerInfo::LegacyLegalizerInfo() (/usr/lib/llvm-20/lib/libLLVM.so.20.1+0x1ae2dcf) (BuildId: b856c61f98abf0989f157f153740fe0fadfbb760)
    #3 0x7ff5c7b28493  (/usr/lib/llvm-20/lib/libLLVM.so.20.1+0x3c0c493) (BuildId: b856c61f98abf0989f157f153740fe0fadfbb760)
    #4 0x7ff5c7b6091a  (/usr/lib/llvm-20/lib/libLLVM.so.20.1+0x3c4491a) (BuildId: b856c61f98abf0989f157f153740fe0fadfbb760)
    #5 0x7ff5c7b61710  (/usr/lib/llvm-20/lib/libLLVM.so.20.1+0x3c45710) (BuildId: b856c61f98abf0989f157f153740fe0fadfbb760)
    #6 0x7ff5c7b62a6c  (/usr/lib/llvm-20/lib/libLLVM.so.20.1+0x3c46a6c) (BuildId: b856c61f98abf0989f157f153740fe0fadfbb760)
    #7 0x55ca91648523 in llvm::Target::createTargetMachine(llvm::StringRef, llvm::StringRef, llvm::StringRef, llvm::TargetOptions const&, std::optional<llvm::Reloc::Model>, std::optional<llvm::CodeModel::Model>, llvm::CodeGenOptLevel, bool) const /usr/lib/llvm-20/include/llvm/MC/TargetRegistry.h:462:12
    #8 0x55ca9163a09e in tsc::TargetRegistry::initializeAllTargets() /workspace/src/TargetRegistry.cpp:67:41
    #9 0x55ca9162bdcd in tsc::Compiler::initializeLLVM() /workspace/src/Compiler.cpp:349:14
    #10 0x55ca9162b8b7 in tsc::Compiler::Compiler(tsc::CompilerOptions const&) /workspace/src/Compiler.cpp:24:5
    #11 0x55ca915fd7b5 in main /workspace/src/main.cpp:191:18
    #12 0x7ff5c395a337  (/lib/x86_64-linux-gnu/libc.so.6+0x2a337) (BuildId: 467f544f15035abef911999cbc14489edd0555ab)
    #13 0x7ff5c395a3fa in __libc_start_main (/lib/x86_64-linux-gnu/libc.so.6+0x2a3fa) (BuildId: 467f544f15035abef911999cbc14489edd0555ab)
    #14 0x55ca91511b64 in _start (/workspace/build-asan/tsc+0x74b64) (BuildId: 73a10d7cc646a755f705b0ae57418e68578aec2f)

Indirect leak of 8 byte(s) in 2 object(s) allocated from:
    #0 0x55ca915fa191 in operator new(unsigned long) (/workspace/build-asan/tsc+0x15d191) (BuildId: 73a10d7cc646a755f705b0ae57418e68578aec2f)
    #1 0x7ff5c5a01b0a in std::vector<std::pair<unsigned short, llvm::LegacyLegalizeActions::LegacyLegalizeAction>, std::allocator<std::pair<unsigned short, llvm::LegacyLegalizeActions::LegacyLegalizeAction>>>::operator=(std::vector<std::pair<unsigned short, llvm::LegacyLegalizeActions::LegacyLegalizeAction>, std::allocator<std::pair<unsigned short, llvm::LegacyLegalizeActions::LegacyLegalizeAction>>> const&) (/usr/lib/llvm-20/lib/libLLVM.so.20.1+0x1ae5b0a) (BuildId: b856c61f98abf0989f157f153740fe0fadfbb760)
    #2 0x7ff5c59fed83 in llvm::LegacyLegalizerInfo::LegacyLegalizerInfo() (/usr/lib/llvm-20/lib/libLLVM.so.20.1+0x1ae2d83) (BuildId: b856c61f98abf0989f157f153740fe0fadfbb760)
    #3 0x7ff5c7b28493  (/usr/lib/llvm-20/lib/libLLVM.so.20.1+0x3c0c493) (BuildId: b856c61f98abf0989f157f153740fe0fadfbb760)
    #4 0x7ff5c7b6091a  (/usr/lib/llvm-20/lib/libLLVM.so.20.1+0x3c4491a) (BuildId: b856c61f98abf0989f157f153740fe0fadfbb760)
    #5 0x7ff5c7b61710  (/usr/lib/llvm-20/lib/libLLVM.so.20.1+0x3c45710) (BuildId: b856c61f98abf0989f157f153740fe0fadfbb760)
    #6 0x7ff5c7b62a6c  (/usr/lib/llvm-20/lib/libLLVM.so.20.1+0x3c46a6c) (BuildId: b856c61f98abf0989f157f153740fe0fadfbb760)
    #7 0x55ca91648523 in llvm::Target::createTargetMachine(llvm::StringRef, llvm::StringRef, llvm::StringRef, llvm::TargetOptions const&, std::optional<llvm::Reloc::Model>, std::optional<llvm::CodeModel::Model>, llvm::CodeGenOptLevel, bool) const /usr/lib/llvm-20/include/llvm/MC/TargetRegistry.h:462:12
    #8 0x55ca9163a09e in tsc::TargetRegistry::initializeAllTargets() /workspace/src/TargetRegistry.cpp:67:41
    #9 0x55ca9162bdcd in tsc::Compiler::initializeLLVM() /workspace/src/Compiler.cpp:349:14
    #10 0x55ca9162b8b7 in tsc::Compiler::Compiler(tsc::CompilerOptions const&) /workspace/src/Compiler.cpp:24:5
    #11 0x55ca915fd7b5 in main /workspace/src/main.cpp:191:18
    #12 0x7ff5c395a337  (/lib/x86_64-linux-gnu/libc.so.6+0x2a337) (BuildId: 467f544f15035abef911999cbc14489edd0555ab)
    #13 0x7ff5c395a3fa in __libc_start_main (/lib/x86_64-linux-gnu/libc.so.6+0x2a3fa) (BuildId: 467f544f15035abef911999cbc14489edd0555ab)
    #14 0x55ca91511b64 in _start (/workspace/build-asan/tsc+0x74b64) (BuildId: 73a10d7cc646a755f705b0ae57418e68578aec2f)

Indirect leak of 8 byte(s) in 2 object(s) allocated from:
    #0 0x55ca915fa191 in operator new(unsigned long) (/workspace/build-asan/tsc+0x15d191) (BuildId: 73a10d7cc646a755f705b0ae57418e68578aec2f)
    #1 0x7ff5c5a01b0a in std::vector<std::pair<unsigned short, llvm::LegacyLegalizeActions::LegacyLegalizeAction>, std::allocator<std::pair<unsigned short, llvm::LegacyLegalizeActions::LegacyLegalizeAction>>>::operator=(std::vector<std::pair<unsigned short, llvm::LegacyLegalizeActions::LegacyLegalizeAction>, std::allocator<std::pair<unsigned short, llvm::LegacyLegalizeActions::LegacyLegalizeAction>>> const&) (/usr/lib/llvm-20/lib/libLLVM.so.20.1+0x1ae5b0a) (BuildId: b856c61f98abf0989f157f153740fe0fadfbb760)
    #2 0x7ff5c59fed33 in llvm::LegacyLegalizerInfo::LegacyLegalizerInfo() (/usr/lib/llvm-20/lib/libLLVM.so.20.1+0x1ae2d33) (BuildId: b856c61f98abf0989f157f153740fe0fadfbb760)
    #3 0x7ff5c7b28493  (/usr/lib/llvm-20/lib/libLLVM.so.20.1+0x3c0c493) (BuildId: b856c61f98abf0989f157f153740fe0fadfbb760)
    #4 0x7ff5c7b6091a  (/usr/lib/llvm-20/lib/libLLVM.so.20.1+0x3c4491a) (BuildId: b856c61f98abf0989f157f153740fe0fadfbb760)
    #5 0x7ff5c7b61710  (/usr/lib/llvm-20/lib/libLLVM.so.20.1+0x3c45710) (BuildId: b856c61f98abf0989f157f153740fe0fadfbb760)
    #6 0x7ff5c7b62a6c  (/usr/lib/llvm-20/lib/libLLVM.so.20.1+0x3c46a6c) (BuildId: b856c61f98abf0989f157f153740fe0fadfbb760)
    #7 0x55ca91648523 in llvm::Target::createTargetMachine(llvm::StringRef, llvm::StringRef, llvm::StringRef, llvm::TargetOptions const&, std::optional<llvm::Reloc::Model>, std::optional<llvm::CodeModel::Model>, llvm::CodeGenOptLevel, bool) const /usr/lib/llvm-20/include/llvm/MC/TargetRegistry.h:462:12
    #8 0x55ca9163a09e in tsc::TargetRegistry::initializeAllTargets() /workspace/src/TargetRegistry.cpp:67:41
    #9 0x55ca9162bdcd in tsc::Compiler::initializeLLVM() /workspace/src/Compiler.cpp:349:14
    #10 0x55ca9162b8b7 in tsc::Compiler::Compiler(tsc::CompilerOptions const&) /workspace/src/Compiler.cpp:24:5
    #11 0x55ca915fd7b5 in main /workspace/src/main.cpp:191:18
    #12 0x7ff5c395a337  (/lib/x86_64-linux-gnu/libc.so.6+0x2a337) (BuildId: 467f544f15035abef911999cbc14489edd0555ab)
    #13 0x7ff5c395a3fa in __libc_start_main (/lib/x86_64-linux-gnu/libc.so.6+0x2a3fa) (BuildId: 467f544f15035abef911999cbc14489edd0555ab)
    #14 0x55ca91511b64 in _start (/workspace/build-asan/tsc+0x74b64) (BuildId: 73a10d7cc646a755f705b0ae57418e68578aec2f)

Indirect leak of 8 byte(s) in 2 object(s) allocated from:
    #0 0x55ca915fa191 in operator new(unsigned long) (/workspace/build-asan/tsc+0x15d191) (BuildId: 73a10d7cc646a755f705b0ae57418e68578aec2f)
    #1 0x7ff5c5a01b0a in std::vector<std::pair<unsigned short, llvm::LegacyLegalizeActions::LegacyLegalizeAction>, std::allocator<std::pair<unsigned short, llvm::LegacyLegalizeActions::LegacyLegalizeAction>>>::operator=(std::vector<std::pair<unsigned short, llvm::LegacyLegalizeActions::LegacyLegalizeAction>, std::allocator<std::pair<unsigned short, llvm::LegacyLegalizeActions::LegacyLegalizeAction>>> const&) (/usr/lib/llvm-20/lib/libLLVM.so.20.1+0x1ae5b0a) (BuildId: b856c61f98abf0989f157f153740fe0fadfbb760)
    #2 0x7ff5c59fece3 in llvm::LegacyLegalizerInfo::LegacyLegalizerInfo() (/usr/lib/llvm-20/lib/libLLVM.so.20.1+0x1ae2ce3) (BuildId: b856c61f98abf0989f157f153740fe0fadfbb760)
    #3 0x7ff5c7b28493  (/usr/lib/llvm-20/lib/libLLVM.so.20.1+0x3c0c493) (BuildId: b856c61f98abf0989f157f153740fe0fadfbb760)
    #4 0x7ff5c7b6091a  (/usr/lib/llvm-20/lib/libLLVM.so.20.1+0x3c4491a) (BuildId: b856c61f98abf0989f157f153740fe0fadfbb760)
    #5 0x7ff5c7b61710  (/usr/lib/llvm-20/lib/libLLVM.so.20.1+0x3c45710) (BuildId: b856c61f98abf0989f157f153740fe0fadfbb760)
    #6 0x7ff5c7b62a6c  (/usr/lib/llvm-20/lib/libLLVM.so.20.1+0x3c46a6c) (BuildId: b856c61f98abf0989f157f153740fe0fadfbb760)
    #7 0x55ca91648523 in llvm::Target::createTargetMachine(llvm::StringRef, llvm::StringRef, llvm::StringRef, llvm::TargetOptions const&, std::optional<llvm::Reloc::Model>, std::optional<llvm::CodeModel::Model>, llvm::CodeGenOptLevel, bool) const /usr/lib/llvm-20/include/llvm/MC/TargetRegistry.h:462:12
    #8 0x55ca9163a09e in tsc::TargetRegistry::initializeAllTargets() /workspace/src/TargetRegistry.cpp:67:41
    #9 0x55ca9162bdcd in tsc::Compiler::initializeLLVM() /workspace/src/Compiler.cpp:349:14
    #10 0x55ca9162b8b7 in tsc::Compiler::Compiler(tsc::CompilerOptions const&) /workspace/src/Compiler.cpp:24:5
    #11 0x55ca915fd7b5 in main /workspace/src/main.cpp:191:18
    #12 0x7ff5c395a337  (/lib/x86_64-linux-gnu/libc.so.6+0x2a337) (BuildId: 467f544f15035abef911999cbc14489edd0555ab)
    #13 0x7ff5c395a3fa in __libc_start_main (/lib/x86_64-linux-gnu/libc.so.6+0x2a3fa) (BuildId: 467f544f15035abef911999cbc14489edd0555ab)
    #14 0x55ca91511b64 in _start (/workspace/build-asan/tsc+0x74b64) (BuildId: 73a10d7cc646a755f705b0ae57418e68578aec2f)

Indirect leak of 8 byte(s) in 2 object(s) allocated from:
    #0 0x55ca915fa191 in operator new(unsigned long) (/workspace/build-asan/tsc+0x15d191) (BuildId: 73a10d7cc646a755f705b0ae57418e68578aec2f)
    #1 0x7ff5c5a01b0a in std::vector<std::pair<unsigned short, llvm::LegacyLegalizeActions::LegacyLegalizeAction>, std::allocator<std::pair<unsigned short, llvm::LegacyLegalizeActions::LegacyLegalizeAction>>>::operator=(std::vector<std::pair<unsigned short, llvm::LegacyLegalizeActions::LegacyLegalizeAction>, std::allocator<std::pair<unsigned short, llvm::LegacyLegalizeActions::LegacyLegalizeAction>>> const&) (/usr/lib/llvm-20/lib/libLLVM.so.20.1+0x1ae5b0a) (BuildId: b856c61f98abf0989f157f153740fe0fadfbb760)
    #2 0x7ff5c59fee69 in llvm::LegacyLegalizerInfo::LegacyLegalizerInfo() (/usr/lib/llvm-20/lib/libLLVM.so.20.1+0x1ae2e69) (BuildId: b856c61f98abf0989f157f153740fe0fadfbb760)
    #3 0x7ff5c7b28493  (/usr/lib/llvm-20/lib/libLLVM.so.20.1+0x3c0c493) (BuildId: b856c61f98abf0989f157f153740fe0fadfbb760)
    #4 0x7ff5c7b6091a  (/usr/lib/llvm-20/lib/libLLVM.so.20.1+0x3c4491a) (BuildId: b856c61f98abf0989f157f153740fe0fadfbb760)
    #5 0x7ff5c7b61710  (/usr/lib/llvm-20/lib/libLLVM.so.20.1+0x3c45710) (BuildId: b856c61f98abf0989f157f153740fe0fadfbb760)
    #6 0x7ff5c7b62b2c  (/usr/lib/llvm-20/lib/libLLVM.so.20.1+0x3c46b2c) (BuildId: b856c61f98abf0989f157f153740fe0fadfbb760)
    #7 0x55ca91648523 in llvm::Target::createTargetMachine(llvm::StringRef, llvm::StringRef, llvm::StringRef, llvm::TargetOptions const&, std::optional<llvm::Reloc::Model>, std::optional<llvm::CodeModel::Model>, llvm::CodeGenOptLevel, bool) const /usr/lib/llvm-20/include/llvm/MC/TargetRegistry.h:462:12
    #8 0x55ca9163a09e in tsc::TargetRegistry::initializeAllTargets() /workspace/src/TargetRegistry.cpp:67:41
    #9 0x55ca9162bdcd in tsc::Compiler::initializeLLVM() /workspace/src/Compiler.cpp:349:14
    #10 0x55ca9162b8b7 in tsc::Compiler::Compiler(tsc::CompilerOptions const&) /workspace/src/Compiler.cpp:24:5
    #11 0x55ca915fd7b5 in main /workspace/src/main.cpp:191:18
    #12 0x7ff5c395a337  (/lib/x86_64-linux-gnu/libc.so.6+0x2a337) (BuildId: 467f544f15035abef911999cbc14489edd0555ab)
    #13 0x7ff5c395a3fa in __libc_start_main (/lib/x86_64-linux-gnu/libc.so.6+0x2a3fa) (BuildId: 467f544f15035abef911999cbc14489edd0555ab)
    #14 0x55ca91511b64 in _start (/workspace/build-asan/tsc+0x74b64) (BuildId: 73a10d7cc646a755f705b0ae57418e68578aec2f)

Indirect leak of 8 byte(s) in 2 object(s) allocated from:
    #0 0x55ca915fa191 in operator new(unsigned long) (/workspace/build-asan/tsc+0x15d191) (BuildId: 73a10d7cc646a755f705b0ae57418e68578aec2f)
    #1 0x7ff5c5a01b0a in std::vector<std::pair<unsigned short, llvm::LegacyLegalizeActions::LegacyLegalizeAction>, std::allocator<std::pair<unsigned short, llvm::LegacyLegalizeActions::LegacyLegalizeAction>>>::operator=(std::vector<std::pair<unsigned short, llvm::LegacyLegalizeActions::LegacyLegalizeAction>, std::allocator<std::pair<unsigned short, llvm::LegacyLegalizeActions::LegacyLegalizeAction>>> const&) (/usr/lib/llvm-20/lib/libLLVM.so.20.1+0x1ae5b0a) (BuildId: b856c61f98abf0989f157f153740fe0fadfbb760)
    #2 0x7ff5c59fee1c in llvm::LegacyLegalizerInfo::LegacyLegalizerInfo() (/usr/lib/llvm-20/lib/libLLVM.so.20.1+0x1ae2e1c) (BuildId: b856c61f98abf0989f157f153740fe0fadfbb760)
    #3 0x7ff5c7b28493  (/usr/lib/llvm-20/lib/libLLVM.so.20.1+0x3c0c493) (BuildId: b856c61f98abf0989f157f153740fe0fadfbb760)
    #4 0x7ff5c7b6091a  (/usr/lib/llvm-20/lib/libLLVM.so.20.1+0x3c4491a) (BuildId: b856c61f98abf0989f157f153740fe0fadfbb760)
    #5 0x7ff5c7b61710  (/usr/lib/llvm-20/lib/libLLVM.so.20.1+0x3c45710) (BuildId: b856c61f98abf0989f157f153740fe0fadfbb760)
    #6 0x7ff5c7b62b2c  (/usr/lib/llvm-20/lib/libLLVM.so.20.1+0x3c46b2c) (BuildId: b856c61f98abf0989f157f153740fe0fadfbb760)
    #7 0x55ca91648523 in llvm::Target::createTargetMachine(llvm::StringRef, llvm::StringRef, llvm::StringRef, llvm::TargetOptions const&, std::optional<llvm::Reloc::Model>, std::optional<llvm::CodeModel::Model>, llvm::CodeGenOptLevel, bool) const /usr/lib/llvm-20/include/llvm/MC/TargetRegistry.h:462:12
    #8 0x55ca9163a09e in tsc::TargetRegistry::initializeAllTargets() /workspace/src/TargetRegistry.cpp:67:41
    #9 0x55ca9162bdcd in tsc::Compiler::initializeLLVM() /workspace/src/Compiler.cpp:349:14
    #10 0x55ca9162b8b7 in tsc::Compiler::Compiler(tsc::CompilerOptions const&) /workspace/src/Compiler.cpp:24:5
    #11 0x55ca915fd7b5 in main /workspace/src/main.cpp:191:18
    #12 0x7ff5c395a337  (/lib/x86_64-linux-gnu/libc.so.6+0x2a337) (BuildId: 467f544f15035abef911999cbc14489edd0555ab)
    #13 0x7ff5c395a3fa in __libc_start_main (/lib/x86_64-linux-gnu/libc.so.6+0x2a3fa) (BuildId: 467f544f15035abef911999cbc14489edd0555ab)
    #14 0x55ca91511b64 in _start (/workspace/build-asan/tsc+0x74b64) (BuildId: 73a10d7cc646a755f705b0ae57418e68578aec2f)

Indirect leak of 4 byte(s) in 1 object(s) allocated from:
    #0 0x55ca915fa191 in operator new(unsigned long) (/workspace/build-asan/tsc+0x15d191) (BuildId: 73a10d7cc646a755f705b0ae57418e68578aec2f)
    #1 0x7ff5c5a01b0a in std::vector<std::pair<unsigned short, llvm::LegacyLegalizeActions::LegacyLegalizeAction>, std::allocator<std::pair<unsigned short, llvm::LegacyLegalizeActions::LegacyLegalizeAction>>>::operator=(std::vector<std::pair<unsigned short, llvm::LegacyLegalizeActions::LegacyLegalizeAction>, std::allocator<std::pair<unsigned short, llvm::LegacyLegalizeActions::LegacyLegalizeAction>>> const&) (/usr/lib/llvm-20/lib/libLLVM.so.20.1+0x1ae5b0a) (BuildId: b856c61f98abf0989f157f153740fe0fadfbb760)
    #2 0x7ff5c59fee1c in llvm::LegacyLegalizerInfo::LegacyLegalizerInfo() (/usr/lib/llvm-20/lib/libLLVM.so.20.1+0x1ae2e1c) (BuildId: b856c61f98abf0989f157f153740fe0fadfbb760)
    #3 0x7ff5c843916f  (/usr/lib/llvm-20/lib/libLLVM.so.20.1+0x451d16f) (BuildId: b856c61f98abf0989f157f153740fe0fadfbb760)
    #4 0x7ff5c84564e6  (/usr/lib/llvm-20/lib/libLLVM.so.20.1+0x453a4e6) (BuildId: b856c61f98abf0989f157f153740fe0fadfbb760)
    #5 0x7ff5c8457105  (/usr/lib/llvm-20/lib/libLLVM.so.20.1+0x453b105) (BuildId: b856c61f98abf0989f157f153740fe0fadfbb760)
    #6 0x7ff5c8457a7a  (/usr/lib/llvm-20/lib/libLLVM.so.20.1+0x453ba7a) (BuildId: b856c61f98abf0989f157f153740fe0fadfbb760)
    #7 0x55ca91648523 in llvm::Target::createTargetMachine(llvm::StringRef, llvm::StringRef, llvm::StringRef, llvm::TargetOptions const&, std::optional<llvm::Reloc::Model>, std::optional<llvm::CodeModel::Model>, llvm::CodeGenOptLevel, bool) const /usr/lib/llvm-20/include/llvm/MC/TargetRegistry.h:462:12
    #8 0x55ca9163a09e in tsc::TargetRegistry::initializeAllTargets() /workspace/src/TargetRegistry.cpp:67:41
    #9 0x55ca9162bdcd in tsc::Compiler::initializeLLVM() /workspace/src/Compiler.cpp:349:14
    #10 0x55ca9162b8b7 in tsc::Compiler::Compiler(tsc::CompilerOptions const&) /workspace/src/Compiler.cpp:24:5
    #11 0x55ca915fd7b5 in main /workspace/src/main.cpp:191:18
    #12 0x7ff5c395a337  (/lib/x86_64-linux-gnu/libc.so.6+0x2a337) (BuildId: 467f544f15035abef911999cbc14489edd0555ab)
    #13 0x7ff5c395a3fa in __libc_start_main (/lib/x86_64-linux-gnu/libc.so.6+0x2a3fa) (BuildId: 467f544f15035abef911999cbc14489edd0555ab)
    #14 0x55ca91511b64 in _start (/workspace/build-asan/tsc+0x74b64) (BuildId: 73a10d7cc646a755f705b0ae57418e68578aec2f)

Indirect leak of 4 byte(s) in 1 object(s) allocated from:
    #0 0x55ca915fa191 in operator new(unsigned long) (/workspace/build-asan/tsc+0x15d191) (BuildId: 73a10d7cc646a755f705b0ae57418e68578aec2f)
    #1 0x7ff5c5a01b0a in std::vector<std::pair<unsigned short, llvm::LegacyLegalizeActions::LegacyLegalizeAction>, std::allocator<std::pair<unsigned short, llvm::LegacyLegalizeActions::LegacyLegalizeAction>>>::operator=(std::vector<std::pair<unsigned short, llvm::LegacyLegalizeActions::LegacyLegalizeAction>, std::allocator<std::pair<unsigned short, llvm::LegacyLegalizeActions::LegacyLegalizeAction>>> const&) (/usr/lib/llvm-20/lib/libLLVM.so.20.1+0x1ae5b0a) (BuildId: b856c61f98abf0989f157f153740fe0fadfbb760)
    #2 0x7ff5c59fedcf in llvm::LegacyLegalizerInfo::LegacyLegalizerInfo() (/usr/lib/llvm-20/lib/libLLVM.so.20.1+0x1ae2dcf) (BuildId: b856c61f98abf0989f157f153740fe0fadfbb760)
    #3 0x7ff5c843916f  (/usr/lib/llvm-20/lib/libLLVM.so.20.1+0x451d16f) (BuildId: b856c61f98abf0989f157f153740fe0fadfbb760)
    #4 0x7ff5c84564e6  (/usr/lib/llvm-20/lib/libLLVM.so.20.1+0x453a4e6) (BuildId: b856c61f98abf0989f157f153740fe0fadfbb760)
    #5 0x7ff5c8457105  (/usr/lib/llvm-20/lib/libLLVM.so.20.1+0x453b105) (BuildId: b856c61f98abf0989f157f153740fe0fadfbb760)
    #6 0x7ff5c8457a7a  (/usr/lib/llvm-20/lib/libLLVM.so.20.1+0x453ba7a) (BuildId: b856c61f98abf0989f157f153740fe0fadfbb760)
    #7 0x55ca91648523 in llvm::Target::createTargetMachine(llvm::StringRef, llvm::StringRef, llvm::StringRef, llvm::TargetOptions const&, std::optional<llvm::Reloc::Model>, std::optional<llvm::CodeModel::Model>, llvm::CodeGenOptLevel, bool) const /usr/lib/llvm-20/include/llvm/MC/TargetRegistry.h:462:12
    #8 0x55ca9163a09e in tsc::TargetRegistry::initializeAllTargets() /workspace/src/TargetRegistry.cpp:67:41
    #9 0x55ca9162bdcd in tsc::Compiler::initializeLLVM() /workspace/src/Compiler.cpp:349:14
    #10 0x55ca9162b8b7 in tsc::Compiler::Compiler(tsc::CompilerOptions const&) /workspace/src/Compiler.cpp:24:5
    #11 0x55ca915fd7b5 in main /workspace/src/main.cpp:191:18
    #12 0x7ff5c395a337  (/lib/x86_64-linux-gnu/libc.so.6+0x2a337) (BuildId: 467f544f15035abef911999cbc14489edd0555ab)
    #13 0x7ff5c395a3fa in __libc_start_main (/lib/x86_64-linux-gnu/libc.so.6+0x2a3fa) (BuildId: 467f544f15035abef911999cbc14489edd0555ab)
    #14 0x55ca91511b64 in _start (/workspace/build-asan/tsc+0x74b64) (BuildId: 73a10d7cc646a755f705b0ae57418e68578aec2f)

Indirect leak of 4 byte(s) in 1 object(s) allocated from:
    #0 0x55ca915fa191 in operator new(unsigned long) (/workspace/build-asan/tsc+0x15d191) (BuildId: 73a10d7cc646a755f705b0ae57418e68578aec2f)
    #1 0x7ff5c5a01b0a in std::vector<std::pair<unsigned short, llvm::LegacyLegalizeActions::LegacyLegalizeAction>, std::allocator<std::pair<unsigned short, llvm::LegacyLegalizeActions::LegacyLegalizeAction>>>::operator=(std::vector<std::pair<unsigned short, llvm::LegacyLegalizeActions::LegacyLegalizeAction>, std::allocator<std::pair<unsigned short, llvm::LegacyLegalizeActions::LegacyLegalizeAction>>> const&) (/usr/lib/llvm-20/lib/libLLVM.so.20.1+0x1ae5b0a) (BuildId: b856c61f98abf0989f157f153740fe0fadfbb760)
    #2 0x7ff5c59fece3 in llvm::LegacyLegalizerInfo::LegacyLegalizerInfo() (/usr/lib/llvm-20/lib/libLLVM.so.20.1+0x1ae2ce3) (BuildId: b856c61f98abf0989f157f153740fe0fadfbb760)
    #3 0x7ff5c843916f  (/usr/lib/llvm-20/lib/libLLVM.so.20.1+0x451d16f) (BuildId: b856c61f98abf0989f157f153740fe0fadfbb760)
    #4 0x7ff5c84564e6  (/usr/lib/llvm-20/lib/libLLVM.so.20.1+0x453a4e6) (BuildId: b856c61f98abf0989f157f153740fe0fadfbb760)
    #5 0x7ff5c8457105  (/usr/lib/llvm-20/lib/libLLVM.so.20.1+0x453b105) (BuildId: b856c61f98abf0989f157f153740fe0fadfbb760)
    #6 0x7ff5c8457a7a  (/usr/lib/llvm-20/lib/libLLVM.so.20.1+0x453ba7a) (BuildId: b856c61f98abf0989f157f153740fe0fadfbb760)
    #7 0x55ca91648523 in llvm::Target::createTargetMachine(llvm::StringRef, llvm::StringRef, llvm::StringRef, llvm::TargetOptions const&, std::optional<llvm::Reloc::Model>, std::optional<llvm::CodeModel::Model>, llvm::CodeGenOptLevel, bool) const /usr/lib/llvm-20/include/llvm/MC/TargetRegistry.h:462:12
    #8 0x55ca9163a09e in tsc::TargetRegistry::initializeAllTargets() /workspace/src/TargetRegistry.cpp:67:41
    #9 0x55ca9162bdcd in tsc::Compiler::initializeLLVM() /workspace/src/Compiler.cpp:349:14
    #10 0x55ca9162b8b7 in tsc::Compiler::Compiler(tsc::CompilerOptions const&) /workspace/src/Compiler.cpp:24:5
    #11 0x55ca915fd7b5 in main /workspace/src/main.cpp:191:18
    #12 0x7ff5c395a337  (/lib/x86_64-linux-gnu/libc.so.6+0x2a337) (BuildId: 467f544f15035abef911999cbc14489edd0555ab)
    #13 0x7ff5c395a3fa in __libc_start_main (/lib/x86_64-linux-gnu/libc.so.6+0x2a3fa) (BuildId: 467f544f15035abef911999cbc14489edd0555ab)
    #14 0x55ca91511b64 in _start (/workspace/build-asan/tsc+0x74b64) (BuildId: 73a10d7cc646a755f705b0ae57418e68578aec2f)

Indirect leak of 4 byte(s) in 1 object(s) allocated from:
    #0 0x55ca915fa191 in operator new(unsigned long) (/workspace/build-asan/tsc+0x15d191) (BuildId: 73a10d7cc646a755f705b0ae57418e68578aec2f)
    #1 0x7ff5c5a01b0a in std::vector<std::pair<unsigned short, llvm::LegacyLegalizeActions::LegacyLegalizeAction>, std::allocator<std::pair<unsigned short, llvm::LegacyLegalizeActions::LegacyLegalizeAction>>>::operator=(std::vector<std::pair<unsigned short, llvm::LegacyLegalizeActions::LegacyLegalizeAction>, std::allocator<std::pair<unsigned short, llvm::LegacyLegalizeActions::LegacyLegalizeAction>>> const&) (/usr/lib/llvm-20/lib/libLLVM.so.20.1+0x1ae5b0a) (BuildId: b856c61f98abf0989f157f153740fe0fadfbb760)
    #2 0x7ff5c59ff240 in llvm::LegacyLegalizerInfo::LegacyLegalizerInfo() (/usr/lib/llvm-20/lib/libLLVM.so.20.1+0x1ae3240) (BuildId: b856c61f98abf0989f157f153740fe0fadfbb760)
    #3 0x7ff5c843916f  (/usr/lib/llvm-20/lib/libLLVM.so.20.1+0x451d16f) (BuildId: b856c61f98abf0989f157f153740fe0fadfbb760)
    #4 0x7ff5c84564e6  (/usr/lib/llvm-20/lib/libLLVM.so.20.1+0x453a4e6) (BuildId: b856c61f98abf0989f157f153740fe0fadfbb760)
    #5 0x7ff5c8457105  (/usr/lib/llvm-20/lib/libLLVM.so.20.1+0x453b105) (BuildId: b856c61f98abf0989f157f153740fe0fadfbb760)
    #6 0x7ff5c8457a7a  (/usr/lib/llvm-20/lib/libLLVM.so.20.1+0x453ba7a) (BuildId: b856c61f98abf0989f157f153740fe0fadfbb760)
    #7 0x55ca91648523 in llvm::Target::createTargetMachine(llvm::StringRef, llvm::StringRef, llvm::StringRef, llvm::TargetOptions const&, std::optional<llvm::Reloc::Model>, std::optional<llvm::CodeModel::Model>, llvm::CodeGenOptLevel, bool) const /usr/lib/llvm-20/include/llvm/MC/TargetRegistry.h:462:12
    #8 0x55ca9163a09e in tsc::TargetRegistry::initializeAllTargets() /workspace/src/TargetRegistry.cpp:67:41
    #9 0x55ca9162bdcd in tsc::Compiler::initializeLLVM() /workspace/src/Compiler.cpp:349:14
    #10 0x55ca9162b8b7 in tsc::Compiler::Compiler(tsc::CompilerOptions const&) /workspace/src/Compiler.cpp:24:5
    #11 0x55ca915fd7b5 in main /workspace/src/main.cpp:191:18
    #12 0x7ff5c395a337  (/lib/x86_64-linux-gnu/libc.so.6+0x2a337) (BuildId: 467f544f15035abef911999cbc14489edd0555ab)
    #13 0x7ff5c395a3fa in __libc_start_main (/lib/x86_64-linux-gnu/libc.so.6+0x2a3fa) (BuildId: 467f544f15035abef911999cbc14489edd0555ab)
    #14 0x55ca91511b64 in _start (/workspace/build-asan/tsc+0x74b64) (BuildId: 73a10d7cc646a755f705b0ae57418e68578aec2f)

Indirect leak of 4 byte(s) in 1 object(s) allocated from:
    #0 0x55ca915fa191 in operator new(unsigned long) (/workspace/build-asan/tsc+0x15d191) (BuildId: 73a10d7cc646a755f705b0ae57418e68578aec2f)
    #1 0x7ff5c5a01b0a in std::vector<std::pair<unsigned short, llvm::LegacyLegalizeActions::LegacyLegalizeAction>, std::allocator<std::pair<unsigned short, llvm::LegacyLegalizeActions::LegacyLegalizeAction>>>::operator=(std::vector<std::pair<unsigned short, llvm::LegacyLegalizeActions::LegacyLegalizeAction>, std::allocator<std::pair<unsigned short, llvm::LegacyLegalizeActions::LegacyLegalizeAction>>> const&) (/usr/lib/llvm-20/lib/libLLVM.so.20.1+0x1ae5b0a) (BuildId: b856c61f98abf0989f157f153740fe0fadfbb760)
    #2 0x7ff5c59fef03 in llvm::LegacyLegalizerInfo::LegacyLegalizerInfo() (/usr/lib/llvm-20/lib/libLLVM.so.20.1+0x1ae2f03) (BuildId: b856c61f98abf0989f157f153740fe0fadfbb760)
    #3 0x7ff5c843916f  (/usr/lib/llvm-20/lib/libLLVM.so.20.1+0x451d16f) (BuildId: b856c61f98abf0989f157f153740fe0fadfbb760)
    #4 0x7ff5c84564e6  (/usr/lib/llvm-20/lib/libLLVM.so.20.1+0x453a4e6) (BuildId: b856c61f98abf0989f157f153740fe0fadfbb760)
    #5 0x7ff5c8457105  (/usr/lib/llvm-20/lib/libLLVM.so.20.1+0x453b105) (BuildId: b856c61f98abf0989f157f153740fe0fadfbb760)
    #6 0x7ff5c8457a7a  (/usr/lib/llvm-20/lib/libLLVM.so.20.1+0x453ba7a) (BuildId: b856c61f98abf0989f157f153740fe0fadfbb760)
    #7 0x55ca91648523 in llvm::Target::createTargetMachine(llvm::StringRef, llvm::StringRef, llvm::StringRef, llvm::TargetOptions const&, std::optional<llvm::Reloc::Model>, std::optional<llvm::CodeModel::Model>, llvm::CodeGenOptLevel, bool) const /usr/lib/llvm-20/include/llvm/MC/TargetRegistry.h:462:12
    #8 0x55ca9163a09e in tsc::TargetRegistry::initializeAllTargets() /workspace/src/TargetRegistry.cpp:67:41
    #9 0x55ca9162bdcd in tsc::Compiler::initializeLLVM() /workspace/src/Compiler.cpp:349:14
    #10 0x55ca9162b8b7 in tsc::Compiler::Compiler(tsc::CompilerOptions const&) /workspace/src/Compiler.cpp:24:5
    #11 0x55ca915fd7b5 in main /workspace/src/main.cpp:191:18
    #12 0x7ff5c395a337  (/lib/x86_64-linux-gnu/libc.so.6+0x2a337) (BuildId: 467f544f15035abef911999cbc14489edd0555ab)
    #13 0x7ff5c395a3fa in __libc_start_main (/lib/x86_64-linux-gnu/libc.so.6+0x2a3fa) (BuildId: 467f544f15035abef911999cbc14489edd0555ab)
    #14 0x55ca91511b64 in _start (/workspace/build-asan/tsc+0x74b64) (BuildId: 73a10d7cc646a755f705b0ae57418e68578aec2f)

Indirect leak of 4 byte(s) in 1 object(s) allocated from:
    #0 0x55ca915fa191 in operator new(unsigned long) (/workspace/build-asan/tsc+0x15d191) (BuildId: 73a10d7cc646a755f705b0ae57418e68578aec2f)
    #1 0x7ff5c5a01b0a in std::vector<std::pair<unsigned short, llvm::LegacyLegalizeActions::LegacyLegalizeAction>, std::allocator<std::pair<unsigned short, llvm::LegacyLegalizeActions::LegacyLegalizeAction>>>::operator=(std::vector<std::pair<unsigned short, llvm::LegacyLegalizeActions::LegacyLegalizeAction>, std::allocator<std::pair<unsigned short, llvm::LegacyLegalizeActions::LegacyLegalizeAction>>> const&) (/usr/lib/llvm-20/lib/libLLVM.so.20.1+0x1ae5b0a) (BuildId: b856c61f98abf0989f157f153740fe0fadfbb760)
    #2 0x7ff5c59fed83 in llvm::LegacyLegalizerInfo::LegacyLegalizerInfo() (/usr/lib/llvm-20/lib/libLLVM.so.20.1+0x1ae2d83) (BuildId: b856c61f98abf0989f157f153740fe0fadfbb760)
    #3 0x7ff5c843916f  (/usr/lib/llvm-20/lib/libLLVM.so.20.1+0x451d16f) (BuildId: b856c61f98abf0989f157f153740fe0fadfbb760)
    #4 0x7ff5c84564e6  (/usr/lib/llvm-20/lib/libLLVM.so.20.1+0x453a4e6) (BuildId: b856c61f98abf0989f157f153740fe0fadfbb760)
    #5 0x7ff5c8457105  (/usr/lib/llvm-20/lib/libLLVM.so.20.1+0x453b105) (BuildId: b856c61f98abf0989f157f153740fe0fadfbb760)
    #6 0x7ff5c8457a7a  (/usr/lib/llvm-20/lib/libLLVM.so.20.1+0x453ba7a) (BuildId: b856c61f98abf0989f157f153740fe0fadfbb760)
    #7 0x55ca91648523 in llvm::Target::createTargetMachine(llvm::StringRef, llvm::StringRef, llvm::StringRef, llvm::TargetOptions const&, std::optional<llvm::Reloc::Model>, std::optional<llvm::CodeModel::Model>, llvm::CodeGenOptLevel, bool) const /usr/lib/llvm-20/include/llvm/MC/TargetRegistry.h:462:12
    #8 0x55ca9163a09e in tsc::TargetRegistry::initializeAllTargets() /workspace/src/TargetRegistry.cpp:67:41
    #9 0x55ca9162bdcd in tsc::Compiler::initializeLLVM() /workspace/src/Compiler.cpp:349:14
    #10 0x55ca9162b8b7 in tsc::Compiler::Compiler(tsc::CompilerOptions const&) /workspace/src/Compiler.cpp:24:5
    #11 0x55ca915fd7b5 in main /workspace/src/main.cpp:191:18
    #12 0x7ff5c395a337  (/lib/x86_64-linux-gnu/libc.so.6+0x2a337) (BuildId: 467f544f15035abef911999cbc14489edd0555ab)
    #13 0x7ff5c395a3fa in __libc_start_main (/lib/x86_64-linux-gnu/libc.so.6+0x2a3fa) (BuildId: 467f544f15035abef911999cbc14489edd0555ab)
    #14 0x55ca91511b64 in _start (/workspace/build-asan/tsc+0x74b64) (BuildId: 73a10d7cc646a755f705b0ae57418e68578aec2f)

Indirect leak of 4 byte(s) in 1 object(s) allocated from:
    #0 0x55ca915fa191 in operator new(unsigned long) (/workspace/build-asan/tsc+0x15d191) (BuildId: 73a10d7cc646a755f705b0ae57418e68578aec2f)
    #1 0x7ff5c5a01b0a in std::vector<std::pair<unsigned short, llvm::LegacyLegalizeActions::LegacyLegalizeAction>, std::allocator<std::pair<unsigned short, llvm::LegacyLegalizeActions::LegacyLegalizeAction>>>::operator=(std::vector<std::pair<unsigned short, llvm::LegacyLegalizeActions::LegacyLegalizeAction>, std::allocator<std::pair<unsigned short, llvm::LegacyLegalizeActions::LegacyLegalizeAction>>> const&) (/usr/lib/llvm-20/lib/libLLVM.so.20.1+0x1ae5b0a) (BuildId: b856c61f98abf0989f157f153740fe0fadfbb760)
    #2 0x7ff5c59feeb6 in llvm::LegacyLegalizerInfo::LegacyLegalizerInfo() (/usr/lib/llvm-20/lib/libLLVM.so.20.1+0x1ae2eb6) (BuildId: b856c61f98abf0989f157f153740fe0fadfbb760)
    #3 0x7ff5c843916f  (/usr/lib/llvm-20/lib/libLLVM.so.20.1+0x451d16f) (BuildId: b856c61f98abf0989f157f153740fe0fadfbb760)
    #4 0x7ff5c84564e6  (/usr/lib/llvm-20/lib/libLLVM.so.20.1+0x453a4e6) (BuildId: b856c61f98abf0989f157f153740fe0fadfbb760)
    #5 0x7ff5c8457105  (/usr/lib/llvm-20/lib/libLLVM.so.20.1+0x453b105) (BuildId: b856c61f98abf0989f157f153740fe0fadfbb760)
    #6 0x7ff5c8457a7a  (/usr/lib/llvm-20/lib/libLLVM.so.20.1+0x453ba7a) (BuildId: b856c61f98abf0989f157f153740fe0fadfbb760)
    #7 0x55ca91648523 in llvm::Target::createTargetMachine(llvm::StringRef, llvm::StringRef, llvm::StringRef, llvm::TargetOptions const&, std::optional<llvm::Reloc::Model>, std::optional<llvm::CodeModel::Model>, llvm::CodeGenOptLevel, bool) const /usr/lib/llvm-20/include/llvm/MC/TargetRegistry.h:462:12
    #8 0x55ca9163a09e in tsc::TargetRegistry::initializeAllTargets() /workspace/src/TargetRegistry.cpp:67:41
    #9 0x55ca9162bdcd in tsc::Compiler::initializeLLVM() /workspace/src/Compiler.cpp:349:14
    #10 0x55ca9162b8b7 in tsc::Compiler::Compiler(tsc::CompilerOptions const&) /workspace/src/Compiler.cpp:24:5
    #11 0x55ca915fd7b5 in main /workspace/src/main.cpp:191:18
    #12 0x7ff5c395a337  (/lib/x86_64-linux-gnu/libc.so.6+0x2a337) (BuildId: 467f544f15035abef911999cbc14489edd0555ab)
    #13 0x7ff5c395a3fa in __libc_start_main (/lib/x86_64-linux-gnu/libc.so.6+0x2a3fa) (BuildId: 467f544f15035abef911999cbc14489edd0555ab)
    #14 0x55ca91511b64 in _start (/workspace/build-asan/tsc+0x74b64) (BuildId: 73a10d7cc646a755f705b0ae57418e68578aec2f)

Indirect leak of 4 byte(s) in 1 object(s) allocated from:
    #0 0x55ca915fa191 in operator new(unsigned long) (/workspace/build-asan/tsc+0x15d191) (BuildId: 73a10d7cc646a755f705b0ae57418e68578aec2f)
    #1 0x7ff5c5a01b0a in std::vector<std::pair<unsigned short, llvm::LegacyLegalizeActions::LegacyLegalizeAction>, std::allocator<std::pair<unsigned short, llvm::LegacyLegalizeActions::LegacyLegalizeAction>>>::operator=(std::vector<std::pair<unsigned short, llvm::LegacyLegalizeActions::LegacyLegalizeAction>, std::allocator<std::pair<unsigned short, llvm::LegacyLegalizeActions::LegacyLegalizeAction>>> const&) (/usr/lib/llvm-20/lib/libLLVM.so.20.1+0x1ae5b0a) (BuildId: b856c61f98abf0989f157f153740fe0fadfbb760)
    #2 0x7ff5c59fee69 in llvm::LegacyLegalizerInfo::LegacyLegalizerInfo() (/usr/lib/llvm-20/lib/libLLVM.so.20.1+0x1ae2e69) (BuildId: b856c61f98abf0989f157f153740fe0fadfbb760)
    #3 0x7ff5c843916f  (/usr/lib/llvm-20/lib/libLLVM.so.20.1+0x451d16f) (BuildId: b856c61f98abf0989f157f153740fe0fadfbb760)
    #4 0x7ff5c84564e6  (/usr/lib/llvm-20/lib/libLLVM.so.20.1+0x453a4e6) (BuildId: b856c61f98abf0989f157f153740fe0fadfbb760)
    #5 0x7ff5c8457105  (/usr/lib/llvm-20/lib/libLLVM.so.20.1+0x453b105) (BuildId: b856c61f98abf0989f157f153740fe0fadfbb760)
    #6 0x7ff5c8457a7a  (/usr/lib/llvm-20/lib/libLLVM.so.20.1+0x453ba7a) (BuildId: b856c61f98abf0989f157f153740fe0fadfbb760)
    #7 0x55ca91648523 in llvm::Target::createTargetMachine(llvm::StringRef, llvm::StringRef, llvm::StringRef, llvm::TargetOptions const&, std::optional<llvm::Reloc::Model>, std::optional<llvm::CodeModel::Model>, llvm::CodeGenOptLevel, bool) const /usr/lib/llvm-20/include/llvm/MC/TargetRegistry.h:462:12
    #8 0x55ca9163a09e in tsc::TargetRegistry::initializeAllTargets() /workspace/src/TargetRegistry.cpp:67:41
    #9 0x55ca9162bdcd in tsc::Compiler::initializeLLVM() /workspace/src/Compiler.cpp:349:14
    #10 0x55ca9162b8b7 in tsc::Compiler::Compiler(tsc::CompilerOptions const&) /workspace/src/Compiler.cpp:24:5
    #11 0x55ca915fd7b5 in main /workspace/src/main.cpp:191:18
    #12 0x7ff5c395a337  (/lib/x86_64-linux-gnu/libc.so.6+0x2a337) (BuildId: 467f544f15035abef911999cbc14489edd0555ab)
    #13 0x7ff5c395a3fa in __libc_start_main (/lib/x86_64-linux-gnu/libc.so.6+0x2a3fa) (BuildId: 467f544f15035abef911999cbc14489edd0555ab)
    #14 0x55ca91511b64 in _start (/workspace/build-asan/tsc+0x74b64) (BuildId: 73a10d7cc646a755f705b0ae57418e68578aec2f)

Indirect leak of 4 byte(s) in 1 object(s) allocated from:
    #0 0x55ca915fa191 in operator new(unsigned long) (/workspace/build-asan/tsc+0x15d191) (BuildId: 73a10d7cc646a755f705b0ae57418e68578aec2f)
    #1 0x7ff5c5a01b0a in std::vector<std::pair<unsigned short, llvm::LegacyLegalizeActions::LegacyLegalizeAction>, std::allocator<std::pair<unsigned short, llvm::LegacyLegalizeActions::LegacyLegalizeAction>>>::operator=(std::vector<std::pair<unsigned short, llvm::LegacyLegalizeActions::LegacyLegalizeAction>, std::allocator<std::pair<unsigned short, llvm::LegacyLegalizeActions::LegacyLegalizeAction>>> const&) (/usr/lib/llvm-20/lib/libLLVM.so.20.1+0x1ae5b0a) (BuildId: b856c61f98abf0989f157f153740fe0fadfbb760)
    #2 0x7ff5c59fed33 in llvm::LegacyLegalizerInfo::LegacyLegalizerInfo() (/usr/lib/llvm-20/lib/libLLVM.so.20.1+0x1ae2d33) (BuildId: b856c61f98abf0989f157f153740fe0fadfbb760)
    #3 0x7ff5c843916f  (/usr/lib/llvm-20/lib/libLLVM.so.20.1+0x451d16f) (BuildId: b856c61f98abf0989f157f153740fe0fadfbb760)
    #4 0x7ff5c84564e6  (/usr/lib/llvm-20/lib/libLLVM.so.20.1+0x453a4e6) (BuildId: b856c61f98abf0989f157f153740fe0fadfbb760)
    #5 0x7ff5c8457105  (/usr/lib/llvm-20/lib/libLLVM.so.20.1+0x453b105) (BuildId: b856c61f98abf0989f157f153740fe0fadfbb760)
    #6 0x7ff5c8457a7a  (/usr/lib/llvm-20/lib/libLLVM.so.20.1+0x453ba7a) (BuildId: b856c61f98abf0989f157f153740fe0fadfbb760)
    #7 0x55ca91648523 in llvm::Target::createTargetMachine(llvm::StringRef, llvm::StringRef, llvm::StringRef, llvm::TargetOptions const&, std::optional<llvm::Reloc::Model>, std::optional<llvm::CodeModel::Model>, llvm::CodeGenOptLevel, bool) const /usr/lib/llvm-20/include/llvm/MC/TargetRegistry.h:462:12
    #8 0x55ca9163a09e in tsc::TargetRegistry::initializeAllTargets() /workspace/src/TargetRegistry.cpp:67:41
    #9 0x55ca9162bdcd in tsc::Compiler::initializeLLVM() /workspace/src/Compiler.cpp:349:14
    #10 0x55ca9162b8b7 in tsc::Compiler::Compiler(tsc::CompilerOptions const&) /workspace/src/Compiler.cpp:24:5
    #11 0x55ca915fd7b5 in main /workspace/src/main.cpp:191:18
    #12 0x7ff5c395a337  (/lib/x86_64-linux-gnu/libc.so.6+0x2a337) (BuildId: 467f544f15035abef911999cbc14489edd0555ab)
    #13 0x7ff5c395a3fa in __libc_start_main (/lib/x86_64-linux-gnu/libc.so.6+0x2a3fa) (BuildId: 467f544f15035abef911999cbc14489edd0555ab)
    #14 0x55ca91511b64 in _start (/workspace/build-asan/tsc+0x74b64) (BuildId: 73a10d7cc646a755f705b0ae57418e68578aec2f)

Indirect leak of 4 byte(s) in 1 object(s) allocated from:
    #0 0x55ca915fa191 in operator new(unsigned long) (/workspace/build-asan/tsc+0x15d191) (BuildId: 73a10d7cc646a755f705b0ae57418e68578aec2f)
    #1 0x7ff5c5a01b0a in std::vector<std::pair<unsigned short, llvm::LegacyLegalizeActions::LegacyLegalizeAction>, std::allocator<std::pair<unsigned short, llvm::LegacyLegalizeActions::LegacyLegalizeAction>>>::operator=(std::vector<std::pair<unsigned short, llvm::LegacyLegalizeActions::LegacyLegalizeAction>, std::allocator<std::pair<unsigned short, llvm::LegacyLegalizeActions::LegacyLegalizeAction>>> const&) (/usr/lib/llvm-20/lib/libLLVM.so.20.1+0x1ae5b0a) (BuildId: b856c61f98abf0989f157f153740fe0fadfbb760)
    #2 0x7ff5c59fec93 in llvm::LegacyLegalizerInfo::LegacyLegalizerInfo() (/usr/lib/llvm-20/lib/libLLVM.so.20.1+0x1ae2c93) (BuildId: b856c61f98abf0989f157f153740fe0fadfbb760)
    #3 0x7ff5c843916f  (/usr/lib/llvm-20/lib/libLLVM.so.20.1+0x451d16f) (BuildId: b856c61f98abf0989f157f153740fe0fadfbb760)
    #4 0x7ff5c84564e6  (/usr/lib/llvm-20/lib/libLLVM.so.20.1+0x453a4e6) (BuildId: b856c61f98abf0989f157f153740fe0fadfbb760)
    #5 0x7ff5c8457105  (/usr/lib/llvm-20/lib/libLLVM.so.20.1+0x453b105) (BuildId: b856c61f98abf0989f157f153740fe0fadfbb760)
    #6 0x7ff5c8457a7a  (/usr/lib/llvm-20/lib/libLLVM.so.20.1+0x453ba7a) (BuildId: b856c61f98abf0989f157f153740fe0fadfbb760)
    #7 0x55ca91648523 in llvm::Target::createTargetMachine(llvm::StringRef, llvm::StringRef, llvm::StringRef, llvm::TargetOptions const&, std::optional<llvm::Reloc::Model>, std::optional<llvm::CodeModel::Model>, llvm::CodeGenOptLevel, bool) const /usr/lib/llvm-20/include/llvm/MC/TargetRegistry.h:462:12
    #8 0x55ca9163a09e in tsc::TargetRegistry::initializeAllTargets() /workspace/src/TargetRegistry.cpp:67:41
    #9 0x55ca9162bdcd in tsc::Compiler::initializeLLVM() /workspace/src/Compiler.cpp:349:14
    #10 0x55ca9162b8b7 in tsc::Compiler::Compiler(tsc::CompilerOptions const&) /workspace/src/Compiler.cpp:24:5
    #11 0x55ca915fd7b5 in main /workspace/src/main.cpp:191:18
    #12 0x7ff5c395a337  (/lib/x86_64-linux-gnu/libc.so.6+0x2a337) (BuildId: 467f544f15035abef911999cbc14489edd0555ab)
    #13 0x7ff5c395a3fa in __libc_start_main (/lib/x86_64-linux-gnu/libc.so.6+0x2a3fa) (BuildId: 467f544f15035abef911999cbc14489edd0555ab)
    #14 0x55ca91511b64 in _start (/workspace/build-asan/tsc+0x74b64) (BuildId: 73a10d7cc646a755f705b0ae57418e68578aec2f)

SUMMARY: AddressSanitizer: 14928920 byte(s) leaked in 2705 allocation(s).
